  engine: PostgreSQL 17.11 (Debian 17.11-1.pgdg13+2) on x86_64-pc-linux-gnu, compiled by gcc (Debian 14.2.0-19) 14.2.0, 64-bit
  database clock minus client clock: 0.001 ms
  dataset: 5 venues, 658 events, 56103 tickets and 2217 holds at load
  loading e0_app_clock_expiry ...
  loaded in 1.2s (copy 1.0s, index 0.1s)
  verifying answers against ground truth ...
    65/65 checks passed (margin 600s); audit on load: consistent (658 events, 56103 tickets; rejections late=0 boundary=0)
  capturing plans ...
  read benchmark:
    q01_section_map@10                    21303.7 ops/s  p50=  0.162ms p99=   0.599ms  errors=0
    q02_event_sections@10                 22155.6 ops/s  p50=  0.157ms p99=   0.562ms  errors=0
    q03_event_available@10                22281.3 ops/s  p50=  0.157ms p99=   0.547ms  errors=0
    q01_section_map@100                   28826.9 ops/s  p50=  0.145ms p99=   0.476ms  errors=0
    q02_event_sections@100                18968.7 ops/s  p50=  0.175ms p99=   0.647ms  errors=0
    q03_event_available@100               19470.7 ops/s  p50=  0.173ms p99=   0.633ms  errors=0
    q01_section_map@1000                  22150.4 ops/s  p50=  0.162ms p99=   0.534ms  errors=0
    q02_event_sections@1000                9620.2 ops/s  p50=  0.274ms p99=   1.268ms  errors=0
    q03_event_available@1000              10076.5 ops/s  p50=  0.262ms p99=   1.065ms  errors=0
    q01_section_map@10000                 16706.5 ops/s  p50=  0.193ms p99=   0.678ms  errors=0
    q02_event_sections@10000               1635.5 ops/s  p50=  1.203ms p99=  77.283ms  errors=0
    q03_event_available@10000              1781.6 ops/s  p50=  1.109ms p99=  76.671ms  errors=0
    q01_section_map@100000                10232.6 ops/s  p50=  0.280ms p99=   1.136ms  errors=0
    q02_event_sections@100000               172.6 ops/s  p50= 13.715ms p99=  95.212ms  errors=0
    q03_event_available@100000              194.5 ops/s  p50= 11.274ms p99=  92.059ms  errors=0
    q04_hold_seats                        17275.2 ops/s  p50=  0.185ms p99=   0.715ms  errors=0
    q05_customer_tickets                  36584.6 ops/s  p50=  0.123ms p99=   0.459ms  errors=0
    q06_ticket_by_id                      41088.5 ops/s  p50=  0.121ms p99=   0.421ms  errors=0
    r01_holds_expiring_soon               14743.8 ops/s  p50=  0.199ms p99=   0.795ms  errors=0
    r02_seat_status_lookup                41895.3 ops/s  p50=  0.118ms p99=   0.377ms  errors=0
    r03_section_sales_window@trailing     16452.9 ops/s  p50=  0.189ms p99=   1.240ms  errors=0
    r03_section_sales_window@historical    14705.1 ops/s  p50=  0.213ms p99=   2.332ms  errors=0
    r04_event_recent_confirmations        13851.2 ops/s  p50=  0.215ms p99=   3.079ms  errors=0
    r05_customers_last_purchase_window@trailing      242.0 ops/s  p50=  8.958ms p99=  90.315ms  errors=0
    r05_customers_last_purchase_window@historical      244.5 ops/s  p50=  8.753ms p99=  90.801ms  errors=0
  wrote /results/e0_app_clock_expiry.json
