  engine: PostgreSQL 17.11 (Debian 17.11-1.pgdg13+2) on x86_64-pc-linux-gnu, compiled by gcc (Debian 14.2.0-19) 14.2.0, 64-bit
  database clock minus client clock: 0.000 ms
  dataset: 5 venues, 658 events, 56103 tickets and 2217 holds at load
  loading e1_sweeper_expiry ...
  loaded in 1.2s (copy 1.0s, index 0.1s)
  verifying answers against ground truth ...
    65/65 checks passed (margin 600s); audit on load: consistent (658 events, 56103 tickets; rejections late=0 boundary=0)
  capturing plans ...
  read benchmark:
    q01_section_map@10                    22344.1 ops/s  p50=  0.154ms p99=   0.548ms  errors=0
    q02_event_sections@10                 23465.9 ops/s  p50=  0.150ms p99=   0.523ms  errors=0
    q03_event_available@10                24679.3 ops/s  p50=  0.147ms p99=   0.488ms  errors=0
    q01_section_map@100                   30207.7 ops/s  p50=  0.137ms p99=   0.422ms  errors=0
    q02_event_sections@100                20533.4 ops/s  p50=  0.163ms p99=   0.570ms  errors=0
    q03_event_available@100               21683.5 ops/s  p50=  0.157ms p99=   0.571ms  errors=0
    q01_section_map@1000                  22152.5 ops/s  p50=  0.160ms p99=   0.522ms  errors=0
    q02_event_sections@1000               10144.1 ops/s  p50=  0.260ms p99=   1.126ms  errors=0
    q03_event_available@1000              11251.5 ops/s  p50=  0.243ms p99=   0.941ms  errors=0
    q01_section_map@10000                 16656.6 ops/s  p50=  0.191ms p99=   0.653ms  errors=0
    q02_event_sections@10000               1516.3 ops/s  p50=  1.288ms p99=  77.414ms  errors=0
    q03_event_available@10000              2074.8 ops/s  p50=  0.967ms p99=  75.798ms  errors=0
    q01_section_map@100000                 9987.1 ops/s  p50=  0.286ms p99=   1.335ms  errors=0
    q02_event_sections@100000               188.9 ops/s  p50= 11.532ms p99=  92.483ms  errors=0
    q03_event_available@100000              210.6 ops/s  p50=  9.715ms p99=  91.263ms  errors=0
    q04_hold_seats                         9338.7 ops/s  p50=  0.281ms p99=   1.650ms  errors=0
    q05_customer_tickets                  39259.5 ops/s  p50=  0.115ms p99=   0.482ms  errors=0
    q06_ticket_by_id                      39799.0 ops/s  p50=  0.123ms p99=   0.452ms  errors=0
    r01_holds_expiring_soon               17902.6 ops/s  p50=  0.181ms p99=   0.733ms  errors=0
    r02_seat_status_lookup                39025.9 ops/s  p50=  0.125ms p99=   0.455ms  errors=0
    r03_section_sales_window@trailing     19153.3 ops/s  p50=  0.166ms p99=   0.854ms  errors=0
    r03_section_sales_window@historical    15196.5 ops/s  p50=  0.200ms p99=   2.198ms  errors=0
    r04_event_recent_confirmations        20660.7 ops/s  p50=  0.148ms p99=   0.825ms  errors=0
    r05_customers_last_purchase_window@trailing      255.2 ops/s  p50=  8.554ms p99=  89.491ms  errors=0
    r05_customers_last_purchase_window@historical      261.9 ops/s  p50=  8.207ms p99=  89.323ms  errors=0
  wrote /results/e1_sweeper_expiry.json
