  engine: PostgreSQL 17.11 (Debian 17.11-1.pgdg13+2) on x86_64-pc-linux-gnu, compiled by gcc (Debian 14.2.0-19) 14.2.0, 64-bit
  database clock minus client clock: 0.000 ms
  dataset: 5 venues, 658 events, 56103 tickets and 2217 holds at load
  loading e2_cart_expiry ...
  loaded in 1.3s (copy 1.1s, index 0.1s)
  verifying answers against ground truth ...
    65/65 checks passed (margin 600s); audit on load: consistent (658 events, 56103 tickets; rejections late=0 boundary=0)
  capturing plans ...
  read benchmark:
    q01_section_map@10                    37828.9 ops/s  p50=  0.117ms p99=   0.396ms  errors=0
    q02_event_sections@10                 12035.1 ops/s  p50=  0.234ms p99=   0.936ms  errors=0
    q03_event_available@10                11317.3 ops/s  p50=  0.243ms p99=   0.991ms  errors=0
    q01_section_map@100                   25504.6 ops/s  p50=  0.147ms p99=   0.484ms  errors=0
    q02_event_sections@100                 8809.3 ops/s  p50=  0.293ms p99=   1.514ms  errors=0
    q03_event_available@100                9058.3 ops/s  p50=  0.284ms p99=   1.413ms  errors=0
    q01_section_map@1000                  18015.9 ops/s  p50=  0.178ms p99=   0.592ms  errors=0
    q02_event_sections@1000                3535.1 ops/s  p50=  0.607ms p99=  71.307ms  errors=0
    q03_event_available@1000               3785.0 ops/s  p50=  0.570ms p99=  70.409ms  errors=0
    q01_section_map@10000                 12672.2 ops/s  p50=  0.227ms p99=   0.860ms  errors=0
    q02_event_sections@10000                949.4 ops/s  p50=  2.062ms p99=  80.151ms  errors=0
    q03_event_available@10000              1121.4 ops/s  p50=  1.727ms p99=  79.266ms  errors=0
    q01_section_map@100000                 6943.4 ops/s  p50=  0.379ms p99=  61.060ms  errors=0
    q02_event_sections@100000                83.2 ops/s  p50= 98.333ms p99= 187.669ms  errors=0
    q03_event_available@100000              150.9 ops/s  p50= 84.299ms p99=  95.798ms  errors=0
    q04_hold_seats                        35900.8 ops/s  p50=  0.123ms p99=   0.387ms  errors=0
    q05_customer_tickets                  37561.5 ops/s  p50=  0.123ms p99=   0.422ms  errors=0
    q06_ticket_by_id                      42846.9 ops/s  p50=  0.116ms p99=   0.361ms  errors=0
    r01_holds_expiring_soon               10301.2 ops/s  p50=  0.257ms p99=   1.687ms  errors=0
    r02_seat_status_lookup                37603.7 ops/s  p50=  0.122ms p99=   0.390ms  errors=0
    r03_section_sales_window@trailing     19447.0 ops/s  p50=  0.161ms p99=   0.777ms  errors=0
    r03_section_sales_window@historical    19369.9 ops/s  p50=  0.158ms p99=   0.736ms  errors=0
    r04_event_recent_confirmations        20840.9 ops/s  p50=  0.151ms p99=   0.775ms  errors=0
    r05_customers_last_purchase_window@trailing      266.9 ops/s  p50=  7.888ms p99=  88.472ms  errors=0
    r05_customers_last_purchase_window@historical      262.2 ops/s  p50=  7.856ms p99=  89.238ms  errors=0
  wrote /results/e2_cart_expiry.json
