  engine: PostgreSQL 17.11 (Debian 17.11-1.pgdg13+2) on x86_64-pc-linux-gnu, compiled by gcc (Debian 14.2.0-19) 14.2.0, 64-bit
  database clock minus client clock: 0.000 ms
  dataset: 5 venues, 658 events, 56103 tickets and 2217 holds at load
  loading k0_naive_confirm ...
  loaded in 1.4s (copy 1.1s, index 0.2s)
  verifying answers against ground truth ...
    65/65 checks passed (margin 600s); audit on load: consistent (658 events, 56103 tickets; rejections late=0 boundary=0)
  capturing plans ...
  read benchmark:
    q01_section_map@10                    20029.9 ops/s  p50=  0.182ms p99=   0.747ms  errors=0
    q02_event_sections@10                 20558.6 ops/s  p50=  0.180ms p99=   0.715ms  errors=0
    q03_event_available@10                21067.1 ops/s  p50=  0.172ms p99=   0.696ms  errors=0
    q01_section_map@100                   26442.6 ops/s  p50=  0.165ms p99=   0.666ms  errors=0
    q02_event_sections@100                18312.8 ops/s  p50=  0.187ms p99=   0.800ms  errors=0
    q03_event_available@100               18629.1 ops/s  p50=  0.190ms p99=   0.892ms  errors=0
    q01_section_map@1000                  21279.0 ops/s  p50=  0.174ms p99=   0.600ms  errors=0
    q02_event_sections@1000                9371.1 ops/s  p50=  0.283ms p99=   1.311ms  errors=0
    q03_event_available@1000               9848.2 ops/s  p50=  0.275ms p99=   1.328ms  errors=0
    q01_section_map@10000                 14633.0 ops/s  p50=  0.232ms p99=   1.223ms  errors=0
    q02_event_sections@10000               1506.9 ops/s  p50=  1.219ms p99=  76.559ms  errors=0
    q03_event_available@10000              1684.5 ops/s  p50=  1.176ms p99=  75.420ms  errors=0
    q01_section_map@100000                 9716.2 ops/s  p50=  0.300ms p99=   1.489ms  errors=0
    q02_event_sections@100000               143.5 ops/s  p50= 83.164ms p99= 176.645ms  errors=0
    q03_event_available@100000              151.3 ops/s  p50= 81.893ms p99= 102.580ms  errors=0
    q04_hold_seats                         8116.5 ops/s  p50=  0.353ms p99=   4.132ms  errors=0
    q05_customer_tickets                  37203.0 ops/s  p50=  0.126ms p99=   0.497ms  errors=0
    q06_ticket_by_id                      39777.3 ops/s  p50=  0.120ms p99=   0.526ms  errors=0
    r01_holds_expiring_soon               14779.7 ops/s  p50=  0.200ms p99=   0.795ms  errors=0
    r02_seat_status_lookup                41076.4 ops/s  p50=  0.120ms p99=   0.410ms  errors=0
    r03_section_sales_window@trailing     19448.6 ops/s  p50=  0.167ms p99=   1.353ms  errors=0
    r03_section_sales_window@historical    19473.1 ops/s  p50=  0.159ms p99=   0.829ms  errors=0
    r04_event_recent_confirmations        20951.4 ops/s  p50=  0.147ms p99=   0.784ms  errors=0
    r05_customers_last_purchase_window@trailing      262.9 ops/s  p50=  8.112ms p99=  89.299ms  errors=0
    r05_customers_last_purchase_window@historical      260.3 ops/s  p50=  7.857ms p99=  89.095ms  errors=0
  wrote /results/k0_naive_confirm.json
