  engine: PostgreSQL 17.11 (Debian 17.11-1.pgdg13+2) on x86_64-pc-linux-gnu, compiled by gcc (Debian 14.2.0-19) 14.2.0, 64-bit
  database clock minus client clock: 0.002 ms
  dataset: 5 venues, 658 events, 56103 tickets and 2217 holds at load
  loading k1_payment_window ...
  loaded in 1.3s (copy 1.1s, index 0.1s)
  verifying answers against ground truth ...
    65/65 checks passed (margin 600s); audit on load: consistent (658 events, 56103 tickets; rejections late=0 boundary=0)
  capturing plans ...
  read benchmark:
    q01_section_map@10                    16774.0 ops/s  p50=  0.196ms p99=   1.148ms  errors=0
    q02_event_sections@10                 15639.9 ops/s  p50=  0.214ms p99=   1.494ms  errors=0
    q03_event_available@10                17890.5 ops/s  p50=  0.191ms p99=   0.902ms  errors=0
    q01_section_map@100                   22301.9 ops/s  p50=  0.172ms p99=   1.374ms  errors=0
    q02_event_sections@100                14102.6 ops/s  p50=  0.232ms p99=   1.609ms  errors=0
    q03_event_available@100               14533.7 ops/s  p50=  0.227ms p99=   1.707ms  errors=0
    q01_section_map@1000                  18032.8 ops/s  p50=  0.194ms p99=   0.999ms  errors=0
    q02_event_sections@1000                5786.0 ops/s  p50=  0.415ms p99=  56.305ms  errors=0
    q03_event_available@1000               8428.1 ops/s  p50=  0.318ms p99=   3.144ms  errors=0
    q01_section_map@10000                 12151.5 ops/s  p50=  0.258ms p99=   1.950ms  errors=0
    q02_event_sections@10000               1244.1 ops/s  p50=  1.540ms p99=  77.555ms  errors=0
    q03_event_available@10000              1253.4 ops/s  p50=  1.397ms p99=  76.638ms  errors=0
    q01_section_map@100000                 3898.0 ops/s  p50=  0.466ms p99=  51.448ms  errors=0
    q02_event_sections@100000               125.0 ops/s  p50= 87.493ms p99= 103.806ms  errors=0
    q03_event_available@100000              152.2 ops/s  p50= 82.746ms p99=  98.564ms  errors=0
    q04_hold_seats                         7132.1 ops/s  p50=  0.371ms p99=  59.287ms  errors=0
    q05_customer_tickets                  22974.6 ops/s  p50=  0.170ms p99=   1.938ms  errors=0
    q06_ticket_by_id                      28474.4 ops/s  p50=  0.153ms p99=   1.836ms  errors=0
    r01_holds_expiring_soon                8886.5 ops/s  p50=  0.307ms p99=   5.448ms  errors=0
    r02_seat_status_lookup                30297.8 ops/s  p50=  0.144ms p99=   1.102ms  errors=0
    r03_section_sales_window@trailing     15680.8 ops/s  p50=  0.196ms p99=   1.786ms  errors=0
    r03_section_sales_window@historical    13914.0 ops/s  p50=  0.212ms p99=   2.696ms  errors=0
    r04_event_recent_confirmations        14745.8 ops/s  p50=  0.199ms p99=   1.930ms  errors=0
    r05_customers_last_purchase_window@trailing      196.4 ops/s  p50= 12.224ms p99=  97.604ms  errors=0
    r05_customers_last_purchase_window@historical      218.9 ops/s  p50= 10.694ms p99=  93.750ms  errors=0
  wrote /results/k1_payment_window.json
