  engine: PostgreSQL 17.11 (Debian 17.11-1.pgdg13+2) on x86_64-pc-linux-gnu, compiled by gcc (Debian 14.2.0-19) 14.2.0, 64-bit
  database clock minus client clock: 0.000 ms
  dataset: 5 venues, 658 events, 56103 tickets and 2217 holds at load
  loading l1_claim_rows ...
  loaded in 0.8s (copy 0.6s, index 0.0s)
  verifying answers against ground truth ...
    65/65 checks passed (margin 600s); audit on load: consistent (658 events, 56103 tickets; rejections late=0 boundary=0)
  capturing plans ...
  read benchmark:
    q01_section_map@10                    41345.0 ops/s  p50=  0.113ms p99=   0.403ms  errors=0
    q02_event_sections@10                  9577.9 ops/s  p50=  0.279ms p99=   1.309ms  errors=0
    q03_event_available@10                14166.3 ops/s  p50=  0.207ms p99=   0.817ms  errors=0
    q01_section_map@100                   32875.3 ops/s  p50=  0.134ms p99=   0.439ms  errors=0
    q02_event_sections@100                 9240.3 ops/s  p50=  0.285ms p99=   1.493ms  errors=0
    q03_event_available@100               13627.6 ops/s  p50=  0.215ms p99=   0.845ms  errors=0
    q01_section_map@1000                  24180.1 ops/s  p50=  0.155ms p99=   0.553ms  errors=0
    q02_event_sections@1000                6266.4 ops/s  p50=  0.392ms p99=  61.539ms  errors=0
    q03_event_available@1000               8113.3 ops/s  p50=  0.369ms p99=   4.156ms  errors=0
    q01_section_map@10000                 17944.2 ops/s  p50=  0.185ms p99=   0.801ms  errors=0
    q02_event_sections@10000               2115.0 ops/s  p50=  0.875ms p99=  75.351ms  errors=0
    q03_event_available@10000              2391.2 ops/s  p50=  0.791ms p99=  74.973ms  errors=0
    q01_section_map@100000                 9411.8 ops/s  p50=  0.281ms p99=   1.633ms  errors=0
    q02_event_sections@100000               165.8 ops/s  p50= 16.793ms p99=  98.529ms  errors=0
    q03_event_available@100000              179.3 ops/s  p50= 12.616ms p99=  96.388ms  errors=0
    q04_hold_seats                        28517.2 ops/s  p50=  0.128ms p99=   0.521ms  errors=0
    q05_customer_tickets                  39435.7 ops/s  p50=  0.115ms p99=   0.409ms  errors=0
    q06_ticket_by_id                      42600.9 ops/s  p50=  0.116ms p99=   0.378ms  errors=0
    r01_holds_expiring_soon               19695.8 ops/s  p50=  0.167ms p99=   0.612ms  errors=0
    r02_seat_status_lookup                42281.2 ops/s  p50=  0.116ms p99=   0.360ms  errors=0
    r03_section_sales_window@trailing     18729.8 ops/s  p50=  0.167ms p99=   0.752ms  errors=0
    r03_section_sales_window@historical    17770.7 ops/s  p50=  0.179ms p99=   1.300ms  errors=0
    r04_event_recent_confirmations        17908.3 ops/s  p50=  0.202ms p99=   1.591ms  errors=0
    r05_customers_last_purchase_window@trailing      226.5 ops/s  p50=  9.930ms p99=  96.064ms  errors=0
    r05_customers_last_purchase_window@historical      220.6 ops/s  p50=  9.860ms p99=  95.149ms  errors=0
  wrote /results/l1_claim_rows.json
