  engine: PostgreSQL 17.11 (Debian 17.11-1.pgdg13+2) on x86_64-pc-linux-gnu, compiled by gcc (Debian 14.2.0-19) 14.2.0, 64-bit
  database clock minus client clock: 0.001 ms
  dataset: 5 venues, 658 events, 56103 tickets and 2217 holds at load
  loading l2_section_document ...
  loaded in 0.6s (copy 0.5s, index 0.0s)
  verifying answers against ground truth ...
    65/65 checks passed (margin 600s); audit on load: consistent (658 events, 56103 tickets; rejections late=0 boundary=0)
  capturing plans ...
  read benchmark:
    q01_section_map@10                    34826.4 ops/s  p50=  0.122ms p99=   0.404ms  errors=0
    q02_event_sections@10                 32283.0 ops/s  p50=  0.133ms p99=   0.438ms  errors=0
    q03_event_available@10                31544.7 ops/s  p50=  0.134ms p99=   0.416ms  errors=0
    q01_section_map@100                   25048.5 ops/s  p50=  0.149ms p99=   0.489ms  errors=0
    q02_event_sections@100                28430.8 ops/s  p50=  0.138ms p99=   0.438ms  errors=0
    q03_event_available@100               26991.1 ops/s  p50=  0.142ms p99=   0.463ms  errors=0
    q01_section_map@1000                  16348.9 ops/s  p50=  0.200ms p99=   0.891ms  errors=0
    q02_event_sections@1000               10327.8 ops/s  p50=  0.294ms p99=   2.146ms  errors=0
    q03_event_available@1000               7851.7 ops/s  p50=  0.339ms p99=  42.953ms  errors=0
    q01_section_map@10000                 10406.8 ops/s  p50=  0.329ms p99=   2.646ms  errors=0
    q02_event_sections@10000               1843.4 ops/s  p50=  0.993ms p99=  75.113ms  errors=0
    q03_event_available@10000              2180.1 ops/s  p50=  0.898ms p99=  75.210ms  errors=0
    q01_section_map@100000                 7202.8 ops/s  p50=  0.343ms p99=  61.906ms  errors=0
    q02_event_sections@100000               205.1 ops/s  p50= 10.450ms p99=  90.896ms  errors=0
    q03_event_available@100000              206.9 ops/s  p50= 10.118ms p99=  91.712ms  errors=0
    q04_hold_seats                        20461.1 ops/s  p50=  0.166ms p99=   0.568ms  errors=0
    q05_customer_tickets                  33602.6 ops/s  p50=  0.137ms p99=   0.490ms  errors=0
    q06_ticket_by_id                      38266.6 ops/s  p50=  0.131ms p99=   0.422ms  errors=0
    r01_holds_expiring_soon               19997.7 ops/s  p50=  0.146ms p99=   1.070ms  errors=0
    r02_seat_status_lookup                26393.4 ops/s  p50=  0.151ms p99=   0.559ms  errors=0
    r03_section_sales_window@trailing     16922.3 ops/s  p50=  0.185ms p99=   0.899ms  errors=0
    r03_section_sales_window@historical    16351.2 ops/s  p50=  0.186ms p99=   1.031ms  errors=0
    r04_event_recent_confirmations        17805.0 ops/s  p50=  0.173ms p99=   0.993ms  errors=0
    r05_customers_last_purchase_window@trailing      250.1 ops/s  p50=  8.299ms p99=  91.081ms  errors=0
    r05_customers_last_purchase_window@historical      252.8 ops/s  p50=  8.188ms p99=  90.609ms  errors=0
  wrote /results/l2_section_document.json
