  engine: PostgreSQL 17.11 (Debian 17.11-1.pgdg13+2) on x86_64-pc-linux-gnu, compiled by gcc (Debian 14.2.0-19) 14.2.0, 64-bit
  database clock minus client clock: 0.000 ms
  dataset: 5 venues, 658 events, 56103 tickets and 2217 holds at load
  loading s0_check_then_hold_rc ...
  loaded in 1.4s (copy 1.1s, index 0.2s)
  verifying answers against ground truth ...
    65/65 checks passed (margin 600s); audit on load: consistent (658 events, 56103 tickets; rejections late=0 boundary=0)
  capturing plans ...
  read benchmark:
    q01_section_map@10                    21655.1 ops/s  p50=  0.159ms p99=   0.567ms  errors=0
    q02_event_sections@10                 22406.5 ops/s  p50=  0.156ms p99=   0.534ms  errors=0
    q03_event_available@10                22039.0 ops/s  p50=  0.158ms p99=   0.572ms  errors=0
    q01_section_map@100                   31162.7 ops/s  p50=  0.132ms p99=   0.442ms  errors=0
    q02_event_sections@100                19310.2 ops/s  p50=  0.170ms p99=   0.601ms  errors=0
    q03_event_available@100               19733.7 ops/s  p50=  0.168ms p99=   0.604ms  errors=0
    q01_section_map@1000                  22712.3 ops/s  p50=  0.159ms p99=   0.505ms  errors=0
    q02_event_sections@1000                9332.7 ops/s  p50=  0.284ms p99=   1.302ms  errors=0
    q03_event_available@1000              10022.7 ops/s  p50=  0.267ms p99=   1.105ms  errors=0
    q01_section_map@10000                 16594.3 ops/s  p50=  0.194ms p99=   0.675ms  errors=0
    q02_event_sections@10000               1542.9 ops/s  p50=  1.286ms p99=  77.216ms  errors=0
    q03_event_available@10000              1702.2 ops/s  p50=  1.170ms p99=  76.899ms  errors=0
    q01_section_map@100000                 9874.2 ops/s  p50=  0.290ms p99=   1.193ms  errors=0
    q02_event_sections@100000               171.7 ops/s  p50= 13.520ms p99=  93.829ms  errors=0
    q03_event_available@100000              191.3 ops/s  p50= 11.181ms p99=  92.540ms  errors=0
    q04_hold_seats                         9210.5 ops/s  p50=  0.280ms p99=   1.259ms  errors=0
    q05_customer_tickets                  38534.0 ops/s  p50=  0.124ms p99=   0.488ms  errors=0
    q06_ticket_by_id                      38602.5 ops/s  p50=  0.128ms p99=   0.486ms  errors=0
    r01_holds_expiring_soon               14047.0 ops/s  p50=  0.211ms p99=   0.863ms  errors=0
    r02_seat_status_lookup                38360.3 ops/s  p50=  0.128ms p99=   0.469ms  errors=0
    r03_section_sales_window@trailing     19960.1 ops/s  p50=  0.159ms p99=   0.786ms  errors=0
    r03_section_sales_window@historical    18632.3 ops/s  p50=  0.167ms p99=   1.106ms  errors=0
    r04_event_recent_confirmations        19684.2 ops/s  p50=  0.157ms p99=   0.887ms  errors=0
    r05_customers_last_purchase_window@trailing      246.9 ops/s  p50=  8.826ms p99=  89.429ms  errors=0
    r05_customers_last_purchase_window@historical      250.5 ops/s  p50=  8.734ms p99=  90.106ms  errors=0
  wrote /results/s0_check_then_hold_rc.json
