  engine: PostgreSQL 17.11 (Debian 17.11-1.pgdg13+2) on x86_64-pc-linux-gnu, compiled by gcc (Debian 14.2.0-19) 14.2.0, 64-bit
  database clock minus client clock: 0.001 ms
  dataset: 5 venues, 658 events, 56103 tickets and 2217 holds at load
  loading s1_conditional_update ...
  loaded in 1.4s (copy 1.2s, index 0.1s)
  verifying answers against ground truth ...
    65/65 checks passed (margin 600s); audit on load: consistent (658 events, 56103 tickets; rejections late=0 boundary=0)
  capturing plans ...
  read benchmark:
    q01_section_map@10                    14074.2 ops/s  p50=  0.229ms p99=   2.411ms  errors=0
    q02_event_sections@10                 10166.7 ops/s  p50=  0.287ms p99=   5.637ms  errors=0
    q03_event_available@10                13340.7 ops/s  p50=  0.251ms p99=   2.924ms  errors=0
    q01_section_map@100                   21502.3 ops/s  p50=  0.187ms p99=   1.105ms  errors=0
    q02_event_sections@100                13713.0 ops/s  p50=  0.227ms p99=   2.070ms  errors=0
    q03_event_available@100               13466.3 ops/s  p50=  0.243ms p99=   2.215ms  errors=0
    q01_section_map@1000                  16543.7 ops/s  p50=  0.204ms p99=   1.471ms  errors=0
    q02_event_sections@1000                7421.7 ops/s  p50=  0.346ms p99=  58.438ms  errors=0
    q03_event_available@1000               7624.0 ops/s  p50=  0.340ms p99=  56.141ms  errors=0
    q01_section_map@10000                 11031.7 ops/s  p50=  0.296ms p99=   2.796ms  errors=0
    q02_event_sections@10000               1227.7 ops/s  p50=  1.560ms p99=  77.289ms  errors=0
    q03_event_available@10000              1651.7 ops/s  p50=  1.181ms p99=  75.981ms  errors=0
    q01_section_map@100000                 8709.9 ops/s  p50=  0.326ms p99=   2.409ms  errors=0
    q02_event_sections@100000               127.6 ops/s  p50= 87.144ms p99= 103.733ms  errors=0
    q03_event_available@100000              132.6 ops/s  p50= 86.045ms p99= 102.022ms  errors=0
    q04_hold_seats                         7480.5 ops/s  p50=  0.347ms p99=  59.593ms  errors=0
    q05_customer_tickets                  29351.4 ops/s  p50=  0.145ms p99=   1.020ms  errors=0
    q06_ticket_by_id                      35760.2 ops/s  p50=  0.128ms p99=   0.713ms  errors=0
    r01_holds_expiring_soon               12923.5 ops/s  p50=  0.234ms p99=   1.158ms  errors=0
    r02_seat_status_lookup                30470.1 ops/s  p50=  0.153ms p99=   0.919ms  errors=0
    r03_section_sales_window@trailing     13605.0 ops/s  p50=  0.222ms p99=   2.619ms  errors=0
    r03_section_sales_window@historical    13624.6 ops/s  p50=  0.210ms p99=   2.599ms  errors=0
    r04_event_recent_confirmations        19809.8 ops/s  p50=  0.153ms p99=   0.862ms  errors=0
    r05_customers_last_purchase_window@trailing      250.7 ops/s  p50=  8.712ms p99=  90.066ms  errors=0
    r05_customers_last_purchase_window@historical      252.6 ops/s  p50=  8.560ms p99=  89.162ms  errors=0
  wrote /results/s1_conditional_update.json
