  engine: PostgreSQL 17.11 (Debian 17.11-1.pgdg13+2) on x86_64-pc-linux-gnu, compiled by gcc (Debian 14.2.0-19) 14.2.0, 64-bit
  database clock minus client clock: 0.001 ms
  dataset: 5 venues, 658 events, 56103 tickets and 2217 holds at load
  loading s1r_confirm_retry ...
  loaded in 1.4s (copy 1.1s, index 0.2s)
  verifying answers against ground truth ...
    65/65 checks passed (margin 600s); audit on load: consistent (658 events, 56103 tickets; rejections late=0 boundary=0)
  capturing plans ...
  read benchmark:
    q01_section_map@10                    21348.8 ops/s  p50=  0.161ms p99=   0.585ms  errors=0
    q02_event_sections@10                 22190.7 ops/s  p50=  0.157ms p99=   0.527ms  errors=0
    q03_event_available@10                22074.7 ops/s  p50=  0.159ms p99=   0.549ms  errors=0
    q01_section_map@100                   29803.6 ops/s  p50=  0.138ms p99=   0.425ms  errors=0
    q02_event_sections@100                19387.0 ops/s  p50=  0.170ms p99=   0.591ms  errors=0
    q03_event_available@100               19790.6 ops/s  p50=  0.168ms p99=   0.578ms  errors=0
    q01_section_map@1000                  22065.3 ops/s  p50=  0.162ms p99=   0.508ms  errors=0
    q02_event_sections@1000                9360.0 ops/s  p50=  0.286ms p99=   1.399ms  errors=0
    q03_event_available@1000              10122.3 ops/s  p50=  0.265ms p99=   1.083ms  errors=0
    q01_section_map@10000                 16381.3 ops/s  p50=  0.197ms p99=   0.700ms  errors=0
    q02_event_sections@10000               1559.2 ops/s  p50=  1.274ms p99=  77.223ms  errors=0
    q03_event_available@10000              1726.7 ops/s  p50=  1.167ms p99=  76.728ms  errors=0
    q01_section_map@100000                 9606.8 ops/s  p50=  0.291ms p99=   1.822ms  errors=0
    q02_event_sections@100000               171.6 ops/s  p50= 13.463ms p99=  93.374ms  errors=0
    q03_event_available@100000              183.5 ops/s  p50= 12.057ms p99=  92.449ms  errors=0
    q04_hold_seats                         9048.3 ops/s  p50=  0.291ms p99=   1.380ms  errors=0
    q05_customer_tickets                  36815.6 ops/s  p50=  0.127ms p99=   0.488ms  errors=0
    q06_ticket_by_id                      42155.7 ops/s  p50=  0.116ms p99=   0.392ms  errors=0
    r01_holds_expiring_soon               14426.4 ops/s  p50=  0.206ms p99=   0.819ms  errors=0
    r02_seat_status_lookup                40275.1 ops/s  p50=  0.122ms p99=   0.419ms  errors=0
    r03_section_sales_window@trailing     18613.3 ops/s  p50=  0.169ms p99=   0.778ms  errors=0
    r03_section_sales_window@historical    18543.4 ops/s  p50=  0.166ms p99=   0.813ms  errors=0
    r04_event_recent_confirmations        20980.0 ops/s  p50=  0.147ms p99=   0.810ms  errors=0
    r05_customers_last_purchase_window@trailing      257.5 ops/s  p50=  8.324ms p99=  89.821ms  errors=0
    r05_customers_last_purchase_window@historical      259.1 ops/s  p50=  8.230ms p99=  89.644ms  errors=0
  wrote /results/s1r_confirm_retry.json
