  engine: PostgreSQL 17.11 (Debian 17.11-1.pgdg13+2) on x86_64-pc-linux-gnu, compiled by gcc (Debian 14.2.0-19) 14.2.0, 64-bit
  database clock minus client clock: 0.000 ms
  dataset: 5 venues, 658 events, 56103 tickets and 2217 holds at load
  loading s2_lock_then_update ...
  loaded in 1.3s (copy 1.1s, index 0.2s)
  verifying answers against ground truth ...
    65/65 checks passed (margin 600s); audit on load: consistent (658 events, 56103 tickets; rejections late=0 boundary=0)
  capturing plans ...
  read benchmark:
    q01_section_map@10                    21558.4 ops/s  p50=  0.158ms p99=   0.564ms  errors=0
    q02_event_sections@10                 22289.9 ops/s  p50=  0.154ms p99=   0.532ms  errors=0
    q03_event_available@10                22557.3 ops/s  p50=  0.153ms p99=   0.528ms  errors=0
    q01_section_map@100                   29953.7 ops/s  p50=  0.138ms p99=   0.428ms  errors=0
    q02_event_sections@100                19461.0 ops/s  p50=  0.169ms p99=   0.584ms  errors=0
    q03_event_available@100               19803.6 ops/s  p50=  0.168ms p99=   0.584ms  errors=0
    q01_section_map@1000                  22261.8 ops/s  p50=  0.161ms p99=   0.520ms  errors=0
    q02_event_sections@1000                9024.9 ops/s  p50=  0.288ms p99=   1.399ms  errors=0
    q03_event_available@1000              10310.5 ops/s  p50=  0.260ms p99=   1.238ms  errors=0
    q01_section_map@10000                 16740.7 ops/s  p50=  0.191ms p99=   0.634ms  errors=0
    q02_event_sections@10000               1424.1 ops/s  p50=  1.371ms p99=  78.160ms  errors=0
    q03_event_available@10000              1877.6 ops/s  p50=  1.070ms p99=  76.281ms  errors=0
    q01_section_map@100000                10051.7 ops/s  p50=  0.284ms p99=   1.166ms  errors=0
    q02_event_sections@100000               171.3 ops/s  p50= 13.326ms p99=  93.488ms  errors=0
    q03_event_available@100000              192.9 ops/s  p50= 11.074ms p99=  92.610ms  errors=0
    q04_hold_seats                         9866.8 ops/s  p50=  0.267ms p99=   1.065ms  errors=0
    q05_customer_tickets                  41034.4 ops/s  p50=  0.111ms p99=   0.388ms  errors=0
    q06_ticket_by_id                      41929.3 ops/s  p50=  0.119ms p99=   0.401ms  errors=0
    r01_holds_expiring_soon               14746.3 ops/s  p50=  0.201ms p99=   0.753ms  errors=0
    r02_seat_status_lookup                41517.4 ops/s  p50=  0.118ms p99=   0.367ms  errors=0
    r03_section_sales_window@trailing     17763.0 ops/s  p50=  0.181ms p99=   1.085ms  errors=0
    r03_section_sales_window@historical    18063.4 ops/s  p50=  0.171ms p99=   0.899ms  errors=0
    r04_event_recent_confirmations        20996.5 ops/s  p50=  0.148ms p99=   0.790ms  errors=0
    r05_customers_last_purchase_window@trailing      254.6 ops/s  p50=  8.305ms p99=  89.235ms  errors=0
    r05_customers_last_purchase_window@historical      256.8 ops/s  p50=  8.335ms p99=  89.058ms  errors=0
  wrote /results/s2_lock_then_update.json
