  engine: PostgreSQL 17.11 (Debian 17.11-1.pgdg13+2) on x86_64-pc-linux-gnu, compiled by gcc (Debian 14.2.0-19) 14.2.0, 64-bit
  database clock minus client clock: 0.000 ms
  dataset: 5 venues, 658 events, 56103 tickets and 2217 holds at load
  loading s3_lock_nowait ...
  loaded in 1.3s (copy 1.1s, index 0.1s)
  verifying answers against ground truth ...
    65/65 checks passed (margin 600s); audit on load: consistent (658 events, 56103 tickets; rejections late=0 boundary=0)
  capturing plans ...
  read benchmark:
    q01_section_map@10                    20972.8 ops/s  p50=  0.162ms p99=   0.616ms  errors=0
    q02_event_sections@10                 20498.5 ops/s  p50=  0.173ms p99=   0.677ms  errors=0
    q03_event_available@10                21632.9 ops/s  p50=  0.163ms p99=   0.606ms  errors=0
    q01_section_map@100                   28282.5 ops/s  p50=  0.146ms p99=   0.510ms  errors=0
    q02_event_sections@100                18412.3 ops/s  p50=  0.180ms p99=   0.707ms  errors=0
    q03_event_available@100               19437.4 ops/s  p50=  0.170ms p99=   0.636ms  errors=0
    q01_section_map@1000                  20311.0 ops/s  p50=  0.181ms p99=   0.775ms  errors=0
    q02_event_sections@1000                8014.0 ops/s  p50=  0.337ms p99=   2.855ms  errors=0
    q03_event_available@1000               9608.0 ops/s  p50=  0.283ms p99=   1.385ms  errors=0
    q01_section_map@10000                 11003.5 ops/s  p50=  0.327ms p99=   2.938ms  errors=0
    q02_event_sections@10000               1545.1 ops/s  p50=  1.281ms p99=  76.723ms  errors=0
    q03_event_available@10000              1676.0 ops/s  p50=  1.188ms p99=  76.494ms  errors=0
    q01_section_map@100000                 9908.7 ops/s  p50=  0.287ms p99=   1.286ms  errors=0
    q02_event_sections@100000               173.5 ops/s  p50= 13.274ms p99=  93.600ms  errors=0
    q03_event_available@100000              194.3 ops/s  p50= 11.046ms p99=  92.931ms  errors=0
    q04_hold_seats                         9570.5 ops/s  p50=  0.278ms p99=   1.181ms  errors=0
    q05_customer_tickets                  39513.0 ops/s  p50=  0.116ms p99=   0.397ms  errors=0
    q06_ticket_by_id                      42543.5 ops/s  p50=  0.117ms p99=   0.375ms  errors=0
    r01_holds_expiring_soon               14555.2 ops/s  p50=  0.205ms p99=   0.808ms  errors=0
    r02_seat_status_lookup                40378.7 ops/s  p50=  0.121ms p99=   0.407ms  errors=0
    r03_section_sales_window@trailing     18725.6 ops/s  p50=  0.168ms p99=   0.800ms  errors=0
    r03_section_sales_window@historical    18349.2 ops/s  p50=  0.168ms p99=   0.816ms  errors=0
    r04_event_recent_confirmations        20338.7 ops/s  p50=  0.151ms p99=   0.822ms  errors=0
    r05_customers_last_purchase_window@trailing      255.8 ops/s  p50=  8.453ms p99=  89.772ms  errors=0
    r05_customers_last_purchase_window@historical      254.9 ops/s  p50=  8.363ms p99=  88.970ms  errors=0
  wrote /results/s3_lock_nowait.json
