  engine: PostgreSQL 17.11 (Debian 17.11-1.pgdg13+2) on x86_64-pc-linux-gnu, compiled by gcc (Debian 14.2.0-19) 14.2.0, 64-bit
  database clock minus client clock: 0.000 ms
  dataset: 5 venues, 658 events, 56103 tickets and 2217 holds at load
  loading s4_check_then_hold_serializable ...
  loaded in 1.3s (copy 1.1s, index 0.1s)
  verifying answers against ground truth ...
    65/65 checks passed (margin 600s); audit on load: consistent (658 events, 56103 tickets; rejections late=0 boundary=0)
  capturing plans ...
  read benchmark:
    q01_section_map@10                    17305.6 ops/s  p50=  0.191ms p99=   1.625ms  errors=0
    q02_event_sections@10                 19860.9 ops/s  p50=  0.176ms p99=   1.327ms  errors=0
    q03_event_available@10                22693.1 ops/s  p50=  0.154ms p99=   0.560ms  errors=0
    q01_section_map@100                   31203.9 ops/s  p50=  0.132ms p99=   0.434ms  errors=0
    q02_event_sections@100                19533.5 ops/s  p50=  0.168ms p99=   0.596ms  errors=0
    q03_event_available@100               18391.3 ops/s  p50=  0.175ms p99=   1.201ms  errors=0
    q01_section_map@1000                  22167.0 ops/s  p50=  0.161ms p99=   0.535ms  errors=0
    q02_event_sections@1000                9406.6 ops/s  p50=  0.282ms p99=   1.284ms  errors=0
    q03_event_available@1000              10047.5 ops/s  p50=  0.267ms p99=   1.083ms  errors=0
    q01_section_map@10000                 16140.1 ops/s  p50=  0.199ms p99=   0.667ms  errors=0
    q02_event_sections@10000               1358.0 ops/s  p50=  1.453ms p99=  77.714ms  errors=0
    q03_event_available@10000              1848.8 ops/s  p50=  1.096ms p99=  76.313ms  errors=0
    q01_section_map@100000                 9659.3 ops/s  p50=  0.295ms p99=   1.269ms  errors=0
    q02_event_sections@100000               173.9 ops/s  p50= 13.101ms p99=  93.570ms  errors=0
    q03_event_available@100000              189.9 ops/s  p50= 11.493ms p99=  93.338ms  errors=0
    q04_hold_seats                         9119.5 ops/s  p50=  0.291ms p99=   1.293ms  errors=0
    q05_customer_tickets                  33215.0 ops/s  p50=  0.138ms p99=   0.491ms  errors=0
    q06_ticket_by_id                      36956.5 ops/s  p50=  0.134ms p99=   0.463ms  errors=0
    r01_holds_expiring_soon               12744.9 ops/s  p50=  0.237ms p99=   0.903ms  errors=0
    r02_seat_status_lookup                35608.3 ops/s  p50=  0.139ms p99=   0.450ms  errors=0
    r03_section_sales_window@trailing     16010.9 ops/s  p50=  0.201ms p99=   0.928ms  errors=0
    r03_section_sales_window@historical    15606.3 ops/s  p50=  0.201ms p99=   1.014ms  errors=0
    r04_event_recent_confirmations        17112.3 ops/s  p50=  0.184ms p99=   1.017ms  errors=0
    r05_customers_last_purchase_window@trailing      230.3 ops/s  p50=  9.285ms p99=  90.986ms  errors=0
    r05_customers_last_purchase_window@historical      246.3 ops/s  p50=  8.287ms p99=  90.422ms  errors=0
  wrote /results/s4_check_then_hold_serializable.json
