  engine: PostgreSQL 15.12-YB-2025.2.6.0-b0 on x86_64-pc-linux-gnu, compiled by clang version 19.1.0 (https://github.com/yugabyte/llvm-project.git a2a6b655e14e7fa1fcf1011a6cb29cb8575249c0), 64-bit
  effective isolation for READ COMMITTED requests: read committed
  database clock minus client clock: 0.011 ms
  dataset: 5 venues, 84 events, 5741 tickets and 165 holds at load
  loading s1r_confirm_retry ...
  loaded in 26.0s (copy 6.6s, index 13.7s)
  verifying answers against ground truth ...
    51/51 checks passed (margin 579s); audit on load: consistent (84 events, 5741 tickets; rejections late=0 boundary=0)
  capturing plans ...
  read benchmark:
    q01_section_map@10                     1419.6 ops/s  p50=  2.068ms p99=  59.928ms  errors=0
    q02_event_sections@10                  1144.2 ops/s  p50=  2.456ms p99=  63.924ms  errors=0
    q03_event_available@10                 1164.0 ops/s  p50=  2.297ms p99=  66.670ms  errors=0
    q01_section_map@100                    1104.0 ops/s  p50=  2.524ms p99=  64.737ms  errors=0
    q02_event_sections@100                  900.0 ops/s  p50=  2.991ms p99=  70.255ms  errors=0
    q03_event_available@100                1109.9 ops/s  p50=  2.523ms p99=  64.947ms  errors=0
    q01_section_map@1000                    790.3 ops/s  p50=  3.423ms p99=  71.047ms  errors=0
    q02_event_sections@1000                 667.8 ops/s  p50=  4.299ms p99=  71.913ms  errors=0
    q03_event_available@1000                849.6 ops/s  p50=  3.295ms p99=  68.757ms  errors=0
    q01_section_map@10000                   144.0 ops/s  p50= 76.727ms p99= 110.153ms  errors=0
    q02_event_sections@10000                 76.7 ops/s  p50= 99.906ms p99= 195.733ms  errors=0
    q03_event_available@10000               140.0 ops/s  p50= 78.155ms p99= 105.367ms  errors=0
    q04_hold_seats                          179.2 ops/s  p50= 20.884ms p99= 105.310ms  errors=0
    q05_customer_tickets                    879.8 ops/s  p50=  3.435ms p99=  66.906ms  errors=0
    q06_ticket_by_id                       1427.1 ops/s  p50=  1.916ms p99=  62.657ms  errors=0
  write benchmark (fresh load per op):
    hold                                     22.7 ops/s  p50=304.075ms p99= 990.823ms  rejected=1 retries=3 errors=0
      audit after hold: consistent (84 events, 7783 tickets; rejections late=0 boundary=0)
    release                                 107.4 ops/s  p50= 81.799ms p99= 105.933ms  rejected=0 retries=0 errors=0
      audit after release: consistent (84 events, 5741 tickets; rejections late=0 boundary=0)
    cancel                                  103.2 ops/s  p50= 86.009ms p99= 179.447ms  rejected=0 retries=0 errors=0
      audit after cancel: consistent (84 events, 3788 tickets; rejections late=0 boundary=0)
    publish@10                               89.2 ops/s  p50= 30.721ms p99= 102.368ms  rejected=0 retries=0 errors=0
    publish@100                              56.0 ops/s  p50= 79.759ms p99= 166.199ms  rejected=0 retries=0 errors=0
    publish@1000                             17.4 ops/s  p50=204.431ms p99= 314.283ms  rejected=0 retries=0 errors=0
    publish@10000                             2.6 ops/s  p50=660.314ms p99= 660.314ms  rejected=0 retries=0 errors=0
    publish@100000                            0.2 ops/s  p50=9742.132ms p99=9742.132ms  rejected=0 retries=0 errors=0
      audit after publish: consistent (2313 events, 5741 tickets; rejections late=0 boundary=0)
  race trial 1/1 (32 buyers per event, fresh load):
      race event 52: gate 2026-09-14T18:35:34.380239973Z, deadline 2026-09-14T18:36:34.380239973Z
      race event 53: gate 2026-09-14T18:35:39.669760124Z, deadline 2026-09-14T18:36:39.669760124Z
      race event 54: gate 2026-09-14T18:35:41.858896027Z, deadline 2026-09-14T18:36:41.858896027Z
      race event 55: gate 2026-09-14T18:35:45.073648404Z, deadline 2026-09-14T18:36:45.073648404Z
      race event 56: gate 2026-09-14T18:35:45.980816409Z, deadline 2026-09-14T18:36:45.980816409Z
      race event 57: gate 2026-09-14T18:35:46.845916918Z, deadline 2026-09-14T18:36:46.845916918Z
      race event 58: gate 2026-09-14T18:35:47.435612777Z, deadline 2026-09-14T18:36:47.435612777Z
      race event 59: gate 2026-09-14T18:35:47.883803847Z, deadline 2026-09-14T18:36:47.883803847Z
      race event 60: gate 2026-09-14T18:35:49.062267201Z, deadline 2026-09-14T18:36:49.062267201Z
      race event 61: gate 2026-09-14T18:35:49.856195138Z, deadline 2026-09-14T18:36:49.856195138Z
      race event 62: gate 2026-09-14T18:35:50.199527631Z, deadline 2026-09-14T18:36:50.199527631Z
      race event 63: gate 2026-09-14T18:35:51.087155556Z, deadline 2026-09-14T18:36:51.087155556Z
      race event 64: gate 2026-09-14T18:35:51.461318752Z, deadline 2026-09-14T18:36:51.461318752Z
      race event 65: gate 2026-09-14T18:35:52.57614729Z, deadline 2026-09-14T18:36:52.57614729Z
      race event 66: gate 2026-09-14T18:35:53.06515253Z, deadline 2026-09-14T18:36:53.06515253Z
      race event 67: gate 2026-09-14T18:35:53.696250126Z, deadline 2026-09-14T18:36:53.696250126Z
      race event 68: gate 2026-09-14T18:35:54.849330955Z, deadline 2026-09-14T18:36:54.849330955Z
      race event 69: gate 2026-09-14T18:35:55.683153801Z, deadline 2026-09-14T18:36:55.683153801Z
      race event 70: gate 2026-09-14T18:35:56.269660645Z, deadline 2026-09-14T18:36:56.269660645Z
      race event 71: gate 2026-09-14T18:35:56.586095332Z, deadline 2026-09-14T18:36:56.586095332Z
    race     10 seats x20        14.2 seats/s  conflicts/hold=6.10 reads/hold=13.59  hold p50=95.35ms p99=771.25ms  deferred 9/9 ok  confirm retries sold/run=0/0  errors=0  ok
      audit: consistent (20 events, 200 tickets; rejections late=0 boundary=0)
      race event 72: gate 2026-09-14T18:35:57.248085596Z, deadline 2026-09-14T18:36:57.248085596Z
      race event 73: gate 2026-09-14T18:35:59.372564282Z, deadline 2026-09-14T18:36:59.372564282Z
      race event 74: gate 2026-09-14T18:36:02.435451725Z, deadline 2026-09-14T18:37:02.435451725Z
      race event 75: gate 2026-09-14T18:36:08.183574779Z, deadline 2026-09-14T18:37:08.183574779Z
    race    100 seats x4         41.3 seats/s  conflicts/hold=2.45 reads/hold=5.27  hold p50=101.20ms p99=622.54ms  deferred 22/22 ok  confirm retries sold/run=0/0  errors=0  ok
      audit: consistent (4 events, 400 tickets; rejections late=0 boundary=0)
      race event 76: gate 2026-09-14T18:36:10.963732505Z, deadline 2026-09-14T18:37:10.963732505Z
    race   1000 seats x1         46.5 seats/s  conflicts/hold=0.92 reads/hold=2.86  hold p50=179.98ms p99=490.02ms  deferred 44/44 ok  confirm retries sold/run=0/0  errors=0  ok
      audit: consistent (1 events, 1000 tickets; rejections late=0 boundary=0)
      race event 77: gate 2026-09-14T18:36:33.379912472Z, deadline 2026-09-14T18:37:33.379912472Z
    race  10000 seats x1         29.6 seats/s  conflicts/hold=0.34 reads/hold=1.40  hold p50=308.68ms p99=807.09ms  deferred 73/73 ok  confirm retries sold/run=0/0  errors=0  ok, 1 timed out (18% sold)
      audit: consistent (1 events, 1799 tickets; rejections late=0 boundary=0)
  lifecycle trial 1/1 (32 buyers per event, one human minute = 500ms, fresh load):
    lifecycle    10 seats x3       0.3 confirmed seats/s  holds=23 abandoned=2+1 expired@check=2 rejected late/boundary/early(transient)=0/0/0(0)  confirm retries sold/run=0/0  outage unavailable=0/0  leaked=0 errors=0  ok
      audit: consistent (3 events, 30 tickets; rejections late=0 boundary=0)
    lifecycle   100 seats x2       1.7 confirmed seats/s  holds=152 abandoned=21+15 expired@check=6 rejected late/boundary/early(transient)=1/0/0(0)  confirm retries sold/run=0/1  outage unavailable=0/0  leaked=0 errors=0  ok
      audit: consistent (2 events, 200 tickets; rejections late=1 boundary=0)
  wrote /results/s1r_confirm_retry.json
