  engine: PostgreSQL 15.12-YB-2025.2.6.0-b0 on x86_64-pc-linux-gnu, compiled by clang version 19.1.0 (https://github.com/yugabyte/llvm-project.git a2a6b655e14e7fa1fcf1011a6cb29cb8575249c0), 64-bit
  effective isolation for READ COMMITTED requests: read committed
  database clock minus client clock: 0.000 ms
  dataset: 5 venues, 84 events, 5741 tickets and 165 holds at load
  loading e2_cart_expiry ...
  loaded in 26.0s (copy 2.0s, index 21.1s)
  verifying answers against ground truth ...
    51/51 checks passed (margin 580s); audit on load: consistent (84 events, 5741 tickets; rejections late=0 boundary=0)
  capturing plans ...
  read benchmark:
    q01_section_map@10                     2694.1 ops/s  p50=  0.998ms p99=  64.850ms  errors=0
    q02_event_sections@10                  1809.4 ops/s  p50=  1.397ms p99=  69.270ms  errors=0
    q03_event_available@10                 1841.4 ops/s  p50=  1.388ms p99=  68.182ms  errors=0
    q01_section_map@100                    1848.2 ops/s  p50=  1.442ms p99=  67.573ms  errors=0
    q02_event_sections@100                 1902.7 ops/s  p50=  1.410ms p99=  67.060ms  errors=0
    q03_event_available@100                1845.7 ops/s  p50=  1.431ms p99=  67.518ms  errors=0
    q01_section_map@1000                   1154.6 ops/s  p50=  2.164ms p99=  71.270ms  errors=0
    q02_event_sections@1000                1371.5 ops/s  p50=  1.851ms p99=  69.812ms  errors=0
    q03_event_available@1000               1500.6 ops/s  p50=  1.713ms p99=  69.294ms  errors=0
    q01_section_map@10000                   327.6 ops/s  p50=  7.278ms p99=  87.407ms  errors=0
    q02_event_sections@10000                204.9 ops/s  p50= 11.909ms p99=  92.571ms  errors=0
    q03_event_available@10000               259.8 ops/s  p50=  9.031ms p99=  89.190ms  errors=0
    q04_hold_seats                          585.8 ops/s  p50=  4.435ms p99=  77.821ms  errors=0
    q05_customer_tickets                   2913.3 ops/s  p50=  0.968ms p99=  64.245ms  errors=0
    q06_ticket_by_id                       5075.1 ops/s  p50=  0.576ms p99=  61.310ms  errors=0
  write benchmark (fresh load per op):
    hold                                     47.3 ops/s  p50=184.217ms p99= 398.278ms  rejected=1 retries=6 errors=0
      audit after hold: consistent (84 events, 8148 tickets; rejections late=0 boundary=0)
    release                                 345.8 ops/s  p50=  6.698ms p99=  72.802ms  rejected=0 retries=0 errors=0
      audit after release: consistent (84 events, 5741 tickets; rejections late=0 boundary=0)
    cancel                                  368.8 ops/s  p50=  7.081ms p99=  82.081ms  rejected=0 retries=0 errors=0
      audit after cancel: consistent (84 events, 2871 tickets; rejections late=0 boundary=0)
    publish@10                              271.5 ops/s  p50=  5.361ms p99=  72.312ms  rejected=0 retries=0 errors=0
    publish@100                             165.5 ops/s  p50=  9.566ms p99=  76.616ms  rejected=0 retries=0 errors=0
    publish@1000                             34.6 ops/s  p50= 94.599ms p99= 200.352ms  rejected=0 retries=0 errors=0
    publish@10000                             7.6 ops/s  p50=263.097ms p99= 263.097ms  rejected=0 retries=0 errors=0
    publish@100000                            0.7 ops/s  p50=2842.737ms p99=2842.737ms  rejected=0 retries=0 errors=0
      audit after publish: consistent (2313 events, 5741 tickets; rejections late=0 boundary=0)
  race trial 1/1 (32 buyers per event, fresh load):
      race event 52: gate 2026-09-15T23:13:26.774680189Z, deadline 2026-09-15T23:14:26.774680189Z
      race event 53: gate 2026-09-15T23:13:28.565642461Z, deadline 2026-09-15T23:14:28.565642461Z
      race event 54: gate 2026-09-15T23:13:29.384623912Z, deadline 2026-09-15T23:14:29.384623912Z
      race event 55: gate 2026-09-15T23:13:30.538596199Z, deadline 2026-09-15T23:14:30.538596199Z
      race event 56: gate 2026-09-15T23:13:31.36567012Z, deadline 2026-09-15T23:14:31.36567012Z
      race event 57: gate 2026-09-15T23:13:31.697611754Z, deadline 2026-09-15T23:14:31.697611754Z
      race event 58: gate 2026-09-15T23:13:32.284143339Z, deadline 2026-09-15T23:14:32.284143339Z
      race event 59: gate 2026-09-15T23:13:32.500203743Z, deadline 2026-09-15T23:14:32.500203743Z
      race event 60: gate 2026-09-15T23:13:32.988595053Z, deadline 2026-09-15T23:14:32.988595053Z
      race event 61: gate 2026-09-15T23:13:33.778617224Z, deadline 2026-09-15T23:14:33.778617224Z
      race event 62: gate 2026-09-15T23:13:34.393277799Z, deadline 2026-09-15T23:14:34.393277799Z
      race event 63: gate 2026-09-15T23:13:35.164311375Z, deadline 2026-09-15T23:14:35.164311375Z
      race event 64: gate 2026-09-15T23:13:35.808901197Z, deadline 2026-09-15T23:14:35.808901197Z
      race event 65: gate 2026-09-15T23:13:36.780778875Z, deadline 2026-09-15T23:14:36.780778875Z
      race event 66: gate 2026-09-15T23:13:37.376831003Z, deadline 2026-09-15T23:14:37.376831003Z
      race event 67: gate 2026-09-15T23:13:37.791438412Z, deadline 2026-09-15T23:14:37.791438412Z
      race event 68: gate 2026-09-15T23:13:38.271950633Z, deadline 2026-09-15T23:14:38.271950633Z
      race event 69: gate 2026-09-15T23:13:39.088840476Z, deadline 2026-09-15T23:14:39.088840476Z
      race event 70: gate 2026-09-15T23:13:39.871632851Z, deadline 2026-09-15T23:14:39.871632851Z
      race event 71: gate 2026-09-15T23:13:40.524679754Z, deadline 2026-09-15T23:14:40.524679754Z
    race     10 seats x20        19.4 seats/s  conflicts/hold=7.46 reads/hold=16.12  hold p50=79.70ms p99=599.11ms  deferred 7/7 ok  confirm retries sold/run=0/0  errors=0  ok
      audit: consistent (20 events, 200 tickets; rejections late=0 boundary=0)
      race event 72: gate 2026-09-15T23:13:41.603340451Z, deadline 2026-09-15T23:14:41.603340451Z
      race event 73: gate 2026-09-15T23:13:43.29486897Z, deadline 2026-09-15T23:14:43.29486897Z
      race event 74: gate 2026-09-15T23:13:45.298881254Z, deadline 2026-09-15T23:14:45.298881254Z
      race event 75: gate 2026-09-15T23:13:47.496553858Z, deadline 2026-09-15T23:14:47.496553858Z
    race    100 seats x4         54.0 seats/s  conflicts/hold=2.21 reads/hold=4.24  hold p50=88.41ms p99=400.01ms  deferred 16/16 ok  confirm retries sold/run=0/0  errors=0  ok
      audit: consistent (4 events, 400 tickets; rejections late=0 boundary=0)
      race event 76: gate 2026-09-15T23:13:49.709745551Z, deadline 2026-09-15T23:14:49.709745551Z
    race   1000 seats x1         80.9 seats/s  conflicts/hold=0.74 reads/hold=2.67  hold p50=94.07ms p99=215.53ms  deferred 52/52 ok  confirm retries sold/run=0/0  errors=0  ok
      audit: consistent (1 events, 1000 tickets; rejections late=0 boundary=0)
      race event 77: gate 2026-09-15T23:14:02.555653441Z, deadline 2026-09-15T23:15:02.555653441Z
    race  10000 seats x1         63.7 seats/s  conflicts/hold=0.22 reads/hold=1.40  hold p50=109.21ms p99=298.72ms  deferred 151/151 ok  confirm retries sold/run=0/0  errors=0  ok, 1 timed out (38% sold)
      audit: consistent (1 events, 3839 tickets; rejections late=0 boundary=0)
  lifecycle trial 1/1 (32 buyers per event, one human minute = 500ms, fresh load):
    lifecycle    10 seats x3       0.3 confirmed seats/s  holds=29 abandoned=3+2 expired@check=1 rejected late/boundary/early(transient)=2/0/0(0)  confirm retries sold/run=0/0  outage unavailable=0/0  leaked=0 errors=0  monitor retries/ended early=0/0  ok
      audit: consistent (3 events, 30 tickets; rejections late=2 boundary=0)
    lifecycle   100 seats x2       1.7 confirmed seats/s  holds=160 abandoned=33+15 expired@check=2 rejected late/boundary/early(transient)=3/0/0(0)  confirm retries sold/run=0/0  outage unavailable=0/0  leaked=0 errors=0  monitor retries/ended early=0/0  ok
      audit: consistent (2 events, 200 tickets; rejections late=3 boundary=0)
  wrote /results/e2_cart_expiry.json
