  engine: PostgreSQL 15.12-YB-2025.2.6.0-b0 on x86_64-pc-linux-gnu, compiled by clang version 19.1.0 (https://github.com/yugabyte/llvm-project.git a2a6b655e14e7fa1fcf1011a6cb29cb8575249c0), 64-bit
  effective isolation for READ COMMITTED requests: read committed
  database clock minus client clock: 0.003 ms
  dataset: 5 venues, 84 events, 5741 tickets and 165 holds at load
  loading l2_section_document ...
  loaded in 8.0s (copy 1.4s, index 2.4s)
  verifying answers against ground truth ...
    51/51 checks passed (margin 600s); audit on load: consistent (84 events, 5741 tickets; rejections late=0 boundary=0)
  capturing plans ...
  read benchmark:
    q01_section_map@10                     4117.7 ops/s  p50=  0.677ms p99=  62.604ms  errors=0
    q02_event_sections@10                  3558.1 ops/s  p50=  0.745ms p99=  64.468ms  errors=0
    q03_event_available@10                 4010.8 ops/s  p50=  0.697ms p99=  62.962ms  errors=0
    q01_section_map@100                    3812.8 ops/s  p50=  0.717ms p99=  63.426ms  errors=0
    q02_event_sections@100                 3988.0 ops/s  p50=  0.710ms p99=  63.050ms  errors=0
    q03_event_available@100                3936.6 ops/s  p50=  0.715ms p99=  63.095ms  errors=0
    q01_section_map@1000                   3636.0 ops/s  p50=  0.770ms p99=  63.176ms  errors=0
    q02_event_sections@1000                3198.8 ops/s  p50=  0.845ms p99=  64.527ms  errors=0
    q03_event_available@1000               3099.0 ops/s  p50=  0.868ms p99=  64.772ms  errors=0
    q01_section_map@10000                  3298.2 ops/s  p50=  0.842ms p99=  63.968ms  errors=0
    q02_event_sections@10000               1005.6 ops/s  p50=  2.269ms p99=  74.103ms  errors=0
    q03_event_available@10000              1002.3 ops/s  p50=  2.227ms p99=  74.865ms  errors=0
    q04_hold_seats                         3939.1 ops/s  p50=  0.719ms p99=  62.729ms  errors=0
    q05_customer_tickets                   2896.0 ops/s  p50=  0.968ms p99=  64.417ms  errors=0
    q06_ticket_by_id                       4989.1 ops/s  p50=  0.587ms p99=  61.251ms  errors=0
  write benchmark (fresh load per op):
    hold                                    110.4 ops/s  p50= 80.057ms p99= 285.550ms  rejected=5 retries=286 errors=0
      audit after hold: consistent (84 events, 8904 tickets; rejections late=0 boundary=0)
    release                                 409.0 ops/s  p50=  3.929ms p99=  10.065ms  rejected=0 retries=0 errors=0
      audit after release: consistent (84 events, 5741 tickets; rejections late=0 boundary=0)
    cancel                                  184.6 ops/s  p50= 12.538ms p99= 194.817ms  rejected=0 retries=0 errors=0
      audit after cancel: consistent (84 events, 3376 tickets; rejections late=0 boundary=0)
    publish@10                              328.6 ops/s  p50=  4.601ms p99=  69.484ms  rejected=0 retries=0 errors=0
    publish@100                             370.0 ops/s  p50=  4.545ms p99=  67.109ms  rejected=0 retries=0 errors=0
    publish@1000                            252.8 ops/s  p50=  4.323ms p99=  61.221ms  rejected=0 retries=0 errors=0
    publish@10000                           464.1 ops/s  p50=  3.682ms p99=   3.682ms  rejected=0 retries=0 errors=0
    publish@100000                          359.7 ops/s  p50=  5.479ms p99=   5.479ms  rejected=0 retries=0 errors=0
      audit after publish: consistent (2313 events, 5741 tickets; rejections late=0 boundary=0)
  race trial 1/1 (32 buyers per event, fresh load):
      race event 52: gate 2026-09-15T23:21:43.043093795Z, deadline 2026-09-15T23:22:43.043093795Z
      race event 53: gate 2026-09-15T23:21:44.588716921Z, deadline 2026-09-15T23:22:44.588716921Z
      race event 54: gate 2026-09-15T23:21:45.326032998Z, deadline 2026-09-15T23:22:45.326032998Z
      race event 55: gate 2026-09-15T23:21:45.542794304Z, deadline 2026-09-15T23:22:45.542794304Z
      race event 56: gate 2026-09-15T23:21:45.783749485Z, deadline 2026-09-15T23:22:45.783749485Z
      race event 57: gate 2026-09-15T23:21:46.064414797Z, deadline 2026-09-15T23:22:46.064414797Z
      race event 58: gate 2026-09-15T23:21:46.321430934Z, deadline 2026-09-15T23:22:46.321430934Z
      race event 59: gate 2026-09-15T23:21:46.796119189Z, deadline 2026-09-15T23:22:46.796119189Z
      race event 60: gate 2026-09-15T23:21:47.369021642Z, deadline 2026-09-15T23:22:47.369021642Z
      race event 61: gate 2026-09-15T23:21:47.681721621Z, deadline 2026-09-15T23:22:47.681721621Z
      race event 62: gate 2026-09-15T23:21:48.252679224Z, deadline 2026-09-15T23:22:48.252679224Z
      race event 63: gate 2026-09-15T23:21:48.8020795Z, deadline 2026-09-15T23:22:48.8020795Z
      race event 64: gate 2026-09-15T23:21:49.186428419Z, deadline 2026-09-15T23:22:49.186428419Z
      race event 65: gate 2026-09-15T23:21:49.678836429Z, deadline 2026-09-15T23:22:49.678836429Z
      race event 66: gate 2026-09-15T23:21:50.024119402Z, deadline 2026-09-15T23:22:50.024119402Z
      race event 67: gate 2026-09-15T23:21:50.585280041Z, deadline 2026-09-15T23:22:50.585280041Z
      race event 68: gate 2026-09-15T23:21:51.022968499Z, deadline 2026-09-15T23:22:51.022968499Z
      race event 69: gate 2026-09-15T23:21:51.367776175Z, deadline 2026-09-15T23:22:51.367776175Z
      race event 70: gate 2026-09-15T23:21:51.69584667Z, deadline 2026-09-15T23:22:51.69584667Z
      race event 71: gate 2026-09-15T23:21:51.962600758Z, deadline 2026-09-15T23:22:51.962600758Z
    race     10 seats x20        34.1 seats/s  conflicts/hold=14.05 reads/hold=24.30  hold p50=47.21ms p99=203.20ms  deferred 7/7 ok  confirm retries sold/run=0/0  errors=0  ok
      audit: consistent (20 events, 200 tickets; rejections late=0 boundary=0)
      race event 72: gate 2026-09-15T23:21:52.4297018Z, deadline 2026-09-15T23:22:52.4297018Z
      race event 73: gate 2026-09-15T23:21:54.681632465Z, deadline 2026-09-15T23:22:54.681632465Z
      race event 74: gate 2026-09-15T23:21:56.775924496Z, deadline 2026-09-15T23:22:56.775924496Z
      race event 75: gate 2026-09-15T23:21:58.830890748Z, deadline 2026-09-15T23:22:58.830890748Z
    race    100 seats x4         54.9 seats/s  conflicts/hold=4.91 reads/hold=7.94  hold p50=58.28ms p99=374.73ms  deferred 21/21 ok  confirm retries sold/run=0/0  errors=0  ok
      audit: consistent (4 events, 400 tickets; rejections late=0 boundary=0)
      race event 76: gate 2026-09-15T23:22:01.328719771Z, deadline 2026-09-15T23:23:01.328719771Z
    race   1000 seats x1         89.5 seats/s  conflicts/hold=1.41 reads/hold=3.36  hold p50=63.28ms p99=460.82ms  deferred 37/37 ok  confirm retries sold/run=0/0  errors=0  ok
      audit: consistent (1 events, 1000 tickets; rejections late=0 boundary=0)
      race event 77: gate 2026-09-15T23:22:13.554559062Z, deadline 2026-09-15T23:23:13.554559062Z
    race  10000 seats x1        135.3 seats/s  conflicts/hold=0.60 reads/hold=1.95  hold p50=75.25ms p99=810.05ms  deferred 330/330 ok  confirm retries sold/run=0/0  errors=0  ok, 1 timed out (81% sold)
      audit: consistent (1 events, 8118 tickets; rejections late=0 boundary=0)
  lifecycle trial 1/1 (32 buyers per event, one human minute = 500ms, fresh load):
    lifecycle    10 seats x3       0.4 confirmed seats/s  holds=21 abandoned=2+0 expired@check=0 rejected late/boundary/early(transient)=2/0/0(0)  confirm retries sold/run=0/0  outage unavailable=0/0  leaked=0 errors=0  monitor retries/ended early=0/0  ok
      audit: consistent (3 events, 30 tickets; rejections late=2 boundary=0)
    lifecycle   100 seats x2       1.5 confirmed seats/s  holds=143 abandoned=20+14 expired@check=4 rejected late/boundary/early(transient)=2/0/0(0)  confirm retries sold/run=0/0  outage unavailable=0/0  leaked=0 errors=0  monitor retries/ended early=0/0  ok
      audit: consistent (2 events, 200 tickets; rejections late=2 boundary=0)
  wrote /results/l2_section_document.json
