The files belonging to this database system will be owned by user "postgres".
initdb: warning: enabling "trust" authentication for local connections
This user must also own the server process.

The database cluster will be initialized with locale "en_US.utf8".
The default database encoding has accordingly been set to "UTF8".
The default text search configuration will be set to "english".

Data page checksums are disabled.

fixing permissions on existing directory /var/lib/postgresql/data/pgdata ... ok
creating subdirectories ... ok
selecting dynamic shared memory implementation ... posix
selecting default "max_connections" ... 100
selecting default "shared_buffers" ... 128MB
selecting default time zone ... Etc/UTC
creating configuration files ... ok
running bootstrap script ... ok
performing post-bootstrap initialization ... ok
syncing data to disk ... ok


Success. You can now start the database server using:

    pg_ctl -D /var/lib/postgresql/data/pgdata -l logfile start

waiting for server to start....2026-09-21 16:44:42.363 UTC [47] LOG:  starting PostgreSQL 17.11 (Debian 17.11-1.pgdg13+2) on x86_64-pc-linux-gnu, compiled by gcc (Debian 14.2.0-19) 14.2.0, 64-bit
2026-09-21 16:44:42.365 UTC [47] LOG:  listening on Unix socket "/var/run/postgresql/.s.PGSQL.5432"
2026-09-21 16:44:42.370 UTC [50] LOG:  database system was shut down at 2026-09-21 16:44:42 UTC
2026-09-21 16:44:42.398 UTC [47] LOG:  database system is ready to accept connections
 done
server started
CREATE DATABASE


/usr/local/bin/docker-entrypoint.sh: ignoring /docker-entrypoint-initdb.d/*

waiting for server to shut down....2026-09-21 16:44:42.649 UTC [47] LOG:  received fast shutdown request
2026-09-21 16:44:42.653 UTC [47] LOG:  aborting any active transactions
2026-09-21 16:44:42.654 UTC [47] LOG:  background worker "logical replication launcher" (PID 53) exited with exit code 1
2026-09-21 16:44:42.655 UTC [48] LOG:  shutting down
2026-09-21 16:44:42.678 UTC [48] LOG:  checkpoint starting: shutdown immediate
2026-09-21 16:44:42.804 UTC [48] LOG:  checkpoint complete: wrote 925 buffers (0.9%); 0 WAL file(s) added, 0 removed, 0 recycled; write=0.029 s, sync=0.068 s, total=0.149 s; sync files=301, longest=0.003 s, average=0.001 s; distance=4256 kB, estimate=4256 kB; lsn=0/19179D8, redo lsn=0/19179D8
initdb: hint: You can change this by editing pg_hba.conf or using the option -A, or --auth-local and --auth-host, the next time you run initdb.
2026-09-21 16:44:42.812 UTC [47] LOG:  database system is shut down
2026-09-21 16:44:42.911 UTC [1] LOG:  starting PostgreSQL 17.11 (Debian 17.11-1.pgdg13+2) on x86_64-pc-linux-gnu, compiled by gcc (Debian 14.2.0-19) 14.2.0, 64-bit
 done
server stopped

PostgreSQL init process complete; ready for start up.

2026-09-21 16:44:42.911 UTC [1] LOG:  listening on IPv4 address "0.0.0.0", port 5432
2026-09-21 16:44:42.911 UTC [1] LOG:  listening on IPv6 address "::", port 5432
2026-09-21 16:44:42.915 UTC [1] LOG:  listening on Unix socket "/var/run/postgresql/.s.PGSQL.5432"
2026-09-21 16:44:42.921 UTC [63] LOG:  database system was shut down at 2026-09-21 16:44:42 UTC
2026-09-21 16:44:42.947 UTC [1] LOG:  database system is ready to accept connections
2026-09-21 16:45:52.389 UTC [99] ERROR:  duplicate key value violates unique constraint "donation_pkey"
2026-09-21 16:45:52.389 UTC [99] DETAIL:  Key (donation_id)=(23725) already exists.
2026-09-21 16:45:52.389 UTC [99] STATEMENT:  INSERT INTO donation (donation_id, person_id, charity_id, amount_cents, currency, donated_at, note)
	VALUES ($1, $2, $3, $4, $5, $6, $7)
2026-09-21 16:46:57.413 UTC [138] ERROR:  duplicate key value violates unique constraint "donation_pkey"
2026-09-21 16:46:57.413 UTC [138] DETAIL:  Key (donation_id)=(21361) already exists.
2026-09-21 16:46:57.413 UTC [138] STATEMENT:  INSERT INTO donation (donation_id, person_id, charity_id, amount_cents, currency, donated_at, note)
	VALUES ($1, $2, $3, $4, $5, $6, $7)
2026-09-21 16:48:00.319 UTC [175] ERROR:  duplicate key value violates unique constraint "donation_pkey"
2026-09-21 16:48:00.319 UTC [175] DETAIL:  Key (donation_id)=(23079) already exists.
2026-09-21 16:48:00.319 UTC [175] STATEMENT:  INSERT INTO donation (donation_id, person_id, charity_id, amount_cents, currency, donated_at, note)
	VALUES ($1, $2, $3, $4, $5, $6, $7)
2026-09-21 16:48:36.127 UTC [198] ERROR:  duplicate key value violates unique constraint "donation_pkey"
2026-09-21 16:48:36.127 UTC [198] DETAIL:  Key (donation_id)=(1727) already exists.
2026-09-21 16:48:36.127 UTC [198] STATEMENT:  INSERT INTO donation (donation_id, person_id, charity_id, amount_cents, currency, donated_at, note)
	VALUES ($1, $2, $3, $4, $5, $6, $7)
2026-09-21 16:49:12.921 UTC [223] ERROR:  duplicate key value violates unique constraint "donation_pkey"
2026-09-21 16:49:12.921 UTC [223] DETAIL:  Key (donation_id)=(23402) already exists.
2026-09-21 16:49:12.921 UTC [223] STATEMENT:  INSERT INTO donation (donation_id, person_id, charity_id, amount_cents, currency, donated_at, note)
	VALUES ($1, $2, $3, $4, $5, $6, $7)
2026-09-21 16:49:49.810 UTC [242] ERROR:  duplicate key value violates unique constraint "donation_pkey"
2026-09-21 16:49:49.810 UTC [242] DETAIL:  Key (donation_id)=(24753) already exists.
2026-09-21 16:49:49.810 UTC [242] STATEMENT:  INSERT INTO donation (donation_id, person_id, charity_id, amount_cents, currency, donated_at, note)
	VALUES ($1, $2, $3, $4, $5, $6, $7)
2026-09-21 16:50:12.296 UTC [61] LOG:  checkpoint starting: time
2026-09-21 16:50:28.373 UTC [269] ERROR:  duplicate key value violates unique constraint "donation_pkey"
2026-09-21 16:50:28.373 UTC [269] DETAIL:  Key (donation_id)=(23948) already exists.
2026-09-21 16:50:28.373 UTC [269] STATEMENT:  INSERT INTO donation (donation_id, person_id, charity_id, amount_cents, currency, donated_at, note)
	VALUES ($1, $2, $3, $4, $5, $6, $7)
2026-09-21 16:51:29.168 UTC [318] ERROR:  duplicate key value violates unique constraint "donation_pkey"
2026-09-21 16:51:29.168 UTC [318] DETAIL:  Key (donation_id)=(24381) already exists.
2026-09-21 16:51:29.168 UTC [318] STATEMENT:  INSERT INTO donation (donation_id, person_id, charity_id, amount_cents, currency, donated_at, note)
	VALUES ($1, $2, $3, $4, $5, $6, $7)
2026-09-21 16:52:04.192 UTC [61] LOG:  checkpoint complete: wrote 241 buffers (0.2%); 0 WAL file(s) added, 0 removed, 7 recycled; write=111.518 s, sync=0.301 s, total=111.897 s; sync files=359, longest=0.043 s, average=0.001 s; distance=112462 kB, estimate=112462 kB; lsn=0/B379578, redo lsn=0/86EB558
2026-09-21 16:52:07.260 UTC [337] ERROR:  duplicate key value violates unique constraint "donation_pkey"
2026-09-21 16:52:07.260 UTC [337] DETAIL:  Key (donation_id)=(24652) already exists.
2026-09-21 16:52:07.260 UTC [337] STATEMENT:  INSERT INTO donation (donation_id, person_id, charity_id, amount_cents, currency, donated_at, note)
	VALUES ($1, $2, $3, $4, $5, $6, $7)
2026-09-21 16:52:43.977 UTC [361] ERROR:  duplicate key value violates unique constraint "donation_pkey"
2026-09-21 16:52:43.977 UTC [361] DETAIL:  Key (donation_id)=(24213) already exists.
2026-09-21 16:52:43.977 UTC [361] STATEMENT:  INSERT INTO donation (donation_id, person_id, charity_id, amount_cents, currency, donated_at, note)
	VALUES ($1, $2, $3, $4, $5, $6, $7)
2026-09-21 16:53:45.545 UTC [405] ERROR:  duplicate key value violates unique constraint "donation_pkey"
2026-09-21 16:53:45.545 UTC [405] DETAIL:  Key (donation_id)=(21365) already exists.
2026-09-21 16:53:45.545 UTC [405] STATEMENT:  INSERT INTO donation (donation_id, person_id, charity_id, amount_cents, currency, donated_at, note)
	VALUES ($1, $2, $3, $4, $5, $6, $7)
2026-09-21 16:54:22.306 UTC [424] ERROR:  duplicate key value violates unique constraint "donation_pkey"
2026-09-21 16:54:22.306 UTC [424] DETAIL:  Key (donation_id)=(24527) already exists.
2026-09-21 16:54:22.306 UTC [424] STATEMENT:  INSERT INTO donation (donation_id, person_id, charity_id, amount_cents, currency, donated_at, note)
	VALUES ($1, $2, $3, $4, $5, $6, $7)
2026-09-21 16:54:59.080 UTC [449] ERROR:  duplicate key value violates unique constraint "donation_pkey"
2026-09-21 16:54:59.080 UTC [449] DETAIL:  Key (donation_id)=(23646) already exists.
2026-09-21 16:54:59.080 UTC [449] STATEMENT:  INSERT INTO donation (donation_id, person_id, charity_id, amount_cents, currency, donated_at, note)
	VALUES ($1, $2, $3, $4, $5, $6, $7)
2026-09-21 16:55:29.870 UTC [61] LOG:  checkpoint starting: time
2026-09-21 16:55:37.240 UTC [472] ERROR:  duplicate key value violates unique constraint "donation_pkey"
2026-09-21 16:55:37.240 UTC [472] DETAIL:  Key (donation_id)=(25181) already exists.
2026-09-21 16:55:37.240 UTC [472] STATEMENT:  INSERT INTO donation (donation_id, person_id, charity_id, amount_cents, currency, donated_at, note)
	VALUES ($1, $2, $3, $4, $5, $6, $7)
2026-09-21 16:56:40.310 UTC [510] ERROR:  duplicate key value violates unique constraint "donation_pkey"
2026-09-21 16:56:40.310 UTC [510] DETAIL:  Key (donation_id)=(22248) already exists.
2026-09-21 16:56:40.310 UTC [510] STATEMENT:  INSERT INTO donation (donation_id, person_id, charity_id, amount_cents, currency, donated_at, note)
	VALUES ($1, $2, $3, $4, $5, $6, $7)
2026-09-21 16:57:16.159 UTC [535] ERROR:  duplicate key value violates unique constraint "donation_pkey"
2026-09-21 16:57:16.159 UTC [535] DETAIL:  Key (donation_id)=(24564) already exists.
2026-09-21 16:57:16.159 UTC [535] STATEMENT:  INSERT INTO donation (donation_id, person_id, charity_id, amount_cents, currency, donated_at, note)
	VALUES ($1, $2, $3, $4, $5, $6, $7)
2026-09-21 16:57:23.276 UTC [61] LOG:  checkpoint complete: wrote 186 buffers (0.2%); 0 WAL file(s) added, 0 removed, 7 recycled; write=113.141 s, sync=0.206 s, total=113.407 s; sync files=291, longest=0.041 s, average=0.001 s; distance=120406 kB, estimate=120406 kB; lsn=0/127FAD00, redo lsn=0/FC80DD0
2026-09-21 16:58:14.796 UTC [586] ERROR:  duplicate key value violates unique constraint "donation_pkey"
2026-09-21 16:58:14.796 UTC [586] DETAIL:  Key (donation_id)=(10) already exists.
2026-09-21 16:58:14.796 UTC [586] STATEMENT:  INSERT INTO donation (donation_id, person_id, charity_id, amount_cents, currency, donated_at, note)
	VALUES ($1, $2, $3, $4, $5, $6, $7)
2026-09-21 16:58:53.637 UTC [601] ERROR:  duplicate key value violates unique constraint "donation_pkey"
2026-09-21 16:58:53.637 UTC [601] DETAIL:  Key (donation_id)=(24002) already exists.
2026-09-21 16:58:53.637 UTC [601] STATEMENT:  INSERT INTO donation (donation_id, person_id, charity_id, amount_cents, currency, donated_at, note)
	VALUES ($1, $2, $3, $4, $5, $6, $7)
2026-09-21 16:59:30.899 UTC [626] ERROR:  duplicate key value violates unique constraint "donation_pkey"
2026-09-21 16:59:30.899 UTC [626] DETAIL:  Key (donation_id)=(24345) already exists.
2026-09-21 16:59:30.899 UTC [626] STATEMENT:  INSERT INTO donation (donation_id, person_id, charity_id, amount_cents, currency, donated_at, note)
	VALUES ($1, $2, $3, $4, $5, $6, $7)
