  engine: PostgreSQL 17.11 (Debian 17.11-1.pgdg13+2) on x86_64-pc-linux-gnu, compiled by gcc (Debian 14.2.0-19) 14.2.0, 64-bit
  dataset: 40 bands, 690 events, 289500 seats, 65388 sold at load
  loading p3_precreated_cas ...
  loaded in 0.9s (copy 0.7s, index 0.2s)
  verifying answers against ground truth ...
    46/46 checks passed; audit on load: consistent (690 events, 65388 seats sold)
  write benchmark (fresh load per op):
    book                                   4370.6 ops/s  p50=  1.163ms p99=   9.055ms  rejected=1 retries=5202 errors=0
      audit after book: consistent (690 events, 96578 seats sold)
    cancel                                 6117.4 ops/s  p50=  1.197ms p99=   2.158ms  rejected=0 retries=0 errors=0
      audit after cancel: consistent (690 events, 36738 seats sold)
      report check r01_event_sales_window@write:cancel event 500 (booked=0, cancelled=17988): ok
  race trial 1/3 (32 buyers per event, fresh load):
    race       10 seats x100     3155.3 sold/s  p50=  2.214ms p99=   4.680ms  attempts/sale=3.57 errors=0  editor p99=4.22ms  ok
      audit: consistent (690 events, 66388 seats sold)
    race      100 seats x20      7385.5 sold/s  p50=  1.961ms p99=   8.861ms  attempts/sale=1.81 errors=0  editor p99=2.78ms  ok
      audit: consistent (690 events, 68388 seats sold)
    race     1000 seats x5       7884.9 sold/s  p50=  1.909ms p99=  50.365ms  attempts/sale=1.26 errors=0  editor p99=47.14ms  ok
      audit: consistent (690 events, 73388 seats sold)
    race    10000 seats x2       7736.8 sold/s  p50=  1.916ms p99=  51.641ms  attempts/sale=1.09 errors=0  editor p99=49.61ms  ok
      audit: consistent (690 events, 93388 seats sold)
    race   100000 seats x1       8683.9 sold/s  p50=  2.055ms p99=  47.139ms  attempts/sale=1.02 errors=0  editor p99=43.30ms  ok
      audit: consistent (690 events, 193388 seats sold)
  churn trial 1/3 (32 buyers per event, fresh load):
    churn      10 seats x50      1501.5 sold/s  p50=  2.087ms p99=   8.057ms  attempts/sale=3.81 errors=0  editor p99=6.08ms  ok
      audit: consistent (690 events, 65888 seats sold)
    churn     100 seats x10      5889.2 sold/s  p50=  2.057ms p99=  10.817ms  attempts/sale=1.88 errors=0  editor p99=2.21ms  ok
      audit: consistent (690 events, 66888 seats sold)
    churn    1000 seats x2       6725.0 sold/s  p50=  1.900ms p99=  36.565ms  attempts/sale=1.26 errors=0  editor p99=32.48ms  ok
      audit: consistent (690 events, 68888 seats sold)
      report check r01_event_sales_window@churn#1 event 689 (booked=1099, cancelled=99): ok
  race trial 2/3 (32 buyers per event, fresh load):
    race       10 seats x100     1131.2 sold/s  p50=  6.628ms p99=   9.683ms  attempts/sale=3.72 errors=0  editor p99=9.35ms  ok
      audit: consistent (690 events, 66388 seats sold)
    race      100 seats x20      1841.9 sold/s  p50=  6.712ms p99=  38.129ms  attempts/sale=1.76 errors=0  editor p99=9.45ms  ok
      audit: consistent (690 events, 68388 seats sold)
    race     1000 seats x5       3140.5 sold/s  p50=  6.601ms p99=  44.219ms  attempts/sale=1.22 errors=0  editor p99=8.60ms  ok
      audit: consistent (690 events, 73388 seats sold)
    race    10000 seats x2       4055.2 sold/s  p50=  6.540ms p99=  32.224ms  attempts/sale=1.07 errors=0  editor p99=8.57ms  ok
      audit: consistent (690 events, 93388 seats sold)
    race   100000 seats x1       4451.4 sold/s  p50=  6.586ms p99=  19.519ms  attempts/sale=1.02 errors=0  editor p99=9.53ms  ok
      audit: consistent (690 events, 193388 seats sold)
  churn trial 2/3 (32 buyers per event, fresh load):
    churn      10 seats x50       389.4 sold/s  p50=  6.816ms p99=  35.145ms  attempts/sale=3.78 errors=0  editor p99=8.56ms  ok
      audit: consistent (690 events, 65888 seats sold)
    churn     100 seats x10      1601.2 sold/s  p50=  6.676ms p99=  32.816ms  attempts/sale=1.73 errors=0  editor p99=7.40ms  ok
      audit: consistent (690 events, 66888 seats sold)
    churn    1000 seats x2       2620.7 sold/s  p50=  6.705ms p99=  42.430ms  attempts/sale=1.23 errors=0  editor p99=9.17ms  ok
      audit: consistent (690 events, 68888 seats sold)
      report check r01_event_sales_window@churn#2 event 690 (booked=1121, cancelled=121): ok
  race trial 3/3 (32 buyers per event, fresh load):
    race       10 seats x100     1022.8 sold/s  p50=  6.850ms p99=   9.928ms  attempts/sale=3.75 errors=0  editor p99=9.05ms  ok
      audit: consistent (690 events, 66388 seats sold)
    race      100 seats x20      1961.7 sold/s  p50=  6.608ms p99=  32.290ms  attempts/sale=1.75 errors=0  editor p99=7.92ms  ok
      audit: consistent (690 events, 68388 seats sold)
    race     1000 seats x5       2894.0 sold/s  p50=  6.534ms p99=  49.801ms  attempts/sale=1.26 errors=0  editor p99=8.41ms  ok
      audit: consistent (690 events, 73388 seats sold)
    race    10000 seats x2       4015.7 sold/s  p50=  6.549ms p99=  32.731ms  attempts/sale=1.08 errors=0  editor p99=8.56ms  ok
      audit: consistent (690 events, 93388 seats sold)
    race   100000 seats x1       4359.1 sold/s  p50=  6.583ms p99=  19.554ms  attempts/sale=1.03 errors=0  editor p99=10.16ms  ok
      audit: consistent (690 events, 193388 seats sold)
  churn trial 3/3 (32 buyers per event, fresh load):
    churn      10 seats x50       366.3 sold/s  p50=  6.762ms p99=  35.423ms  attempts/sale=3.91 errors=0  editor p99=7.30ms  ok
      audit: consistent (690 events, 65888 seats sold)
    churn     100 seats x10      1433.5 sold/s  p50=  6.693ms p99=  35.745ms  attempts/sale=1.78 errors=0  editor p99=7.82ms  ok
      audit: consistent (690 events, 66888 seats sold)
    churn    1000 seats x2       2901.2 sold/s  p50=  6.651ms p99=  39.357ms  attempts/sale=1.22 errors=0  editor p99=8.11ms  ok
      audit: consistent (690 events, 68888 seats sold)
      report check r01_event_sales_window@churn#3 event 690 (booked=1128, cancelled=128): ok
  wrote /results/p3_precreated_cas.json
