  engine: PostgreSQL 17.11 (Debian 17.11-1.pgdg13+2) on x86_64-pc-linux-gnu, compiled by gcc (Debian 14.2.0-19) 14.2.0, 64-bit
  dataset: 40 bands, 690 events, 289500 seats, 65388 sold at load
  loading x1_cas_ledger ...
  loaded in 1.1s (copy 0.8s, index 0.2s)
  verifying answers against ground truth ...
    48/48 checks passed; audit on load: consistent (690 events, 65388 seats sold)
    ledger audit on load: consistent (289500 seats checked)
  write benchmark (fresh load per op):
    book                                   4080.2 ops/s  p50=  1.262ms p99=   9.778ms  rejected=0 retries=4650 errors=0
      audit after book: consistent (690 events, 94132 seats sold)
      ledger audit after book: consistent (289500 seats checked)
    cancel                                 5103.8 ops/s  p50=  1.367ms p99=   6.724ms  rejected=0 retries=0 errors=0
      audit after cancel: consistent (690 events, 38801 seats sold)
      ledger audit after cancel: consistent (289500 seats checked)
      report check r01_event_sales_window@write:cancel event 500 (booked=0, cancelled=16699): ok
      report check r05_refunds_window@write:cancel every event (harness cancelled=26587, tolerance=0): ok
  race trial 1/3 (32 buyers per event, fresh load):
    race       10 seats x100     2108.1 sold/s  p50=  2.541ms p99=  21.888ms  attempts/sale=3.74 errors=0  editor p99=20.78ms  ok
      audit: consistent (690 events, 66388 seats sold)
      ledger audit: consistent (289500 seats checked)
    race      100 seats x20      3219.5 sold/s  p50=  2.607ms p99=  28.053ms  attempts/sale=1.80 errors=0  editor p99=22.49ms  ok
      audit: consistent (690 events, 68388 seats sold)
      ledger audit: consistent (289500 seats checked)
    race     1000 seats x5       5069.9 sold/s  p50=  2.642ms p99=  45.346ms  attempts/sale=1.25 errors=0  editor p99=47.28ms  ok
      audit: consistent (690 events, 73388 seats sold)
      ledger audit: consistent (289500 seats checked)
    race    10000 seats x2       5213.1 sold/s  p50=  2.565ms p99=  58.815ms  attempts/sale=1.09 errors=0  editor p99=52.90ms  ok
      audit: consistent (690 events, 93388 seats sold)
      ledger audit: consistent (289500 seats checked)
    race   100000 seats x1       5740.1 sold/s  p50=  2.324ms p99=  60.308ms  attempts/sale=1.03 errors=0  editor p99=44.36ms  ok
      audit: consistent (690 events, 193388 seats sold)
      ledger audit: consistent (289500 seats checked)
  churn trial 1/3 (32 buyers per event, fresh load):
    churn      10 seats x50      1455.2 sold/s  p50=  2.380ms p99=  10.234ms  attempts/sale=3.72 errors=0  editor p99=3.18ms  ok
      audit: consistent (690 events, 65888 seats sold)
      ledger audit: consistent (289500 seats checked)
    churn     100 seats x10      3836.4 sold/s  p50=  2.326ms p99=  15.838ms  attempts/sale=1.89 errors=0  editor p99=4.71ms  ok
      audit: consistent (690 events, 66888 seats sold)
      ledger audit: consistent (289500 seats checked)
    churn    1000 seats x2       4325.7 sold/s  p50=  2.425ms p99=  62.737ms  attempts/sale=1.26 errors=0  editor p99=43.96ms  ok
      audit: consistent (690 events, 68888 seats sold)
      ledger audit: consistent (289500 seats checked)
      report check r01_event_sales_window@churn#1 event 689 (booked=1126, cancelled=126): ok
      report check r05_refunds_window@churn#1     every event (harness cancelled=398, tolerance=0): ok
  race trial 2/3 (32 buyers per event, fresh load):
    race       10 seats x100     3258.3 sold/s  p50=  2.212ms p99=   3.617ms  attempts/sale=3.62 errors=0  editor p99=2.91ms  ok
      audit: consistent (690 events, 66388 seats sold)
      ledger audit: consistent (289500 seats checked)
    race      100 seats x20      5982.0 sold/s  p50=  2.472ms p99=  15.417ms  attempts/sale=1.84 errors=0  editor p99=2.85ms  ok
      audit: consistent (690 events, 68388 seats sold)
      ledger audit: consistent (289500 seats checked)
    race     1000 seats x5       5552.8 sold/s  p50=  2.240ms p99=  53.928ms  attempts/sale=1.27 errors=0  editor p99=44.21ms  ok
      audit: consistent (690 events, 73388 seats sold)
      ledger audit: consistent (289500 seats checked)
    race    10000 seats x2       5664.3 sold/s  p50=  2.324ms p99=  59.322ms  attempts/sale=1.08 errors=0  editor p99=51.91ms  ok
      audit: consistent (690 events, 93388 seats sold)
      ledger audit: consistent (289500 seats checked)
    race   100000 seats x1       5697.9 sold/s  p50=  2.334ms p99=  60.402ms  attempts/sale=1.03 errors=0  editor p99=46.38ms  ok
      audit: consistent (690 events, 193388 seats sold)
      ledger audit: consistent (289500 seats checked)
  churn trial 2/3 (32 buyers per event, fresh load):
    churn      10 seats x50      1550.4 sold/s  p50=  2.455ms p99=   7.603ms  attempts/sale=3.82 errors=0  editor p99=3.36ms  ok
      audit: consistent (690 events, 65888 seats sold)
      ledger audit: consistent (289500 seats checked)
    churn     100 seats x10      4805.4 sold/s  p50=  2.555ms p99=  11.298ms  attempts/sale=1.91 errors=0  editor p99=3.19ms  ok
      audit: consistent (690 events, 66888 seats sold)
      ledger audit: consistent (289500 seats checked)
    churn    1000 seats x2       4200.1 sold/s  p50=  2.470ms p99=  66.920ms  attempts/sale=1.27 errors=0  editor p99=49.03ms  ok
      audit: consistent (690 events, 68888 seats sold)
      ledger audit: consistent (289500 seats checked)
      report check r01_event_sales_window@churn#2 event 690 (booked=1129, cancelled=129): ok
      report check r05_refunds_window@churn#2     every event (harness cancelled=399, tolerance=0): ok
  race trial 3/3 (32 buyers per event, fresh load):
    race       10 seats x100     3002.8 sold/s  p50=  2.353ms p99=   5.406ms  attempts/sale=3.72 errors=0  editor p99=3.98ms  ok
      audit: consistent (690 events, 66388 seats sold)
      ledger audit: consistent (289500 seats checked)
    race      100 seats x20      6030.1 sold/s  p50=  2.308ms p99=  18.535ms  attempts/sale=1.82 errors=0  editor p99=5.12ms  ok
      audit: consistent (690 events, 68388 seats sold)
      ledger audit: consistent (289500 seats checked)
    race     1000 seats x5       5367.2 sold/s  p50=  2.264ms p99=  61.127ms  attempts/sale=1.26 errors=0  editor p99=50.60ms  ok
      audit: consistent (690 events, 73388 seats sold)
      ledger audit: consistent (289500 seats checked)
    race    10000 seats x2       5780.9 sold/s  p50=  2.296ms p99=  59.667ms  attempts/sale=1.07 errors=0  editor p99=47.15ms  ok
      audit: consistent (690 events, 93388 seats sold)
      ledger audit: consistent (289500 seats checked)
    race   100000 seats x1       5665.0 sold/s  p50=  2.379ms p99=  60.130ms  attempts/sale=1.02 errors=0  editor p99=47.55ms  ok
      audit: consistent (690 events, 193388 seats sold)
      ledger audit: consistent (289500 seats checked)
  churn trial 3/3 (32 buyers per event, fresh load):
    churn      10 seats x50      1196.4 sold/s  p50=  2.324ms p99=  12.139ms  attempts/sale=3.65 errors=0  editor p99=3.09ms  ok
      audit: consistent (690 events, 65888 seats sold)
      ledger audit: consistent (289500 seats checked)
    churn     100 seats x10      4656.4 sold/s  p50=  2.363ms p99=  10.349ms  attempts/sale=1.87 errors=0  editor p99=2.74ms  ok
      audit: consistent (690 events, 66888 seats sold)
      ledger audit: consistent (289500 seats checked)
    churn    1000 seats x2       4698.9 sold/s  p50=  2.415ms p99=  60.264ms  attempts/sale=1.24 errors=0  editor p99=45.44ms  ok
      audit: consistent (690 events, 68888 seats sold)
      ledger audit: consistent (289500 seats checked)
      report check r01_event_sales_window@churn#3 event 689 (booked=1104, cancelled=104): ok
      report check r05_refunds_window@churn#3     every event (harness cancelled=377, tolerance=0): ok
  wrote /results/x1_cas_ledger.json
