  engine: PostgreSQL 15.12-YB-2025.2.6.0-b0 on x86_64-pc-linux-gnu, compiled by clang version 19.1.0 (https://github.com/yugabyte/llvm-project.git a2a6b655e14e7fa1fcf1011a6cb29cb8575249c0), 64-bit
  effective isolation for READ COMMITTED requests: read committed
  database clock minus client clock: 0.003 ms
  dataset: 5 venues, 658 events, 56103 tickets and 2217 holds at load
  loading l2_section_document ...
  loaded in 25.0s (copy 2.4s, index 19.4s)
  verifying answers against ground truth ...
    58/58 checks passed (margin 579s); audit on load: consistent (658 events, 56103 tickets; rejections late=0 boundary=0)
  race trial 1/1 (32 buyers per event, fresh load):
      race event 501: gate 2026-09-16T00:07:50.462163463Z, deadline 2026-09-16T00:08:50.462163463Z
      race event 502: gate 2026-09-16T00:07:52.520575844Z, deadline 2026-09-16T00:08:52.520575844Z
      race event 503: gate 2026-09-16T00:07:53.172248642Z, deadline 2026-09-16T00:08:53.172248642Z
      race event 504: gate 2026-09-16T00:07:53.633677294Z, deadline 2026-09-16T00:08:53.633677294Z
      race event 505: gate 2026-09-16T00:07:54.190726185Z, deadline 2026-09-16T00:08:54.190726185Z
      race event 506: gate 2026-09-16T00:07:54.562153557Z, deadline 2026-09-16T00:08:54.562153557Z
      race event 507: gate 2026-09-16T00:07:54.85041674Z, deadline 2026-09-16T00:08:54.85041674Z
      race event 508: gate 2026-09-16T00:07:55.271192353Z, deadline 2026-09-16T00:08:55.271192353Z
      race event 509: gate 2026-09-16T00:07:55.508699816Z, deadline 2026-09-16T00:08:55.508699816Z
      race event 510: gate 2026-09-16T00:07:55.969784359Z, deadline 2026-09-16T00:08:55.969784359Z
      race event 511: gate 2026-09-16T00:07:56.652830331Z, deadline 2026-09-16T00:08:56.652830331Z
      race event 512: gate 2026-09-16T00:07:57.264170649Z, deadline 2026-09-16T00:08:57.264170649Z
      race event 513: gate 2026-09-16T00:07:57.47221464Z, deadline 2026-09-16T00:08:57.47221464Z
      race event 514: gate 2026-09-16T00:07:57.977813946Z, deadline 2026-09-16T00:08:57.977813946Z
      race event 515: gate 2026-09-16T00:07:58.485576358Z, deadline 2026-09-16T00:08:58.485576358Z
      race event 516: gate 2026-09-16T00:07:58.659740329Z, deadline 2026-09-16T00:08:58.659740329Z
      race event 517: gate 2026-09-16T00:07:59.258413188Z, deadline 2026-09-16T00:08:59.258413188Z
      race event 518: gate 2026-09-16T00:07:59.587799367Z, deadline 2026-09-16T00:08:59.587799367Z
      race event 519: gate 2026-09-16T00:07:59.999578904Z, deadline 2026-09-16T00:08:59.999578904Z
      race event 520: gate 2026-09-16T00:08:00.34093195Z, deadline 2026-09-16T00:09:00.34093195Z
      race event 521: gate 2026-09-16T00:08:00.755475544Z, deadline 2026-09-16T00:09:00.755475544Z
      race event 522: gate 2026-09-16T00:08:00.989996407Z, deadline 2026-09-16T00:09:00.989996407Z
      race event 523: gate 2026-09-16T00:08:01.437795826Z, deadline 2026-09-16T00:09:01.437795826Z
      race event 524: gate 2026-09-16T00:08:01.696279806Z, deadline 2026-09-16T00:09:01.696279806Z
      race event 525: gate 2026-09-16T00:08:02.089388692Z, deadline 2026-09-16T00:09:02.089388692Z
      race event 526: gate 2026-09-16T00:08:02.344120432Z, deadline 2026-09-16T00:09:02.344120432Z
      race event 527: gate 2026-09-16T00:08:02.540726869Z, deadline 2026-09-16T00:09:02.540726869Z
      race event 528: gate 2026-09-16T00:08:03.024098486Z, deadline 2026-09-16T00:09:03.024098486Z
      race event 529: gate 2026-09-16T00:08:03.493100902Z, deadline 2026-09-16T00:09:03.493100902Z
      race event 530: gate 2026-09-16T00:08:03.808726524Z, deadline 2026-09-16T00:09:03.808726524Z
      race event 531: gate 2026-09-16T00:08:03.976960522Z, deadline 2026-09-16T00:09:03.976960522Z
      race event 532: gate 2026-09-16T00:08:04.187113873Z, deadline 2026-09-16T00:09:04.187113873Z
      race event 533: gate 2026-09-16T00:08:04.521916015Z, deadline 2026-09-16T00:09:04.521916015Z
      race event 534: gate 2026-09-16T00:08:04.748739113Z, deadline 2026-09-16T00:09:04.748739113Z
      race event 535: gate 2026-09-16T00:08:05.066327614Z, deadline 2026-09-16T00:09:05.066327614Z
      race event 536: gate 2026-09-16T00:08:05.244588535Z, deadline 2026-09-16T00:09:05.244588535Z
      race event 537: gate 2026-09-16T00:08:05.681876998Z, deadline 2026-09-16T00:09:05.681876998Z
      race event 538: gate 2026-09-16T00:08:05.863670312Z, deadline 2026-09-16T00:09:05.863670312Z
      race event 539: gate 2026-09-16T00:08:06.182491059Z, deadline 2026-09-16T00:09:06.182491059Z
      race event 540: gate 2026-09-16T00:08:06.557075827Z, deadline 2026-09-16T00:09:06.557075827Z
      race event 541: gate 2026-09-16T00:08:06.931388558Z, deadline 2026-09-16T00:09:06.931388558Z
      race event 542: gate 2026-09-16T00:08:07.22349116Z, deadline 2026-09-16T00:09:07.22349116Z
      race event 543: gate 2026-09-16T00:08:07.616454558Z, deadline 2026-09-16T00:09:07.616454558Z
      race event 544: gate 2026-09-16T00:08:08.793890903Z, deadline 2026-09-16T00:09:08.793890903Z
      race event 545: gate 2026-09-16T00:08:09.073927407Z, deadline 2026-09-16T00:09:09.073927407Z
      race event 546: gate 2026-09-16T00:08:09.389583311Z, deadline 2026-09-16T00:09:09.389583311Z
      race event 547: gate 2026-09-16T00:08:09.534254051Z, deadline 2026-09-16T00:09:09.534254051Z
      race event 548: gate 2026-09-16T00:08:09.860393762Z, deadline 2026-09-16T00:09:09.860393762Z
      race event 549: gate 2026-09-16T00:08:10.404232561Z, deadline 2026-09-16T00:09:10.404232561Z
      race event 550: gate 2026-09-16T00:08:10.621582244Z, deadline 2026-09-16T00:09:10.621582244Z
      race event 551: gate 2026-09-16T00:08:10.966260723Z, deadline 2026-09-16T00:09:10.966260723Z
      race event 552: gate 2026-09-16T00:08:11.244235895Z, deadline 2026-09-16T00:09:11.244235895Z
      race event 553: gate 2026-09-16T00:08:11.666047269Z, deadline 2026-09-16T00:09:11.666047269Z
      race event 554: gate 2026-09-16T00:08:11.783300489Z, deadline 2026-09-16T00:09:11.783300489Z
      race event 555: gate 2026-09-16T00:08:12.257975303Z, deadline 2026-09-16T00:09:12.257975303Z
      race event 556: gate 2026-09-16T00:08:12.570011663Z, deadline 2026-09-16T00:09:12.570011663Z
      race event 557: gate 2026-09-16T00:08:12.871928852Z, deadline 2026-09-16T00:09:12.871928852Z
      race event 558: gate 2026-09-16T00:08:13.176814107Z, deadline 2026-09-16T00:09:13.176814107Z
      race event 559: gate 2026-09-16T00:08:13.387895255Z, deadline 2026-09-16T00:09:13.387895255Z
      race event 560: gate 2026-09-16T00:08:13.658032326Z, deadline 2026-09-16T00:09:13.658032326Z
      race event 561: gate 2026-09-16T00:08:14.380724543Z, deadline 2026-09-16T00:09:14.380724543Z
      race event 562: gate 2026-09-16T00:08:14.582169624Z, deadline 2026-09-16T00:09:14.582169624Z
      race event 563: gate 2026-09-16T00:08:14.963956002Z, deadline 2026-09-16T00:09:14.963956002Z
      race event 564: gate 2026-09-16T00:08:15.867480302Z, deadline 2026-09-16T00:09:15.867480302Z
      race event 565: gate 2026-09-16T00:08:16.246833604Z, deadline 2026-09-16T00:09:16.246833604Z
      race event 566: gate 2026-09-16T00:08:16.801719594Z, deadline 2026-09-16T00:09:16.801719594Z
      race event 567: gate 2026-09-16T00:08:17.278494303Z, deadline 2026-09-16T00:09:17.278494303Z
      race event 568: gate 2026-09-16T00:08:17.950147296Z, deadline 2026-09-16T00:09:17.950147296Z
      race event 569: gate 2026-09-16T00:08:18.299848751Z, deadline 2026-09-16T00:09:18.299848751Z
      race event 570: gate 2026-09-16T00:08:18.624037897Z, deadline 2026-09-16T00:09:18.624037897Z
      race event 571: gate 2026-09-16T00:08:19.01290802Z, deadline 2026-09-16T00:09:19.01290802Z
      race event 572: gate 2026-09-16T00:08:19.272293902Z, deadline 2026-09-16T00:09:19.272293902Z
      race event 573: gate 2026-09-16T00:08:19.63873511Z, deadline 2026-09-16T00:09:19.63873511Z
      race event 574: gate 2026-09-16T00:08:19.957069145Z, deadline 2026-09-16T00:09:19.957069145Z
      race event 575: gate 2026-09-16T00:08:20.840740589Z, deadline 2026-09-16T00:09:20.840740589Z
      race event 576: gate 2026-09-16T00:08:21.114329395Z, deadline 2026-09-16T00:09:21.114329395Z
      race event 577: gate 2026-09-16T00:08:21.27592826Z, deadline 2026-09-16T00:09:21.27592826Z
      race event 578: gate 2026-09-16T00:08:21.584740479Z, deadline 2026-09-16T00:09:21.584740479Z
      race event 579: gate 2026-09-16T00:08:21.761897178Z, deadline 2026-09-16T00:09:21.761897178Z
      race event 580: gate 2026-09-16T00:08:22.051742832Z, deadline 2026-09-16T00:09:22.051742832Z
      race event 581: gate 2026-09-16T00:08:22.456969185Z, deadline 2026-09-16T00:09:22.456969185Z
      race event 582: gate 2026-09-16T00:08:22.72898693Z, deadline 2026-09-16T00:09:22.72898693Z
      race event 583: gate 2026-09-16T00:08:23.221555165Z, deadline 2026-09-16T00:09:23.221555165Z
      race event 584: gate 2026-09-16T00:08:23.477625632Z, deadline 2026-09-16T00:09:23.477625632Z
      race event 585: gate 2026-09-16T00:08:24.020900432Z, deadline 2026-09-16T00:09:24.020900432Z
      race event 586: gate 2026-09-16T00:08:24.498765886Z, deadline 2026-09-16T00:09:24.498765886Z
      race event 587: gate 2026-09-16T00:08:24.763923529Z, deadline 2026-09-16T00:09:24.763923529Z
      race event 588: gate 2026-09-16T00:08:25.060947032Z, deadline 2026-09-16T00:09:25.060947032Z
      race event 589: gate 2026-09-16T00:08:25.381053519Z, deadline 2026-09-16T00:09:25.381053519Z
      race event 590: gate 2026-09-16T00:08:25.718735303Z, deadline 2026-09-16T00:09:25.718735303Z
      race event 591: gate 2026-09-16T00:08:26.275627654Z, deadline 2026-09-16T00:09:26.275627654Z
      race event 592: gate 2026-09-16T00:08:26.432957555Z, deadline 2026-09-16T00:09:26.432957555Z
      race event 593: gate 2026-09-16T00:08:26.742925847Z, deadline 2026-09-16T00:09:26.742925847Z
      race event 594: gate 2026-09-16T00:08:27.076792802Z, deadline 2026-09-16T00:09:27.076792802Z
      race event 595: gate 2026-09-16T00:08:27.841427283Z, deadline 2026-09-16T00:09:27.841427283Z
      race event 596: gate 2026-09-16T00:08:28.123833042Z, deadline 2026-09-16T00:09:28.123833042Z
      race event 597: gate 2026-09-16T00:08:28.507138188Z, deadline 2026-09-16T00:09:28.507138188Z
      race event 598: gate 2026-09-16T00:08:28.871859495Z, deadline 2026-09-16T00:09:28.871859495Z
      race event 599: gate 2026-09-16T00:08:29.517209158Z, deadline 2026-09-16T00:09:29.517209158Z
      race event 600: gate 2026-09-16T00:08:29.783515281Z, deadline 2026-09-16T00:09:29.783515281Z
    race     10 seats x100       34.3 seats/s  conflicts/hold=14.95 reads/hold=26.29  hold p50=35.41ms p99=366.13ms  deferred 54/54 ok  confirm retries sold/run=0/0  errors=0  ok
      audit: consistent (100 events, 1000 tickets; rejections late=0 boundary=0)
      race event 601: gate 2026-09-16T00:08:30.674949263Z, deadline 2026-09-16T00:09:30.674949263Z
      race event 602: gate 2026-09-16T00:08:32.845766689Z, deadline 2026-09-16T00:09:32.845766689Z
      race event 603: gate 2026-09-16T00:08:36.306825734Z, deadline 2026-09-16T00:09:36.306825734Z
      race event 604: gate 2026-09-16T00:08:38.453726046Z, deadline 2026-09-16T00:09:38.453726046Z
      race event 605: gate 2026-09-16T00:08:40.283136717Z, deadline 2026-09-16T00:09:40.283136717Z
      race event 606: gate 2026-09-16T00:08:42.719771381Z, deadline 2026-09-16T00:09:42.719771381Z
      race event 607: gate 2026-09-16T00:08:45.193070407Z, deadline 2026-09-16T00:09:45.193070407Z
      race event 608: gate 2026-09-16T00:08:47.72519987Z, deadline 2026-09-16T00:09:47.72519987Z
      race event 609: gate 2026-09-16T00:08:49.653548701Z, deadline 2026-09-16T00:09:49.653548701Z
      race event 610: gate 2026-09-16T00:08:51.685321009Z, deadline 2026-09-16T00:09:51.685321009Z
      race event 611: gate 2026-09-16T00:08:53.877734842Z, deadline 2026-09-16T00:09:53.877734842Z
      race event 612: gate 2026-09-16T00:08:56.29164743Z, deadline 2026-09-16T00:09:56.29164743Z
      race event 613: gate 2026-09-16T00:08:58.637422143Z, deadline 2026-09-16T00:09:58.637422143Z
      race event 614: gate 2026-09-16T00:09:00.943018548Z, deadline 2026-09-16T00:10:00.943018548Z
      race event 615: gate 2026-09-16T00:09:03.245287034Z, deadline 2026-09-16T00:10:03.245287034Z
      race event 616: gate 2026-09-16T00:09:05.203004084Z, deadline 2026-09-16T00:10:05.203004084Z
      race event 617: gate 2026-09-16T00:09:07.539943012Z, deadline 2026-09-16T00:10:07.539943012Z
      race event 618: gate 2026-09-16T00:09:09.730354923Z, deadline 2026-09-16T00:10:09.730354923Z
      race event 619: gate 2026-09-16T00:09:11.725061947Z, deadline 2026-09-16T00:10:11.725061947Z
      race event 620: gate 2026-09-16T00:09:13.899311926Z, deadline 2026-09-16T00:10:13.899311926Z
    race    100 seats x20        51.9 seats/s  conflicts/hold=5.17 reads/hold=7.91  hold p50=78.23ms p99=576.36ms  deferred 93/93 ok  confirm retries sold/run=0/0  errors=0  ok
      audit: consistent (20 events, 2000 tickets; rejections late=0 boundary=0)
      race event 621: gate 2026-09-16T00:09:16.178829378Z, deadline 2026-09-16T00:10:16.178829378Z
      race event 622: gate 2026-09-16T00:09:29.537125777Z, deadline 2026-09-16T00:10:29.537125777Z
      race event 623: gate 2026-09-16T00:09:42.408918566Z, deadline 2026-09-16T00:10:42.408918566Z
      race event 624: gate 2026-09-16T00:09:55.580061204Z, deadline 2026-09-16T00:10:55.580061204Z
      race event 625: gate 2026-09-16T00:10:08.337338689Z, deadline 2026-09-16T00:11:08.337338689Z
    race   1000 seats x5         80.9 seats/s  conflicts/hold=1.83 reads/hold=4.55  hold p50=56.56ms p99=990.45ms  deferred 204/204 ok  confirm retries sold/run=0/0  errors=0  ok
      audit: consistent (5 events, 5000 tickets; rejections late=0 boundary=0)
      race event 626: gate 2026-09-16T00:10:22.147533794Z, deadline 2026-09-16T00:11:22.147533794Z
      race event 627: gate 2026-09-16T00:11:24.913227042Z, deadline 2026-09-16T00:12:24.913227042Z
    race  10000 seats x2        125.0 seats/s  conflicts/hold=0.55 reads/hold=1.85  hold p50=77.81ms p99=1103.41ms  deferred 609/609 ok  confirm retries sold/run=0/0  errors=0  ok, 2 timed out (75% sold)
      audit: consistent (2 events, 15011 tickets; rejections late=0 boundary=0)
  wrote /results/l2_section_document.json
