  engine: PostgreSQL 15.12-YB-2025.2.6.0-b0 on x86_64-pc-linux-gnu, compiled by clang version 19.1.0 (https://github.com/yugabyte/llvm-project.git a2a6b655e14e7fa1fcf1011a6cb29cb8575249c0), 64-bit
  effective isolation for READ COMMITTED requests: read committed
  database clock minus client clock: 0.000 ms
  dataset: 5 venues, 84 events, 5741 tickets and 165 holds at load
  loading s1_conditional_update ...
  loaded in 14.4s (copy 2.3s, index 2.8s)
  verifying answers against ground truth ...
    51/51 checks passed (margin 598s); audit on load: consistent (84 events, 5741 tickets; rejections late=0 boundary=0)
  race trial 1/4 (32 buyers per event, fresh load):
    race  10000 seats x1         76.0 seats/s  conflicts/hold=0.33 reads/hold=1.33  hold p50=97.58ms p99=601.27ms  deferred 65/65 ok  errors=0  ok, 1 timed out (15% sold)
      audit: consistent (1 events, 1534 tickets; rejections late=0 boundary=0)
  race trial 2/4 (32 buyers per event, fresh load):
    race  10000 seats x1         76.9 seats/s  conflicts/hold=0.38 reads/hold=1.39  hold p50=98.04ms p99=207.04ms  deferred 74/74 ok  errors=0  ok, 1 timed out (16% sold)
      audit: consistent (1 events, 1557 tickets; rejections late=0 boundary=0)
  race trial 3/4 (32 buyers per event, fresh load):
    race  10000 seats x1         81.2 seats/s  conflicts/hold=0.33 reads/hold=1.37  hold p50=99.08ms p99=277.20ms  deferred 73/73 ok  errors=0  VIOLATIONS, 1 timed out (16% sold)
      audit: VIOLATIONS — thefts 0, grants on sold seats 0, double sales 0, sales without the hold 0, late sales 0, early rejections 1, duplicate seats 0, inventory drift 0, invalid seats 0, partial holds 0, ticket mismatches 0
  race trial 4/4 (32 buyers per event, fresh load):
    race  10000 seats x1         79.1 seats/s  conflicts/hold=0.34 reads/hold=1.35  hold p50=97.64ms p99=207.79ms  deferred 66/66 ok  errors=0  ok, 1 timed out (16% sold)
      audit: consistent (1 events, 1607 tickets; rejections late=0 boundary=0)
  wrote /results/s1_conditional_update.json
