  engine: PostgreSQL 15.12-YB-2025.2.6.0-b0 on x86_64-pc-linux-gnu, compiled by clang version 19.1.0 (https://github.com/yugabyte/llvm-project.git a2a6b655e14e7fa1fcf1011a6cb29cb8575249c0), 64-bit
  effective isolation for READ COMMITTED requests: read committed
  database clock minus client clock: 0.003 ms
  dataset: 5 venues, 84 events, 5741 tickets and 165 holds at load
  loading s2_lock_then_update ...
  loaded in 25.6s (copy 2.0s, index 21.2s)
  verifying answers against ground truth ...
    51/51 checks passed (margin 576s); audit on load: consistent (84 events, 5741 tickets; rejections late=0 boundary=0)
  race trial 1/4 (32 buyers per event, fresh load):
    race  10000 seats x1         74.8 seats/s  conflicts/hold=0.38 reads/hold=1.39  hold p50=108.23ms p99=580.28ms  deferred 69/69 ok  errors=0  ok, 1 timed out (15% sold)
      audit: consistent (1 events, 1524 tickets; rejections late=0 boundary=0)
  race trial 2/4 (32 buyers per event, fresh load):
    race  10000 seats x1         81.9 seats/s  conflicts/hold=0.39 reads/hold=1.41  hold p50=107.37ms p99=302.17ms  deferred 76/76 ok  errors=0  ok, 1 timed out (17% sold)
      audit: consistent (1 events, 1652 tickets; rejections late=0 boundary=0)
  race trial 3/4 (32 buyers per event, fresh load):
    race  10000 seats x1         84.1 seats/s  conflicts/hold=0.31 reads/hold=1.33  hold p50=108.09ms p99=288.10ms  deferred 75/75 ok  errors=0  ok, 1 timed out (17% sold)
      audit: consistent (1 events, 1702 tickets; rejections late=0 boundary=0)
  race trial 4/4 (32 buyers per event, fresh load):
    race  10000 seats x1         81.6 seats/s  conflicts/hold=0.38 reads/hold=1.40  hold p50=108.47ms p99=291.40ms  deferred 72/72 ok  errors=0  VIOLATIONS, 1 timed out (16% sold)
      audit: VIOLATIONS — thefts 0, grants on sold seats 0, double sales 0, sales without the hold 0, late sales 0, early rejections 1, duplicate seats 0, inventory drift 0, invalid seats 0, partial holds 0, ticket mismatches 0
  wrote /results/s2_lock_then_update.json
