  engine: PostgreSQL 15.12-YB-2025.2.6.0-b0 on x86_64-pc-linux-gnu, compiled by clang version 19.1.0 (https://github.com/yugabyte/llvm-project.git a2a6b655e14e7fa1fcf1011a6cb29cb8575249c0), 64-bit
  effective isolation for READ COMMITTED requests: read committed
  database clock minus client clock: 0.002 ms
  dataset: 5 venues, 84 events, 5741 tickets and 165 holds at load
  loading e0_app_clock_expiry ...
  loaded in 8.2s (copy 2.1s, index 2.9s)
  verifying answers against ground truth ...
    51/51 checks passed (margin 598s); audit on load: consistent (84 events, 5741 tickets; rejections late=0 boundary=0)
  capturing plans ...
  read benchmark:
    q01_section_map@10                     3208.4 ops/s  p50=  0.736ms p99=  68.170ms  errors=0
    q02_event_sections@10                  2845.0 ops/s  p50=  0.775ms p99=  69.415ms  errors=0
    q03_event_available@10                 3971.5 ops/s  p50=  0.620ms p99=  67.175ms  errors=0
    q01_section_map@100                    3469.8 ops/s  p50=  0.703ms p99=  67.263ms  errors=0
    q02_event_sections@100                 2733.4 ops/s  p50=  0.824ms p99=  70.023ms  errors=0
    q03_event_available@100                3458.1 ops/s  p50=  0.674ms p99=  68.466ms  errors=0
    q01_section_map@1000                   1975.0 ops/s  p50=  1.056ms p99=  72.089ms  errors=0
    q02_event_sections@1000                1522.7 ops/s  p50=  1.247ms p99=  74.170ms  errors=0
    q03_event_available@1000               1713.9 ops/s  p50=  1.130ms p99=  73.290ms  errors=0
    q01_section_map@10000                   446.5 ops/s  p50=  4.387ms p99=  85.197ms  errors=0
    q02_event_sections@10000                180.1 ops/s  p50= 14.406ms p99=  95.498ms  errors=0
    q03_event_available@10000               363.5 ops/s  p50=  4.702ms p99=  87.637ms  errors=0
    q04_hold_seats                          502.0 ops/s  p50=  3.693ms p99=  85.650ms  errors=0
    q05_customer_tickets                   2733.5 ops/s  p50=  0.901ms p99=  68.526ms  errors=0
    q06_ticket_by_id                       4836.3 ops/s  p50=  0.535ms p99=  65.345ms  errors=0
  write benchmark (fresh load per op):
    hold                                     46.8 ops/s  p50=179.047ms p99= 392.718ms  rejected=1 retries=2 errors=0
      audit after hold: VIOLATIONS — thefts 3, grants on sold seats 0, double sales 0, sales without the hold 0, late sales 0, early rejections 0, duplicate seats 0, inventory drift 0, invalid seats 0, partial holds 0, ticket mismatches 0
    release                                 370.1 ops/s  p50=  3.720ms p99=  72.809ms  rejected=0 retries=0 errors=0
      audit after release: consistent (84 events, 5741 tickets; rejections late=0 boundary=0)
    cancel                                  261.0 ops/s  p50=  8.760ms p99=  90.215ms  rejected=0 retries=0 errors=0
      audit after cancel: consistent (84 events, 3783 tickets; rejections late=0 boundary=0)
    publish@10                              263.1 ops/s  p50=  4.746ms p99=  78.009ms  rejected=0 retries=0 errors=0
    publish@100                             199.1 ops/s  p50=  7.039ms p99=  76.170ms  rejected=0 retries=0 errors=0
    publish@1000                             41.9 ops/s  p50= 96.303ms p99= 105.115ms  rejected=0 retries=0 errors=0
    publish@10000                             8.4 ops/s  p50=233.568ms p99= 233.568ms  rejected=0 retries=0 errors=0
    publish@100000                            0.6 ops/s  p50=2827.466ms p99=2827.466ms  rejected=0 retries=0 errors=0
      audit after publish: consistent (2313 events, 5741 tickets; rejections late=0 boundary=0)
  race trial 1/1 (32 buyers per event, fresh load):
    race     10 seats x20        50.2 seats/s  conflicts/hold=6.25 reads/hold=13.20  hold p50=10.49ms p99=280.06ms  deferred 17/17 ok  errors=0  ok
      audit: consistent (20 events, 200 tickets; rejections late=0 boundary=0)
    race    100 seats x4        112.5 seats/s  conflicts/hold=2.26 reads/hold=4.17  hold p50=18.59ms p99=279.96ms  deferred 23/23 ok  errors=0  ok
      audit: consistent (4 events, 400 tickets; rejections late=0 boundary=0)
    race   1000 seats x1        140.4 seats/s  conflicts/hold=1.00 reads/hold=2.56  hold p50=83.62ms p99=181.08ms  deferred 46/46 ok  errors=0  ok
      audit: consistent (1 events, 1000 tickets; rejections late=0 boundary=0)
    race  10000 seats x1         79.9 seats/s  conflicts/hold=0.35 reads/hold=1.38  hold p50=99.11ms p99=211.84ms  deferred 66/66 ok  errors=0  VIOLATIONS, 1 timed out (16% sold)
      audit: VIOLATIONS — thefts 0, grants on sold seats 0, double sales 0, sales without the hold 0, late sales 0, early rejections 1, duplicate seats 0, inventory drift 0, invalid seats 0, partial holds 0, ticket mismatches 0
  lifecycle trial 1/1 (32 buyers per event, one human minute = 500ms, fresh load):
    lifecycle    10 seats x2       0.2 confirmed seats/s  holds=20 abandoned=4+3 expired@check=0 rejected late/boundary/early=0/0/0  outage unavailable=0/0  leaked=0 errors=0  VIOLATIONS
      audit: VIOLATIONS — thefts 8, grants on sold seats 0, double sales 0, sales without the hold 0, late sales 0, early rejections 0, duplicate seats 0, inventory drift 0, invalid seats 0, partial holds 0, ticket mismatches 0
    lifecycle   100 seats x2       1.7 confirmed seats/s  holds=157 abandoned=28+12 expired@check=11 rejected late/boundary/early=0/0/1  outage unavailable=0/0  leaked=0 errors=0  VIOLATIONS
      audit: VIOLATIONS — thefts 48, grants on sold seats 0, double sales 0, sales without the hold 0, late sales 0, early rejections 1, duplicate seats 0, inventory drift 0, invalid seats 0, partial holds 0, ticket mismatches 0
  wrote /results/e0_app_clock_expiry.json
