  engine: PostgreSQL 15.12-YB-2025.2.6.0-b0 on x86_64-pc-linux-gnu, compiled by clang version 19.1.0 (https://github.com/yugabyte/llvm-project.git a2a6b655e14e7fa1fcf1011a6cb29cb8575249c0), 64-bit
  effective isolation for READ COMMITTED requests: read committed
  database clock minus client clock: 0.004 ms
  dataset: 5 venues, 84 events, 5741 tickets and 165 holds at load
  loading e2_cart_expiry ...
  loaded in 10.3s (copy 2.3s, index 3.7s)
  verifying answers against ground truth ...
    51/51 checks passed (margin 594s); audit on load: consistent (84 events, 5741 tickets; rejections late=0 boundary=0)
  capturing plans ...
  read benchmark:
    q01_section_map@10                     2631.0 ops/s  p50=  0.913ms p99=  69.000ms  errors=0
    q02_event_sections@10                  1668.7 ops/s  p50=  1.298ms p99=  72.958ms  errors=0
    q03_event_available@10                 1597.7 ops/s  p50=  1.330ms p99=  73.436ms  errors=0
    q01_section_map@100                    1514.8 ops/s  p50=  1.504ms p99=  72.766ms  errors=0
    q02_event_sections@100                 1524.5 ops/s  p50=  1.362ms p99=  73.268ms  errors=0
    q03_event_available@100                1619.0 ops/s  p50=  1.346ms p99=  72.285ms  errors=0
    q01_section_map@1000                   1066.3 ops/s  p50=  1.970ms p99=  76.187ms  errors=0
    q02_event_sections@1000                1104.0 ops/s  p50=  1.735ms p99=  77.209ms  errors=0
    q03_event_available@1000               1308.4 ops/s  p50=  1.601ms p99=  74.497ms  errors=0
    q01_section_map@10000                   351.1 ops/s  p50=  6.556ms p99=  87.297ms  errors=0
    q02_event_sections@10000                174.7 ops/s  p50= 14.311ms p99=  94.831ms  errors=0
    q03_event_available@10000               198.8 ops/s  p50= 12.838ms p99=  93.537ms  errors=0
    q04_hold_seats                          542.8 ops/s  p50=  4.090ms p99=  81.617ms  errors=0
    q05_customer_tickets                   2714.0 ops/s  p50=  0.889ms p99=  68.781ms  errors=0
    q06_ticket_by_id                       4869.7 ops/s  p50=  0.529ms p99=  65.802ms  errors=0
  write benchmark (fresh load per op):
    hold                                     42.5 ops/s  p50=188.432ms p99= 488.999ms  rejected=1 retries=5 errors=0
      audit after hold: consistent (84 events, 7769 tickets; rejections late=0 boundary=0)
    release                                 319.3 ops/s  p50=  6.180ms p99=  80.106ms  rejected=0 retries=0 errors=0
      audit after release: consistent (84 events, 5741 tickets; rejections late=0 boundary=0)
    cancel                                  294.9 ops/s  p50=  7.480ms p99=  87.164ms  rejected=0 retries=0 errors=0
      audit after cancel: consistent (84 events, 3715 tickets; rejections late=0 boundary=0)
    publish@10                              278.4 ops/s  p50=  4.631ms p99=  77.804ms  rejected=0 retries=0 errors=0
    publish@100                             181.5 ops/s  p50=  7.484ms p99=  77.454ms  rejected=0 retries=0 errors=0
    publish@1000                             48.3 ops/s  p50= 93.214ms p99= 102.308ms  rejected=0 retries=0 errors=0
    publish@10000                             7.9 ops/s  p50=239.406ms p99= 239.406ms  rejected=0 retries=0 errors=0
    publish@100000                            0.6 ops/s  p50=2878.941ms p99=2878.941ms  rejected=0 retries=0 errors=0
      audit after publish: consistent (2313 events, 5741 tickets; rejections late=0 boundary=0)
  race trial 1/1 (32 buyers per event, fresh load):
    race     10 seats x20        15.3 seats/s  conflicts/hold=7.47 reads/hold=16.43  hold p50=72.22ms p99=705.20ms  deferred 13/13 ok  errors=0  ok
      audit: consistent (20 events, 200 tickets; rejections late=0 boundary=0)
    race    100 seats x4         50.5 seats/s  conflicts/hold=2.04 reads/hold=4.49  hold p50=90.24ms p99=609.21ms  deferred 24/24 ok  errors=0  ok
      audit: consistent (4 events, 400 tickets; rejections late=0 boundary=0)
    race   1000 seats x1         75.5 seats/s  conflicts/hold=0.98 reads/hold=2.80  hold p50=94.87ms p99=233.11ms  deferred 49/49 ok  errors=0  ok
      audit: consistent (1 events, 1000 tickets; rejections late=0 boundary=0)
    race  10000 seats x1         63.6 seats/s  conflicts/hold=0.29 reads/hold=1.29  hold p50=110.56ms p99=299.96ms  deferred 58/58 ok  errors=0  ok, 1 timed out (13% sold)
      audit: consistent (1 events, 1294 tickets; rejections late=0 boundary=0)
  lifecycle trial 1/1 (32 buyers per event, one human minute = 500ms, fresh load):
    lifecycle    10 seats x2       0.1 confirmed seats/s  holds=32 abandoned=8+3 expired@check=2 rejected late/boundary/early=1/0/0  outage unavailable=0/0  leaked=0 errors=0  ok
      audit: consistent (2 events, 20 tickets; rejections late=1 boundary=0)
    lifecycle   100 seats x2       1.7 confirmed seats/s  holds=153 abandoned=27+11 expired@check=4 rejected late/boundary/early=3/0/0  outage unavailable=0/0  leaked=0 errors=0  ok
      audit: consistent (2 events, 200 tickets; rejections late=3 boundary=0)
  wrote /results/e2_cart_expiry.json
