  engine: PostgreSQL 15.12-YB-2025.2.6.0-b0 on x86_64-pc-linux-gnu, compiled by clang version 19.1.0 (https://github.com/yugabyte/llvm-project.git a2a6b655e14e7fa1fcf1011a6cb29cb8575249c0), 64-bit
  effective isolation for READ COMMITTED requests: read committed
  database clock minus client clock: 0.003 ms
  dataset: 5 venues, 84 events, 5741 tickets and 165 holds at load
  loading k1_payment_window ...
  loaded in 8.7s (copy 2.1s, index 2.7s)
  verifying answers against ground truth ...
    51/51 checks passed (margin 599s); audit on load: consistent (84 events, 5741 tickets; rejections late=0 boundary=0)
  capturing plans ...
  read benchmark:
    q01_section_map@10                     3818.7 ops/s  p50=  0.670ms p99=  65.735ms  errors=0
    q02_event_sections@10                  3086.5 ops/s  p50=  0.743ms p99=  68.812ms  errors=0
    q03_event_available@10                 3659.4 ops/s  p50=  0.640ms p99=  67.481ms  errors=0
    q01_section_map@100                    3109.0 ops/s  p50=  0.725ms p99=  68.644ms  errors=0
    q02_event_sections@100                 3037.6 ops/s  p50=  0.792ms p99=  68.543ms  errors=0
    q03_event_available@100                3389.2 ops/s  p50=  0.669ms p99=  68.265ms  errors=0
    q01_section_map@1000                   1892.9 ops/s  p50=  1.081ms p99=  72.380ms  errors=0
    q02_event_sections@1000                1583.6 ops/s  p50=  1.229ms p99=  73.530ms  errors=0
    q03_event_available@1000               2276.7 ops/s  p50=  0.995ms p99=  70.673ms  errors=0
    q01_section_map@10000                   373.2 ops/s  p50=  5.147ms p99=  87.955ms  errors=0
    q02_event_sections@10000                193.4 ops/s  p50= 11.488ms p99=  93.804ms  errors=0
    q03_event_available@10000               404.9 ops/s  p50=  4.428ms p99=  87.475ms  errors=0
    q04_hold_seats                          510.2 ops/s  p50=  3.557ms p99=  85.750ms  errors=0
    q05_customer_tickets                   2683.7 ops/s  p50=  0.907ms p99=  68.458ms  errors=0
    q06_ticket_by_id                       4765.5 ops/s  p50=  0.537ms p99=  65.483ms  errors=0
  write benchmark (fresh load per op):
    hold                                     49.4 ops/s  p50=126.560ms p99= 404.049ms  rejected=0 retries=0 errors=0
      audit after hold: consistent (84 events, 7818 tickets; rejections late=0 boundary=0)
    release                                1757.6 ops/s  p50=  3.969ms p99=   5.867ms  rejected=0 retries=0 errors=0
      audit after release: consistent (84 events, 5741 tickets; rejections late=0 boundary=0)
    cancel                                  338.0 ops/s  p50=  6.521ms p99=  86.570ms  rejected=0 retries=0 errors=0
      audit after cancel: consistent (84 events, 3629 tickets; rejections late=0 boundary=0)
    publish@10                              298.9 ops/s  p50=  4.484ms p99=  73.291ms  rejected=0 retries=0 errors=0
    publish@100                             152.6 ops/s  p50=  8.350ms p99=  84.410ms  rejected=0 retries=0 errors=0
    publish@1000                             33.0 ops/s  p50=104.509ms p99= 186.138ms  rejected=0 retries=0 errors=0
    publish@10000                             5.1 ops/s  p50=391.679ms p99= 391.679ms  rejected=0 retries=0 errors=0
    publish@100000                            0.6 ops/s  p50=2947.514ms p99=2947.514ms  rejected=0 retries=0 errors=0
      audit after publish: consistent (2313 events, 5741 tickets; rejections late=0 boundary=0)
  race trial 1/1 (32 buyers per event, fresh load):
    race     10 seats x20        39.9 seats/s  conflicts/hold=6.77 reads/hold=14.55  hold p50=13.47ms p99=379.00ms  deferred 11/11 ok  errors=0  ok
      audit: consistent (20 events, 200 tickets; rejections late=0 boundary=0)
    race    100 seats x4        113.2 seats/s  conflicts/hold=2.20 reads/hold=4.74  hold p50=10.06ms p99=250.75ms  deferred 15/15 ok  errors=0  ok
      audit: consistent (4 events, 400 tickets; rejections late=0 boundary=0)
    race   1000 seats x1        113.9 seats/s  conflicts/hold=0.89 reads/hold=2.70  hold p50=87.39ms p99=189.80ms  deferred 36/36 ok  errors=0  ok
      audit: consistent (1 events, 1000 tickets; rejections late=0 boundary=0)
    race  10000 seats x1         83.4 seats/s  conflicts/hold=0.35 reads/hold=1.38  hold p50=95.69ms p99=211.81ms  deferred 80/80 ok  errors=0  VIOLATIONS, 1 timed out (17% sold)
      audit: VIOLATIONS — thefts 0, grants on sold seats 0, double sales 0, sales without the hold 0, late sales 0, early rejections 1, duplicate seats 0, inventory drift 0, invalid seats 0, partial holds 0, ticket mismatches 0
  lifecycle trial 1/1 (32 buyers per event, one human minute = 500ms, fresh load):
    lifecycle    10 seats x2       0.2 confirmed seats/s  holds=15 abandoned=3+1 expired@check=0 rejected late/boundary/early=0/0/0  outage unavailable=0/0  leaked=0 errors=0  ok
      audit: consistent (2 events, 20 tickets; rejections late=0 boundary=0)
    lifecycle   100 seats x2       1.6 confirmed seats/s  holds=156 abandoned=25+19 expired@check=4 rejected late/boundary/early=0/0/0  outage unavailable=0/0  leaked=0 errors=0  ok
      audit: consistent (2 events, 200 tickets; rejections late=0 boundary=0)
  wrote /results/k1_payment_window.json
