  engine: PostgreSQL 15.12-YB-2025.2.6.0-b0 on x86_64-pc-linux-gnu, compiled by clang version 19.1.0 (https://github.com/yugabyte/llvm-project.git a2a6b655e14e7fa1fcf1011a6cb29cb8575249c0), 64-bit
  effective isolation for READ COMMITTED requests: read committed
  database clock minus client clock: 0.000 ms
  dataset: 5 venues, 84 events, 5741 tickets and 165 holds at load
  loading l2_section_document ...
  loaded in 8.6s (copy 3.3s, index 1.9s)
  verifying answers against ground truth ...
    51/51 checks passed (margin 598s); audit on load: consistent (84 events, 5741 tickets; rejections late=0 boundary=0)
  capturing plans ...
  read benchmark:
    q01_section_map@10                     3913.6 ops/s  p50=  0.656ms p99=  64.306ms  errors=0
    q02_event_sections@10                  3974.6 ops/s  p50=  0.639ms p99=  66.532ms  errors=0
    q03_event_available@10                 3251.2 ops/s  p50=  0.696ms p99=  70.057ms  errors=0
    q01_section_map@100                    3767.2 ops/s  p50=  0.655ms p99=  67.030ms  errors=0
    q02_event_sections@100                 3865.6 ops/s  p50=  0.659ms p99=  66.765ms  errors=0
    q03_event_available@100                3677.7 ops/s  p50=  0.672ms p99=  67.246ms  errors=0
    q01_section_map@1000                   3270.4 ops/s  p50=  0.708ms p99=  68.334ms  errors=0
    q02_event_sections@1000                2937.5 ops/s  p50=  0.803ms p99=  68.843ms  errors=0
    q03_event_available@1000               2978.2 ops/s  p50=  0.810ms p99=  68.683ms  errors=0
    q01_section_map@10000                  3103.6 ops/s  p50=  0.797ms p99=  67.359ms  errors=0
    q02_event_sections@10000               1018.2 ops/s  p50=  2.051ms p99=  76.537ms  errors=0
    q03_event_available@10000               978.0 ops/s  p50=  2.082ms p99=  77.322ms  errors=0
    q04_hold_seats                         3826.4 ops/s  p50=  0.656ms p99=  66.641ms  errors=0
    q05_customer_tickets                   2801.2 ops/s  p50=  0.917ms p99=  67.513ms  errors=0
    q06_ticket_by_id                       4782.8 ops/s  p50=  0.542ms p99=  65.303ms  errors=0
  write benchmark (fresh load per op):
    hold                                    108.9 ops/s  p50= 82.733ms p99= 203.264ms  rejected=1 retries=100 errors=0
      audit after hold: consistent (84 events, 8091 tickets; rejections late=0 boundary=0)
    release                                 352.0 ops/s  p50=  3.573ms p99=  12.350ms  rejected=0 retries=0 errors=0
      audit after release: consistent (84 events, 5741 tickets; rejections late=0 boundary=0)
    cancel                                  176.6 ops/s  p50= 11.611ms p99= 207.341ms  rejected=0 retries=0 errors=0
      audit after cancel: consistent (84 events, 3939 tickets; rejections late=0 boundary=0)
    publish@10                              290.8 ops/s  p50=  4.551ms p99=  74.557ms  rejected=0 retries=0 errors=0
    publish@100                             288.3 ops/s  p50=  4.260ms p99=  86.359ms  rejected=0 retries=0 errors=0
    publish@1000                            973.2 ops/s  p50=  3.566ms p99=   5.373ms  rejected=0 retries=0 errors=0
    publish@10000                           474.5 ops/s  p50=  4.019ms p99=   4.019ms  rejected=0 retries=0 errors=0
    publish@100000                          439.5 ops/s  p50=  4.336ms p99=   4.336ms  rejected=0 retries=0 errors=0
      audit after publish: consistent (2313 events, 5741 tickets; rejections late=0 boundary=0)
  race trial 1/1 (32 buyers per event, fresh load):
    race     10 seats x20        33.8 seats/s  conflicts/hold=13.47 reads/hold=26.05  hold p50=30.61ms p99=256.87ms  deferred 14/14 ok  errors=0  ok
      audit: consistent (20 events, 200 tickets; rejections late=0 boundary=0)
    race    100 seats x4         60.3 seats/s  conflicts/hold=4.68 reads/hold=7.05  hold p50=44.31ms p99=401.60ms  deferred 17/17 ok  errors=0  ok
      audit: consistent (4 events, 400 tickets; rejections late=0 boundary=0)
    race   1000 seats x1         82.4 seats/s  conflicts/hold=1.55 reads/hold=4.10  hold p50=63.99ms p99=878.11ms  deferred 45/45 ok  errors=0  ok
      audit: consistent (1 events, 1000 tickets; rejections late=0 boundary=0)
    race  10000 seats x1        142.9 seats/s  conflicts/hold=0.48 reads/hold=1.53  hold p50=14.41ms p99=483.07ms  deferred 117/117 ok  errors=0  ok, 1 timed out (29% sold)
      audit: consistent (1 events, 2863 tickets; rejections late=0 boundary=0)
  lifecycle trial 1/1 (32 buyers per event, one human minute = 500ms, fresh load):
    lifecycle    10 seats x2       0.2 confirmed seats/s  holds=17 abandoned=3+0 expired@check=1 rejected late/boundary/early=0/0/0  outage unavailable=0/0  leaked=0 errors=0  ok
      audit: consistent (2 events, 20 tickets; rejections late=0 boundary=0)
    lifecycle   100 seats x2       1.9 confirmed seats/s  holds=142 abandoned=21+12 expired@check=7 rejected late/boundary/early=2/0/0  outage unavailable=0/0  leaked=0 errors=0  ok
      audit: consistent (2 events, 200 tickets; rejections late=2 boundary=0)
  wrote /results/l2_section_document.json
