  engine: PostgreSQL 15.12-YB-2025.2.6.0-b0 on x86_64-pc-linux-gnu, compiled by clang version 19.1.0 (https://github.com/yugabyte/llvm-project.git a2a6b655e14e7fa1fcf1011a6cb29cb8575249c0), 64-bit
  effective isolation for READ COMMITTED requests: read committed
  database clock minus client clock: 0.004 ms
  dataset: 5 venues, 84 events, 5741 tickets and 165 holds at load
  loading l3_section_sharded ...
  loaded in 7.4s (copy 2.2s, index 2.0s)
  verifying answers against ground truth ...
    51/51 checks passed (margin 596s); audit on load: consistent (84 events, 5741 tickets; rejections late=0 boundary=0)
  capturing plans ...
  read benchmark:
    q01_section_map@10                     3772.8 ops/s  p50=  0.675ms p99=  66.283ms  errors=0
    q02_event_sections@10                   178.8 ops/s  p50= 17.038ms p99=  97.149ms  errors=0
    q03_event_available@10                   85.7 ops/s  p50= 97.745ms p99= 185.426ms  errors=0
    q01_section_map@100                    3513.2 ops/s  p50=  0.692ms p99=  68.108ms  errors=0
    q02_event_sections@100                  234.6 ops/s  p50=  8.848ms p99=  92.672ms  errors=0
    q03_event_available@100                  93.7 ops/s  p50= 95.569ms p99= 175.634ms  errors=0
    q01_section_map@1000                   2775.9 ops/s  p50=  0.795ms p99=  70.998ms  errors=0
    q02_event_sections@1000                 178.9 ops/s  p50= 17.355ms p99= 100.455ms  errors=0
    q03_event_available@1000                103.6 ops/s  p50= 94.604ms p99= 103.651ms  errors=0
    q01_section_map@10000                  2525.7 ops/s  p50=  0.929ms p99=  69.865ms  errors=0
    q02_event_sections@10000                127.3 ops/s  p50= 88.577ms p99= 100.425ms  errors=0
    q03_event_available@10000               105.4 ops/s  p50= 91.442ms p99= 182.389ms  errors=0
    q04_hold_seats                         3016.8 ops/s  p50=  0.766ms p99=  69.079ms  errors=0
    q05_customer_tickets                   2895.1 ops/s  p50=  0.888ms p99=  67.932ms  errors=0
    q06_ticket_by_id                       4934.9 ops/s  p50=  0.524ms p99=  65.499ms  errors=0
  write benchmark (fresh load per op):
    hold                                     46.1 ops/s  p50=186.053ms p99= 302.126ms  rejected=1 retries=0 errors=0
      audit after hold: consistent (84 events, 7765 tickets; rejections late=0 boundary=0)
    release                                1711.9 ops/s  p50=  3.733ms p99=   7.099ms  rejected=0 retries=0 errors=0
      audit after release: consistent (84 events, 5741 tickets; rejections late=0 boundary=0)
    cancel                                  336.0 ops/s  p50=  6.458ms p99=  87.970ms  rejected=0 retries=0 errors=0
      audit after cancel: consistent (84 events, 3632 tickets; rejections late=0 boundary=0)
    publish@10                              335.3 ops/s  p50=  4.164ms p99=  72.682ms  rejected=0 retries=0 errors=0
    publish@100                             222.9 ops/s  p50=  6.237ms p99=  79.544ms  rejected=0 retries=0 errors=0
    publish@1000                             51.2 ops/s  p50= 79.891ms p99= 101.259ms  rejected=0 retries=0 errors=0
    publish@10000                            10.7 ops/s  p50=184.717ms p99= 184.717ms  rejected=0 retries=0 errors=0
    publish@100000                            1.3 ops/s  p50=1481.810ms p99=1481.810ms  rejected=0 retries=0 errors=0
      audit after publish: consistent (2313 events, 5741 tickets; rejections late=0 boundary=0)
  race trial 1/1 (32 buyers per event, fresh load):
    race     10 seats x20        15.5 seats/s  conflicts/hold=4.76 reads/hold=10.65  hold p50=87.17ms p99=793.20ms  deferred 14/14 ok  errors=0  ok
      audit: consistent (20 events, 200 tickets; rejections late=0 boundary=0)
    race    100 seats x4         46.8 seats/s  conflicts/hold=1.67 reads/hold=3.47  hold p50=90.71ms p99=298.49ms  deferred 15/15 ok  errors=0  ok
      audit: consistent (4 events, 400 tickets; rejections late=0 boundary=0)
    race   1000 seats x1         68.8 seats/s  conflicts/hold=0.55 reads/hold=2.17  hold p50=98.51ms p99=300.08ms  deferred 43/43 ok  errors=0  ok
      audit: consistent (1 events, 1000 tickets; rejections late=0 boundary=0)
    race  10000 seats x1        104.9 seats/s  conflicts/hold=0.18 reads/hold=1.24  hold p50=98.14ms p99=282.61ms  deferred 86/86 ok  errors=0  ok, 1 timed out (21% sold)
      audit: consistent (1 events, 2110 tickets; rejections late=0 boundary=0)
  lifecycle trial 1/1 (32 buyers per event, one human minute = 500ms, fresh load):
    lifecycle    10 seats x2       0.2 confirmed seats/s  holds=24 abandoned=6+3 expired@check=1 rejected late/boundary/early=0/0/0  outage unavailable=0/0  leaked=0 errors=0  ok
      audit: consistent (2 events, 20 tickets; rejections late=0 boundary=0)
    lifecycle   100 seats x2       2.3 confirmed seats/s  holds=148 abandoned=24+16 expired@check=2 rejected late/boundary/early=0/0/0  outage unavailable=0/0  leaked=0 errors=0  ok
      audit: consistent (2 events, 200 tickets; rejections late=0 boundary=0)
  wrote /results/l3_section_sharded.json
