  engine: PostgreSQL 15.12-YB-2025.2.6.0-b0 on x86_64-pc-linux-gnu, compiled by clang version 19.1.0 (https://github.com/yugabyte/llvm-project.git a2a6b655e14e7fa1fcf1011a6cb29cb8575249c0), 64-bit
  effective isolation for READ COMMITTED requests: read committed
  database clock minus client clock: 0.003 ms
  dataset: 5 venues, 84 events, 5741 tickets and 165 holds at load
  loading s1_conditional_update ...
  loaded in 9.8s (copy 2.9s, index 3.0s)
  verifying answers against ground truth ...
    51/51 checks passed (margin 597s); audit on load: consistent (84 events, 5741 tickets; rejections late=0 boundary=0)
  capturing plans ...
  read benchmark:
    q01_section_map@10                     3516.0 ops/s  p50=  0.689ms p99=  67.035ms  errors=0
    q02_event_sections@10                  2788.2 ops/s  p50=  0.805ms p99=  69.990ms  errors=0
    q03_event_available@10                 3434.2 ops/s  p50=  0.688ms p99=  68.294ms  errors=0
    q01_section_map@100                    3594.8 ops/s  p50=  0.699ms p99=  67.108ms  errors=0
    q02_event_sections@100                 2867.0 ops/s  p50=  0.804ms p99=  69.132ms  errors=0
    q03_event_available@100                3711.8 ops/s  p50=  0.667ms p99=  67.250ms  errors=0
    q01_section_map@1000                   2063.7 ops/s  p50=  1.106ms p99=  71.476ms  errors=0
    q02_event_sections@1000                1941.2 ops/s  p50=  1.172ms p99=  71.764ms  errors=0
    q03_event_available@1000               2327.9 ops/s  p50=  1.008ms p99=  70.472ms  errors=0
    q01_section_map@10000                   516.3 ops/s  p50=  3.814ms p99=  82.456ms  errors=0
    q02_event_sections@10000                242.1 ops/s  p50=  8.976ms p99=  90.147ms  errors=0
    q03_event_available@10000               482.7 ops/s  p50=  3.898ms p99=  85.309ms  errors=0
    q04_hold_seats                          662.4 ops/s  p50=  3.434ms p99=  79.643ms  errors=0
    q05_customer_tickets                   2793.6 ops/s  p50=  0.893ms p99=  68.040ms  errors=0
    q06_ticket_by_id                       4859.5 ops/s  p50=  0.539ms p99=  65.375ms  errors=0
  write benchmark (fresh load per op):
    hold                                     53.2 ops/s  p50=114.757ms p99= 304.147ms  rejected=1 retries=1 errors=0
      audit after hold: consistent (84 events, 7785 tickets; rejections late=0 boundary=0)
    release                                 378.5 ops/s  p50=  3.593ms p99=  73.105ms  rejected=0 retries=0 errors=0
      audit after release: consistent (84 events, 5741 tickets; rejections late=0 boundary=0)
    cancel                                  344.7 ops/s  p50=  6.845ms p99=  84.109ms  rejected=0 retries=0 errors=0
      audit after cancel: consistent (84 events, 3615 tickets; rejections late=0 boundary=0)
    publish@10                              272.5 ops/s  p50=  4.843ms p99=  75.885ms  rejected=0 retries=0 errors=0
    publish@100                             145.9 ops/s  p50=  8.668ms p99=  83.047ms  rejected=0 retries=0 errors=0
    publish@1000                             39.6 ops/s  p50= 97.980ms p99= 175.165ms  rejected=0 retries=0 errors=0
    publish@10000                             5.1 ops/s  p50=394.569ms p99= 394.569ms  rejected=0 retries=0 errors=0
    publish@100000                            0.7 ops/s  p50=2810.337ms p99=2810.337ms  rejected=0 retries=0 errors=0
      audit after publish: consistent (2313 events, 5741 tickets; rejections late=0 boundary=0)
  race trial 1/1 (32 buyers per event, fresh load):
    race     10 seats x20        50.3 seats/s  conflicts/hold=6.46 reads/hold=13.68  hold p50=11.84ms p99=203.76ms  deferred 15/15 ok  errors=0  ok
      audit: consistent (20 events, 200 tickets; rejections late=0 boundary=0)
    race    100 seats x4        125.9 seats/s  conflicts/hold=2.17 reads/hold=4.30  hold p50=13.24ms p99=195.85ms  deferred 13/13 ok  errors=0  ok
      audit: consistent (4 events, 400 tickets; rejections late=0 boundary=0)
    race   1000 seats x1        133.1 seats/s  conflicts/hold=0.92 reads/hold=3.17  hold p50=77.48ms p99=181.35ms  deferred 47/47 ok  errors=0  ok
      audit: consistent (1 events, 1000 tickets; rejections late=0 boundary=0)
    race  10000 seats x1         90.6 seats/s  conflicts/hold=0.33 reads/hold=1.39  hold p50=95.27ms p99=200.04ms  deferred 85/85 ok  errors=0  VIOLATIONS, 1 timed out (18% sold)
      audit: VIOLATIONS — thefts 0, grants on sold seats 0, double sales 0, sales without the hold 0, late sales 0, early rejections 1, duplicate seats 0, inventory drift 0, invalid seats 0, partial holds 0, ticket mismatches 0
  lifecycle trial 1/1 (32 buyers per event, one human minute = 500ms, fresh load):
    lifecycle    10 seats x2       0.3 confirmed seats/s  holds=21 abandoned=3+2 expired@check=1 rejected late/boundary/early=0/0/0  outage unavailable=0/0  leaked=0 errors=0  ok
      audit: consistent (2 events, 20 tickets; rejections late=0 boundary=0)
    lifecycle   100 seats x2       1.9 confirmed seats/s  holds=152 abandoned=26+14 expired@check=5 rejected late/boundary/early=1/0/0  outage unavailable=0/0  leaked=0 errors=0  ok
      audit: consistent (2 events, 200 tickets; rejections late=1 boundary=0)
  wrote /results/s1_conditional_update.json
