  engine: PostgreSQL 15.12-YB-2025.2.6.0-b0 on x86_64-pc-linux-gnu, compiled by clang version 19.1.0 (https://github.com/yugabyte/llvm-project.git a2a6b655e14e7fa1fcf1011a6cb29cb8575249c0), 64-bit
  effective isolation for READ COMMITTED requests: read committed
  database clock minus client clock: 0.006 ms
  dataset: 5 venues, 84 events, 5741 tickets and 165 holds at load
  loading s2_lock_then_update ...
  loaded in 9.8s (copy 2.9s, index 2.9s)
  verifying answers against ground truth ...
    51/51 checks passed (margin 594s); audit on load: consistent (84 events, 5741 tickets; rejections late=0 boundary=0)
  capturing plans ...
  read benchmark:
    q01_section_map@10                     3739.7 ops/s  p50=  0.671ms p99=  66.086ms  errors=0
    q02_event_sections@10                  2894.5 ops/s  p50=  0.765ms p99=  70.176ms  errors=0
    q03_event_available@10                 3135.2 ops/s  p50=  0.708ms p99=  70.218ms  errors=0
    q01_section_map@100                    3459.2 ops/s  p50=  0.690ms p99=  68.265ms  errors=0
    q02_event_sections@100                 3048.6 ops/s  p50=  0.777ms p99=  69.183ms  errors=0
    q03_event_available@100                3721.5 ops/s  p50=  0.663ms p99=  67.566ms  errors=0
    q01_section_map@1000                   1778.6 ops/s  p50=  1.133ms p99=  73.406ms  errors=0
    q02_event_sections@1000                1622.8 ops/s  p50=  1.227ms p99=  73.605ms  errors=0
    q03_event_available@1000               2289.9 ops/s  p50=  1.006ms p99=  70.677ms  errors=0
    q01_section_map@10000                   404.2 ops/s  p50=  4.456ms p99=  86.263ms  errors=0
    q02_event_sections@10000                220.4 ops/s  p50=  9.321ms p99=  93.083ms  errors=0
    q03_event_available@10000               403.9 ops/s  p50=  4.406ms p99=  87.106ms  errors=0
    q04_hold_seats                          519.8 ops/s  p50=  3.666ms p99=  84.149ms  errors=0
    q05_customer_tickets                   2774.0 ops/s  p50=  0.883ms p99=  68.580ms  errors=0
    q06_ticket_by_id                       4882.2 ops/s  p50=  0.529ms p99=  65.925ms  errors=0
  write benchmark (fresh load per op):
    hold                                     45.3 ops/s  p50=187.986ms p99= 392.689ms  rejected=0 retries=1 errors=0
      audit after hold: consistent (84 events, 7764 tickets; rejections late=0 boundary=0)
    release                                1896.4 ops/s  p50=  3.711ms p99=   6.106ms  rejected=0 retries=0 errors=0
      audit after release: consistent (84 events, 5741 tickets; rejections late=0 boundary=0)
    cancel                                  277.6 ops/s  p50=  8.131ms p99=  87.887ms  rejected=0 retries=0 errors=0
      audit after cancel: consistent (84 events, 3749 tickets; rejections late=0 boundary=0)
    publish@10                              308.5 ops/s  p50=  4.351ms p99=  72.405ms  rejected=0 retries=0 errors=0
    publish@100                             199.2 ops/s  p50=  7.122ms p99=  76.852ms  rejected=0 retries=0 errors=0
    publish@1000                             50.9 ops/s  p50= 88.674ms p99=  97.268ms  rejected=0 retries=0 errors=0
    publish@10000                             8.3 ops/s  p50=235.867ms p99= 235.867ms  rejected=0 retries=0 errors=0
    publish@100000                            0.6 ops/s  p50=2915.589ms p99=2915.589ms  rejected=0 retries=0 errors=0
      audit after publish: consistent (2313 events, 5741 tickets; rejections late=0 boundary=0)
  race trial 1/1 (32 buyers per event, fresh load):
    race     10 seats x20        61.7 seats/s  conflicts/hold=5.41 reads/hold=11.56  hold p50=11.74ms p99=172.74ms  deferred 11/11 ok  errors=0  ok
      audit: consistent (20 events, 200 tickets; rejections late=0 boundary=0)
    race    100 seats x4         98.2 seats/s  conflicts/hold=1.90 reads/hold=4.74  hold p50=16.55ms p99=197.90ms  deferred 18/18 ok  errors=0  ok
      audit: consistent (4 events, 400 tickets; rejections late=0 boundary=0)
    race   1000 seats x1        119.7 seats/s  conflicts/hold=1.02 reads/hold=3.28  hold p50=91.04ms p99=194.23ms  deferred 47/47 ok  errors=0  ok
      audit: consistent (1 events, 1000 tickets; rejections late=0 boundary=0)
    race  10000 seats x1         85.0 seats/s  conflicts/hold=0.31 reads/hold=1.34  hold p50=108.75ms p99=295.19ms  deferred 65/65 ok  errors=0  VIOLATIONS, 1 timed out (17% sold)
      audit: VIOLATIONS — thefts 0, grants on sold seats 0, double sales 0, sales without the hold 0, late sales 0, early rejections 1, duplicate seats 0, inventory drift 0, invalid seats 0, partial holds 0, ticket mismatches 0
  lifecycle trial 1/1 (32 buyers per event, one human minute = 500ms, fresh load):
    lifecycle    10 seats x2       0.2 confirmed seats/s  holds=23 abandoned=5+3 expired@check=1 rejected late/boundary/early=0/0/0  outage unavailable=0/0  leaked=0 errors=0  ok
      audit: consistent (2 events, 20 tickets; rejections late=0 boundary=0)
    lifecycle   100 seats x2       1.7 confirmed seats/s  holds=163 abandoned=29+17 expired@check=4 rejected late/boundary/early=2/0/0  outage unavailable=0/0  leaked=0 errors=0  ok
      audit: consistent (2 events, 200 tickets; rejections late=2 boundary=0)
  wrote /results/s2_lock_then_update.json
