  engine: PostgreSQL 15.12-YB-2025.2.6.0-b0 on x86_64-pc-linux-gnu, compiled by clang version 19.1.0 (https://github.com/yugabyte/llvm-project.git a2a6b655e14e7fa1fcf1011a6cb29cb8575249c0), 64-bit
  effective isolation for READ COMMITTED requests: read committed
  database clock minus client clock: 0.000 ms
  dataset: 5 venues, 84 events, 5741 tickets and 165 holds at load
  loading s3_lock_nowait ...
  loaded in 8.9s (copy 2.4s, index 3.0s)
  verifying answers against ground truth ...
    51/51 checks passed (margin 598s); audit on load: consistent (84 events, 5741 tickets; rejections late=0 boundary=0)
  capturing plans ...
  read benchmark:
    q01_section_map@10                     3479.8 ops/s  p50=  0.697ms p99=  67.810ms  errors=0
    q02_event_sections@10                  3195.4 ops/s  p50=  0.727ms p99=  69.019ms  errors=0
    q03_event_available@10                 3598.1 ops/s  p50=  0.643ms p99=  67.754ms  errors=0
    q01_section_map@100                    2952.1 ops/s  p50=  0.761ms p99=  70.141ms  errors=0
    q02_event_sections@100                 2600.9 ops/s  p50=  0.816ms p99=  70.310ms  errors=0
    q03_event_available@100                3423.1 ops/s  p50=  0.675ms p99=  68.139ms  errors=0
    q01_section_map@1000                   2070.1 ops/s  p50=  1.064ms p99=  71.733ms  errors=0
    q02_event_sections@1000                1548.7 ops/s  p50=  1.247ms p99=  74.557ms  errors=0
    q03_event_available@1000               1907.7 ops/s  p50=  1.037ms p99=  72.620ms  errors=0
    q01_section_map@10000                   381.1 ops/s  p50=  4.712ms p99=  86.115ms  errors=0
    q02_event_sections@10000                181.1 ops/s  p50= 14.448ms p99=  95.837ms  errors=0
    q03_event_available@10000               365.1 ops/s  p50=  4.678ms p99=  88.649ms  errors=0
    q04_hold_seats                          704.9 ops/s  p50=  3.297ms p99=  78.673ms  errors=0
    q05_customer_tickets                   2649.5 ops/s  p50=  0.897ms p99=  68.846ms  errors=0
    q06_ticket_by_id                       4837.1 ops/s  p50=  0.535ms p99=  65.038ms  errors=0
  write benchmark (fresh load per op):
    hold                                     48.2 ops/s  p50=187.689ms p99= 291.928ms  rejected=1 retries=5 errors=0
      audit after hold: consistent (84 events, 7817 tickets; rejections late=0 boundary=0)
    release                                2144.5 ops/s  p50=  3.251ms p99=   4.642ms  rejected=0 retries=0 errors=0
      audit after release: consistent (84 events, 5741 tickets; rejections late=0 boundary=0)
    cancel                                  278.8 ops/s  p50=  8.095ms p99=  87.143ms  rejected=0 retries=0 errors=0
      audit after cancel: consistent (84 events, 3727 tickets; rejections late=0 boundary=0)
    publish@10                              271.2 ops/s  p50=  4.712ms p99=  77.583ms  rejected=0 retries=0 errors=0
    publish@100                             153.9 ops/s  p50=  8.640ms p99=  85.261ms  rejected=0 retries=0 errors=0
    publish@1000                             42.6 ops/s  p50= 93.214ms p99= 106.265ms  rejected=0 retries=0 errors=0
    publish@10000                             7.7 ops/s  p50=259.352ms p99= 259.352ms  rejected=0 retries=0 errors=0
    publish@100000                            0.7 ops/s  p50=2779.783ms p99=2779.783ms  rejected=0 retries=0 errors=0
      audit after publish: consistent (2313 events, 5741 tickets; rejections late=0 boundary=0)
  race trial 1/1 (32 buyers per event, fresh load):
    race     10 seats x20        20.7 seats/s  conflicts/hold=21.47 reads/hold=29.46  hold p50=83.06ms p99=722.47ms  deferred 15/15 ok  errors=0  ok
      audit: consistent (20 events, 200 tickets; rejections late=0 boundary=0)
    race    100 seats x4         81.5 seats/s  conflicts/hold=3.60 reads/hold=6.37  hold p50=93.32ms p99=179.66ms  deferred 19/19 ok  errors=0  ok
      audit: consistent (4 events, 400 tickets; rejections late=0 boundary=0)
    race   1000 seats x1        100.1 seats/s  conflicts/hold=1.36 reads/hold=3.76  hold p50=97.40ms p99=203.41ms  deferred 45/45 ok  errors=0  VIOLATIONS
      audit: VIOLATIONS — thefts 0, grants on sold seats 0, double sales 0, sales without the hold 0, late sales 0, early rejections 1, duplicate seats 0, inventory drift 0, invalid seats 0, partial holds 0, ticket mismatches 0
    race  10000 seats x1         81.2 seats/s  conflicts/hold=0.52 reads/hold=1.56  hold p50=110.78ms p99=304.84ms  deferred 69/69 ok  errors=0  ok, 1 timed out (17% sold)
      audit: consistent (1 events, 1653 tickets; rejections late=0 boundary=0)
  lifecycle trial 1/1 (32 buyers per event, one human minute = 500ms, fresh load):
    lifecycle    10 seats x2       0.1 confirmed seats/s  holds=23 abandoned=2+1 expired@check=4 rejected late/boundary/early=0/0/0  outage unavailable=0/0  leaked=0 errors=0  ok
      audit: consistent (2 events, 20 tickets; rejections late=0 boundary=0)
    lifecycle   100 seats x2       1.5 confirmed seats/s  holds=160 abandoned=25+18 expired@check=6 rejected late/boundary/early=2/0/0  outage unavailable=0/0  leaked=0 errors=0  ok
      audit: consistent (2 events, 200 tickets; rejections late=2 boundary=0)
  wrote /results/s3_lock_nowait.json
