  engine: PostgreSQL 15.12-YB-2025.2.6.0-b0 on x86_64-pc-linux-gnu, compiled by clang version 19.1.0 (https://github.com/yugabyte/llvm-project.git a2a6b655e14e7fa1fcf1011a6cb29cb8575249c0), 64-bit
  effective isolation for READ COMMITTED requests: read committed
  database clock minus client clock: 0.000 ms
  dataset: 5 venues, 84 events, 5741 tickets and 165 holds at load
  loading s4_check_then_hold_serializable ...
  loaded in 8.8s (copy 2.1s, index 3.2s)
  verifying answers against ground truth ...
    51/51 checks passed (margin 598s); audit on load: consistent (84 events, 5741 tickets; rejections late=0 boundary=0)
  capturing plans ...
  read benchmark:
    q01_section_map@10                     3228.2 ops/s  p50=  0.735ms p99=  67.881ms  errors=0
    q02_event_sections@10                  3178.2 ops/s  p50=  0.741ms p99=  68.403ms  errors=0
    q03_event_available@10                 4018.8 ops/s  p50=  0.625ms p99=  66.748ms  errors=0
    q01_section_map@100                    3052.8 ops/s  p50=  0.745ms p99=  70.357ms  errors=0
    q02_event_sections@100                 2997.1 ops/s  p50=  0.792ms p99=  68.864ms  errors=0
    q03_event_available@100                3702.4 ops/s  p50=  0.662ms p99=  67.663ms  errors=0
    q01_section_map@1000                   2156.8 ops/s  p50=  1.051ms p99=  70.856ms  errors=0
    q02_event_sections@1000                1528.8 ops/s  p50=  1.337ms p99=  75.065ms  errors=0
    q03_event_available@1000               2024.3 ops/s  p50=  1.105ms p99=  71.749ms  errors=0
    q01_section_map@10000                   465.2 ops/s  p50=  4.186ms p99=  85.189ms  errors=0
    q02_event_sections@10000                213.8 ops/s  p50=  9.601ms p99=  92.925ms  errors=0
    q03_event_available@10000               510.4 ops/s  p50=  3.959ms p99=  80.490ms  errors=0
    q04_hold_seats                          662.3 ops/s  p50=  3.318ms p99=  81.553ms  errors=0
    q05_customer_tickets                   2438.9 ops/s  p50=  0.959ms p99=  70.235ms  errors=0
    q06_ticket_by_id                       4776.2 ops/s  p50=  0.544ms p99=  65.240ms  errors=0
  write benchmark (fresh load per op):
    hold                                      1.7 ops/s  p50=4479.289ms p99=4519.195ms  rejected=0 retries=131 errors=0
      audit after hold: consistent (84 events, 7524 tickets; rejections late=0 boundary=0)
    release                                1888.5 ops/s  p50=  3.562ms p99=   4.997ms  rejected=0 retries=0 errors=0
      audit after release: consistent (84 events, 5741 tickets; rejections late=0 boundary=0)
    cancel                                  328.7 ops/s  p50=  7.895ms p99=  82.339ms  rejected=0 retries=0 errors=0
      audit after cancel: consistent (84 events, 3647 tickets; rejections late=0 boundary=0)
    publish@10                              260.4 ops/s  p50=  5.021ms p99=  75.799ms  rejected=0 retries=0 errors=0
    publish@100                             200.1 ops/s  p50=  7.047ms p99=  73.958ms  rejected=0 retries=0 errors=0
    publish@1000                             50.2 ops/s  p50= 86.851ms p99= 100.241ms  rejected=0 retries=0 errors=0
    publish@10000                             7.1 ops/s  p50=213.165ms p99= 213.165ms  rejected=0 retries=0 errors=0
    publish@100000                            0.6 ops/s  p50=2887.414ms p99=2887.414ms  rejected=0 retries=0 errors=0
      audit after publish: consistent (2313 events, 5741 tickets; rejections late=0 boundary=0)
  race trial 1/1 (32 buyers per event, fresh load):
    race     10 seats x2          0.1 seats/s  conflicts/hold=3.75 reads/hold=23.50  hold p50=998.90ms p99=25058.31ms  deferred 2/2 ok  errors=0  ok, 2 timed out (45% sold)
      audit: consistent (2 events, 9 tickets; rejections late=0 boundary=0)
    race    100 seats x3          0.1 seats/s  conflicts/hold=0.33 reads/hold=32.00  hold p50=20915.30ms p99=20915.30ms  deferred 0/0 ok  errors=0  ok, 3 timed out (2% sold)
      audit: consistent (3 events, 7 tickets; rejections late=0 boundary=0)
    race   1000 seats x1          0.1 seats/s  conflicts/hold=0.00 reads/hold=32.00  hold p50=38306.53ms p99=38306.53ms  deferred 0/0 ok  errors=0  ok, 1 timed out (0% sold)
      audit: consistent (1 events, 2 tickets; rejections late=0 boundary=0)
    race  10000 seats x1          0.3 seats/s  conflicts/hold=0.00 reads/hold=16.00  hold p50=23008.12ms p99=23008.12ms  deferred 0/0 ok  errors=0  ok, 1 timed out (0% sold)
      audit: consistent (1 events, 8 tickets; rejections late=0 boundary=0)
  lifecycle trial 1/1 (32 buyers per event, one human minute = 500ms, fresh load):
    lifecycle    10 seats x2       0.0 confirmed seats/s  holds=4 abandoned=0+0 expired@check=1 rejected late/boundary/early=2/0/0  outage unavailable=0/3  leaked=0 errors=0  ok
      audit: consistent (2 events, 2 tickets; rejections late=2 boundary=0)
    lifecycle   100 seats x2       0.0 confirmed seats/s  holds=16 abandoned=1+1 expired@check=2 rejected late/boundary/early=5/0/0  outage unavailable=0/8  leaked=0 errors=4  ok
      audit: consistent (2 events, 5 tickets; rejections late=5 boundary=0)
      first error: attempt deadline passed before the operation completed
  wrote /results/s4_check_then_hold_serializable.json
