  engine: PostgreSQL 17.11 (Debian 17.11-1.pgdg13+2) on x86_64-pc-linux-gnu, compiled by gcc (Debian 14.2.0-19) 14.2.0, 64-bit
  database clock minus client clock: 0.001 ms
  dataset: 5 venues, 658 events, 56103 tickets and 2217 holds at load
  loading e0_app_clock_expiry ...
  loaded in 1.3s (copy 1.1s, index 0.1s)
  verifying answers against ground truth ...
    58/58 checks passed (margin 600s); audit on load: consistent (658 events, 56103 tickets; rejections late=0 boundary=0)
  race trial 1/3 (32 buyers per event, fresh load):
      race event 621: gate 2026-09-15T18:07:28.556552272Z, deadline 2026-09-15T18:08:28.556552272Z
      race event 622: gate 2026-09-15T18:07:29.511988523Z, deadline 2026-09-15T18:08:29.511988523Z
      race event 623: gate 2026-09-15T18:07:30.322804443Z, deadline 2026-09-15T18:08:30.322804443Z
      race event 624: gate 2026-09-15T18:07:31.230061179Z, deadline 2026-09-15T18:08:31.230061179Z
      race event 625: gate 2026-09-15T18:07:32.054221599Z, deadline 2026-09-15T18:08:32.054221599Z
    race   1000 seats x5       1228.8 seats/s  conflicts/hold=1.42 reads/hold=4.11  hold p50=3.82ms p99=72.03ms  deferred 197/197 ok  confirm retries sold/run=0/0  errors=0  ok
      audit: consistent (5 events, 5000 tickets; rejections late=0 boundary=0)
      race event 626: gate 2026-09-15T18:07:32.994405739Z, deadline 2026-09-15T18:08:32.994405739Z
      race event 627: gate 2026-09-15T18:07:51.817008518Z, deadline 2026-09-15T18:08:51.817008518Z
    race  10000 seats x2        628.7 seats/s  conflicts/hold=0.39 reads/hold=3.37  hold p50=6.06ms p99=93.83ms  deferred 848/848 ok  confirm retries sold/run=0/0  errors=0  ok
      audit: consistent (2 events, 20000 tickets; rejections late=0 boundary=0)
  race trial 2/3 (32 buyers per event, fresh load):
      race event 621: gate 2026-09-15T18:08:10.31351716Z, deadline 2026-09-15T18:09:10.31351716Z
      race event 622: gate 2026-09-15T18:08:11.120611768Z, deadline 2026-09-15T18:09:11.120611768Z
      race event 623: gate 2026-09-15T18:08:11.8950934Z, deadline 2026-09-15T18:09:11.8950934Z
      race event 624: gate 2026-09-15T18:08:12.794521796Z, deadline 2026-09-15T18:09:12.794521796Z
      race event 625: gate 2026-09-15T18:08:13.627543478Z, deadline 2026-09-15T18:09:13.627543478Z
    race   1000 seats x5       1306.8 seats/s  conflicts/hold=1.39 reads/hold=3.96  hold p50=3.74ms p99=74.45ms  deferred 214/214 ok  confirm retries sold/run=0/0  errors=0  ok
      audit: consistent (5 events, 5000 tickets; rejections late=0 boundary=0)
      race event 626: gate 2026-09-15T18:08:14.511002502Z, deadline 2026-09-15T18:09:14.511002502Z
      race event 627: gate 2026-09-15T18:08:38.697109823Z, deadline 2026-09-15T18:09:38.697109823Z
    race  10000 seats x2        545.3 seats/s  conflicts/hold=0.38 reads/hold=3.95  hold p50=6.35ms p99=95.89ms  deferred 849/849 ok  confirm retries sold/run=0/0  errors=0  ok
      audit: consistent (2 events, 20000 tickets; rejections late=0 boundary=0)
  race trial 3/3 (32 buyers per event, fresh load):
      race event 621: gate 2026-09-15T18:08:56.700025862Z, deadline 2026-09-15T18:09:56.700025862Z
      race event 622: gate 2026-09-15T18:09:01.074733959Z, deadline 2026-09-15T18:10:01.074733959Z
      race event 623: gate 2026-09-15T18:09:01.959418726Z, deadline 2026-09-15T18:10:01.959418726Z
      race event 624: gate 2026-09-15T18:09:02.685206495Z, deadline 2026-09-15T18:10:02.685206495Z
      race event 625: gate 2026-09-15T18:09:03.582578224Z, deadline 2026-09-15T18:10:03.582578224Z
    race   1000 seats x5       1237.2 seats/s  conflicts/hold=1.48 reads/hold=4.04  hold p50=3.76ms p99=74.88ms  deferred 219/219 ok  confirm retries sold/run=0/0  errors=0  ok
      audit: consistent (5 events, 5000 tickets; rejections late=0 boundary=0)
      race event 626: gate 2026-09-15T18:09:04.575804889Z, deadline 2026-09-15T18:10:04.575804889Z
      race event 627: gate 2026-09-15T18:09:21.672806942Z, deadline 2026-09-15T18:10:21.672806942Z
    race  10000 seats x2        545.2 seats/s  conflicts/hold=0.38 reads/hold=3.98  hold p50=6.22ms p99=94.73ms  deferred 875/875 ok  confirm retries sold/run=0/0  errors=0  ok
      audit: consistent (2 events, 20000 tickets; rejections late=0 boundary=0)
  wrote /results/e0_app_clock_expiry.json
