  engine: PostgreSQL 17.11 (Debian 17.11-1.pgdg13+2) on x86_64-pc-linux-gnu, compiled by gcc (Debian 14.2.0-19) 14.2.0, 64-bit
  database clock minus client clock: 0.000 ms
  dataset: 5 venues, 658 events, 56103 tickets and 2217 holds at load
  loading e1_sweeper_expiry ...
  loaded in 1.3s (copy 1.0s, index 0.2s)
  verifying answers against ground truth ...
    58/58 checks passed (margin 600s); audit on load: consistent (658 events, 56103 tickets; rejections late=0 boundary=0)
  race trial 1/3 (32 buyers per event, fresh load):
      race event 621: gate 2026-09-15T17:58:37.303232754Z, deadline 2026-09-15T17:59:37.303232754Z
      race event 622: gate 2026-09-15T17:58:37.988584892Z, deadline 2026-09-15T17:59:37.988584892Z
      race event 623: gate 2026-09-15T17:58:38.776276716Z, deadline 2026-09-15T17:59:38.776276716Z
      race event 624: gate 2026-09-15T17:58:39.477322801Z, deadline 2026-09-15T17:59:39.477322801Z
      race event 625: gate 2026-09-15T17:58:40.369513131Z, deadline 2026-09-15T17:59:40.369513131Z
    race   1000 seats x5       1402.9 seats/s  conflicts/hold=1.40 reads/hold=3.82  hold p50=3.47ms p99=70.36ms  deferred 206/206 ok  confirm retries sold/run=0/0  errors=0  ok
      audit: consistent (5 events, 5000 tickets; rejections late=0 boundary=0)
      race event 626: gate 2026-09-15T17:58:41.166855497Z, deadline 2026-09-15T17:59:41.166855497Z
      race event 627: gate 2026-09-15T17:59:03.446877831Z, deadline 2026-09-15T18:00:03.446877831Z
    race  10000 seats x2        552.1 seats/s  conflicts/hold=0.38 reads/hold=3.99  hold p50=5.88ms p99=95.55ms  deferred 876/876 ok  confirm retries sold/run=0/0  errors=0  ok
      audit: consistent (2 events, 20000 tickets; rejections late=0 boundary=0)
  race trial 2/3 (32 buyers per event, fresh load):
      race event 621: gate 2026-09-15T17:59:22.969881111Z, deadline 2026-09-15T18:00:22.969881111Z
      race event 622: gate 2026-09-15T17:59:27.234474133Z, deadline 2026-09-15T18:00:27.234474133Z
      race event 623: gate 2026-09-15T17:59:27.944433312Z, deadline 2026-09-15T18:00:27.944433312Z
      race event 624: gate 2026-09-15T17:59:28.744071341Z, deadline 2026-09-15T18:00:28.744071341Z
      race event 625: gate 2026-09-15T17:59:29.469393004Z, deadline 2026-09-15T18:00:29.469393004Z
    race   1000 seats x5       1398.8 seats/s  conflicts/hold=1.40 reads/hold=4.10  hold p50=3.50ms p99=72.27ms  deferred 214/214 ok  confirm retries sold/run=0/0  errors=0  ok
      audit: consistent (5 events, 5000 tickets; rejections late=0 boundary=0)
      race event 626: gate 2026-09-15T17:59:30.429475044Z, deadline 2026-09-15T18:00:30.429475044Z
      race event 627: gate 2026-09-15T17:59:45.156923325Z, deadline 2026-09-15T18:00:45.156923325Z
    race  10000 seats x2        629.0 seats/s  conflicts/hold=0.38 reads/hold=3.67  hold p50=5.81ms p99=93.84ms  deferred 864/864 ok  confirm retries sold/run=0/0  errors=0  ok
      audit: consistent (2 events, 20000 tickets; rejections late=0 boundary=0)
  race trial 3/3 (32 buyers per event, fresh load):
      race event 621: gate 2026-09-15T18:00:07.731921303Z, deadline 2026-09-15T18:01:07.731921303Z
      race event 622: gate 2026-09-15T18:00:08.437789131Z, deadline 2026-09-15T18:01:08.437789131Z
      race event 623: gate 2026-09-15T18:00:09.315338763Z, deadline 2026-09-15T18:01:09.315338763Z
      race event 624: gate 2026-09-15T18:00:10.316247397Z, deadline 2026-09-15T18:01:10.316247397Z
      race event 625: gate 2026-09-15T18:00:11.12686378Z, deadline 2026-09-15T18:01:11.12686378Z
    race   1000 seats x5       1277.6 seats/s  conflicts/hold=1.44 reads/hold=3.94  hold p50=3.72ms p99=72.56ms  deferred 196/196 ok  confirm retries sold/run=0/0  errors=0  ok
      audit: consistent (5 events, 5000 tickets; rejections late=0 boundary=0)
      race event 626: gate 2026-09-15T18:00:12.011319524Z, deadline 2026-09-15T18:01:12.011319524Z
      race event 627: gate 2026-09-15T18:00:27.827078562Z, deadline 2026-09-15T18:01:27.827078562Z
    race  10000 seats x2        635.0 seats/s  conflicts/hold=0.37 reads/hold=3.57  hold p50=6.01ms p99=94.22ms  deferred 839/839 ok  confirm retries sold/run=0/0  errors=0  ok
      audit: consistent (2 events, 20000 tickets; rejections late=0 boundary=0)
  wrote /results/e1_sweeper_expiry.json
