  engine: PostgreSQL 17.11 (Debian 17.11-1.pgdg13+2) on x86_64-pc-linux-gnu, compiled by gcc (Debian 14.2.0-19) 14.2.0, 64-bit
  database clock minus client clock: -0.001 ms
  dataset: 5 venues, 658 events, 56103 tickets and 2217 holds at load
  loading e2_cart_expiry ...
  loaded in 1.4s (copy 1.1s, index 0.1s)
  verifying answers against ground truth ...
    58/58 checks passed (margin 600s); audit on load: consistent (658 events, 56103 tickets; rejections late=0 boundary=0)
  race trial 1/3 (32 buyers per event, fresh load):
      race event 621: gate 2026-09-15T17:52:24.792572124Z, deadline 2026-09-15T17:53:24.792572124Z
      race event 622: gate 2026-09-15T17:52:26.130635039Z, deadline 2026-09-15T17:53:26.130635039Z
      race event 623: gate 2026-09-15T17:52:27.9157661Z, deadline 2026-09-15T17:53:27.9157661Z
      race event 624: gate 2026-09-15T17:52:29.530910566Z, deadline 2026-09-15T17:53:29.530910566Z
      race event 625: gate 2026-09-15T17:52:31.017116564Z, deadline 2026-09-15T17:53:31.017116564Z
    race   1000 seats x5        525.0 seats/s  conflicts/hold=1.34 reads/hold=4.00  hold p50=5.45ms p99=92.64ms  deferred 234/234 ok  confirm retries sold/run=0/0  errors=0  ok
      audit: consistent (5 events, 5000 tickets; rejections late=0 boundary=0)
      race event 626: gate 2026-09-15T17:52:34.807920983Z, deadline 2026-09-15T17:53:34.807920983Z
      race event 627: gate 2026-09-15T17:53:15.413906936Z, deadline 2026-09-15T17:54:15.413906936Z
    race  10000 seats x2        204.2 seats/s  conflicts/hold=0.36 reads/hold=3.66  hold p50=10.49ms p99=178.30ms  deferred 850/850 ok  confirm retries sold/run=0/0  errors=0  ok, 1 timed out (98% sold)
      audit: consistent (2 events, 19772 tickets; rejections late=0 boundary=0)
  race trial 2/3 (32 buyers per event, fresh load):
      race event 621: gate 2026-09-15T17:54:24.37636557Z, deadline 2026-09-15T17:55:24.37636557Z
      race event 622: gate 2026-09-15T17:54:25.577715872Z, deadline 2026-09-15T17:55:25.577715872Z
      race event 623: gate 2026-09-15T17:54:26.800476276Z, deadline 2026-09-15T17:55:26.800476276Z
      race event 624: gate 2026-09-15T17:54:28.294472989Z, deadline 2026-09-15T17:55:28.294472989Z
      race event 625: gate 2026-09-15T17:54:29.799245644Z, deadline 2026-09-15T17:55:29.799245644Z
    race   1000 seats x5        750.7 seats/s  conflicts/hold=1.45 reads/hold=3.78  hold p50=4.78ms p99=90.02ms  deferred 203/203 ok  confirm retries sold/run=0/0  errors=0  ok
      audit: consistent (5 events, 5000 tickets; rejections late=0 boundary=0)
      race event 626: gate 2026-09-15T17:54:31.314994341Z, deadline 2026-09-15T17:55:31.314994341Z
      race event 627: gate 2026-09-15T17:55:25.036129093Z, deadline 2026-09-15T17:56:25.036129093Z
    race  10000 seats x2        185.8 seats/s  conflicts/hold=0.35 reads/hold=3.01  hold p50=13.99ms p99=193.79ms  deferred 840/840 ok  confirm retries sold/run=0/0  errors=0  ok, 1 timed out (97% sold)
      audit: consistent (2 events, 19746 tickets; rejections late=0 boundary=0)
  race trial 3/3 (32 buyers per event, fresh load):
      race event 621: gate 2026-09-15T17:56:34.145343565Z, deadline 2026-09-15T17:57:34.145343565Z
      race event 622: gate 2026-09-15T17:56:35.344881249Z, deadline 2026-09-15T17:57:35.344881249Z
      race event 623: gate 2026-09-15T17:56:36.44404689Z, deadline 2026-09-15T17:57:36.44404689Z
      race event 624: gate 2026-09-15T17:56:38.23064988Z, deadline 2026-09-15T17:57:38.23064988Z
      race event 625: gate 2026-09-15T17:56:39.545435069Z, deadline 2026-09-15T17:57:39.545435069Z
    race   1000 seats x5        730.2 seats/s  conflicts/hold=1.51 reads/hold=3.97  hold p50=8.68ms p99=92.30ms  deferred 217/217 ok  confirm retries sold/run=0/0  errors=0  ok
      audit: consistent (5 events, 5000 tickets; rejections late=0 boundary=0)
      race event 626: gate 2026-09-15T17:56:44.92482946Z, deadline 2026-09-15T17:57:44.92482946Z
      race event 627: gate 2026-09-15T17:57:26.536554265Z, deadline 2026-09-15T17:58:26.536554265Z
    race  10000 seats x2        203.6 seats/s  conflicts/hold=0.35 reads/hold=2.87  hold p50=12.33ms p99=192.61ms  deferred 835/835 ok  confirm retries sold/run=0/0  errors=0  ok, 1 timed out (97% sold)
      audit: consistent (2 events, 19740 tickets; rejections late=0 boundary=0)
  wrote /results/e2_cart_expiry.json
