  engine: PostgreSQL 17.11 (Debian 17.11-1.pgdg13+2) on x86_64-pc-linux-gnu, compiled by gcc (Debian 14.2.0-19) 14.2.0, 64-bit
  database clock minus client clock: 0.001 ms
  dataset: 5 venues, 658 events, 56103 tickets and 2217 holds at load
  loading k0_naive_confirm ...
  loaded in 1.3s (copy 1.1s, index 0.1s)
  verifying answers against ground truth ...
    58/58 checks passed (margin 600s); audit on load: consistent (658 events, 56103 tickets; rejections late=0 boundary=0)
  race trial 1/3 (32 buyers per event, fresh load):
      race event 621: gate 2026-09-15T17:45:36.569525299Z, deadline 2026-09-15T17:46:36.569525299Z
      race event 622: gate 2026-09-15T17:45:37.434399135Z, deadline 2026-09-15T17:46:37.434399135Z
      race event 623: gate 2026-09-15T17:45:38.24214221Z, deadline 2026-09-15T17:46:38.24214221Z
      race event 624: gate 2026-09-15T17:45:39.135974905Z, deadline 2026-09-15T17:46:39.135974905Z
      race event 625: gate 2026-09-15T17:45:43.530173801Z, deadline 2026-09-15T17:46:43.530173801Z
    race   1000 seats x5       1191.2 seats/s  conflicts/hold=1.47 reads/hold=3.83  hold p50=3.83ms p99=78.43ms  deferred 210/210 ok  confirm retries sold/run=0/0  errors=0  ok
      audit: consistent (5 events, 5000 tickets; rejections late=0 boundary=0)
      race event 626: gate 2026-09-15T17:45:44.602824113Z, deadline 2026-09-15T17:46:44.602824113Z
      race event 627: gate 2026-09-15T17:46:01.318779903Z, deadline 2026-09-15T17:47:01.318779903Z
    race  10000 seats x2        626.7 seats/s  conflicts/hold=0.40 reads/hold=3.48  hold p50=5.88ms p99=93.87ms  deferred 878/878 ok  confirm retries sold/run=0/0  errors=0  ok
      audit: consistent (2 events, 20000 tickets; rejections late=0 boundary=0)
  race trial 2/3 (32 buyers per event, fresh load):
      race event 621: gate 2026-09-15T17:46:22.079692942Z, deadline 2026-09-15T17:47:22.079692942Z
      race event 622: gate 2026-09-15T17:46:22.803729675Z, deadline 2026-09-15T17:47:22.803729675Z
      race event 623: gate 2026-09-15T17:46:23.61624321Z, deadline 2026-09-15T17:47:23.61624321Z
      race event 624: gate 2026-09-15T17:46:24.407758454Z, deadline 2026-09-15T17:47:24.407758454Z
      race event 625: gate 2026-09-15T17:46:25.115564642Z, deadline 2026-09-15T17:47:25.115564642Z
    race   1000 seats x5       1297.5 seats/s  conflicts/hold=1.43 reads/hold=3.89  hold p50=3.70ms p99=73.86ms  deferred 189/189 ok  confirm retries sold/run=0/0  errors=0  ok
      audit: consistent (5 events, 5000 tickets; rejections late=0 boundary=0)
      race event 626: gate 2026-09-15T17:46:26.13214732Z, deadline 2026-09-15T17:47:26.13214732Z
      race event 627: gate 2026-09-15T17:46:42.601697493Z, deadline 2026-09-15T17:47:42.601697493Z
    race  10000 seats x2        594.3 seats/s  conflicts/hold=0.39 reads/hold=3.61  hold p50=6.14ms p99=97.11ms  deferred 904/904 ok  confirm retries sold/run=0/0  errors=0  ok
      audit: consistent (2 events, 20000 tickets; rejections late=0 boundary=0)
  race trial 3/3 (32 buyers per event, fresh load):
      race event 621: gate 2026-09-15T17:47:05.532359596Z, deadline 2026-09-15T17:48:05.532359596Z
      race event 622: gate 2026-09-15T17:47:06.287931737Z, deadline 2026-09-15T17:48:06.287931737Z
      race event 623: gate 2026-09-15T17:47:07.187081352Z, deadline 2026-09-15T17:48:07.187081352Z
      race event 624: gate 2026-09-15T17:47:07.9930258Z, deadline 2026-09-15T17:48:07.9930258Z
      race event 625: gate 2026-09-15T17:47:08.766821704Z, deadline 2026-09-15T17:48:08.766821704Z
    race   1000 seats x5       1242.9 seats/s  conflicts/hold=1.35 reads/hold=4.05  hold p50=3.89ms p99=76.56ms  deferred 206/206 ok  confirm retries sold/run=0/0  errors=0  ok
      audit: consistent (5 events, 5000 tickets; rejections late=0 boundary=0)
      race event 626: gate 2026-09-15T17:47:09.799455026Z, deadline 2026-09-15T17:48:09.799455026Z
      race event 627: gate 2026-09-15T17:47:31.460706222Z, deadline 2026-09-15T17:48:31.460706222Z
    race  10000 seats x2        554.2 seats/s  conflicts/hold=0.36 reads/hold=3.96  hold p50=6.13ms p99=95.84ms  deferred 832/832 ok  confirm retries sold/run=0/0  errors=0  ok
      audit: consistent (2 events, 20000 tickets; rejections late=0 boundary=0)
  wrote /results/k0_naive_confirm.json
