  engine: PostgreSQL 17.11 (Debian 17.11-1.pgdg13+2) on x86_64-pc-linux-gnu, compiled by gcc (Debian 14.2.0-19) 14.2.0, 64-bit
  database clock minus client clock: -0.001 ms
  dataset: 5 venues, 658 events, 56103 tickets and 2217 holds at load
  loading k1_payment_window ...
  loaded in 1.5s (copy 1.2s, index 0.2s)
  verifying answers against ground truth ...
    58/58 checks passed (margin 600s); audit on load: consistent (658 events, 56103 tickets; rejections late=0 boundary=0)
  race trial 1/3 (32 buyers per event, fresh load):
      race event 621: gate 2026-09-15T17:33:38.284466553Z, deadline 2026-09-15T17:34:38.284466553Z
      race event 622: gate 2026-09-15T17:33:39.177591052Z, deadline 2026-09-15T17:34:39.177591052Z
      race event 623: gate 2026-09-15T17:33:40.072583702Z, deadline 2026-09-15T17:34:40.072583702Z
      race event 624: gate 2026-09-15T17:33:40.870357511Z, deadline 2026-09-15T17:34:40.870357511Z
      race event 625: gate 2026-09-15T17:33:41.753137742Z, deadline 2026-09-15T17:34:41.753137742Z
    race   1000 seats x5       1206.1 seats/s  conflicts/hold=1.40 reads/hold=4.00  hold p50=3.95ms p99=75.94ms  deferred 217/217 ok  confirm retries sold/run=0/0  errors=0  ok
      audit: consistent (5 events, 5000 tickets; rejections late=0 boundary=0)
      race event 626: gate 2026-09-15T17:33:42.668953332Z, deadline 2026-09-15T17:34:42.668953332Z
      race event 627: gate 2026-09-15T17:34:04.751898902Z, deadline 2026-09-15T17:35:04.751898902Z
    race  10000 seats x2        578.4 seats/s  conflicts/hold=0.39 reads/hold=3.74  hold p50=6.55ms p99=98.30ms  deferred 810/810 ok  confirm retries sold/run=0/0  errors=0  ok
      audit: consistent (2 events, 20000 tickets; rejections late=0 boundary=0)
  race trial 2/3 (32 buyers per event, fresh load):
      race event 621: gate 2026-09-15T17:34:26.551064465Z, deadline 2026-09-15T17:35:26.551064465Z
      race event 622: gate 2026-09-15T17:34:27.63546495Z, deadline 2026-09-15T17:35:27.63546495Z
      race event 623: gate 2026-09-15T17:34:29.128999761Z, deadline 2026-09-15T17:35:29.128999761Z
      race event 624: gate 2026-09-15T17:34:30.025385115Z, deadline 2026-09-15T17:35:30.025385115Z
      race event 625: gate 2026-09-15T17:34:30.820834299Z, deadline 2026-09-15T17:35:30.820834299Z
    race   1000 seats x5       1030.0 seats/s  conflicts/hold=1.37 reads/hold=4.12  hold p50=4.73ms p99=84.90ms  deferred 201/201 ok  confirm retries sold/run=0/0  errors=0  ok
      audit: consistent (5 events, 5000 tickets; rejections late=0 boundary=0)
      race event 626: gate 2026-09-15T17:34:31.755129738Z, deadline 2026-09-15T17:35:31.755129738Z
      race event 627: gate 2026-09-15T17:34:45.518330156Z, deadline 2026-09-15T17:35:45.518330156Z
    race  10000 seats x2        593.8 seats/s  conflicts/hold=0.42 reads/hold=3.71  hold p50=6.62ms p99=95.35ms  deferred 836/836 ok  confirm retries sold/run=0/0  errors=0  ok
      audit: consistent (2 events, 20000 tickets; rejections late=0 boundary=0)
  race trial 3/3 (32 buyers per event, fresh load):
      race event 621: gate 2026-09-15T17:35:11.400780653Z, deadline 2026-09-15T17:36:11.400780653Z
      race event 622: gate 2026-09-15T17:35:12.599609881Z, deadline 2026-09-15T17:36:12.599609881Z
      race event 623: gate 2026-09-15T17:35:13.706812434Z, deadline 2026-09-15T17:36:13.706812434Z
      race event 624: gate 2026-09-15T17:35:14.606708615Z, deadline 2026-09-15T17:36:14.606708615Z
      race event 625: gate 2026-09-15T17:35:15.498136414Z, deadline 2026-09-15T17:36:15.498136414Z
    race   1000 seats x5       1111.4 seats/s  conflicts/hold=1.41 reads/hold=3.84  hold p50=4.51ms p99=81.37ms  deferred 200/200 ok  confirm retries sold/run=0/0  errors=0  ok
      audit: consistent (5 events, 5000 tickets; rejections late=0 boundary=0)
      race event 626: gate 2026-09-15T17:35:16.423719245Z, deadline 2026-09-15T17:36:16.423719245Z
      race event 627: gate 2026-09-15T17:35:37.50488085Z, deadline 2026-09-15T17:36:37.50488085Z
    race  10000 seats x2        565.5 seats/s  conflicts/hold=0.41 reads/hold=3.68  hold p50=7.01ms p99=97.39ms  deferred 846/846 ok  confirm retries sold/run=0/0  errors=0  ok
      audit: consistent (2 events, 20000 tickets; rejections late=0 boundary=0)
  wrote /results/k1_payment_window.json
