  engine: PostgreSQL 17.11 (Debian 17.11-1.pgdg13+2) on x86_64-pc-linux-gnu, compiled by gcc (Debian 14.2.0-19) 14.2.0, 64-bit
  database clock minus client clock: 0.002 ms
  dataset: 5 venues, 658 events, 56103 tickets and 2217 holds at load
  loading l1_claim_rows ...
  loaded in 0.8s (copy 0.7s, index 0.1s)
  verifying answers against ground truth ...
    58/58 checks passed (margin 600s); audit on load: consistent (658 events, 56103 tickets; rejections late=0 boundary=0)
  race trial 1/3 (32 buyers per event, fresh load):
      race event 621: gate 2026-09-15T17:38:52.367104728Z, deadline 2026-09-15T17:39:52.367104728Z
      race event 622: gate 2026-09-15T17:38:53.217907506Z, deadline 2026-09-15T17:39:53.217907506Z
      race event 623: gate 2026-09-15T17:38:54.022058866Z, deadline 2026-09-15T17:39:54.022058866Z
      race event 624: gate 2026-09-15T17:38:54.90572457Z, deadline 2026-09-15T17:39:54.90572457Z
      race event 625: gate 2026-09-15T17:38:55.832703572Z, deadline 2026-09-15T17:39:55.832703572Z
    race   1000 seats x5       1163.3 seats/s  conflicts/hold=1.34 reads/hold=3.87  hold p50=3.84ms p99=78.82ms  deferred 211/211 ok  confirm retries sold/run=0/0  errors=0  ok
      audit: consistent (5 events, 5000 tickets; rejections late=0 boundary=0)
      race event 626: gate 2026-09-15T17:38:56.949098655Z, deadline 2026-09-15T17:39:56.949098655Z
      race event 627: gate 2026-09-15T17:39:16.423636116Z, deadline 2026-09-15T17:40:16.423636116Z
    race  10000 seats x2        674.8 seats/s  conflicts/hold=0.38 reads/hold=3.98  hold p50=5.01ms p99=93.66ms  deferred 859/859 ok  confirm retries sold/run=0/0  errors=0  ok
      audit: consistent (2 events, 20000 tickets; rejections late=0 boundary=0)
  race trial 2/3 (32 buyers per event, fresh load):
      race event 621: gate 2026-09-15T17:39:31.570986718Z, deadline 2026-09-15T17:40:31.570986718Z
      race event 622: gate 2026-09-15T17:39:32.393998877Z, deadline 2026-09-15T17:40:32.393998877Z
      race event 623: gate 2026-09-15T17:39:33.08957633Z, deadline 2026-09-15T17:40:33.08957633Z
      race event 624: gate 2026-09-15T17:39:33.701996444Z, deadline 2026-09-15T17:40:33.701996444Z
      race event 625: gate 2026-09-15T17:39:34.490605485Z, deadline 2026-09-15T17:40:34.490605485Z
    race   1000 seats x5       1518.2 seats/s  conflicts/hold=1.34 reads/hold=3.87  hold p50=3.21ms p99=72.40ms  deferred 209/209 ok  confirm retries sold/run=0/0  errors=0  ok
      audit: consistent (5 events, 5000 tickets; rejections late=0 boundary=0)
      race event 626: gate 2026-09-15T17:39:35.273776694Z, deadline 2026-09-15T17:40:35.273776694Z
      race event 627: gate 2026-09-15T17:39:53.000085263Z, deadline 2026-09-15T17:40:53.000085263Z
    race  10000 seats x2        671.2 seats/s  conflicts/hold=0.37 reads/hold=4.10  hold p50=4.92ms p99=92.68ms  deferred 888/888 ok  confirm retries sold/run=0/0  errors=0  ok
      audit: consistent (2 events, 20000 tickets; rejections late=0 boundary=0)
  race trial 3/3 (32 buyers per event, fresh load):
      race event 621: gate 2026-09-15T17:40:10.030629662Z, deadline 2026-09-15T17:41:10.030629662Z
      race event 622: gate 2026-09-15T17:40:10.665834446Z, deadline 2026-09-15T17:41:10.665834446Z
      race event 623: gate 2026-09-15T17:40:11.3822013Z, deadline 2026-09-15T17:41:11.3822013Z
      race event 624: gate 2026-09-15T17:40:11.998349933Z, deadline 2026-09-15T17:41:11.998349933Z
      race event 625: gate 2026-09-15T17:40:12.69128698Z, deadline 2026-09-15T17:41:12.69128698Z
    race   1000 seats x5       1582.6 seats/s  conflicts/hold=1.38 reads/hold=3.87  hold p50=3.29ms p99=70.84ms  deferred 232/232 ok  confirm retries sold/run=0/0  errors=0  ok
      audit: consistent (5 events, 5000 tickets; rejections late=0 boundary=0)
      race event 626: gate 2026-09-15T17:40:13.542232104Z, deadline 2026-09-15T17:41:13.542232104Z
      race event 627: gate 2026-09-15T17:40:32.158647426Z, deadline 2026-09-15T17:41:32.158647426Z
    race  10000 seats x2        628.4 seats/s  conflicts/hold=0.37 reads/hold=4.23  hold p50=4.80ms p99=95.23ms  deferred 852/852 ok  confirm retries sold/run=0/0  errors=0  ok
      audit: consistent (2 events, 20000 tickets; rejections late=0 boundary=0)
  wrote /results/l1_claim_rows.json
