  engine: PostgreSQL 17.11 (Debian 17.11-1.pgdg13+2) on x86_64-pc-linux-gnu, compiled by gcc (Debian 14.2.0-19) 14.2.0, 64-bit
  database clock minus client clock: 0.006 ms
  dataset: 5 venues, 658 events, 56103 tickets and 2217 holds at load
  loading l2_section_document ...
  loaded in 0.5s (copy 0.4s, index 0.0s)
  verifying answers against ground truth ...
    58/58 checks passed (margin 600s); audit on load: consistent (658 events, 56103 tickets; rejections late=0 boundary=0)
  race trial 1/3 (32 buyers per event, fresh load):
      race event 621: gate 2026-09-15T17:47:52.379101844Z, deadline 2026-09-15T17:48:52.379101844Z
      race event 622: gate 2026-09-15T17:47:55.257352788Z, deadline 2026-09-15T17:48:55.257352788Z
      race event 623: gate 2026-09-15T17:47:57.931476153Z, deadline 2026-09-15T17:48:57.931476153Z
      race event 624: gate 2026-09-15T17:48:00.758052379Z, deadline 2026-09-15T17:49:00.758052379Z
      race event 625: gate 2026-09-15T17:48:07.115089726Z, deadline 2026-09-15T17:49:07.115089726Z
    race   1000 seats x5        398.1 seats/s  conflicts/hold=1.73 reads/hold=4.46  hold p50=3.39ms p99=282.25ms  deferred 198/198 ok  confirm retries sold/run=0/0  errors=0  ok
      audit: consistent (5 events, 5000 tickets; rejections late=0 boundary=0)
      race event 626: gate 2026-09-15T17:48:09.885354222Z, deadline 2026-09-15T17:49:09.885354222Z
      race event 627: gate 2026-09-15T17:48:45.909317752Z, deadline 2026-09-15T17:49:45.909317752Z
    race  10000 seats x2        310.4 seats/s  conflicts/hold=0.71 reads/hold=4.43  hold p50=4.27ms p99=385.13ms  deferred 795/795 ok  confirm retries sold/run=0/0  errors=0  ok
      audit: consistent (2 events, 20000 tickets; rejections late=0 boundary=0)
  race trial 2/3 (32 buyers per event, fresh load):
      race event 621: gate 2026-09-15T17:49:23.994752949Z, deadline 2026-09-15T17:50:23.994752949Z
      race event 622: gate 2026-09-15T17:49:26.70811498Z, deadline 2026-09-15T17:50:26.70811498Z
      race event 623: gate 2026-09-15T17:49:29.341230778Z, deadline 2026-09-15T17:50:29.341230778Z
      race event 624: gate 2026-09-15T17:49:32.143469741Z, deadline 2026-09-15T17:50:32.143469741Z
      race event 625: gate 2026-09-15T17:49:34.818232354Z, deadline 2026-09-15T17:50:34.818232354Z
    race   1000 seats x5        399.0 seats/s  conflicts/hold=1.66 reads/hold=4.00  hold p50=3.41ms p99=164.35ms  deferred 232/232 ok  confirm retries sold/run=0/0  errors=0  ok
      audit: consistent (5 events, 5000 tickets; rejections late=0 boundary=0)
      race event 626: gate 2026-09-15T17:49:37.938552914Z, deadline 2026-09-15T17:50:37.938552914Z
      race event 627: gate 2026-09-15T17:50:14.88373613Z, deadline 2026-09-15T17:51:14.88373613Z
    race  10000 seats x2        317.4 seats/s  conflicts/hold=0.72 reads/hold=4.15  hold p50=4.00ms p99=323.56ms  deferred 835/835 ok  confirm retries sold/run=0/0  errors=0  ok
      audit: consistent (2 events, 20000 tickets; rejections late=0 boundary=0)
  race trial 3/3 (32 buyers per event, fresh load):
      race event 621: gate 2026-09-15T17:50:50.580705599Z, deadline 2026-09-15T17:51:50.580705599Z
      race event 622: gate 2026-09-15T17:50:52.863906905Z, deadline 2026-09-15T17:51:52.863906905Z
      race event 623: gate 2026-09-15T17:50:55.65568408Z, deadline 2026-09-15T17:51:55.65568408Z
      race event 624: gate 2026-09-15T17:50:58.263158623Z, deadline 2026-09-15T17:51:58.263158623Z
      race event 625: gate 2026-09-15T17:51:01.32812861Z, deadline 2026-09-15T17:52:01.32812861Z
    race   1000 seats x5        409.6 seats/s  conflicts/hold=1.72 reads/hold=4.45  hold p50=3.61ms p99=174.24ms  deferred 220/220 ok  confirm retries sold/run=0/0  errors=0  ok
      audit: consistent (5 events, 5000 tickets; rejections late=0 boundary=0)
      race event 626: gate 2026-09-15T17:51:07.878991123Z, deadline 2026-09-15T17:52:07.878991123Z
      race event 627: gate 2026-09-15T17:51:46.458087786Z, deadline 2026-09-15T17:52:46.458087786Z
    race  10000 seats x2        311.2 seats/s  conflicts/hold=0.72 reads/hold=4.44  hold p50=4.24ms p99=373.58ms  deferred 876/876 ok  confirm retries sold/run=0/0  errors=0  ok
      audit: consistent (2 events, 20000 tickets; rejections late=0 boundary=0)
  wrote /results/l2_section_document.json
