  engine: PostgreSQL 17.11 (Debian 17.11-1.pgdg13+2) on x86_64-pc-linux-gnu, compiled by gcc (Debian 14.2.0-19) 14.2.0, 64-bit
  database clock minus client clock: 0.002 ms
  dataset: 5 venues, 658 events, 56103 tickets and 2217 holds at load
  loading s0_check_then_hold_rc ...
  loaded in 1.3s (copy 1.0s, index 0.2s)
  verifying answers against ground truth ...
    58/58 checks passed (margin 600s); audit on load: consistent (658 events, 56103 tickets; rejections late=0 boundary=0)
  race trial 1/3 (32 buyers per event, fresh load):
      race event 621: gate 2026-09-15T18:00:50.72874018Z, deadline 2026-09-15T18:01:50.72874018Z
      race event 622: gate 2026-09-15T18:00:51.717716733Z, deadline 2026-09-15T18:01:51.717716733Z
      race event 623: gate 2026-09-15T18:00:52.720649041Z, deadline 2026-09-15T18:01:52.720649041Z
      race event 624: gate 2026-09-15T18:00:53.730880125Z, deadline 2026-09-15T18:01:53.730880125Z
      race event 625: gate 2026-09-15T18:00:54.740536308Z, deadline 2026-09-15T18:01:54.740536308Z
    race   1000 seats x5       1614.3 seats/s  conflicts/hold=0.11 reads/hold=1.50  hold p50=6.17ms p99=98.38ms  deferred 166/316 ok  confirm retries sold/run=0/0  errors=103  VIOLATIONS
      audit: VIOLATIONS — thefts 2746, grants on sold seats 0, double sales 0, sales without the hold 0, late sales 0, early rejections 1350 (transient 0), duplicate seats 0, inventory drift 0, invalid seats 0, partial holds 0, ticket mismatches 0
      first error: ERROR: new row for relation "event_seat" violates check constraint "event_seat_held_has_holder" (SQLSTATE 23514)
      race event 626: gate 2026-09-15T18:00:55.801007888Z, deadline 2026-09-15T18:01:55.801007888Z
      race event 627: gate 2026-09-15T18:01:09.903779548Z, deadline 2026-09-15T18:02:09.903779548Z
    race  10000 seats x2        816.1 seats/s  conflicts/hold=0.06 reads/hold=1.87  hold p50=7.65ms p99=99.36ms  deferred 804/1003 ok  confirm retries sold/run=0/0  errors=273  VIOLATIONS
      audit: VIOLATIONS — thefts 3676, grants on sold seats 0, double sales 0, sales without the hold 0, late sales 0, early rejections 1855 (transient 0), duplicate seats 0, inventory drift 0, invalid seats 0, partial holds 0, ticket mismatches 0
      first error: ERROR: new row for relation "event_seat" violates check constraint "event_seat_held_has_holder" (SQLSTATE 23514)
  race trial 2/3 (32 buyers per event, fresh load):
      race event 621: gate 2026-09-15T18:01:30.482557267Z, deadline 2026-09-15T18:02:30.482557267Z
      race event 622: gate 2026-09-15T18:01:31.411923639Z, deadline 2026-09-15T18:02:31.411923639Z
      race event 623: gate 2026-09-15T18:01:32.319769387Z, deadline 2026-09-15T18:02:32.319769387Z
      race event 624: gate 2026-09-15T18:01:33.218396361Z, deadline 2026-09-15T18:02:33.218396361Z
      race event 625: gate 2026-09-15T18:01:34.112326431Z, deadline 2026-09-15T18:02:34.112326431Z
    race   1000 seats x5       1699.1 seats/s  conflicts/hold=0.12 reads/hold=1.37  hold p50=5.48ms p99=99.15ms  deferred 184/322 ok  confirm retries sold/run=0/0  errors=154  VIOLATIONS
      audit: VIOLATIONS — thefts 2753, grants on sold seats 0, double sales 0, sales without the hold 0, late sales 0, early rejections 1341 (transient 0), duplicate seats 0, inventory drift 0, invalid seats 0, partial holds 0, ticket mismatches 0
      first error: ERROR: new row for relation "event_seat" violates check constraint "event_seat_held_has_holder" (SQLSTATE 23514)
      race event 626: gate 2026-09-15T18:01:35.289493897Z, deadline 2026-09-15T18:02:35.289493897Z
      race event 627: gate 2026-09-15T18:01:52.363808876Z, deadline 2026-09-15T18:02:52.363808876Z
    race  10000 seats x2        845.7 seats/s  conflicts/hold=0.05 reads/hold=1.81  hold p50=7.69ms p99=98.73ms  deferred 730/931 ok  confirm retries sold/run=0/0  errors=276  VIOLATIONS
      audit: VIOLATIONS — thefts 3952, grants on sold seats 0, double sales 0, sales without the hold 0, late sales 0, early rejections 1924 (transient 0), duplicate seats 0, inventory drift 0, invalid seats 0, partial holds 0, ticket mismatches 0
      first error: ERROR: new row for relation "event_seat" violates check constraint "event_seat_held_has_holder" (SQLSTATE 23514)
  race trial 3/3 (32 buyers per event, fresh load):
      race event 621: gate 2026-09-15T18:02:09.352149213Z, deadline 2026-09-15T18:03:09.352149213Z
      race event 622: gate 2026-09-15T18:02:10.291796374Z, deadline 2026-09-15T18:03:10.291796374Z
      race event 623: gate 2026-09-15T18:02:11.204305706Z, deadline 2026-09-15T18:03:11.204305706Z
      race event 624: gate 2026-09-15T18:02:12.158390455Z, deadline 2026-09-15T18:03:12.158390455Z
      race event 625: gate 2026-09-15T18:02:13.085249551Z, deadline 2026-09-15T18:03:13.085249551Z
    race   1000 seats x5       1684.0 seats/s  conflicts/hold=0.12 reads/hold=1.47  hold p50=5.48ms p99=99.13ms  deferred 166/323 ok  confirm retries sold/run=0/0  errors=123  VIOLATIONS
      audit: VIOLATIONS — thefts 2732, grants on sold seats 0, double sales 0, sales without the hold 0, late sales 0, early rejections 1367 (transient 0), duplicate seats 0, inventory drift 0, invalid seats 0, partial holds 0, ticket mismatches 0
      first error: ERROR: new row for relation "event_seat" violates check constraint "event_seat_held_has_holder" (SQLSTATE 23514)
      race event 626: gate 2026-09-15T18:02:14.258050693Z, deadline 2026-09-15T18:03:14.258050693Z
      race event 627: gate 2026-09-15T18:02:31.783021467Z, deadline 2026-09-15T18:03:31.783021467Z
    race  10000 seats x2        803.6 seats/s  conflicts/hold=0.05 reads/hold=1.91  hold p50=7.48ms p99=98.94ms  deferred 758/963 ok  confirm retries sold/run=0/0  errors=263  VIOLATIONS
      audit: VIOLATIONS — thefts 3849, grants on sold seats 0, double sales 0, sales without the hold 0, late sales 0, early rejections 1894 (transient 0), duplicate seats 0, inventory drift 0, invalid seats 0, partial holds 0, ticket mismatches 0
      first error: ERROR: new row for relation "event_seat" violates check constraint "event_seat_held_has_holder" (SQLSTATE 23514)
  wrote /results/s0_check_then_hold_rc.json
