  engine: PostgreSQL 17.11 (Debian 17.11-1.pgdg13+2) on x86_64-pc-linux-gnu, compiled by gcc (Debian 14.2.0-19) 14.2.0, 64-bit
  database clock minus client clock: 0.000 ms
  dataset: 5 venues, 658 events, 56103 tickets and 2217 holds at load
  loading s1_conditional_update ...
  loaded in 1.3s (copy 1.1s, index 0.1s)
  verifying answers against ground truth ...
    58/58 checks passed (margin 600s); audit on load: consistent (658 events, 56103 tickets; rejections late=0 boundary=0)
  race trial 1/3 (32 buyers per event, fresh load):
      race event 621: gate 2026-09-15T18:02:51.23030118Z, deadline 2026-09-15T18:03:51.23030118Z
      race event 622: gate 2026-09-15T18:02:51.961860925Z, deadline 2026-09-15T18:03:51.961860925Z
      race event 623: gate 2026-09-15T18:02:52.763790823Z, deadline 2026-09-15T18:03:52.763790823Z
      race event 624: gate 2026-09-15T18:02:53.568778893Z, deadline 2026-09-15T18:03:53.568778893Z
      race event 625: gate 2026-09-15T18:02:54.746137161Z, deadline 2026-09-15T18:03:54.746137161Z
    race   1000 seats x5       1192.8 seats/s  conflicts/hold=1.44 reads/hold=3.86  hold p50=3.86ms p99=77.36ms  deferred 211/211 ok  confirm retries sold/run=0/0  errors=0  ok
      audit: consistent (5 events, 5000 tickets; rejections late=0 boundary=0)
      race event 626: gate 2026-09-15T18:02:55.682153185Z, deadline 2026-09-15T18:03:55.682153185Z
      race event 627: gate 2026-09-15T18:03:16.258916746Z, deadline 2026-09-15T18:04:16.258916746Z
    race  10000 seats x2        608.8 seats/s  conflicts/hold=0.39 reads/hold=3.36  hold p50=6.37ms p99=97.16ms  deferred 855/855 ok  confirm retries sold/run=0/0  errors=0  ok
      audit: consistent (2 events, 20000 tickets; rejections late=0 boundary=0)
  race trial 2/3 (32 buyers per event, fresh load):
      race event 621: gate 2026-09-15T18:03:34.130408697Z, deadline 2026-09-15T18:04:34.130408697Z
      race event 622: gate 2026-09-15T18:03:38.415502191Z, deadline 2026-09-15T18:04:38.415502191Z
      race event 623: gate 2026-09-15T18:03:39.256763448Z, deadline 2026-09-15T18:04:39.256763448Z
      race event 624: gate 2026-09-15T18:03:40.05760021Z, deadline 2026-09-15T18:04:40.05760021Z
      race event 625: gate 2026-09-15T18:03:40.928196114Z, deadline 2026-09-15T18:04:40.928196114Z
    race   1000 seats x5       1287.5 seats/s  conflicts/hold=1.50 reads/hold=3.93  hold p50=7.44ms p99=73.83ms  deferred 251/251 ok  confirm retries sold/run=0/0  errors=0  ok
      audit: consistent (5 events, 5000 tickets; rejections late=0 boundary=0)
      race event 626: gate 2026-09-15T18:03:42.01631867Z, deadline 2026-09-15T18:04:42.01631867Z
      race event 627: gate 2026-09-15T18:03:59.088831092Z, deadline 2026-09-15T18:04:59.088831092Z
    race  10000 seats x2        597.8 seats/s  conflicts/hold=0.44 reads/hold=3.74  hold p50=9.52ms p99=98.73ms  deferred 851/851 ok  confirm retries sold/run=0/0  errors=0  ok
      audit: consistent (2 events, 20000 tickets; rejections late=0 boundary=0)
  race trial 3/3 (32 buyers per event, fresh load):
      race event 621: gate 2026-09-15T18:04:21.123801133Z, deadline 2026-09-15T18:05:21.123801133Z
      race event 622: gate 2026-09-15T18:04:21.997985181Z, deadline 2026-09-15T18:05:21.997985181Z
      race event 623: gate 2026-09-15T18:04:22.810913369Z, deadline 2026-09-15T18:05:22.810913369Z
      race event 624: gate 2026-09-15T18:04:23.595214213Z, deadline 2026-09-15T18:05:23.595214213Z
      race event 625: gate 2026-09-15T18:04:24.325847887Z, deadline 2026-09-15T18:05:24.325847887Z
    race   1000 seats x5       1287.9 seats/s  conflicts/hold=1.39 reads/hold=3.74  hold p50=3.61ms p99=73.19ms  deferred 205/205 ok  confirm retries sold/run=0/0  errors=0  ok
      audit: consistent (5 events, 5000 tickets; rejections late=0 boundary=0)
      race event 626: gate 2026-09-15T18:04:25.326005008Z, deadline 2026-09-15T18:05:25.326005008Z
      race event 627: gate 2026-09-15T18:04:41.423440271Z, deadline 2026-09-15T18:05:41.423440271Z
    race  10000 seats x2        590.8 seats/s  conflicts/hold=0.39 reads/hold=3.63  hold p50=6.12ms p99=93.78ms  deferred 884/884 ok  confirm retries sold/run=0/0  errors=0  ok
      audit: consistent (2 events, 20000 tickets; rejections late=0 boundary=0)
  wrote /results/s1_conditional_update.json
