  engine: PostgreSQL 17.11 (Debian 17.11-1.pgdg13+2) on x86_64-pc-linux-gnu, compiled by gcc (Debian 14.2.0-19) 14.2.0, 64-bit
  database clock minus client clock: 0.001 ms
  dataset: 5 venues, 658 events, 56103 tickets and 2217 holds at load
  loading s1r_confirm_retry ...
  loaded in 1.4s (copy 1.1s, index 0.2s)
  verifying answers against ground truth ...
    58/58 checks passed (margin 600s); audit on load: consistent (658 events, 56103 tickets; rejections late=0 boundary=0)
  race trial 1/3 (32 buyers per event, fresh load):
      race event 621: gate 2026-09-15T17:40:52.509987819Z, deadline 2026-09-15T17:41:52.509987819Z
      race event 622: gate 2026-09-15T17:40:56.955015334Z, deadline 2026-09-15T17:41:56.955015334Z
      race event 623: gate 2026-09-15T17:40:57.757404459Z, deadline 2026-09-15T17:41:57.757404459Z
      race event 624: gate 2026-09-15T17:40:58.65324635Z, deadline 2026-09-15T17:41:58.65324635Z
      race event 625: gate 2026-09-15T17:40:59.555921279Z, deadline 2026-09-15T17:41:59.555921279Z
    race   1000 seats x5       1191.7 seats/s  conflicts/hold=1.40 reads/hold=4.05  hold p50=3.75ms p99=74.48ms  deferred 213/213 ok  confirm retries sold/run=0/0  errors=0  ok
      audit: consistent (5 events, 5000 tickets; rejections late=0 boundary=0)
      race event 626: gate 2026-09-15T17:41:00.493834144Z, deadline 2026-09-15T17:42:00.493834144Z
      race event 627: gate 2026-09-15T17:41:17.46134755Z, deadline 2026-09-15T17:42:17.46134755Z
    race  10000 seats x2        561.1 seats/s  conflicts/hold=0.37 reads/hold=3.86  hold p50=6.07ms p99=95.58ms  deferred 865/865 ok  confirm retries sold/run=0/0  errors=0  ok
      audit: consistent (2 events, 20000 tickets; rejections late=0 boundary=0)
  race trial 2/3 (32 buyers per event, fresh load):
      race event 621: gate 2026-09-15T17:41:41.874195394Z, deadline 2026-09-15T17:42:41.874195394Z
      race event 622: gate 2026-09-15T17:41:42.643851554Z, deadline 2026-09-15T17:42:42.643851554Z
      race event 623: gate 2026-09-15T17:41:43.467118083Z, deadline 2026-09-15T17:42:43.467118083Z
      race event 624: gate 2026-09-15T17:41:44.25478284Z, deadline 2026-09-15T17:42:44.25478284Z
      race event 625: gate 2026-09-15T17:41:45.168446814Z, deadline 2026-09-15T17:42:45.168446814Z
    race   1000 seats x5       1235.4 seats/s  conflicts/hold=1.52 reads/hold=4.09  hold p50=7.36ms p99=67.79ms  deferred 231/231 ok  confirm retries sold/run=0/0  errors=0  ok
      audit: consistent (5 events, 5000 tickets; rejections late=0 boundary=0)
      race event 626: gate 2026-09-15T17:41:46.197634301Z, deadline 2026-09-15T17:42:46.197634301Z
      race event 627: gate 2026-09-15T17:42:09.211001216Z, deadline 2026-09-15T17:43:09.211001216Z
    race  10000 seats x2        549.2 seats/s  conflicts/hold=0.44 reads/hold=3.99  hold p50=9.79ms p99=102.67ms  deferred 850/850 ok  confirm retries sold/run=0/0  errors=0  ok
      audit: consistent (2 events, 20000 tickets; rejections late=0 boundary=0)
  race trial 3/3 (32 buyers per event, fresh load):
      race event 621: gate 2026-09-15T17:42:28.377110452Z, deadline 2026-09-15T17:43:28.377110452Z
      race event 622: gate 2026-09-15T17:42:29.127623232Z, deadline 2026-09-15T17:43:29.127623232Z
      race event 623: gate 2026-09-15T17:42:30.036637078Z, deadline 2026-09-15T17:43:30.036637078Z
      race event 624: gate 2026-09-15T17:42:30.827560419Z, deadline 2026-09-15T17:43:30.827560419Z
      race event 625: gate 2026-09-15T17:42:31.632901477Z, deadline 2026-09-15T17:43:31.632901477Z
    race   1000 seats x5       1269.2 seats/s  conflicts/hold=1.49 reads/hold=3.86  hold p50=7.41ms p99=70.70ms  deferred 216/216 ok  confirm retries sold/run=0/0  errors=0  ok
      audit: consistent (5 events, 5000 tickets; rejections late=0 boundary=0)
      race event 626: gate 2026-09-15T17:42:32.63935171Z, deadline 2026-09-15T17:43:32.63935171Z
      race event 627: gate 2026-09-15T17:42:51.704018392Z, deadline 2026-09-15T17:43:51.704018392Z
    race  10000 seats x2        645.8 seats/s  conflicts/hold=0.45 reads/hold=3.44  hold p50=9.79ms p99=97.53ms  deferred 868/868 ok  confirm retries sold/run=0/0  errors=0  ok
      audit: consistent (2 events, 20000 tickets; rejections late=0 boundary=0)
  wrote /results/s1r_confirm_retry.json
