  engine: PostgreSQL 17.11 (Debian 17.11-1.pgdg13+2) on x86_64-pc-linux-gnu, compiled by gcc (Debian 14.2.0-19) 14.2.0, 64-bit
  database clock minus client clock: 0.000 ms
  dataset: 5 venues, 658 events, 56103 tickets and 2217 holds at load
  loading s2_lock_then_update ...
  loaded in 1.4s (copy 1.1s, index 0.2s)
  verifying answers against ground truth ...
    58/58 checks passed (margin 600s); audit on load: consistent (658 events, 56103 tickets; rejections late=0 boundary=0)
  race trial 1/3 (32 buyers per event, fresh load):
      race event 621: gate 2026-09-15T17:43:11.002238987Z, deadline 2026-09-15T17:44:11.002238987Z
      race event 622: gate 2026-09-15T17:43:11.916145332Z, deadline 2026-09-15T17:44:11.916145332Z
      race event 623: gate 2026-09-15T17:43:12.807514134Z, deadline 2026-09-15T17:44:12.807514134Z
      race event 624: gate 2026-09-15T17:43:13.695451911Z, deadline 2026-09-15T17:44:13.695451911Z
      race event 625: gate 2026-09-15T17:43:14.620254522Z, deadline 2026-09-15T17:44:14.620254522Z
    race   1000 seats x5       1175.8 seats/s  conflicts/hold=1.44 reads/hold=3.73  hold p50=4.42ms p99=76.14ms  deferred 199/199 ok  confirm retries sold/run=0/0  errors=0  ok
      audit: consistent (5 events, 5000 tickets; rejections late=0 boundary=0)
      race event 626: gate 2026-09-15T17:43:15.518470135Z, deadline 2026-09-15T17:44:15.518470135Z
      race event 627: gate 2026-09-15T17:43:39.684568874Z, deadline 2026-09-15T17:44:39.684568874Z
    race  10000 seats x2        489.3 seats/s  conflicts/hold=0.39 reads/hold=4.61  hold p50=7.21ms p99=98.01ms  deferred 835/835 ok  confirm retries sold/run=0/0  errors=0  ok
      audit: consistent (2 events, 20000 tickets; rejections late=0 boundary=0)
  race trial 2/3 (32 buyers per event, fresh load):
      race event 621: gate 2026-09-15T17:44:05.589151011Z, deadline 2026-09-15T17:45:05.589151011Z
      race event 622: gate 2026-09-15T17:44:06.380787728Z, deadline 2026-09-15T17:45:06.380787728Z
      race event 623: gate 2026-09-15T17:44:07.353918459Z, deadline 2026-09-15T17:45:07.353918459Z
      race event 624: gate 2026-09-15T17:44:08.163900898Z, deadline 2026-09-15T17:45:08.163900898Z
      race event 625: gate 2026-09-15T17:44:08.956824082Z, deadline 2026-09-15T17:45:08.956824082Z
    race   1000 seats x5       1244.8 seats/s  conflicts/hold=1.58 reads/hold=4.26  hold p50=4.21ms p99=75.56ms  deferred 205/205 ok  confirm retries sold/run=0/0  errors=0  ok
      audit: consistent (5 events, 5000 tickets; rejections late=0 boundary=0)
      race event 626: gate 2026-09-15T17:44:09.987474522Z, deadline 2026-09-15T17:45:09.987474522Z
      race event 627: gate 2026-09-15T17:44:31.96719787Z, deadline 2026-09-15T17:45:31.96719787Z
    race  10000 seats x2        548.5 seats/s  conflicts/hold=0.40 reads/hold=4.10  hold p50=7.08ms p99=96.81ms  deferred 843/843 ok  confirm retries sold/run=0/0  errors=0  ok
      audit: consistent (2 events, 20000 tickets; rejections late=0 boundary=0)
  race trial 3/3 (32 buyers per event, fresh load):
      race event 621: gate 2026-09-15T17:44:51.997779276Z, deadline 2026-09-15T17:45:51.997779276Z
      race event 622: gate 2026-09-15T17:44:52.760021204Z, deadline 2026-09-15T17:45:52.760021204Z
      race event 623: gate 2026-09-15T17:44:53.562611054Z, deadline 2026-09-15T17:45:53.562611054Z
      race event 624: gate 2026-09-15T17:44:54.341652085Z, deadline 2026-09-15T17:45:54.341652085Z
      race event 625: gate 2026-09-15T17:44:55.262391489Z, deadline 2026-09-15T17:45:55.262391489Z
    race   1000 seats x5       1239.0 seats/s  conflicts/hold=1.51 reads/hold=3.97  hold p50=4.25ms p99=74.94ms  deferred 241/241 ok  confirm retries sold/run=0/0  errors=0  ok
      audit: consistent (5 events, 5000 tickets; rejections late=0 boundary=0)
      race event 626: gate 2026-09-15T17:44:56.35635877Z, deadline 2026-09-15T17:45:56.35635877Z
      race event 627: gate 2026-09-15T17:45:16.445156089Z, deadline 2026-09-15T17:46:16.445156089Z
    race  10000 seats x2        606.4 seats/s  conflicts/hold=0.42 reads/hold=3.59  hold p50=6.76ms p99=95.82ms  deferred 836/836 ok  confirm retries sold/run=0/0  errors=0  ok
      audit: consistent (2 events, 20000 tickets; rejections late=0 boundary=0)
  wrote /results/s2_lock_then_update.json
