  engine: PostgreSQL 17.11 (Debian 17.11-1.pgdg13+2) on x86_64-pc-linux-gnu, compiled by gcc (Debian 14.2.0-19) 14.2.0, 64-bit
  database clock minus client clock: 0.002 ms
  dataset: 5 venues, 658 events, 56103 tickets and 2217 holds at load
  loading s3_lock_nowait ...
  loaded in 1.4s (copy 1.1s, index 0.1s)
  verifying answers against ground truth ...
    58/58 checks passed (margin 600s); audit on load: consistent (658 events, 56103 tickets; rejections late=0 boundary=0)
  race trial 1/3 (32 buyers per event, fresh load):
      race event 621: gate 2026-09-15T18:05:06.340755954Z, deadline 2026-09-15T18:06:06.340755954Z
      race event 622: gate 2026-09-15T18:05:07.390052848Z, deadline 2026-09-15T18:06:07.390052848Z
      race event 623: gate 2026-09-15T18:05:08.607434598Z, deadline 2026-09-15T18:06:08.607434598Z
      race event 624: gate 2026-09-15T18:05:09.782280783Z, deadline 2026-09-15T18:06:09.782280783Z
      race event 625: gate 2026-09-15T18:05:10.797138465Z, deadline 2026-09-15T18:06:10.797138465Z
    race   1000 seats x5        947.4 seats/s  conflicts/hold=2.78 reads/hold=5.62  hold p50=7.01ms p99=81.67ms  deferred 191/191 ok  confirm retries sold/run=0/0  errors=0  ok
      audit: consistent (5 events, 5000 tickets; rejections late=0 boundary=0)
      race event 626: gate 2026-09-15T18:05:11.988280147Z, deadline 2026-09-15T18:06:11.988280147Z
      race event 627: gate 2026-09-15T18:05:36.463155202Z, deadline 2026-09-15T18:06:36.463155202Z
    race  10000 seats x2        526.2 seats/s  conflicts/hold=0.67 reads/hold=4.39  hold p50=7.98ms p99=97.40ms  deferred 886/886 ok  confirm retries sold/run=0/0  errors=0  ok
      audit: consistent (2 events, 20000 tickets; rejections late=0 boundary=0)
  race trial 2/3 (32 buyers per event, fresh load):
      race event 621: gate 2026-09-15T18:05:55.51261071Z, deadline 2026-09-15T18:06:55.51261071Z
      race event 622: gate 2026-09-15T18:05:56.453621175Z, deadline 2026-09-15T18:06:56.453621175Z
      race event 623: gate 2026-09-15T18:05:57.354264888Z, deadline 2026-09-15T18:06:57.354264888Z
      race event 624: gate 2026-09-15T18:06:01.863947326Z, deadline 2026-09-15T18:07:01.863947326Z
      race event 625: gate 2026-09-15T18:06:02.860047998Z, deadline 2026-09-15T18:07:02.860047998Z
    race   1000 seats x5       1090.6 seats/s  conflicts/hold=2.96 reads/hold=5.29  hold p50=6.48ms p99=75.16ms  deferred 197/197 ok  confirm retries sold/run=0/0  errors=0  ok
      audit: consistent (5 events, 5000 tickets; rejections late=0 boundary=0)
      race event 626: gate 2026-09-15T18:06:04.038705263Z, deadline 2026-09-15T18:07:04.038705263Z
      race event 627: gate 2026-09-15T18:06:20.15996853Z, deadline 2026-09-15T18:07:20.15996853Z
    race  10000 seats x2        609.6 seats/s  conflicts/hold=0.67 reads/hold=3.81  hold p50=7.84ms p99=95.21ms  deferred 858/858 ok  confirm retries sold/run=0/0  errors=0  ok
      audit: consistent (2 events, 20000 tickets; rejections late=0 boundary=0)
  race trial 3/3 (32 buyers per event, fresh load):
      race event 621: gate 2026-09-15T18:06:42.382267113Z, deadline 2026-09-15T18:07:42.382267113Z
      race event 622: gate 2026-09-15T18:06:43.456345063Z, deadline 2026-09-15T18:07:43.456345063Z
      race event 623: gate 2026-09-15T18:06:44.651076681Z, deadline 2026-09-15T18:07:44.651076681Z
      race event 624: gate 2026-09-15T18:06:45.933312598Z, deadline 2026-09-15T18:07:45.933312598Z
      race event 625: gate 2026-09-15T18:06:47.053023607Z, deadline 2026-09-15T18:07:47.053023607Z
    race   1000 seats x5        888.2 seats/s  conflicts/hold=3.00 reads/hold=5.51  hold p50=7.77ms p99=78.40ms  deferred 219/219 ok  confirm retries sold/run=0/0  errors=0  ok
      audit: consistent (5 events, 5000 tickets; rejections late=0 boundary=0)
      race event 626: gate 2026-09-15T18:06:48.332667495Z, deadline 2026-09-15T18:07:48.332667495Z
      race event 627: gate 2026-09-15T18:07:05.862340927Z, deadline 2026-09-15T18:08:05.862340927Z
    race  10000 seats x2        608.1 seats/s  conflicts/hold=0.65 reads/hold=3.64  hold p50=8.47ms p99=94.83ms  deferred 847/847 ok  confirm retries sold/run=0/0  errors=0  ok
      audit: consistent (2 events, 20000 tickets; rejections late=0 boundary=0)
  wrote /results/s3_lock_nowait.json
