  engine: PostgreSQL 17.11 (Debian 17.11-1.pgdg13+2) on x86_64-pc-linux-gnu, compiled by gcc (Debian 14.2.0-19) 14.2.0, 64-bit
  database clock minus client clock: 0.001 ms
  dataset: 5 venues, 658 events, 56103 tickets and 2217 holds at load
  loading s4_check_then_hold_serializable ...
  loaded in 1.5s (copy 1.2s, index 0.2s)
  verifying answers against ground truth ...
    58/58 checks passed (margin 600s); audit on load: consistent (658 events, 56103 tickets; rejections late=0 boundary=0)
  race trial 1/3 (32 buyers per event, fresh load):
      race event 621: gate 2026-09-15T17:35:59.202629466Z, deadline 2026-09-15T17:36:59.202629466Z
      race event 622: gate 2026-09-15T17:36:01.010981668Z, deadline 2026-09-15T17:37:01.010981668Z
      race event 623: gate 2026-09-15T17:36:02.814501395Z, deadline 2026-09-15T17:37:02.814501395Z
      race event 624: gate 2026-09-15T17:36:04.727338649Z, deadline 2026-09-15T17:37:04.727338649Z
      race event 625: gate 2026-09-15T17:36:10.080267557Z, deadline 2026-09-15T17:37:10.080267557Z
    race   1000 seats x5        570.0 seats/s  conflicts/hold=1.79 reads/hold=4.28  hold p50=6.67ms p99=93.28ms  deferred 219/219 ok  confirm retries sold/run=0/0  errors=0  ok
      audit: consistent (5 events, 5000 tickets; rejections late=0 boundary=0)
      race event 626: gate 2026-09-15T17:36:12.010427191Z, deadline 2026-09-15T17:37:12.010427191Z
      race event 627: gate 2026-09-15T17:36:33.303470328Z, deadline 2026-09-15T17:37:33.303470328Z
    race  10000 seats x2        504.3 seats/s  conflicts/hold=0.58 reads/hold=3.88  hold p50=7.80ms p99=100.03ms  deferred 865/865 ok  confirm retries sold/run=0/0  errors=0  ok
      audit: consistent (2 events, 20000 tickets; rejections late=0 boundary=0)
  race trial 2/3 (32 buyers per event, fresh load):
      race event 621: gate 2026-09-15T17:36:57.26429069Z, deadline 2026-09-15T17:37:57.26429069Z
      race event 622: gate 2026-09-15T17:36:58.681188052Z, deadline 2026-09-15T17:37:58.681188052Z
      race event 623: gate 2026-09-15T17:37:00.212975791Z, deadline 2026-09-15T17:38:00.212975791Z
      race event 624: gate 2026-09-15T17:37:01.830427926Z, deadline 2026-09-15T17:38:01.830427926Z
      race event 625: gate 2026-09-15T17:37:03.343792753Z, deadline 2026-09-15T17:38:03.343792753Z
    race   1000 seats x5        668.0 seats/s  conflicts/hold=1.77 reads/hold=4.39  hold p50=5.18ms p99=89.68ms  deferred 197/197 ok  confirm retries sold/run=0/0  errors=0  ok
      audit: consistent (5 events, 5000 tickets; rejections late=0 boundary=0)
      race event 626: gate 2026-09-15T17:37:05.194250117Z, deadline 2026-09-15T17:38:05.194250117Z
      race event 627: gate 2026-09-15T17:37:28.763290397Z, deadline 2026-09-15T17:38:28.763290397Z
    race  10000 seats x2        512.2 seats/s  conflicts/hold=0.60 reads/hold=3.96  hold p50=7.34ms p99=100.72ms  deferred 862/862 ok  confirm retries sold/run=0/0  errors=0  ok
      audit: consistent (2 events, 20000 tickets; rejections late=0 boundary=0)
  race trial 3/3 (32 buyers per event, fresh load):
      race event 621: gate 2026-09-15T17:37:49.888734809Z, deadline 2026-09-15T17:38:49.888734809Z
      race event 622: gate 2026-09-15T17:37:51.348306269Z, deadline 2026-09-15T17:38:51.348306269Z
      race event 623: gate 2026-09-15T17:37:53.007147736Z, deadline 2026-09-15T17:38:53.007147736Z
      race event 624: gate 2026-09-15T17:37:58.166129393Z, deadline 2026-09-15T17:38:58.166129393Z
      race event 625: gate 2026-09-15T17:37:59.84719784Z, deadline 2026-09-15T17:38:59.84719784Z
    race   1000 seats x5        667.4 seats/s  conflicts/hold=1.76 reads/hold=4.48  hold p50=5.42ms p99=88.50ms  deferred 224/224 ok  confirm retries sold/run=0/0  errors=0  ok
      audit: consistent (5 events, 5000 tickets; rejections late=0 boundary=0)
      race event 626: gate 2026-09-15T17:38:01.443042306Z, deadline 2026-09-15T17:39:01.443042306Z
      race event 627: gate 2026-09-15T17:38:23.136896182Z, deadline 2026-09-15T17:39:23.136896182Z
    race  10000 seats x2        451.6 seats/s  conflicts/hold=0.57 reads/hold=4.83  hold p50=7.48ms p99=100.88ms  deferred 881/881 ok  confirm retries sold/run=0/0  errors=0  ok
      audit: consistent (2 events, 20000 tickets; rejections late=0 boundary=0)
  wrote /results/s4_check_then_hold_serializable.json
