  engine: PostgreSQL 15.12-YB-2025.2.6.0-b0 on x86_64-pc-linux-gnu, compiled by clang version 19.1.0 (https://github.com/yugabyte/llvm-project.git a2a6b655e14e7fa1fcf1011a6cb29cb8575249c0), 64-bit
  effective isolation for READ COMMITTED requests: read committed
  dataset: 40 bands, 690 events, 289500 seats, 65388 sold at load
  loading c1_count_naive ...
  loaded in 6.8s (copy 0.9s, index 3.9s)
  verifying answers against ground truth ...
    46/46 checks passed; audit on load: consistent (690 events, 65388 seats sold)
  capturing plans ...
  read benchmark:
    q01_event_availability@10              2461.4 ops/s  p50=  0.996ms p99=  68.575ms  errors=0
    q01_event_availability@100             2413.4 ops/s  p50=  1.022ms p99=  67.601ms  errors=0
    q01_event_availability@1000            2013.9 ops/s  p50=  1.197ms p99=  69.002ms  errors=0
    q01_event_availability@10000           1023.8 ops/s  p50=  2.261ms p99=  73.786ms  errors=0
    q01_event_availability@100000           248.2 ops/s  p50=  9.603ms p99=  88.659ms  errors=0
    q02_band_events                         343.9 ops/s  p50=  4.485ms p99= 190.329ms  errors=0
    q03_customer_tickets                   2402.9 ops/s  p50=  1.048ms p99=  66.977ms  errors=0
    q04_ticket_by_id                       4417.5 ops/s  p50=  0.585ms p99=  63.750ms  errors=0
    q05_band_tickets_sold                   719.7 ops/s  p50=  2.138ms p99= 102.367ms  errors=0
  operational reports:
    r01_event_sales_window@trailing              1608.2 ops/s  p50=  1.232ms p99=  71.257ms  errors=0
    r01_event_sales_window@historical            1549.5 ops/s  p50=  1.240ms p99=  72.058ms  errors=0
    r02_event_recent_buyers                      1484.2 ops/s  p50=  1.180ms p99=  72.669ms  errors=0
    r03_customers_last_purchase_window@trailing       37.6 ops/s  p50=203.113ms p99= 289.716ms  errors=0
    r03_customers_last_purchase_window@historical       37.4 ops/s  p50=202.234ms p99= 296.074ms  errors=0
    r04_band_sellthrough                          284.1 ops/s  p50=  3.916ms p99= 407.364ms  errors=0
  wrote /results/c1_count_naive.json
