  engine: PostgreSQL 15.12-YB-2025.2.6.0-b0 on x86_64-pc-linux-gnu, compiled by clang version 19.1.0 (https://github.com/yugabyte/llvm-project.git a2a6b655e14e7fa1fcf1011a6cb29cb8575249c0), 64-bit
  effective isolation for READ COMMITTED requests: read committed
  dataset: 40 bands, 690 events, 289500 seats, 65388 sold at load
  loading c2_count_serializable ...
  loaded in 6.0s (copy 0.8s, index 3.4s)
  verifying answers against ground truth ...
    46/46 checks passed; audit on load: consistent (690 events, 65388 seats sold)
  capturing plans ...
  read benchmark:
    q01_event_availability@10              2476.7 ops/s  p50=  0.974ms p99=  68.861ms  errors=0
    q01_event_availability@100             2564.0 ops/s  p50=  0.963ms p99=  68.346ms  errors=0
    q01_event_availability@1000            2068.1 ops/s  p50=  1.154ms p99=  69.401ms  errors=0
    q01_event_availability@10000           1058.0 ops/s  p50=  2.187ms p99=  73.379ms  errors=0
    q01_event_availability@100000           221.3 ops/s  p50= 11.792ms p99=  91.842ms  errors=0
    q02_band_events                         359.5 ops/s  p50=  4.269ms p99= 187.457ms  errors=0
    q03_customer_tickets                   2565.8 ops/s  p50=  0.961ms p99=  67.707ms  errors=0
    q04_ticket_by_id                       4297.2 ops/s  p50=  0.588ms p99=  64.495ms  errors=0
    q05_band_tickets_sold                   757.6 ops/s  p50=  2.085ms p99= 102.012ms  errors=0
  operational reports:
    r01_event_sales_window@trailing              1574.1 ops/s  p50=  1.222ms p99=  72.160ms  errors=0
    r01_event_sales_window@historical            1584.3 ops/s  p50=  1.253ms p99=  71.394ms  errors=0
    r02_event_recent_buyers                      1556.7 ops/s  p50=  1.189ms p99=  71.829ms  errors=0
    r03_customers_last_purchase_window@trailing       36.5 ops/s  p50=205.769ms p99= 291.189ms  errors=0
    r03_customers_last_purchase_window@historical       35.4 ops/s  p50=207.014ms p99= 330.352ms  errors=0
    r04_band_sellthrough                          260.7 ops/s  p50=  4.269ms p99= 423.130ms  errors=0
  wrote /results/c2_count_serializable.json
