  engine: PostgreSQL 15.12-YB-2025.2.6.0-b0 on x86_64-pc-linux-gnu, compiled by clang version 19.1.0 (https://github.com/yugabyte/llvm-project.git a2a6b655e14e7fa1fcf1011a6cb29cb8575249c0), 64-bit
  effective isolation for READ COMMITTED requests: read committed
  dataset: 40 bands, 690 events, 289500 seats, 65388 sold at load
  loading c3_count_lock_event ...
  loaded in 5.7s (copy 0.9s, index 2.8s)
  verifying answers against ground truth ...
    46/46 checks passed; audit on load: consistent (690 events, 65388 seats sold)
  capturing plans ...
  read benchmark:
    q01_event_availability@10              2328.5 ops/s  p50=  1.022ms p99=  68.604ms  errors=0
    q01_event_availability@100             2394.1 ops/s  p50=  1.015ms p99=  68.438ms  errors=0
    q01_event_availability@1000            2017.3 ops/s  p50=  1.195ms p99=  69.361ms  errors=0
    q01_event_availability@10000           1071.2 ops/s  p50=  2.163ms p99=  73.567ms  errors=0
    q01_event_availability@100000           242.4 ops/s  p50=  9.684ms p99=  88.658ms  errors=0
    q02_band_events                         347.1 ops/s  p50=  4.443ms p99= 184.616ms  errors=0
    q03_customer_tickets                   1985.0 ops/s  p50=  1.078ms p99=  68.145ms  errors=0
    q04_ticket_by_id                       2180.6 ops/s  p50=  0.794ms p99=  65.067ms  errors=0
    q05_band_tickets_sold                   463.3 ops/s  p50=  2.801ms p99= 183.976ms  errors=0
  operational reports:
    r01_event_sales_window@trailing               786.7 ops/s  p50=  1.779ms p99=  79.977ms  errors=0
    r01_event_sales_window@historical            1550.8 ops/s  p50=  1.259ms p99=  71.682ms  errors=0
    r02_event_recent_buyers                      1397.4 ops/s  p50=  1.305ms p99=  72.516ms  errors=0
    r03_customers_last_purchase_window@trailing       35.4 ops/s  p50=207.989ms p99= 296.076ms  errors=0
    r03_customers_last_purchase_window@historical       31.2 ops/s  p50=215.547ms p99= 474.128ms  errors=0
    r04_band_sellthrough                          267.5 ops/s  p50=  4.236ms p99= 473.048ms  errors=0
  wrote /results/c3_count_lock_event.json
