  engine: PostgreSQL 15.12-YB-2025.2.6.0-b0 on x86_64-pc-linux-gnu, compiled by clang version 19.1.0 (https://github.com/yugabyte/llvm-project.git a2a6b655e14e7fa1fcf1011a6cb29cb8575249c0), 64-bit
  effective isolation for READ COMMITTED requests: read committed
  dataset: 40 bands, 690 events, 289500 seats, 65388 sold at load
  loading c4_counter_guard ...
  loaded in 6.4s (copy 0.9s, index 3.8s)
  verifying answers against ground truth ...
    46/46 checks passed; audit on load: consistent (690 events, 65388 seats sold)
  capturing plans ...
  read benchmark:
    q01_event_availability@10              4082.4 ops/s  p50=  0.594ms p99=  65.610ms  errors=0
    q01_event_availability@100             4092.7 ops/s  p50=  0.600ms p99=  64.572ms  errors=0
    q01_event_availability@1000            4986.2 ops/s  p50=  0.530ms p99=  64.578ms  errors=0
    q01_event_availability@10000           5082.8 ops/s  p50=  0.514ms p99=  65.253ms  errors=0
    q01_event_availability@100000          5031.7 ops/s  p50=  0.521ms p99=  64.888ms  errors=0
    q02_band_events                        2718.8 ops/s  p50=  0.925ms p99=  68.584ms  errors=0
    q03_customer_tickets                   2864.6 ops/s  p50=  0.879ms p99=  68.366ms  errors=0
    q04_ticket_by_id                       4980.3 ops/s  p50=  0.525ms p99=  65.192ms  errors=0
    q05_band_tickets_sold                  2861.9 ops/s  p50=  0.888ms p99=  68.438ms  errors=0
  operational reports:
    r01_event_sales_window@trailing              1613.3 ops/s  p50=  1.144ms p99=  72.616ms  errors=0
    r01_event_sales_window@historical            1739.2 ops/s  p50=  1.125ms p99=  71.997ms  errors=0
    r02_event_recent_buyers                      1684.5 ops/s  p50=  1.117ms p99=  72.248ms  errors=0
    r03_customers_last_purchase_window@trailing       41.6 ops/s  p50=197.922ms p99= 278.306ms  errors=0
    r03_customers_last_purchase_window@historical       41.7 ops/s  p50=198.255ms p99= 280.546ms  errors=0
    r04_band_sellthrough                          278.8 ops/s  p50=  3.491ms p99= 400.499ms  errors=0
  wrote /results/c4_counter_guard.json
