  engine: PostgreSQL 15.12-YB-2025.2.6.0-b0 on x86_64-pc-linux-gnu, compiled by clang version 19.1.0 (https://github.com/yugabyte/llvm-project.git a2a6b655e14e7fa1fcf1011a6cb29cb8575249c0), 64-bit
  effective isolation for READ COMMITTED requests: read committed
  dataset: 40 bands, 690 events, 289500 seats, 65388 sold at load
  loading c5_seat_unique ...
  loaded in 5.9s (copy 0.9s, index 3.3s)
  verifying answers against ground truth ...
    46/46 checks passed; audit on load: consistent (690 events, 65388 seats sold)
  capturing plans ...
  read benchmark:
    q01_event_availability@10              2679.6 ops/s  p50=  0.917ms p99=  68.747ms  errors=0
    q01_event_availability@100             2512.8 ops/s  p50=  1.004ms p99=  67.987ms  errors=0
    q01_event_availability@1000            2086.7 ops/s  p50=  1.162ms p99=  69.466ms  errors=0
    q01_event_availability@10000           1024.3 ops/s  p50=  2.240ms p99=  74.190ms  errors=0
    q01_event_availability@100000           200.6 ops/s  p50= 12.303ms p99=  91.842ms  errors=0
    q02_band_events                         359.7 ops/s  p50=  4.131ms p99= 187.375ms  errors=0
    q03_customer_tickets                   2686.7 ops/s  p50=  0.930ms p99=  68.090ms  errors=0
    q04_ticket_by_id                       4721.3 ops/s  p50=  0.551ms p99=  64.784ms  errors=0
    q05_band_tickets_sold                   696.2 ops/s  p50=  2.082ms p99= 109.361ms  errors=0
  operational reports:
    r01_event_sales_window@trailing              1355.2 ops/s  p50=  1.208ms p99=  73.000ms  errors=0
    r01_event_sales_window@historical            1466.6 ops/s  p50=  1.182ms p99=  72.350ms  errors=0
    r02_event_recent_buyers                      1433.4 ops/s  p50=  1.145ms p99=  73.000ms  errors=0
    r03_customers_last_purchase_window@trailing       36.9 ops/s  p50=204.398ms p99= 297.733ms  errors=0
    r03_customers_last_purchase_window@historical       36.7 ops/s  p50=204.461ms p99= 296.654ms  errors=0
    r04_band_sellthrough                          224.2 ops/s  p50=  4.177ms p99= 603.061ms  errors=0
  wrote /results/c5_seat_unique.json
