  engine: PostgreSQL 15.12-YB-2025.2.6.0-b0 on x86_64-pc-linux-gnu, compiled by clang version 19.1.0 (https://github.com/yugabyte/llvm-project.git a2a6b655e14e7fa1fcf1011a6cb29cb8575249c0), 64-bit
  effective isolation for READ COMMITTED requests: read committed
  dataset: 40 bands, 690 events, 289500 seats, 65388 sold at load
  loading h0_hold_naive_confirm ...
  loaded in 7.6s (copy 1.0s, index 4.3s)
  verifying answers against ground truth ...
    47/47 checks passed; audit on load: consistent (690 events, 65388 seats sold)
  capturing plans ...
  read benchmark:
    q01_event_availability@10              4547.0 ops/s  p50=  0.564ms p99=  64.972ms  errors=0
    q01_event_availability@100             4591.5 ops/s  p50=  0.560ms p99=  65.129ms  errors=0
    q01_event_availability@1000            4445.7 ops/s  p50=  0.569ms p99=  65.405ms  errors=0
    q01_event_availability@10000           4671.5 ops/s  p50=  0.553ms p99=  64.996ms  errors=0
    q01_event_availability@100000          4653.2 ops/s  p50=  0.559ms p99=  64.856ms  errors=0
    q02_band_events                        2510.4 ops/s  p50=  0.990ms p99=  68.296ms  errors=0
    q03_customer_tickets                   2406.9 ops/s  p50=  1.061ms p99=  66.740ms  errors=0
    q04_ticket_by_id                       4410.5 ops/s  p50=  0.589ms p99=  64.743ms  errors=0
    q05_band_tickets_sold                   718.2 ops/s  p50=  2.103ms p99= 103.729ms  errors=0
  operational reports:
    r01_event_sales_window@trailing              1502.4 ops/s  p50=  1.232ms p99=  72.505ms  errors=0
    r01_event_sales_window@historical            1573.3 ops/s  p50=  1.204ms p99=  72.628ms  errors=0
    r02_event_recent_buyers                      1611.3 ops/s  p50=  1.180ms p99=  71.728ms  errors=0
    r03_customers_last_purchase_window@trailing       32.2 ops/s  p50=220.208ms p99= 305.200ms  errors=0
    r03_customers_last_purchase_window@historical       29.8 ops/s  p50=283.001ms p99= 403.177ms  errors=0
    r04_band_sellthrough                          238.8 ops/s  p50=  4.807ms p99= 496.927ms  errors=0
    r06_outstanding_holds                        4178.2 ops/s  p50=  0.640ms p99=  63.562ms  errors=0
  wrote /results/h0_hold_naive_confirm.json
