  engine: PostgreSQL 15.12-YB-2025.2.6.0-b0 on x86_64-pc-linux-gnu, compiled by clang version 19.1.0 (https://github.com/yugabyte/llvm-project.git a2a6b655e14e7fa1fcf1011a6cb29cb8575249c0), 64-bit
  effective isolation for READ COMMITTED requests: read committed
  dataset: 40 bands, 690 events, 289500 seats, 65388 sold at load
  loading h1_hold_checked_confirm ...
  loaded in 8.8s (copy 1.1s, index 4.8s)
  verifying answers against ground truth ...
    47/47 checks passed; audit on load: consistent (690 events, 65388 seats sold)
  capturing plans ...
  read benchmark:
    q01_event_availability@10              4417.9 ops/s  p50=  0.594ms p99=  63.968ms  errors=0
    q01_event_availability@100             4563.6 ops/s  p50=  0.593ms p99=  63.483ms  errors=0
    q01_event_availability@1000            4481.5 ops/s  p50=  0.579ms p99=  64.747ms  errors=0
    q01_event_availability@10000           4347.1 ops/s  p50=  0.619ms p99=  64.297ms  errors=0
    q01_event_availability@100000          4404.8 ops/s  p50=  0.597ms p99=  63.870ms  errors=0
    q02_band_events                        2259.4 ops/s  p50=  1.123ms p99=  67.018ms  errors=0
    q03_customer_tickets                   2750.6 ops/s  p50=  0.913ms p99=  68.266ms  errors=0
    q04_ticket_by_id                       4857.9 ops/s  p50=  0.539ms p99=  65.000ms  errors=0
    q05_band_tickets_sold                   775.8 ops/s  p50=  2.028ms p99= 101.215ms  errors=0
  operational reports:
    r01_event_sales_window@trailing              1726.0 ops/s  p50=  1.173ms p99=  71.830ms  errors=0
    r01_event_sales_window@historical            1601.3 ops/s  p50=  1.311ms p99=  71.809ms  errors=0
    r02_event_recent_buyers                      1660.2 ops/s  p50=  1.174ms p99=  71.627ms  errors=0
    r03_customers_last_purchase_window@trailing       31.5 ops/s  p50=274.072ms p99= 380.725ms  errors=0
    r03_customers_last_purchase_window@historical       35.2 ops/s  p50=207.621ms p99= 293.573ms  errors=0
    r04_band_sellthrough                          262.5 ops/s  p50=  4.243ms p99= 411.327ms  errors=0
    r06_outstanding_holds                        4499.7 ops/s  p50=  0.576ms p99=  64.872ms  errors=0
  wrote /results/h1_hold_checked_confirm.json
