  engine: PostgreSQL 15.12-YB-2025.2.6.0-b0 on x86_64-pc-linux-gnu, compiled by clang version 19.1.0 (https://github.com/yugabyte/llvm-project.git a2a6b655e14e7fa1fcf1011a6cb29cb8575249c0), 64-bit
  effective isolation for READ COMMITTED requests: read committed
  dataset: 40 bands, 690 events, 289500 seats, 65388 sold at load
  loading p1_precreated_lock_first ...
  loaded in 29.8s (copy 11.3s, index 16.3s)
  verifying answers against ground truth ...
    46/46 checks passed; audit on load: consistent (690 events, 65388 seats sold)
  capturing plans ...
  read benchmark:
    q01_event_availability@10              3824.8 ops/s  p50=  0.658ms p99=  64.123ms  errors=0
    q01_event_availability@100             3496.4 ops/s  p50=  0.701ms p99=  65.234ms  errors=0
    q01_event_availability@1000            3023.2 ops/s  p50=  0.805ms p99=  67.774ms  errors=0
    q01_event_availability@10000            861.7 ops/s  p50=  2.609ms p99=  75.611ms  errors=0
    q01_event_availability@100000           122.4 ops/s  p50= 88.158ms p99= 104.308ms  errors=0
    q02_band_events                         207.6 ops/s  p50=  6.697ms p99= 273.548ms  errors=0
    q03_customer_tickets                   2566.2 ops/s  p50=  0.962ms p99=  67.611ms  errors=0
    q04_ticket_by_id                       4542.7 ops/s  p50=  0.562ms p99=  64.421ms  errors=0
    q05_band_tickets_sold                    53.7 ops/s  p50=  7.052ms p99=2304.313ms  errors=0
  operational reports:
    r01_event_sales_window@trailing               822.2 ops/s  p50=  1.568ms p99=  76.701ms  errors=0
    r01_event_sales_window@historical             785.6 ops/s  p50=  1.501ms p99=  77.666ms  errors=0
    r02_event_recent_buyers                       617.6 ops/s  p50=  1.473ms p99= 108.962ms  errors=0
    r03_customers_last_purchase_window@trailing        5.6 ops/s  p50=1403.021ms p99=1599.566ms  errors=0
    r03_customers_last_purchase_window@historical        5.8 ops/s  p50=1393.762ms p99=1490.096ms  errors=0
    r04_band_sellthrough                           46.6 ops/s  p50=  8.414ms p99=2408.307ms  errors=0
  wrote /results/p1_precreated_lock_first.json
