  engine: PostgreSQL 15.12-YB-2025.2.6.0-b0 on x86_64-pc-linux-gnu, compiled by clang version 19.1.0 (https://github.com/yugabyte/llvm-project.git a2a6b655e14e7fa1fcf1011a6cb29cb8575249c0), 64-bit
  effective isolation for READ COMMITTED requests: read committed
  dataset: 40 bands, 690 events, 289500 seats, 65388 sold at load
  loading p2_precreated_skip_locked ...
  loaded in 35.1s (copy 21.7s, index 11.5s)
  verifying answers against ground truth ...
    46/46 checks passed; audit on load: consistent (690 events, 65388 seats sold)
  capturing plans ...
  read benchmark:
    q01_event_availability@10              4689.2 ops/s  p50=  0.546ms p99=  65.403ms  errors=0
    q01_event_availability@100             4571.5 ops/s  p50=  0.563ms p99=  65.977ms  errors=0
    q01_event_availability@1000            2861.1 ops/s  p50=  0.848ms p99=  67.238ms  errors=0
    q01_event_availability@10000            873.3 ops/s  p50=  2.578ms p99=  75.383ms  errors=0
    q01_event_availability@100000           124.8 ops/s  p50= 88.594ms p99= 100.372ms  errors=0
    q02_band_events                         271.2 ops/s  p50=  4.987ms p99= 200.960ms  errors=0
    q03_customer_tickets                   2632.1 ops/s  p50=  0.934ms p99=  67.894ms  errors=0
    q04_ticket_by_id                       4491.4 ops/s  p50=  0.561ms p99=  64.907ms  errors=0
    q05_band_tickets_sold                    45.7 ops/s  p50=  8.507ms p99=2410.970ms  errors=0
  operational reports:
    r01_event_sales_window@trailing               834.9 ops/s  p50=  1.519ms p99=  80.330ms  errors=0
    r01_event_sales_window@historical             824.7 ops/s  p50=  1.425ms p99=  77.338ms  errors=0
    r02_event_recent_buyers                       750.5 ops/s  p50=  1.468ms p99=  79.689ms  errors=0
    r03_customers_last_purchase_window@trailing        5.3 ops/s  p50=1500.596ms p99=1601.172ms  errors=0
    r03_customers_last_purchase_window@historical        5.4 ops/s  p50=1484.058ms p99=1584.470ms  errors=0
    r04_band_sellthrough                           41.7 ops/s  p50=  8.882ms p99=2514.841ms  errors=0
  wrote /results/p2_precreated_skip_locked.json
