  engine: PostgreSQL 15.12-YB-2025.2.6.0-b0 on x86_64-pc-linux-gnu, compiled by clang version 19.1.0 (https://github.com/yugabyte/llvm-project.git a2a6b655e14e7fa1fcf1011a6cb29cb8575249c0), 64-bit
  effective isolation for READ COMMITTED requests: read committed
  dataset: 40 bands, 690 events, 289500 seats, 65388 sold at load
  loading p3_precreated_cas ...
  loaded in 18.9s (copy 4.4s, index 12.7s)
  verifying answers against ground truth ...
    46/46 checks passed; audit on load: consistent (690 events, 65388 seats sold)
  capturing plans ...
  read benchmark:
    q01_event_availability@10              4396.5 ops/s  p50=  0.591ms p99=  64.697ms  errors=0
    q01_event_availability@100             3882.5 ops/s  p50=  0.643ms p99=  65.294ms  errors=0
    q01_event_availability@1000            2834.5 ops/s  p50=  0.875ms p99=  67.231ms  errors=0
    q01_event_availability@10000            910.6 ops/s  p50=  2.713ms p99=  73.335ms  errors=0
    q01_event_availability@100000           123.3 ops/s  p50= 87.901ms p99= 103.022ms  errors=0
    q02_band_events                         281.9 ops/s  p50=  5.170ms p99= 196.450ms  errors=0
    q03_customer_tickets                   2506.9 ops/s  p50=  0.992ms p99=  66.987ms  errors=0
    q04_ticket_by_id                       4465.4 ops/s  p50=  0.594ms p99=  63.469ms  errors=0
    q05_band_tickets_sold                    41.4 ops/s  p50=  9.990ms p99=2818.733ms  errors=0
  operational reports:
    r01_event_sales_window@trailing               759.4 ops/s  p50=  1.653ms p99=  76.561ms  errors=0
    r01_event_sales_window@historical             618.6 ops/s  p50=  1.572ms p99=  81.645ms  errors=0
    r02_event_recent_buyers                       686.0 ops/s  p50=  1.560ms p99=  80.881ms  errors=0
    r03_customers_last_purchase_window@trailing        5.3 ops/s  p50=1490.396ms p99=1597.855ms  errors=0
    r03_customers_last_purchase_window@historical        5.4 ops/s  p50=1484.221ms p99=1596.886ms  errors=0
    r04_band_sellthrough                           48.5 ops/s  p50=  7.915ms p99=2420.918ms  errors=0
  wrote /results/p3_precreated_cas.json
