  engine: PostgreSQL 15.12-YB-2025.2.6.0-b0 on x86_64-pc-linux-gnu, compiled by clang version 19.1.0 (https://github.com/yugabyte/llvm-project.git a2a6b655e14e7fa1fcf1011a6cb29cb8575249c0), 64-bit
  effective isolation for READ COMMITTED requests: read committed
  dataset: 40 bands, 690 events, 289500 seats, 65388 sold at load
  loading p4_precreated_counter ...
  loaded in 21.2s (copy 4.7s, index 14.6s)
  verifying answers against ground truth ...
    46/46 checks passed; audit on load: consistent (690 events, 65388 seats sold)
  capturing plans ...
  read benchmark:
    q01_event_availability@10              4230.1 ops/s  p50=  0.596ms p99=  64.567ms  errors=0
    q01_event_availability@100             4417.7 ops/s  p50=  0.583ms p99=  63.923ms  errors=0
    q01_event_availability@1000            2351.5 ops/s  p50=  0.763ms p99=  64.555ms  errors=0
    q01_event_availability@10000           1672.0 ops/s  p50=  0.845ms p99=  67.192ms  errors=0
    q01_event_availability@100000          1849.5 ops/s  p50=  0.837ms p99=  66.643ms  errors=0
    q02_band_events                         907.0 ops/s  p50=  1.502ms p99=  80.129ms  errors=0
    q03_customer_tickets                   1192.2 ops/s  p50=  1.368ms p99=  75.101ms  errors=0
    q04_ticket_by_id                       2216.9 ops/s  p50=  0.852ms p99=  61.943ms  errors=0
    q05_band_tickets_sold                  1313.9 ops/s  p50=  1.388ms p99=  69.509ms  errors=0
  operational reports:
    r01_event_sales_window@trailing               585.7 ops/s  p50=  2.093ms p99=  80.838ms  errors=0
    r01_event_sales_window@historical             760.9 ops/s  p50=  1.575ms p99=  78.910ms  errors=0
    r02_event_recent_buyers                       513.0 ops/s  p50=  1.812ms p99= 193.823ms  errors=0
    r03_customers_last_purchase_window@trailing        4.4 ops/s  p50=1790.094ms p99=1914.444ms  errors=0
    r03_customers_last_purchase_window@historical        5.2 ops/s  p50=1513.399ms p99=1703.691ms  errors=0
    r04_band_sellthrough                           51.6 ops/s  p50=  8.719ms p99=2400.908ms  errors=0
  wrote /results/p4_precreated_counter.json
