  engine: PostgreSQL 15.12-YB-2025.2.6.0-b0 on x86_64-pc-linux-gnu, compiled by clang version 19.1.0 (https://github.com/yugabyte/llvm-project.git a2a6b655e14e7fa1fcf1011a6cb29cb8575249c0), 64-bit
  effective isolation for READ COMMITTED requests: read committed
  dataset: 40 bands, 690 events, 289500 seats, 65388 sold at load
  loading r1_inventory_row ...
  loaded in 6.7s (copy 0.9s, index 3.8s)
  verifying answers against ground truth ...
    46/46 checks passed; audit on load: consistent (690 events, 65388 seats sold)
  capturing plans ...
  read benchmark:
    q01_event_availability@10              4205.5 ops/s  p50=  0.596ms p99=  64.966ms  errors=0
    q01_event_availability@100             4609.4 ops/s  p50=  0.563ms p99=  64.399ms  errors=0
    q01_event_availability@1000            4579.5 ops/s  p50=  0.574ms p99=  64.256ms  errors=0
    q01_event_availability@10000           4510.4 ops/s  p50=  0.573ms p99=  64.524ms  errors=0
    q01_event_availability@100000          4751.3 ops/s  p50=  0.550ms p99=  64.311ms  errors=0
    q02_band_events                        1376.6 ops/s  p50=  1.748ms p99=  71.127ms  errors=0
    q03_customer_tickets                   2407.9 ops/s  p50=  1.002ms p99=  68.153ms  errors=0
    q04_ticket_by_id                       4594.2 ops/s  p50=  0.560ms p99=  65.070ms  errors=0
    q05_band_tickets_sold                  1504.9 ops/s  p50=  1.632ms p99=  71.305ms  errors=0
  operational reports:
    r01_event_sales_window@trailing              1556.0 ops/s  p50=  1.238ms p99=  72.609ms  errors=0
    r01_event_sales_window@historical            1603.6 ops/s  p50=  1.210ms p99=  72.340ms  errors=0
    r02_event_recent_buyers                      1637.7 ops/s  p50=  1.140ms p99=  71.797ms  errors=0
    r03_customers_last_purchase_window@trailing       37.0 ops/s  p50=204.263ms p99= 289.716ms  errors=0
    r03_customers_last_purchase_window@historical       37.3 ops/s  p50=204.025ms p99= 288.816ms  errors=0
    r04_band_sellthrough                          268.3 ops/s  p50=  4.060ms p99= 412.441ms  errors=0
  wrote /results/r1_inventory_row.json
