  engine: PostgreSQL 15.12-YB-2025.2.6.0-b0 on x86_64-pc-linux-gnu, compiled by clang version 19.1.0 (https://github.com/yugabyte/llvm-project.git a2a6b655e14e7fa1fcf1011a6cb29cb8575249c0), 64-bit
  effective isolation for READ COMMITTED requests: read committed
  dataset: 40 bands, 690 events, 289500 seats, 65388 sold at load
  loading r2_inventory_buckets ...
  loaded in 6.5s (copy 1.0s, index 3.3s)
  verifying answers against ground truth ...
    46/46 checks passed; audit on load: consistent (690 events, 65388 seats sold)
  capturing plans ...
  read benchmark:
    q01_event_availability@10              4052.2 ops/s  p50=  0.608ms p99=  66.442ms  errors=0
    q01_event_availability@100             3619.8 ops/s  p50=  0.694ms p99=  65.127ms  errors=0
    q01_event_availability@1000            4026.7 ops/s  p50=  0.641ms p99=  64.539ms  errors=0
    q01_event_availability@10000           4214.2 ops/s  p50=  0.613ms p99=  65.216ms  errors=0
    q01_event_availability@100000          4325.9 ops/s  p50=  0.599ms p99=  65.261ms  errors=0
    q02_band_events                         378.0 ops/s  p50=  4.063ms p99= 183.868ms  errors=0
    q03_customer_tickets                   2627.3 ops/s  p50=  0.952ms p99=  67.937ms  errors=0
    q04_ticket_by_id                       4594.4 ops/s  p50=  0.565ms p99=  64.994ms  errors=0
    q05_band_tickets_sold                  1373.0 ops/s  p50=  1.742ms p99=  71.890ms  errors=0
  operational reports:
    r01_event_sales_window@trailing              1622.9 ops/s  p50=  1.224ms p99=  71.726ms  errors=0
    r01_event_sales_window@historical            1649.0 ops/s  p50=  1.217ms p99=  71.979ms  errors=0
    r02_event_recent_buyers                      1622.7 ops/s  p50=  1.135ms p99=  71.723ms  errors=0
    r03_customers_last_purchase_window@trailing       37.1 ops/s  p50=205.095ms p99= 288.725ms  errors=0
    r03_customers_last_purchase_window@historical       37.0 ops/s  p50=204.157ms p99= 287.551ms  errors=0
    r04_band_sellthrough                          259.0 ops/s  p50=  4.057ms p99= 417.439ms  errors=0
  wrote /results/r2_inventory_buckets.json
