  engine: PostgreSQL 15.12-YB-2025.2.6.0-b0 on x86_64-pc-linux-gnu, compiled by clang version 19.1.0 (https://github.com/yugabyte/llvm-project.git a2a6b655e14e7fa1fcf1011a6cb29cb8575249c0), 64-bit
  effective isolation for READ COMMITTED requests: read committed
  dataset: 40 bands, 690 events, 289500 seats, 65388 sold at load
  loading r3_seat_pool ...
  loaded in 8.5s (copy 3.0s, index 3.3s)
  verifying answers against ground truth ...
    46/46 checks passed; audit on load: consistent (690 events, 65388 seats sold)
  capturing plans ...
  read benchmark:
    q01_event_availability@10              4401.3 ops/s  p50=  0.582ms p99=  65.601ms  errors=0
    q01_event_availability@100             4281.0 ops/s  p50=  0.598ms p99=  65.689ms  errors=0
    q01_event_availability@1000            3242.8 ops/s  p50=  0.745ms p99=  67.967ms  errors=0
    q01_event_availability@10000           1205.6 ops/s  p50=  1.830ms p99=  73.888ms  errors=0
    q01_event_availability@100000           170.8 ops/s  p50= 15.888ms p99=  95.972ms  errors=0
    q02_band_events                         303.9 ops/s  p50=  4.901ms p99= 193.026ms  errors=0
    q03_customer_tickets                   2631.1 ops/s  p50=  0.945ms p99=  68.190ms  errors=0
    q04_ticket_by_id                       4526.5 ops/s  p50=  0.567ms p99=  65.322ms  errors=0
    q05_band_tickets_sold                   742.5 ops/s  p50=  2.075ms p99= 102.170ms  errors=0
  operational reports:
    r01_event_sales_window@trailing              1617.5 ops/s  p50=  1.169ms p99=  71.974ms  errors=0
    r01_event_sales_window@historical            1685.1 ops/s  p50=  1.173ms p99=  71.518ms  errors=0
    r02_event_recent_buyers                      1666.3 ops/s  p50=  1.131ms p99=  71.941ms  errors=0
    r03_customers_last_purchase_window@trailing       37.4 ops/s  p50=203.927ms p99= 286.406ms  errors=0
    r03_customers_last_purchase_window@historical       37.2 ops/s  p50=204.479ms p99= 288.017ms  errors=0
    r04_band_sellthrough                          271.2 ops/s  p50=  3.949ms p99= 414.475ms  errors=0
  wrote /results/r3_seat_pool.json
