  engine: PostgreSQL 15.12-YB-2025.2.6.0-b0 on x86_64-pc-linux-gnu, compiled by clang version 19.1.0 (https://github.com/yugabyte/llvm-project.git a2a6b655e14e7fa1fcf1011a6cb29cb8575249c0), 64-bit
  effective isolation for READ COMMITTED requests: read committed
  dataset: 40 bands, 690 events, 289500 seats, 65388 sold at load
  loading x1_cas_ledger ...
  loaded in 32.4s (copy 7.3s, index 22.0s)
  verifying answers against ground truth ...
    48/48 checks passed; audit on load: consistent (690 events, 65388 seats sold)
    ledger audit on load: consistent (289500 seats checked)
  capturing plans ...
  read benchmark:
    q01_event_availability@10              3176.3 ops/s  p50=  0.766ms p99=  63.622ms  errors=0
    q01_event_availability@100             3011.0 ops/s  p50=  0.794ms p99=  63.693ms  errors=0
    q01_event_availability@1000            2597.6 ops/s  p50=  0.954ms p99=  67.054ms  errors=0
    q01_event_availability@10000            778.8 ops/s  p50=  2.831ms p99=  76.434ms  errors=0
    q01_event_availability@100000           108.8 ops/s  p50= 91.350ms p99= 178.897ms  errors=0
    q02_band_events                         258.5 ops/s  p50=  5.389ms p99= 204.945ms  errors=0
    q03_customer_tickets                   2338.2 ops/s  p50=  1.023ms p99=  67.931ms  errors=0
    q04_ticket_by_id                       4355.3 ops/s  p50=  0.586ms p99=  64.752ms  errors=0
    q05_band_tickets_sold                    35.4 ops/s  p50=  9.865ms p99=2683.107ms  errors=0
  operational reports:
    r01_event_sales_window@trailing              2864.5 ops/s  p50=  0.808ms p99=  67.715ms  errors=0
    r01_event_sales_window@historical            2809.4 ops/s  p50=  0.828ms p99=  67.761ms  errors=0
    r02_event_recent_buyers                       718.3 ops/s  p50=  1.653ms p99=  79.163ms  errors=0
    r03_customers_last_purchase_window@trailing       29.9 ops/s  p50=288.862ms p99= 304.163ms  errors=0
    r03_customers_last_purchase_window@historical       30.8 ops/s  p50=285.761ms p99= 302.213ms  errors=0
    r04_band_sellthrough                           36.3 ops/s  p50=  8.320ms p99=2799.566ms  errors=0
    r05_refunds_window@trailing                  3398.7 ops/s  p50=  0.738ms p99=  64.637ms  errors=0
    r05_refunds_window@historical                3359.6 ops/s  p50=  0.747ms p99=  64.469ms  errors=0
  wrote /results/x1_cas_ledger.json
