  engine: PostgreSQL 17.11 (Debian 17.11-1.pgdg13+2) on x86_64-pc-linux-gnu, compiled by gcc (Debian 14.2.0-19) 14.2.0, 64-bit
  generating dataset scale=tiny seed=42 ...
  dataset: 10 charities, 500 people, 8999 donations
  loading d20_recency_flag ...
  loaded in 0.1s (copy 0.0s, rollup 0.0s, index 0.0s)
  verifying answers against ground truth ...
    20/20 checks passed
  capturing plans ...
  read benchmark:
    q01_last_donation_global          45829.6 ops/s  p50=  0.107ms p99=   0.433ms  errors=0
    q02_last_donation_charity         43268.8 ops/s  p50=  0.111ms p99=   0.427ms  errors=0
    q03_top_donor_charity              7500.1 ops/s  p50=  0.319ms p99=  62.949ms  errors=0
    q04_top_donors_leaderboard         6988.9 ops/s  p50=  0.332ms p99=  64.675ms  errors=0
    q05_last_donor_charity            38402.0 ops/s  p50=  0.116ms p99=   0.470ms  errors=0
    q06_person_first_last             38592.8 ops/s  p50=  0.118ms p99=   0.487ms  errors=0
    q07_total_donated_global           3137.6 ops/s  p50=  0.595ms p99=  72.585ms  errors=0
    q08_total_donated_charity         19597.6 ops/s  p50=  0.168ms p99=   0.706ms  errors=0
    q09_person_recent_donations       20872.2 ops/s  p50=  0.169ms p99=   0.700ms  errors=0
    q10_donation_by_id                39666.3 ops/s  p50=  0.125ms p99=   0.500ms  errors=0
    q11_person_donation_count         36980.1 ops/s  p50=  0.129ms p99=   0.555ms  errors=0
    q12_charity_recent_feed           18532.4 ops/s  p50=  0.180ms p99=   0.749ms  errors=0
    q13_donors_last_gift_window@trailing    12176.8 ops/s  p50=  0.225ms p99=   1.009ms  errors=0
    q13_donors_last_gift_window@historical    30904.3 ops/s  p50=  0.138ms p99=   0.570ms  errors=0
    q14_donors_last_gift_window_count@trailing    32930.0 ops/s  p50=  0.134ms p99=   0.508ms  errors=0
    q14_donors_last_gift_window_count@historical    38094.9 ops/s  p50=  0.127ms p99=   0.511ms  errors=0
    q15_charity_donors_last_gift_window@trailing    25801.2 ops/s  p50=  0.154ms p99=   0.679ms  errors=0
    q15_charity_donors_last_gift_window@historical    33826.5 ops/s  p50=  0.136ms p99=   0.569ms  errors=0
    q16_lapsed_donors_count@trailing    27888.8 ops/s  p50=  0.147ms p99=   0.447ms  errors=0
    q16_lapsed_donors_count@historical    33975.6 ops/s  p50=  0.132ms p99=   0.401ms  errors=0
  write benchmark:
    write:delete_person                6561.1 ops/s  p50=  1.179ms p99=   1.520ms  errors=0 retries=0
    recency audit after delete_person: flag consistent (236 donors)
  wrote /results/d20_recency_flag.json
