  engine: PostgreSQL 17.11 (Debian 17.11-1.pgdg13+2) on x86_64-pc-linux-gnu, compiled by gcc (Debian 14.2.0-19) 14.2.0, 64-bit
  generating dataset scale=tiny seed=42 ...
  dataset: 10 charities, 500 people, 8999 donations
  loading d21_recency_flag_unguarded ...
  loaded in 0.1s (copy 0.0s, rollup 0.0s, index 0.1s)
  verifying answers against ground truth ...
    20/20 checks passed
  capturing plans ...
  read benchmark:
    q01_last_donation_global          45248.9 ops/s  p50=  0.108ms p99=   0.459ms  errors=0
    q02_last_donation_charity         42291.0 ops/s  p50=  0.113ms p99=   0.439ms  errors=0
    q03_top_donor_charity              7551.0 ops/s  p50=  0.332ms p99=  60.741ms  errors=0
    q04_top_donors_leaderboard         7263.6 ops/s  p50=  0.337ms p99=  64.455ms  errors=0
    q05_last_donor_charity            38538.6 ops/s  p50=  0.116ms p99=   0.469ms  errors=0
    q06_person_first_last             40506.9 ops/s  p50=  0.113ms p99=   0.449ms  errors=0
    q07_total_donated_global           3160.9 ops/s  p50=  0.608ms p99=  72.077ms  errors=0
    q08_total_donated_charity         19681.3 ops/s  p50=  0.170ms p99=   0.770ms  errors=0
    q09_person_recent_donations       21676.8 ops/s  p50=  0.161ms p99=   0.706ms  errors=0
    q10_donation_by_id                46329.4 ops/s  p50=  0.104ms p99=   0.415ms  errors=0
    q11_person_donation_count         41809.9 ops/s  p50=  0.111ms p99=   0.485ms  errors=0
    q12_charity_recent_feed           19059.3 ops/s  p50=  0.177ms p99=   0.802ms  errors=0
    q13_donors_last_gift_window@trailing    12298.7 ops/s  p50=  0.228ms p99=   0.828ms  errors=0
    q13_donors_last_gift_window@historical    33812.4 ops/s  p50=  0.124ms p99=   0.517ms  errors=0
    q14_donors_last_gift_window_count@trailing    33973.8 ops/s  p50=  0.129ms p99=   0.523ms  errors=0
    q14_donors_last_gift_window_count@historical    40481.1 ops/s  p50=  0.118ms p99=   0.470ms  errors=0
    q15_charity_donors_last_gift_window@trailing    27601.6 ops/s  p50=  0.145ms p99=   0.601ms  errors=0
    q15_charity_donors_last_gift_window@historical    36284.8 ops/s  p50=  0.127ms p99=   0.495ms  errors=0
    q16_lapsed_donors_count@trailing    27327.9 ops/s  p50=  0.145ms p99=   0.582ms  errors=0
    q16_lapsed_donors_count@historical    32594.7 ops/s  p50=  0.131ms p99=   0.529ms  errors=0
  write benchmark:
    write:delete_person                6115.6 ops/s  p50=  1.216ms p99=   1.671ms  errors=0 retries=0
    recency audit after delete_person: flag consistent (236 donors)
  wrote /results/d21_recency_flag_unguarded.json
