  engine: PostgreSQL 15.12-YB-2025.2.6.0-b0 on x86_64-pc-linux-gnu, compiled by clang version 19.1.0 (https://github.com/yugabyte/llvm-project.git a2a6b655e14e7fa1fcf1011a6cb29cb8575249c0), 64-bit
  effective isolation for READ COMMITTED requests: read committed
  database clock minus client clock: 0.016 ms
  dataset: 5 venues, 84 events, 5741 tickets and 165 holds at load
  loading e0_app_clock_expiry ...
  loaded in 26.6s (copy 2.3s, index 12.8s)
  verifying answers against ground truth ...
    51/51 checks passed (margin 583s); audit on load: consistent (84 events, 5741 tickets; rejections late=0 boundary=0)
  race trial 1/2 (32 buyers per event, fresh load):
      race event 52: gate 2026-09-14T19:53:52.778764179Z, deadline 2026-09-14T19:54:52.778764179Z
      race event 53: gate 2026-09-14T19:53:55.562038017Z, deadline 2026-09-14T19:54:55.562038017Z
      race event 54: gate 2026-09-14T19:53:56.93038702Z, deadline 2026-09-14T19:54:56.93038702Z
      race event 55: gate 2026-09-14T19:53:57.307499462Z, deadline 2026-09-14T19:54:57.307499462Z
      race event 56: gate 2026-09-14T19:53:57.630874139Z, deadline 2026-09-14T19:54:57.630874139Z
      race event 57: gate 2026-09-14T19:53:58.336917395Z, deadline 2026-09-14T19:54:58.336917395Z
      race event 58: gate 2026-09-14T19:53:59.037594669Z, deadline 2026-09-14T19:54:59.037594669Z
      race event 59: gate 2026-09-14T19:53:59.584970106Z, deadline 2026-09-14T19:54:59.584970106Z
      race event 60: gate 2026-09-14T19:53:59.82674376Z, deadline 2026-09-14T19:54:59.82674376Z
      race event 61: gate 2026-09-14T19:54:00.027135883Z, deadline 2026-09-14T19:55:00.027135883Z
      race event 62: gate 2026-09-14T19:54:00.35355457Z, deadline 2026-09-14T19:55:00.35355457Z
      race event 63: gate 2026-09-14T19:54:00.775748519Z, deadline 2026-09-14T19:55:00.775748519Z
      race event 64: gate 2026-09-14T19:54:01.3095452Z, deadline 2026-09-14T19:55:01.3095452Z
      race event 65: gate 2026-09-14T19:54:01.886508629Z, deadline 2026-09-14T19:55:01.886508629Z
      race event 66: gate 2026-09-14T19:54:02.226262007Z, deadline 2026-09-14T19:55:02.226262007Z
      race event 67: gate 2026-09-14T19:54:02.477869338Z, deadline 2026-09-14T19:55:02.477869338Z
      race event 68: gate 2026-09-14T19:54:03.099484574Z, deadline 2026-09-14T19:55:03.099484574Z
      race event 69: gate 2026-09-14T19:54:03.459797216Z, deadline 2026-09-14T19:55:03.459797216Z
      race event 70: gate 2026-09-14T19:54:03.859118115Z, deadline 2026-09-14T19:55:03.859118115Z
      race event 71: gate 2026-09-14T19:54:04.08037699Z, deadline 2026-09-14T19:55:04.08037699Z
    race     10 seats x20        33.9 seats/s  conflicts/hold=6.32 reads/hold=13.48  hold p50=31.76ms p99=217.83ms  deferred 12/12 ok  confirm retries sold/run=0/0  errors=0  VIOLATIONS
      audit: VIOLATIONS — thefts 0, grants on sold seats 0, double sales 0, sales without the hold 0, late sales 0, early rejections 1 (transient 1), duplicate seats 0, inventory drift 0, invalid seats 0, partial holds 0, ticket mismatches 0
      race event 72: gate 2026-09-14T19:54:04.926534631Z, deadline 2026-09-14T19:55:04.926534631Z
      race event 73: gate 2026-09-14T19:54:06.228973462Z, deadline 2026-09-14T19:55:06.228973462Z
      race event 74: gate 2026-09-14T19:54:07.940297497Z, deadline 2026-09-14T19:55:07.940297497Z
      race event 75: gate 2026-09-14T19:54:09.314142039Z, deadline 2026-09-14T19:55:09.314142039Z
    race    100 seats x4         76.4 seats/s  conflicts/hold=2.65 reads/hold=5.11  hold p50=43.51ms p99=380.64ms  deferred 18/18 ok  confirm retries sold/run=0/0  errors=0  VIOLATIONS
      audit: VIOLATIONS — thefts 0, grants on sold seats 0, double sales 0, sales without the hold 0, late sales 0, early rejections 1 (transient 1), duplicate seats 0, inventory drift 0, invalid seats 0, partial holds 0, ticket mismatches 0
      race event 76: gate 2026-09-14T19:54:11.089430008Z, deadline 2026-09-14T19:55:11.089430008Z
    race   1000 seats x1         82.0 seats/s  conflicts/hold=0.99 reads/hold=2.81  hold p50=63.96ms p99=222.93ms  deferred 49/49 ok  confirm retries sold/run=0/0  errors=0  VIOLATIONS
      audit: VIOLATIONS — thefts 0, grants on sold seats 0, double sales 0, sales without the hold 0, late sales 0, early rejections 3 (transient 3), duplicate seats 0, inventory drift 0, invalid seats 0, partial holds 0, ticket mismatches 0
      race event 77: gate 2026-09-14T19:54:26.96938694Z, deadline 2026-09-14T19:55:26.96938694Z
    race  10000 seats x1         41.3 seats/s  conflicts/hold=0.27 reads/hold=1.37  hold p50=143.51ms p99=503.42ms  deferred 93/93 ok  confirm retries sold/run=0/0  errors=0  VIOLATIONS, 1 timed out (25% sold)
      audit: VIOLATIONS — thefts 0, grants on sold seats 0, double sales 0, sales without the hold 0, late sales 0, early rejections 4 (transient 4), duplicate seats 0, inventory drift 0, invalid seats 0, partial holds 0, ticket mismatches 0
  race trial 2/2 (32 buyers per event, fresh load):
      race event 52: gate 2026-09-14T19:56:09.290463785Z, deadline 2026-09-14T19:57:09.290463785Z
      race event 53: gate 2026-09-14T19:56:12.00065574Z, deadline 2026-09-14T19:57:12.00065574Z
      race event 54: gate 2026-09-14T19:56:12.434964899Z, deadline 2026-09-14T19:57:12.434964899Z
      race event 55: gate 2026-09-14T19:56:12.689660515Z, deadline 2026-09-14T19:57:12.689660515Z
      race event 56: gate 2026-09-14T19:56:12.98869645Z, deadline 2026-09-14T19:57:12.98869645Z
      race event 57: gate 2026-09-14T19:56:13.257665011Z, deadline 2026-09-14T19:57:13.257665011Z
      race event 58: gate 2026-09-14T19:56:13.613098372Z, deadline 2026-09-14T19:57:13.613098372Z
      race event 59: gate 2026-09-14T19:56:14.057118267Z, deadline 2026-09-14T19:57:14.057118267Z
      race event 60: gate 2026-09-14T19:56:14.281254671Z, deadline 2026-09-14T19:57:14.281254671Z
      race event 61: gate 2026-09-14T19:56:14.680172868Z, deadline 2026-09-14T19:57:14.680172868Z
      race event 62: gate 2026-09-14T19:56:15.06250101Z, deadline 2026-09-14T19:57:15.06250101Z
      race event 63: gate 2026-09-14T19:56:15.476042173Z, deadline 2026-09-14T19:57:15.476042173Z
      race event 64: gate 2026-09-14T19:56:15.816716121Z, deadline 2026-09-14T19:57:15.816716121Z
      race event 65: gate 2026-09-14T19:56:16.163405616Z, deadline 2026-09-14T19:57:16.163405616Z
      race event 66: gate 2026-09-14T19:56:16.345027422Z, deadline 2026-09-14T19:57:16.345027422Z
      race event 67: gate 2026-09-14T19:56:16.645959129Z, deadline 2026-09-14T19:57:16.645959129Z
      race event 68: gate 2026-09-14T19:56:17.063841048Z, deadline 2026-09-14T19:57:17.063841048Z
      race event 69: gate 2026-09-14T19:56:17.499566029Z, deadline 2026-09-14T19:57:17.499566029Z
      race event 70: gate 2026-09-14T19:56:18.01090205Z, deadline 2026-09-14T19:57:18.01090205Z
      race event 71: gate 2026-09-14T19:56:18.329115216Z, deadline 2026-09-14T19:57:18.329115216Z
    race     10 seats x20        37.3 seats/s  conflicts/hold=6.01 reads/hold=13.49  hold p50=34.74ms p99=276.13ms  deferred 12/12 ok  confirm retries sold/run=0/0  errors=0  VIOLATIONS
      audit: VIOLATIONS — thefts 0, grants on sold seats 0, double sales 0, sales without the hold 0, late sales 0, early rejections 1 (transient 1), duplicate seats 0, inventory drift 0, invalid seats 0, partial holds 0, ticket mismatches 0
      race event 72: gate 2026-09-14T19:56:18.877454572Z, deadline 2026-09-14T19:57:18.877454572Z
      race event 73: gate 2026-09-14T19:56:20.292687054Z, deadline 2026-09-14T19:57:20.292687054Z
      race event 74: gate 2026-09-14T19:56:21.608248562Z, deadline 2026-09-14T19:57:21.608248562Z
      race event 75: gate 2026-09-14T19:56:23.205728953Z, deadline 2026-09-14T19:57:23.205728953Z
    race    100 seats x4         77.1 seats/s  conflicts/hold=2.79 reads/hold=5.32  hold p50=47.27ms p99=570.04ms  deferred 19/19 ok  confirm retries sold/run=0/0  errors=0  ok
      audit: consistent (4 events, 400 tickets; rejections late=0 boundary=0)
      race event 76: gate 2026-09-14T19:56:24.891087226Z, deadline 2026-09-14T19:57:24.891087226Z
    race   1000 seats x1         71.8 seats/s  conflicts/hold=1.00 reads/hold=3.17  hold p50=79.75ms p99=237.73ms  deferred 40/40 ok  confirm retries sold/run=0/0  errors=0  VIOLATIONS
      audit: VIOLATIONS — thefts 0, grants on sold seats 0, double sales 0, sales without the hold 0, late sales 0, early rejections 2 (transient 2), duplicate seats 0, inventory drift 0, invalid seats 0, partial holds 0, ticket mismatches 0
      race event 77: gate 2026-09-14T19:56:42.667737001Z, deadline 2026-09-14T19:57:42.667737001Z
    race  10000 seats x1         38.9 seats/s  conflicts/hold=0.39 reads/hold=1.47  hold p50=160.21ms p99=505.40ms  deferred 91/91 ok  confirm retries sold/run=0/0  errors=0  VIOLATIONS, 1 timed out (24% sold)
      audit: VIOLATIONS — thefts 0, grants on sold seats 0, double sales 0, sales without the hold 0, late sales 0, early rejections 7 (transient 7), duplicate seats 0, inventory drift 0, invalid seats 0, partial holds 0, ticket mismatches 0
  wrote /results/e0_app_clock_expiry.json
