  engine: PostgreSQL 15.12-YB-2025.2.6.0-b0 on x86_64-pc-linux-gnu, compiled by clang version 19.1.0 (https://github.com/yugabyte/llvm-project.git a2a6b655e14e7fa1fcf1011a6cb29cb8575249c0), 64-bit
  effective isolation for READ COMMITTED requests: read committed
  database clock minus client clock: 0.017 ms
  dataset: 5 venues, 84 events, 5741 tickets and 165 holds at load
  loading e1_sweeper_expiry ...
  loaded in 30.7s (copy 2.4s, index 13.9s)
  verifying answers against ground truth ...
    51/51 checks passed (margin 581s); audit on load: consistent (84 events, 5741 tickets; rejections late=0 boundary=0)
  race trial 1/2 (32 buyers per event, fresh load):
      race event 52: gate 2026-09-14T20:03:05.057115772Z, deadline 2026-09-14T20:04:05.057115772Z
      race event 53: gate 2026-09-14T20:03:07.657063929Z, deadline 2026-09-14T20:04:07.657063929Z
      race event 54: gate 2026-09-14T20:03:10.608369112Z, deadline 2026-09-14T20:04:10.608369112Z
      race event 55: gate 2026-09-14T20:03:12.3300737Z, deadline 2026-09-14T20:04:12.3300737Z
      race event 56: gate 2026-09-14T20:03:13.577410646Z, deadline 2026-09-14T20:04:13.577410646Z
      race event 57: gate 2026-09-14T20:03:14.046983462Z, deadline 2026-09-14T20:04:14.046983462Z
      race event 58: gate 2026-09-14T20:03:14.406554738Z, deadline 2026-09-14T20:04:14.406554738Z
      race event 59: gate 2026-09-14T20:03:14.593375422Z, deadline 2026-09-14T20:04:14.593375422Z
      race event 60: gate 2026-09-14T20:03:14.792361742Z, deadline 2026-09-14T20:04:14.792361742Z
      race event 61: gate 2026-09-14T20:03:15.08343916Z, deadline 2026-09-14T20:04:15.08343916Z
      race event 62: gate 2026-09-14T20:03:15.29431309Z, deadline 2026-09-14T20:04:15.29431309Z
      race event 63: gate 2026-09-14T20:03:15.742286563Z, deadline 2026-09-14T20:04:15.742286563Z
      race event 64: gate 2026-09-14T20:03:16.251014726Z, deadline 2026-09-14T20:04:16.251014726Z
      race event 65: gate 2026-09-14T20:03:16.541157748Z, deadline 2026-09-14T20:04:16.541157748Z
      race event 66: gate 2026-09-14T20:03:16.814575331Z, deadline 2026-09-14T20:04:16.814575331Z
      race event 67: gate 2026-09-14T20:03:17.295694478Z, deadline 2026-09-14T20:04:17.295694478Z
      race event 68: gate 2026-09-14T20:03:17.652691497Z, deadline 2026-09-14T20:04:17.652691497Z
      race event 69: gate 2026-09-14T20:03:17.904118056Z, deadline 2026-09-14T20:04:17.904118056Z
      race event 70: gate 2026-09-14T20:03:18.298290682Z, deadline 2026-09-14T20:04:18.298290682Z
      race event 71: gate 2026-09-14T20:03:18.675297321Z, deadline 2026-09-14T20:04:18.675297321Z
    race     10 seats x20        34.0 seats/s  conflicts/hold=6.38 reads/hold=14.10  hold p50=32.56ms p99=286.18ms  deferred 13/13 ok  confirm retries sold/run=0/0  errors=0  ok
      audit: consistent (20 events, 200 tickets; rejections late=0 boundary=0)
      race event 72: gate 2026-09-14T20:03:19.054741662Z, deadline 2026-09-14T20:04:19.054741662Z
      race event 73: gate 2026-09-14T20:03:20.569770593Z, deadline 2026-09-14T20:04:20.569770593Z
      race event 74: gate 2026-09-14T20:03:24.90567441Z, deadline 2026-09-14T20:04:24.90567441Z
      race event 75: gate 2026-09-14T20:03:26.581853131Z, deadline 2026-09-14T20:04:26.581853131Z
    race    100 seats x4         67.5 seats/s  conflicts/hold=2.69 reads/hold=4.99  hold p50=56.83ms p99=423.56ms  deferred 12/12 ok  confirm retries sold/run=0/0  errors=0  VIOLATIONS
      audit: VIOLATIONS — thefts 0, grants on sold seats 0, double sales 0, sales without the hold 0, late sales 0, early rejections 2 (transient 2), duplicate seats 0, inventory drift 0, invalid seats 0, partial holds 0, ticket mismatches 0
      race event 76: gate 2026-09-14T20:03:28.836423756Z, deadline 2026-09-14T20:04:28.836423756Z
    race   1000 seats x1         65.2 seats/s  conflicts/hold=1.02 reads/hold=3.07  hold p50=83.36ms p99=252.86ms  deferred 36/36 ok  confirm retries sold/run=0/0  errors=0  VIOLATIONS
      audit: VIOLATIONS — thefts 0, grants on sold seats 0, double sales 0, sales without the hold 0, late sales 0, early rejections 1 (transient 1), duplicate seats 0, inventory drift 0, invalid seats 0, partial holds 0, ticket mismatches 0
      race event 77: gate 2026-09-14T20:03:44.849221241Z, deadline 2026-09-14T20:04:44.849221241Z
    race  10000 seats x1         37.3 seats/s  conflicts/hold=0.38 reads/hold=1.40  hold p50=177.11ms p99=497.09ms  deferred 90/90 ok  confirm retries sold/run=0/0  errors=0  VIOLATIONS, 1 timed out (22% sold)
      audit: VIOLATIONS — thefts 0, grants on sold seats 0, double sales 0, sales without the hold 0, late sales 0, early rejections 7 (transient 7), duplicate seats 0, inventory drift 0, invalid seats 0, partial holds 0, ticket mismatches 0
  race trial 2/2 (32 buyers per event, fresh load):
      race event 52: gate 2026-09-14T20:05:24.870812001Z, deadline 2026-09-14T20:06:24.870812001Z
      race event 53: gate 2026-09-14T20:05:27.732825058Z, deadline 2026-09-14T20:06:27.732825058Z
      race event 54: gate 2026-09-14T20:05:28.464300976Z, deadline 2026-09-14T20:06:28.464300976Z
      race event 55: gate 2026-09-14T20:05:29.238562042Z, deadline 2026-09-14T20:06:29.238562042Z
      race event 56: gate 2026-09-14T20:05:29.990887397Z, deadline 2026-09-14T20:06:29.990887397Z
      race event 57: gate 2026-09-14T20:05:30.15046223Z, deadline 2026-09-14T20:06:30.15046223Z
      race event 58: gate 2026-09-14T20:05:30.395488569Z, deadline 2026-09-14T20:06:30.395488569Z
      race event 59: gate 2026-09-14T20:05:30.671249808Z, deadline 2026-09-14T20:06:30.671249808Z
      race event 60: gate 2026-09-14T20:05:30.896151974Z, deadline 2026-09-14T20:06:30.896151974Z
      race event 61: gate 2026-09-14T20:05:31.439782543Z, deadline 2026-09-14T20:06:31.439782543Z
      race event 62: gate 2026-09-14T20:05:31.722827592Z, deadline 2026-09-14T20:06:31.722827592Z
      race event 63: gate 2026-09-14T20:05:32.204177839Z, deadline 2026-09-14T20:06:32.204177839Z
      race event 64: gate 2026-09-14T20:05:32.38387118Z, deadline 2026-09-14T20:06:32.38387118Z
      race event 65: gate 2026-09-14T20:05:33.173800297Z, deadline 2026-09-14T20:06:33.173800297Z
      race event 66: gate 2026-09-14T20:05:33.382671122Z, deadline 2026-09-14T20:06:33.382671122Z
      race event 67: gate 2026-09-14T20:05:33.595531562Z, deadline 2026-09-14T20:06:33.595531562Z
      race event 68: gate 2026-09-14T20:05:33.86122636Z, deadline 2026-09-14T20:06:33.86122636Z
      race event 69: gate 2026-09-14T20:05:33.992867798Z, deadline 2026-09-14T20:06:33.992867798Z
      race event 70: gate 2026-09-14T20:05:34.190747151Z, deadline 2026-09-14T20:06:34.190747151Z
      race event 71: gate 2026-09-14T20:05:34.404625929Z, deadline 2026-09-14T20:06:34.404625929Z
    race     10 seats x20        34.9 seats/s  conflicts/hold=7.11 reads/hold=14.81  hold p50=30.59ms p99=370.86ms  deferred 13/13 ok  confirm retries sold/run=0/0  errors=0  ok
      audit: consistent (20 events, 200 tickets; rejections late=0 boundary=0)
      race event 72: gate 2026-09-14T20:05:35.460978643Z, deadline 2026-09-14T20:06:35.460978643Z
      race event 73: gate 2026-09-14T20:05:36.610382011Z, deadline 2026-09-14T20:06:36.610382011Z
      race event 74: gate 2026-09-14T20:05:37.775781273Z, deadline 2026-09-14T20:06:37.775781273Z
      race event 75: gate 2026-09-14T20:05:39.120790248Z, deadline 2026-09-14T20:06:39.120790248Z
    race    100 seats x4         91.8 seats/s  conflicts/hold=2.55 reads/hold=4.51  hold p50=38.90ms p99=307.90ms  deferred 16/16 ok  confirm retries sold/run=0/0  errors=0  VIOLATIONS
      audit: VIOLATIONS — thefts 0, grants on sold seats 0, double sales 0, sales without the hold 0, late sales 0, early rejections 1 (transient 1), duplicate seats 0, inventory drift 0, invalid seats 0, partial holds 0, ticket mismatches 0
      race event 76: gate 2026-09-14T20:05:41.014122751Z, deadline 2026-09-14T20:06:41.014122751Z
    race   1000 seats x1         65.9 seats/s  conflicts/hold=0.94 reads/hold=3.30  hold p50=84.48ms p99=312.27ms  deferred 44/44 ok  confirm retries sold/run=0/0  errors=0  ok
      audit: consistent (1 events, 1000 tickets; rejections late=0 boundary=0)
      race event 77: gate 2026-09-14T20:06:00.008275757Z, deadline 2026-09-14T20:07:00.008275757Z
    race  10000 seats x1         36.7 seats/s  conflicts/hold=0.37 reads/hold=1.44  hold p50=189.91ms p99=563.67ms  deferred 92/92 ok  confirm retries sold/run=0/0  errors=0  VIOLATIONS, 1 timed out (22% sold)
      audit: VIOLATIONS — thefts 0, grants on sold seats 0, double sales 0, sales without the hold 0, late sales 0, early rejections 4 (transient 4), duplicate seats 0, inventory drift 0, invalid seats 0, partial holds 0, ticket mismatches 0
  wrote /results/e1_sweeper_expiry.json
