  engine: PostgreSQL 15.12-YB-2025.2.6.0-b0 on x86_64-pc-linux-gnu, compiled by clang version 19.1.0 (https://github.com/yugabyte/llvm-project.git a2a6b655e14e7fa1fcf1011a6cb29cb8575249c0), 64-bit
  effective isolation for READ COMMITTED requests: read committed
  database clock minus client clock: 0.022 ms
  dataset: 5 venues, 84 events, 5741 tickets and 165 holds at load
  loading k1_payment_window ...
  loaded in 32.1s (copy 2.1s, index 13.2s)
  verifying answers against ground truth ...
    51/51 checks passed (margin 584s); audit on load: consistent (84 events, 5741 tickets; rejections late=0 boundary=0)
  race trial 1/2 (32 buyers per event, fresh load):
      race event 52: gate 2026-09-14T20:19:39.95759619Z, deadline 2026-09-14T20:20:39.95759619Z
      race event 53: gate 2026-09-14T20:19:42.604783757Z, deadline 2026-09-14T20:20:42.604783757Z
      race event 54: gate 2026-09-14T20:19:44.255822654Z, deadline 2026-09-14T20:20:44.255822654Z
      race event 55: gate 2026-09-14T20:19:45.280329039Z, deadline 2026-09-14T20:20:45.280329039Z
      race event 56: gate 2026-09-14T20:19:45.831779402Z, deadline 2026-09-14T20:20:45.831779402Z
      race event 57: gate 2026-09-14T20:19:46.176871642Z, deadline 2026-09-14T20:20:46.176871642Z
      race event 58: gate 2026-09-14T20:19:46.485273523Z, deadline 2026-09-14T20:20:46.485273523Z
      race event 59: gate 2026-09-14T20:19:46.768051531Z, deadline 2026-09-14T20:20:46.768051531Z
      race event 60: gate 2026-09-14T20:19:47.332108582Z, deadline 2026-09-14T20:20:47.332108582Z
      race event 61: gate 2026-09-14T20:19:50.628312489Z, deadline 2026-09-14T20:20:50.628312489Z
      race event 62: gate 2026-09-14T20:19:51.198854093Z, deadline 2026-09-14T20:20:51.198854093Z
      race event 63: gate 2026-09-14T20:19:51.533840426Z, deadline 2026-09-14T20:20:51.533840426Z
      race event 64: gate 2026-09-14T20:19:51.965427227Z, deadline 2026-09-14T20:20:51.965427227Z
      race event 65: gate 2026-09-14T20:19:52.123493077Z, deadline 2026-09-14T20:20:52.123493077Z
      race event 66: gate 2026-09-14T20:19:52.401224427Z, deadline 2026-09-14T20:20:52.401224427Z
      race event 67: gate 2026-09-14T20:19:52.715817395Z, deadline 2026-09-14T20:20:52.715817395Z
      race event 68: gate 2026-09-14T20:19:53.016493124Z, deadline 2026-09-14T20:20:53.016493124Z
      race event 69: gate 2026-09-14T20:19:53.157902864Z, deadline 2026-09-14T20:20:53.157902864Z
      race event 70: gate 2026-09-14T20:19:53.585347939Z, deadline 2026-09-14T20:20:53.585347939Z
      race event 71: gate 2026-09-14T20:19:53.928877657Z, deadline 2026-09-14T20:20:53.928877657Z
    race     10 seats x20        30.3 seats/s  conflicts/hold=6.05 reads/hold=12.98  hold p50=37.28ms p99=264.42ms  deferred 16/16 ok  confirm retries sold/run=0/0  errors=0  ok
      audit: consistent (20 events, 200 tickets; rejections late=0 boundary=0)
      race event 72: gate 2026-09-14T20:19:54.990236832Z, deadline 2026-09-14T20:20:54.990236832Z
      race event 73: gate 2026-09-14T20:19:56.71887355Z, deadline 2026-09-14T20:20:56.71887355Z
      race event 74: gate 2026-09-14T20:19:58.27983131Z, deadline 2026-09-14T20:20:58.27983131Z
      race event 75: gate 2026-09-14T20:19:59.658680115Z, deadline 2026-09-14T20:20:59.658680115Z
    race    100 seats x4         75.3 seats/s  conflicts/hold=2.57 reads/hold=4.90  hold p50=45.45ms p99=505.61ms  deferred 20/20 ok  confirm retries sold/run=0/0  errors=0  ok
      audit: consistent (4 events, 400 tickets; rejections late=0 boundary=0)
      race event 76: gate 2026-09-14T20:20:01.486042095Z, deadline 2026-09-14T20:21:01.486042095Z
    race   1000 seats x1         67.8 seats/s  conflicts/hold=1.23 reads/hold=2.89  hold p50=90.63ms p99=320.45ms  deferred 43/43 ok  confirm retries sold/run=0/0  errors=0  VIOLATIONS
      audit: VIOLATIONS — thefts 0, grants on sold seats 0, double sales 0, sales without the hold 0, late sales 0, early rejections 4 (transient 4), duplicate seats 0, inventory drift 0, invalid seats 0, partial holds 0, ticket mismatches 0
      race event 77: gate 2026-09-14T20:20:16.937586923Z, deadline 2026-09-14T20:21:16.937586923Z
    race  10000 seats x1         37.5 seats/s  conflicts/hold=0.32 reads/hold=1.36  hold p50=171.56ms p99=505.19ms  deferred 84/84 ok  confirm retries sold/run=0/0  errors=0  VIOLATIONS, 1 timed out (23% sold)
      audit: VIOLATIONS — thefts 0, grants on sold seats 0, double sales 0, sales without the hold 0, late sales 0, early rejections 6 (transient 6), duplicate seats 0, inventory drift 0, invalid seats 0, partial holds 0, ticket mismatches 0
  race trial 2/2 (32 buyers per event, fresh load):
      race event 52: gate 2026-09-14T20:21:59.482517778Z, deadline 2026-09-14T20:22:59.482517778Z
      race event 53: gate 2026-09-14T20:22:01.772935384Z, deadline 2026-09-14T20:23:01.772935384Z
      race event 54: gate 2026-09-14T20:22:02.529045694Z, deadline 2026-09-14T20:23:02.529045694Z
      race event 55: gate 2026-09-14T20:22:02.944378487Z, deadline 2026-09-14T20:23:02.944378487Z
      race event 56: gate 2026-09-14T20:22:03.141729138Z, deadline 2026-09-14T20:23:03.141729138Z
      race event 57: gate 2026-09-14T20:22:03.350637883Z, deadline 2026-09-14T20:23:03.350637883Z
      race event 58: gate 2026-09-14T20:22:03.624836919Z, deadline 2026-09-14T20:23:03.624836919Z
      race event 59: gate 2026-09-14T20:22:04.2553804Z, deadline 2026-09-14T20:23:04.2553804Z
      race event 60: gate 2026-09-14T20:22:04.524274215Z, deadline 2026-09-14T20:23:04.524274215Z
      race event 61: gate 2026-09-14T20:22:04.865242769Z, deadline 2026-09-14T20:23:04.865242769Z
      race event 62: gate 2026-09-14T20:22:05.089891752Z, deadline 2026-09-14T20:23:05.089891752Z
      race event 63: gate 2026-09-14T20:22:05.29892533Z, deadline 2026-09-14T20:23:05.29892533Z
      race event 64: gate 2026-09-14T20:22:05.77907158Z, deadline 2026-09-14T20:23:05.77907158Z
      race event 65: gate 2026-09-14T20:22:06.086878705Z, deadline 2026-09-14T20:23:06.086878705Z
      race event 66: gate 2026-09-14T20:22:06.528359828Z, deadline 2026-09-14T20:23:06.528359828Z
      race event 67: gate 2026-09-14T20:22:07.06342642Z, deadline 2026-09-14T20:23:07.06342642Z
      race event 68: gate 2026-09-14T20:22:07.420528701Z, deadline 2026-09-14T20:23:07.420528701Z
      race event 69: gate 2026-09-14T20:22:07.641768876Z, deadline 2026-09-14T20:23:07.641768876Z
      race event 70: gate 2026-09-14T20:22:08.15232207Z, deadline 2026-09-14T20:23:08.15232207Z
      race event 71: gate 2026-09-14T20:22:11.379405005Z, deadline 2026-09-14T20:23:11.379405005Z
    race     10 seats x20        37.8 seats/s  conflicts/hold=7.25 reads/hold=14.84  hold p50=38.03ms p99=249.38ms  deferred 12/12 ok  confirm retries sold/run=0/0  errors=0  ok
      audit: consistent (20 events, 200 tickets; rejections late=0 boundary=0)
      race event 72: gate 2026-09-14T20:22:12.144984416Z, deadline 2026-09-14T20:23:12.144984416Z
      race event 73: gate 2026-09-14T20:22:13.980210064Z, deadline 2026-09-14T20:23:13.980210064Z
      race event 74: gate 2026-09-14T20:22:15.49961617Z, deadline 2026-09-14T20:23:15.49961617Z
      race event 75: gate 2026-09-14T20:22:17.571060274Z, deadline 2026-09-14T20:23:17.571060274Z
    race    100 seats x4         70.6 seats/s  conflicts/hold=2.56 reads/hold=4.86  hold p50=45.70ms p99=354.78ms  deferred 19/19 ok  confirm retries sold/run=0/0  errors=0  ok
      audit: consistent (4 events, 400 tickets; rejections late=0 boundary=0)
      race event 76: gate 2026-09-14T20:22:19.195409308Z, deadline 2026-09-14T20:23:19.195409308Z
    race   1000 seats x1         55.7 seats/s  conflicts/hold=1.14 reads/hold=3.73  hold p50=91.40ms p99=237.17ms  deferred 41/41 ok  confirm retries sold/run=0/0  errors=0  VIOLATIONS
      audit: VIOLATIONS — thefts 0, grants on sold seats 0, double sales 0, sales without the hold 0, late sales 0, early rejections 6 (transient 6), duplicate seats 0, inventory drift 0, invalid seats 0, partial holds 0, ticket mismatches 0
      race event 77: gate 2026-09-14T20:22:38.078211563Z, deadline 2026-09-14T20:23:38.078211563Z
    race  10000 seats x1         37.2 seats/s  conflicts/hold=0.34 reads/hold=1.40  hold p50=199.83ms p99=504.58ms  deferred 94/94 ok  confirm retries sold/run=0/0  errors=0  VIOLATIONS, 1 timed out (22% sold)
      audit: VIOLATIONS — thefts 0, grants on sold seats 0, double sales 0, sales without the hold 0, late sales 0, early rejections 12 (transient 12), duplicate seats 0, inventory drift 0, invalid seats 0, partial holds 0, ticket mismatches 0
  wrote /results/k1_payment_window.json
