  engine: PostgreSQL 15.12-YB-2025.2.6.0-b0 on x86_64-pc-linux-gnu, compiled by clang version 19.1.0 (https://github.com/yugabyte/llvm-project.git a2a6b655e14e7fa1fcf1011a6cb29cb8575249c0), 64-bit
  effective isolation for READ COMMITTED requests: read committed
  database clock minus client clock: 0.016 ms
  dataset: 5 venues, 84 events, 5741 tickets and 165 holds at load
  loading l1_claim_rows ...
  loaded in 26.8s (copy 1.8s, index 9.8s)
  verifying answers against ground truth ...
    51/51 checks passed (margin 588s); audit on load: consistent (84 events, 5741 tickets; rejections late=0 boundary=0)
  race trial 1/2 (32 buyers per event, fresh load):
      race event 52: gate 2026-09-14T20:24:20.177233894Z, deadline 2026-09-14T20:25:20.177233894Z
      race event 53: gate 2026-09-14T20:24:24.997761499Z, deadline 2026-09-14T20:25:24.997761499Z
      race event 54: gate 2026-09-14T20:24:26.512123465Z, deadline 2026-09-14T20:25:26.512123465Z
      race event 55: gate 2026-09-14T20:24:28.843005562Z, deadline 2026-09-14T20:25:28.843005562Z
      race event 56: gate 2026-09-14T20:24:33.008064479Z, deadline 2026-09-14T20:25:33.008064479Z
      race event 57: gate 2026-09-14T20:24:33.229524843Z, deadline 2026-09-14T20:25:33.229524843Z
      race event 58: gate 2026-09-14T20:24:33.657540664Z, deadline 2026-09-14T20:25:33.657540664Z
      race event 59: gate 2026-09-14T20:24:34.089393214Z, deadline 2026-09-14T20:25:34.089393214Z
      race event 60: gate 2026-09-14T20:24:35.06960745Z, deadline 2026-09-14T20:25:35.06960745Z
      race event 61: gate 2026-09-14T20:24:36.176393537Z, deadline 2026-09-14T20:25:36.176393537Z
      race event 62: gate 2026-09-14T20:24:36.935769035Z, deadline 2026-09-14T20:25:36.935769035Z
      race event 63: gate 2026-09-14T20:24:37.760693777Z, deadline 2026-09-14T20:25:37.760693777Z
      race event 64: gate 2026-09-14T20:24:38.539250809Z, deadline 2026-09-14T20:25:38.539250809Z
      race event 65: gate 2026-09-14T20:24:38.926484126Z, deadline 2026-09-14T20:25:38.926484126Z
      race event 66: gate 2026-09-14T20:24:39.468233868Z, deadline 2026-09-14T20:25:39.468233868Z
      race event 67: gate 2026-09-14T20:24:40.265857948Z, deadline 2026-09-14T20:25:40.265857948Z
      race event 68: gate 2026-09-14T20:24:40.565027943Z, deadline 2026-09-14T20:25:40.565027943Z
      race event 69: gate 2026-09-14T20:24:40.792445122Z, deadline 2026-09-14T20:25:40.792445122Z
      race event 70: gate 2026-09-14T20:24:41.087104873Z, deadline 2026-09-14T20:25:41.087104873Z
      race event 71: gate 2026-09-14T20:24:41.732430585Z, deadline 2026-09-14T20:25:41.732430585Z
    race     10 seats x20        15.8 seats/s  conflicts/hold=7.31 reads/hold=15.36  hold p50=51.96ms p99=771.16ms  deferred 16/16 ok  confirm retries sold/run=0/0  errors=0  ok
      audit: consistent (20 events, 200 tickets; rejections late=0 boundary=0)
      race event 72: gate 2026-09-14T20:24:42.906429209Z, deadline 2026-09-14T20:25:42.906429209Z
      race event 73: gate 2026-09-14T20:24:44.635776024Z, deadline 2026-09-14T20:25:44.635776024Z
      race event 74: gate 2026-09-14T20:24:45.844646354Z, deadline 2026-09-14T20:25:45.844646354Z
      race event 75: gate 2026-09-14T20:24:48.401562709Z, deadline 2026-09-14T20:25:48.401562709Z
    race    100 seats x4         67.4 seats/s  conflicts/hold=2.30 reads/hold=4.45  hold p50=39.23ms p99=325.98ms  deferred 19/19 ok  confirm retries sold/run=0/0  errors=0  ok
      audit: consistent (4 events, 400 tickets; rejections late=0 boundary=0)
      race event 76: gate 2026-09-14T20:24:50.721210368Z, deadline 2026-09-14T20:25:50.721210368Z
    race   1000 seats x1         80.7 seats/s  conflicts/hold=0.76 reads/hold=2.86  hold p50=65.42ms p99=314.96ms  deferred 65/65 ok  confirm retries sold/run=0/0  errors=0  VIOLATIONS
      audit: VIOLATIONS — thefts 0, grants on sold seats 0, double sales 0, sales without the hold 0, late sales 0, early rejections 4 (transient 4), duplicate seats 0, inventory drift 0, invalid seats 0, partial holds 0, ticket mismatches 0
      race event 77: gate 2026-09-14T20:25:03.960691664Z, deadline 2026-09-14T20:26:03.960691664Z
    race  10000 seats x1         73.8 seats/s  conflicts/hold=0.26 reads/hold=1.47  hold p50=105.93ms p99=383.45ms  deferred 190/190 ok  confirm retries sold/run=0/0  errors=0  VIOLATIONS, 1 timed out (44% sold)
      audit: VIOLATIONS — thefts 0, grants on sold seats 0, double sales 0, sales without the hold 0, late sales 0, early rejections 22 (transient 22), duplicate seats 0, inventory drift 0, invalid seats 0, partial holds 0, ticket mismatches 0
  race trial 2/2 (32 buyers per event, fresh load):
      race event 52: gate 2026-09-14T20:26:41.206859085Z, deadline 2026-09-14T20:27:41.206859085Z
      race event 53: gate 2026-09-14T20:26:45.402226491Z, deadline 2026-09-14T20:27:45.402226491Z
      race event 54: gate 2026-09-14T20:26:47.317053718Z, deadline 2026-09-14T20:27:47.317053718Z
      race event 55: gate 2026-09-14T20:26:49.698288673Z, deadline 2026-09-14T20:27:49.698288673Z
      race event 56: gate 2026-09-14T20:26:52.990724411Z, deadline 2026-09-14T20:27:52.990724411Z
      race event 57: gate 2026-09-14T20:26:53.877398145Z, deadline 2026-09-14T20:27:53.877398145Z
      race event 58: gate 2026-09-14T20:26:54.19440234Z, deadline 2026-09-14T20:27:54.19440234Z
      race event 59: gate 2026-09-14T20:26:56.674671266Z, deadline 2026-09-14T20:27:56.674671266Z
      race event 60: gate 2026-09-14T20:26:57.575832295Z, deadline 2026-09-14T20:27:57.575832295Z
      race event 61: gate 2026-09-14T20:26:58.59851651Z, deadline 2026-09-14T20:27:58.59851651Z
      race event 62: gate 2026-09-14T20:26:58.835309711Z, deadline 2026-09-14T20:27:58.835309711Z
      race event 63: gate 2026-09-14T20:26:59.743968181Z, deadline 2026-09-14T20:27:59.743968181Z
      race event 64: gate 2026-09-14T20:27:00.304085895Z, deadline 2026-09-14T20:28:00.304085895Z
      race event 65: gate 2026-09-14T20:27:03.29516427Z, deadline 2026-09-14T20:28:03.29516427Z
      race event 66: gate 2026-09-14T20:27:04.095970528Z, deadline 2026-09-14T20:28:04.095970528Z
      race event 67: gate 2026-09-14T20:27:05.364667993Z, deadline 2026-09-14T20:28:05.364667993Z
      race event 68: gate 2026-09-14T20:27:05.770471392Z, deadline 2026-09-14T20:28:05.770471392Z
      race event 69: gate 2026-09-14T20:27:06.489317641Z, deadline 2026-09-14T20:28:06.489317641Z
      race event 70: gate 2026-09-14T20:27:07.429569364Z, deadline 2026-09-14T20:28:07.429569364Z
      race event 71: gate 2026-09-14T20:27:08.761318013Z, deadline 2026-09-14T20:28:08.761318013Z
    race     10 seats x20        10.2 seats/s  conflicts/hold=7.35 reads/hold=15.16  hold p50=54.87ms p99=2227.57ms  deferred 13/13 ok  confirm retries sold/run=0/0  errors=0  ok
      audit: consistent (20 events, 200 tickets; rejections late=0 boundary=0)
      race event 72: gate 2026-09-14T20:27:09.223040511Z, deadline 2026-09-14T20:28:09.223040511Z
      race event 73: gate 2026-09-14T20:27:10.986093046Z, deadline 2026-09-14T20:28:10.986093046Z
      race event 74: gate 2026-09-14T20:27:12.547516579Z, deadline 2026-09-14T20:28:12.547516579Z
      race event 75: gate 2026-09-14T20:27:14.503949159Z, deadline 2026-09-14T20:28:14.503949159Z
    race    100 seats x4         65.1 seats/s  conflicts/hold=2.41 reads/hold=5.39  hold p50=43.53ms p99=542.90ms  deferred 16/16 ok  confirm retries sold/run=0/0  errors=0  ok
      audit: consistent (4 events, 400 tickets; rejections late=0 boundary=0)
      race event 76: gate 2026-09-14T20:27:16.428294089Z, deadline 2026-09-14T20:28:16.428294089Z
    race   1000 seats x1         91.3 seats/s  conflicts/hold=0.89 reads/hold=2.84  hold p50=64.62ms p99=342.93ms  deferred 38/38 ok  confirm retries sold/run=0/0  errors=0  ok
      audit: consistent (1 events, 1000 tickets; rejections late=0 boundary=0)
      race event 77: gate 2026-09-14T20:27:27.845039537Z, deadline 2026-09-14T20:28:27.845039537Z
    race  10000 seats x1         80.5 seats/s  conflicts/hold=0.25 reads/hold=1.49  hold p50=93.52ms p99=366.28ms  deferred 217/217 ok  confirm retries sold/run=0/0  errors=0  VIOLATIONS, 1 timed out (49% sold)
      audit: VIOLATIONS — thefts 0, grants on sold seats 0, double sales 0, sales without the hold 0, late sales 0, early rejections 12 (transient 12), duplicate seats 0, inventory drift 0, invalid seats 0, partial holds 0, ticket mismatches 0
  wrote /results/l1_claim_rows.json
