  engine: PostgreSQL 15.12-YB-2025.2.6.0-b0 on x86_64-pc-linux-gnu, compiled by clang version 19.1.0 (https://github.com/yugabyte/llvm-project.git a2a6b655e14e7fa1fcf1011a6cb29cb8575249c0), 64-bit
  effective isolation for READ COMMITTED requests: read committed
  database clock minus client clock: 0.008 ms
  dataset: 5 venues, 84 events, 5741 tickets and 165 holds at load
  loading l3_section_sharded ...
  loaded in 26.5s (copy 1.7s, index 8.9s)
  verifying answers against ground truth ...
    51/51 checks passed (margin 586s); audit on load: consistent (84 events, 5741 tickets; rejections late=0 boundary=0)
  race trial 1/2 (32 buyers per event, fresh load):
      race event 52: gate 2026-09-14T20:12:20.227896058Z, deadline 2026-09-14T20:13:20.227896058Z
      race event 53: gate 2026-09-14T20:12:25.161910716Z, deadline 2026-09-14T20:13:25.161910716Z
      race event 54: gate 2026-09-14T20:12:28.278175505Z, deadline 2026-09-14T20:13:28.278175505Z
      race event 55: gate 2026-09-14T20:12:32.385729218Z, deadline 2026-09-14T20:13:32.385729218Z
      race event 56: gate 2026-09-14T20:12:35.468774829Z, deadline 2026-09-14T20:13:35.468774829Z
      race event 57: gate 2026-09-14T20:12:37.121178196Z, deadline 2026-09-14T20:13:37.121178196Z
      race event 58: gate 2026-09-14T20:12:39.094428116Z, deadline 2026-09-14T20:13:39.094428116Z
      race event 59: gate 2026-09-14T20:12:41.868737954Z, deadline 2026-09-14T20:13:41.868737954Z
      race event 60: gate 2026-09-14T20:12:44.828638379Z, deadline 2026-09-14T20:13:44.828638379Z
      race event 61: gate 2026-09-14T20:12:46.742660018Z, deadline 2026-09-14T20:13:46.742660018Z
      race event 62: gate 2026-09-14T20:12:49.54347174Z, deadline 2026-09-14T20:13:49.54347174Z
      race event 63: gate 2026-09-14T20:12:52.732995751Z, deadline 2026-09-14T20:13:52.732995751Z
      race event 64: gate 2026-09-14T20:12:54.653484623Z, deadline 2026-09-14T20:13:54.653484623Z
      race event 65: gate 2026-09-14T20:12:58.20422925Z, deadline 2026-09-14T20:13:58.20422925Z
      race event 66: gate 2026-09-14T20:13:00.510334157Z, deadline 2026-09-14T20:14:00.510334157Z
      race event 67: gate 2026-09-14T20:13:02.700687129Z, deadline 2026-09-14T20:14:02.700687129Z
      race event 68: gate 2026-09-14T20:13:05.634886141Z, deadline 2026-09-14T20:14:05.634886141Z
      race event 69: gate 2026-09-14T20:13:07.303342468Z, deadline 2026-09-14T20:14:07.303342468Z
      race event 70: gate 2026-09-14T20:13:09.763722376Z, deadline 2026-09-14T20:14:09.763722376Z
      race event 71: gate 2026-09-14T20:13:11.163836385Z, deadline 2026-09-14T20:14:11.163836385Z
    race     10 seats x20         9.0 seats/s  conflicts/hold=5.09 reads/hold=11.03  hold p50=121.96ms p99=989.17ms  deferred 9/9 ok  confirm retries sold/run=0/0  errors=0  ok
      audit: consistent (20 events, 200 tickets; rejections late=0 boundary=0)
      race event 72: gate 2026-09-14T20:13:13.145515066Z, deadline 2026-09-14T20:14:13.145515066Z
      race event 73: gate 2026-09-14T20:13:17.519937567Z, deadline 2026-09-14T20:14:17.519937567Z
      race event 74: gate 2026-09-14T20:13:29.776548353Z, deadline 2026-09-14T20:14:29.776548353Z
      race event 75: gate 2026-09-14T20:13:33.852653636Z, deadline 2026-09-14T20:14:33.852653636Z
    race    100 seats x4         29.6 seats/s  conflicts/hold=2.12 reads/hold=3.77  hold p50=124.77ms p99=611.76ms  deferred 19/19 ok  confirm retries sold/run=0/0  errors=0  VIOLATIONS
      audit: VIOLATIONS — thefts 0, grants on sold seats 0, double sales 0, sales without the hold 0, late sales 0, early rejections 1 (transient 1), duplicate seats 0, inventory drift 0, invalid seats 0, partial holds 0, ticket mismatches 0
      race event 76: gate 2026-09-14T20:13:40.039656782Z, deadline 2026-09-14T20:14:40.039656782Z
    race   1000 seats x1         30.9 seats/s  conflicts/hold=0.71 reads/hold=2.72  hold p50=132.13ms p99=526.00ms  deferred 46/46 ok  confirm retries sold/run=0/0  errors=0  VIOLATIONS
      audit: VIOLATIONS — thefts 0, grants on sold seats 0, double sales 0, sales without the hold 0, late sales 0, early rejections 2 (transient 2), duplicate seats 0, inventory drift 0, invalid seats 0, partial holds 0, ticket mismatches 0
      race event 77: gate 2026-09-14T20:14:15.47736306Z, deadline 2026-09-14T20:15:15.47736306Z
    race  10000 seats x1         48.1 seats/s  conflicts/hold=0.15 reads/hold=1.31  hold p50=159.17ms p99=485.52ms  deferred 119/119 ok  confirm retries sold/run=0/0  errors=0  VIOLATIONS, 1 timed out (29% sold)
      audit: VIOLATIONS — thefts 0, grants on sold seats 0, double sales 0, sales without the hold 0, late sales 0, early rejections 15 (transient 15), duplicate seats 0, inventory drift 0, invalid seats 0, partial holds 0, ticket mismatches 0
  race trial 2/2 (32 buyers per event, fresh load):
      race event 52: gate 2026-09-14T20:15:52.402343124Z, deadline 2026-09-14T20:16:52.402343124Z
      race event 53: gate 2026-09-14T20:15:54.633297266Z, deadline 2026-09-14T20:16:54.633297266Z
      race event 54: gate 2026-09-14T20:15:56.819856159Z, deadline 2026-09-14T20:16:56.819856159Z
      race event 55: gate 2026-09-14T20:16:01.172914178Z, deadline 2026-09-14T20:17:01.172914178Z
      race event 56: gate 2026-09-14T20:16:03.058264651Z, deadline 2026-09-14T20:17:03.058264651Z
      race event 57: gate 2026-09-14T20:16:04.777691677Z, deadline 2026-09-14T20:17:04.777691677Z
      race event 58: gate 2026-09-14T20:16:07.733232948Z, deadline 2026-09-14T20:17:07.733232948Z
      race event 59: gate 2026-09-14T20:16:10.453196263Z, deadline 2026-09-14T20:17:10.453196263Z
      race event 60: gate 2026-09-14T20:16:12.792464349Z, deadline 2026-09-14T20:17:12.792464349Z
      race event 61: gate 2026-09-14T20:16:15.457781562Z, deadline 2026-09-14T20:17:15.457781562Z
      race event 62: gate 2026-09-14T20:16:20.205581349Z, deadline 2026-09-14T20:17:20.205581349Z
      race event 63: gate 2026-09-14T20:16:23.608737551Z, deadline 2026-09-14T20:17:23.608737551Z
      race event 64: gate 2026-09-14T20:16:28.056374565Z, deadline 2026-09-14T20:17:28.056374565Z
      race event 65: gate 2026-09-14T20:16:30.17521642Z, deadline 2026-09-14T20:17:30.17521642Z
      race event 66: gate 2026-09-14T20:16:31.867535511Z, deadline 2026-09-14T20:17:31.867535511Z
      race event 67: gate 2026-09-14T20:16:34.706388018Z, deadline 2026-09-14T20:17:34.706388018Z
      race event 68: gate 2026-09-14T20:16:36.589860605Z, deadline 2026-09-14T20:17:36.589860605Z
      race event 69: gate 2026-09-14T20:16:38.6209161Z, deadline 2026-09-14T20:17:38.6209161Z
      race event 70: gate 2026-09-14T20:16:40.026783475Z, deadline 2026-09-14T20:17:40.026783475Z
      race event 71: gate 2026-09-14T20:16:42.395883973Z, deadline 2026-09-14T20:17:42.395883973Z
    race     10 seats x20        11.2 seats/s  conflicts/hold=5.15 reads/hold=10.89  hold p50=135.37ms p99=627.05ms  deferred 13/13 ok  confirm retries sold/run=0/0  errors=0  VIOLATIONS
      audit: VIOLATIONS — thefts 0, grants on sold seats 0, double sales 0, sales without the hold 0, late sales 0, early rejections 1 (transient 1), duplicate seats 0, inventory drift 0, invalid seats 0, partial holds 0, ticket mismatches 0
      race event 72: gate 2026-09-14T20:16:44.99060096Z, deadline 2026-09-14T20:17:44.99060096Z
      race event 73: gate 2026-09-14T20:16:50.27754408Z, deadline 2026-09-14T20:17:50.27754408Z
      race event 74: gate 2026-09-14T20:17:00.110473685Z, deadline 2026-09-14T20:18:00.110473685Z
      race event 75: gate 2026-09-14T20:17:05.260692987Z, deadline 2026-09-14T20:18:05.260692987Z
    race    100 seats x4         24.6 seats/s  conflicts/hold=2.11 reads/hold=3.90  hold p50=119.45ms p99=749.91ms  deferred 19/19 ok  confirm retries sold/run=0/0  errors=0  VIOLATIONS
      audit: VIOLATIONS — thefts 0, grants on sold seats 0, double sales 0, sales without the hold 0, late sales 0, early rejections 2 (transient 2), duplicate seats 0, inventory drift 0, invalid seats 0, partial holds 0, ticket mismatches 0
      race event 76: gate 2026-09-14T20:17:11.253879537Z, deadline 2026-09-14T20:18:11.253879537Z
    race   1000 seats x1         28.0 seats/s  conflicts/hold=0.65 reads/hold=2.73  hold p50=182.22ms p99=693.24ms  deferred 40/40 ok  confirm retries sold/run=0/0  errors=0  VIOLATIONS
      audit: VIOLATIONS — thefts 0, grants on sold seats 0, double sales 0, sales without the hold 0, late sales 0, early rejections 1 (transient 1), duplicate seats 0, inventory drift 0, invalid seats 0, partial holds 0, ticket mismatches 0
      race event 77: gate 2026-09-14T20:17:52.299567725Z, deadline 2026-09-14T20:18:52.299567725Z
    race  10000 seats x1         49.0 seats/s  conflicts/hold=0.16 reads/hold=1.27  hold p50=159.41ms p99=491.88ms  deferred 116/116 ok  confirm retries sold/run=0/0  errors=0  VIOLATIONS, 1 timed out (29% sold)
      audit: VIOLATIONS — thefts 0, grants on sold seats 0, double sales 0, sales without the hold 0, late sales 0, early rejections 11 (transient 11), duplicate seats 0, inventory drift 0, invalid seats 0, partial holds 0, ticket mismatches 0
  wrote /results/l3_section_sharded.json
