  engine: PostgreSQL 15.12-YB-2025.2.6.0-b0 on x86_64-pc-linux-gnu, compiled by clang version 19.1.0 (https://github.com/yugabyte/llvm-project.git a2a6b655e14e7fa1fcf1011a6cb29cb8575249c0), 64-bit
  effective isolation for READ COMMITTED requests: read committed
  database clock minus client clock: 0.027 ms
  dataset: 5 venues, 84 events, 5741 tickets and 165 holds at load
  loading s0_check_then_hold_rc ...
  loaded in 31.0s (copy 1.9s, index 14.3s)
  verifying answers against ground truth ...
    51/51 checks passed (margin 582s); audit on load: consistent (84 events, 5741 tickets; rejections late=0 boundary=0)
  race trial 1/2 (32 buyers per event, fresh load):
      race event 52: gate 2026-09-14T20:29:15.910654916Z, deadline 2026-09-14T20:30:15.910654916Z
      race event 53: gate 2026-09-14T20:29:20.139577542Z, deadline 2026-09-14T20:30:20.139577542Z
      race event 54: gate 2026-09-14T20:29:21.117382498Z, deadline 2026-09-14T20:30:21.117382498Z
      race event 55: gate 2026-09-14T20:29:21.603679436Z, deadline 2026-09-14T20:30:21.603679436Z
      race event 56: gate 2026-09-14T20:29:22.194127063Z, deadline 2026-09-14T20:30:22.194127063Z
      race event 57: gate 2026-09-14T20:29:22.747031261Z, deadline 2026-09-14T20:30:22.747031261Z
      race event 58: gate 2026-09-14T20:29:23.111096654Z, deadline 2026-09-14T20:30:23.111096654Z
      race event 59: gate 2026-09-14T20:29:23.460078479Z, deadline 2026-09-14T20:30:23.460078479Z
      race event 60: gate 2026-09-14T20:29:24.113159156Z, deadline 2026-09-14T20:30:24.113159156Z
      race event 61: gate 2026-09-14T20:29:24.842303482Z, deadline 2026-09-14T20:30:24.842303482Z
      race event 62: gate 2026-09-14T20:29:25.231513021Z, deadline 2026-09-14T20:30:25.231513021Z
      race event 63: gate 2026-09-14T20:29:25.784457527Z, deadline 2026-09-14T20:30:25.784457527Z
      race event 64: gate 2026-09-14T20:29:26.112680569Z, deadline 2026-09-14T20:30:26.112680569Z
      race event 65: gate 2026-09-14T20:29:26.382040097Z, deadline 2026-09-14T20:30:26.382040097Z
      race event 66: gate 2026-09-14T20:29:26.797178049Z, deadline 2026-09-14T20:30:26.797178049Z
      race event 67: gate 2026-09-14T20:29:27.235424552Z, deadline 2026-09-14T20:30:27.235424552Z
      race event 68: gate 2026-09-14T20:29:27.917499707Z, deadline 2026-09-14T20:30:27.917499707Z
      race event 69: gate 2026-09-14T20:29:28.444576671Z, deadline 2026-09-14T20:30:28.444576671Z
      race event 70: gate 2026-09-14T20:29:29.30121663Z, deadline 2026-09-14T20:30:29.30121663Z
      race event 71: gate 2026-09-14T20:29:29.770753489Z, deadline 2026-09-14T20:30:29.770753489Z
    race     10 seats x20        30.8 seats/s  conflicts/hold=1.23 reads/hold=5.86  hold p50=48.64ms p99=564.66ms  deferred 7/17 ok  confirm retries sold/run=0/0  errors=333  VIOLATIONS
      audit: VIOLATIONS — thefts 69, grants on sold seats 0, double sales 0, sales without the hold 0, late sales 0, early rejections 47 (transient 0), duplicate seats 0, inventory drift 0, invalid seats 0, partial holds 0, ticket mismatches 0
      first error: ERROR: new row for relation "event_seat" violates check constraint "event_seat_held_has_holder" (SQLSTATE 23514)
      race event 72: gate 2026-09-14T20:29:30.387567606Z, deadline 2026-09-14T20:30:30.387567606Z
      race event 73: gate 2026-09-14T20:29:31.717495662Z, deadline 2026-09-14T20:30:31.717495662Z
      race event 74: gate 2026-09-14T20:29:32.729327344Z, deadline 2026-09-14T20:30:32.729327344Z
      race event 75: gate 2026-09-14T20:29:34.241609589Z, deadline 2026-09-14T20:30:34.241609589Z
    race    100 seats x4        106.8 seats/s  conflicts/hold=0.64 reads/hold=3.20  hold p50=48.39ms p99=285.31ms  deferred 19/31 ok  confirm retries sold/run=0/0  errors=147  VIOLATIONS
      audit: VIOLATIONS — thefts 90, grants on sold seats 0, double sales 0, sales without the hold 0, late sales 0, early rejections 41 (transient 0), duplicate seats 0, inventory drift 0, invalid seats 0, partial holds 0, ticket mismatches 0
      first error: ERROR: new row for relation "event_seat" violates check constraint "event_seat_held_has_holder" (SQLSTATE 23514)
      race event 76: gate 2026-09-14T20:29:35.720243259Z, deadline 2026-09-14T20:30:35.720243259Z
    race   1000 seats x1         84.0 seats/s  conflicts/hold=0.45 reads/hold=2.15  hold p50=99.30ms p99=405.69ms  deferred 34/55 ok  confirm retries sold/run=0/0  errors=159  VIOLATIONS
      audit: VIOLATIONS — thefts 118, grants on sold seats 0, double sales 0, sales without the hold 0, late sales 0, early rejections 57 (transient 1), duplicate seats 0, inventory drift 0, invalid seats 0, partial holds 0, ticket mismatches 0
      first error: ERROR: new row for relation "event_seat" violates check constraint "event_seat_held_has_holder" (SQLSTATE 23514)
      race event 77: gate 2026-09-14T20:29:52.839508603Z, deadline 2026-09-14T20:30:52.839508603Z
    race  10000 seats x1         44.2 seats/s  conflicts/hold=0.20 reads/hold=1.29  hold p50=200.17ms p99=558.85ms  deferred 105/113 ok  confirm retries sold/run=0/0  errors=76  VIOLATIONS, 1 timed out (25% sold)
      audit: VIOLATIONS — thefts 82, grants on sold seats 0, double sales 0, sales without the hold 0, late sales 0, early rejections 46 (transient 9), duplicate seats 0, inventory drift 0, invalid seats 0, partial holds 0, ticket mismatches 0
      first error: ERROR: new row for relation "event_seat" violates check constraint "event_seat_held_has_holder" (SQLSTATE 23514)
  race trial 2/2 (32 buyers per event, fresh load):
      race event 52: gate 2026-09-14T20:31:32.429892896Z, deadline 2026-09-14T20:32:32.429892896Z
      race event 53: gate 2026-09-14T20:31:33.574855283Z, deadline 2026-09-14T20:32:33.574855283Z
      race event 54: gate 2026-09-14T20:31:34.185227208Z, deadline 2026-09-14T20:32:34.185227208Z
      race event 55: gate 2026-09-14T20:31:34.544566483Z, deadline 2026-09-14T20:32:34.544566483Z
      race event 56: gate 2026-09-14T20:31:34.953397626Z, deadline 2026-09-14T20:32:34.953397626Z
      race event 57: gate 2026-09-14T20:31:35.441980567Z, deadline 2026-09-14T20:32:35.441980567Z
      race event 58: gate 2026-09-14T20:31:35.734541286Z, deadline 2026-09-14T20:32:35.734541286Z
      race event 59: gate 2026-09-14T20:31:36.032792154Z, deadline 2026-09-14T20:32:36.032792154Z
      race event 60: gate 2026-09-14T20:31:36.357360668Z, deadline 2026-09-14T20:32:36.357360668Z
      race event 61: gate 2026-09-14T20:31:36.771318045Z, deadline 2026-09-14T20:32:36.771318045Z
      race event 62: gate 2026-09-14T20:31:37.192980333Z, deadline 2026-09-14T20:32:37.192980333Z
      race event 63: gate 2026-09-14T20:31:37.522683589Z, deadline 2026-09-14T20:32:37.522683589Z
      race event 64: gate 2026-09-14T20:31:37.827632061Z, deadline 2026-09-14T20:32:37.827632061Z
      race event 65: gate 2026-09-14T20:31:38.032740664Z, deadline 2026-09-14T20:32:38.032740664Z
      race event 66: gate 2026-09-14T20:31:38.388153052Z, deadline 2026-09-14T20:32:38.388153052Z
      race event 67: gate 2026-09-14T20:31:38.650048079Z, deadline 2026-09-14T20:32:38.650048079Z
      race event 68: gate 2026-09-14T20:31:38.95813368Z, deadline 2026-09-14T20:32:38.95813368Z
      race event 69: gate 2026-09-14T20:31:39.279832951Z, deadline 2026-09-14T20:32:39.279832951Z
      race event 70: gate 2026-09-14T20:31:40.126679459Z, deadline 2026-09-14T20:32:40.126679459Z
      race event 71: gate 2026-09-14T20:31:40.697925516Z, deadline 2026-09-14T20:32:40.697925516Z
    race     10 seats x20        52.4 seats/s  conflicts/hold=0.93 reads/hold=5.12  hold p50=40.41ms p99=463.22ms  deferred 8/24 ok  confirm retries sold/run=0/0  errors=373  VIOLATIONS
      audit: VIOLATIONS — thefts 90, grants on sold seats 0, double sales 0, sales without the hold 0, late sales 0, early rejections 50 (transient 0), duplicate seats 0, inventory drift 0, invalid seats 0, partial holds 0, ticket mismatches 0
      first error: ERROR: new row for relation "event_seat" violates check constraint "event_seat_held_has_holder" (SQLSTATE 23514)
      race event 72: gate 2026-09-14T20:31:41.482140904Z, deadline 2026-09-14T20:32:41.482140904Z
      race event 73: gate 2026-09-14T20:31:43.116131288Z, deadline 2026-09-14T20:32:43.116131288Z
      race event 74: gate 2026-09-14T20:31:44.587279909Z, deadline 2026-09-14T20:32:44.587279909Z
      race event 75: gate 2026-09-14T20:31:45.734346892Z, deadline 2026-09-14T20:32:45.734346892Z
    race    100 seats x4         95.5 seats/s  conflicts/hold=0.81 reads/hold=3.02  hold p50=45.51ms p99=328.06ms  deferred 10/20 ok  confirm retries sold/run=0/0  errors=138  VIOLATIONS
      audit: VIOLATIONS — thefts 65, grants on sold seats 0, double sales 0, sales without the hold 0, late sales 0, early rejections 39 (transient 1), duplicate seats 0, inventory drift 0, invalid seats 0, partial holds 0, ticket mismatches 0
      first error: ERROR: new row for relation "event_seat" violates check constraint "event_seat_held_has_holder" (SQLSTATE 23514)
      race event 76: gate 2026-09-14T20:31:47.238282585Z, deadline 2026-09-14T20:32:47.238282585Z
    race   1000 seats x1         74.5 seats/s  conflicts/hold=0.42 reads/hold=2.40  hold p50=104.60ms p99=383.10ms  deferred 31/49 ok  confirm retries sold/run=0/0  errors=143  VIOLATIONS
      audit: VIOLATIONS — thefts 77, grants on sold seats 0, double sales 0, sales without the hold 0, late sales 0, early rejections 41 (transient 1), duplicate seats 0, inventory drift 0, invalid seats 0, partial holds 0, ticket mismatches 0
      first error: ERROR: new row for relation "event_seat" violates check constraint "event_seat_held_has_holder" (SQLSTATE 23514)
      race event 77: gate 2026-09-14T20:32:05.297875145Z, deadline 2026-09-14T20:33:05.297875145Z
    race  10000 seats x1         36.8 seats/s  conflicts/hold=0.20 reads/hold=1.35  hold p50=215.60ms p99=600.75ms  deferred 88/97 ok  confirm retries sold/run=0/0  errors=61  VIOLATIONS, 1 timed out (21% sold)
      audit: VIOLATIONS — thefts 55, grants on sold seats 0, double sales 0, sales without the hold 0, late sales 0, early rejections 34 (transient 7), duplicate seats 0, inventory drift 0, invalid seats 0, partial holds 0, ticket mismatches 0
      first error: ERROR: new row for relation "event_seat" violates check constraint "event_seat_held_has_holder" (SQLSTATE 23514)
  wrote /results/s0_check_then_hold_rc.json
