  engine: PostgreSQL 15.12-YB-2025.2.6.0-b0 on x86_64-pc-linux-gnu, compiled by clang version 19.1.0 (https://github.com/yugabyte/llvm-project.git a2a6b655e14e7fa1fcf1011a6cb29cb8575249c0), 64-bit
  effective isolation for READ COMMITTED requests: read committed
  database clock minus client clock: 0.013 ms
  dataset: 5 venues, 84 events, 5741 tickets and 165 holds at load
  loading s1_conditional_update ...
  loaded in 28.8s (copy 1.7s, index 11.8s)
  verifying answers against ground truth ...
    51/51 checks passed (margin 584s); audit on load: consistent (84 events, 5741 tickets; rejections late=0 boundary=0)
  race trial 1/2 (32 buyers per event, fresh load):
      race event 52: gate 2026-09-14T20:07:43.582746173Z, deadline 2026-09-14T20:08:43.582746173Z
      race event 53: gate 2026-09-14T20:07:48.557293984Z, deadline 2026-09-14T20:08:48.557293984Z
      race event 54: gate 2026-09-14T20:07:49.755760243Z, deadline 2026-09-14T20:08:49.755760243Z
      race event 55: gate 2026-09-14T20:07:50.708548735Z, deadline 2026-09-14T20:08:50.708548735Z
      race event 56: gate 2026-09-14T20:07:50.948563557Z, deadline 2026-09-14T20:08:50.948563557Z
      race event 57: gate 2026-09-14T20:07:51.233413343Z, deadline 2026-09-14T20:08:51.233413343Z
      race event 58: gate 2026-09-14T20:07:51.656116755Z, deadline 2026-09-14T20:08:51.656116755Z
      race event 59: gate 2026-09-14T20:07:52.721276957Z, deadline 2026-09-14T20:08:52.721276957Z
      race event 60: gate 2026-09-14T20:07:53.062179947Z, deadline 2026-09-14T20:08:53.062179947Z
      race event 61: gate 2026-09-14T20:07:53.404295033Z, deadline 2026-09-14T20:08:53.404295033Z
      race event 62: gate 2026-09-14T20:07:53.776298684Z, deadline 2026-09-14T20:08:53.776298684Z
      race event 63: gate 2026-09-14T20:07:54.25065303Z, deadline 2026-09-14T20:08:54.25065303Z
      race event 64: gate 2026-09-14T20:07:54.482227804Z, deadline 2026-09-14T20:08:54.482227804Z
      race event 65: gate 2026-09-14T20:07:55.153399891Z, deadline 2026-09-14T20:08:55.153399891Z
      race event 66: gate 2026-09-14T20:07:55.633445727Z, deadline 2026-09-14T20:08:55.633445727Z
      race event 67: gate 2026-09-14T20:07:55.847236524Z, deadline 2026-09-14T20:08:55.847236524Z
      race event 68: gate 2026-09-14T20:07:56.267434409Z, deadline 2026-09-14T20:08:56.267434409Z
      race event 69: gate 2026-09-14T20:07:56.449397102Z, deadline 2026-09-14T20:08:56.449397102Z
      race event 70: gate 2026-09-14T20:07:56.727115433Z, deadline 2026-09-14T20:08:56.727115433Z
      race event 71: gate 2026-09-14T20:07:56.964859127Z, deadline 2026-09-14T20:08:56.964859127Z
    race     10 seats x20        24.7 seats/s  conflicts/hold=6.05 reads/hold=12.79  hold p50=32.51ms p99=690.97ms  deferred 19/19 ok  confirm retries sold/run=0/0  errors=0  ok
      audit: consistent (20 events, 200 tickets; rejections late=0 boundary=0)
      race event 72: gate 2026-09-14T20:07:57.831310791Z, deadline 2026-09-14T20:08:57.831310791Z
      race event 73: gate 2026-09-14T20:07:59.236526662Z, deadline 2026-09-14T20:08:59.236526662Z
      race event 74: gate 2026-09-14T20:08:00.712143337Z, deadline 2026-09-14T20:09:00.712143337Z
      race event 75: gate 2026-09-14T20:08:02.094267091Z, deadline 2026-09-14T20:09:02.094267091Z
    race    100 seats x4         78.9 seats/s  conflicts/hold=2.65 reads/hold=4.79  hold p50=50.99ms p99=318.60ms  deferred 22/22 ok  confirm retries sold/run=0/0  errors=0  VIOLATIONS
      audit: VIOLATIONS — thefts 0, grants on sold seats 0, double sales 0, sales without the hold 0, late sales 0, early rejections 2 (transient 2), duplicate seats 0, inventory drift 0, invalid seats 0, partial holds 0, ticket mismatches 0
      race event 76: gate 2026-09-14T20:08:07.011268915Z, deadline 2026-09-14T20:09:07.011268915Z
    race   1000 seats x1         76.2 seats/s  conflicts/hold=0.92 reads/hold=3.02  hold p50=62.36ms p99=265.95ms  deferred 44/44 ok  confirm retries sold/run=0/0  errors=0  VIOLATIONS
      audit: VIOLATIONS — thefts 0, grants on sold seats 0, double sales 0, sales without the hold 0, late sales 0, early rejections 4 (transient 4), duplicate seats 0, inventory drift 0, invalid seats 0, partial holds 0, ticket mismatches 0
      race event 77: gate 2026-09-14T20:08:20.84336178Z, deadline 2026-09-14T20:09:20.84336178Z
    race  10000 seats x1         38.1 seats/s  conflicts/hold=0.40 reads/hold=1.48  hold p50=187.41ms p99=566.95ms  deferred 89/89 ok  confirm retries sold/run=0/0  errors=0  VIOLATIONS, 1 timed out (23% sold)
      audit: VIOLATIONS — thefts 0, grants on sold seats 0, double sales 0, sales without the hold 0, late sales 0, early rejections 6 (transient 6), duplicate seats 0, inventory drift 0, invalid seats 0, partial holds 0, ticket mismatches 0
  race trial 2/2 (32 buyers per event, fresh load):
      race event 52: gate 2026-09-14T20:10:02.017173079Z, deadline 2026-09-14T20:11:02.017173079Z
      race event 53: gate 2026-09-14T20:10:03.371302031Z, deadline 2026-09-14T20:11:03.371302031Z
      race event 54: gate 2026-09-14T20:10:03.74814619Z, deadline 2026-09-14T20:11:03.74814619Z
      race event 55: gate 2026-09-14T20:10:04.364634839Z, deadline 2026-09-14T20:11:04.364634839Z
      race event 56: gate 2026-09-14T20:10:04.69000424Z, deadline 2026-09-14T20:11:04.69000424Z
      race event 57: gate 2026-09-14T20:10:04.891487511Z, deadline 2026-09-14T20:11:04.891487511Z
      race event 58: gate 2026-09-14T20:10:05.160204106Z, deadline 2026-09-14T20:11:05.160204106Z
      race event 59: gate 2026-09-14T20:10:05.351523572Z, deadline 2026-09-14T20:11:05.351523572Z
      race event 60: gate 2026-09-14T20:10:05.689913108Z, deadline 2026-09-14T20:11:05.689913108Z
      race event 61: gate 2026-09-14T20:10:06.402200308Z, deadline 2026-09-14T20:11:06.402200308Z
      race event 62: gate 2026-09-14T20:10:06.631111269Z, deadline 2026-09-14T20:11:06.631111269Z
      race event 63: gate 2026-09-14T20:10:07.29273719Z, deadline 2026-09-14T20:11:07.29273719Z
      race event 64: gate 2026-09-14T20:10:07.511043076Z, deadline 2026-09-14T20:11:07.511043076Z
      race event 65: gate 2026-09-14T20:10:07.935684491Z, deadline 2026-09-14T20:11:07.935684491Z
      race event 66: gate 2026-09-14T20:10:08.224485694Z, deadline 2026-09-14T20:11:08.224485694Z
      race event 67: gate 2026-09-14T20:10:08.558562481Z, deadline 2026-09-14T20:11:08.558562481Z
      race event 68: gate 2026-09-14T20:10:08.851446423Z, deadline 2026-09-14T20:11:08.851446423Z
      race event 69: gate 2026-09-14T20:10:09.062063639Z, deadline 2026-09-14T20:11:09.062063639Z
      race event 70: gate 2026-09-14T20:10:09.830953383Z, deadline 2026-09-14T20:11:09.830953383Z
      race event 71: gate 2026-09-14T20:10:10.354446104Z, deadline 2026-09-14T20:11:10.354446104Z
    race     10 seats x20        34.2 seats/s  conflicts/hold=6.98 reads/hold=14.54  hold p50=37.52ms p99=334.53ms  deferred 19/19 ok  confirm retries sold/run=0/0  errors=0  ok
      audit: consistent (20 events, 200 tickets; rejections late=0 boundary=0)
      race event 72: gate 2026-09-14T20:10:11.108756855Z, deadline 2026-09-14T20:11:11.108756855Z
      race event 73: gate 2026-09-14T20:10:12.220837622Z, deadline 2026-09-14T20:11:12.220837622Z
      race event 74: gate 2026-09-14T20:10:14.185026913Z, deadline 2026-09-14T20:11:14.185026913Z
      race event 75: gate 2026-09-14T20:10:15.534682895Z, deadline 2026-09-14T20:11:15.534682895Z
    race    100 seats x4         73.5 seats/s  conflicts/hold=2.62 reads/hold=4.61  hold p50=46.20ms p99=504.46ms  deferred 20/20 ok  confirm retries sold/run=0/0  errors=0  ok
      audit: consistent (4 events, 400 tickets; rejections late=0 boundary=0)
      race event 76: gate 2026-09-14T20:10:17.568934972Z, deadline 2026-09-14T20:11:17.568934972Z
    race   1000 seats x1         59.6 seats/s  conflicts/hold=1.06 reads/hold=2.82  hold p50=102.33ms p99=320.04ms  deferred 59/59 ok  confirm retries sold/run=0/0  errors=0  VIOLATIONS
      audit: VIOLATIONS — thefts 0, grants on sold seats 0, double sales 0, sales without the hold 0, late sales 0, early rejections 2 (transient 2), duplicate seats 0, inventory drift 0, invalid seats 0, partial holds 0, ticket mismatches 0
      race event 77: gate 2026-09-14T20:10:38.170831633Z, deadline 2026-09-14T20:11:38.170831633Z
    race  10000 seats x1         37.2 seats/s  conflicts/hold=0.40 reads/hold=1.50  hold p50=186.09ms p99=512.40ms  deferred 85/85 ok  confirm retries sold/run=0/0  errors=0  VIOLATIONS, 1 timed out (22% sold)
      audit: VIOLATIONS — thefts 0, grants on sold seats 0, double sales 0, sales without the hold 0, late sales 0, early rejections 9 (transient 9), duplicate seats 0, inventory drift 0, invalid seats 0, partial holds 0, ticket mismatches 0
  wrote /results/s1_conditional_update.json
