  engine: PostgreSQL 15.12-YB-2025.2.6.0-b0 on x86_64-pc-linux-gnu, compiled by clang version 19.1.0 (https://github.com/yugabyte/llvm-project.git a2a6b655e14e7fa1fcf1011a6cb29cb8575249c0), 64-bit
  effective isolation for READ COMMITTED requests: read committed
  database clock minus client clock: 0.028 ms
  dataset: 5 venues, 84 events, 5741 tickets and 165 holds at load
  loading s1r_confirm_retry ...
  loaded in 29.5s (copy 1.6s, index 14.6s)
  verifying answers against ground truth ...
    51/51 checks passed (margin 581s); audit on load: consistent (84 events, 5741 tickets; rejections late=0 boundary=0)
  race trial 1/2 (32 buyers per event, fresh load):
      race event 52: gate 2026-09-14T19:58:27.405928261Z, deadline 2026-09-14T19:59:27.405928261Z
      race event 53: gate 2026-09-14T19:58:30.217174367Z, deadline 2026-09-14T19:59:30.217174367Z
      race event 54: gate 2026-09-14T19:58:32.107916083Z, deadline 2026-09-14T19:59:32.107916083Z
      race event 55: gate 2026-09-14T19:58:32.973555395Z, deadline 2026-09-14T19:59:32.973555395Z
      race event 56: gate 2026-09-14T19:58:33.304531328Z, deadline 2026-09-14T19:59:33.304531328Z
      race event 57: gate 2026-09-14T19:58:33.685530148Z, deadline 2026-09-14T19:59:33.685530148Z
      race event 58: gate 2026-09-14T19:58:33.999819229Z, deadline 2026-09-14T19:59:33.999819229Z
      race event 59: gate 2026-09-14T19:58:34.232134489Z, deadline 2026-09-14T19:59:34.232134489Z
      race event 60: gate 2026-09-14T19:58:34.487828141Z, deadline 2026-09-14T19:59:34.487828141Z
      race event 61: gate 2026-09-14T19:58:34.863722349Z, deadline 2026-09-14T19:59:34.863722349Z
      race event 62: gate 2026-09-14T19:58:35.628580543Z, deadline 2026-09-14T19:59:35.628580543Z
      race event 63: gate 2026-09-14T19:58:36.743700126Z, deadline 2026-09-14T19:59:36.743700126Z
      race event 64: gate 2026-09-14T19:58:37.146982175Z, deadline 2026-09-14T19:59:37.146982175Z
      race event 65: gate 2026-09-14T19:58:37.622670935Z, deadline 2026-09-14T19:59:37.622670935Z
      race event 66: gate 2026-09-14T19:58:37.913092102Z, deadline 2026-09-14T19:59:37.913092102Z
      race event 67: gate 2026-09-14T19:58:38.1427283Z, deadline 2026-09-14T19:59:38.1427283Z
      race event 68: gate 2026-09-14T19:58:38.309569531Z, deadline 2026-09-14T19:59:38.309569531Z
      race event 69: gate 2026-09-14T19:58:38.594017433Z, deadline 2026-09-14T19:59:38.594017433Z
      race event 70: gate 2026-09-14T19:58:38.788349147Z, deadline 2026-09-14T19:59:38.788349147Z
      race event 71: gate 2026-09-14T19:58:39.256629173Z, deadline 2026-09-14T19:59:39.256629173Z
    race     10 seats x20        31.3 seats/s  conflicts/hold=6.98 reads/hold=14.57  hold p50=34.06ms p99=294.16ms  deferred 14/14 ok  confirm retries sold/run=0/0  errors=0  ok
      audit: consistent (20 events, 200 tickets; rejections late=0 boundary=0)
      race event 72: gate 2026-09-14T19:58:39.905997512Z, deadline 2026-09-14T19:59:39.905997512Z
      race event 73: gate 2026-09-14T19:58:40.88851573Z, deadline 2026-09-14T19:59:40.88851573Z
      race event 74: gate 2026-09-14T19:58:42.016485179Z, deadline 2026-09-14T19:59:42.016485179Z
      race event 75: gate 2026-09-14T19:58:43.189364903Z, deadline 2026-09-14T19:59:43.189364903Z
    race    100 seats x4         99.7 seats/s  conflicts/hold=2.40 reads/hold=4.74  hold p50=37.87ms p99=222.34ms  deferred 18/18 ok  confirm retries sold/run=0/0  errors=0  ok
      audit: consistent (4 events, 400 tickets; rejections late=0 boundary=0)
      race event 76: gate 2026-09-14T19:58:44.878699121Z, deadline 2026-09-14T19:59:44.878699121Z
    race   1000 seats x1         67.6 seats/s  conflicts/hold=1.01 reads/hold=3.36  hold p50=84.13ms p99=316.30ms  deferred 56/56 ok  confirm retries sold/run=5/5  errors=0  ok
      audit: consistent (1 events, 1000 tickets; rejections late=0 boundary=0)
      race event 77: gate 2026-09-14T19:59:03.360155138Z, deadline 2026-09-14T20:00:03.360155138Z
    race  10000 seats x1         37.0 seats/s  conflicts/hold=0.39 reads/hold=1.48  hold p50=196.68ms p99=500.50ms  deferred 90/90 ok  confirm retries sold/run=5/5  errors=0  ok, 1 timed out (22% sold)
      audit: consistent (1 events, 2232 tickets; rejections late=0 boundary=0)
  race trial 2/2 (32 buyers per event, fresh load):
      race event 52: gate 2026-09-14T20:00:43.966890037Z, deadline 2026-09-14T20:01:43.966890037Z
      race event 53: gate 2026-09-14T20:00:46.602685438Z, deadline 2026-09-14T20:01:46.602685438Z
      race event 54: gate 2026-09-14T20:00:47.280357319Z, deadline 2026-09-14T20:01:47.280357319Z
      race event 55: gate 2026-09-14T20:00:47.516771637Z, deadline 2026-09-14T20:01:47.516771637Z
      race event 56: gate 2026-09-14T20:00:47.71319983Z, deadline 2026-09-14T20:01:47.71319983Z
      race event 57: gate 2026-09-14T20:00:48.119647183Z, deadline 2026-09-14T20:01:48.119647183Z
      race event 58: gate 2026-09-14T20:00:48.568900295Z, deadline 2026-09-14T20:01:48.568900295Z
      race event 59: gate 2026-09-14T20:00:48.834200296Z, deadline 2026-09-14T20:01:48.834200296Z
      race event 60: gate 2026-09-14T20:00:49.247600961Z, deadline 2026-09-14T20:01:49.247600961Z
      race event 61: gate 2026-09-14T20:00:49.739328375Z, deadline 2026-09-14T20:01:49.739328375Z
      race event 62: gate 2026-09-14T20:00:50.006637992Z, deadline 2026-09-14T20:01:50.006637992Z
      race event 63: gate 2026-09-14T20:00:50.619419229Z, deadline 2026-09-14T20:01:50.619419229Z
      race event 64: gate 2026-09-14T20:00:51.033837649Z, deadline 2026-09-14T20:01:51.033837649Z
      race event 65: gate 2026-09-14T20:00:51.755404407Z, deadline 2026-09-14T20:01:51.755404407Z
      race event 66: gate 2026-09-14T20:00:51.993884678Z, deadline 2026-09-14T20:01:51.993884678Z
      race event 67: gate 2026-09-14T20:00:52.338576509Z, deadline 2026-09-14T20:01:52.338576509Z
      race event 68: gate 2026-09-14T20:00:52.574179149Z, deadline 2026-09-14T20:01:52.574179149Z
      race event 69: gate 2026-09-14T20:00:52.742796543Z, deadline 2026-09-14T20:01:52.742796543Z
      race event 70: gate 2026-09-14T20:00:53.518506621Z, deadline 2026-09-14T20:01:53.518506621Z
      race event 71: gate 2026-09-14T20:00:54.006518085Z, deadline 2026-09-14T20:01:54.006518085Z
    race     10 seats x20        33.3 seats/s  conflicts/hold=6.70 reads/hold=13.80  hold p50=38.37ms p99=287.69ms  deferred 16/16 ok  confirm retries sold/run=0/0  errors=0  ok
      audit: consistent (20 events, 200 tickets; rejections late=0 boundary=0)
      race event 72: gate 2026-09-14T20:00:54.869337709Z, deadline 2026-09-14T20:01:54.869337709Z
      race event 73: gate 2026-09-14T20:00:56.017661473Z, deadline 2026-09-14T20:01:56.017661473Z
      race event 74: gate 2026-09-14T20:00:57.064414973Z, deadline 2026-09-14T20:01:57.064414973Z
      race event 75: gate 2026-09-14T20:00:58.511069034Z, deadline 2026-09-14T20:01:58.511069034Z
    race    100 seats x4         90.4 seats/s  conflicts/hold=2.39 reads/hold=4.79  hold p50=40.05ms p99=268.17ms  deferred 22/22 ok  confirm retries sold/run=1/1  errors=0  ok
      audit: consistent (4 events, 400 tickets; rejections late=0 boundary=0)
      race event 76: gate 2026-09-14T20:01:03.304234642Z, deadline 2026-09-14T20:02:03.304234642Z
    race   1000 seats x1         63.8 seats/s  conflicts/hold=1.01 reads/hold=2.92  hold p50=93.67ms p99=370.32ms  deferred 50/50 ok  confirm retries sold/run=3/3  errors=0  ok
      audit: consistent (1 events, 1000 tickets; rejections late=0 boundary=0)
      race event 77: gate 2026-09-14T20:01:19.534793665Z, deadline 2026-09-14T20:02:19.534793665Z
    race  10000 seats x1         37.3 seats/s  conflicts/hold=0.35 reads/hold=1.38  hold p50=179.23ms p99=503.63ms  deferred 68/68 ok  confirm retries sold/run=6/6  errors=0  ok, 1 timed out (23% sold)
      audit: consistent (1 events, 2254 tickets; rejections late=0 boundary=0)
  wrote /results/s1r_confirm_retry.json
