  engine: PostgreSQL 15.12-YB-2025.2.6.0-b0 on x86_64-pc-linux-gnu, compiled by clang version 19.1.0 (https://github.com/yugabyte/llvm-project.git a2a6b655e14e7fa1fcf1011a6cb29cb8575249c0), 64-bit
  effective isolation for READ COMMITTED requests: read committed
  dataset: 40 bands, 690 events, 289500 seats, 65388 sold at load
  loading p3_precreated_cas ...
  loaded in 30.3s (copy 4.3s, index 24.7s)
  verifying answers against ground truth ...
    46/46 checks passed; audit on load: consistent (690 events, 65388 seats sold)
  write benchmark (fresh load per op):
    book                                    424.0 ops/s  p50=  4.787ms p99=  90.911ms  rejected=0 retries=428 errors=0
      audit after book: consistent (690 events, 68272 seats sold)
    cancel                                  578.6 ops/s  p50=  4.256ms p99=  77.025ms  rejected=0 retries=0 errors=0
      audit after cancel: consistent (690 events, 61280 seats sold)
      report check r01_event_sales_window@write:cancel event 500 (booked=0, cancelled=2575): ok
  race trial 1/3 (32 buyers per event, fresh load):
    race       10 seats x100      238.9 sold/s  p50= 11.026ms p99=  86.379ms  attempts/sale=4.66 errors=0  editor p99=91.57ms  ok
      audit: consistent (690 events, 66388 seats sold)
    race      100 seats x20       338.5 sold/s  p50= 45.243ms p99= 190.250ms  attempts/sale=2.00 errors=0  editor p99=84.57ms  ok
      audit: consistent (690 events, 68388 seats sold)
    race     1000 seats x5        393.5 sold/s  p50= 87.135ms p99= 282.224ms  attempts/sale=1.31 errors=0  editor p99=92.15ms  ok
      audit: consistent (690 events, 73388 seats sold)
    race    10000 seats x2        459.2 sold/s  p50= 86.184ms p99= 200.112ms  attempts/sale=1.10 errors=0  editor p99=96.64ms  ok
      audit: consistent (690 events, 93388 seats sold)
    race   100000 seats x1        524.7 sold/s  p50= 85.831ms p99= 105.510ms  attempts/sale=1.00 errors=0  editor p99=90.58ms  ok, 1 timed out (31% sold)
      audit: consistent (690 events, 124879 seats sold)
  churn trial 1/3 (32 buyers per event, fresh load):
    churn      10 seats x50       151.8 sold/s  p50= 12.709ms p99= 317.345ms  attempts/sale=5.12 errors=0  editor p99=81.45ms  ok
      audit: consistent (690 events, 65888 seats sold)
    churn     100 seats x10       281.7 sold/s  p50= 46.735ms p99= 208.111ms  attempts/sale=2.01 errors=0  editor p99=83.72ms  ok
      audit: consistent (690 events, 66888 seats sold)
    churn    1000 seats x2        401.4 sold/s  p50= 85.033ms p99= 203.128ms  attempts/sale=1.27 errors=0  editor p99=99.25ms  ok
      audit: consistent (690 events, 68888 seats sold)
      report check r01_event_sales_window@churn#1 event 690 (booked=1120, cancelled=120): ok
  race trial 2/3 (32 buyers per event, fresh load):
    race       10 seats x100      273.3 sold/s  p50= 11.383ms p99=  84.802ms  attempts/sale=4.52 errors=0  editor p99=65.33ms  ok
      audit: consistent (690 events, 66388 seats sold)
    race      100 seats x20       335.6 sold/s  p50= 45.037ms p99= 196.656ms  attempts/sale=1.92 errors=0  editor p99=84.36ms  ok
      audit: consistent (690 events, 68388 seats sold)
    race     1000 seats x5        414.7 sold/s  p50= 84.510ms p99= 280.005ms  attempts/sale=1.27 errors=0  editor p99=92.77ms  ok
      audit: consistent (690 events, 73388 seats sold)
    race    10000 seats x2        466.3 sold/s  p50= 86.145ms p99= 208.737ms  attempts/sale=1.10 errors=0  editor p99=91.82ms  ok
      audit: consistent (690 events, 93388 seats sold)
    race   100000 seats x1        517.8 sold/s  p50= 86.506ms p99= 106.935ms  attempts/sale=1.00 errors=0  editor p99=90.80ms  ok, 1 timed out (31% sold)
      audit: consistent (690 events, 124488 seats sold)
  churn trial 2/3 (32 buyers per event, fresh load):
    churn      10 seats x50       146.3 sold/s  p50= 12.290ms p99= 194.184ms  attempts/sale=5.01 errors=0  editor p99=109.03ms  ok
      audit: consistent (690 events, 65888 seats sold)
    churn     100 seats x10       281.6 sold/s  p50= 61.818ms p99= 267.311ms  attempts/sale=2.10 errors=0  editor p99=86.25ms  ok
      audit: consistent (690 events, 66888 seats sold)
    churn    1000 seats x2        411.4 sold/s  p50= 85.097ms p99= 211.604ms  attempts/sale=1.25 errors=0  editor p99=87.81ms  ok
      audit: consistent (690 events, 68888 seats sold)
      report check r01_event_sales_window@churn#2 event 689 (booked=1117, cancelled=117): ok
  race trial 3/3 (32 buyers per event, fresh load):
    race       10 seats x100      254.3 sold/s  p50= 12.125ms p99= 160.993ms  attempts/sale=4.41 errors=0  editor p99=81.07ms  ok
      audit: consistent (690 events, 66388 seats sold)
    race      100 seats x20       303.0 sold/s  p50= 50.655ms p99= 201.358ms  attempts/sale=2.00 errors=0  editor p99=87.51ms  ok
      audit: consistent (690 events, 68388 seats sold)
    race     1000 seats x5        402.0 sold/s  p50= 85.295ms p99= 281.120ms  attempts/sale=1.31 errors=0  editor p99=89.67ms  ok
      audit: consistent (690 events, 73388 seats sold)
    race    10000 seats x2        449.1 sold/s  p50= 86.501ms p99= 206.550ms  attempts/sale=1.10 errors=0  editor p99=96.71ms  ok
      audit: consistent (690 events, 93388 seats sold)
    race   100000 seats x1        508.0 sold/s  p50= 86.210ms p99= 111.785ms  attempts/sale=1.00 errors=0  editor p99=91.76ms  ok, 1 timed out (30% sold)
      audit: consistent (690 events, 123879 seats sold)
  churn trial 3/3 (32 buyers per event, fresh load):
    churn      10 seats x50       150.4 sold/s  p50= 13.171ms p99= 253.222ms  attempts/sale=4.93 errors=0  editor p99=100.56ms  ok
      audit: consistent (690 events, 65888 seats sold)
    churn     100 seats x10       313.8 sold/s  p50= 41.005ms p99= 206.214ms  attempts/sale=2.04 errors=0  editor p99=84.98ms  ok
      audit: consistent (690 events, 66888 seats sold)
    churn    1000 seats x2        354.3 sold/s  p50= 85.709ms p99= 309.685ms  attempts/sale=1.35 errors=0  editor p99=90.55ms  ok
      audit: consistent (690 events, 68888 seats sold)
      report check r01_event_sales_window@churn#3 event 689 (booked=1118, cancelled=118): ok
  wrote /results/p3_precreated_cas.json
