  engine: PostgreSQL 15.12-YB-2025.2.6.0-b0 on x86_64-pc-linux-gnu, compiled by clang version 19.1.0 (https://github.com/yugabyte/llvm-project.git a2a6b655e14e7fa1fcf1011a6cb29cb8575249c0), 64-bit
  effective isolation for READ COMMITTED requests: read committed
  dataset: 40 bands, 690 events, 289500 seats, 65388 sold at load
  loading x1_cas_ledger ...
  loaded in 39.3s (copy 20.8s, index 16.3s)
  verifying answers against ground truth ...
    48/48 checks passed; audit on load: consistent (690 events, 65388 seats sold)
    ledger audit on load: consistent (289500 seats checked)
  write benchmark (fresh load per op):
    book                                    243.0 ops/s  p50=  9.031ms p99= 109.636ms  rejected=0 retries=262 errors=0
      audit after book: consistent (690 events, 66983 seats sold)
      ledger audit after book: consistent (289500 seats checked)
    cancel                                  270.1 ops/s  p50=  9.327ms p99=  86.768ms  rejected=0 retries=0 errors=0
      audit after cancel: consistent (690 events, 63527 seats sold)
      ledger audit after cancel: consistent (289500 seats checked)
      report check r01_event_sales_window@write:cancel event 500 (booked=0, cancelled=1166): ok
      report check r05_refunds_window@write:cancel every event (harness cancelled=1861, tolerance=0): ok
  race trial 1/3 (32 buyers per event, fresh load):
    race       10 seats x100       44.3 sold/s  p50= 77.770ms p99= 566.391ms  attempts/sale=5.89 errors=0  editor p99=162.52ms  ok
      audit: consistent (690 events, 66388 seats sold)
      ledger audit: consistent (289500 seats checked)
    race      100 seats x20        95.2 sold/s  p50=128.910ms p99= 718.200ms  attempts/sale=2.13 errors=0  editor p99=195.62ms  ok
      audit: consistent (690 events, 68388 seats sold)
      ledger audit: consistent (289500 seats checked)
    race     1000 seats x5        161.5 sold/s  p50=154.857ms p99= 702.877ms  attempts/sale=1.33 errors=0  editor p99=198.66ms  ok
      audit: consistent (690 events, 73388 seats sold)
      ledger audit: consistent (289500 seats checked)
    race    10000 seats x2        169.0 sold/s  p50=180.716ms p99= 620.034ms  attempts/sale=1.10 errors=0  editor p99=277.24ms  ok, 1 timed out (100% sold)
      audit: consistent (690 events, 93382 seats sold)
      ledger audit: consistent (289500 seats checked)
    race   100000 seats x1        207.8 sold/s  p50=115.893ms p99= 378.822ms  attempts/sale=1.00 errors=0  editor p99=200.26ms  ok, 1 timed out (12% sold)
      audit: consistent (690 events, 105872 seats sold)
      ledger audit: consistent (289500 seats checked)
  churn trial 1/3 (32 buyers per event, fresh load):
    churn      10 seats x50        30.7 sold/s  p50= 87.493ms p99= 809.744ms  attempts/sale=5.87 errors=0  editor p99=204.30ms  ok
      audit: consistent (690 events, 65888 seats sold)
      ledger audit: consistent (289500 seats checked)
    churn     100 seats x10       102.4 sold/s  p50=110.898ms p99= 806.260ms  attempts/sale=2.29 errors=0  editor p99=166.30ms  ok
      audit: consistent (690 events, 66888 seats sold)
      ledger audit: consistent (289500 seats checked)
    churn    1000 seats x2        135.2 sold/s  p50=182.222ms p99= 677.156ms  attempts/sale=1.32 errors=0  editor p99=197.92ms  ok
      audit: consistent (690 events, 68888 seats sold)
      ledger audit: consistent (289500 seats checked)
      report check r01_event_sales_window@churn#1 event 689 (booked=1112, cancelled=112): ok
      report check r05_refunds_window@churn#1     every event (harness cancelled=385, tolerance=0): ok
  race trial 2/3 (32 buyers per event, fresh load):
    race       10 seats x100       39.1 sold/s  p50= 79.670ms p99= 796.702ms  attempts/sale=6.09 errors=0  editor p99=181.24ms  ok
      audit: consistent (690 events, 66388 seats sold)
      ledger audit: consistent (289500 seats checked)
    race      100 seats x20       110.4 sold/s  p50=111.158ms p99= 584.007ms  attempts/sale=2.15 errors=0  editor p99=197.11ms  ok
      audit: consistent (690 events, 68388 seats sold)
      ledger audit: consistent (289500 seats checked)
    race     1000 seats x5        174.8 sold/s  p50=112.980ms p99= 604.440ms  attempts/sale=1.36 errors=0  editor p99=189.29ms  ok
      audit: consistent (690 events, 73388 seats sold)
      ledger audit: consistent (289500 seats checked)
    race    10000 seats x2        227.3 sold/s  p50=105.001ms p99= 406.814ms  attempts/sale=1.09 errors=0  editor p99=193.74ms  ok
      audit: consistent (690 events, 93388 seats sold)
      ledger audit: consistent (289500 seats checked)
    race   100000 seats x1        252.7 sold/s  p50=104.318ms p99= 291.450ms  attempts/sale=1.00 errors=0  editor p99=194.14ms  ok, 1 timed out (15% sold)
      audit: consistent (690 events, 108554 seats sold)
      ledger audit: consistent (289500 seats checked)
  churn trial 2/3 (32 buyers per event, fresh load):
    churn      10 seats x50        48.2 sold/s  p50= 65.581ms p99= 703.925ms  attempts/sale=5.65 errors=0  editor p99=156.61ms  ok
      audit: consistent (690 events, 65888 seats sold)
      ledger audit: consistent (289500 seats checked)
    churn     100 seats x10       117.6 sold/s  p50=100.284ms p99= 493.620ms  attempts/sale=2.27 errors=0  editor p99=128.13ms  ok
      audit: consistent (690 events, 66888 seats sold)
      ledger audit: consistent (289500 seats checked)
    churn    1000 seats x2        181.6 sold/s  p50=103.470ms p99= 582.730ms  attempts/sale=1.36 errors=0  editor p99=189.42ms  ok
      audit: consistent (690 events, 68888 seats sold)
      ledger audit: consistent (289500 seats checked)
      report check r01_event_sales_window@churn#2 event 689 (booked=1119, cancelled=119): ok
      report check r05_refunds_window@churn#2     every event (harness cancelled=420, tolerance=0): ok
  race trial 3/3 (32 buyers per event, fresh load):
    race       10 seats x100       54.0 sold/s  p50= 60.383ms p99= 535.876ms  attempts/sale=6.09 errors=0  editor p99=96.10ms  ok
      audit: consistent (690 events, 66388 seats sold)
      ledger audit: consistent (289500 seats checked)
    race      100 seats x20       134.6 sold/s  p50= 99.093ms p99= 441.088ms  attempts/sale=2.14 errors=0  editor p99=163.89ms  ok
      audit: consistent (690 events, 68388 seats sold)
      ledger audit: consistent (289500 seats checked)
    race     1000 seats x5        198.6 sold/s  p50=104.900ms p99= 584.871ms  attempts/sale=1.33 errors=0  editor p99=181.67ms  ok
      audit: consistent (690 events, 73388 seats sold)
      ledger audit: consistent (289500 seats checked)
    race    10000 seats x2        224.1 sold/s  p50=105.000ms p99= 452.984ms  attempts/sale=1.12 errors=0  editor p99=189.41ms  ok
      audit: consistent (690 events, 93388 seats sold)
      ledger audit: consistent (289500 seats checked)
    race   100000 seats x1        253.8 sold/s  p50=104.319ms p99= 288.147ms  attempts/sale=1.00 errors=0  editor p99=194.17ms  ok, 1 timed out (15% sold)
      audit: consistent (690 events, 108629 seats sold)
      ledger audit: consistent (289500 seats checked)
  churn trial 3/3 (32 buyers per event, fresh load):
    churn      10 seats x50        43.9 sold/s  p50= 71.327ms p99= 629.906ms  attempts/sale=6.25 errors=0  editor p99=161.27ms  ok
      audit: consistent (690 events, 65888 seats sold)
      ledger audit: consistent (289500 seats checked)
    churn     100 seats x10       127.9 sold/s  p50= 98.903ms p99= 519.685ms  attempts/sale=2.08 errors=0  editor p99=157.34ms  ok
      audit: consistent (690 events, 66888 seats sold)
      ledger audit: consistent (289500 seats checked)
    churn    1000 seats x2        170.3 sold/s  p50=106.526ms p99= 590.046ms  attempts/sale=1.32 errors=0  editor p99=192.31ms  ok
      audit: consistent (690 events, 68888 seats sold)
      ledger audit: consistent (289500 seats checked)
      report check r01_event_sales_window@churn#3 event 690 (booked=1120, cancelled=120): ok
      report check r05_refunds_window@churn#3     every event (harness cancelled=393, tolerance=0): ok
  wrote /results/x1_cas_ledger.json
