The files belonging to this database system will be owned by user "postgres".
This user must also own the server process.

The database cluster will be initialized with locale "en_US.utf8".
The default database encoding has accordingly been set to "UTF8".
The default text search configuration will be set to "english".

Data page checksums are disabled.

fixing permissions on existing directory /var/lib/postgresql/data/pgdata ... ok
creating subdirectories ... ok
selecting dynamic shared memory implementation ... posix
selecting default "max_connections" ... 100
selecting default "shared_buffers" ... 128MB
selecting default time zone ... Etc/UTC
creating configuration files ... ok
running bootstrap script ... ok
performing post-bootstrap initialization ... ok
syncing data to disk ... ok


Success. You can now start the database server using:

    pg_ctl -D /var/lib/postgresql/data/pgdata -l logfile start

initdb: warning: enabling "trust" authentication for local connections
initdb: hint: You can change this by editing pg_hba.conf or using the option -A, or --auth-local and --auth-host, the next time you run initdb.
waiting for server to start....2026-09-13 17:44:00.912 UTC [47] LOG:  starting PostgreSQL 17.11 (Debian 17.11-1.pgdg13+2) on x86_64-pc-linux-gnu, compiled by gcc (Debian 14.2.0-19) 14.2.0, 64-bit
2026-09-13 17:44:00.914 UTC [47] LOG:  listening on Unix socket "/var/run/postgresql/.s.PGSQL.5432"
2026-09-13 17:44:00.919 UTC [50] LOG:  database system was shut down at 2026-09-13 17:44:00 UTC
2026-09-13 17:44:00.946 UTC [47] LOG:  database system is ready to accept connections
 done
server started
CREATE DATABASE


/usr/local/bin/docker-entrypoint.sh: ignoring /docker-entrypoint-initdb.d/*

waiting for server to shut down....2026-09-13 17:44:01.175 UTC [47] LOG:  received fast shutdown request
2026-09-13 17:44:01.178 UTC [47] LOG:  aborting any active transactions
2026-09-13 17:44:01.179 UTC [47] LOG:  background worker "logical replication launcher" (PID 53) exited with exit code 1
2026-09-13 17:44:01.180 UTC [48] LOG:  shutting down
2026-09-13 17:44:01.201 UTC [48] LOG:  checkpoint starting: shutdown immediate
2026-09-13 17:44:01.282 UTC [48] LOG:  checkpoint complete: wrote 925 buffers (0.9%); 0 WAL file(s) added, 0 removed, 0 recycled; write=0.017 s, sync=0.039 s, total=0.103 s; sync files=301, longest=0.003 s, average=0.001 s; distance=4256 kB, estimate=4256 kB; lsn=0/19179D8, redo lsn=0/19179D8
2026-09-13 17:44:01.289 UTC [47] LOG:  database system is shut down
 done
server stopped

PostgreSQL init process complete; ready for start up.

2026-09-13 17:44:01.408 UTC [1] LOG:  starting PostgreSQL 17.11 (Debian 17.11-1.pgdg13+2) on x86_64-pc-linux-gnu, compiled by gcc (Debian 14.2.0-19) 14.2.0, 64-bit
2026-09-13 17:44:01.409 UTC [1] LOG:  listening on IPv4 address "0.0.0.0", port 5432
2026-09-13 17:44:01.409 UTC [1] LOG:  listening on IPv6 address "::", port 5432
2026-09-13 17:44:01.412 UTC [1] LOG:  listening on Unix socket "/var/run/postgresql/.s.PGSQL.5432"
2026-09-13 17:44:01.417 UTC [63] LOG:  database system was shut down at 2026-09-13 17:44:01 UTC
2026-09-13 17:44:01.441 UTC [1] LOG:  database system is ready to accept connections
2026-09-13 17:47:02.934 UTC [1966] LOG:  skipping vacuum of "person" --- lock not available
2026-09-13 17:49:08.393 UTC [61] LOG:  checkpoint starting: time
2026-09-13 17:53:39.597 UTC [61] LOG:  checkpoint complete: wrote 9909 buffers (10.1%); 0 WAL file(s) added, 5 removed, 41 recycled; write=270.574 s, sync=0.311 s, total=271.204 s; sync files=213, longest=0.052 s, average=0.002 s; distance=756049 kB, estimate=756049 kB; lsn=0/68AB6168, redo lsn=0/2FB6BE88
2026-09-13 17:54:08.660 UTC [61] LOG:  checkpoint starting: time
2026-09-13 17:58:38.337 UTC [61] LOG:  checkpoint complete: wrote 225 buffers (0.2%); 0 WAL file(s) added, 0 removed, 60 recycled; write=268.448 s, sync=0.088 s, total=269.678 s; sync files=317, longest=0.023 s, average=0.001 s; distance=983559 kB, estimate=983559 kB; lsn=0/90476410, redo lsn=0/6BBEDD28
2026-09-13 17:59:11.346 UTC [61] LOG:  checkpoint starting: time
2026-09-13 18:00:21.208 UTC [4678] LOG:  skipping vacuum of "person" --- lock not available
2026-09-13 18:03:42.434 UTC [61] LOG:  checkpoint complete: wrote 6098 buffers (6.2%); 0 WAL file(s) added, 0 removed, 41 recycled; write=269.550 s, sync=0.396 s, total=271.088 s; sync files=100, longest=0.082 s, average=0.004 s; distance=673335 kB, estimate=952537 kB; lsn=0/DE7C9678, redo lsn=0/94D7BCB0
2026-09-13 18:04:14.433 UTC [61] LOG:  checkpoint starting: time
2026-09-13 18:08:44.246 UTC [61] LOG:  checkpoint complete: wrote 319 buffers (0.3%); 0 WAL file(s) added, 0 removed, 74 recycled; write=269.622 s, sync=0.096 s, total=269.813 s; sync files=220, longest=0.020 s, average=0.001 s; distance=1207872 kB, estimate=1207872 kB; lsn=0/FD517EA8, redo lsn=0/DE90BFB0
2026-09-13 18:09:17.188 UTC [61] LOG:  checkpoint starting: time
2026-09-13 18:13:03.360 UTC [61] LOG:  checkpoint complete: wrote 290 buffers (0.3%); 0 WAL file(s) added, 0 removed, 34 recycled; write=225.871 s, sync=0.121 s, total=226.172 s; sync files=285, longest=0.042 s, average=0.001 s; distance=563003 kB, estimate=1143385 kB; lsn=1/2592FCD0, redo lsn=1/EDACA0
2026-09-13 18:13:42.306 UTC [8513] LOG:  skipping analyze of "person" --- lock not available
2026-09-13 18:13:42.766 UTC [8513] LOG:  skipping analyze of "donation" --- lock not available
2026-09-13 18:14:23.289 UTC [61] LOG:  checkpoint starting: time
