  engine: PostgreSQL 17.11 (Debian 17.11-1.pgdg13+2) on x86_64-pc-linux-gnu, compiled by gcc (Debian 14.2.0-19) 14.2.0, 64-bit
  dataset: 40 bands, 690 events, 289500 seats, 65388 sold at load
  loading c1_count_naive ...
  loaded in 0.3s (copy 0.2s, index 0.0s)
  verifying answers against ground truth ...
    46/46 checks passed; audit on load: consistent (690 events, 65388 seats sold)
  capturing plans ...
  read benchmark:
    q01_event_availability@10             28923.5 ops/s  p50=  0.147ms p99=   0.837ms  errors=0
    q01_event_availability@100            30602.0 ops/s  p50=  0.142ms p99=   0.654ms  errors=0
    q01_event_availability@1000           25177.6 ops/s  p50=  0.152ms p99=   0.815ms  errors=0
    q01_event_availability@10000           9919.2 ops/s  p50=  0.269ms p99=   1.583ms  errors=0
    q01_event_availability@100000          1402.5 ops/s  p50=  1.385ms p99=  77.463ms  errors=0
    q02_band_events                       11495.9 ops/s  p50=  0.201ms p99=   2.888ms  errors=0
    q03_customer_tickets                  32244.6 ops/s  p50=  0.135ms p99=   0.726ms  errors=0
    q04_ticket_by_id                      27415.0 ops/s  p50=  0.138ms p99=   2.523ms  errors=0
    q05_band_tickets_sold                 13066.9 ops/s  p50=  0.164ms p99=   2.302ms  errors=0
  operational reports:
    r01_event_sales_window@trailing             19877.1 ops/s  p50=  0.167ms p99=   0.934ms  errors=0
    r01_event_sales_window@historical           20718.0 ops/s  p50=  0.164ms p99=   0.754ms  errors=0
    r02_event_recent_buyers                     20813.6 ops/s  p50=  0.157ms p99=   0.825ms  errors=0
    r03_customers_last_purchase_window@trailing      228.8 ops/s  p50=  9.748ms p99=  90.912ms  errors=0
    r03_customers_last_purchase_window@historical      231.9 ops/s  p50=  9.427ms p99=  90.758ms  errors=0
    r04_band_sellthrough                         5476.2 ops/s  p50=  0.290ms p99=  67.000ms  errors=0
  wrote /results/c1_count_naive.json
