  engine: PostgreSQL 17.11 (Debian 17.11-1.pgdg13+2) on x86_64-pc-linux-gnu, compiled by gcc (Debian 14.2.0-19) 14.2.0, 64-bit
  dataset: 40 bands, 690 events, 289500 seats, 65388 sold at load
  loading c2_count_serializable ...
  loaded in 0.2s (copy 0.1s, index 0.0s)
  verifying answers against ground truth ...
    46/46 checks passed; audit on load: consistent (690 events, 65388 seats sold)
  capturing plans ...
  read benchmark:
    q01_event_availability@10             38487.6 ops/s  p50=  0.119ms p99=   0.394ms  errors=0
    q01_event_availability@100            36221.0 ops/s  p50=  0.128ms p99=   0.421ms  errors=0
    q01_event_availability@1000           24086.6 ops/s  p50=  0.159ms p99=   0.848ms  errors=0
    q01_event_availability@10000           8155.6 ops/s  p50=  0.292ms p99=  19.053ms  errors=0
    q01_event_availability@100000          1232.0 ops/s  p50=  1.469ms p99=  77.432ms  errors=0
    q02_band_events                       11890.7 ops/s  p50=  0.199ms p99=   2.326ms  errors=0
    q03_customer_tickets                  23579.7 ops/s  p50=  0.175ms p99=   1.790ms  errors=0
    q04_ticket_by_id                      35021.9 ops/s  p50=  0.131ms p99=   0.962ms  errors=0
    q05_band_tickets_sold                 11931.4 ops/s  p50=  0.178ms p99=   2.717ms  errors=0
  operational reports:
    r01_event_sales_window@trailing             14084.8 ops/s  p50=  0.232ms p99=   2.911ms  errors=0
    r01_event_sales_window@historical           14420.1 ops/s  p50=  0.225ms p99=   2.658ms  errors=0
    r02_event_recent_buyers                     17631.3 ops/s  p50=  0.188ms p99=   1.302ms  errors=0
    r03_customers_last_purchase_window@trailing      201.4 ops/s  p50= 11.962ms p99=  93.500ms  errors=0
    r03_customers_last_purchase_window@historical      214.6 ops/s  p50= 10.409ms p99=  91.718ms  errors=0
    r04_band_sellthrough                         5290.2 ops/s  p50=  0.298ms p99=  66.368ms  errors=0
  wrote /results/c2_count_serializable.json
