  engine: PostgreSQL 17.11 (Debian 17.11-1.pgdg13+2) on x86_64-pc-linux-gnu, compiled by gcc (Debian 14.2.0-19) 14.2.0, 64-bit
  dataset: 40 bands, 690 events, 289500 seats, 65388 sold at load
  loading c3_count_lock_event ...
  loaded in 0.2s (copy 0.2s, index 0.0s)
  verifying answers against ground truth ...
    46/46 checks passed; audit on load: consistent (690 events, 65388 seats sold)
  capturing plans ...
  read benchmark:
    q01_event_availability@10             27514.5 ops/s  p50=  0.151ms p99=   1.133ms  errors=0
    q01_event_availability@100            29640.6 ops/s  p50=  0.143ms p99=   0.919ms  errors=0
    q01_event_availability@1000           26402.4 ops/s  p50=  0.146ms p99=   0.748ms  errors=0
    q01_event_availability@10000           9606.5 ops/s  p50=  0.273ms p99=   2.303ms  errors=0
    q01_event_availability@100000          1421.3 ops/s  p50=  1.387ms p99=  77.468ms  errors=0
    q02_band_events                       13313.3 ops/s  p50=  0.175ms p99=   1.949ms  errors=0
    q03_customer_tickets                  31763.1 ops/s  p50=  0.137ms p99=   0.901ms  errors=0
    q04_ticket_by_id                      32309.4 ops/s  p50=  0.143ms p99=   1.115ms  errors=0
    q05_band_tickets_sold                 11626.3 ops/s  p50=  0.190ms p99=   2.776ms  errors=0
  operational reports:
    r01_event_sales_window@trailing             19784.5 ops/s  p50=  0.169ms p99=   1.255ms  errors=0
    r01_event_sales_window@historical           19698.5 ops/s  p50=  0.167ms p99=   1.192ms  errors=0
    r02_event_recent_buyers                     19878.4 ops/s  p50=  0.161ms p99=   1.279ms  errors=0
    r03_customers_last_purchase_window@trailing      220.9 ops/s  p50= 10.021ms p99=  91.535ms  errors=0
    r03_customers_last_purchase_window@historical      214.0 ops/s  p50= 10.525ms p99=  92.153ms  errors=0
    r04_band_sellthrough                         5690.6 ops/s  p50=  0.261ms p99=  66.377ms  errors=0
  wrote /results/c3_count_lock_event.json
