  engine: PostgreSQL 17.11 (Debian 17.11-1.pgdg13+2) on x86_64-pc-linux-gnu, compiled by gcc (Debian 14.2.0-19) 14.2.0, 64-bit
  dataset: 40 bands, 690 events, 289500 seats, 65388 sold at load
  loading c4_counter_guard ...
  loaded in 0.2s (copy 0.1s, index 0.0s)
  verifying answers against ground truth ...
    46/46 checks passed; audit on load: consistent (690 events, 65388 seats sold)
  capturing plans ...
  read benchmark:
    q01_event_availability@10             39991.5 ops/s  p50=  0.119ms p99=   0.679ms  errors=0
    q01_event_availability@100            39886.8 ops/s  p50=  0.119ms p99=   0.682ms  errors=0
    q01_event_availability@1000           40669.0 ops/s  p50=  0.117ms p99=   0.628ms  errors=0
    q01_event_availability@10000          37971.3 ops/s  p50=  0.123ms p99=   0.789ms  errors=0
    q01_event_availability@100000         41547.9 ops/s  p50=  0.116ms p99=   0.581ms  errors=0
    q02_band_events                       26565.5 ops/s  p50=  0.154ms p99=   0.990ms  errors=0
    q03_customer_tickets                  32843.5 ops/s  p50=  0.134ms p99=   0.798ms  errors=0
    q04_ticket_by_id                      36516.8 ops/s  p50=  0.126ms p99=   0.898ms  errors=0
    q05_band_tickets_sold                 30077.1 ops/s  p50=  0.138ms p99=   0.793ms  errors=0
  operational reports:
    r01_event_sales_window@trailing             19386.8 ops/s  p50=  0.171ms p99=   1.263ms  errors=0
    r01_event_sales_window@historical           16663.9 ops/s  p50=  0.197ms p99=   1.876ms  errors=0
    r02_event_recent_buyers                     15968.0 ops/s  p50=  0.201ms p99=   1.995ms  errors=0
    r03_customers_last_purchase_window@trailing      168.1 ops/s  p50= 17.081ms p99=  98.640ms  errors=0
    r03_customers_last_purchase_window@historical      192.1 ops/s  p50= 12.561ms p99=  95.029ms  errors=0
    r04_band_sellthrough                         4771.5 ops/s  p50=  0.339ms p99=  67.056ms  errors=0
  wrote /results/c4_counter_guard.json
