  engine: PostgreSQL 17.11 (Debian 17.11-1.pgdg13+2) on x86_64-pc-linux-gnu, compiled by gcc (Debian 14.2.0-19) 14.2.0, 64-bit
  dataset: 40 bands, 690 events, 289500 seats, 65388 sold at load
  loading c5_seat_unique ...
  loaded in 0.2s (copy 0.1s, index 0.0s)
  verifying answers against ground truth ...
    46/46 checks passed; audit on load: consistent (690 events, 65388 seats sold)
  capturing plans ...
  read benchmark:
    q01_event_availability@10             26371.2 ops/s  p50=  0.155ms p99=   1.276ms  errors=0
    q01_event_availability@100            28417.6 ops/s  p50=  0.145ms p99=   0.913ms  errors=0
    q01_event_availability@1000           17857.4 ops/s  p50=  0.189ms p99=   1.538ms  errors=0
    q01_event_availability@10000           5866.7 ops/s  p50=  0.412ms p99=  63.465ms  errors=0
    q01_event_availability@100000           784.4 ops/s  p50=  2.389ms p99=  79.995ms  errors=0
    q02_band_events                        9341.8 ops/s  p50=  0.201ms p99=   4.427ms  errors=0
    q03_customer_tickets                  29746.4 ops/s  p50=  0.143ms p99=   1.098ms  errors=0
    q04_ticket_by_id                      37262.1 ops/s  p50=  0.128ms p99=   0.695ms  errors=0
    q05_band_tickets_sold                 10423.3 ops/s  p50=  0.170ms p99=   3.394ms  errors=0
  operational reports:
    r01_event_sales_window@trailing             18997.5 ops/s  p50=  0.172ms p99=   1.137ms  errors=0
    r01_event_sales_window@historical           17188.2 ops/s  p50=  0.190ms p99=   1.824ms  errors=0
    r02_event_recent_buyers                     19151.2 ops/s  p50=  0.167ms p99=   1.281ms  errors=0
    r03_customers_last_purchase_window@trailing      205.1 ops/s  p50= 11.340ms p99=  94.020ms  errors=0
    r03_customers_last_purchase_window@historical      211.7 ops/s  p50= 10.839ms p99=  93.238ms  errors=0
    r04_band_sellthrough                         4226.2 ops/s  p50=  0.371ms p99=  67.260ms  errors=0
  wrote /results/c5_seat_unique.json
