  engine: PostgreSQL 17.11 (Debian 17.11-1.pgdg13+2) on x86_64-pc-linux-gnu, compiled by gcc (Debian 14.2.0-19) 14.2.0, 64-bit
  dataset: 40 bands, 690 events, 289500 seats, 65388 sold at load
  loading h0_hold_naive_confirm ...
  loaded in 0.2s (copy 0.1s, index 0.0s)
  verifying answers against ground truth ...
    47/47 checks passed; audit on load: consistent (690 events, 65388 seats sold)
  capturing plans ...
  read benchmark:
    q01_event_availability@10             23119.5 ops/s  p50=  0.157ms p99=   3.020ms  errors=0
    q01_event_availability@100            27094.0 ops/s  p50=  0.150ms p99=   1.906ms  errors=0
    q01_event_availability@1000           29338.7 ops/s  p50=  0.152ms p99=   1.282ms  errors=0
    q01_event_availability@10000          35917.0 ops/s  p50=  0.123ms p99=   0.848ms  errors=0
    q01_event_availability@100000         36119.6 ops/s  p50=  0.129ms p99=   0.763ms  errors=0
    q02_band_events                       24754.2 ops/s  p50=  0.150ms p99=   1.246ms  errors=0
    q03_customer_tickets                  24064.9 ops/s  p50=  0.165ms p99=   1.825ms  errors=0
    q04_ticket_by_id                      37174.8 ops/s  p50=  0.124ms p99=   0.711ms  errors=0
    q05_band_tickets_sold                 11479.6 ops/s  p50=  0.193ms p99=   2.819ms  errors=0
  operational reports:
    r01_event_sales_window@trailing             20074.2 ops/s  p50=  0.171ms p99=   1.242ms  errors=0
    r01_event_sales_window@historical           19890.7 ops/s  p50=  0.171ms p99=   1.379ms  errors=0
    r02_event_recent_buyers                     23115.1 ops/s  p50=  0.142ms p99=   0.984ms  errors=0
    r03_customers_last_purchase_window@trailing      216.9 ops/s  p50= 10.298ms p99=  91.589ms  errors=0
    r03_customers_last_purchase_window@historical      163.4 ops/s  p50= 18.555ms p99=  98.818ms  errors=0
    r04_band_sellthrough                         4313.8 ops/s  p50=  0.346ms p99=  66.196ms  errors=0
    r06_outstanding_holds                       36910.5 ops/s  p50=  0.122ms p99=   0.842ms  errors=0
  wrote /results/h0_hold_naive_confirm.json
