  engine: PostgreSQL 17.11 (Debian 17.11-1.pgdg13+2) on x86_64-pc-linux-gnu, compiled by gcc (Debian 14.2.0-19) 14.2.0, 64-bit
  dataset: 40 bands, 690 events, 289500 seats, 65388 sold at load
  loading h1_hold_checked_confirm ...
  loaded in 0.3s (copy 0.2s, index 0.0s)
  verifying answers against ground truth ...
    47/47 checks passed; audit on load: consistent (690 events, 65388 seats sold)
  capturing plans ...
  read benchmark:
    q01_event_availability@10             33841.8 ops/s  p50=  0.161ms p99=   1.212ms  errors=0
    q01_event_availability@100            34707.7 ops/s  p50=  0.143ms p99=   1.023ms  errors=0
    q01_event_availability@1000           36607.1 ops/s  p50=  0.125ms p99=   0.811ms  errors=0
    q01_event_availability@10000          35300.1 ops/s  p50=  0.133ms p99=   0.874ms  errors=0
    q01_event_availability@100000         33515.0 ops/s  p50=  0.133ms p99=   0.997ms  errors=0
    q02_band_events                       26740.1 ops/s  p50=  0.148ms p99=   0.939ms  errors=0
    q03_customer_tickets                  30537.9 ops/s  p50=  0.138ms p99=   0.991ms  errors=0
    q04_ticket_by_id                      35925.6 ops/s  p50=  0.127ms p99=   0.887ms  errors=0
    q05_band_tickets_sold                  8739.2 ops/s  p50=  0.227ms p99=   9.390ms  errors=0
  operational reports:
    r01_event_sales_window@trailing             14378.7 ops/s  p50=  0.205ms p99=   3.713ms  errors=0
    r01_event_sales_window@historical            7460.0 ops/s  p50=  0.241ms p99=  35.524ms  errors=0
    r02_event_recent_buyers                      6401.2 ops/s  p50=  0.229ms p99=  38.361ms  errors=0
    r03_customers_last_purchase_window@trailing       82.3 ops/s  p50= 99.758ms p99= 190.962ms  errors=0
    r03_customers_last_purchase_window@historical       77.1 ops/s  p50= 99.723ms p99= 286.900ms  errors=0
    r04_band_sellthrough                         1670.0 ops/s  p50=  0.473ms p99=  81.298ms  errors=0
    r06_outstanding_holds                       10158.0 ops/s  p50=  0.170ms p99=  20.551ms  errors=0
  wrote /results/h1_hold_checked_confirm.json
