  engine: PostgreSQL 17.11 (Debian 17.11-1.pgdg13+2) on x86_64-pc-linux-gnu, compiled by gcc (Debian 14.2.0-19) 14.2.0, 64-bit
  dataset: 40 bands, 690 events, 289500 seats, 65388 sold at load
  loading p1_precreated_lock_first ...
  loaded in 1.2s (copy 0.9s, index 0.2s)
  verifying answers against ground truth ...
    46/46 checks passed; audit on load: consistent (690 events, 65388 seats sold)
  capturing plans ...
  read benchmark:
    q01_event_availability@10             16023.6 ops/s  p50=  0.224ms p99=   2.222ms  errors=0
    q01_event_availability@100            14168.1 ops/s  p50=  0.246ms p99=   2.531ms  errors=0
    q01_event_availability@1000           12410.1 ops/s  p50=  0.258ms p99=   1.938ms  errors=0
    q01_event_availability@10000           4186.1 ops/s  p50=  0.553ms p99=  66.814ms  errors=0
    q01_event_availability@100000           513.0 ops/s  p50=  3.717ms p99=  82.775ms  errors=0
    q02_band_events                        4498.6 ops/s  p50=  0.222ms p99=  68.454ms  errors=0
    q03_customer_tickets                  28883.8 ops/s  p50=  0.157ms p99=   0.819ms  errors=0
    q04_ticket_by_id                      30858.9 ops/s  p50=  0.153ms p99=   1.152ms  errors=0
    q05_band_tickets_sold                  1884.5 ops/s  p50=  0.480ms p99=  78.797ms  errors=0
  operational reports:
    r01_event_sales_window@trailing              9386.9 ops/s  p50=  0.233ms p99=   6.554ms  errors=0
    r01_event_sales_window@historical            8402.3 ops/s  p50=  0.244ms p99=  13.754ms  errors=0
    r02_event_recent_buyers                     10717.3 ops/s  p50=  0.183ms p99=   4.029ms  errors=0
    r03_customers_last_purchase_window@trailing      134.0 ops/s  p50= 85.729ms p99= 103.032ms  errors=0
    r03_customers_last_purchase_window@historical      132.0 ops/s  p50= 86.810ms p99= 103.783ms  errors=0
    r04_band_sellthrough                         1663.9 ops/s  p50=  0.457ms p99=  83.644ms  errors=0
  wrote /results/p1_precreated_lock_first.json
