  engine: PostgreSQL 17.11 (Debian 17.11-1.pgdg13+2) on x86_64-pc-linux-gnu, compiled by gcc (Debian 14.2.0-19) 14.2.0, 64-bit
  dataset: 40 bands, 690 events, 289500 seats, 65388 sold at load
  loading p2_precreated_skip_locked ...
  loaded in 1.0s (copy 0.8s, index 0.2s)
  verifying answers against ground truth ...
    46/46 checks passed; audit on load: consistent (690 events, 65388 seats sold)
  capturing plans ...
  read benchmark:
    q01_event_availability@10             21871.7 ops/s  p50=  0.165ms p99=   0.746ms  errors=0
    q01_event_availability@100            20410.2 ops/s  p50=  0.175ms p99=   0.862ms  errors=0
    q01_event_availability@1000           15576.4 ops/s  p50=  0.203ms p99=   0.978ms  errors=0
    q01_event_availability@10000           4763.0 ops/s  p50=  0.476ms p99=  67.358ms  errors=0
    q01_event_availability@100000           554.7 ops/s  p50=  3.462ms p99=  81.953ms  errors=0
    q02_band_events                        4840.5 ops/s  p50=  0.196ms p99=  68.743ms  errors=0
    q03_customer_tickets                  34143.1 ops/s  p50=  0.131ms p99=   0.614ms  errors=0
    q04_ticket_by_id                      39299.8 ops/s  p50=  0.124ms p99=   0.536ms  errors=0
    q05_band_tickets_sold                  1974.2 ops/s  p50=  0.418ms p99=  79.745ms  errors=0
  operational reports:
    r01_event_sales_window@trailing             11868.8 ops/s  p50=  0.178ms p99=   2.891ms  errors=0
    r01_event_sales_window@historical           11731.2 ops/s  p50=  0.178ms p99=   2.761ms  errors=0
    r02_event_recent_buyers                     11825.6 ops/s  p50=  0.170ms p99=   2.801ms  errors=0
    r03_customers_last_purchase_window@trailing      165.8 ops/s  p50= 15.125ms p99=  95.382ms  errors=0
    r03_customers_last_purchase_window@historical      168.4 ops/s  p50= 14.315ms p99=  94.685ms  errors=0
    r04_band_sellthrough                         1916.7 ops/s  p50=  0.410ms p99=  81.945ms  errors=0
  wrote /results/p2_precreated_skip_locked.json
