  engine: PostgreSQL 17.11 (Debian 17.11-1.pgdg13+2) on x86_64-pc-linux-gnu, compiled by gcc (Debian 14.2.0-19) 14.2.0, 64-bit
  dataset: 40 bands, 690 events, 289500 seats, 65388 sold at load
  loading p3_precreated_cas ...
  loaded in 0.8s (copy 0.6s, index 0.2s)
  verifying answers against ground truth ...
    46/46 checks passed; audit on load: consistent (690 events, 65388 seats sold)
  capturing plans ...
  read benchmark:
    q01_event_availability@10             16570.4 ops/s  p50=  0.201ms p99=   2.867ms  errors=0
    q01_event_availability@100            23804.0 ops/s  p50=  0.152ms p99=   0.538ms  errors=0
    q01_event_availability@1000           16126.5 ops/s  p50=  0.194ms p99=   1.042ms  errors=0
    q01_event_availability@10000           4911.4 ops/s  p50=  0.464ms p99=  67.661ms  errors=0
    q01_event_availability@100000           619.4 ops/s  p50=  3.200ms p99=  82.141ms  errors=0
    q02_band_events                        4161.7 ops/s  p50=  0.221ms p99=  68.084ms  errors=0
    q03_customer_tickets                  31828.2 ops/s  p50=  0.144ms p99=   0.862ms  errors=0
    q04_ticket_by_id                      38597.7 ops/s  p50=  0.132ms p99=   0.470ms  errors=0
    q05_band_tickets_sold                  2123.5 ops/s  p50=  0.393ms p99=  78.738ms  errors=0
  operational reports:
    r01_event_sales_window@trailing             10212.4 ops/s  p50=  0.208ms p99=   4.660ms  errors=0
    r01_event_sales_window@historical           11870.5 ops/s  p50=  0.174ms p99=   2.696ms  errors=0
    r02_event_recent_buyers                     11671.7 ops/s  p50=  0.169ms p99=   3.099ms  errors=0
    r03_customers_last_purchase_window@trailing      167.0 ops/s  p50= 15.464ms p99=  95.047ms  errors=0
    r03_customers_last_purchase_window@historical      168.4 ops/s  p50= 14.570ms p99=  96.070ms  errors=0
    r04_band_sellthrough                         1620.4 ops/s  p50=  0.395ms p99=  83.668ms  errors=0
  wrote /results/p3_precreated_cas.json
