  engine: PostgreSQL 17.11 (Debian 17.11-1.pgdg13+2) on x86_64-pc-linux-gnu, compiled by gcc (Debian 14.2.0-19) 14.2.0, 64-bit
  dataset: 40 bands, 690 events, 289500 seats, 65388 sold at load
  loading p4_precreated_counter ...
  loaded in 0.9s (copy 0.7s, index 0.2s)
  verifying answers against ground truth ...
    46/46 checks passed; audit on load: consistent (690 events, 65388 seats sold)
  capturing plans ...
  read benchmark:
    q01_event_availability@10             35750.4 ops/s  p50=  0.138ms p99=   0.753ms  errors=0
    q01_event_availability@100            41002.6 ops/s  p50=  0.118ms p99=   0.521ms  errors=0
    q01_event_availability@1000           39399.7 ops/s  p50=  0.123ms p99=   0.569ms  errors=0
    q01_event_availability@10000          38735.7 ops/s  p50=  0.123ms p99=   0.598ms  errors=0
    q01_event_availability@100000         38940.4 ops/s  p50=  0.122ms p99=   0.578ms  errors=0
    q02_band_events                       28899.7 ops/s  p50=  0.145ms p99=   0.658ms  errors=0
    q03_customer_tickets                  34347.7 ops/s  p50=  0.130ms p99=   0.610ms  errors=0
    q04_ticket_by_id                      36943.4 ops/s  p50=  0.132ms p99=   0.650ms  errors=0
    q05_band_tickets_sold                 33137.0 ops/s  p50=  0.130ms p99=   0.553ms  errors=0
  operational reports:
    r01_event_sales_window@trailing             10817.7 ops/s  p50=  0.190ms p99=   3.659ms  errors=0
    r01_event_sales_window@historical           10908.9 ops/s  p50=  0.188ms p99=   3.296ms  errors=0
    r02_event_recent_buyers                     11040.8 ops/s  p50=  0.176ms p99=   3.415ms  errors=0
    r03_customers_last_purchase_window@trailing      136.7 ops/s  p50= 85.832ms p99= 103.808ms  errors=0
    r03_customers_last_purchase_window@historical      139.7 ops/s  p50= 85.260ms p99= 100.006ms  errors=0
    r04_band_sellthrough                         1600.8 ops/s  p50=  0.466ms p99=  84.799ms  errors=0
  wrote /results/p4_precreated_counter.json
