  engine: PostgreSQL 17.11 (Debian 17.11-1.pgdg13+2) on x86_64-pc-linux-gnu, compiled by gcc (Debian 14.2.0-19) 14.2.0, 64-bit
  dataset: 40 bands, 690 events, 289500 seats, 65388 sold at load
  loading r1_inventory_row ...
  loaded in 0.3s (copy 0.2s, index 0.0s)
  verifying answers against ground truth ...
    46/46 checks passed; audit on load: consistent (690 events, 65388 seats sold)
  capturing plans ...
  read benchmark:
    q01_event_availability@10             34659.3 ops/s  p50=  0.135ms p99=   0.841ms  errors=0
    q01_event_availability@100            33164.9 ops/s  p50=  0.132ms p99=   1.045ms  errors=0
    q01_event_availability@1000           30498.4 ops/s  p50=  0.143ms p99=   1.208ms  errors=0
    q01_event_availability@10000          37472.2 ops/s  p50=  0.124ms p99=   0.670ms  errors=0
    q01_event_availability@100000         37354.2 ops/s  p50=  0.122ms p99=   0.697ms  errors=0
    q02_band_events                       15680.2 ops/s  p50=  0.202ms p99=   1.490ms  errors=0
    q03_customer_tickets                  31562.2 ops/s  p50=  0.136ms p99=   0.840ms  errors=0
    q04_ticket_by_id                      33679.9 ops/s  p50=  0.131ms p99=   1.269ms  errors=0
    q05_band_tickets_sold                 17073.0 ops/s  p50=  0.188ms p99=   1.314ms  errors=0
  operational reports:
    r01_event_sales_window@trailing             18840.7 ops/s  p50=  0.172ms p99=   1.462ms  errors=0
    r01_event_sales_window@historical           19049.0 ops/s  p50=  0.169ms p99=   1.296ms  errors=0
    r02_event_recent_buyers                     18297.7 ops/s  p50=  0.169ms p99=   1.350ms  errors=0
    r03_customers_last_purchase_window@trailing      204.1 ops/s  p50= 11.187ms p99=  95.224ms  errors=0
    r03_customers_last_purchase_window@historical      186.7 ops/s  p50= 13.195ms p99=  97.240ms  errors=0
    r04_band_sellthrough                         4376.7 ops/s  p50=  0.344ms p99=  67.205ms  errors=0
  wrote /results/r1_inventory_row.json
