  engine: PostgreSQL 17.11 (Debian 17.11-1.pgdg13+2) on x86_64-pc-linux-gnu, compiled by gcc (Debian 14.2.0-19) 14.2.0, 64-bit
  dataset: 40 bands, 690 events, 289500 seats, 65388 sold at load
  loading r2_inventory_buckets ...
  loaded in 0.3s (copy 0.2s, index 0.0s)
  verifying answers against ground truth ...
    46/46 checks passed; audit on load: consistent (690 events, 65388 seats sold)
  capturing plans ...
  read benchmark:
    q01_event_availability@10             30413.5 ops/s  p50=  0.152ms p99=   1.133ms  errors=0
    q01_event_availability@100            30032.5 ops/s  p50=  0.152ms p99=   1.290ms  errors=0
    q01_event_availability@1000           31552.1 ops/s  p50=  0.149ms p99=   1.099ms  errors=0
    q01_event_availability@10000          30954.6 ops/s  p50=  0.152ms p99=   1.120ms  errors=0
    q01_event_availability@100000         35361.1 ops/s  p50=  0.128ms p99=   0.842ms  errors=0
    q02_band_events                       15692.5 ops/s  p50=  0.194ms p99=   1.329ms  errors=0
    q03_customer_tickets                  30721.4 ops/s  p50=  0.138ms p99=   1.003ms  errors=0
    q04_ticket_by_id                      39943.1 ops/s  p50=  0.118ms p99=   0.636ms  errors=0
    q05_band_tickets_sold                 16811.5 ops/s  p50=  0.177ms p99=   1.161ms  errors=0
  operational reports:
    r01_event_sales_window@trailing             18677.8 ops/s  p50=  0.174ms p99=   1.271ms  errors=0
    r01_event_sales_window@historical           19377.4 ops/s  p50=  0.168ms p99=   1.112ms  errors=0
    r02_event_recent_buyers                     18515.2 ops/s  p50=  0.171ms p99=   1.512ms  errors=0
    r03_customers_last_purchase_window@trailing      218.8 ops/s  p50= 10.112ms p99=  91.097ms  errors=0
    r03_customers_last_purchase_window@historical      213.0 ops/s  p50= 10.496ms p99=  92.997ms  errors=0
    r04_band_sellthrough                         4359.4 ops/s  p50=  0.367ms p99=  67.753ms  errors=0
  wrote /results/r2_inventory_buckets.json
