  engine: PostgreSQL 17.11 (Debian 17.11-1.pgdg13+2) on x86_64-pc-linux-gnu, compiled by gcc (Debian 14.2.0-19) 14.2.0, 64-bit
  dataset: 40 bands, 690 events, 289500 seats, 65388 sold at load
  loading r3_seat_pool ...
  loaded in 0.8s (copy 0.7s, index 0.0s)
  verifying answers against ground truth ...
    46/46 checks passed; audit on load: consistent (690 events, 65388 seats sold)
  capturing plans ...
  read benchmark:
    q01_event_availability@10             21299.6 ops/s  p50=  0.171ms p99=   1.297ms  errors=0
    q01_event_availability@100            19662.6 ops/s  p50=  0.190ms p99=   1.303ms  errors=0
    q01_event_availability@1000           14973.7 ops/s  p50=  0.217ms p99=   1.369ms  errors=0
    q01_event_availability@10000           5009.2 ops/s  p50=  0.439ms p99=  68.489ms  errors=0
    q01_event_availability@100000           585.7 ops/s  p50=  3.312ms p99=  82.048ms  errors=0
    q02_band_events                        4494.1 ops/s  p50=  0.199ms p99=  70.126ms  errors=0
    q03_customer_tickets                  32340.7 ops/s  p50=  0.138ms p99=   0.764ms  errors=0
    q04_ticket_by_id                      38198.2 ops/s  p50=  0.121ms p99=   0.593ms  errors=0
    q05_band_tickets_sold                 12790.5 ops/s  p50=  0.167ms p99=   2.328ms  errors=0
  operational reports:
    r01_event_sales_window@trailing             17753.7 ops/s  p50=  0.181ms p99=   1.352ms  errors=0
    r01_event_sales_window@historical           17367.0 ops/s  p50=  0.182ms p99=   1.519ms  errors=0
    r02_event_recent_buyers                     13878.5 ops/s  p50=  0.222ms p99=   3.882ms  errors=0
    r03_customers_last_purchase_window@trailing      120.7 ops/s  p50= 87.314ms p99= 177.350ms  errors=0
    r03_customers_last_purchase_window@historical      150.9 ops/s  p50= 83.089ms p99= 100.478ms  errors=0
    r04_band_sellthrough                         3210.6 ops/s  p50=  0.410ms p99=  68.123ms  errors=0
  wrote /results/r3_seat_pool.json
