  engine: PostgreSQL 17.11 (Debian 17.11-1.pgdg13+2) on x86_64-pc-linux-gnu, compiled by gcc (Debian 14.2.0-19) 14.2.0, 64-bit
  dataset: 40 bands, 690 events, 289500 seats, 65388 sold at load
  loading x1_cas_ledger ...
  loaded in 6.4s (copy 4.8s, index 1.3s)
  verifying answers against ground truth ...
    48/48 checks passed; audit on load: consistent (690 events, 65388 seats sold)
    ledger audit on load: consistent (289500 seats checked)
  capturing plans ...
  read benchmark:
    q01_event_availability@10              9071.2 ops/s  p50=  0.254ms p99=  18.318ms  errors=0
    q01_event_availability@100            17454.1 ops/s  p50=  0.204ms p99=   0.990ms  errors=0
    q01_event_availability@1000            7750.3 ops/s  p50=  0.275ms p99=  38.330ms  errors=0
    q01_event_availability@10000           1446.9 ops/s  p50=  0.834ms p99=  78.612ms  errors=0
    q01_event_availability@100000           203.5 ops/s  p50= 13.369ms p99=  95.933ms  errors=0
    q02_band_events                        2086.9 ops/s  p50=  0.320ms p99=  78.268ms  errors=0
    q03_customer_tickets                  13726.2 ops/s  p50=  0.147ms p99=   9.413ms  errors=0
    q04_ticket_by_id                      20174.1 ops/s  p50=  0.130ms p99=   6.443ms  errors=0
    q05_band_tickets_sold                  1708.9 ops/s  p50=  0.475ms p99=  80.198ms  errors=0
  operational reports:
    r01_event_sales_window@trailing             32306.3 ops/s  p50=  0.126ms p99=   0.906ms  errors=0
    r01_event_sales_window@historical           32038.6 ops/s  p50=  0.129ms p99=   0.905ms  errors=0
    r02_event_recent_buyers                     10067.6 ops/s  p50=  0.182ms p99=   6.628ms  errors=0
    r03_customers_last_purchase_window@trailing      176.5 ops/s  p50= 13.658ms p99=  95.812ms  errors=0
    r03_customers_last_purchase_window@historical      175.7 ops/s  p50= 13.874ms p99=  95.995ms  errors=0
    r04_band_sellthrough                         1713.1 ops/s  p50=  0.424ms p99=  83.594ms  errors=0
    r05_refunds_window@trailing                 32188.7 ops/s  p50=  0.138ms p99=   0.936ms  errors=0
    r05_refunds_window@historical               27491.0 ops/s  p50=  0.148ms p99=   1.192ms  errors=0
  wrote /results/x1_cas_ledger.json
