  engine: PostgreSQL 15.12-YB-2025.2.6.0-b0 on x86_64-pc-linux-gnu, compiled by clang version 19.1.0 (https://github.com/yugabyte/llvm-project.git a2a6b655e14e7fa1fcf1011a6cb29cb8575249c0), 64-bit
  effective isolation for READ COMMITTED requests: read committed
  database clock minus client clock: 0.000 ms
  dataset: 5 venues, 84 events, 5741 tickets and 165 holds at load
  loading s1_conditional_update ...
  loaded in 9.0s (copy 2.2s, index 3.1s)
  verifying answers against ground truth ...
    58/58 checks passed (margin 598s); audit on load: consistent (84 events, 5741 tickets; rejections late=0 boundary=0)
  read benchmark:
    q01_section_map@10                     4062.0 ops/s  p50=  0.524ms p99=   1.740ms  errors=0
    q02_event_sections@10                  2390.9 ops/s  p50=  0.694ms p99=  56.369ms  errors=0
    q03_event_available@10                 3933.1 ops/s  p50=  0.531ms p99=  40.158ms  errors=0
    q01_section_map@100                    3525.6 ops/s  p50=  0.579ms p99=  42.535ms  errors=0
    q02_event_sections@100                 3257.9 ops/s  p50=  0.624ms p99=  44.514ms  errors=0
    q03_event_available@100                3114.3 ops/s  p50=  0.596ms p99=  44.086ms  errors=0
    q01_section_map@1000                   2407.5 ops/s  p50=  0.828ms p99=  47.821ms  errors=0
    q02_event_sections@1000                1978.6 ops/s  p50=  0.998ms p99=  49.157ms  errors=0
    q03_event_available@1000               2015.8 ops/s  p50=  0.975ms p99=  48.780ms  errors=0
    q01_section_map@10000                   508.3 ops/s  p50=  3.593ms p99=  60.826ms  errors=0
    q02_event_sections@10000                253.0 ops/s  p50=  5.622ms p99=  72.367ms  errors=0
    q03_event_available@10000               511.3 ops/s  p50=  3.535ms p99=  60.108ms  errors=0
    q04_hold_seats                          622.9 ops/s  p50=  3.578ms p99=  58.541ms  errors=0
    q05_customer_tickets                   2580.7 ops/s  p50=  0.807ms p99=  44.563ms  errors=0
    q06_ticket_by_id                       4109.2 ops/s  p50=  0.520ms p99=   2.298ms  errors=0
    r01_holds_expiring_soon                3002.7 ops/s  p50=  0.640ms p99=  44.566ms  errors=0
    r02_seat_status_lookup                 4126.6 ops/s  p50=  0.521ms p99=   1.915ms  errors=0
    r03_section_sales_window@trailing      1840.9 ops/s  p50=  0.953ms p99=  49.486ms  errors=0
    r03_section_sales_window@historical     1625.9 ops/s  p50=  1.053ms p99=  51.332ms  errors=0
    r04_event_recent_confirmations         1937.4 ops/s  p50=  0.866ms p99=  49.732ms  errors=0
    r05_customers_last_purchase_window@trailing      511.4 ops/s  p50=  3.183ms p99=  63.288ms  errors=0
    r05_customers_last_purchase_window@historical      454.8 ops/s  p50=  3.456ms p99=  65.300ms  errors=0
  wrote /results/s1-calibration.json
