  engine: PostgreSQL 15.12-YB-2025.2.6.0-b0 on x86_64-pc-linux-gnu, compiled by clang version 19.1.0 (https://github.com/yugabyte/llvm-project.git a2a6b655e14e7fa1fcf1011a6cb29cb8575249c0), 64-bit
  effective isolation for READ COMMITTED requests: read committed
  dataset: 10 bands, 90 events, 26100 seats, 6880 sold at load
  loading p3_precreated_cas ...
  loaded in 6.1s (copy 0.5s, index 3.4s)
  verifying answers against ground truth ...
    44/44 checks passed; audit on load: consistent (90 events, 6880 seats sold)
  read benchmark:
    q01_event_availability@10              4525.6 ops/s  p50=  0.481ms p99=   1.292ms  errors=0
    q01_event_availability@100             4319.9 ops/s  p50=  0.497ms p99=   2.025ms  errors=0
    q01_event_availability@1000            2930.3 ops/s  p50=  0.645ms p99=  45.964ms  errors=0
    q01_event_availability@10000           1719.6 ops/s  p50=  1.090ms p99=  51.227ms  errors=0
    q02_band_events                         603.2 ops/s  p50=  2.848ms p99=  60.677ms  errors=0
    q03_customer_tickets                   2695.7 ops/s  p50=  0.760ms p99=  44.691ms  errors=0
    q04_ticket_by_id                       4733.3 ops/s  p50=  0.463ms p99=   1.181ms  errors=0
    q05_band_tickets_sold                   208.4 ops/s  p50=  2.621ms p99=  91.844ms  errors=0
  operational reports:
    r01_event_sales_window@trailing              1207.8 ops/s  p50=  0.979ms p99=  60.289ms  errors=0
    r01_event_sales_window@historical            1237.6 ops/s  p50=  1.016ms p99=  57.474ms  errors=0
    r02_event_recent_buyers                      1196.3 ops/s  p50=  0.954ms p99=  74.934ms  errors=0
    r03_customers_last_purchase_window@trailing      173.9 ops/s  p50=  9.675ms p99=  71.839ms  errors=0
    r03_customers_last_purchase_window@historical      175.5 ops/s  p50=  9.897ms p99=  70.685ms  errors=0
    r04_band_sellthrough                          194.7 ops/s  p50=  2.413ms p99=  99.073ms  errors=0
  wrote /results/p3-calibration.json
