  engine: PostgreSQL 15.12-YB-2025.2.6.0-b0 on x86_64-pc-linux-gnu, compiled by clang version 19.1.0 (https://github.com/yugabyte/llvm-project.git a2a6b655e14e7fa1fcf1011a6cb29cb8575249c0), 64-bit
  effective isolation for READ COMMITTED requests: read committed
  database clock minus client clock: 0.002 ms
  dataset: 5 venues, 84 events, 5741 tickets and 165 holds at load
  loading s1_conditional_update ...
  loaded in 27.6s (copy 3.7s, index 19.5s)
  verifying answers against ground truth ...
    51/51 checks passed (margin 577s); audit on load: consistent (84 events, 5741 tickets; rejections late=0 boundary=0)
  capturing plans ...
  race trial 1/8 (32 buyers per event, fresh load):
      race event 77: gate 2026-09-14T16:54:09.431074582Z, deadline 2026-09-14T16:54:29.431074582Z
    race  10000 seats x1         27.0 seats/s  conflicts/hold=0.29 reads/hold=1.29  hold p50=202.47ms p99=1690.16ms  deferred 27/27 ok  errors=0  ok, 1 timed out (6% sold)
      audit: consistent (1 events, 559 tickets; rejections late=0 boundary=0)
  race trial 2/8 (32 buyers per event, fresh load):
      race event 77: gate 2026-09-14T16:54:54.120369266Z, deadline 2026-09-14T16:55:14.120369266Z
    race  10000 seats x1         28.9 seats/s  conflicts/hold=0.47 reads/hold=1.47  hold p50=218.11ms p99=815.91ms  deferred 28/28 ok  errors=0  ok, 1 timed out (6% sold)
      audit: consistent (1 events, 596 tickets; rejections late=0 boundary=0)
  race trial 3/8 (32 buyers per event, fresh load):
      race event 77: gate 2026-09-14T16:55:39.470095948Z, deadline 2026-09-14T16:55:59.470095948Z
    race  10000 seats x1         24.3 seats/s  conflicts/hold=0.45 reads/hold=1.45  hold p50=281.78ms p99=714.06ms  deferred 32/32 ok  errors=0  ok, 1 timed out (5% sold)
      audit: consistent (1 events, 505 tickets; rejections late=0 boundary=0)
  race trial 4/8 (32 buyers per event, fresh load):
      race event 77: gate 2026-09-14T16:56:25.928609988Z, deadline 2026-09-14T16:56:45.928609988Z
    race  10000 seats x1         28.3 seats/s  conflicts/hold=0.44 reads/hold=1.44  hold p50=281.64ms p99=616.17ms  deferred 34/34 ok  errors=0  ok, 1 timed out (6% sold)
      audit: consistent (1 events, 576 tickets; rejections late=0 boundary=0)
  race trial 5/8 (32 buyers per event, fresh load):
      race event 77: gate 2026-09-14T16:57:13.629612307Z, deadline 2026-09-14T16:57:33.629612307Z
    race  10000 seats x1         25.0 seats/s  conflicts/hold=0.40 reads/hold=1.40  hold p50=289.92ms p99=781.41ms  deferred 25/25 ok  errors=0  ok, 1 timed out (5% sold)
      audit: consistent (1 events, 518 tickets; rejections late=0 boundary=0)
  race trial 6/8 (32 buyers per event, fresh load):
      race event 77: gate 2026-09-14T16:57:59.706771184Z, deadline 2026-09-14T16:58:19.706771184Z
    race  10000 seats x1         27.6 seats/s  conflicts/hold=0.33 reads/hold=1.33  hold p50=290.96ms p99=609.12ms  deferred 30/30 ok  errors=0  VIOLATIONS, 1 timed out (6% sold)
      audit: VIOLATIONS — thefts 0, grants on sold seats 0, double sales 0, sales without the hold 0, late sales 0, early rejections 1, duplicate seats 0, inventory drift 0, invalid seats 0, partial holds 0, ticket mismatches 0
  race trial 7/8 (32 buyers per event, fresh load):
      race event 77: gate 2026-09-14T16:58:44.128332475Z, deadline 2026-09-14T16:59:04.128332475Z
    race  10000 seats x1         30.9 seats/s  conflicts/hold=0.37 reads/hold=1.37  hold p50=270.15ms p99=609.28ms  deferred 27/27 ok  errors=0  ok, 1 timed out (6% sold)
      audit: consistent (1 events, 639 tickets; rejections late=0 boundary=0)
  race trial 8/8 (32 buyers per event, fresh load):
      race event 77: gate 2026-09-14T16:59:31.890633126Z, deadline 2026-09-14T16:59:51.890633126Z
    race  10000 seats x1         25.6 seats/s  conflicts/hold=0.33 reads/hold=1.33  hold p50=288.03ms p99=800.88ms  deferred 29/29 ok  errors=0  VIOLATIONS, 1 timed out (5% sold)
      audit: VIOLATIONS — thefts 0, grants on sold seats 0, double sales 0, sales without the hold 0, late sales 0, early rejections 1, duplicate seats 0, inventory drift 0, invalid seats 0, partial holds 0, ticket mismatches 0
  wrote /results/s1_conditional_update.json
