  engine: PostgreSQL 15.12-YB-2025.2.6.0-b0 on x86_64-pc-linux-gnu, compiled by clang version 19.1.0 (https://github.com/yugabyte/llvm-project.git a2a6b655e14e7fa1fcf1011a6cb29cb8575249c0), 64-bit
  effective isolation for READ COMMITTED requests: read committed
  dataset: 40 bands, 690 events, 289500 seats, 65388 sold at load
  loading c1_count_naive ...
  loaded in 9.4s (copy 0.8s, index 6.4s)
  verifying answers against ground truth ...
    46/46 checks passed; audit on load: consistent (690 events, 65388 seats sold)
  capturing plans ...
  read benchmark:
    q01_event_availability@10              2341.9 ops/s  p50=  1.327ms p99=  60.731ms  errors=0
    q01_event_availability@100             2262.2 ops/s  p50=  1.385ms p99=  60.843ms  errors=0
    q01_event_availability@1000            2016.1 ops/s  p50=  1.486ms p99=  63.078ms  errors=0
    q01_event_availability@10000           1074.6 ops/s  p50=  2.430ms p99=  70.180ms  errors=0
    q01_event_availability@100000           260.6 ops/s  p50=  9.178ms p99=  86.355ms  errors=0
    q02_band_events                         327.4 ops/s  p50=  5.550ms p99= 186.654ms  errors=0
    q03_customer_tickets                   2413.1 ops/s  p50=  1.599ms p99=  51.280ms  errors=0
    q04_ticket_by_id                       4169.7 ops/s  p50=  0.880ms p99=  51.277ms  errors=0
    q05_band_tickets_sold                   746.0 ops/s  p50=  2.843ms p99=  96.387ms  errors=0
  operational reports:
    r01_event_sales_window@trailing              1716.6 ops/s  p50=  1.643ms p99=  58.792ms  errors=0
    r01_event_sales_window@historical            1739.8 ops/s  p50=  1.632ms p99=  58.664ms  errors=0
    r02_event_recent_buyers                      1745.0 ops/s  p50=  1.555ms p99=  59.039ms  errors=0
    r03_customers_last_purchase_window@trailing       50.1 ops/s  p50=172.996ms p99= 191.936ms  errors=0
    r03_customers_last_purchase_window@historical       49.4 ops/s  p50=173.747ms p99= 195.771ms  errors=0
    r04_band_sellthrough                          313.6 ops/s  p50=  5.773ms p99= 350.411ms  errors=0
  wrote /results/c1_count_naive.json
