  engine: PostgreSQL 15.12-YB-2025.2.6.0-b0 on x86_64-pc-linux-gnu, compiled by clang version 19.1.0 (https://github.com/yugabyte/llvm-project.git a2a6b655e14e7fa1fcf1011a6cb29cb8575249c0), 64-bit
  effective isolation for READ COMMITTED requests: read committed
  dataset: 40 bands, 690 events, 289500 seats, 65388 sold at load
  loading c2_count_serializable ...
  loaded in 10.0s (copy 0.7s, index 6.9s)
  verifying answers against ground truth ...
    46/46 checks passed; audit on load: consistent (690 events, 65388 seats sold)
  capturing plans ...
  read benchmark:
    q01_event_availability@10              2243.6 ops/s  p50=  1.386ms p99=  60.592ms  errors=0
    q01_event_availability@100             2335.0 ops/s  p50=  1.337ms p99=  60.883ms  errors=0
    q01_event_availability@1000            1988.6 ops/s  p50=  1.501ms p99=  63.251ms  errors=0
    q01_event_availability@10000           1084.8 ops/s  p50=  2.448ms p99=  70.130ms  errors=0
    q01_event_availability@100000           264.4 ops/s  p50=  8.939ms p99=  86.957ms  errors=0
    q02_band_events                         337.9 ops/s  p50=  5.312ms p99= 186.050ms  errors=0
    q03_customer_tickets                   2396.7 ops/s  p50=  1.584ms p99=  51.009ms  errors=0
    q04_ticket_by_id                       4152.9 ops/s  p50=  0.880ms p99=  51.249ms  errors=0
    q05_band_tickets_sold                   699.7 ops/s  p50=  2.841ms p99=  98.027ms  errors=0
  operational reports:
    r01_event_sales_window@trailing              1767.8 ops/s  p50=  1.616ms p99=  58.939ms  errors=0
    r01_event_sales_window@historical            1788.2 ops/s  p50=  1.624ms p99=  58.750ms  errors=0
    r02_event_recent_buyers                      1828.1 ops/s  p50=  1.546ms p99=  59.377ms  errors=0
    r03_customers_last_purchase_window@trailing       50.2 ops/s  p50=171.972ms p99= 197.330ms  errors=0
    r03_customers_last_purchase_window@historical       49.9 ops/s  p50=173.144ms p99= 194.711ms  errors=0
    r04_band_sellthrough                          326.6 ops/s  p50=  5.661ms p99= 330.154ms  errors=0
  wrote /results/c2_count_serializable.json
