  engine: PostgreSQL 15.12-YB-2025.2.6.0-b0 on x86_64-pc-linux-gnu, compiled by clang version 19.1.0 (https://github.com/yugabyte/llvm-project.git a2a6b655e14e7fa1fcf1011a6cb29cb8575249c0), 64-bit
  effective isolation for READ COMMITTED requests: read committed
  dataset: 40 bands, 690 events, 289500 seats, 65388 sold at load
  loading c3_count_lock_event ...
  loaded in 10.5s (copy 1.0s, index 7.2s)
  verifying answers against ground truth ...
    46/46 checks passed; audit on load: consistent (690 events, 65388 seats sold)
  capturing plans ...
  read benchmark:
    q01_event_availability@10              2244.3 ops/s  p50=  1.334ms p99=  60.929ms  errors=0
    q01_event_availability@100             2292.5 ops/s  p50=  1.377ms p99=  60.985ms  errors=0
    q01_event_availability@1000            1987.8 ops/s  p50=  1.505ms p99=  62.972ms  errors=0
    q01_event_availability@10000           1040.5 ops/s  p50=  2.550ms p99=  69.818ms  errors=0
    q01_event_availability@100000           255.6 ops/s  p50=  9.646ms p99=  86.757ms  errors=0
    q02_band_events                         347.6 ops/s  p50=  5.041ms p99= 184.909ms  errors=0
    q03_customer_tickets                   2431.0 ops/s  p50=  1.581ms p99=  51.412ms  errors=0
    q04_ticket_by_id                       4131.9 ops/s  p50=  0.900ms p99=  50.704ms  errors=0
    q05_band_tickets_sold                   725.8 ops/s  p50=  2.816ms p99=  97.094ms  errors=0
  operational reports:
    r01_event_sales_window@trailing              1748.9 ops/s  p50=  1.626ms p99=  58.797ms  errors=0
    r01_event_sales_window@historical            1672.0 ops/s  p50=  1.677ms p99=  58.325ms  errors=0
    r02_event_recent_buyers                      1680.7 ops/s  p50=  1.601ms p99=  59.100ms  errors=0
    r03_customers_last_purchase_window@trailing       49.4 ops/s  p50=175.123ms p99= 194.602ms  errors=0
    r03_customers_last_purchase_window@historical       49.3 ops/s  p50=175.572ms p99= 197.105ms  errors=0
    r04_band_sellthrough                          353.6 ops/s  p50=  5.699ms p99= 316.078ms  errors=0
  wrote /results/c3_count_lock_event.json
