  engine: PostgreSQL 15.12-YB-2025.2.6.0-b0 on x86_64-pc-linux-gnu, compiled by clang version 19.1.0 (https://github.com/yugabyte/llvm-project.git a2a6b655e14e7fa1fcf1011a6cb29cb8575249c0), 64-bit
  effective isolation for READ COMMITTED requests: read committed
  dataset: 40 bands, 690 events, 289500 seats, 65388 sold at load
  loading c4_counter_guard ...
  loaded in 10.5s (copy 0.8s, index 7.2s)
  verifying answers against ground truth ...
    46/46 checks passed; audit on load: consistent (690 events, 65388 seats sold)
  capturing plans ...
  read benchmark:
    q01_event_availability@10              3481.4 ops/s  p50=  0.999ms p99=  51.222ms  errors=0
    q01_event_availability@100             4158.2 ops/s  p50=  0.878ms p99=  51.351ms  errors=0
    q01_event_availability@1000            4214.3 ops/s  p50=  0.869ms p99=  51.212ms  errors=0
    q01_event_availability@10000           4193.0 ops/s  p50=  0.868ms p99=  51.226ms  errors=0
    q01_event_availability@100000          4216.2 ops/s  p50=  0.864ms p99=  51.393ms  errors=0
    q02_band_events                        1925.5 ops/s  p50=  2.067ms p99=  50.523ms  errors=0
    q03_customer_tickets                   2256.0 ops/s  p50=  1.730ms p99=  50.861ms  errors=0
    q04_ticket_by_id                       4186.8 ops/s  p50=  0.880ms p99=  51.010ms  errors=0
    q05_band_tickets_sold                  2373.0 ops/s  p50=  1.604ms p99=  51.702ms  errors=0
  operational reports:
    r01_event_sales_window@trailing              1757.6 ops/s  p50=  1.651ms p99=  59.062ms  errors=0
    r01_event_sales_window@historical            1743.7 ops/s  p50=  1.687ms p99=  58.448ms  errors=0
    r02_event_recent_buyers                      1638.2 ops/s  p50=  1.669ms p99=  59.364ms  errors=0
    r03_customers_last_purchase_window@trailing       49.5 ops/s  p50=173.887ms p99= 193.586ms  errors=0
    r03_customers_last_purchase_window@historical       49.3 ops/s  p50=174.574ms p99= 193.144ms  errors=0
    r04_band_sellthrough                          334.6 ops/s  p50=  5.566ms p99= 320.320ms  errors=0
  wrote /results/c4_counter_guard.json
