  engine: PostgreSQL 15.12-YB-2025.2.6.0-b0 on x86_64-pc-linux-gnu, compiled by clang version 19.1.0 (https://github.com/yugabyte/llvm-project.git a2a6b655e14e7fa1fcf1011a6cb29cb8575249c0), 64-bit
  effective isolation for READ COMMITTED requests: read committed
  dataset: 40 bands, 690 events, 289500 seats, 65388 sold at load
  loading c5_seat_unique ...
  loaded in 10.2s (copy 1.2s, index 6.3s)
  verifying answers against ground truth ...
    46/46 checks passed; audit on load: consistent (690 events, 65388 seats sold)
  capturing plans ...
  read benchmark:
    q01_event_availability@10              2267.1 ops/s  p50=  1.352ms p99=  60.796ms  errors=0
    q01_event_availability@100             2302.3 ops/s  p50=  1.347ms p99=  61.066ms  errors=0
    q01_event_availability@1000            2005.1 ops/s  p50=  1.482ms p99=  63.419ms  errors=0
    q01_event_availability@10000           1019.5 ops/s  p50=  2.586ms p99=  70.382ms  errors=0
    q01_event_availability@100000           204.9 ops/s  p50= 12.538ms p99=  90.776ms  errors=0
    q02_band_events                         333.2 ops/s  p50=  5.564ms p99= 188.297ms  errors=0
    q03_customer_tickets                   2443.8 ops/s  p50=  1.570ms p99=  51.078ms  errors=0
    q04_ticket_by_id                       4151.1 ops/s  p50=  0.881ms p99=  51.072ms  errors=0
    q05_band_tickets_sold                   693.9 ops/s  p50=  2.855ms p99= 103.338ms  errors=0
  operational reports:
    r01_event_sales_window@trailing              1688.3 ops/s  p50=  1.655ms p99=  57.948ms  errors=0
    r01_event_sales_window@historical            1600.5 ops/s  p50=  1.700ms p99=  57.354ms  errors=0
    r02_event_recent_buyers                      1621.4 ops/s  p50=  1.736ms p99=  57.559ms  errors=0
    r03_customers_last_purchase_window@trailing       48.7 ops/s  p50=175.520ms p99= 209.291ms  errors=0
    r03_customers_last_purchase_window@historical       49.5 ops/s  p50=173.933ms p99= 197.337ms  errors=0
    r04_band_sellthrough                          310.1 ops/s  p50=  5.843ms p99= 400.677ms  errors=0
  wrote /results/c5_seat_unique.json
