  engine: PostgreSQL 15.12-YB-2025.2.6.0-b0 on x86_64-pc-linux-gnu, compiled by clang version 19.1.0 (https://github.com/yugabyte/llvm-project.git a2a6b655e14e7fa1fcf1011a6cb29cb8575249c0), 64-bit
  effective isolation for READ COMMITTED requests: read committed
  dataset: 40 bands, 690 events, 289500 seats, 65388 sold at load
  loading h0_hold_naive_confirm ...
  loaded in 11.4s (copy 0.9s, index 7.7s)
  verifying answers against ground truth ...
    47/47 checks passed; audit on load: consistent (690 events, 65388 seats sold)
  capturing plans ...
  read benchmark:
    q01_event_availability@10              4100.2 ops/s  p50=  0.892ms p99=  51.339ms  errors=0
    q01_event_availability@100             4086.8 ops/s  p50=  0.888ms p99=  51.354ms  errors=0
    q01_event_availability@1000            4108.9 ops/s  p50=  0.881ms p99=  51.593ms  errors=0
    q01_event_availability@10000           4085.2 ops/s  p50=  0.887ms p99=  51.494ms  errors=0
    q01_event_availability@100000          4201.0 ops/s  p50=  0.872ms p99=  51.235ms  errors=0
    q02_band_events                        2304.3 ops/s  p50=  1.376ms p99=  59.973ms  errors=0
    q03_customer_tickets                   2304.4 ops/s  p50=  1.731ms p99=  49.999ms  errors=0
    q04_ticket_by_id                       4150.6 ops/s  p50=  0.887ms p99=  51.220ms  errors=0
    q05_band_tickets_sold                   771.3 ops/s  p50=  3.064ms p99= 102.317ms  errors=0
  operational reports:
    r01_event_sales_window@trailing              1754.5 ops/s  p50=  1.993ms p99=  51.820ms  errors=0
    r01_event_sales_window@historical            1701.8 ops/s  p50=  2.022ms p99=  51.248ms  errors=0
    r02_event_recent_buyers                      1735.8 ops/s  p50=  1.930ms p99=  51.456ms  errors=0
    r03_customers_last_purchase_window@trailing       49.2 ops/s  p50=174.555ms p99= 195.748ms  errors=0
    r03_customers_last_purchase_window@historical       48.5 ops/s  p50=177.415ms p99= 203.215ms  errors=0
    r04_band_sellthrough                          358.6 ops/s  p50=  6.150ms p99= 306.712ms  errors=0
    r06_outstanding_holds                        4699.3 ops/s  p50=  0.556ms p99=  64.551ms  errors=0
  wrote /results/h0_hold_naive_confirm.json
