  engine: PostgreSQL 15.12-YB-2025.2.6.0-b0 on x86_64-pc-linux-gnu, compiled by clang version 19.1.0 (https://github.com/yugabyte/llvm-project.git a2a6b655e14e7fa1fcf1011a6cb29cb8575249c0), 64-bit
  effective isolation for READ COMMITTED requests: read committed
  dataset: 40 bands, 690 events, 289500 seats, 65388 sold at load
  loading h1_hold_checked_confirm ...
  loaded in 10.5s (copy 0.9s, index 6.5s)
  verifying answers against ground truth ...
    47/47 checks passed; audit on load: consistent (690 events, 65388 seats sold)
  capturing plans ...
  read benchmark:
    q01_event_availability@10              3799.8 ops/s  p50=  0.942ms p99=  51.442ms  errors=0
    q01_event_availability@100             4074.1 ops/s  p50=  0.893ms p99=  51.211ms  errors=0
    q01_event_availability@1000            4174.4 ops/s  p50=  0.868ms p99=  51.643ms  errors=0
    q01_event_availability@10000           4192.7 ops/s  p50=  0.866ms p99=  51.461ms  errors=0
    q01_event_availability@100000          4189.4 ops/s  p50=  0.871ms p99=  51.583ms  errors=0
    q02_band_events                        2255.3 ops/s  p50=  1.727ms p99=  51.693ms  errors=0
    q03_customer_tickets                   2336.0 ops/s  p50=  1.684ms p99=  49.678ms  errors=0
    q04_ticket_by_id                       4145.4 ops/s  p50=  0.898ms p99=  50.764ms  errors=0
    q05_band_tickets_sold                   794.4 ops/s  p50=  3.376ms p99= 100.129ms  errors=0
  operational reports:
    r01_event_sales_window@trailing              1781.0 ops/s  p50=  1.993ms p99=  51.816ms  errors=0
    r01_event_sales_window@historical            1771.9 ops/s  p50=  2.000ms p99=  51.297ms  errors=0
    r02_event_recent_buyers                      1813.9 ops/s  p50=  1.945ms p99=  51.643ms  errors=0
    r03_customers_last_purchase_window@trailing       49.7 ops/s  p50=173.988ms p99= 195.343ms  errors=0
    r03_customers_last_purchase_window@historical       49.5 ops/s  p50=173.953ms p99= 197.384ms  errors=0
    r04_band_sellthrough                          370.1 ops/s  p50=  6.439ms p99= 293.684ms  errors=0
    r06_outstanding_holds                        4776.8 ops/s  p50=  0.554ms p99=  64.352ms  errors=0
  wrote /results/h1_hold_checked_confirm.json
