  engine: PostgreSQL 15.12-YB-2025.2.6.0-b0 on x86_64-pc-linux-gnu, compiled by clang version 19.1.0 (https://github.com/yugabyte/llvm-project.git a2a6b655e14e7fa1fcf1011a6cb29cb8575249c0), 64-bit
  effective isolation for READ COMMITTED requests: read committed
  dataset: 40 bands, 690 events, 289500 seats, 65388 sold at load
  loading p1_precreated_lock_first ...
  loaded in 25.1s (copy 3.7s, index 19.3s)
  verifying answers against ground truth ...
    46/46 checks passed; audit on load: consistent (690 events, 65388 seats sold)
  capturing plans ...
  read benchmark:
    q01_event_availability@10              4212.8 ops/s  p50=  0.906ms p99=  50.901ms  errors=0
    q01_event_availability@100             3516.4 ops/s  p50=  1.022ms p99=  49.656ms  errors=0
    q01_event_availability@1000            3560.0 ops/s  p50=  1.239ms p99=  41.969ms  errors=0
    q01_event_availability@10000           1096.1 ops/s  p50=  2.802ms p99=  64.902ms  errors=0
    q01_event_availability@100000           125.0 ops/s  p50= 86.748ms p99= 103.561ms  errors=0
    q02_band_events                         267.8 ops/s  p50= 10.244ms p99= 212.747ms  errors=0
    q03_customer_tickets                   2223.7 ops/s  p50=  1.805ms p99=  49.835ms  errors=0
    q04_ticket_by_id                       4111.1 ops/s  p50=  0.916ms p99=  49.979ms  errors=0
    q05_band_tickets_sold                    41.9 ops/s  p50= 12.904ms p99=2108.196ms  errors=0
  operational reports:
    r01_event_sales_window@trailing              1053.2 ops/s  p50=  2.550ms p99=  55.478ms  errors=0
    r01_event_sales_window@historical            1187.5 ops/s  p50=  2.497ms p99=  53.465ms  errors=0
    r02_event_recent_buyers                      1109.9 ops/s  p50=  2.466ms p99=  56.866ms  errors=0
    r03_customers_last_purchase_window@trailing        7.0 ops/s  p50=1108.647ms p99=1300.838ms  errors=0
    r03_customers_last_purchase_window@historical        7.3 ops/s  p50=1102.122ms p99=1201.721ms  errors=0
    r04_band_sellthrough                           50.6 ops/s  p50= 12.889ms p99=2008.631ms  errors=0
  wrote /results/p1_precreated_lock_first.json
