  engine: PostgreSQL 15.12-YB-2025.2.6.0-b0 on x86_64-pc-linux-gnu, compiled by clang version 19.1.0 (https://github.com/yugabyte/llvm-project.git a2a6b655e14e7fa1fcf1011a6cb29cb8575249c0), 64-bit
  effective isolation for READ COMMITTED requests: read committed
  dataset: 40 bands, 690 events, 289500 seats, 65388 sold at load
  loading p2_precreated_skip_locked ...
  loaded in 22.6s (copy 3.7s, index 16.3s)
  verifying answers against ground truth ...
    46/46 checks passed; audit on load: consistent (690 events, 65388 seats sold)
  capturing plans ...
  read benchmark:
    q01_event_availability@10              3619.8 ops/s  p50=  0.980ms p99=  50.512ms  errors=0
    q01_event_availability@100             2945.2 ops/s  p50=  1.153ms p99=  48.148ms  errors=0
    q01_event_availability@1000            3604.8 ops/s  p50=  1.223ms p99=  42.085ms  errors=0
    q01_event_availability@10000            987.2 ops/s  p50=  3.154ms p99=  65.641ms  errors=0
    q01_event_availability@100000           120.0 ops/s  p50= 88.210ms p99= 101.317ms  errors=0
    q02_band_events                         268.8 ops/s  p50=  9.983ms p99= 206.294ms  errors=0
    q03_customer_tickets                   2357.2 ops/s  p50=  1.691ms p99=  49.460ms  errors=0
    q04_ticket_by_id                       4098.8 ops/s  p50=  0.903ms p99=  50.752ms  errors=0
    q05_band_tickets_sold                    55.7 ops/s  p50=  9.438ms p99=1866.087ms  errors=0
  operational reports:
    r01_event_sales_window@trailing              1129.7 ops/s  p50=  2.329ms p99=  54.296ms  errors=0
    r01_event_sales_window@historical            1115.1 ops/s  p50=  2.220ms p99=  56.530ms  errors=0
    r02_event_recent_buyers                      1185.2 ops/s  p50=  2.121ms p99=  57.417ms  errors=0
    r03_customers_last_purchase_window@trailing        7.3 ops/s  p50=1095.019ms p99=1190.678ms  errors=0
    r03_customers_last_purchase_window@historical        7.3 ops/s  p50=1101.169ms p99=1184.550ms  errors=0
    r04_band_sellthrough                           68.7 ops/s  p50=  8.708ms p99=1777.614ms  errors=0
  wrote /results/p2_precreated_skip_locked.json
