  engine: PostgreSQL 15.12-YB-2025.2.6.0-b0 on x86_64-pc-linux-gnu, compiled by clang version 19.1.0 (https://github.com/yugabyte/llvm-project.git a2a6b655e14e7fa1fcf1011a6cb29cb8575249c0), 64-bit
  effective isolation for READ COMMITTED requests: read committed
  dataset: 40 bands, 690 events, 289500 seats, 65388 sold at load
  loading p3_precreated_cas ...
  loaded in 21.7s (copy 3.8s, index 15.2s)
  verifying answers against ground truth ...
    46/46 checks passed; audit on load: consistent (690 events, 65388 seats sold)
  capturing plans ...
  read benchmark:
    q01_event_availability@10              3846.4 ops/s  p50=  0.945ms p99=  51.170ms  errors=0
    q01_event_availability@100             3853.6 ops/s  p50=  0.975ms p99=  49.986ms  errors=0
    q01_event_availability@1000            3598.9 ops/s  p50=  1.211ms p99=  42.702ms  errors=0
    q01_event_availability@10000           1063.2 ops/s  p50=  2.903ms p99=  65.590ms  errors=0
    q01_event_availability@100000           131.2 ops/s  p50= 86.265ms p99=  98.669ms  errors=0
    q02_band_events                         275.6 ops/s  p50=  9.192ms p99= 202.592ms  errors=0
    q03_customer_tickets                   2363.1 ops/s  p50=  1.680ms p99=  49.681ms  errors=0
    q04_ticket_by_id                       4061.7 ops/s  p50=  0.918ms p99=  50.329ms  errors=0
    q05_band_tickets_sold                    63.2 ops/s  p50=  9.184ms p99=1841.176ms  errors=0
  operational reports:
    r01_event_sales_window@trailing              1216.2 ops/s  p50=  2.119ms p99=  55.302ms  errors=0
    r01_event_sales_window@historical             983.3 ops/s  p50=  2.146ms p99=  56.720ms  errors=0
    r02_event_recent_buyers                      1160.0 ops/s  p50=  2.088ms p99=  55.500ms  errors=0
    r03_customers_last_purchase_window@trailing        7.2 ops/s  p50=1105.605ms p99=1195.056ms  errors=0
    r03_customers_last_purchase_window@historical        7.2 ops/s  p50=1108.015ms p99=1203.069ms  errors=0
    r04_band_sellthrough                           69.4 ops/s  p50=  9.329ms p99=1780.559ms  errors=0
  wrote /results/p3_precreated_cas.json
