  engine: PostgreSQL 15.12-YB-2025.2.6.0-b0 on x86_64-pc-linux-gnu, compiled by clang version 19.1.0 (https://github.com/yugabyte/llvm-project.git a2a6b655e14e7fa1fcf1011a6cb29cb8575249c0), 64-bit
  effective isolation for READ COMMITTED requests: read committed
  dataset: 40 bands, 690 events, 289500 seats, 65388 sold at load
  loading p4_precreated_counter ...
  loaded in 22.0s (copy 3.7s, index 15.6s)
  verifying answers against ground truth ...
    46/46 checks passed; audit on load: consistent (690 events, 65388 seats sold)
  capturing plans ...
  read benchmark:
    q01_event_availability@10              3787.7 ops/s  p50=  0.960ms p99=  50.549ms  errors=0
    q01_event_availability@100             4090.3 ops/s  p50=  0.912ms p99=  50.559ms  errors=0
    q01_event_availability@1000            4030.8 ops/s  p50=  0.924ms p99=  50.461ms  errors=0
    q01_event_availability@10000           4123.5 ops/s  p50=  0.904ms p99=  50.575ms  errors=0
    q01_event_availability@100000          4162.4 ops/s  p50=  0.895ms p99=  50.214ms  errors=0
    q02_band_events                        2322.4 ops/s  p50=  1.389ms p99=  59.316ms  errors=0
    q03_customer_tickets                   2352.3 ops/s  p50=  1.712ms p99=  49.226ms  errors=0
    q04_ticket_by_id                       4120.7 ops/s  p50=  0.902ms p99=  50.698ms  errors=0
    q05_band_tickets_sold                  2376.7 ops/s  p50=  1.381ms p99=  58.720ms  errors=0
  operational reports:
    r01_event_sales_window@trailing              1122.9 ops/s  p50=  2.140ms p99=  56.251ms  errors=0
    r01_event_sales_window@historical            1089.4 ops/s  p50=  2.146ms p99=  57.173ms  errors=0
    r02_event_recent_buyers                      1183.2 ops/s  p50=  2.133ms p99=  56.877ms  errors=0
    r03_customers_last_purchase_window@trailing        6.9 ops/s  p50=1133.910ms p99=1216.163ms  errors=0
    r03_customers_last_purchase_window@historical        7.0 ops/s  p50=1117.519ms p99=1267.645ms  errors=0
    r04_band_sellthrough                           54.4 ops/s  p50=  9.123ms p99=1824.624ms  errors=0
  wrote /results/p4_precreated_counter.json
