  engine: PostgreSQL 15.12-YB-2025.2.6.0-b0 on x86_64-pc-linux-gnu, compiled by clang version 19.1.0 (https://github.com/yugabyte/llvm-project.git a2a6b655e14e7fa1fcf1011a6cb29cb8575249c0), 64-bit
  effective isolation for READ COMMITTED requests: read committed
  dataset: 40 bands, 690 events, 289500 seats, 65388 sold at load
  loading r1_inventory_row ...
  loaded in 10.2s (copy 0.9s, index 6.4s)
  verifying answers against ground truth ...
    46/46 checks passed; audit on load: consistent (690 events, 65388 seats sold)
  capturing plans ...
  read benchmark:
    q01_event_availability@10              4191.8 ops/s  p50=  0.687ms p99=  57.967ms  errors=0
    q01_event_availability@100             4388.7 ops/s  p50=  0.693ms p99=  56.029ms  errors=0
    q01_event_availability@1000            4543.0 ops/s  p50=  0.574ms p99=  63.879ms  errors=0
    q01_event_availability@10000           4772.7 ops/s  p50=  0.547ms p99=  64.168ms  errors=0
    q01_event_availability@100000          4804.8 ops/s  p50=  0.542ms p99=  64.315ms  errors=0
    q02_band_events                        1366.8 ops/s  p50=  2.109ms p99=  66.183ms  errors=0
    q03_customer_tickets                   2331.1 ops/s  p50=  1.736ms p99=  49.487ms  errors=0
    q04_ticket_by_id                       4129.7 ops/s  p50=  0.894ms p99=  50.863ms  errors=0
    q05_band_tickets_sold                  1385.6 ops/s  p50=  2.064ms p99=  65.966ms  errors=0
  operational reports:
    r01_event_sales_window@trailing              1692.6 ops/s  p50=  2.072ms p99=  51.768ms  errors=0
    r01_event_sales_window@historical            1692.9 ops/s  p50=  2.040ms p99=  52.240ms  errors=0
    r02_event_recent_buyers                      1750.6 ops/s  p50=  1.944ms p99=  50.579ms  errors=0
    r03_customers_last_purchase_window@trailing       48.3 ops/s  p50=175.641ms p99= 199.289ms  errors=0
    r03_customers_last_purchase_window@historical       49.6 ops/s  p50=173.180ms p99= 192.549ms  errors=0
    r04_band_sellthrough                          350.3 ops/s  p50=  6.097ms p99= 307.380ms  errors=0
  wrote /results/r1_inventory_row.json
