  engine: PostgreSQL 15.12-YB-2025.2.6.0-b0 on x86_64-pc-linux-gnu, compiled by clang version 19.1.0 (https://github.com/yugabyte/llvm-project.git a2a6b655e14e7fa1fcf1011a6cb29cb8575249c0), 64-bit
  effective isolation for READ COMMITTED requests: read committed
  dataset: 40 bands, 690 events, 289500 seats, 65388 sold at load
  loading r2_inventory_buckets ...
  loaded in 10.6s (copy 1.0s, index 6.4s)
  verifying answers against ground truth ...
    46/46 checks passed; audit on load: consistent (690 events, 65388 seats sold)
  capturing plans ...
  read benchmark:
    q01_event_availability@10              4332.5 ops/s  p50=  0.593ms p99=  64.872ms  errors=0
    q01_event_availability@100             4380.8 ops/s  p50=  0.592ms p99=  64.697ms  errors=0
    q01_event_availability@1000            4180.6 ops/s  p50=  0.612ms p99=  64.876ms  errors=0
    q01_event_availability@10000           4429.6 ops/s  p50=  0.579ms p99=  65.048ms  errors=0
    q01_event_availability@100000          4421.4 ops/s  p50=  0.578ms p99=  65.103ms  errors=0
    q02_band_events                         370.8 ops/s  p50=  4.794ms p99= 182.403ms  errors=0
    q03_customer_tickets                   2179.2 ops/s  p50=  2.014ms p99=  47.747ms  errors=0
    q04_ticket_by_id                       4118.7 ops/s  p50=  0.906ms p99=  50.433ms  errors=0
    q05_band_tickets_sold                  1306.8 ops/s  p50=  2.155ms p99=  67.074ms  errors=0
  operational reports:
    r01_event_sales_window@trailing              1662.5 ops/s  p50=  2.069ms p99=  51.191ms  errors=0
    r01_event_sales_window@historical            1617.7 ops/s  p50=  2.217ms p99=  51.367ms  errors=0
    r02_event_recent_buyers                      1802.1 ops/s  p50=  1.904ms p99=  50.811ms  errors=0
    r03_customers_last_purchase_window@trailing       49.8 ops/s  p50=174.359ms p99= 194.753ms  errors=0
    r03_customers_last_purchase_window@historical       48.6 ops/s  p50=174.927ms p99= 203.159ms  errors=0
    r04_band_sellthrough                          359.7 ops/s  p50=  5.984ms p99= 303.129ms  errors=0
  wrote /results/r2_inventory_buckets.json
