  engine: PostgreSQL 15.12-YB-2025.2.6.0-b0 on x86_64-pc-linux-gnu, compiled by clang version 19.1.0 (https://github.com/yugabyte/llvm-project.git a2a6b655e14e7fa1fcf1011a6cb29cb8575249c0), 64-bit
  effective isolation for READ COMMITTED requests: read committed
  dataset: 40 bands, 690 events, 289500 seats, 65388 sold at load
  loading r3_seat_pool ...
  loaded in 13.4s (copy 3.0s, index 7.3s)
  verifying answers against ground truth ...
    46/46 checks passed; audit on load: consistent (690 events, 65388 seats sold)
  capturing plans ...
  read benchmark:
    q01_event_availability@10              4387.5 ops/s  p50=  0.588ms p99=  65.073ms  errors=0
    q01_event_availability@100             4332.0 ops/s  p50=  0.592ms p99=  65.314ms  errors=0
    q01_event_availability@1000            3322.2 ops/s  p50=  0.749ms p99=  66.628ms  errors=0
    q01_event_availability@10000           1261.2 ops/s  p50=  1.787ms p99=  73.405ms  errors=0
    q01_event_availability@100000           185.8 ops/s  p50= 12.607ms p99=  91.875ms  errors=0
    q02_band_events                         306.6 ops/s  p50=  5.440ms p99= 190.817ms  errors=0
    q03_customer_tickets                   2378.0 ops/s  p50=  1.693ms p99=  49.214ms  errors=0
    q04_ticket_by_id                       4052.4 ops/s  p50=  0.921ms p99=  50.371ms  errors=0
    q05_band_tickets_sold                   814.6 ops/s  p50=  3.031ms p99= 103.359ms  errors=0
  operational reports:
    r01_event_sales_window@trailing              1664.9 ops/s  p50=  2.082ms p99=  51.284ms  errors=0
    r01_event_sales_window@historical            1729.5 ops/s  p50=  2.003ms p99=  51.059ms  errors=0
    r02_event_recent_buyers                      1809.6 ops/s  p50=  1.943ms p99=  51.077ms  errors=0
    r03_customers_last_purchase_window@trailing       48.9 ops/s  p50=175.377ms p99= 199.085ms  errors=0
    r03_customers_last_purchase_window@historical       49.5 ops/s  p50=174.344ms p99= 196.482ms  errors=0
    r04_band_sellthrough                          383.7 ops/s  p50=  5.878ms p99= 305.004ms  errors=0
  wrote /results/r3_seat_pool.json
