  engine: PostgreSQL 15.12-YB-2025.2.6.0-b0 on x86_64-pc-linux-gnu, compiled by clang version 19.1.0 (https://github.com/yugabyte/llvm-project.git a2a6b655e14e7fa1fcf1011a6cb29cb8575249c0), 64-bit
  effective isolation for READ COMMITTED requests: read committed
  dataset: 40 bands, 690 events, 289500 seats, 65388 sold at load
  loading x1_cas_ledger ...
  loaded in 36.5s (copy 5.1s, index 27.6s)
  verifying answers against ground truth ...
    48/48 checks passed; audit on load: consistent (690 events, 65388 seats sold)
    ledger audit on load: consistent (289500 seats checked)
  capturing plans ...
  read benchmark:
    q01_event_availability@10              4229.4 ops/s  p50=  0.607ms p99=  64.962ms  errors=0
    q01_event_availability@100             4026.3 ops/s  p50=  0.628ms p99=  65.830ms  errors=0
    q01_event_availability@1000            3009.7 ops/s  p50=  0.808ms p99=  68.258ms  errors=0
    q01_event_availability@10000            910.3 ops/s  p50=  2.475ms p99=  75.423ms  errors=0
    q01_event_availability@100000           121.8 ops/s  p50= 88.889ms p99= 102.130ms  errors=0
    q02_band_events                         267.9 ops/s  p50=  6.331ms p99= 196.234ms  errors=0
    q03_customer_tickets                   2336.6 ops/s  p50=  1.643ms p99=  50.948ms  errors=0
    q04_ticket_by_id                       4019.0 ops/s  p50=  0.930ms p99=  50.289ms  errors=0
    q05_band_tickets_sold                    54.5 ops/s  p50= 10.925ms p99=1899.151ms  errors=0
  operational reports:
    r01_event_sales_window@trailing              2800.1 ops/s  p50=  1.285ms p99=  51.797ms  errors=0
    r01_event_sales_window@historical            2825.9 ops/s  p50=  1.284ms p99=  51.749ms  errors=0
    r02_event_recent_buyers                      1067.8 ops/s  p50=  2.613ms p99=  52.463ms  errors=0
    r03_customers_last_purchase_window@trailing       42.2 ops/s  p50=193.125ms p99= 214.913ms  errors=0
    r03_customers_last_purchase_window@historical       41.7 ops/s  p50=194.560ms p99= 218.513ms  errors=0
    r04_band_sellthrough                           51.6 ops/s  p50=  9.324ms p99=1887.396ms  errors=0
    r05_refunds_window@trailing                  4285.3 ops/s  p50=  0.599ms p99=  65.188ms  errors=0
    r05_refunds_window@historical                4283.4 ops/s  p50=  0.599ms p99=  65.071ms  errors=0
  wrote /results/x1_cas_ledger.json
