  engine: PostgreSQL 17.11 (Debian 17.11-1.pgdg13+2) on x86_64-pc-linux-gnu, compiled by gcc (Debian 14.2.0-19) 14.2.0, 64-bit
  database clock minus client clock: 0.000 ms
  dataset: 5 venues, 658 events, 56103 tickets and 2217 holds at load
  loading s1_conditional_update ...
  loaded in 1.5s (copy 1.2s, index 0.2s)
  verifying answers against ground truth ...
    58/58 checks passed (margin 600s); audit on load: consistent (658 events, 56103 tickets; rejections late=0 boundary=0)
  capturing plans ...
  read benchmark:
    q01_section_map@10                    20122.8 ops/s  p50=  0.169ms p99=   0.867ms  errors=0
    q02_event_sections@10                 20295.9 ops/s  p50=  0.170ms p99=   0.790ms  errors=0
    q03_event_available@10                18188.8 ops/s  p50=  0.172ms p99=   2.228ms  errors=0
    q01_section_map@100                   24931.4 ops/s  p50=  0.147ms p99=   0.963ms  errors=0
    q02_event_sections@100                16317.4 ops/s  p50=  0.197ms p99=   1.217ms  errors=0
    q03_event_available@100               16799.5 ops/s  p50=  0.192ms p99=   1.374ms  errors=0
    q01_section_map@1000                  20417.9 ops/s  p50=  0.173ms p99=   0.836ms  errors=0
    q02_event_sections@1000                8717.3 ops/s  p50=  0.302ms p99=   2.158ms  errors=0
    q03_event_available@1000               9871.6 ops/s  p50=  0.272ms p99=   1.278ms  errors=0
    q01_section_map@10000                 16826.5 ops/s  p50=  0.191ms p99=   0.668ms  errors=0
    q02_event_sections@10000               1199.1 ops/s  p50=  1.331ms p99=  79.334ms  errors=0
    q03_event_available@10000              1330.8 ops/s  p50=  1.205ms p99=  78.981ms  errors=0
    q01_section_map@100000                10041.1 ops/s  p50=  0.280ms p99=   1.259ms  errors=0
    q02_event_sections@100000               144.1 ops/s  p50= 84.357ms p99= 103.709ms  errors=0
    q03_event_available@100000              153.3 ops/s  p50= 81.718ms p99=  99.712ms  errors=0
    q04_hold_seats                         9046.9 ops/s  p50=  0.289ms p99=   1.570ms  errors=0
    q05_customer_tickets                  34419.7 ops/s  p50=  0.129ms p99=   0.536ms  errors=0
    q06_ticket_by_id                      39164.3 ops/s  p50=  0.121ms p99=   0.501ms  errors=0
  write benchmark (fresh load per op):
    hold                                    125.4 ops/s  p50= 80.182ms p99= 195.280ms  rejected=3 retries=1 errors=0
      audit after hold: consistent (658 events, 81824 tickets; rejections late=0 boundary=0)
    release                                3688.5 ops/s  p50=  1.723ms p99=  17.319ms  rejected=0 retries=0 errors=0
      audit after release: consistent (658 events, 56103 tickets; rejections late=0 boundary=0)
    cancel                                 3602.6 ops/s  p50=  2.000ms p99=   8.537ms  rejected=0 retries=0 errors=0
      audit after cancel: consistent (658 events, 28053 tickets; rejections late=0 boundary=0)
    publish@10                              681.6 ops/s  p50=  5.611ms p99=  12.663ms  rejected=0 retries=0 errors=0
    publish@100                             399.8 ops/s  p50=  9.724ms p99=  15.142ms  rejected=0 retries=0 errors=0
    publish@1000                            249.9 ops/s  p50= 15.235ms p99=  20.671ms  rejected=0 retries=0 errors=0
    publish@10000                            28.6 ops/s  p50= 67.199ms p99=  67.199ms  rejected=0 retries=0 errors=0
    publish@100000                            2.4 ops/s  p50=798.493ms p99= 798.493ms  rejected=0 retries=0 errors=0
      audit after publish: consistent (2887 events, 56103 tickets; rejections late=0 boundary=0)
  race trial 1/1 (32 buyers per event, fresh load):
      race event 501: gate 2026-09-14T23:23:37.281947495Z, deadline 2026-09-14T23:24:37.281947495Z
      race event 502: gate 2026-09-14T23:23:37.322805948Z, deadline 2026-09-14T23:24:37.322805948Z
      race event 503: gate 2026-09-14T23:23:37.346902492Z, deadline 2026-09-14T23:24:37.346902492Z
      race event 504: gate 2026-09-14T23:23:37.424688175Z, deadline 2026-09-14T23:24:37.424688175Z
      race event 505: gate 2026-09-14T23:23:37.468615261Z, deadline 2026-09-14T23:24:37.468615261Z
      race event 506: gate 2026-09-14T23:23:37.570360701Z, deadline 2026-09-14T23:24:37.570360701Z
      race event 507: gate 2026-09-14T23:23:37.598023999Z, deadline 2026-09-14T23:24:37.598023999Z
      race event 508: gate 2026-09-14T23:23:37.639386016Z, deadline 2026-09-14T23:24:37.639386016Z
      race event 509: gate 2026-09-14T23:23:37.683499479Z, deadline 2026-09-14T23:24:37.683499479Z
      race event 510: gate 2026-09-14T23:23:37.723277246Z, deadline 2026-09-14T23:24:37.723277246Z
      race event 511: gate 2026-09-14T23:23:37.763479777Z, deadline 2026-09-14T23:24:37.763479777Z
      race event 512: gate 2026-09-14T23:23:37.813814366Z, deadline 2026-09-14T23:24:37.813814366Z
      race event 513: gate 2026-09-14T23:23:37.852992589Z, deadline 2026-09-14T23:24:37.852992589Z
      race event 514: gate 2026-09-14T23:23:37.905726461Z, deadline 2026-09-14T23:24:37.905726461Z
      race event 515: gate 2026-09-14T23:23:37.940478167Z, deadline 2026-09-14T23:24:37.940478167Z
      race event 516: gate 2026-09-14T23:23:37.956670777Z, deadline 2026-09-14T23:24:37.956670777Z
      race event 517: gate 2026-09-14T23:23:38.053842248Z, deadline 2026-09-14T23:24:38.053842248Z
      race event 518: gate 2026-09-14T23:23:38.096850639Z, deadline 2026-09-14T23:24:38.096850639Z
      race event 519: gate 2026-09-14T23:23:38.133292364Z, deadline 2026-09-14T23:24:38.133292364Z
      race event 520: gate 2026-09-14T23:23:38.200569371Z, deadline 2026-09-14T23:24:38.200569371Z
      race event 521: gate 2026-09-14T23:23:38.235342238Z, deadline 2026-09-14T23:24:38.235342238Z
      race event 522: gate 2026-09-14T23:23:38.258029071Z, deadline 2026-09-14T23:24:38.258029071Z
      race event 523: gate 2026-09-14T23:23:38.333547562Z, deadline 2026-09-14T23:24:38.333547562Z
      race event 524: gate 2026-09-14T23:23:38.40457689Z, deadline 2026-09-14T23:24:38.40457689Z
      race event 525: gate 2026-09-14T23:23:38.449461672Z, deadline 2026-09-14T23:24:38.449461672Z
      race event 526: gate 2026-09-14T23:23:38.509480407Z, deadline 2026-09-14T23:24:38.509480407Z
      race event 527: gate 2026-09-14T23:23:38.543320966Z, deadline 2026-09-14T23:24:38.543320966Z
      race event 528: gate 2026-09-14T23:23:38.568273915Z, deadline 2026-09-14T23:24:38.568273915Z
      race event 529: gate 2026-09-14T23:23:38.617925278Z, deadline 2026-09-14T23:24:38.617925278Z
      race event 530: gate 2026-09-14T23:23:38.637792142Z, deadline 2026-09-14T23:24:38.637792142Z
      race event 531: gate 2026-09-14T23:23:38.66328185Z, deadline 2026-09-14T23:24:38.66328185Z
      race event 532: gate 2026-09-14T23:23:38.717904117Z, deadline 2026-09-14T23:24:38.717904117Z
      race event 533: gate 2026-09-14T23:23:38.742519016Z, deadline 2026-09-14T23:24:38.742519016Z
      race event 534: gate 2026-09-14T23:23:38.812346105Z, deadline 2026-09-14T23:24:38.812346105Z
      race event 535: gate 2026-09-14T23:23:38.853400787Z, deadline 2026-09-14T23:24:38.853400787Z
      race event 536: gate 2026-09-14T23:23:38.914296382Z, deadline 2026-09-14T23:24:38.914296382Z
      race event 537: gate 2026-09-14T23:23:38.940048035Z, deadline 2026-09-14T23:24:38.940048035Z
      race event 538: gate 2026-09-14T23:23:38.998909406Z, deadline 2026-09-14T23:24:38.998909406Z
      race event 539: gate 2026-09-14T23:23:39.020511264Z, deadline 2026-09-14T23:24:39.020511264Z
      race event 540: gate 2026-09-14T23:23:39.055057208Z, deadline 2026-09-14T23:24:39.055057208Z
      race event 541: gate 2026-09-14T23:23:39.101178261Z, deadline 2026-09-14T23:24:39.101178261Z
      race event 542: gate 2026-09-14T23:23:39.141333837Z, deadline 2026-09-14T23:24:39.141333837Z
      race event 543: gate 2026-09-14T23:23:39.173189457Z, deadline 2026-09-14T23:24:39.173189457Z
      race event 544: gate 2026-09-14T23:23:39.221764095Z, deadline 2026-09-14T23:24:39.221764095Z
      race event 545: gate 2026-09-14T23:23:39.274627207Z, deadline 2026-09-14T23:24:39.274627207Z
      race event 546: gate 2026-09-14T23:23:39.327681496Z, deadline 2026-09-14T23:24:39.327681496Z
      race event 547: gate 2026-09-14T23:23:39.343431545Z, deadline 2026-09-14T23:24:39.343431545Z
      race event 548: gate 2026-09-14T23:23:39.40541696Z, deadline 2026-09-14T23:24:39.40541696Z
      race event 549: gate 2026-09-14T23:23:39.435703812Z, deadline 2026-09-14T23:24:39.435703812Z
      race event 550: gate 2026-09-14T23:23:39.463294123Z, deadline 2026-09-14T23:24:39.463294123Z
      race event 551: gate 2026-09-14T23:23:39.527940651Z, deadline 2026-09-14T23:24:39.527940651Z
      race event 552: gate 2026-09-14T23:23:39.558003028Z, deadline 2026-09-14T23:24:39.558003028Z
      race event 553: gate 2026-09-14T23:23:39.606510572Z, deadline 2026-09-14T23:24:39.606510572Z
      race event 554: gate 2026-09-14T23:23:39.635374165Z, deadline 2026-09-14T23:24:39.635374165Z
      race event 555: gate 2026-09-14T23:23:39.667876178Z, deadline 2026-09-14T23:24:39.667876178Z
      race event 556: gate 2026-09-14T23:23:39.713594782Z, deadline 2026-09-14T23:24:39.713594782Z
      race event 557: gate 2026-09-14T23:23:39.740502147Z, deadline 2026-09-14T23:24:39.740502147Z
      race event 558: gate 2026-09-14T23:23:39.799369487Z, deadline 2026-09-14T23:24:39.799369487Z
      race event 559: gate 2026-09-14T23:23:39.83644642Z, deadline 2026-09-14T23:24:39.83644642Z
      race event 560: gate 2026-09-14T23:23:39.862140166Z, deadline 2026-09-14T23:24:39.862140166Z
      race event 561: gate 2026-09-14T23:23:39.916246083Z, deadline 2026-09-14T23:24:39.916246083Z
      race event 562: gate 2026-09-14T23:23:39.951060921Z, deadline 2026-09-14T23:24:39.951060921Z
      race event 563: gate 2026-09-14T23:23:40.026303513Z, deadline 2026-09-14T23:24:40.026303513Z
      race event 564: gate 2026-09-14T23:23:40.065640189Z, deadline 2026-09-14T23:24:40.065640189Z
      race event 565: gate 2026-09-14T23:23:40.119962996Z, deadline 2026-09-14T23:24:40.119962996Z
      race event 566: gate 2026-09-14T23:23:40.153999308Z, deadline 2026-09-14T23:24:40.153999308Z
      race event 567: gate 2026-09-14T23:23:40.234871898Z, deadline 2026-09-14T23:24:40.234871898Z
      race event 568: gate 2026-09-14T23:23:40.311013535Z, deadline 2026-09-14T23:24:40.311013535Z
      race event 569: gate 2026-09-14T23:23:40.3490832Z, deadline 2026-09-14T23:24:40.3490832Z
      race event 570: gate 2026-09-14T23:23:40.406795051Z, deadline 2026-09-14T23:24:40.406795051Z
      race event 571: gate 2026-09-14T23:23:40.439618232Z, deadline 2026-09-14T23:24:40.439618232Z
      race event 572: gate 2026-09-14T23:23:40.501021265Z, deadline 2026-09-14T23:24:40.501021265Z
      race event 573: gate 2026-09-14T23:23:40.532845207Z, deadline 2026-09-14T23:24:40.532845207Z
      race event 574: gate 2026-09-14T23:23:40.56235818Z, deadline 2026-09-14T23:24:40.56235818Z
      race event 575: gate 2026-09-14T23:23:40.613340213Z, deadline 2026-09-14T23:24:40.613340213Z
      race event 576: gate 2026-09-14T23:23:40.647450215Z, deadline 2026-09-14T23:24:40.647450215Z
      race event 577: gate 2026-09-14T23:23:40.718160649Z, deadline 2026-09-14T23:24:40.718160649Z
      race event 578: gate 2026-09-14T23:23:40.803087315Z, deadline 2026-09-14T23:24:40.803087315Z
      race event 579: gate 2026-09-14T23:23:40.831876464Z, deadline 2026-09-14T23:24:40.831876464Z
      race event 580: gate 2026-09-14T23:23:40.865640484Z, deadline 2026-09-14T23:24:40.865640484Z
      race event 581: gate 2026-09-14T23:23:40.926437089Z, deadline 2026-09-14T23:24:40.926437089Z
      race event 582: gate 2026-09-14T23:23:40.965711263Z, deadline 2026-09-14T23:24:40.965711263Z
      race event 583: gate 2026-09-14T23:23:41.028294627Z, deadline 2026-09-14T23:24:41.028294627Z
      race event 584: gate 2026-09-14T23:23:41.112977842Z, deadline 2026-09-14T23:24:41.112977842Z
      race event 585: gate 2026-09-14T23:23:41.160060884Z, deadline 2026-09-14T23:24:41.160060884Z
      race event 586: gate 2026-09-14T23:23:41.22581304Z, deadline 2026-09-14T23:24:41.22581304Z
      race event 587: gate 2026-09-14T23:23:41.306686771Z, deadline 2026-09-14T23:24:41.306686771Z
      race event 588: gate 2026-09-14T23:23:41.337139601Z, deadline 2026-09-14T23:24:41.337139601Z
      race event 589: gate 2026-09-14T23:23:41.406361494Z, deadline 2026-09-14T23:24:41.406361494Z
      race event 590: gate 2026-09-14T23:23:41.450460836Z, deadline 2026-09-14T23:24:41.450460836Z
      race event 591: gate 2026-09-14T23:23:41.504073516Z, deadline 2026-09-14T23:24:41.504073516Z
      race event 592: gate 2026-09-14T23:23:41.525163291Z, deadline 2026-09-14T23:24:41.525163291Z
      race event 593: gate 2026-09-14T23:23:41.558767571Z, deadline 2026-09-14T23:24:41.558767571Z
      race event 594: gate 2026-09-14T23:23:41.604477351Z, deadline 2026-09-14T23:24:41.604477351Z
      race event 595: gate 2026-09-14T23:23:41.65841446Z, deadline 2026-09-14T23:24:41.65841446Z
      race event 596: gate 2026-09-14T23:23:41.715126734Z, deadline 2026-09-14T23:24:41.715126734Z
      race event 597: gate 2026-09-14T23:23:41.745600115Z, deadline 2026-09-14T23:24:41.745600115Z
      race event 598: gate 2026-09-14T23:23:41.808056712Z, deadline 2026-09-14T23:24:41.808056712Z
      race event 599: gate 2026-09-14T23:23:41.83720653Z, deadline 2026-09-14T23:24:41.83720653Z
      race event 600: gate 2026-09-14T23:23:41.905469665Z, deadline 2026-09-14T23:24:41.905469665Z
    race     10 seats x100      328.9 seats/s  conflicts/hold=8.76 reads/hold=16.56  hold p50=3.43ms p99=49.76ms  deferred 70/70 ok  confirm retries sold/run=0/0  errors=0  ok
      audit: consistent (100 events, 1000 tickets; rejections late=0 boundary=0)
      race event 601: gate 2026-09-14T23:23:42.110041334Z, deadline 2026-09-14T23:24:42.110041334Z
      race event 602: gate 2026-09-14T23:23:42.227607105Z, deadline 2026-09-14T23:24:42.227607105Z
      race event 603: gate 2026-09-14T23:23:42.414936932Z, deadline 2026-09-14T23:24:42.414936932Z
      race event 604: gate 2026-09-14T23:23:42.538068987Z, deadline 2026-09-14T23:24:42.538068987Z
      race event 605: gate 2026-09-14T23:23:42.717769813Z, deadline 2026-09-14T23:24:42.717769813Z
      race event 606: gate 2026-09-14T23:23:42.923939623Z, deadline 2026-09-14T23:24:42.923939623Z
      race event 607: gate 2026-09-14T23:23:43.120083038Z, deadline 2026-09-14T23:24:43.120083038Z
      race event 608: gate 2026-09-14T23:23:43.238879357Z, deadline 2026-09-14T23:24:43.238879357Z
      race event 609: gate 2026-09-14T23:23:43.42291099Z, deadline 2026-09-14T23:24:43.42291099Z
      race event 610: gate 2026-09-14T23:23:43.540527027Z, deadline 2026-09-14T23:24:43.540527027Z
      race event 611: gate 2026-09-14T23:23:43.727318754Z, deadline 2026-09-14T23:24:43.727318754Z
      race event 612: gate 2026-09-14T23:23:43.832802661Z, deadline 2026-09-14T23:24:43.832802661Z
      race event 613: gate 2026-09-14T23:23:44.020254804Z, deadline 2026-09-14T23:24:44.020254804Z
      race event 614: gate 2026-09-14T23:23:44.131114651Z, deadline 2026-09-14T23:24:44.131114651Z
      race event 615: gate 2026-09-14T23:23:44.305075613Z, deadline 2026-09-14T23:24:44.305075613Z
      race event 616: gate 2026-09-14T23:23:44.421661315Z, deadline 2026-09-14T23:24:44.421661315Z
      race event 617: gate 2026-09-14T23:23:44.5378092Z, deadline 2026-09-14T23:24:44.5378092Z
      race event 618: gate 2026-09-14T23:23:44.702344733Z, deadline 2026-09-14T23:24:44.702344733Z
      race event 619: gate 2026-09-14T23:23:44.826456751Z, deadline 2026-09-14T23:24:44.826456751Z
      race event 620: gate 2026-09-14T23:23:45.000890163Z, deadline 2026-09-14T23:24:45.000890163Z
    race    100 seats x20       765.3 seats/s  conflicts/hold=3.05 reads/hold=5.70  hold p50=3.53ms p99=67.50ms  deferred 87/87 ok  confirm retries sold/run=0/0  errors=0  ok
      audit: consistent (20 events, 2000 tickets; rejections late=0 boundary=0)
      race event 621: gate 2026-09-14T23:23:45.223772564Z, deadline 2026-09-14T23:24:45.223772564Z
      race event 622: gate 2026-09-14T23:23:46.025241704Z, deadline 2026-09-14T23:24:46.025241704Z
      race event 623: gate 2026-09-14T23:23:46.922373279Z, deadline 2026-09-14T23:24:46.922373279Z
      race event 624: gate 2026-09-14T23:23:47.720753117Z, deadline 2026-09-14T23:24:47.720753117Z
      race event 625: gate 2026-09-14T23:23:48.500282723Z, deadline 2026-09-14T23:24:48.500282723Z
    race   1000 seats x5       1260.1 seats/s  conflicts/hold=1.44 reads/hold=4.16  hold p50=3.43ms p99=78.99ms  deferred 245/245 ok  confirm retries sold/run=0/0  errors=0  ok
      audit: consistent (5 events, 5000 tickets; rejections late=0 boundary=0)
      race event 626: gate 2026-09-14T23:23:49.475095402Z, deadline 2026-09-14T23:24:49.475095402Z
      race event 627: gate 2026-09-14T23:24:08.812829121Z, deadline 2026-09-14T23:25:08.812829121Z
    race  10000 seats x2        646.9 seats/s  conflicts/hold=0.40 reads/hold=3.81  hold p50=5.85ms p99=92.64ms  deferred 852/852 ok  confirm retries sold/run=0/0  errors=0  ok
      audit: consistent (2 events, 20000 tickets; rejections late=0 boundary=0)
      race event 628: gate 2026-09-14T23:24:24.507700645Z, deadline 2026-09-14T23:25:24.507700645Z
    race 100000 seats x1        303.2 seats/s  conflicts/hold=0.11 reads/hold=1.27  hold p50=22.04ms p99=179.21ms  deferred 729/729 ok  confirm retries sold/run=0/0  errors=0  ok, 1 timed out (18% sold)
      audit: consistent (1 events, 18219 tickets; rejections late=0 boundary=0)
  lifecycle trial 1/1 (32 buyers per event, one human minute = 50ms, fresh load):
    lifecycle    10 seats x6       3.0 confirmed seats/s  holds=57 abandoned=7+5 expired@check=9 rejected late/boundary/early(transient)=0/0/0(0)  confirm retries sold/run=0/0  outage unavailable=0/0  leaked=0 errors=0  ok
      audit: consistent (6 events, 60 tickets; rejections late=0 boundary=0)
    lifecycle   100 seats x6      18.1 confirmed seats/s  holds=443 abandoned=69+50 expired@check=8 rejected late/boundary/early(transient)=5/0/0(0)  confirm retries sold/run=0/0  outage unavailable=0/0  leaked=0 errors=0  ok
      audit: consistent (6 events, 600 tickets; rejections late=5 boundary=0)
    lifecycle  1000 seats x6      70.5 confirmed seats/s  holds=3464 abandoned=514+350 expired@check=106 rejected late/boundary/early(transient)=35/0/0(0)  confirm retries sold/run=0/0  outage unavailable=0/3  leaked=0 errors=0  ok
      audit: consistent (6 events, 5790 tickets; rejections late=35 boundary=0)
  wrote /results/s1_conditional_update.json
