  engine: PostgreSQL 17.11 (Debian 17.11-1.pgdg13+2) on x86_64-pc-linux-gnu, compiled by gcc (Debian 14.2.0-19) 14.2.0, 64-bit
  dataset: 10 bands, 90 events, 26100 seats, 6880 sold at load
  loading x1_cas_ledger ...
  loaded in 0.2s (copy 0.1s, index 0.1s)
  verifying answers against ground truth ...
    46/46 checks passed; audit on load: consistent (90 events, 6880 seats sold)
    ledger audit on load: consistent (26100 seats checked)
  capturing plans ...
  write benchmark (fresh load per op):
    cancel                                    0.0 ops/s  p50=  0.000ms p99=   0.000ms  rejected=0 retries=0 errors=0  WARNING: pool exhausted
      audit after cancel: consistent (90 events, 0 seats sold)
      ledger audit after cancel: consistent (26100 seats checked)
      report check r01_event_sales_window@write:cancel event 51 (booked=0, cancelled=5887): ok
      report check r05_refunds_window@write:cancel every event (harness cancelled=6880, tolerance=0): ok
  churn trial 1/1 (32 buyers per event, fresh load):
    churn      10 seats x10       691.2 sold/s  p50=  2.775ms p99=  20.607ms  attempts/sale=3.66 errors=0  editor p99=6.35ms  ok
      audit: consistent (90 events, 6980 seats sold)
      ledger audit: INCONSISTENT — 0 net mismatches, 3 attribution problems (of 26100 seats checked)
    churn     100 seats x2       3755.3 sold/s  p50=  2.878ms p99=  13.314ms  attempts/sale=2.00 errors=0  editor p99=2.14ms  ok
      audit: consistent (90 events, 7180 seats sold)
      ledger audit: INCONSISTENT — 0 net mismatches, 3 attribution problems (of 26100 seats checked)
    churn    1000 seats x1       4022.1 sold/s  p50=  2.752ms p99=  64.455ms  attempts/sale=1.23 errors=0  editor p99=17.80ms  ok
      audit: consistent (90 events, 8180 seats sold)
      ledger audit: INCONSISTENT — 0 net mismatches, 12 attribution problems (of 26100 seats checked)
      report check r01_event_sales_window@churn#1 event 90 (booked=1114, cancelled=114): ok
      report check r05_refunds_window@churn#1     every event (harness cancelled=162, tolerance=0): ok
  wrote /results/step4-post-repair.json
