  engine: PostgreSQL 17.11 (Debian 17.11-1.pgdg13+2) on x86_64-pc-linux-gnu, compiled by gcc (Debian 14.2.0-19) 14.2.0, 64-bit
  dataset: 10 bands, 90 events, 26100 seats, 6880 sold at load
  loading x1_cas_ledger ...
  loaded in 0.2s (copy 0.1s, index 0.0s)
  verifying answers against ground truth ...
    46/46 checks passed; audit on load: consistent (90 events, 6880 seats sold)
    ledger audit on load: consistent (26100 seats checked)
  write benchmark (fresh load per op):
    cancel                                    0.0 ops/s  p50=  0.000ms p99=   0.000ms  rejected=0 retries=0 errors=0  WARNING: pool exhausted
      audit after cancel: consistent (90 events, 6880 seats sold)
      ledger audit after cancel: consistent (26100 seats checked)
  churn trial 1/1 (32 buyers per event, fresh load):
    churn      10 seats x10      1691.3 sold/s  p50=  2.837ms p99=  18.941ms  attempts/sale=3.61 errors=6  editor p99=13.83ms  ok
      audit: consistent (90 events, 6980 seats sold)
      ledger audit: consistent (26100 seats checked)
    churn     100 seats x2       4952.8 sold/s  p50=  2.746ms p99=  11.447ms  attempts/sale=1.97 errors=28  editor p99=2.05ms  ok
      audit: consistent (90 events, 7180 seats sold)
      ledger audit: consistent (26100 seats checked)
    churn    1000 seats x1       4490.2 sold/s  p50=  2.850ms p99=  62.243ms  attempts/sale=1.25 errors=93  editor p99=21.23ms  ok
      audit: consistent (90 events, 8180 seats sold)
      ledger audit: consistent (26100 seats checked)
