  engine: PostgreSQL 17.11 (Debian 17.11-1.pgdg13+2) on x86_64-pc-linux-gnu, compiled by gcc (Debian 14.2.0-19) 14.2.0, 64-bit
  dataset: 10 bands, 90 events, 26100 seats, 6880 sold at load
  loading x1_cas_ledger ...
  loaded in 0.1s (copy 0.1s, index 0.0s)
  verifying answers against ground truth ...
    46/46 checks passed; audit on load: consistent (90 events, 6880 seats sold)
    ledger audit on load: consistent (26100 seats checked)
  write benchmark (fresh load per op):
    cancel                                    0.0 ops/s  p50=  0.000ms p99=   0.000ms  rejected=0 retries=0 errors=0  WARNING: pool exhausted
      audit after cancel: consistent (90 events, 0 seats sold)
      ledger audit after cancel: consistent (26100 seats checked)
  churn trial 1/1 (32 buyers per event, fresh load):
    churn      10 seats x10      1064.1 sold/s  p50=  2.558ms p99=  22.692ms  attempts/sale=3.88 errors=0  editor p99=20.19ms  ok
      audit: consistent (90 events, 6980 seats sold)
      ledger audit: INCONSISTENT — 0 net mismatches, 3 attribution problems (of 26100 seats checked)
    churn     100 seats x2       4554.5 sold/s  p50=  2.582ms p99=  10.448ms  attempts/sale=1.86 errors=0  editor p99=1.92ms  ok
      audit: consistent (90 events, 7180 seats sold)
      ledger audit: INCONSISTENT — 0 net mismatches, 6 attribution problems (of 26100 seats checked)
    churn    1000 seats x1       4335.1 sold/s  p50=  2.659ms p99=  63.209ms  attempts/sale=1.26 errors=0  editor p99=46.12ms  ok
      audit: consistent (90 events, 8180 seats sold)
      ledger audit: INCONSISTENT — 0 net mismatches, 6 attribution problems (of 26100 seats checked)
  wrote /results/step3-fixed.json
