  engine: PostgreSQL 15.12-YB-2025.2.6.0-b0 on x86_64-pc-linux-gnu, compiled by clang version 19.1.0 (https://github.com/yugabyte/llvm-project.git a2a6b655e14e7fa1fcf1011a6cb29cb8575249c0), 64-bit
  effective isolation for READ COMMITTED requests: read committed
  database clock minus client clock: 0.022 ms
  dataset: 5 venues, 84 events, 5741 tickets and 165 holds at load
  loading s1_conditional_update ...
  loaded in 24.9s (copy 8.7s, index 10.5s)
  verifying answers against ground truth ...
    51/51 checks passed (margin 580s); audit on load: consistent (84 events, 5741 tickets; rejections late=0 boundary=0)
  capturing plans ...
  race trial 1/8 (32 buyers per event, fresh load):
      race event 77: gate 2026-09-14T16:47:42.102999171Z, deadline 2026-09-14T16:48:02.102999171Z
    race  10000 seats x1         19.0 seats/s  conflicts/hold=0.19 reads/hold=1.19  hold p50=280.72ms p99=3273.45ms  deferred 18/18 ok  errors=0  ok, 1 timed out (4% sold)
      audit: consistent (1 events, 394 tickets; rejections late=0 boundary=0)
  race trial 2/8 (32 buyers per event, fresh load):
      race event 77: gate 2026-09-14T16:48:27.712674891Z, deadline 2026-09-14T16:48:47.712674891Z
    race  10000 seats x1         34.3 seats/s  conflicts/hold=0.34 reads/hold=1.34  hold p50=210.12ms p99=627.24ms  deferred 36/36 ok  errors=0  VIOLATIONS, 1 timed out (7% sold)
      audit: VIOLATIONS — thefts 0, grants on sold seats 0, double sales 0, sales without the hold 0, late sales 0, early rejections 1, duplicate seats 0, inventory drift 0, invalid seats 0, partial holds 0, ticket mismatches 0
  race trial 3/8 (32 buyers per event, fresh load):
      race event 77: gate 2026-09-14T16:49:16.159063997Z, deadline 2026-09-14T16:49:36.159063997Z
    race  10000 seats x1         31.6 seats/s  conflicts/hold=0.31 reads/hold=1.31  hold p50=299.00ms p99=708.78ms  deferred 34/34 ok  errors=0  ok, 1 timed out (6% sold)
      audit: consistent (1 events, 644 tickets; rejections late=0 boundary=0)
  race trial 4/8 (32 buyers per event, fresh load):
      race event 77: gate 2026-09-14T16:49:58.934181514Z, deadline 2026-09-14T16:50:18.934181514Z
    race  10000 seats x1         23.9 seats/s  conflicts/hold=0.41 reads/hold=1.41  hold p50=295.89ms p99=788.63ms  deferred 32/32 ok  errors=0  ok, 1 timed out (5% sold)
      audit: consistent (1 events, 496 tickets; rejections late=0 boundary=0)
  race trial 5/8 (32 buyers per event, fresh load):
      race event 77: gate 2026-09-14T16:50:42.462162893Z, deadline 2026-09-14T16:51:02.462162893Z
    race  10000 seats x1         24.6 seats/s  conflicts/hold=0.28 reads/hold=1.28  hold p50=299.41ms p99=710.14ms  deferred 25/25 ok  errors=0  ok, 1 timed out (5% sold)
      audit: consistent (1 events, 508 tickets; rejections late=0 boundary=0)
  race trial 6/8 (32 buyers per event, fresh load):
      race event 77: gate 2026-09-14T16:51:27.54893305Z, deadline 2026-09-14T16:51:47.54893305Z
    race  10000 seats x1         36.8 seats/s  conflicts/hold=0.28 reads/hold=1.28  hold p50=194.52ms p99=704.95ms  deferred 43/43 ok  errors=0  ok, 1 timed out (8% sold)
      audit: consistent (1 events, 758 tickets; rejections late=0 boundary=0)
  race trial 7/8 (32 buyers per event, fresh load):
      race event 77: gate 2026-09-14T16:52:12.392438372Z, deadline 2026-09-14T16:52:32.392438372Z
    race  10000 seats x1         28.5 seats/s  conflicts/hold=0.43 reads/hold=1.43  hold p50=293.49ms p99=705.21ms  deferred 36/36 ok  errors=0  VIOLATIONS, 1 timed out (6% sold)
      audit: VIOLATIONS — thefts 0, grants on sold seats 0, double sales 0, sales without the hold 0, late sales 0, early rejections 1, duplicate seats 0, inventory drift 0, invalid seats 0, partial holds 0, ticket mismatches 0
  race trial 8/8 (32 buyers per event, fresh load):
      race event 77: gate 2026-09-14T16:52:54.459640594Z, deadline 2026-09-14T16:53:14.459640594Z
    race  10000 seats x1         29.1 seats/s  conflicts/hold=0.35 reads/hold=1.35  hold p50=295.76ms p99=701.98ms  deferred 35/35 ok  errors=0  ok, 1 timed out (6% sold)
      audit: consistent (1 events, 601 tickets; rejections late=0 boundary=0)
  wrote /results/s1_conditional_update.json
