  engine: PostgreSQL 17.11 (Debian 17.11-1.pgdg13+2) on x86_64-pc-linux-gnu, compiled by gcc (Debian 14.2.0-19) 14.2.0, 64-bit
  dataset: 10 bands, 90 events, 26100 seats, 6880 sold at load
  loading x1_cas_ledger ...
  loaded in 0.1s (copy 0.1s, index 0.0s)
  verifying answers against ground truth ...
    46/46 checks passed; audit on load: consistent (90 events, 6880 seats sold)
    ledger audit on load: consistent (26100 seats checked)
  capturing plans ...
  read benchmark:
    q01_event_availability@10             22873.2 ops/s  p50=  0.158ms p99=   0.806ms  errors=0
    q01_event_availability@100            23318.7 ops/s  p50=  0.155ms p99=   0.597ms  errors=0
    q01_event_availability@1000           14963.4 ops/s  p50=  0.201ms p99=   1.168ms  errors=0
    q01_event_availability@10000           5830.4 ops/s  p50=  0.406ms p99=  64.474ms  errors=0
    q02_band_events                       10979.9 ops/s  p50=  0.182ms p99=   1.554ms  errors=0
    q03_customer_tickets                  35910.1 ops/s  p50=  0.130ms p99=   0.771ms  errors=0
    q04_ticket_by_id                      38947.3 ops/s  p50=  0.129ms p99=   0.535ms  errors=0
    q05_band_tickets_sold                  4593.5 ops/s  p50=  0.338ms p99=  63.826ms  errors=0
  operational reports:
    r01_event_sales_window@trailing             29809.2 ops/s  p50=  0.152ms p99=   0.751ms  errors=0
    r01_event_sales_window@historical           27092.3 ops/s  p50=  0.169ms p99=   1.336ms  errors=0
    r02_event_recent_buyers                     10893.8 ops/s  p50=  0.262ms p99=   2.157ms  errors=0
    r03_customers_last_purchase_window@trailing     1681.6 ops/s  p50=  1.157ms p99=  75.246ms  errors=0
    r03_customers_last_purchase_window@historical     1807.1 ops/s  p50=  1.095ms p99=  74.989ms  errors=0
    r04_band_sellthrough                         4920.0 ops/s  p50=  0.235ms p99=  67.187ms  errors=0
    r05_refunds_window@trailing                 30741.1 ops/s  p50=  0.172ms p99=   0.834ms  errors=0
    r05_refunds_window@historical               34806.7 ops/s  p50=  0.138ms p99=   0.547ms  errors=0
  write benchmark (fresh load per op):
    book                                   1572.2 ops/s  p50=  1.428ms p99=  29.604ms  rejected=412 retries=1431 errors=0
      audit after book: consistent (90 events, 13156 seats sold)
      ledger audit after book: consistent (26100 seats checked)
    cancel                                    0.0 ops/s  p50=  0.000ms p99=   0.000ms  rejected=0 retries=0 errors=0  WARNING: pool exhausted
      audit after cancel: consistent (90 events, 0 seats sold)
      ledger audit after cancel: consistent (26100 seats checked)
      report check r01_event_sales_window@write:cancel event 51 (booked=0, cancelled=5887): ok
      report check r05_refunds_window@write:cancel every event (harness cancelled=6880, tolerance=0): ok
  race trial 1/2 (32 buyers per event, fresh load):
    race       10 seats x20      2071.2 sold/s  p50=  2.888ms p99=   8.875ms  attempts/sale=3.81 errors=0  editor p99=7.02ms  ok
      audit: consistent (90 events, 7080 seats sold)
      ledger audit: consistent (26100 seats checked)
    race      100 seats x4       6172.4 sold/s  p50=  2.646ms p99=   9.051ms  attempts/sale=1.81 errors=0  editor p99=3.16ms  ok
      audit: consistent (90 events, 7480 seats sold)
      ledger audit: consistent (26100 seats checked)
    race     1000 seats x1       5746.7 sold/s  p50=  2.464ms p99=  50.050ms  attempts/sale=1.24 errors=0  editor p99=20.04ms  ok
      audit: consistent (90 events, 8480 seats sold)
      ledger audit: consistent (26100 seats checked)
    race    10000 seats x1       4872.4 sold/s  p50=  2.514ms p99=  62.456ms  attempts/sale=1.10 errors=0  editor p99=50.32ms  ok
      audit: consistent (90 events, 18480 seats sold)
      ledger audit: consistent (26100 seats checked)
  churn trial 1/2 (32 buyers per event, fresh load):
    churn      10 seats x10      1182.7 sold/s  p50=  2.836ms p99=   8.211ms  attempts/sale=4.07 errors=0  editor p99=3.47ms  ok
      audit: consistent (90 events, 6980 seats sold)
      ledger audit: consistent (26100 seats checked)
    churn     100 seats x2       4208.3 sold/s  p50=  2.788ms p99=  11.571ms  attempts/sale=1.85 errors=0  editor p99=2.61ms  ok
      audit: consistent (90 events, 7180 seats sold)
      ledger audit: consistent (26100 seats checked)
    churn    1000 seats x1       4353.0 sold/s  p50=  2.444ms p99=  61.021ms  attempts/sale=1.22 errors=0  editor p99=48.42ms  ok
      audit: consistent (90 events, 8180 seats sold)
      ledger audit: consistent (26100 seats checked)
      report check r01_event_sales_window@churn#1 event 90 (booked=1125, cancelled=125): ok
      report check r05_refunds_window@churn#1     every event (harness cancelled=171, tolerance=0): ok
  race trial 2/2 (32 buyers per event, fresh load):
    race       10 seats x20      2779.0 sold/s  p50=  2.481ms p99=   4.496ms  attempts/sale=3.81 errors=0  editor p99=2.96ms  ok
      audit: consistent (90 events, 7080 seats sold)
      ledger audit: consistent (26100 seats checked)
    race      100 seats x4       6677.8 sold/s  p50=  2.326ms p99=   9.439ms  attempts/sale=1.85 errors=0  editor p99=2.28ms  ok
      audit: consistent (90 events, 7480 seats sold)
      ledger audit: consistent (26100 seats checked)
    race     1000 seats x1       5262.1 sold/s  p50=  2.290ms p99=  59.189ms  attempts/sale=1.24 errors=0  editor p99=39.76ms  ok
      audit: consistent (90 events, 8480 seats sold)
      ledger audit: consistent (26100 seats checked)
    race    10000 seats x1       4625.9 sold/s  p50=  2.729ms p99=  61.626ms  attempts/sale=1.08 errors=0  editor p99=52.93ms  ok
      audit: consistent (90 events, 18480 seats sold)
      ledger audit: consistent (26100 seats checked)
  churn trial 2/2 (32 buyers per event, fresh load):
    churn      10 seats x10      1390.7 sold/s  p50=  2.538ms p99=   7.634ms  attempts/sale=3.88 errors=0  editor p99=3.74ms  ok
      audit: consistent (90 events, 6980 seats sold)
      ledger audit: consistent (26100 seats checked)
    churn     100 seats x2       5518.6 sold/s  p50=  3.003ms p99=   9.325ms  attempts/sale=1.84 errors=0  editor p99=1.95ms  ok
      audit: consistent (90 events, 7180 seats sold)
      ledger audit: consistent (26100 seats checked)
    churn    1000 seats x1       4820.8 sold/s  p50=  2.879ms p99=  55.833ms  attempts/sale=1.25 errors=0  editor p99=33.88ms  ok
      audit: consistent (90 events, 8180 seats sold)
      ledger audit: consistent (26100 seats checked)
      report check r01_event_sales_window@churn#2 event 90 (booked=1085, cancelled=85): ok
      report check r05_refunds_window@churn#2     every event (harness cancelled=105, tolerance=0): ok
  wrote /results/full.json
