  engine: PostgreSQL 17.11 (Debian 17.11-1.pgdg13+2) on x86_64-pc-linux-gnu, compiled by gcc (Debian 14.2.0-19) 14.2.0, 64-bit
  dataset: 10 bands, 90 events, 26100 seats, 6880 sold at load
  loading x1_cas_ledger ...
  loaded in 0.2s (copy 0.1s, index 0.0s)
  verifying answers against ground truth ...
    46/46 checks passed; audit on load: consistent (90 events, 6880 seats sold)
    ledger audit on load: consistent (26100 seats checked)
  churn trial 1/1 (64 buyers per event, fresh load):
    churn      10 seats x10       280.1 sold/s  p50=  4.627ms p99= 102.100ms  attempts/sale=5.80 errors=0  editor p99=17.22ms  ok
      audit: consistent (90 events, 6980 seats sold)
      ledger audit: consistent (26100 seats checked)
    churn     100 seats x2       1307.3 sold/s  p50=  7.725ms p99=  99.685ms  attempts/sale=2.45 errors=0  editor p99=20.68ms  ok
      audit: consistent (90 events, 7180 seats sold)
      ledger audit: consistent (26100 seats checked)
    churn    1000 seats x1       1927.9 sold/s  p50=  7.480ms p99=  96.254ms  attempts/sale=1.35 errors=0  editor p99=65.18ms  ok
      audit: consistent (90 events, 8180 seats sold)
      ledger audit: consistent (26100 seats checked)
      report check r01_event_sales_window@churn#1 event 90 (booked=1967, cancelled=967): ok
      report check r05_refunds_window@churn#1     every event (harness cancelled=1248, tolerance=0): ok
  wrote /results/hc1.json
