  engine: PostgreSQL 17.11 (Debian 17.11-1.pgdg13+2) on x86_64-pc-linux-gnu, compiled by gcc (Debian 14.2.0-19) 14.2.0, 64-bit
  dataset: 10 bands, 90 events, 26100 seats, 6880 sold at load
  loading x1_cas_ledger ...
  loaded in 0.2s (copy 0.1s, index 0.1s)
  verifying answers against ground truth ...
    46/46 checks passed; audit on load: consistent (90 events, 6880 seats sold)
    ledger audit on load: consistent (26100 seats checked)
  churn trial 1/1 (64 buyers per event, fresh load):
    churn      10 seats x10       379.8 sold/s  p50=  4.232ms p99= 111.915ms  attempts/sale=5.62 errors=0  editor p99=47.11ms  ok
      audit: consistent (90 events, 6980 seats sold)
      ledger audit: consistent (26100 seats checked)
    churn     100 seats x2       1336.6 sold/s  p50=  7.161ms p99=  95.264ms  attempts/sale=2.47 errors=0  editor p99=53.84ms  ok
      audit: consistent (90 events, 7180 seats sold)
      ledger audit: consistent (26100 seats checked)
    churn    1000 seats x1       2389.3 sold/s  p50=  5.891ms p99=  83.151ms  attempts/sale=1.28 errors=0  editor p99=64.55ms  ok
      audit: consistent (90 events, 8180 seats sold)
      ledger audit: consistent (26100 seats checked)
      report check r01_event_sales_window@churn#1 event 90 (booked=2046, cancelled=1046): ok
      report check r05_refunds_window@churn#1     every event (harness cancelled=1414, tolerance=0): ok
  wrote /results/hc2.json
