The files belonging to this database system will be owned by user "postgres".
This user must also own the server process.

The database cluster will be initialized with locale "en_US.utf8".
The default database encoding has accordingly been set to "UTF8".
The default text search configuration will be set to "english".

Data page checksums are disabled.

fixing permissions on existing directory /var/lib/postgresql/data/pgdata ... ok
creating subdirectories ... ok
selecting dynamic shared memory implementation ... posix
initdb: warning: enabling "trust" authentication for local connections
selecting default "max_connections" ... 100
initdb: hint: You can change this by editing pg_hba.conf or using the option -A, or --auth-local and --auth-host, the next time you run initdb.
2026-09-21 15:49:41.598 UTC [1] LOG:  starting PostgreSQL 17.11 (Debian 17.11-1.pgdg13+2) on x86_64-pc-linux-gnu, compiled by gcc (Debian 14.2.0-19) 14.2.0, 64-bit
selecting default "shared_buffers" ... 128MB
selecting default time zone ... Etc/UTC
2026-09-21 15:49:41.599 UTC [1] LOG:  listening on IPv4 address "0.0.0.0", port 5432
2026-09-21 15:49:41.599 UTC [1] LOG:  listening on IPv6 address "::", port 5432
creating configuration files ... ok
2026-09-21 15:49:41.610 UTC [1] LOG:  listening on Unix socket "/var/run/postgresql/.s.PGSQL.5432"
running bootstrap script ... ok
2026-09-21 15:49:41.620 UTC [63] LOG:  database system was shut down at 2026-09-21 15:49:41 UTC
performing post-bootstrap initialization ... ok
2026-09-21 15:49:41.651 UTC [1] LOG:  database system is ready to accept connections
syncing data to disk ... ok

2026-09-21 15:50:21.536 UTC [80] ERROR:  duplicate key value violates unique constraint "donation_pkey"

2026-09-21 15:50:21.536 UTC [80] DETAIL:  Key (donation_id)=(23699) already exists.
Success. You can now start the database server using:

    pg_ctl -D /var/lib/postgresql/data/pgdata -l logfile start
2026-09-21 15:50:21.536 UTC [80] STATEMENT:  INSERT INTO donation (donation_id, person_id, charity_id, amount_cents, currency, donated_at, note)

	VALUES ($1, $2, $3, $4, $5, $6, $7)
waiting for server to start....2026-09-21 15:49:40.853 UTC [47] LOG:  starting PostgreSQL 17.11 (Debian 17.11-1.pgdg13+2) on x86_64-pc-linux-gnu, compiled by gcc (Debian 14.2.0-19) 14.2.0, 64-bit
2026-09-21 15:49:40.860 UTC [47] LOG:  listening on Unix socket "/var/run/postgresql/.s.PGSQL.5432"
2026-09-21 15:49:40.874 UTC [50] LOG:  database system was shut down at 2026-09-21 15:49:39 UTC
2026-09-21 15:49:40.929 UTC [47] LOG:  database system is ready to accept connections
 done
server started
CREATE DATABASE


/usr/local/bin/docker-entrypoint.sh: ignoring /docker-entrypoint-initdb.d/*

waiting for server to shut down....2026-09-21 15:49:41.198 UTC [47] LOG:  received fast shutdown request
2026-09-21 15:49:41.203 UTC [47] LOG:  aborting any active transactions
2026-09-21 15:49:41.206 UTC [47] LOG:  background worker "logical replication launcher" (PID 53) exited with exit code 1
2026-09-21 15:49:41.206 UTC [48] LOG:  shutting down
2026-09-21 15:49:41.230 UTC [48] LOG:  checkpoint starting: shutdown immediate
2026-09-21 15:49:41.456 UTC [48] LOG:  checkpoint complete: wrote 925 buffers (0.9%); 0 WAL file(s) added, 0 removed, 0 recycled; write=0.039 s, sync=0.154 s, total=0.250 s; sync files=301, longest=0.004 s, average=0.001 s; distance=4256 kB, estimate=4256 kB; lsn=0/19179D8, redo lsn=0/19179D8
2026-09-21 15:49:41.474 UTC [47] LOG:  database system is shut down
 done
server stopped

PostgreSQL init process complete; ready for start up.

