  engine: PostgreSQL 15.12-YB-2025.2.6.0-b0 on x86_64-pc-linux-gnu, compiled by clang version 19.1.0 (https://github.com/yugabyte/llvm-project.git a2a6b655e14e7fa1fcf1011a6cb29cb8575249c0), 64-bit
  effective isolation for READ COMMITTED requests: read committed
  database clock minus client clock: 0.003 ms
  dataset: 5 venues, 658 events, 56103 tickets and 2217 holds at load
  loading l2_section_document ...
  loaded in 22.0s (copy 1.5s, index 12.6s)
  verifying answers against ground truth ...
    58/58 checks passed (margin 584s); audit on load: consistent (658 events, 56103 tickets; rejections late=0 boundary=0)
  race trial 1/1 (32 buyers per event, fresh load):
      race event 501: gate 2026-09-16T00:13:18.43337921Z, deadline 2026-09-16T00:14:18.43337921Z
      race event 502: gate 2026-09-16T00:13:19.703771567Z, deadline 2026-09-16T00:14:19.703771567Z
      race event 503: gate 2026-09-16T00:13:20.164042903Z, deadline 2026-09-16T00:14:20.164042903Z
      race event 504: gate 2026-09-16T00:13:20.732460157Z, deadline 2026-09-16T00:14:20.732460157Z
      race event 505: gate 2026-09-16T00:13:21.448583972Z, deadline 2026-09-16T00:14:21.448583972Z
      race event 506: gate 2026-09-16T00:13:22.066144564Z, deadline 2026-09-16T00:14:22.066144564Z
      race event 507: gate 2026-09-16T00:13:22.591292042Z, deadline 2026-09-16T00:14:22.591292042Z
      race event 508: gate 2026-09-16T00:13:23.017320009Z, deadline 2026-09-16T00:14:23.017320009Z
      race event 509: gate 2026-09-16T00:13:23.56322178Z, deadline 2026-09-16T00:14:23.56322178Z
      race event 510: gate 2026-09-16T00:13:23.981801642Z, deadline 2026-09-16T00:14:23.981801642Z
      race event 511: gate 2026-09-16T00:13:24.510325506Z, deadline 2026-09-16T00:14:24.510325506Z
      race event 512: gate 2026-09-16T00:13:25.299672202Z, deadline 2026-09-16T00:14:25.299672202Z
      race event 513: gate 2026-09-16T00:13:25.77241608Z, deadline 2026-09-16T00:14:25.77241608Z
      race event 514: gate 2026-09-16T00:13:26.49665199Z, deadline 2026-09-16T00:14:26.49665199Z
      race event 515: gate 2026-09-16T00:13:27.121915251Z, deadline 2026-09-16T00:14:27.121915251Z
      race event 516: gate 2026-09-16T00:13:27.470758529Z, deadline 2026-09-16T00:14:27.470758529Z
      race event 517: gate 2026-09-16T00:13:27.986567258Z, deadline 2026-09-16T00:14:27.986567258Z
      race event 518: gate 2026-09-16T00:13:28.520745548Z, deadline 2026-09-16T00:14:28.520745548Z
      race event 519: gate 2026-09-16T00:13:29.45855138Z, deadline 2026-09-16T00:14:29.45855138Z
      race event 520: gate 2026-09-16T00:13:30.037751392Z, deadline 2026-09-16T00:14:30.037751392Z
      race event 521: gate 2026-09-16T00:13:30.405180679Z, deadline 2026-09-16T00:14:30.405180679Z
      race event 522: gate 2026-09-16T00:13:30.866077411Z, deadline 2026-09-16T00:14:30.866077411Z
      race event 523: gate 2026-09-16T00:13:31.298265238Z, deadline 2026-09-16T00:14:31.298265238Z
      race event 524: gate 2026-09-16T00:13:31.695394547Z, deadline 2026-09-16T00:14:31.695394547Z
      race event 525: gate 2026-09-16T00:13:32.049084462Z, deadline 2026-09-16T00:14:32.049084462Z
      race event 526: gate 2026-09-16T00:13:32.576974182Z, deadline 2026-09-16T00:14:32.576974182Z
      race event 527: gate 2026-09-16T00:13:32.938123236Z, deadline 2026-09-16T00:14:32.938123236Z
      race event 528: gate 2026-09-16T00:13:33.520087425Z, deadline 2026-09-16T00:14:33.520087425Z
      race event 529: gate 2026-09-16T00:13:33.983603309Z, deadline 2026-09-16T00:14:33.983603309Z
      race event 530: gate 2026-09-16T00:13:34.442006938Z, deadline 2026-09-16T00:14:34.442006938Z
      race event 531: gate 2026-09-16T00:13:34.682070518Z, deadline 2026-09-16T00:14:34.682070518Z
      race event 532: gate 2026-09-16T00:13:35.120645062Z, deadline 2026-09-16T00:14:35.120645062Z
      race event 533: gate 2026-09-16T00:13:35.499619512Z, deadline 2026-09-16T00:14:35.499619512Z
      race event 534: gate 2026-09-16T00:13:36.123894436Z, deadline 2026-09-16T00:14:36.123894436Z
      race event 535: gate 2026-09-16T00:13:36.687896397Z, deadline 2026-09-16T00:14:36.687896397Z
      race event 536: gate 2026-09-16T00:13:37.304463374Z, deadline 2026-09-16T00:14:37.304463374Z
      race event 537: gate 2026-09-16T00:13:37.644541993Z, deadline 2026-09-16T00:14:37.644541993Z
      race event 538: gate 2026-09-16T00:13:38.138388021Z, deadline 2026-09-16T00:14:38.138388021Z
      race event 539: gate 2026-09-16T00:13:38.567497576Z, deadline 2026-09-16T00:14:38.567497576Z
      race event 540: gate 2026-09-16T00:13:38.813136408Z, deadline 2026-09-16T00:14:38.813136408Z
      race event 541: gate 2026-09-16T00:13:39.166352412Z, deadline 2026-09-16T00:14:39.166352412Z
      race event 542: gate 2026-09-16T00:13:39.565959466Z, deadline 2026-09-16T00:14:39.565959466Z
      race event 543: gate 2026-09-16T00:13:39.826389966Z, deadline 2026-09-16T00:14:39.826389966Z
      race event 544: gate 2026-09-16T00:13:40.72318849Z, deadline 2026-09-16T00:14:40.72318849Z
      race event 545: gate 2026-09-16T00:13:41.178136197Z, deadline 2026-09-16T00:14:41.178136197Z
      race event 546: gate 2026-09-16T00:13:41.565843064Z, deadline 2026-09-16T00:14:41.565843064Z
      race event 547: gate 2026-09-16T00:13:41.828745125Z, deadline 2026-09-16T00:14:41.828745125Z
      race event 548: gate 2026-09-16T00:13:42.413236237Z, deadline 2026-09-16T00:14:42.413236237Z
      race event 549: gate 2026-09-16T00:13:42.778345983Z, deadline 2026-09-16T00:14:42.778345983Z
      race event 550: gate 2026-09-16T00:13:43.236980149Z, deadline 2026-09-16T00:14:43.236980149Z
      race event 551: gate 2026-09-16T00:13:43.68523746Z, deadline 2026-09-16T00:14:43.68523746Z
      race event 552: gate 2026-09-16T00:13:44.377519494Z, deadline 2026-09-16T00:14:44.377519494Z
      race event 553: gate 2026-09-16T00:13:44.714364834Z, deadline 2026-09-16T00:14:44.714364834Z
      race event 554: gate 2026-09-16T00:13:45.178767152Z, deadline 2026-09-16T00:14:45.178767152Z
      race event 555: gate 2026-09-16T00:13:46.093615317Z, deadline 2026-09-16T00:14:46.093615317Z
      race event 556: gate 2026-09-16T00:13:46.552509904Z, deadline 2026-09-16T00:14:46.552509904Z
      race event 557: gate 2026-09-16T00:13:46.902850872Z, deadline 2026-09-16T00:14:46.902850872Z
      race event 558: gate 2026-09-16T00:13:47.245393113Z, deadline 2026-09-16T00:14:47.245393113Z
      race event 559: gate 2026-09-16T00:13:47.537464477Z, deadline 2026-09-16T00:14:47.537464477Z
      race event 560: gate 2026-09-16T00:13:47.852309813Z, deadline 2026-09-16T00:14:47.852309813Z
      race event 561: gate 2026-09-16T00:13:48.241713708Z, deadline 2026-09-16T00:14:48.241713708Z
      race event 562: gate 2026-09-16T00:13:48.64139607Z, deadline 2026-09-16T00:14:48.64139607Z
      race event 563: gate 2026-09-16T00:13:48.987818392Z, deadline 2026-09-16T00:14:48.987818392Z
      race event 564: gate 2026-09-16T00:13:49.945872087Z, deadline 2026-09-16T00:14:49.945872087Z
      race event 565: gate 2026-09-16T00:13:50.134364262Z, deadline 2026-09-16T00:14:50.134364262Z
      race event 566: gate 2026-09-16T00:13:51.01218964Z, deadline 2026-09-16T00:14:51.01218964Z
      race event 567: gate 2026-09-16T00:13:51.440548924Z, deadline 2026-09-16T00:14:51.440548924Z
      race event 568: gate 2026-09-16T00:13:51.657013079Z, deadline 2026-09-16T00:14:51.657013079Z
      race event 569: gate 2026-09-16T00:13:52.098742719Z, deadline 2026-09-16T00:14:52.098742719Z
      race event 570: gate 2026-09-16T00:13:52.556138612Z, deadline 2026-09-16T00:14:52.556138612Z
      race event 571: gate 2026-09-16T00:13:53.218848842Z, deadline 2026-09-16T00:14:53.218848842Z
      race event 572: gate 2026-09-16T00:13:54.089298461Z, deadline 2026-09-16T00:14:54.089298461Z
      race event 573: gate 2026-09-16T00:13:54.513128012Z, deadline 2026-09-16T00:14:54.513128012Z
      race event 574: gate 2026-09-16T00:13:54.988580107Z, deadline 2026-09-16T00:14:54.988580107Z
      race event 575: gate 2026-09-16T00:13:55.24697054Z, deadline 2026-09-16T00:14:55.24697054Z
      race event 576: gate 2026-09-16T00:13:55.622768391Z, deadline 2026-09-16T00:14:55.622768391Z
      race event 577: gate 2026-09-16T00:13:55.927540359Z, deadline 2026-09-16T00:14:55.927540359Z
      race event 578: gate 2026-09-16T00:13:56.245679845Z, deadline 2026-09-16T00:14:56.245679845Z
      race event 579: gate 2026-09-16T00:13:56.484788503Z, deadline 2026-09-16T00:14:56.484788503Z
      race event 580: gate 2026-09-16T00:13:56.775045576Z, deadline 2026-09-16T00:14:56.775045576Z
      race event 581: gate 2026-09-16T00:13:57.355670983Z, deadline 2026-09-16T00:14:57.355670983Z
      race event 582: gate 2026-09-16T00:13:57.563287282Z, deadline 2026-09-16T00:14:57.563287282Z
      race event 583: gate 2026-09-16T00:13:58.063597761Z, deadline 2026-09-16T00:14:58.063597761Z
      race event 584: gate 2026-09-16T00:13:58.328915914Z, deadline 2026-09-16T00:14:58.328915914Z
      race event 585: gate 2026-09-16T00:13:58.834584707Z, deadline 2026-09-16T00:14:58.834584707Z
      race event 586: gate 2026-09-16T00:13:59.62405479Z, deadline 2026-09-16T00:14:59.62405479Z
      race event 587: gate 2026-09-16T00:14:00.020122037Z, deadline 2026-09-16T00:15:00.020122037Z
      race event 588: gate 2026-09-16T00:14:00.380137313Z, deadline 2026-09-16T00:15:00.380137313Z
      race event 589: gate 2026-09-16T00:14:00.765051467Z, deadline 2026-09-16T00:15:00.765051467Z
      race event 590: gate 2026-09-16T00:14:01.129402664Z, deadline 2026-09-16T00:15:01.129402664Z
      race event 591: gate 2026-09-16T00:14:02.523521022Z, deadline 2026-09-16T00:15:02.523521022Z
      race event 592: gate 2026-09-16T00:14:02.887032079Z, deadline 2026-09-16T00:15:02.887032079Z
      race event 593: gate 2026-09-16T00:14:03.380085572Z, deadline 2026-09-16T00:15:03.380085572Z
      race event 594: gate 2026-09-16T00:14:03.86604744Z, deadline 2026-09-16T00:15:03.86604744Z
      race event 595: gate 2026-09-16T00:14:04.380613674Z, deadline 2026-09-16T00:15:04.380613674Z
      race event 596: gate 2026-09-16T00:14:04.645865354Z, deadline 2026-09-16T00:15:04.645865354Z
      race event 597: gate 2026-09-16T00:14:05.048889589Z, deadline 2026-09-16T00:15:05.048889589Z
      race event 598: gate 2026-09-16T00:14:05.561731062Z, deadline 2026-09-16T00:15:05.561731062Z
      race event 599: gate 2026-09-16T00:14:05.977048402Z, deadline 2026-09-16T00:15:05.977048402Z
      race event 600: gate 2026-09-16T00:14:06.337176671Z, deadline 2026-09-16T00:15:06.337176671Z
    race     10 seats x100       27.3 seats/s  conflicts/hold=17.04 reads/hold=29.06  hold p50=47.21ms p99=497.30ms  deferred 62/62 ok  confirm retries sold/run=0/0  errors=0  ok
      audit: consistent (100 events, 1000 tickets; rejections late=0 boundary=0)
      race event 601: gate 2026-09-16T00:14:07.43834749Z, deadline 2026-09-16T00:15:07.43834749Z
      race event 602: gate 2026-09-16T00:14:09.926260674Z, deadline 2026-09-16T00:15:09.926260674Z
      race event 603: gate 2026-09-16T00:14:12.326883767Z, deadline 2026-09-16T00:15:12.326883767Z
      race event 604: gate 2026-09-16T00:14:16.143847796Z, deadline 2026-09-16T00:15:16.143847796Z
      race event 605: gate 2026-09-16T00:14:19.761002822Z, deadline 2026-09-16T00:15:19.761002822Z
      race event 606: gate 2026-09-16T00:14:22.631893593Z, deadline 2026-09-16T00:15:22.631893593Z
      race event 607: gate 2026-09-16T00:14:25.298920563Z, deadline 2026-09-16T00:15:25.298920563Z
      race event 608: gate 2026-09-16T00:14:28.424666132Z, deadline 2026-09-16T00:15:28.424666132Z
      race event 609: gate 2026-09-16T00:14:31.358325708Z, deadline 2026-09-16T00:15:31.358325708Z
      race event 610: gate 2026-09-16T00:14:34.038788387Z, deadline 2026-09-16T00:15:34.038788387Z
      race event 611: gate 2026-09-16T00:14:36.9905906Z, deadline 2026-09-16T00:15:36.9905906Z
      race event 612: gate 2026-09-16T00:14:41.33712168Z, deadline 2026-09-16T00:15:41.33712168Z
      race event 613: gate 2026-09-16T00:14:44.409129973Z, deadline 2026-09-16T00:15:44.409129973Z
      race event 614: gate 2026-09-16T00:14:47.92427052Z, deadline 2026-09-16T00:15:47.92427052Z
      race event 615: gate 2026-09-16T00:14:51.398923152Z, deadline 2026-09-16T00:15:51.398923152Z
      race event 616: gate 2026-09-16T00:14:54.187933136Z, deadline 2026-09-16T00:15:54.187933136Z
      race event 617: gate 2026-09-16T00:14:57.556975782Z, deadline 2026-09-16T00:15:57.556975782Z
      race event 618: gate 2026-09-16T00:15:01.052846448Z, deadline 2026-09-16T00:16:01.052846448Z
      race event 619: gate 2026-09-16T00:15:04.644238879Z, deadline 2026-09-16T00:16:04.644238879Z
      race event 620: gate 2026-09-16T00:15:08.399536236Z, deadline 2026-09-16T00:16:08.399536236Z
    race    100 seats x20        35.0 seats/s  conflicts/hold=6.24 reads/hold=9.82  hold p50=103.30ms p99=918.97ms  deferred 91/91 ok  confirm retries sold/run=0/0  errors=0  ok
      audit: consistent (20 events, 2000 tickets; rejections late=0 boundary=0)
      race event 621: gate 2026-09-16T00:15:13.815095545Z, deadline 2026-09-16T00:16:13.815095545Z
      race event 622: gate 2026-09-16T00:15:31.814821562Z, deadline 2026-09-16T00:16:31.814821562Z
      race event 623: gate 2026-09-16T00:15:47.210041977Z, deadline 2026-09-16T00:16:47.210041977Z
      race event 624: gate 2026-09-16T00:16:04.059920425Z, deadline 2026-09-16T00:17:04.059920425Z
      race event 625: gate 2026-09-16T00:16:20.270055558Z, deadline 2026-09-16T00:17:20.270055558Z
    race   1000 seats x5         61.1 seats/s  conflicts/hold=2.22 reads/hold=4.58  hold p50=68.24ms p99=1402.99ms  deferred 212/212 ok  confirm retries sold/run=0/0  errors=0  VIOLATIONS
      audit: VIOLATIONS — thefts 0, grants on sold seats 0, double sales 0, sales without the hold 0, late sales 0, early rejections 3 (transient 3), duplicate seats 0, inventory drift 0, invalid seats 0, partial holds 0, ticket mismatches 0
      race event 626: gate 2026-09-16T00:16:41.488593985Z, deadline 2026-09-16T00:17:41.488593985Z
      race event 627: gate 2026-09-16T00:17:44.010466731Z, deadline 2026-09-16T00:18:44.010466731Z
    race  10000 seats x2         96.5 seats/s  conflicts/hold=0.81 reads/hold=2.04  hold p50=56.59ms p99=1306.24ms  deferred 473/473 ok  confirm retries sold/run=0/0  errors=0  VIOLATIONS, 2 timed out (58% sold)
      audit: VIOLATIONS — thefts 0, grants on sold seats 0, double sales 0, sales without the hold 0, late sales 0, early rejections 14 (transient 14), duplicate seats 0, inventory drift 0, invalid seats 0, partial holds 0, ticket mismatches 0
  wrote /results/l2_section_document.json
