  engine: PostgreSQL 15.12-YB-2025.2.6.0-b0 on x86_64-pc-linux-gnu, compiled by clang version 19.1.0 (https://github.com/yugabyte/llvm-project.git a2a6b655e14e7fa1fcf1011a6cb29cb8575249c0), 64-bit
  effective isolation for READ COMMITTED requests: read committed
  database clock minus client clock: 0.008 ms
  dataset: 5 venues, 658 events, 56103 tickets and 2217 holds at load
  loading e0_app_clock_expiry ...
  loaded in 31.8s (copy 4.4s, index 16.9s)
  verifying answers against ground truth ...
    58/58 checks passed (margin 573s); audit on load: consistent (658 events, 56103 tickets; rejections late=0 boundary=0)
  capturing plans ...
  read benchmark:
    q01_section_map@10                     3775.5 ops/s  p50=  1.691ms p99=  16.655ms  errors=0
    q02_event_sections@10                  4804.7 ops/s  p50=  1.137ms p99=  27.151ms  errors=0
    q03_event_available@10                 5265.4 ops/s  p50=  0.994ms p99=  30.105ms  errors=0
    q01_section_map@100                    2382.0 ops/s  p50=  2.490ms p99=  26.897ms  errors=0
    q02_event_sections@100                 3904.0 ops/s  p50=  1.361ms p99=  30.092ms  errors=0
    q03_event_available@100                4463.2 ops/s  p50=  1.096ms p99=  35.448ms  errors=0
    q01_section_map@1000                   1744.2 ops/s  p50=  3.089ms p99=  35.873ms  errors=0
    q02_event_sections@1000                2393.3 ops/s  p50=  1.924ms p99=  43.052ms  errors=0
    q03_event_available@1000               2444.2 ops/s  p50=  1.541ms p99=  52.791ms  errors=0
    q01_section_map@10000                  1283.9 ops/s  p50=  3.776ms p99=  44.506ms  errors=0
    q02_event_sections@10000                293.9 ops/s  p50= 14.753ms p99=  69.764ms  errors=0
    q03_event_available@10000               518.0 ops/s  p50=  4.772ms p99=  76.632ms  errors=0
    q01_section_map@100000                  795.0 ops/s  p50=  5.598ms p99=  53.489ms  errors=0
    q02_event_sections@100000                30.9 ops/s  p50=285.927ms p99= 309.569ms  errors=0
    q03_event_available@100000               55.7 ops/s  p50=114.361ms p99= 199.507ms  errors=0
    q04_hold_seats                         1001.4 ops/s  p50=  4.585ms p99=  50.233ms  errors=0
    q05_customer_tickets                   3306.5 ops/s  p50=  1.981ms p99=  15.741ms  errors=0
    q06_ticket_by_id                       5175.6 ops/s  p50=  1.038ms p99=  28.859ms  errors=0
  write benchmark (fresh load per op):
    hold                                     17.0 ops/s  p50=454.115ms p99=1381.777ms  rejected=0 retries=0 errors=0
      audit after hold: VIOLATIONS — thefts 252, grants on sold seats 0, double sales 0, sales without the hold 0, late sales 0, early rejections 1 (transient 1), duplicate seats 0, inventory drift 0, invalid seats 0, partial holds 0, ticket mismatches 0
    release                                 519.1 ops/s  p50= 12.557ms p99=  40.269ms  rejected=0 retries=0 errors=0
      audit after release: consistent (658 events, 56103 tickets; rejections late=0 boundary=0)
    cancel                                  247.4 ops/s  p50= 27.535ms p99=  58.667ms  rejected=0 retries=0 errors=0
      audit after cancel: consistent (658 events, 40834 tickets; rejections late=0 boundary=0)
    publish@10                              188.2 ops/s  p50= 17.089ms p99=  53.018ms  rejected=0 retries=0 errors=0
    publish@100                             134.7 ops/s  p50= 25.138ms p99= 136.365ms  rejected=0 retries=0 errors=0
    publish@1000                             37.7 ops/s  p50=100.507ms p99= 156.111ms  rejected=0 retries=0 errors=0
    publish@10000                             5.1 ops/s  p50=346.812ms p99= 346.812ms  rejected=0 retries=0 errors=0
    publish@100000                            0.6 ops/s  p50=3353.165ms p99=3353.165ms  rejected=0 retries=0 errors=0
      audit after publish: consistent (2887 events, 56103 tickets; rejections late=0 boundary=0)
  race trial 1/1 (32 buyers per event, fresh load):
      race event 501: gate 2026-09-15T13:00:36.91649389Z, deadline 2026-09-15T13:01:36.91649389Z
      race event 502: gate 2026-09-15T13:00:38.133163418Z, deadline 2026-09-15T13:01:38.133163418Z
      race event 503: gate 2026-09-15T13:00:38.524671588Z, deadline 2026-09-15T13:01:38.524671588Z
      race event 504: gate 2026-09-15T13:00:38.923462371Z, deadline 2026-09-15T13:01:38.923462371Z
      race event 505: gate 2026-09-15T13:00:39.081318122Z, deadline 2026-09-15T13:01:39.081318122Z
      race event 506: gate 2026-09-15T13:00:39.642064482Z, deadline 2026-09-15T13:01:39.642064482Z
      race event 507: gate 2026-09-15T13:00:39.972944875Z, deadline 2026-09-15T13:01:39.972944875Z
      race event 508: gate 2026-09-15T13:00:40.2849858Z, deadline 2026-09-15T13:01:40.2849858Z
      race event 509: gate 2026-09-15T13:00:40.714980163Z, deadline 2026-09-15T13:01:40.714980163Z
      race event 510: gate 2026-09-15T13:00:40.947634597Z, deadline 2026-09-15T13:01:40.947634597Z
      race event 511: gate 2026-09-15T13:00:41.261089857Z, deadline 2026-09-15T13:01:41.261089857Z
      race event 512: gate 2026-09-15T13:00:41.498015285Z, deadline 2026-09-15T13:01:41.498015285Z
      race event 513: gate 2026-09-15T13:00:41.826457496Z, deadline 2026-09-15T13:01:41.826457496Z
      race event 514: gate 2026-09-15T13:00:42.280551574Z, deadline 2026-09-15T13:01:42.280551574Z
      race event 515: gate 2026-09-15T13:00:42.513357014Z, deadline 2026-09-15T13:01:42.513357014Z
      race event 516: gate 2026-09-15T13:00:43.114264665Z, deadline 2026-09-15T13:01:43.114264665Z
      race event 517: gate 2026-09-15T13:00:43.708708842Z, deadline 2026-09-15T13:01:43.708708842Z
      race event 518: gate 2026-09-15T13:00:44.227205826Z, deadline 2026-09-15T13:01:44.227205826Z
      race event 519: gate 2026-09-15T13:00:44.539250983Z, deadline 2026-09-15T13:01:44.539250983Z
      race event 520: gate 2026-09-15T13:00:44.814755038Z, deadline 2026-09-15T13:01:44.814755038Z
      race event 521: gate 2026-09-15T13:00:45.469364371Z, deadline 2026-09-15T13:01:45.469364371Z
      race event 522: gate 2026-09-15T13:00:46.198172347Z, deadline 2026-09-15T13:01:46.198172347Z
      race event 523: gate 2026-09-15T13:00:46.648358379Z, deadline 2026-09-15T13:01:46.648358379Z
      race event 524: gate 2026-09-15T13:00:50.692344513Z, deadline 2026-09-15T13:01:50.692344513Z
      race event 525: gate 2026-09-15T13:00:50.936264413Z, deadline 2026-09-15T13:01:50.936264413Z
      race event 526: gate 2026-09-15T13:00:51.361886157Z, deadline 2026-09-15T13:01:51.361886157Z
      race event 527: gate 2026-09-15T13:00:51.908951513Z, deadline 2026-09-15T13:01:51.908951513Z
      race event 528: gate 2026-09-15T13:00:52.643492764Z, deadline 2026-09-15T13:01:52.643492764Z
      race event 529: gate 2026-09-15T13:00:53.187843493Z, deadline 2026-09-15T13:01:53.187843493Z
      race event 530: gate 2026-09-15T13:00:53.659327977Z, deadline 2026-09-15T13:01:53.659327977Z
      race event 531: gate 2026-09-15T13:00:54.612737665Z, deadline 2026-09-15T13:01:54.612737665Z
      race event 532: gate 2026-09-15T13:00:54.95847606Z, deadline 2026-09-15T13:01:54.95847606Z
      race event 533: gate 2026-09-15T13:00:55.351925367Z, deadline 2026-09-15T13:01:55.351925367Z
      race event 534: gate 2026-09-15T13:00:55.668553712Z, deadline 2026-09-15T13:01:55.668553712Z
      race event 535: gate 2026-09-15T13:00:56.028823714Z, deadline 2026-09-15T13:01:56.028823714Z
      race event 536: gate 2026-09-15T13:00:56.414659041Z, deadline 2026-09-15T13:01:56.414659041Z
      race event 537: gate 2026-09-15T13:00:56.758865009Z, deadline 2026-09-15T13:01:56.758865009Z
      race event 538: gate 2026-09-15T13:00:56.996202095Z, deadline 2026-09-15T13:01:56.996202095Z
      race event 539: gate 2026-09-15T13:00:57.183639253Z, deadline 2026-09-15T13:01:57.183639253Z
      race event 540: gate 2026-09-15T13:00:57.63207069Z, deadline 2026-09-15T13:01:57.63207069Z
      race event 541: gate 2026-09-15T13:00:57.94075322Z, deadline 2026-09-15T13:01:57.94075322Z
      race event 542: gate 2026-09-15T13:00:58.236873814Z, deadline 2026-09-15T13:01:58.236873814Z
      race event 543: gate 2026-09-15T13:00:58.610816615Z, deadline 2026-09-15T13:01:58.610816615Z
      race event 544: gate 2026-09-15T13:00:58.956467502Z, deadline 2026-09-15T13:01:58.956467502Z
      race event 545: gate 2026-09-15T13:00:59.18677349Z, deadline 2026-09-15T13:01:59.18677349Z
      race event 546: gate 2026-09-15T13:00:59.467600243Z, deadline 2026-09-15T13:01:59.467600243Z
      race event 547: gate 2026-09-15T13:00:59.709865071Z, deadline 2026-09-15T13:01:59.709865071Z
      race event 548: gate 2026-09-15T13:00:59.941386153Z, deadline 2026-09-15T13:01:59.941386153Z
      race event 549: gate 2026-09-15T13:01:00.101103669Z, deadline 2026-09-15T13:02:00.101103669Z
      race event 550: gate 2026-09-15T13:01:00.314923771Z, deadline 2026-09-15T13:02:00.314923771Z
      race event 551: gate 2026-09-15T13:01:00.579868569Z, deadline 2026-09-15T13:02:00.579868569Z
      race event 552: gate 2026-09-15T13:01:00.988104775Z, deadline 2026-09-15T13:02:00.988104775Z
      race event 553: gate 2026-09-15T13:01:01.241261589Z, deadline 2026-09-15T13:02:01.241261589Z
      race event 554: gate 2026-09-15T13:01:01.409789474Z, deadline 2026-09-15T13:02:01.409789474Z
      race event 555: gate 2026-09-15T13:01:01.655761381Z, deadline 2026-09-15T13:02:01.655761381Z
      race event 556: gate 2026-09-15T13:01:02.236470429Z, deadline 2026-09-15T13:02:02.236470429Z
      race event 557: gate 2026-09-15T13:01:02.471672416Z, deadline 2026-09-15T13:02:02.471672416Z
      race event 558: gate 2026-09-15T13:01:02.852736401Z, deadline 2026-09-15T13:02:02.852736401Z
      race event 559: gate 2026-09-15T13:01:03.098614599Z, deadline 2026-09-15T13:02:03.098614599Z
      race event 560: gate 2026-09-15T13:01:03.712957548Z, deadline 2026-09-15T13:02:03.712957548Z
      race event 561: gate 2026-09-15T13:01:03.97254803Z, deadline 2026-09-15T13:02:03.97254803Z
      race event 562: gate 2026-09-15T13:01:04.389995011Z, deadline 2026-09-15T13:02:04.389995011Z
      race event 563: gate 2026-09-15T13:01:04.874977557Z, deadline 2026-09-15T13:02:04.874977557Z
      race event 564: gate 2026-09-15T13:01:05.325101194Z, deadline 2026-09-15T13:02:05.325101194Z
      race event 565: gate 2026-09-15T13:01:05.695551202Z, deadline 2026-09-15T13:02:05.695551202Z
      race event 566: gate 2026-09-15T13:01:06.075740381Z, deadline 2026-09-15T13:02:06.075740381Z
      race event 567: gate 2026-09-15T13:01:06.364371333Z, deadline 2026-09-15T13:02:06.364371333Z
      race event 568: gate 2026-09-15T13:01:06.864624723Z, deadline 2026-09-15T13:02:06.864624723Z
      race event 569: gate 2026-09-15T13:01:07.138074306Z, deadline 2026-09-15T13:02:07.138074306Z
      race event 570: gate 2026-09-15T13:01:07.333764507Z, deadline 2026-09-15T13:02:07.333764507Z
      race event 571: gate 2026-09-15T13:01:07.668084358Z, deadline 2026-09-15T13:02:07.668084358Z
      race event 572: gate 2026-09-15T13:01:07.921108415Z, deadline 2026-09-15T13:02:07.921108415Z
      race event 573: gate 2026-09-15T13:01:08.075675219Z, deadline 2026-09-15T13:02:08.075675219Z
      race event 574: gate 2026-09-15T13:01:08.550055197Z, deadline 2026-09-15T13:02:08.550055197Z
      race event 575: gate 2026-09-15T13:01:08.945725294Z, deadline 2026-09-15T13:02:08.945725294Z
      race event 576: gate 2026-09-15T13:01:09.260478999Z, deadline 2026-09-15T13:02:09.260478999Z
      race event 577: gate 2026-09-15T13:01:09.672095343Z, deadline 2026-09-15T13:02:09.672095343Z
      race event 578: gate 2026-09-15T13:01:09.945955559Z, deadline 2026-09-15T13:02:09.945955559Z
      race event 579: gate 2026-09-15T13:01:10.37988479Z, deadline 2026-09-15T13:02:10.37988479Z
      race event 580: gate 2026-09-15T13:01:10.545966643Z, deadline 2026-09-15T13:02:10.545966643Z
      race event 581: gate 2026-09-15T13:01:10.760864513Z, deadline 2026-09-15T13:02:10.760864513Z
      race event 582: gate 2026-09-15T13:01:10.952096516Z, deadline 2026-09-15T13:02:10.952096516Z
      race event 583: gate 2026-09-15T13:01:11.085720483Z, deadline 2026-09-15T13:02:11.085720483Z
      race event 584: gate 2026-09-15T13:01:11.332772177Z, deadline 2026-09-15T13:02:11.332772177Z
      race event 585: gate 2026-09-15T13:01:11.612304341Z, deadline 2026-09-15T13:02:11.612304341Z
      race event 586: gate 2026-09-15T13:01:11.858989771Z, deadline 2026-09-15T13:02:11.858989771Z
      race event 587: gate 2026-09-15T13:01:12.058376399Z, deadline 2026-09-15T13:02:12.058376399Z
      race event 588: gate 2026-09-15T13:01:12.21973066Z, deadline 2026-09-15T13:02:12.21973066Z
      race event 589: gate 2026-09-15T13:01:12.493410894Z, deadline 2026-09-15T13:02:12.493410894Z
      race event 590: gate 2026-09-15T13:01:12.746458796Z, deadline 2026-09-15T13:02:12.746458796Z
      race event 591: gate 2026-09-15T13:01:12.996733745Z, deadline 2026-09-15T13:02:12.996733745Z
      race event 592: gate 2026-09-15T13:01:13.396196418Z, deadline 2026-09-15T13:02:13.396196418Z
      race event 593: gate 2026-09-15T13:01:13.780861753Z, deadline 2026-09-15T13:02:13.780861753Z
      race event 594: gate 2026-09-15T13:01:14.314047182Z, deadline 2026-09-15T13:02:14.314047182Z
      race event 595: gate 2026-09-15T13:01:14.624329679Z, deadline 2026-09-15T13:02:14.624329679Z
      race event 596: gate 2026-09-15T13:01:14.85463136Z, deadline 2026-09-15T13:02:14.85463136Z
      race event 597: gate 2026-09-15T13:01:15.206019069Z, deadline 2026-09-15T13:02:15.206019069Z
      race event 598: gate 2026-09-15T13:01:15.415581931Z, deadline 2026-09-15T13:02:15.415581931Z
      race event 599: gate 2026-09-15T13:01:15.67077414Z, deadline 2026-09-15T13:02:15.67077414Z
      race event 600: gate 2026-09-15T13:01:16.108119464Z, deadline 2026-09-15T13:02:16.108119464Z
    race     10 seats x100       41.7 seats/s  conflicts/hold=7.42 reads/hold=15.32  hold p50=29.16ms p99=292.19ms  deferred 61/61 ok  confirm retries sold/run=0/0  errors=0  ok
      audit: consistent (100 events, 1000 tickets; rejections late=0 boundary=0)
      race event 601: gate 2026-09-15T13:01:17.137682529Z, deadline 2026-09-15T13:02:17.137682529Z
      race event 602: gate 2026-09-15T13:01:18.273204931Z, deadline 2026-09-15T13:02:18.273204931Z
      race event 603: gate 2026-09-15T13:01:19.255448883Z, deadline 2026-09-15T13:02:19.255448883Z
      race event 604: gate 2026-09-15T13:01:20.26262429Z, deadline 2026-09-15T13:02:20.26262429Z
      race event 605: gate 2026-09-15T13:01:21.390141707Z, deadline 2026-09-15T13:02:21.390141707Z
      race event 606: gate 2026-09-15T13:01:26.49821399Z, deadline 2026-09-15T13:02:26.49821399Z
      race event 607: gate 2026-09-15T13:01:27.504789927Z, deadline 2026-09-15T13:02:27.504789927Z
      race event 608: gate 2026-09-15T13:01:28.611196508Z, deadline 2026-09-15T13:02:28.611196508Z
      race event 609: gate 2026-09-15T13:01:29.891073155Z, deadline 2026-09-15T13:02:29.891073155Z
      race event 610: gate 2026-09-15T13:01:31.197141804Z, deadline 2026-09-15T13:02:31.197141804Z
      race event 611: gate 2026-09-15T13:01:32.374593836Z, deadline 2026-09-15T13:02:32.374593836Z
      race event 612: gate 2026-09-15T13:01:33.357193958Z, deadline 2026-09-15T13:02:33.357193958Z
      race event 613: gate 2026-09-15T13:01:34.466189281Z, deadline 2026-09-15T13:02:34.466189281Z
      race event 614: gate 2026-09-15T13:01:35.646512859Z, deadline 2026-09-15T13:02:35.646512859Z
      race event 615: gate 2026-09-15T13:01:36.635105991Z, deadline 2026-09-15T13:02:36.635105991Z
      race event 616: gate 2026-09-15T13:01:37.78011516Z, deadline 2026-09-15T13:02:37.78011516Z
      race event 617: gate 2026-09-15T13:01:38.838750782Z, deadline 2026-09-15T13:02:38.838750782Z
      race event 618: gate 2026-09-15T13:01:40.121994091Z, deadline 2026-09-15T13:02:40.121994091Z
      race event 619: gate 2026-09-15T13:01:41.479963113Z, deadline 2026-09-15T13:02:41.479963113Z
      race event 620: gate 2026-09-15T13:01:42.801461783Z, deadline 2026-09-15T13:02:42.801461783Z
    race    100 seats x20        94.8 seats/s  conflicts/hold=2.95 reads/hold=5.38  hold p50=33.10ms p99=227.86ms  deferred 74/74 ok  confirm retries sold/run=0/0  errors=0  VIOLATIONS
      audit: VIOLATIONS — thefts 0, grants on sold seats 0, double sales 0, sales without the hold 0, late sales 0, early rejections 4 (transient 4), duplicate seats 0, inventory drift 0, invalid seats 0, partial holds 0, ticket mismatches 0
      race event 621: gate 2026-09-15T13:01:44.797470493Z, deadline 2026-09-15T13:02:44.797470493Z
      race event 622: gate 2026-09-15T13:01:52.307899172Z, deadline 2026-09-15T13:02:52.307899172Z
      race event 623: gate 2026-09-15T13:02:03.344443834Z, deadline 2026-09-15T13:03:03.344443834Z
      race event 624: gate 2026-09-15T13:02:11.037527989Z, deadline 2026-09-15T13:03:11.037527989Z
      race event 625: gate 2026-09-15T13:02:19.384466969Z, deadline 2026-09-15T13:03:19.384466969Z
    race   1000 seats x5        132.1 seats/s  conflicts/hold=1.05 reads/hold=3.19  hold p50=44.20ms p99=188.33ms  deferred 219/219 ok  confirm retries sold/run=0/0  errors=0  VIOLATIONS
      audit: VIOLATIONS — thefts 0, grants on sold seats 0, double sales 0, sales without the hold 0, late sales 0, early rejections 10 (transient 10), duplicate seats 0, inventory drift 0, invalid seats 0, partial holds 0, ticket mismatches 0
      race event 626: gate 2026-09-15T13:02:28.15618783Z, deadline 2026-09-15T13:03:28.15618783Z
      race event 627: gate 2026-09-15T13:03:36.4946567Z, deadline 2026-09-15T13:04:36.4946567Z
    race  10000 seats x2        121.4 seats/s  conflicts/hold=0.16 reads/hold=1.51  hold p50=77.71ms p99=171.61ms  deferred 585/585 ok  confirm retries sold/run=0/0  errors=0  VIOLATIONS, 2 timed out (72% sold)
      audit: VIOLATIONS — thefts 0, grants on sold seats 0, double sales 0, sales without the hold 0, late sales 0, early rejections 38 (transient 38), duplicate seats 0, inventory drift 0, invalid seats 0, partial holds 0, ticket mismatches 0
  lifecycle trial 1/1 (32 buyers per event, one human minute = 500ms, fresh load):
    lifecycle    10 seats x3       0.3 confirmed seats/s  holds=28 abandoned=4+3 expired@check=2 rejected late/boundary/early(transient)=0/0/0(0)  confirm retries sold/run=0/0  outage unavailable=0/0  leaked=0 errors=0  VIOLATIONS
      audit: VIOLATIONS — thefts 8, grants on sold seats 0, double sales 0, sales without the hold 0, late sales 0, early rejections 0 (transient 0), duplicate seats 0, inventory drift 0, invalid seats 0, partial holds 0, ticket mismatches 0
    lifecycle   100 seats x3       1.4 confirmed seats/s  holds=227 abandoned=40+26 expired@check=7 rejected late/boundary/early(transient)=0/0/3(0)  confirm retries sold/run=0/0  outage unavailable=0/0  leaked=0 errors=0  VIOLATIONS
      audit: VIOLATIONS — thefts 96, grants on sold seats 0, double sales 0, sales without the hold 0, late sales 0, early rejections 3 (transient 0), duplicate seats 0, inventory drift 0, invalid seats 0, partial holds 0, ticket mismatches 0
  wrote /results/e0_app_clock_expiry.json
