  engine: PostgreSQL 15.12-YB-2025.2.6.0-b0 on x86_64-pc-linux-gnu, compiled by clang version 19.1.0 (https://github.com/yugabyte/llvm-project.git a2a6b655e14e7fa1fcf1011a6cb29cb8575249c0), 64-bit
  effective isolation for READ COMMITTED requests: read committed
  database clock minus client clock: 0.013 ms
  dataset: 5 venues, 658 events, 56103 tickets and 2217 holds at load
  loading e1_sweeper_expiry ...
  loaded in 35.7s (copy 5.9s, index 18.0s)
  verifying answers against ground truth ...
    58/58 checks passed (margin 569s); audit on load: consistent (658 events, 56103 tickets; rejections late=0 boundary=0)
  capturing plans ...
  read benchmark:
    q01_section_map@10                     2895.5 ops/s  p50=  2.298ms p99=  14.750ms  errors=0
    q02_event_sections@10                  4232.8 ops/s  p50=  1.281ms p99=  28.233ms  errors=0
    q03_event_available@10                 4702.6 ops/s  p50=  1.101ms p99=  31.978ms  errors=0
    q01_section_map@100                    2489.4 ops/s  p50=  2.267ms p99=  29.173ms  errors=0
    q02_event_sections@100                 3839.5 ops/s  p50=  1.345ms p99=  32.328ms  errors=0
    q03_event_available@100                4254.2 ops/s  p50=  1.159ms p99=  35.057ms  errors=0
    q01_section_map@1000                   1666.6 ops/s  p50=  3.235ms p99=  36.439ms  errors=0
    q02_event_sections@1000                2224.4 ops/s  p50=  2.043ms p99=  44.182ms  errors=0
    q03_event_available@1000               2479.2 ops/s  p50=  1.539ms p99=  52.395ms  errors=0
    q01_section_map@10000                  1154.1 ops/s  p50=  4.203ms p99=  44.872ms  errors=0
    q02_event_sections@10000                285.4 ops/s  p50= 15.194ms p99=  70.854ms  errors=0
    q03_event_available@10000               535.7 ops/s  p50=  4.722ms p99=  75.873ms  errors=0
    q01_section_map@100000                  773.5 ops/s  p50=  5.777ms p99=  53.489ms  errors=0
    q02_event_sections@100000                29.2 ops/s  p50=291.521ms p99= 375.135ms  errors=0
    q03_event_available@100000               63.9 ops/s  p50=106.415ms p99= 191.783ms  errors=0
    q04_hold_seats                          912.6 ops/s  p50=  4.944ms p99=  50.902ms  errors=0
    q05_customer_tickets                   3326.9 ops/s  p50=  1.966ms p99=  16.877ms  errors=0
    q06_ticket_by_id                       4939.2 ops/s  p50=  1.094ms p99=  27.339ms  errors=0
  write benchmark (fresh load per op):
    hold                                     14.7 ops/s  p50=500.782ms p99=1501.477ms  rejected=0 retries=0 errors=0
      audit after hold: consistent (658 events, 80509 tickets; rejections late=0 boundary=0)
    release                                 374.2 ops/s  p50= 16.475ms p99=  51.259ms  rejected=0 retries=0 errors=0
      audit after release: consistent (658 events, 56103 tickets; rejections late=0 boundary=0)
    cancel                                  232.3 ops/s  p50= 31.180ms p99=  62.047ms  rejected=0 retries=0 errors=0
      audit after cancel: consistent (658 events, 40912 tickets; rejections late=0 boundary=0)
    publish@10                              167.9 ops/s  p50= 20.223ms p99=  55.201ms  rejected=0 retries=0 errors=0
    publish@100                             141.3 ops/s  p50= 24.628ms p99=  85.144ms  rejected=0 retries=0 errors=0
    publish@1000                             43.3 ops/s  p50= 89.283ms p99= 113.230ms  rejected=0 retries=0 errors=0
    publish@10000                             5.6 ops/s  p50=357.846ms p99= 357.846ms  rejected=0 retries=0 errors=0
    publish@100000                            0.5 ops/s  p50=3581.086ms p99=3581.086ms  rejected=0 retries=0 errors=0
      audit after publish: consistent (2887 events, 56103 tickets; rejections late=0 boundary=0)
  race trial 1/1 (32 buyers per event, fresh load):
      race event 501: gate 2026-09-15T16:23:41.622755323Z, deadline 2026-09-15T16:24:41.622755323Z
      race event 502: gate 2026-09-15T16:23:42.414516657Z, deadline 2026-09-15T16:24:42.414516657Z
      race event 503: gate 2026-09-15T16:23:43.397091922Z, deadline 2026-09-15T16:24:43.397091922Z
      race event 504: gate 2026-09-15T16:23:43.912468984Z, deadline 2026-09-15T16:24:43.912468984Z
      race event 505: gate 2026-09-15T16:23:44.540355449Z, deadline 2026-09-15T16:24:44.540355449Z
      race event 506: gate 2026-09-15T16:23:44.815064022Z, deadline 2026-09-15T16:24:44.815064022Z
      race event 507: gate 2026-09-15T16:23:45.200785012Z, deadline 2026-09-15T16:24:45.200785012Z
      race event 508: gate 2026-09-15T16:23:45.520395415Z, deadline 2026-09-15T16:24:45.520395415Z
      race event 509: gate 2026-09-15T16:23:46.003864533Z, deadline 2026-09-15T16:24:46.003864533Z
      race event 510: gate 2026-09-15T16:23:46.329670131Z, deadline 2026-09-15T16:24:46.329670131Z
      race event 511: gate 2026-09-15T16:23:46.724508077Z, deadline 2026-09-15T16:24:46.724508077Z
      race event 512: gate 2026-09-15T16:23:47.063380829Z, deadline 2026-09-15T16:24:47.063380829Z
      race event 513: gate 2026-09-15T16:23:47.316432931Z, deadline 2026-09-15T16:24:47.316432931Z
      race event 514: gate 2026-09-15T16:23:47.873178208Z, deadline 2026-09-15T16:24:47.873178208Z
      race event 515: gate 2026-09-15T16:23:48.295670167Z, deadline 2026-09-15T16:24:48.295670167Z
      race event 516: gate 2026-09-15T16:23:48.738405687Z, deadline 2026-09-15T16:24:48.738405687Z
      race event 517: gate 2026-09-15T16:23:49.074921115Z, deadline 2026-09-15T16:24:49.074921115Z
      race event 518: gate 2026-09-15T16:23:49.525948194Z, deadline 2026-09-15T16:24:49.525948194Z
      race event 519: gate 2026-09-15T16:23:49.998488552Z, deadline 2026-09-15T16:24:49.998488552Z
      race event 520: gate 2026-09-15T16:23:54.070823507Z, deadline 2026-09-15T16:24:54.070823507Z
      race event 521: gate 2026-09-15T16:23:54.580660634Z, deadline 2026-09-15T16:24:54.580660634Z
      race event 522: gate 2026-09-15T16:23:54.910130643Z, deadline 2026-09-15T16:24:54.910130643Z
      race event 523: gate 2026-09-15T16:23:55.094333526Z, deadline 2026-09-15T16:24:55.094333526Z
      race event 524: gate 2026-09-15T16:23:55.47766228Z, deadline 2026-09-15T16:24:55.47766228Z
      race event 525: gate 2026-09-15T16:23:56.102312383Z, deadline 2026-09-15T16:24:56.102312383Z
      race event 526: gate 2026-09-15T16:23:56.328355979Z, deadline 2026-09-15T16:24:56.328355979Z
      race event 527: gate 2026-09-15T16:23:56.588759034Z, deadline 2026-09-15T16:24:56.588759034Z
      race event 528: gate 2026-09-15T16:23:56.987756897Z, deadline 2026-09-15T16:24:56.987756897Z
      race event 529: gate 2026-09-15T16:23:57.219100559Z, deadline 2026-09-15T16:24:57.219100559Z
      race event 530: gate 2026-09-15T16:23:57.463283192Z, deadline 2026-09-15T16:24:57.463283192Z
      race event 531: gate 2026-09-15T16:23:57.804555061Z, deadline 2026-09-15T16:24:57.804555061Z
      race event 532: gate 2026-09-15T16:23:58.029722764Z, deadline 2026-09-15T16:24:58.029722764Z
      race event 533: gate 2026-09-15T16:23:58.303989218Z, deadline 2026-09-15T16:24:58.303989218Z
      race event 534: gate 2026-09-15T16:23:58.510937905Z, deadline 2026-09-15T16:24:58.510937905Z
      race event 535: gate 2026-09-15T16:23:58.811233785Z, deadline 2026-09-15T16:24:58.811233785Z
      race event 536: gate 2026-09-15T16:23:59.069551283Z, deadline 2026-09-15T16:24:59.069551283Z
      race event 537: gate 2026-09-15T16:23:59.208559483Z, deadline 2026-09-15T16:24:59.208559483Z
      race event 538: gate 2026-09-15T16:23:59.519905118Z, deadline 2026-09-15T16:24:59.519905118Z
      race event 539: gate 2026-09-15T16:23:59.854271399Z, deadline 2026-09-15T16:24:59.854271399Z
      race event 540: gate 2026-09-15T16:24:00.27230212Z, deadline 2026-09-15T16:25:00.27230212Z
      race event 541: gate 2026-09-15T16:24:00.706962494Z, deadline 2026-09-15T16:25:00.706962494Z
      race event 542: gate 2026-09-15T16:24:00.916643423Z, deadline 2026-09-15T16:25:00.916643423Z
      race event 543: gate 2026-09-15T16:24:01.303714755Z, deadline 2026-09-15T16:25:01.303714755Z
      race event 544: gate 2026-09-15T16:24:01.666456806Z, deadline 2026-09-15T16:25:01.666456806Z
      race event 545: gate 2026-09-15T16:24:02.013721721Z, deadline 2026-09-15T16:25:02.013721721Z
      race event 546: gate 2026-09-15T16:24:02.160382228Z, deadline 2026-09-15T16:25:02.160382228Z
      race event 547: gate 2026-09-15T16:24:02.375983019Z, deadline 2026-09-15T16:25:02.375983019Z
      race event 548: gate 2026-09-15T16:24:02.601742554Z, deadline 2026-09-15T16:25:02.601742554Z
      race event 549: gate 2026-09-15T16:24:02.829484903Z, deadline 2026-09-15T16:25:02.829484903Z
      race event 550: gate 2026-09-15T16:24:03.27917688Z, deadline 2026-09-15T16:25:03.27917688Z
      race event 551: gate 2026-09-15T16:24:03.454207896Z, deadline 2026-09-15T16:25:03.454207896Z
      race event 552: gate 2026-09-15T16:24:03.971365359Z, deadline 2026-09-15T16:25:03.971365359Z
      race event 553: gate 2026-09-15T16:24:04.297649666Z, deadline 2026-09-15T16:25:04.297649666Z
      race event 554: gate 2026-09-15T16:24:04.598648265Z, deadline 2026-09-15T16:25:04.598648265Z
      race event 555: gate 2026-09-15T16:24:04.916035642Z, deadline 2026-09-15T16:25:04.916035642Z
      race event 556: gate 2026-09-15T16:24:05.202304462Z, deadline 2026-09-15T16:25:05.202304462Z
      race event 557: gate 2026-09-15T16:24:05.681473142Z, deadline 2026-09-15T16:25:05.681473142Z
      race event 558: gate 2026-09-15T16:24:05.935499518Z, deadline 2026-09-15T16:25:05.935499518Z
      race event 559: gate 2026-09-15T16:24:06.11963091Z, deadline 2026-09-15T16:25:06.11963091Z
      race event 560: gate 2026-09-15T16:24:06.324116042Z, deadline 2026-09-15T16:25:06.324116042Z
      race event 561: gate 2026-09-15T16:24:06.700216626Z, deadline 2026-09-15T16:25:06.700216626Z
      race event 562: gate 2026-09-15T16:24:07.007914218Z, deadline 2026-09-15T16:25:07.007914218Z
      race event 563: gate 2026-09-15T16:24:07.36085351Z, deadline 2026-09-15T16:25:07.36085351Z
      race event 564: gate 2026-09-15T16:24:07.899785003Z, deadline 2026-09-15T16:25:07.899785003Z
      race event 565: gate 2026-09-15T16:24:08.146398125Z, deadline 2026-09-15T16:25:08.146398125Z
      race event 566: gate 2026-09-15T16:24:08.425640968Z, deadline 2026-09-15T16:25:08.425640968Z
      race event 567: gate 2026-09-15T16:24:08.729691273Z, deadline 2026-09-15T16:25:08.729691273Z
      race event 568: gate 2026-09-15T16:24:09.109760177Z, deadline 2026-09-15T16:25:09.109760177Z
      race event 569: gate 2026-09-15T16:24:09.579178707Z, deadline 2026-09-15T16:25:09.579178707Z
      race event 570: gate 2026-09-15T16:24:09.759116179Z, deadline 2026-09-15T16:25:09.759116179Z
      race event 571: gate 2026-09-15T16:24:10.10438334Z, deadline 2026-09-15T16:25:10.10438334Z
      race event 572: gate 2026-09-15T16:24:10.446269025Z, deadline 2026-09-15T16:25:10.446269025Z
      race event 573: gate 2026-09-15T16:24:10.893226363Z, deadline 2026-09-15T16:25:10.893226363Z
      race event 574: gate 2026-09-15T16:24:11.107604431Z, deadline 2026-09-15T16:25:11.107604431Z
      race event 575: gate 2026-09-15T16:24:11.361060174Z, deadline 2026-09-15T16:25:11.361060174Z
      race event 576: gate 2026-09-15T16:24:11.776506433Z, deadline 2026-09-15T16:25:11.776506433Z
      race event 577: gate 2026-09-15T16:24:11.970262577Z, deadline 2026-09-15T16:25:11.970262577Z
      race event 578: gate 2026-09-15T16:24:12.345549706Z, deadline 2026-09-15T16:25:12.345549706Z
      race event 579: gate 2026-09-15T16:24:12.854262906Z, deadline 2026-09-15T16:25:12.854262906Z
      race event 580: gate 2026-09-15T16:24:13.088890976Z, deadline 2026-09-15T16:25:13.088890976Z
      race event 581: gate 2026-09-15T16:24:13.522605593Z, deadline 2026-09-15T16:25:13.522605593Z
      race event 582: gate 2026-09-15T16:24:13.818169106Z, deadline 2026-09-15T16:25:13.818169106Z
      race event 583: gate 2026-09-15T16:24:14.368640385Z, deadline 2026-09-15T16:25:14.368640385Z
      race event 584: gate 2026-09-15T16:24:14.680884321Z, deadline 2026-09-15T16:25:14.680884321Z
      race event 585: gate 2026-09-15T16:24:15.021592634Z, deadline 2026-09-15T16:25:15.021592634Z
      race event 586: gate 2026-09-15T16:24:15.392047845Z, deadline 2026-09-15T16:25:15.392047845Z
      race event 587: gate 2026-09-15T16:24:15.599263598Z, deadline 2026-09-15T16:25:15.599263598Z
      race event 588: gate 2026-09-15T16:24:15.998990126Z, deadline 2026-09-15T16:25:15.998990126Z
      race event 589: gate 2026-09-15T16:24:16.5081098Z, deadline 2026-09-15T16:25:16.5081098Z
      race event 590: gate 2026-09-15T16:24:16.654501362Z, deadline 2026-09-15T16:25:16.654501362Z
      race event 591: gate 2026-09-15T16:24:16.935950812Z, deadline 2026-09-15T16:25:16.935950812Z
      race event 592: gate 2026-09-15T16:24:17.332185118Z, deadline 2026-09-15T16:25:17.332185118Z
      race event 593: gate 2026-09-15T16:24:17.645163011Z, deadline 2026-09-15T16:25:17.645163011Z
      race event 594: gate 2026-09-15T16:24:17.868215686Z, deadline 2026-09-15T16:25:17.868215686Z
      race event 595: gate 2026-09-15T16:24:18.207172322Z, deadline 2026-09-15T16:25:18.207172322Z
      race event 596: gate 2026-09-15T16:24:18.664638998Z, deadline 2026-09-15T16:25:18.664638998Z
      race event 597: gate 2026-09-15T16:24:19.083224407Z, deadline 2026-09-15T16:25:19.083224407Z
      race event 598: gate 2026-09-15T16:24:19.354139665Z, deadline 2026-09-15T16:25:19.354139665Z
      race event 599: gate 2026-09-15T16:24:19.708197182Z, deadline 2026-09-15T16:25:19.708197182Z
      race event 600: gate 2026-09-15T16:24:19.92513996Z, deadline 2026-09-15T16:25:19.92513996Z
    race     10 seats x100       43.1 seats/s  conflicts/hold=7.33 reads/hold=15.23  hold p50=28.78ms p99=269.53ms  deferred 61/61 ok  confirm retries sold/run=0/0  errors=0  VIOLATIONS
      audit: VIOLATIONS — thefts 0, grants on sold seats 0, double sales 0, sales without the hold 0, late sales 0, early rejections 1 (transient 1), duplicate seats 0, inventory drift 0, invalid seats 0, partial holds 0, ticket mismatches 0
      race event 601: gate 2026-09-15T16:24:21.054351808Z, deadline 2026-09-15T16:25:21.054351808Z
      race event 602: gate 2026-09-15T16:24:22.111888498Z, deadline 2026-09-15T16:25:22.111888498Z
      race event 603: gate 2026-09-15T16:24:23.451061808Z, deadline 2026-09-15T16:25:23.451061808Z
      race event 604: gate 2026-09-15T16:24:24.547474107Z, deadline 2026-09-15T16:25:24.547474107Z
      race event 605: gate 2026-09-15T16:24:25.667812395Z, deadline 2026-09-15T16:25:25.667812395Z
      race event 606: gate 2026-09-15T16:24:30.405905745Z, deadline 2026-09-15T16:25:30.405905745Z
      race event 607: gate 2026-09-15T16:24:31.782341604Z, deadline 2026-09-15T16:25:31.782341604Z
      race event 608: gate 2026-09-15T16:24:33.007326927Z, deadline 2026-09-15T16:25:33.007326927Z
      race event 609: gate 2026-09-15T16:24:33.914897238Z, deadline 2026-09-15T16:25:33.914897238Z
      race event 610: gate 2026-09-15T16:24:35.263804582Z, deadline 2026-09-15T16:25:35.263804582Z
      race event 611: gate 2026-09-15T16:24:36.485154535Z, deadline 2026-09-15T16:25:36.485154535Z
      race event 612: gate 2026-09-15T16:24:37.686766528Z, deadline 2026-09-15T16:25:37.686766528Z
      race event 613: gate 2026-09-15T16:24:38.806448152Z, deadline 2026-09-15T16:25:38.806448152Z
      race event 614: gate 2026-09-15T16:24:40.013513714Z, deadline 2026-09-15T16:25:40.013513714Z
      race event 615: gate 2026-09-15T16:24:41.091029979Z, deadline 2026-09-15T16:25:41.091029979Z
      race event 616: gate 2026-09-15T16:24:42.167480773Z, deadline 2026-09-15T16:25:42.167480773Z
      race event 617: gate 2026-09-15T16:24:43.260763792Z, deadline 2026-09-15T16:25:43.260763792Z
      race event 618: gate 2026-09-15T16:24:44.377492999Z, deadline 2026-09-15T16:25:44.377492999Z
      race event 619: gate 2026-09-15T16:24:45.611886674Z, deadline 2026-09-15T16:25:45.611886674Z
      race event 620: gate 2026-09-15T16:24:46.650291565Z, deadline 2026-09-15T16:25:46.650291565Z
    race    100 seats x20        96.1 seats/s  conflicts/hold=2.93 reads/hold=5.32  hold p50=35.34ms p99=296.51ms  deferred 99/99 ok  confirm retries sold/run=0/0  errors=0  VIOLATIONS
      audit: VIOLATIONS — thefts 0, grants on sold seats 0, double sales 0, sales without the hold 0, late sales 0, early rejections 2 (transient 2), duplicate seats 0, inventory drift 0, invalid seats 0, partial holds 0, ticket mismatches 0
      race event 621: gate 2026-09-15T16:24:48.565453098Z, deadline 2026-09-15T16:25:48.565453098Z
      race event 622: gate 2026-09-15T16:24:56.401364004Z, deadline 2026-09-15T16:25:56.401364004Z
      race event 623: gate 2026-09-15T16:25:09.225431673Z, deadline 2026-09-15T16:26:09.225431673Z
      race event 624: gate 2026-09-15T16:25:17.889267361Z, deadline 2026-09-15T16:26:17.889267361Z
      race event 625: gate 2026-09-15T16:25:26.632599773Z, deadline 2026-09-15T16:26:26.632599773Z
    race   1000 seats x5        117.3 seats/s  conflicts/hold=1.00 reads/hold=3.31  hold p50=54.39ms p99=172.22ms  deferred 195/195 ok  confirm retries sold/run=0/0  errors=0  VIOLATIONS
      audit: VIOLATIONS — thefts 0, grants on sold seats 0, double sales 0, sales without the hold 0, late sales 0, early rejections 12 (transient 12), duplicate seats 0, inventory drift 0, invalid seats 0, partial holds 0, ticket mismatches 0
      race event 626: gate 2026-09-15T16:25:37.19556638Z, deadline 2026-09-15T16:26:37.19556638Z
      race event 627: gate 2026-09-15T16:26:45.433105213Z, deadline 2026-09-15T16:27:45.433105213Z
    race  10000 seats x2        116.7 seats/s  conflicts/hold=0.16 reads/hold=1.52  hold p50=80.20ms p99=177.30ms  deferred 563/563 ok  confirm retries sold/run=0/0  errors=0  VIOLATIONS, 2 timed out (70% sold)
      audit: VIOLATIONS — thefts 0, grants on sold seats 0, double sales 0, sales without the hold 0, late sales 0, early rejections 22 (transient 22), duplicate seats 0, inventory drift 0, invalid seats 0, partial holds 0, ticket mismatches 0
  lifecycle trial 1/1 (32 buyers per event, one human minute = 500ms, fresh load):
    lifecycle    10 seats x3       0.3 confirmed seats/s  holds=28 abandoned=1+3 expired@check=1 rejected late/boundary/early(transient)=1/0/0(0)  confirm retries sold/run=0/0  outage unavailable=0/0  leaked=0 errors=0  ok
      audit: consistent (3 events, 30 tickets; rejections late=1 boundary=0)
    lifecycle   100 seats x3       1.5 confirmed seats/s  holds=218 abandoned=29+25 expired@check=6 rejected late/boundary/early(transient)=2/0/0(0)  confirm retries sold/run=0/0  outage unavailable=11/11  leaked=0 errors=0  ok
      audit: consistent (3 events, 300 tickets; rejections late=2 boundary=0)
  wrote /results/e1_sweeper_expiry.json
