  engine: PostgreSQL 15.12-YB-2025.2.6.0-b0 on x86_64-pc-linux-gnu, compiled by clang version 19.1.0 (https://github.com/yugabyte/llvm-project.git a2a6b655e14e7fa1fcf1011a6cb29cb8575249c0), 64-bit
  effective isolation for READ COMMITTED requests: read committed
  database clock minus client clock: 0.015 ms
  dataset: 5 venues, 658 events, 56103 tickets and 2217 holds at load
  loading e2_cart_expiry ...
  loaded in 37.2s (copy 4.3s, index 19.8s)
  verifying answers against ground truth ...
    58/58 checks passed (margin 569s); audit on load: consistent (658 events, 56103 tickets; rejections late=0 boundary=0)
  capturing plans ...
  read benchmark:
    q01_section_map@10                     3154.2 ops/s  p50=  2.015ms p99=  17.792ms  errors=0
    q02_event_sections@10                  3254.6 ops/s  p50=  1.671ms p99=  30.591ms  errors=0
    q03_event_available@10                 2988.3 ops/s  p50=  1.898ms p99=  27.973ms  errors=0
    q01_section_map@100                    1740.0 ops/s  p50=  3.838ms p99=  20.873ms  errors=0
    q02_event_sections@100                 1998.6 ops/s  p50=  3.261ms p99=  21.370ms  errors=0
    q03_event_available@100                2061.0 ops/s  p50=  3.071ms p99=  21.539ms  errors=0
    q01_section_map@1000                   1245.7 ops/s  p50=  4.879ms p99=  30.648ms  errors=0
    q02_event_sections@1000                 866.1 ops/s  p50=  5.464ms p99=  50.197ms  errors=0
    q03_event_available@1000                951.0 ops/s  p50=  6.013ms p99=  37.714ms  errors=0
    q01_section_map@10000                   874.6 ops/s  p50=  6.511ms p99=  40.353ms  errors=0
    q02_event_sections@10000                179.7 ops/s  p50= 23.244ms p99= 279.966ms  errors=0
    q03_event_available@10000               215.3 ops/s  p50= 18.241ms p99= 191.485ms  errors=0
    q01_section_map@100000                  392.2 ops/s  p50= 13.815ms p99=  67.491ms  errors=0
    q02_event_sections@100000                17.9 ops/s  p50=297.084ms p99=1974.958ms  errors=0
    q03_event_available@100000               20.4 ops/s  p50=296.043ms p99=1994.677ms  errors=0
    q04_hold_seats                         1636.6 ops/s  p50=  3.934ms p99=  23.514ms  errors=0
    q05_customer_tickets                   3290.4 ops/s  p50=  1.980ms p99=  16.699ms  errors=0
    q06_ticket_by_id                       5103.5 ops/s  p50=  1.067ms p99=  28.296ms  errors=0
  write benchmark (fresh load per op):
    hold                                      3.1 ops/s  p50=2173.364ms p99=5835.870ms  rejected=0 retries=0 errors=0
      audit after hold: consistent (658 events, 70122 tickets; rejections late=0 boundary=0)
    release                                 284.2 ops/s  p50= 23.902ms p99=  55.763ms  rejected=0 retries=0 errors=0
      audit after release: consistent (658 events, 56103 tickets; rejections late=0 boundary=0)
    cancel                                  247.2 ops/s  p50= 28.612ms p99=  57.421ms  rejected=0 retries=0 errors=0
      audit after cancel: consistent (658 events, 40838 tickets; rejections late=0 boundary=0)
    publish@10                              165.7 ops/s  p50= 18.396ms p99=  59.751ms  rejected=0 retries=0 errors=0
    publish@100                             119.2 ops/s  p50= 28.120ms p99=  60.693ms  rejected=0 retries=0 errors=0
    publish@1000                             41.2 ops/s  p50= 85.081ms p99= 135.699ms  rejected=0 retries=0 errors=0
    publish@10000                             6.0 ops/s  p50=328.692ms p99= 328.692ms  rejected=0 retries=0 errors=0
    publish@100000                            0.5 ops/s  p50=4151.720ms p99=4151.720ms  rejected=0 retries=0 errors=0
      audit after publish: consistent (2887 events, 56103 tickets; rejections late=0 boundary=0)
  race trial 1/1 (32 buyers per event, fresh load):
      race event 501: gate 2026-09-15T15:56:32.301796566Z, deadline 2026-09-15T15:57:32.301796566Z
      race event 502: gate 2026-09-15T15:56:34.425946623Z, deadline 2026-09-15T15:57:34.425946623Z
      race event 503: gate 2026-09-15T15:56:35.015155181Z, deadline 2026-09-15T15:57:35.015155181Z
      race event 504: gate 2026-09-15T15:56:35.759233648Z, deadline 2026-09-15T15:57:35.759233648Z
      race event 505: gate 2026-09-15T15:56:36.386749326Z, deadline 2026-09-15T15:57:36.386749326Z
      race event 506: gate 2026-09-15T15:56:36.892980938Z, deadline 2026-09-15T15:57:36.892980938Z
      race event 507: gate 2026-09-15T15:56:37.529206639Z, deadline 2026-09-15T15:57:37.529206639Z
      race event 508: gate 2026-09-15T15:56:38.184386901Z, deadline 2026-09-15T15:57:38.184386901Z
      race event 509: gate 2026-09-15T15:56:38.592288362Z, deadline 2026-09-15T15:57:38.592288362Z
      race event 510: gate 2026-09-15T15:56:38.927766376Z, deadline 2026-09-15T15:57:38.927766376Z
      race event 511: gate 2026-09-15T15:56:39.486110293Z, deadline 2026-09-15T15:57:39.486110293Z
      race event 512: gate 2026-09-15T15:56:39.849105689Z, deadline 2026-09-15T15:57:39.849105689Z
      race event 513: gate 2026-09-15T15:56:40.371989742Z, deadline 2026-09-15T15:57:40.371989742Z
      race event 514: gate 2026-09-15T15:56:40.98076725Z, deadline 2026-09-15T15:57:40.98076725Z
      race event 515: gate 2026-09-15T15:56:41.437025491Z, deadline 2026-09-15T15:57:41.437025491Z
      race event 516: gate 2026-09-15T15:56:42.171363906Z, deadline 2026-09-15T15:57:42.171363906Z
      race event 517: gate 2026-09-15T15:56:42.478274352Z, deadline 2026-09-15T15:57:42.478274352Z
      race event 518: gate 2026-09-15T15:56:43.108346819Z, deadline 2026-09-15T15:57:43.108346819Z
      race event 519: gate 2026-09-15T15:56:43.757773047Z, deadline 2026-09-15T15:57:43.757773047Z
      race event 520: gate 2026-09-15T15:56:44.637218378Z, deadline 2026-09-15T15:57:44.637218378Z
      race event 521: gate 2026-09-15T15:56:45.425234708Z, deadline 2026-09-15T15:57:45.425234708Z
      race event 522: gate 2026-09-15T15:56:46.001532632Z, deadline 2026-09-15T15:57:46.001532632Z
      race event 523: gate 2026-09-15T15:56:46.651150308Z, deadline 2026-09-15T15:57:46.651150308Z
      race event 524: gate 2026-09-15T15:56:47.016348711Z, deadline 2026-09-15T15:57:47.016348711Z
      race event 525: gate 2026-09-15T15:56:47.843633079Z, deadline 2026-09-15T15:57:47.843633079Z
      race event 526: gate 2026-09-15T15:56:48.652829363Z, deadline 2026-09-15T15:57:48.652829363Z
      race event 527: gate 2026-09-15T15:56:49.151044629Z, deadline 2026-09-15T15:57:49.151044629Z
      race event 528: gate 2026-09-15T15:56:49.635973552Z, deadline 2026-09-15T15:57:49.635973552Z
      race event 529: gate 2026-09-15T15:56:50.011531428Z, deadline 2026-09-15T15:57:50.011531428Z
      race event 530: gate 2026-09-15T15:56:50.72874518Z, deadline 2026-09-15T15:57:50.72874518Z
      race event 531: gate 2026-09-15T15:56:51.352917473Z, deadline 2026-09-15T15:57:51.352917473Z
      race event 532: gate 2026-09-15T15:56:51.714689025Z, deadline 2026-09-15T15:57:51.714689025Z
      race event 533: gate 2026-09-15T15:56:52.327125008Z, deadline 2026-09-15T15:57:52.327125008Z
      race event 534: gate 2026-09-15T15:56:53.154972404Z, deadline 2026-09-15T15:57:53.154972404Z
      race event 535: gate 2026-09-15T15:56:53.589259438Z, deadline 2026-09-15T15:57:53.589259438Z
      race event 536: gate 2026-09-15T15:56:54.215052401Z, deadline 2026-09-15T15:57:54.215052401Z
      race event 537: gate 2026-09-15T15:56:55.11836281Z, deadline 2026-09-15T15:57:55.11836281Z
      race event 538: gate 2026-09-15T15:56:55.633940304Z, deadline 2026-09-15T15:57:55.633940304Z
      race event 539: gate 2026-09-15T15:56:56.219654322Z, deadline 2026-09-15T15:57:56.219654322Z
      race event 540: gate 2026-09-15T15:56:56.680929931Z, deadline 2026-09-15T15:57:56.680929931Z
      race event 541: gate 2026-09-15T15:56:57.251090426Z, deadline 2026-09-15T15:57:57.251090426Z
      race event 542: gate 2026-09-15T15:56:57.552278569Z, deadline 2026-09-15T15:57:57.552278569Z
      race event 543: gate 2026-09-15T15:57:02.408163261Z, deadline 2026-09-15T15:58:02.408163261Z
      race event 544: gate 2026-09-15T15:57:02.92907274Z, deadline 2026-09-15T15:58:02.92907274Z
      race event 545: gate 2026-09-15T15:57:03.902355262Z, deadline 2026-09-15T15:58:03.902355262Z
      race event 546: gate 2026-09-15T15:57:04.189654483Z, deadline 2026-09-15T15:58:04.189654483Z
      race event 547: gate 2026-09-15T15:57:04.896557792Z, deadline 2026-09-15T15:58:04.896557792Z
      race event 548: gate 2026-09-15T15:57:05.322405812Z, deadline 2026-09-15T15:58:05.322405812Z
      race event 549: gate 2026-09-15T15:57:05.810115709Z, deadline 2026-09-15T15:58:05.810115709Z
      race event 550: gate 2026-09-15T15:57:06.138928371Z, deadline 2026-09-15T15:58:06.138928371Z
      race event 551: gate 2026-09-15T15:57:06.624248287Z, deadline 2026-09-15T15:58:06.624248287Z
      race event 552: gate 2026-09-15T15:57:07.345583338Z, deadline 2026-09-15T15:58:07.345583338Z
      race event 553: gate 2026-09-15T15:57:07.80676756Z, deadline 2026-09-15T15:58:07.80676756Z
      race event 554: gate 2026-09-15T15:57:08.198696588Z, deadline 2026-09-15T15:58:08.198696588Z
      race event 555: gate 2026-09-15T15:57:08.557163988Z, deadline 2026-09-15T15:58:08.557163988Z
      race event 556: gate 2026-09-15T15:57:09.15344495Z, deadline 2026-09-15T15:58:09.15344495Z
      race event 557: gate 2026-09-15T15:57:09.712862256Z, deadline 2026-09-15T15:58:09.712862256Z
      race event 558: gate 2026-09-15T15:57:10.340815336Z, deadline 2026-09-15T15:58:10.340815336Z
      race event 559: gate 2026-09-15T15:57:10.557377859Z, deadline 2026-09-15T15:58:10.557377859Z
      race event 560: gate 2026-09-15T15:57:11.215124753Z, deadline 2026-09-15T15:58:11.215124753Z
      race event 561: gate 2026-09-15T15:57:11.749123993Z, deadline 2026-09-15T15:58:11.749123993Z
      race event 562: gate 2026-09-15T15:57:12.371506106Z, deadline 2026-09-15T15:58:12.371506106Z
      race event 563: gate 2026-09-15T15:57:13.10330314Z, deadline 2026-09-15T15:58:13.10330314Z
      race event 564: gate 2026-09-15T15:57:13.921796121Z, deadline 2026-09-15T15:58:13.921796121Z
      race event 565: gate 2026-09-15T15:57:14.640280272Z, deadline 2026-09-15T15:58:14.640280272Z
      race event 566: gate 2026-09-15T15:57:15.424627563Z, deadline 2026-09-15T15:58:15.424627563Z
      race event 567: gate 2026-09-15T15:57:16.2026231Z, deadline 2026-09-15T15:58:16.2026231Z
      race event 568: gate 2026-09-15T15:57:16.409583344Z, deadline 2026-09-15T15:58:16.409583344Z
      race event 569: gate 2026-09-15T15:57:17.203125346Z, deadline 2026-09-15T15:58:17.203125346Z
      race event 570: gate 2026-09-15T15:57:17.750571321Z, deadline 2026-09-15T15:58:17.750571321Z
      race event 571: gate 2026-09-15T15:57:18.122287307Z, deadline 2026-09-15T15:58:18.122287307Z
      race event 572: gate 2026-09-15T15:57:18.759403858Z, deadline 2026-09-15T15:58:18.759403858Z
      race event 573: gate 2026-09-15T15:57:18.971084109Z, deadline 2026-09-15T15:58:18.971084109Z
      race event 574: gate 2026-09-15T15:57:19.348413719Z, deadline 2026-09-15T15:58:19.348413719Z
      race event 575: gate 2026-09-15T15:57:19.800931349Z, deadline 2026-09-15T15:58:19.800931349Z
      race event 576: gate 2026-09-15T15:57:20.369159088Z, deadline 2026-09-15T15:58:20.369159088Z
      race event 577: gate 2026-09-15T15:57:20.870624537Z, deadline 2026-09-15T15:58:20.870624537Z
      race event 578: gate 2026-09-15T15:57:21.292746528Z, deadline 2026-09-15T15:58:21.292746528Z
      race event 579: gate 2026-09-15T15:57:22.04955733Z, deadline 2026-09-15T15:58:22.04955733Z
      race event 580: gate 2026-09-15T15:57:22.590737894Z, deadline 2026-09-15T15:58:22.590737894Z
      race event 581: gate 2026-09-15T15:57:23.046044506Z, deadline 2026-09-15T15:58:23.046044506Z
      race event 582: gate 2026-09-15T15:57:23.646160111Z, deadline 2026-09-15T15:58:23.646160111Z
      race event 583: gate 2026-09-15T15:57:24.543260094Z, deadline 2026-09-15T15:58:24.543260094Z
      race event 584: gate 2026-09-15T15:57:25.399947838Z, deadline 2026-09-15T15:58:25.399947838Z
      race event 585: gate 2026-09-15T15:57:26.038548904Z, deadline 2026-09-15T15:58:26.038548904Z
      race event 586: gate 2026-09-15T15:57:26.734407745Z, deadline 2026-09-15T15:58:26.734407745Z
      race event 587: gate 2026-09-15T15:57:27.107580034Z, deadline 2026-09-15T15:58:27.107580034Z
      race event 588: gate 2026-09-15T15:57:27.39451022Z, deadline 2026-09-15T15:58:27.39451022Z
      race event 589: gate 2026-09-15T15:57:27.976655518Z, deadline 2026-09-15T15:58:27.976655518Z
      race event 590: gate 2026-09-15T15:57:28.569299938Z, deadline 2026-09-15T15:58:28.569299938Z
      race event 591: gate 2026-09-15T15:57:29.031144743Z, deadline 2026-09-15T15:58:29.031144743Z
      race event 592: gate 2026-09-15T15:57:29.436483949Z, deadline 2026-09-15T15:58:29.436483949Z
      race event 593: gate 2026-09-15T15:57:30.243013312Z, deadline 2026-09-15T15:58:30.243013312Z
      race event 594: gate 2026-09-15T15:57:30.732139166Z, deadline 2026-09-15T15:58:30.732139166Z
      race event 595: gate 2026-09-15T15:57:31.456899925Z, deadline 2026-09-15T15:58:31.456899925Z
      race event 596: gate 2026-09-15T15:57:32.006026782Z, deadline 2026-09-15T15:58:32.006026782Z
      race event 597: gate 2026-09-15T15:57:32.347437939Z, deadline 2026-09-15T15:58:32.347437939Z
      race event 598: gate 2026-09-15T15:57:33.129668037Z, deadline 2026-09-15T15:58:33.129668037Z
      race event 599: gate 2026-09-15T15:57:37.642950358Z, deadline 2026-09-15T15:58:37.642950358Z
      race event 600: gate 2026-09-15T15:57:38.234524076Z, deadline 2026-09-15T15:58:38.234524076Z
    race     10 seats x100       22.6 seats/s  conflicts/hold=8.11 reads/hold=16.67  hold p50=53.60ms p99=472.46ms  deferred 53/53 ok  confirm retries sold/run=0/0  errors=0  ok
      audit: consistent (100 events, 1000 tickets; rejections late=0 boundary=0)
      race event 601: gate 2026-09-15T15:57:39.677216597Z, deadline 2026-09-15T15:58:39.677216597Z
      race event 602: gate 2026-09-15T15:57:41.481262341Z, deadline 2026-09-15T15:58:41.481262341Z
      race event 603: gate 2026-09-15T15:57:43.388875769Z, deadline 2026-09-15T15:58:43.388875769Z
      race event 604: gate 2026-09-15T15:57:45.416597169Z, deadline 2026-09-15T15:58:45.416597169Z
      race event 605: gate 2026-09-15T15:57:47.190390809Z, deadline 2026-09-15T15:58:47.190390809Z
      race event 606: gate 2026-09-15T15:57:49.29308816Z, deadline 2026-09-15T15:58:49.29308816Z
      race event 607: gate 2026-09-15T15:57:51.836149228Z, deadline 2026-09-15T15:58:51.836149228Z
      race event 608: gate 2026-09-15T15:57:53.429988003Z, deadline 2026-09-15T15:58:53.429988003Z
      race event 609: gate 2026-09-15T15:57:55.117526539Z, deadline 2026-09-15T15:58:55.117526539Z
      race event 610: gate 2026-09-15T15:57:57.497253317Z, deadline 2026-09-15T15:58:57.497253317Z
      race event 611: gate 2026-09-15T15:57:59.69369828Z, deadline 2026-09-15T15:58:59.69369828Z
      race event 612: gate 2026-09-15T15:58:02.114497615Z, deadline 2026-09-15T15:59:02.114497615Z
      race event 613: gate 2026-09-15T15:58:04.276882862Z, deadline 2026-09-15T15:59:04.276882862Z
      race event 614: gate 2026-09-15T15:58:06.120787371Z, deadline 2026-09-15T15:59:06.120787371Z
      race event 615: gate 2026-09-15T15:58:07.826438095Z, deadline 2026-09-15T15:59:07.826438095Z
      race event 616: gate 2026-09-15T15:58:13.20737844Z, deadline 2026-09-15T15:59:13.20737844Z
      race event 617: gate 2026-09-15T15:58:15.166346269Z, deadline 2026-09-15T15:59:15.166346269Z
      race event 618: gate 2026-09-15T15:58:17.113282911Z, deadline 2026-09-15T15:59:17.113282911Z
      race event 619: gate 2026-09-15T15:58:19.186843085Z, deadline 2026-09-15T15:59:19.186843085Z
      race event 620: gate 2026-09-15T15:58:21.371096367Z, deadline 2026-09-15T15:59:21.371096367Z
    race    100 seats x20        53.3 seats/s  conflicts/hold=2.89 reads/hold=5.57  hold p50=62.25ms p99=477.30ms  deferred 90/90 ok  confirm retries sold/run=0/0  errors=0  ok
      audit: consistent (20 events, 2000 tickets; rejections late=0 boundary=0)
      race event 621: gate 2026-09-15T15:58:24.430689602Z, deadline 2026-09-15T15:59:24.430689602Z
      race event 622: gate 2026-09-15T15:58:37.021243683Z, deadline 2026-09-15T15:59:37.021243683Z
      race event 623: gate 2026-09-15T15:58:56.384017864Z, deadline 2026-09-15T15:59:56.384017864Z
      race event 624: gate 2026-09-15T15:59:11.546170469Z, deadline 2026-09-15T16:00:11.546170469Z
      race event 625: gate 2026-09-15T15:59:30.084407468Z, deadline 2026-09-15T16:00:30.084407468Z
    race   1000 seats x5         71.1 seats/s  conflicts/hold=0.90 reads/hold=3.15  hold p50=84.29ms p99=244.42ms  deferred 199/199 ok  confirm retries sold/run=0/0  errors=0  VIOLATIONS
      audit: VIOLATIONS — thefts 0, grants on sold seats 0, double sales 0, sales without the hold 0, late sales 0, early rejections 4 (transient 4), duplicate seats 0, inventory drift 0, invalid seats 0, partial holds 0, ticket mismatches 0
      race event 626: gate 2026-09-15T15:59:44.780785183Z, deadline 2026-09-15T16:00:44.780785183Z
      race event 627: gate 2026-09-15T16:00:53.272406717Z, deadline 2026-09-15T16:01:53.272406717Z
    race  10000 seats x2         50.3 seats/s  conflicts/hold=0.19 reads/hold=1.29  hold p50=131.54ms p99=370.11ms  deferred 235/235 ok  confirm retries sold/run=0/0  errors=0  VIOLATIONS, 2 timed out (30% sold)
      audit: VIOLATIONS — thefts 0, grants on sold seats 0, double sales 0, sales without the hold 0, late sales 0, early rejections 3 (transient 3), duplicate seats 0, inventory drift 0, invalid seats 0, partial holds 0, ticket mismatches 0
  lifecycle trial 1/1 (32 buyers per event, one human minute = 500ms, fresh load):
    lifecycle    10 seats x3       0.2 confirmed seats/s  holds=35 abandoned=7+2 expired@check=1 rejected late/boundary/early(transient)=0/0/0(0)  confirm retries sold/run=0/0  outage unavailable=0/0  leaked=0 errors=0  ok
      audit: consistent (3 events, 30 tickets; rejections late=0 boundary=0)
ERROR: lifecycle monitor event 639: ERROR: Timed out waiting kResponseSent, state: kRequestSent (SQLSTATE XX000)
  wrote /results/e2_cart_expiry.json
