  engine: PostgreSQL 15.12-YB-2025.2.6.0-b0 on x86_64-pc-linux-gnu, compiled by clang version 19.1.0 (https://github.com/yugabyte/llvm-project.git a2a6b655e14e7fa1fcf1011a6cb29cb8575249c0), 64-bit
  effective isolation for READ COMMITTED requests: read committed
  database clock minus client clock: 0.011 ms
  dataset: 5 venues, 658 events, 56103 tickets and 2217 holds at load
  loading k0_naive_confirm ...
  loaded in 32.7s (copy 4.9s, index 16.9s)
  verifying answers against ground truth ...
    58/58 checks passed (margin 573s); audit on load: consistent (658 events, 56103 tickets; rejections late=0 boundary=0)
  capturing plans ...
  read benchmark:
    q01_section_map@10                     3407.0 ops/s  p50=  1.830ms p99=  17.066ms  errors=0
    q02_event_sections@10                  4618.0 ops/s  p50=  1.168ms p99=  28.056ms  errors=0
    q03_event_available@10                 4661.6 ops/s  p50=  1.101ms p99=  31.905ms  errors=0
    q01_section_map@100                    2203.1 ops/s  p50=  2.700ms p99=  27.391ms  errors=0
    q02_event_sections@100                 3817.2 ops/s  p50=  1.360ms p99=  31.979ms  errors=0
    q03_event_available@100                4123.9 ops/s  p50=  1.175ms p99=  35.793ms  errors=0
    q01_section_map@1000                   1628.5 ops/s  p50=  3.302ms p99=  36.391ms  errors=0
    q02_event_sections@1000                2137.7 ops/s  p50=  2.135ms p99=  43.533ms  errors=0
    q03_event_available@1000               2336.2 ops/s  p50=  1.595ms p99=  53.351ms  errors=0
    q01_section_map@10000                  1193.1 ops/s  p50=  4.104ms p99=  44.906ms  errors=0
    q02_event_sections@10000                269.6 ops/s  p50= 16.590ms p99=  71.376ms  errors=0
    q03_event_available@10000               476.4 ops/s  p50=  5.294ms p99=  78.000ms  errors=0
    q01_section_map@100000                  746.5 ops/s  p50=  5.913ms p99=  54.800ms  errors=0
    q02_event_sections@100000                27.9 ops/s  p50=301.233ms p99= 372.364ms  errors=0
    q03_event_available@100000               55.1 ops/s  p50=114.632ms p99= 197.443ms  errors=0
    q04_hold_seats                          910.2 ops/s  p50=  5.085ms p99=  51.448ms  errors=0
    q05_customer_tickets                   3165.1 ops/s  p50=  2.034ms p99=  17.228ms  errors=0
    q06_ticket_by_id                       4906.2 ops/s  p50=  1.095ms p99=  28.050ms  errors=0
  write benchmark (fresh load per op):
    hold                                     14.8 ops/s  p50=482.936ms p99=1673.136ms  rejected=2 retries=0 errors=0
      audit after hold: consistent (658 events, 80566 tickets; rejections late=0 boundary=0)
    release                                 542.6 ops/s  p50= 11.862ms p99=  39.399ms  rejected=0 retries=0 errors=0
      audit after release: consistent (658 events, 56103 tickets; rejections late=0 boundary=0)
    cancel                                  239.4 ops/s  p50= 30.152ms p99=  58.570ms  rejected=0 retries=0 errors=0
      audit after cancel: consistent (658 events, 40875 tickets; rejections late=0 boundary=0)
    publish@10                              169.5 ops/s  p50= 19.894ms p99=  51.355ms  rejected=0 retries=0 errors=0
    publish@100                             137.8 ops/s  p50= 26.048ms p99=  52.121ms  rejected=0 retries=0 errors=0
    publish@1000                             37.6 ops/s  p50=102.685ms p99= 147.534ms  rejected=0 retries=0 errors=0
    publish@10000                             5.2 ops/s  p50=348.245ms p99= 348.245ms  rejected=0 retries=0 errors=0
    publish@100000                            0.5 ops/s  p50=3635.680ms p99=3635.680ms  rejected=0 retries=0 errors=0
      audit after publish: consistent (2887 events, 56103 tickets; rejections late=0 boundary=0)
  race trial 1/1 (32 buyers per event, fresh load):
      race event 501: gate 2026-09-15T17:21:07.72200201Z, deadline 2026-09-15T17:22:07.72200201Z
      race event 502: gate 2026-09-15T17:21:08.761554123Z, deadline 2026-09-15T17:22:08.761554123Z
      race event 503: gate 2026-09-15T17:21:09.430849763Z, deadline 2026-09-15T17:22:09.430849763Z
      race event 504: gate 2026-09-15T17:21:09.826031046Z, deadline 2026-09-15T17:22:09.826031046Z
      race event 505: gate 2026-09-15T17:21:10.051127345Z, deadline 2026-09-15T17:22:10.051127345Z
      race event 506: gate 2026-09-15T17:21:13.888999403Z, deadline 2026-09-15T17:22:13.888999403Z
      race event 507: gate 2026-09-15T17:21:14.314070215Z, deadline 2026-09-15T17:22:14.314070215Z
      race event 508: gate 2026-09-15T17:21:14.682404618Z, deadline 2026-09-15T17:22:14.682404618Z
      race event 509: gate 2026-09-15T17:21:15.088341655Z, deadline 2026-09-15T17:22:15.088341655Z
      race event 510: gate 2026-09-15T17:21:15.509956568Z, deadline 2026-09-15T17:22:15.509956568Z
      race event 511: gate 2026-09-15T17:21:15.861640149Z, deadline 2026-09-15T17:22:15.861640149Z
      race event 512: gate 2026-09-15T17:21:16.091852753Z, deadline 2026-09-15T17:22:16.091852753Z
      race event 513: gate 2026-09-15T17:21:16.550727545Z, deadline 2026-09-15T17:22:16.550727545Z
      race event 514: gate 2026-09-15T17:21:16.930731037Z, deadline 2026-09-15T17:22:16.930731037Z
      race event 515: gate 2026-09-15T17:21:17.10920752Z, deadline 2026-09-15T17:22:17.10920752Z
      race event 516: gate 2026-09-15T17:21:17.526669187Z, deadline 2026-09-15T17:22:17.526669187Z
      race event 517: gate 2026-09-15T17:21:17.693369932Z, deadline 2026-09-15T17:22:17.693369932Z
      race event 518: gate 2026-09-15T17:21:17.888256028Z, deadline 2026-09-15T17:22:17.888256028Z
      race event 519: gate 2026-09-15T17:21:18.311443262Z, deadline 2026-09-15T17:22:18.311443262Z
      race event 520: gate 2026-09-15T17:21:18.536047779Z, deadline 2026-09-15T17:22:18.536047779Z
      race event 521: gate 2026-09-15T17:21:18.887118593Z, deadline 2026-09-15T17:22:18.887118593Z
      race event 522: gate 2026-09-15T17:21:19.07658277Z, deadline 2026-09-15T17:22:19.07658277Z
      race event 523: gate 2026-09-15T17:21:19.505197146Z, deadline 2026-09-15T17:22:19.505197146Z
      race event 524: gate 2026-09-15T17:21:19.809931658Z, deadline 2026-09-15T17:22:19.809931658Z
      race event 525: gate 2026-09-15T17:21:20.305698361Z, deadline 2026-09-15T17:22:20.305698361Z
      race event 526: gate 2026-09-15T17:21:20.621205182Z, deadline 2026-09-15T17:22:20.621205182Z
      race event 527: gate 2026-09-15T17:21:21.113989291Z, deadline 2026-09-15T17:22:21.113989291Z
      race event 528: gate 2026-09-15T17:21:21.539714889Z, deadline 2026-09-15T17:22:21.539714889Z
      race event 529: gate 2026-09-15T17:21:21.986282356Z, deadline 2026-09-15T17:22:21.986282356Z
      race event 530: gate 2026-09-15T17:21:22.257073884Z, deadline 2026-09-15T17:22:22.257073884Z
      race event 531: gate 2026-09-15T17:21:22.824854216Z, deadline 2026-09-15T17:22:22.824854216Z
      race event 532: gate 2026-09-15T17:21:23.165417444Z, deadline 2026-09-15T17:22:23.165417444Z
      race event 533: gate 2026-09-15T17:21:23.417402798Z, deadline 2026-09-15T17:22:23.417402798Z
      race event 534: gate 2026-09-15T17:21:23.60263252Z, deadline 2026-09-15T17:22:23.60263252Z
      race event 535: gate 2026-09-15T17:21:23.985246322Z, deadline 2026-09-15T17:22:23.985246322Z
      race event 536: gate 2026-09-15T17:21:24.595169764Z, deadline 2026-09-15T17:22:24.595169764Z
      race event 537: gate 2026-09-15T17:21:24.839713962Z, deadline 2026-09-15T17:22:24.839713962Z
      race event 538: gate 2026-09-15T17:21:25.066505438Z, deadline 2026-09-15T17:22:25.066505438Z
      race event 539: gate 2026-09-15T17:21:25.239656829Z, deadline 2026-09-15T17:22:25.239656829Z
      race event 540: gate 2026-09-15T17:21:25.461033664Z, deadline 2026-09-15T17:22:25.461033664Z
      race event 541: gate 2026-09-15T17:21:25.690258717Z, deadline 2026-09-15T17:22:25.690258717Z
      race event 542: gate 2026-09-15T17:21:26.159272278Z, deadline 2026-09-15T17:22:26.159272278Z
      race event 543: gate 2026-09-15T17:21:26.700793358Z, deadline 2026-09-15T17:22:26.700793358Z
      race event 544: gate 2026-09-15T17:21:27.187296598Z, deadline 2026-09-15T17:22:27.187296598Z
      race event 545: gate 2026-09-15T17:21:27.600306896Z, deadline 2026-09-15T17:22:27.600306896Z
      race event 546: gate 2026-09-15T17:21:27.743450023Z, deadline 2026-09-15T17:22:27.743450023Z
      race event 547: gate 2026-09-15T17:21:27.933282674Z, deadline 2026-09-15T17:22:27.933282674Z
      race event 548: gate 2026-09-15T17:21:28.216814901Z, deadline 2026-09-15T17:22:28.216814901Z
      race event 549: gate 2026-09-15T17:21:28.516337063Z, deadline 2026-09-15T17:22:28.516337063Z
      race event 550: gate 2026-09-15T17:21:28.748943202Z, deadline 2026-09-15T17:22:28.748943202Z
      race event 551: gate 2026-09-15T17:21:29.009953776Z, deadline 2026-09-15T17:22:29.009953776Z
      race event 552: gate 2026-09-15T17:21:29.232807118Z, deadline 2026-09-15T17:22:29.232807118Z
      race event 553: gate 2026-09-15T17:21:29.544231192Z, deadline 2026-09-15T17:22:29.544231192Z
      race event 554: gate 2026-09-15T17:21:29.73992542Z, deadline 2026-09-15T17:22:29.73992542Z
      race event 555: gate 2026-09-15T17:21:29.989230201Z, deadline 2026-09-15T17:22:29.989230201Z
      race event 556: gate 2026-09-15T17:21:30.312487782Z, deadline 2026-09-15T17:22:30.312487782Z
      race event 557: gate 2026-09-15T17:21:30.654509899Z, deadline 2026-09-15T17:22:30.654509899Z
      race event 558: gate 2026-09-15T17:21:30.998913509Z, deadline 2026-09-15T17:22:30.998913509Z
      race event 559: gate 2026-09-15T17:21:31.434925521Z, deadline 2026-09-15T17:22:31.434925521Z
      race event 560: gate 2026-09-15T17:21:31.61508993Z, deadline 2026-09-15T17:22:31.61508993Z
      race event 561: gate 2026-09-15T17:21:31.790788194Z, deadline 2026-09-15T17:22:31.790788194Z
      race event 562: gate 2026-09-15T17:21:32.206904594Z, deadline 2026-09-15T17:22:32.206904594Z
      race event 563: gate 2026-09-15T17:21:32.638454869Z, deadline 2026-09-15T17:22:32.638454869Z
      race event 564: gate 2026-09-15T17:21:33.115030719Z, deadline 2026-09-15T17:22:33.115030719Z
      race event 565: gate 2026-09-15T17:21:33.615362875Z, deadline 2026-09-15T17:22:33.615362875Z
      race event 566: gate 2026-09-15T17:21:33.840071795Z, deadline 2026-09-15T17:22:33.840071795Z
      race event 567: gate 2026-09-15T17:21:34.0935045Z, deadline 2026-09-15T17:22:34.0935045Z
      race event 568: gate 2026-09-15T17:21:34.458366062Z, deadline 2026-09-15T17:22:34.458366062Z
      race event 569: gate 2026-09-15T17:21:34.961044773Z, deadline 2026-09-15T17:22:34.961044773Z
      race event 570: gate 2026-09-15T17:21:35.381503424Z, deadline 2026-09-15T17:22:35.381503424Z
      race event 571: gate 2026-09-15T17:21:35.71406566Z, deadline 2026-09-15T17:22:35.71406566Z
      race event 572: gate 2026-09-15T17:21:35.917881833Z, deadline 2026-09-15T17:22:35.917881833Z
      race event 573: gate 2026-09-15T17:21:36.076220206Z, deadline 2026-09-15T17:22:36.076220206Z
      race event 574: gate 2026-09-15T17:21:36.476070994Z, deadline 2026-09-15T17:22:36.476070994Z
      race event 575: gate 2026-09-15T17:21:36.77961103Z, deadline 2026-09-15T17:22:36.77961103Z
      race event 576: gate 2026-09-15T17:21:37.244063421Z, deadline 2026-09-15T17:22:37.244063421Z
      race event 577: gate 2026-09-15T17:21:37.53378985Z, deadline 2026-09-15T17:22:37.53378985Z
      race event 578: gate 2026-09-15T17:21:37.787583928Z, deadline 2026-09-15T17:22:37.787583928Z
      race event 579: gate 2026-09-15T17:21:38.239875335Z, deadline 2026-09-15T17:22:38.239875335Z
      race event 580: gate 2026-09-15T17:21:38.549299502Z, deadline 2026-09-15T17:22:38.549299502Z
      race event 581: gate 2026-09-15T17:21:38.805056117Z, deadline 2026-09-15T17:22:38.805056117Z
      race event 582: gate 2026-09-15T17:21:39.321810763Z, deadline 2026-09-15T17:22:39.321810763Z
      race event 583: gate 2026-09-15T17:21:39.754157775Z, deadline 2026-09-15T17:22:39.754157775Z
      race event 584: gate 2026-09-15T17:21:40.010950055Z, deadline 2026-09-15T17:22:40.010950055Z
      race event 585: gate 2026-09-15T17:21:40.344775739Z, deadline 2026-09-15T17:22:40.344775739Z
      race event 586: gate 2026-09-15T17:21:40.543199986Z, deadline 2026-09-15T17:22:40.543199986Z
      race event 587: gate 2026-09-15T17:21:40.85045874Z, deadline 2026-09-15T17:22:40.85045874Z
      race event 588: gate 2026-09-15T17:21:41.102801053Z, deadline 2026-09-15T17:22:41.102801053Z
      race event 589: gate 2026-09-15T17:21:41.539221383Z, deadline 2026-09-15T17:22:41.539221383Z
      race event 590: gate 2026-09-15T17:21:41.812228683Z, deadline 2026-09-15T17:22:41.812228683Z
      race event 591: gate 2026-09-15T17:21:41.999887386Z, deadline 2026-09-15T17:22:41.999887386Z
      race event 592: gate 2026-09-15T17:21:42.286041831Z, deadline 2026-09-15T17:22:42.286041831Z
      race event 593: gate 2026-09-15T17:21:42.491597646Z, deadline 2026-09-15T17:22:42.491597646Z
      race event 594: gate 2026-09-15T17:21:42.740356474Z, deadline 2026-09-15T17:22:42.740356474Z
      race event 595: gate 2026-09-15T17:21:43.181790819Z, deadline 2026-09-15T17:22:43.181790819Z
      race event 596: gate 2026-09-15T17:21:43.511150832Z, deadline 2026-09-15T17:22:43.511150832Z
      race event 597: gate 2026-09-15T17:21:43.869793918Z, deadline 2026-09-15T17:22:43.869793918Z
      race event 598: gate 2026-09-15T17:21:44.106668209Z, deadline 2026-09-15T17:22:44.106668209Z
      race event 599: gate 2026-09-15T17:21:44.454868478Z, deadline 2026-09-15T17:22:44.454868478Z
      race event 600: gate 2026-09-15T17:21:44.735275706Z, deadline 2026-09-15T17:22:44.735275706Z
    race     10 seats x100       43.9 seats/s  conflicts/hold=7.17 reads/hold=15.12  hold p50=28.60ms p99=292.72ms  deferred 51/51 ok  confirm retries sold/run=0/0  errors=0  ok
      audit: consistent (100 events, 1000 tickets; rejections late=0 boundary=0)
      race event 601: gate 2026-09-15T17:21:45.867803617Z, deadline 2026-09-15T17:22:45.867803617Z
      race event 602: gate 2026-09-15T17:21:50.606838059Z, deadline 2026-09-15T17:22:50.606838059Z
      race event 603: gate 2026-09-15T17:21:51.713176992Z, deadline 2026-09-15T17:22:51.713176992Z
      race event 604: gate 2026-09-15T17:21:52.92179941Z, deadline 2026-09-15T17:22:52.92179941Z
      race event 605: gate 2026-09-15T17:21:53.881423319Z, deadline 2026-09-15T17:22:53.881423319Z
      race event 606: gate 2026-09-15T17:21:55.048359443Z, deadline 2026-09-15T17:22:55.048359443Z
      race event 607: gate 2026-09-15T17:21:56.450413546Z, deadline 2026-09-15T17:22:56.450413546Z
      race event 608: gate 2026-09-15T17:21:57.73508333Z, deadline 2026-09-15T17:22:57.73508333Z
      race event 609: gate 2026-09-15T17:21:58.705835649Z, deadline 2026-09-15T17:22:58.705835649Z
      race event 610: gate 2026-09-15T17:22:00.061863021Z, deadline 2026-09-15T17:23:00.061863021Z
      race event 611: gate 2026-09-15T17:22:01.420361449Z, deadline 2026-09-15T17:23:01.420361449Z
      race event 612: gate 2026-09-15T17:22:02.944366794Z, deadline 2026-09-15T17:23:02.944366794Z
      race event 613: gate 2026-09-15T17:22:04.2750734Z, deadline 2026-09-15T17:23:04.2750734Z
      race event 614: gate 2026-09-15T17:22:05.457758775Z, deadline 2026-09-15T17:23:05.457758775Z
      race event 615: gate 2026-09-15T17:22:06.672033888Z, deadline 2026-09-15T17:23:06.672033888Z
      race event 616: gate 2026-09-15T17:22:07.915980749Z, deadline 2026-09-15T17:23:07.915980749Z
      race event 617: gate 2026-09-15T17:22:09.260062962Z, deadline 2026-09-15T17:23:09.260062962Z
      race event 618: gate 2026-09-15T17:22:10.497645251Z, deadline 2026-09-15T17:23:10.497645251Z
      race event 619: gate 2026-09-15T17:22:11.723990138Z, deadline 2026-09-15T17:23:11.723990138Z
      race event 620: gate 2026-09-15T17:22:13.03649607Z, deadline 2026-09-15T17:23:13.03649607Z
    race    100 seats x20        89.1 seats/s  conflicts/hold=2.87 reads/hold=5.41  hold p50=33.52ms p99=237.37ms  deferred 102/102 ok  confirm retries sold/run=0/0  errors=0  ok
      audit: consistent (20 events, 2000 tickets; rejections late=0 boundary=0)
      race event 621: gate 2026-09-15T17:22:15.044059399Z, deadline 2026-09-15T17:23:15.044059399Z
      race event 622: gate 2026-09-15T17:22:27.320943259Z, deadline 2026-09-15T17:23:27.320943259Z
      race event 623: gate 2026-09-15T17:22:37.174050748Z, deadline 2026-09-15T17:23:37.174050748Z
      race event 624: gate 2026-09-15T17:22:46.613902345Z, deadline 2026-09-15T17:23:46.613902345Z
      race event 625: gate 2026-09-15T17:22:56.352442104Z, deadline 2026-09-15T17:23:56.352442104Z
    race   1000 seats x5        109.4 seats/s  conflicts/hold=1.02 reads/hold=3.43  hold p50=51.44ms p99=188.02ms  deferred 204/204 ok  confirm retries sold/run=0/0  errors=0  ok
      audit: consistent (5 events, 5000 tickets; rejections late=0 boundary=0)
      race event 626: gate 2026-09-15T17:23:10.079879919Z, deadline 2026-09-15T17:24:10.079879919Z
      race event 627: gate 2026-09-15T17:24:18.660733387Z, deadline 2026-09-15T17:25:18.660733387Z
    race  10000 seats x2        107.9 seats/s  conflicts/hold=0.18 reads/hold=1.47  hold p50=82.74ms p99=191.12ms  deferred 547/547 ok  confirm retries sold/run=0/0  errors=0  ok, 2 timed out (65% sold)
      audit: consistent (2 events, 12983 tickets; rejections late=0 boundary=0)
  lifecycle trial 1/1 (32 buyers per event, one human minute = 500ms, fresh load):
    lifecycle    10 seats x3       0.3 confirmed seats/s  holds=28 abandoned=3+5 expired@check=0 rejected late/boundary/early(transient)=0/0/0(0)  confirm retries sold/run=0/0  outage unavailable=0/0  leaked=0 errors=0  ok
      audit: consistent (3 events, 30 tickets; rejections late=0 boundary=0)
    lifecycle   100 seats x3       1.5 confirmed seats/s  holds=223 abandoned=33+22 expired@check=7 rejected late/boundary/early(transient)=0/0/0(0)  confirm retries sold/run=0/0  outage unavailable=0/0  leaked=0 errors=0  VIOLATIONS
      audit: VIOLATIONS — thefts 0, grants on sold seats 0, double sales 0, sales without the hold 2, late sales 2, early rejections 0 (transient 0), duplicate seats 0, inventory drift 0, invalid seats 0, partial holds 0, ticket mismatches 0
  wrote /results/k0_naive_confirm.json
