  engine: PostgreSQL 15.12-YB-2025.2.6.0-b0 on x86_64-pc-linux-gnu, compiled by clang version 19.1.0 (https://github.com/yugabyte/llvm-project.git a2a6b655e14e7fa1fcf1011a6cb29cb8575249c0), 64-bit
  effective isolation for READ COMMITTED requests: read committed
  database clock minus client clock: 0.011 ms
  dataset: 5 venues, 658 events, 56103 tickets and 2217 holds at load
  loading k1_payment_window ...
  loaded in 28.9s (copy 4.1s, index 15.0s)
  verifying answers against ground truth ...
    58/58 checks passed (margin 575s); audit on load: consistent (658 events, 56103 tickets; rejections late=0 boundary=0)
  capturing plans ...
  read benchmark:
    q01_section_map@10                     3951.1 ops/s  p50=  1.610ms p99=  16.956ms  errors=0
    q02_event_sections@10                  5185.8 ops/s  p50=  1.060ms p99=  27.503ms  errors=0
    q03_event_available@10                 4740.6 ops/s  p50=  1.124ms p99=  29.212ms  errors=0
    q01_section_map@100                    2663.6 ops/s  p50=  2.225ms p99=  27.156ms  errors=0
    q02_event_sections@100                 4156.3 ops/s  p50=  1.290ms p99=  30.549ms  errors=0
    q03_event_available@100                4264.0 ops/s  p50=  1.179ms p99=  35.359ms  errors=0
    q01_section_map@1000                   1895.2 ops/s  p50=  2.821ms p99=  36.174ms  errors=0
    q02_event_sections@1000                2403.8 ops/s  p50=  1.885ms p99=  43.556ms  errors=0
    q03_event_available@1000               2596.7 ops/s  p50=  1.451ms p99=  53.255ms  errors=0
    q01_section_map@10000                  1385.4 ops/s  p50=  3.488ms p99=  44.639ms  errors=0
    q02_event_sections@10000                316.0 ops/s  p50= 13.397ms p99=  68.544ms  errors=0
    q03_event_available@10000               532.3 ops/s  p50=  4.563ms p99=  76.985ms  errors=0
    q01_section_map@100000                  635.9 ops/s  p50=  7.926ms p99=  52.532ms  errors=0
    q02_event_sections@100000                28.4 ops/s  p50=297.297ms p99= 367.511ms  errors=0
    q03_event_available@100000               55.3 ops/s  p50=116.273ms p99= 205.030ms  errors=0
    q04_hold_seats                          858.1 ops/s  p50=  4.893ms p99=  51.528ms  errors=0
    q05_customer_tickets                   3145.2 ops/s  p50=  2.204ms p99=  11.694ms  errors=0
    q06_ticket_by_id                       5054.3 ops/s  p50=  1.133ms p99=  25.634ms  errors=0
  write benchmark (fresh load per op):
    hold                                     18.5 ops/s  p50=393.632ms p99=1622.565ms  rejected=0 retries=0 errors=0
      audit after hold: consistent (658 events, 80754 tickets; rejections late=0 boundary=0)
    release                                 580.4 ops/s  p50= 10.427ms p99=  40.741ms  rejected=0 retries=0 errors=0
      audit after release: consistent (658 events, 56103 tickets; rejections late=0 boundary=0)
    cancel                                  261.5 ops/s  p50= 27.141ms p99=  54.632ms  rejected=0 retries=0 errors=0
      audit after cancel: consistent (658 events, 40765 tickets; rejections late=0 boundary=0)
    publish@10                              202.1 ops/s  p50= 16.324ms p99=  50.775ms  rejected=0 retries=0 errors=0
    publish@100                             141.1 ops/s  p50= 23.425ms p99=  69.450ms  rejected=0 retries=0 errors=0
    publish@1000                             57.2 ops/s  p50= 64.059ms p99=  81.915ms  rejected=0 retries=0 errors=0
    publish@10000                             6.0 ops/s  p50=300.178ms p99= 300.178ms  rejected=0 retries=0 errors=0
    publish@100000                            0.4 ops/s  p50=4825.093ms p99=4825.093ms  rejected=0 retries=0 errors=0
      audit after publish: consistent (2887 events, 56103 tickets; rejections late=0 boundary=0)
  race trial 1/1 (32 buyers per event, fresh load):
      race event 501: gate 2026-09-15T11:09:48.552130902Z, deadline 2026-09-15T11:10:48.552130902Z
      race event 502: gate 2026-09-15T11:09:49.30384672Z, deadline 2026-09-15T11:10:49.30384672Z
      race event 503: gate 2026-09-15T11:09:49.857339857Z, deadline 2026-09-15T11:10:49.857339857Z
      race event 504: gate 2026-09-15T11:09:50.304513035Z, deadline 2026-09-15T11:10:50.304513035Z
      race event 505: gate 2026-09-15T11:09:50.611686402Z, deadline 2026-09-15T11:10:50.611686402Z
      race event 506: gate 2026-09-15T11:09:50.865853873Z, deadline 2026-09-15T11:10:50.865853873Z
      race event 507: gate 2026-09-15T11:09:51.105211978Z, deadline 2026-09-15T11:10:51.105211978Z
      race event 508: gate 2026-09-15T11:09:51.358401919Z, deadline 2026-09-15T11:10:51.358401919Z
      race event 509: gate 2026-09-15T11:09:51.607654739Z, deadline 2026-09-15T11:10:51.607654739Z
      race event 510: gate 2026-09-15T11:09:51.766320276Z, deadline 2026-09-15T11:10:51.766320276Z
      race event 511: gate 2026-09-15T11:09:52.080935362Z, deadline 2026-09-15T11:10:52.080935362Z
      race event 512: gate 2026-09-15T11:09:52.493990709Z, deadline 2026-09-15T11:10:52.493990709Z
      race event 513: gate 2026-09-15T11:09:52.747290971Z, deadline 2026-09-15T11:10:52.747290971Z
      race event 514: gate 2026-09-15T11:09:53.233619106Z, deadline 2026-09-15T11:10:53.233619106Z
      race event 515: gate 2026-09-15T11:09:53.416208656Z, deadline 2026-09-15T11:10:53.416208656Z
      race event 516: gate 2026-09-15T11:09:53.790908229Z, deadline 2026-09-15T11:10:53.790908229Z
      race event 517: gate 2026-09-15T11:09:54.159615605Z, deadline 2026-09-15T11:10:54.159615605Z
      race event 518: gate 2026-09-15T11:09:54.455542836Z, deadline 2026-09-15T11:10:54.455542836Z
      race event 519: gate 2026-09-15T11:09:54.921172865Z, deadline 2026-09-15T11:10:54.921172865Z
      race event 520: gate 2026-09-15T11:09:55.238424322Z, deadline 2026-09-15T11:10:55.238424322Z
      race event 521: gate 2026-09-15T11:09:55.730202431Z, deadline 2026-09-15T11:10:55.730202431Z
      race event 522: gate 2026-09-15T11:09:56.133309564Z, deadline 2026-09-15T11:10:56.133309564Z
      race event 523: gate 2026-09-15T11:09:56.527565904Z, deadline 2026-09-15T11:10:56.527565904Z
      race event 524: gate 2026-09-15T11:09:56.652670522Z, deadline 2026-09-15T11:10:56.652670522Z
      race event 525: gate 2026-09-15T11:09:57.049006008Z, deadline 2026-09-15T11:10:57.049006008Z
      race event 526: gate 2026-09-15T11:09:57.31492688Z, deadline 2026-09-15T11:10:57.31492688Z
      race event 527: gate 2026-09-15T11:09:57.902450882Z, deadline 2026-09-15T11:10:57.902450882Z
      race event 528: gate 2026-09-15T11:09:58.243872641Z, deadline 2026-09-15T11:10:58.243872641Z
      race event 529: gate 2026-09-15T11:09:58.543938583Z, deadline 2026-09-15T11:10:58.543938583Z
      race event 530: gate 2026-09-15T11:09:58.807009852Z, deadline 2026-09-15T11:10:58.807009852Z
      race event 531: gate 2026-09-15T11:09:59.060598236Z, deadline 2026-09-15T11:10:59.060598236Z
      race event 532: gate 2026-09-15T11:09:59.294757907Z, deadline 2026-09-15T11:10:59.294757907Z
      race event 533: gate 2026-09-15T11:09:59.491398875Z, deadline 2026-09-15T11:10:59.491398875Z
      race event 534: gate 2026-09-15T11:09:59.866093319Z, deadline 2026-09-15T11:10:59.866093319Z
      race event 535: gate 2026-09-15T11:10:00.346765562Z, deadline 2026-09-15T11:11:00.346765562Z
      race event 536: gate 2026-09-15T11:10:00.596617252Z, deadline 2026-09-15T11:11:00.596617252Z
      race event 537: gate 2026-09-15T11:10:00.909873373Z, deadline 2026-09-15T11:11:00.909873373Z
      race event 538: gate 2026-09-15T11:10:01.148543968Z, deadline 2026-09-15T11:11:01.148543968Z
      race event 539: gate 2026-09-15T11:10:01.509873745Z, deadline 2026-09-15T11:11:01.509873745Z
      race event 540: gate 2026-09-15T11:10:01.861008535Z, deadline 2026-09-15T11:11:01.861008535Z
      race event 541: gate 2026-09-15T11:10:02.114416728Z, deadline 2026-09-15T11:11:02.114416728Z
      race event 542: gate 2026-09-15T11:10:02.514150271Z, deadline 2026-09-15T11:11:02.514150271Z
      race event 543: gate 2026-09-15T11:10:02.815024178Z, deadline 2026-09-15T11:11:02.815024178Z
      race event 544: gate 2026-09-15T11:10:03.062382276Z, deadline 2026-09-15T11:11:03.062382276Z
      race event 545: gate 2026-09-15T11:10:03.460217774Z, deadline 2026-09-15T11:11:03.460217774Z
      race event 546: gate 2026-09-15T11:10:03.849246056Z, deadline 2026-09-15T11:11:03.849246056Z
      race event 547: gate 2026-09-15T11:10:04.220403835Z, deadline 2026-09-15T11:11:04.220403835Z
      race event 548: gate 2026-09-15T11:10:04.611363393Z, deadline 2026-09-15T11:11:04.611363393Z
      race event 549: gate 2026-09-15T11:10:04.782813673Z, deadline 2026-09-15T11:11:04.782813673Z
      race event 550: gate 2026-09-15T11:10:05.105652297Z, deadline 2026-09-15T11:11:05.105652297Z
      race event 551: gate 2026-09-15T11:10:05.248220587Z, deadline 2026-09-15T11:11:05.248220587Z
      race event 552: gate 2026-09-15T11:10:05.611820384Z, deadline 2026-09-15T11:11:05.611820384Z
      race event 553: gate 2026-09-15T11:10:05.807905889Z, deadline 2026-09-15T11:11:05.807905889Z
      race event 554: gate 2026-09-15T11:10:06.049553772Z, deadline 2026-09-15T11:11:06.049553772Z
      race event 555: gate 2026-09-15T11:10:06.330951172Z, deadline 2026-09-15T11:11:06.330951172Z
      race event 556: gate 2026-09-15T11:10:06.655399574Z, deadline 2026-09-15T11:11:06.655399574Z
      race event 557: gate 2026-09-15T11:10:06.993156371Z, deadline 2026-09-15T11:11:06.993156371Z
      race event 558: gate 2026-09-15T11:10:07.303034948Z, deadline 2026-09-15T11:11:07.303034948Z
      race event 559: gate 2026-09-15T11:10:07.571962331Z, deadline 2026-09-15T11:11:07.571962331Z
      race event 560: gate 2026-09-15T11:10:07.985402464Z, deadline 2026-09-15T11:11:07.985402464Z
      race event 561: gate 2026-09-15T11:10:08.302319832Z, deadline 2026-09-15T11:11:08.302319832Z
      race event 562: gate 2026-09-15T11:10:08.606736504Z, deadline 2026-09-15T11:11:08.606736504Z
      race event 563: gate 2026-09-15T11:10:08.817490297Z, deadline 2026-09-15T11:11:08.817490297Z
      race event 564: gate 2026-09-15T11:10:09.230676939Z, deadline 2026-09-15T11:11:09.230676939Z
      race event 565: gate 2026-09-15T11:10:09.632456744Z, deadline 2026-09-15T11:11:09.632456744Z
      race event 566: gate 2026-09-15T11:10:09.847650572Z, deadline 2026-09-15T11:11:09.847650572Z
      race event 567: gate 2026-09-15T11:10:10.104909884Z, deadline 2026-09-15T11:11:10.104909884Z
      race event 568: gate 2026-09-15T11:10:10.432460625Z, deadline 2026-09-15T11:11:10.432460625Z
      race event 569: gate 2026-09-15T11:10:10.730282198Z, deadline 2026-09-15T11:11:10.730282198Z
      race event 570: gate 2026-09-15T11:10:11.158719895Z, deadline 2026-09-15T11:11:11.158719895Z
      race event 571: gate 2026-09-15T11:10:11.441866689Z, deadline 2026-09-15T11:11:11.441866689Z
      race event 572: gate 2026-09-15T11:10:11.807325362Z, deadline 2026-09-15T11:11:11.807325362Z
      race event 573: gate 2026-09-15T11:10:12.242872859Z, deadline 2026-09-15T11:11:12.242872859Z
      race event 574: gate 2026-09-15T11:10:12.443817474Z, deadline 2026-09-15T11:11:12.443817474Z
      race event 575: gate 2026-09-15T11:10:12.698968493Z, deadline 2026-09-15T11:11:12.698968493Z
      race event 576: gate 2026-09-15T11:10:12.860341127Z, deadline 2026-09-15T11:11:12.860341127Z
      race event 577: gate 2026-09-15T11:10:13.239605626Z, deadline 2026-09-15T11:11:13.239605626Z
      race event 578: gate 2026-09-15T11:10:13.557714783Z, deadline 2026-09-15T11:11:13.557714783Z
      race event 579: gate 2026-09-15T11:10:13.84497218Z, deadline 2026-09-15T11:11:13.84497218Z
      race event 580: gate 2026-09-15T11:10:14.051246781Z, deadline 2026-09-15T11:11:14.051246781Z
      race event 581: gate 2026-09-15T11:10:14.323950507Z, deadline 2026-09-15T11:11:14.323950507Z
      race event 582: gate 2026-09-15T11:10:14.597144706Z, deadline 2026-09-15T11:11:14.597144706Z
      race event 583: gate 2026-09-15T11:10:14.895647719Z, deadline 2026-09-15T11:11:14.895647719Z
      race event 584: gate 2026-09-15T11:10:15.397203782Z, deadline 2026-09-15T11:11:15.397203782Z
      race event 585: gate 2026-09-15T11:10:15.708549854Z, deadline 2026-09-15T11:11:15.708549854Z
      race event 586: gate 2026-09-15T11:10:16.112340728Z, deadline 2026-09-15T11:11:16.112340728Z
      race event 587: gate 2026-09-15T11:10:16.288615119Z, deadline 2026-09-15T11:11:16.288615119Z
      race event 588: gate 2026-09-15T11:10:16.438450323Z, deadline 2026-09-15T11:11:16.438450323Z
      race event 589: gate 2026-09-15T11:10:16.85258324Z, deadline 2026-09-15T11:11:16.85258324Z
      race event 590: gate 2026-09-15T11:10:17.192458647Z, deadline 2026-09-15T11:11:17.192458647Z
      race event 591: gate 2026-09-15T11:10:20.97024201Z, deadline 2026-09-15T11:11:20.97024201Z
      race event 592: gate 2026-09-15T11:10:21.222856103Z, deadline 2026-09-15T11:11:21.222856103Z
      race event 593: gate 2026-09-15T11:10:21.501023584Z, deadline 2026-09-15T11:11:21.501023584Z
      race event 594: gate 2026-09-15T11:10:21.806934221Z, deadline 2026-09-15T11:11:21.806934221Z
      race event 595: gate 2026-09-15T11:10:21.959013298Z, deadline 2026-09-15T11:11:21.959013298Z
      race event 596: gate 2026-09-15T11:10:22.401097948Z, deadline 2026-09-15T11:11:22.401097948Z
      race event 597: gate 2026-09-15T11:10:22.583204055Z, deadline 2026-09-15T11:11:22.583204055Z
      race event 598: gate 2026-09-15T11:10:22.811614675Z, deadline 2026-09-15T11:11:22.811614675Z
      race event 599: gate 2026-09-15T11:10:23.083013267Z, deadline 2026-09-15T11:11:23.083013267Z
      race event 600: gate 2026-09-15T11:10:23.573783305Z, deadline 2026-09-15T11:11:23.573783305Z
    race     10 seats x100       46.0 seats/s  conflicts/hold=7.62 reads/hold=15.52  hold p50=26.92ms p99=282.25ms  deferred 61/61 ok  confirm retries sold/run=0/0  errors=0  ok
      audit: consistent (100 events, 1000 tickets; rejections late=0 boundary=0)
      race event 601: gate 2026-09-15T11:10:25.055739123Z, deadline 2026-09-15T11:11:25.055739123Z
      race event 602: gate 2026-09-15T11:10:26.13677471Z, deadline 2026-09-15T11:11:26.13677471Z
      race event 603: gate 2026-09-15T11:10:27.188110621Z, deadline 2026-09-15T11:11:27.188110621Z
      race event 604: gate 2026-09-15T11:10:28.295527961Z, deadline 2026-09-15T11:11:28.295527961Z
      race event 605: gate 2026-09-15T11:10:29.413444187Z, deadline 2026-09-15T11:11:29.413444187Z
      race event 606: gate 2026-09-15T11:10:30.564874741Z, deadline 2026-09-15T11:11:30.564874741Z
      race event 607: gate 2026-09-15T11:10:31.521132503Z, deadline 2026-09-15T11:11:31.521132503Z
      race event 608: gate 2026-09-15T11:10:32.653692704Z, deadline 2026-09-15T11:11:32.653692704Z
      race event 609: gate 2026-09-15T11:10:33.702563056Z, deadline 2026-09-15T11:11:33.702563056Z
      race event 610: gate 2026-09-15T11:10:34.694954695Z, deadline 2026-09-15T11:11:34.694954695Z
      race event 611: gate 2026-09-15T11:10:35.839132791Z, deadline 2026-09-15T11:11:35.839132791Z
      race event 612: gate 2026-09-15T11:10:36.965012449Z, deadline 2026-09-15T11:11:36.965012449Z
      race event 613: gate 2026-09-15T11:10:37.993341409Z, deadline 2026-09-15T11:11:37.993341409Z
      race event 614: gate 2026-09-15T11:10:38.976486337Z, deadline 2026-09-15T11:11:38.976486337Z
      race event 615: gate 2026-09-15T11:10:39.88897053Z, deadline 2026-09-15T11:11:39.88897053Z
      race event 616: gate 2026-09-15T11:10:41.135470068Z, deadline 2026-09-15T11:11:41.135470068Z
      race event 617: gate 2026-09-15T11:10:42.069351076Z, deadline 2026-09-15T11:11:42.069351076Z
      race event 618: gate 2026-09-15T11:10:43.246274655Z, deadline 2026-09-15T11:11:43.246274655Z
      race event 619: gate 2026-09-15T11:10:44.510407546Z, deadline 2026-09-15T11:11:44.510407546Z
      race event 620: gate 2026-09-15T11:10:45.628760599Z, deadline 2026-09-15T11:11:45.628760599Z
    race    100 seats x20       102.6 seats/s  conflicts/hold=2.75 reads/hold=5.25  hold p50=28.91ms p99=217.34ms  deferred 107/107 ok  confirm retries sold/run=0/0  errors=0  VIOLATIONS
      audit: VIOLATIONS — thefts 0, grants on sold seats 0, double sales 0, sales without the hold 0, late sales 0, early rejections 1 (transient 1), duplicate seats 0, inventory drift 0, invalid seats 0, partial holds 0, ticket mismatches 0
      race event 621: gate 2026-09-15T11:10:47.292030605Z, deadline 2026-09-15T11:11:47.292030605Z
      race event 622: gate 2026-09-15T11:10:57.508225704Z, deadline 2026-09-15T11:11:57.508225704Z
      race event 623: gate 2026-09-15T11:11:05.53056608Z, deadline 2026-09-15T11:12:05.53056608Z
      race event 624: gate 2026-09-15T11:11:12.77858184Z, deadline 2026-09-15T11:12:12.77858184Z
      race event 625: gate 2026-09-15T11:11:21.272220521Z, deadline 2026-09-15T11:12:21.272220521Z
    race   1000 seats x5        137.9 seats/s  conflicts/hold=1.06 reads/hold=3.25  hold p50=37.32ms p99=141.45ms  deferred 217/217 ok  confirm retries sold/run=0/0  errors=0  VIOLATIONS
      audit: VIOLATIONS — thefts 0, grants on sold seats 0, double sales 0, sales without the hold 0, late sales 0, early rejections 8 (transient 8), duplicate seats 0, inventory drift 0, invalid seats 0, partial holds 0, ticket mismatches 0
      race event 626: gate 2026-09-15T11:11:32.925118762Z, deadline 2026-09-15T11:12:32.925118762Z
      race event 627: gate 2026-09-15T11:12:37.573264272Z, deadline 2026-09-15T11:13:37.573264272Z
    race  10000 seats x2        121.3 seats/s  conflicts/hold=0.19 reads/hold=1.53  hold p50=74.40ms p99=176.55ms  deferred 559/559 ok  confirm retries sold/run=0/0  errors=0  VIOLATIONS, 2 timed out (73% sold)
      audit: VIOLATIONS — thefts 0, grants on sold seats 0, double sales 0, sales without the hold 0, late sales 0, early rejections 19 (transient 19), duplicate seats 0, inventory drift 0, invalid seats 0, partial holds 0, ticket mismatches 0
  lifecycle trial 1/1 (32 buyers per event, one human minute = 500ms, fresh load):
    lifecycle    10 seats x3       0.2 confirmed seats/s  holds=29 abandoned=5+3 expired@check=1 rejected late/boundary/early(transient)=0/0/0(0)  confirm retries sold/run=0/0  outage unavailable=0/0  leaked=0 errors=0  ok
      audit: consistent (3 events, 30 tickets; rejections late=0 boundary=0)
    lifecycle   100 seats x3       1.6 confirmed seats/s  holds=204 abandoned=29+19 expired@check=9 rejected late/boundary/early(transient)=1/0/0(0)  confirm retries sold/run=0/0  outage unavailable=0/0  leaked=0 errors=0  ok
      audit: consistent (3 events, 300 tickets; rejections late=1 boundary=0)
  wrote /results/k1_payment_window.json
