  engine: PostgreSQL 15.12-YB-2025.2.6.0-b0 on x86_64-pc-linux-gnu, compiled by clang version 19.1.0 (https://github.com/yugabyte/llvm-project.git a2a6b655e14e7fa1fcf1011a6cb29cb8575249c0), 64-bit
  effective isolation for READ COMMITTED requests: read committed
  database clock minus client clock: 0.014 ms
  dataset: 5 venues, 658 events, 56103 tickets and 2217 holds at load
  loading l1_claim_rows ...
  loaded in 22.5s (copy 2.7s, index 8.8s)
  verifying answers against ground truth ...
    58/58 checks passed (margin 586s); audit on load: consistent (658 events, 56103 tickets; rejections late=0 boundary=0)
  capturing plans ...
  read benchmark:
    q01_section_map@10                     5664.0 ops/s  p50=  0.958ms p99=  26.714ms  errors=0
    q02_event_sections@10                  2859.9 ops/s  p50=  2.621ms p99=   7.106ms  errors=0
    q03_event_available@10                 2687.3 ops/s  p50=  2.378ms p99=  20.578ms  errors=0
    q01_section_map@100                    4749.8 ops/s  p50=  1.079ms p99=  30.755ms  errors=0
    q02_event_sections@100                 2351.2 ops/s  p50=  3.090ms p99=  11.003ms  errors=0
    q03_event_available@100                2541.6 ops/s  p50=  2.516ms p99=  20.091ms  errors=0
    q01_section_map@1000                   3224.8 ops/s  p50=  1.342ms p99=  44.510ms  errors=0
    q02_event_sections@1000                1844.5 ops/s  p50=  3.423ms p99=  24.421ms  errors=0
    q03_event_available@1000               2143.7 ops/s  p50=  2.860ms p99=  25.834ms  errors=0
    q01_section_map@10000                  1265.5 ops/s  p50=  2.380ms p99=  65.110ms  errors=0
    q02_event_sections@10000                612.3 ops/s  p50=  7.330ms p99=  55.740ms  errors=0
    q03_event_available@10000              1042.1 ops/s  p50=  3.960ms p99=  54.250ms  errors=0
    q01_section_map@100000                  144.9 ops/s  p50= 83.169ms p99=  96.170ms  errors=0
    q02_event_sections@100000                63.3 ops/s  p50=115.222ms p99= 179.943ms  errors=0
    q03_event_available@100000              135.9 ops/s  p50= 83.433ms p99=  98.811ms  errors=0
    q04_hold_seats                          207.6 ops/s  p50= 15.638ms p99=  94.374ms  errors=0
    q05_customer_tickets                   3461.6 ops/s  p50=  1.875ms p99=  16.351ms  errors=0
    q06_ticket_by_id                       5248.0 ops/s  p50=  1.033ms p99=  27.834ms  errors=0
  write benchmark (fresh load per op):
    hold                                     14.5 ops/s  p50=470.729ms p99=2273.262ms  rejected=0 retries=1 errors=0
      audit after hold: consistent (658 events, 80668 tickets; rejections late=0 boundary=0)
    release                                 443.9 ops/s  p50= 14.639ms p99=  43.909ms  rejected=0 retries=0 errors=0
      audit after release: consistent (658 events, 56103 tickets; rejections late=0 boundary=0)
    cancel                                  196.1 ops/s  p50= 38.719ms p99=  70.639ms  rejected=0 retries=0 errors=0
      audit after cancel: consistent (658 events, 41093 tickets; rejections late=0 boundary=0)
    publish@10                              329.6 ops/s  p50=  8.205ms p99=  47.458ms  rejected=0 retries=0 errors=0
    publish@100                             268.3 ops/s  p50= 10.783ms p99=  42.389ms  rejected=0 retries=0 errors=0
    publish@1000                            432.7 ops/s  p50=  8.383ms p99=  10.707ms  rejected=0 retries=0 errors=0
    publish@10000                            55.8 ops/s  p50= 35.172ms p99=  35.172ms  rejected=0 retries=0 errors=0
    publish@100000                          314.5 ops/s  p50=  6.114ms p99=   6.114ms  rejected=0 retries=0 errors=0
      audit after publish: consistent (2887 events, 56103 tickets; rejections late=0 boundary=0)
  race trial 1/1 (32 buyers per event, fresh load):
      race event 501: gate 2026-09-15T12:33:05.782697756Z, deadline 2026-09-15T12:34:05.782697756Z
      race event 502: gate 2026-09-15T12:33:07.193986897Z, deadline 2026-09-15T12:34:07.193986897Z
      race event 503: gate 2026-09-15T12:33:07.759327603Z, deadline 2026-09-15T12:34:07.759327603Z
      race event 504: gate 2026-09-15T12:33:10.314221686Z, deadline 2026-09-15T12:34:10.314221686Z
      race event 505: gate 2026-09-15T12:33:10.768012991Z, deadline 2026-09-15T12:34:10.768012991Z
      race event 506: gate 2026-09-15T12:33:11.684658285Z, deadline 2026-09-15T12:34:11.684658285Z
      race event 507: gate 2026-09-15T12:33:12.52720311Z, deadline 2026-09-15T12:34:12.52720311Z
      race event 508: gate 2026-09-15T12:33:12.980441563Z, deadline 2026-09-15T12:34:12.980441563Z
      race event 509: gate 2026-09-15T12:33:13.272742017Z, deadline 2026-09-15T12:34:13.272742017Z
      race event 510: gate 2026-09-15T12:33:14.169439539Z, deadline 2026-09-15T12:34:14.169439539Z
      race event 511: gate 2026-09-15T12:33:15.289240237Z, deadline 2026-09-15T12:34:15.289240237Z
      race event 512: gate 2026-09-15T12:33:15.671912695Z, deadline 2026-09-15T12:34:15.671912695Z
      race event 513: gate 2026-09-15T12:33:15.988840735Z, deadline 2026-09-15T12:34:15.988840735Z
      race event 514: gate 2026-09-15T12:33:16.450128823Z, deadline 2026-09-15T12:34:16.450128823Z
      race event 515: gate 2026-09-15T12:33:17.079268195Z, deadline 2026-09-15T12:34:17.079268195Z
      race event 516: gate 2026-09-15T12:33:22.562530752Z, deadline 2026-09-15T12:34:22.562530752Z
      race event 517: gate 2026-09-15T12:33:23.091543149Z, deadline 2026-09-15T12:34:23.091543149Z
      race event 518: gate 2026-09-15T12:33:23.612137917Z, deadline 2026-09-15T12:34:23.612137917Z
      race event 519: gate 2026-09-15T12:33:23.884766989Z, deadline 2026-09-15T12:34:23.884766989Z
      race event 520: gate 2026-09-15T12:33:24.117325587Z, deadline 2026-09-15T12:34:24.117325587Z
      race event 521: gate 2026-09-15T12:33:24.531528006Z, deadline 2026-09-15T12:34:24.531528006Z
      race event 522: gate 2026-09-15T12:33:25.340111305Z, deadline 2026-09-15T12:34:25.340111305Z
      race event 523: gate 2026-09-15T12:33:25.718025237Z, deadline 2026-09-15T12:34:25.718025237Z
      race event 524: gate 2026-09-15T12:33:25.955452668Z, deadline 2026-09-15T12:34:25.955452668Z
      race event 525: gate 2026-09-15T12:33:28.653416404Z, deadline 2026-09-15T12:34:28.653416404Z
      race event 526: gate 2026-09-15T12:33:29.333704415Z, deadline 2026-09-15T12:34:29.333704415Z
      race event 527: gate 2026-09-15T12:33:30.98873099Z, deadline 2026-09-15T12:34:30.98873099Z
      race event 528: gate 2026-09-15T12:33:31.395901014Z, deadline 2026-09-15T12:34:31.395901014Z
      race event 529: gate 2026-09-15T12:33:31.751262581Z, deadline 2026-09-15T12:34:31.751262581Z
      race event 530: gate 2026-09-15T12:33:31.947231423Z, deadline 2026-09-15T12:34:31.947231423Z
      race event 531: gate 2026-09-15T12:33:34.649848705Z, deadline 2026-09-15T12:34:34.649848705Z
      race event 532: gate 2026-09-15T12:33:35.03627752Z, deadline 2026-09-15T12:34:35.03627752Z
      race event 533: gate 2026-09-15T12:33:36.25122616Z, deadline 2026-09-15T12:34:36.25122616Z
      race event 534: gate 2026-09-15T12:33:36.805376681Z, deadline 2026-09-15T12:34:36.805376681Z
      race event 535: gate 2026-09-15T12:33:37.582414698Z, deadline 2026-09-15T12:34:37.582414698Z
      race event 536: gate 2026-09-15T12:33:37.912777593Z, deadline 2026-09-15T12:34:37.912777593Z
      race event 537: gate 2026-09-15T12:33:38.185760753Z, deadline 2026-09-15T12:34:38.185760753Z
      race event 538: gate 2026-09-15T12:33:38.946095603Z, deadline 2026-09-15T12:34:38.946095603Z
      race event 539: gate 2026-09-15T12:33:39.146654654Z, deadline 2026-09-15T12:34:39.146654654Z
      race event 540: gate 2026-09-15T12:33:39.930732221Z, deadline 2026-09-15T12:34:39.930732221Z
      race event 541: gate 2026-09-15T12:33:40.266761109Z, deadline 2026-09-15T12:34:40.266761109Z
      race event 542: gate 2026-09-15T12:33:40.743335698Z, deadline 2026-09-15T12:34:40.743335698Z
      race event 543: gate 2026-09-15T12:33:41.130101917Z, deadline 2026-09-15T12:34:41.130101917Z
      race event 544: gate 2026-09-15T12:33:42.143926737Z, deadline 2026-09-15T12:34:42.143926737Z
      race event 545: gate 2026-09-15T12:33:42.447569032Z, deadline 2026-09-15T12:34:42.447569032Z
      race event 546: gate 2026-09-15T12:33:42.883309085Z, deadline 2026-09-15T12:34:42.883309085Z
      race event 547: gate 2026-09-15T12:33:43.167144257Z, deadline 2026-09-15T12:34:43.167144257Z
      race event 548: gate 2026-09-15T12:33:44.247999744Z, deadline 2026-09-15T12:34:44.247999744Z
      race event 549: gate 2026-09-15T12:33:44.760960135Z, deadline 2026-09-15T12:34:44.760960135Z
      race event 550: gate 2026-09-15T12:33:45.060723704Z, deadline 2026-09-15T12:34:45.060723704Z
      race event 551: gate 2026-09-15T12:33:45.94284108Z, deadline 2026-09-15T12:34:45.94284108Z
      race event 552: gate 2026-09-15T12:33:46.140339672Z, deadline 2026-09-15T12:34:46.140339672Z
      race event 553: gate 2026-09-15T12:33:46.436825168Z, deadline 2026-09-15T12:34:46.436825168Z
      race event 554: gate 2026-09-15T12:33:46.718792005Z, deadline 2026-09-15T12:34:46.718792005Z
      race event 555: gate 2026-09-15T12:33:47.029278281Z, deadline 2026-09-15T12:34:47.029278281Z
      race event 556: gate 2026-09-15T12:33:47.718423479Z, deadline 2026-09-15T12:34:47.718423479Z
      race event 557: gate 2026-09-15T12:33:48.55608211Z, deadline 2026-09-15T12:34:48.55608211Z
      race event 558: gate 2026-09-15T12:33:49.814623046Z, deadline 2026-09-15T12:34:49.814623046Z
      race event 559: gate 2026-09-15T12:33:50.374262232Z, deadline 2026-09-15T12:34:50.374262232Z
      race event 560: gate 2026-09-15T12:33:50.843335717Z, deadline 2026-09-15T12:34:50.843335717Z
      race event 561: gate 2026-09-15T12:33:51.447904119Z, deadline 2026-09-15T12:34:51.447904119Z
      race event 562: gate 2026-09-15T12:33:51.790413121Z, deadline 2026-09-15T12:34:51.790413121Z
      race event 563: gate 2026-09-15T12:33:52.137815985Z, deadline 2026-09-15T12:34:52.137815985Z
      race event 564: gate 2026-09-15T12:33:52.805083624Z, deadline 2026-09-15T12:34:52.805083624Z
      race event 565: gate 2026-09-15T12:33:53.442447631Z, deadline 2026-09-15T12:34:53.442447631Z
      race event 566: gate 2026-09-15T12:33:53.93069736Z, deadline 2026-09-15T12:34:53.93069736Z
      race event 567: gate 2026-09-15T12:33:54.269871085Z, deadline 2026-09-15T12:34:54.269871085Z
      race event 568: gate 2026-09-15T12:33:58.17539197Z, deadline 2026-09-15T12:34:58.17539197Z
      race event 569: gate 2026-09-15T12:33:58.568283073Z, deadline 2026-09-15T12:34:58.568283073Z
      race event 570: gate 2026-09-15T12:34:00.121540094Z, deadline 2026-09-15T12:35:00.121540094Z
      race event 571: gate 2026-09-15T12:34:00.724676315Z, deadline 2026-09-15T12:35:00.724676315Z
      race event 572: gate 2026-09-15T12:34:01.488692946Z, deadline 2026-09-15T12:35:01.488692946Z
      race event 573: gate 2026-09-15T12:34:01.651347457Z, deadline 2026-09-15T12:35:01.651347457Z
      race event 574: gate 2026-09-15T12:34:02.781901465Z, deadline 2026-09-15T12:35:02.781901465Z
      race event 575: gate 2026-09-15T12:34:03.129167259Z, deadline 2026-09-15T12:35:03.129167259Z
      race event 576: gate 2026-09-15T12:34:03.309733116Z, deadline 2026-09-15T12:35:03.309733116Z
      race event 577: gate 2026-09-15T12:34:03.739979995Z, deadline 2026-09-15T12:35:03.739979995Z
      race event 578: gate 2026-09-15T12:34:03.914658398Z, deadline 2026-09-15T12:35:03.914658398Z
      race event 579: gate 2026-09-15T12:34:04.20491248Z, deadline 2026-09-15T12:35:04.20491248Z
      race event 580: gate 2026-09-15T12:34:04.534183869Z, deadline 2026-09-15T12:35:04.534183869Z
      race event 581: gate 2026-09-15T12:34:04.738590669Z, deadline 2026-09-15T12:35:04.738590669Z
      race event 582: gate 2026-09-15T12:34:05.331452833Z, deadline 2026-09-15T12:35:05.331452833Z
      race event 583: gate 2026-09-15T12:34:05.527920389Z, deadline 2026-09-15T12:35:05.527920389Z
      race event 584: gate 2026-09-15T12:34:05.94045948Z, deadline 2026-09-15T12:35:05.94045948Z
      race event 585: gate 2026-09-15T12:34:06.869915095Z, deadline 2026-09-15T12:35:06.869915095Z
      race event 586: gate 2026-09-15T12:34:07.322208271Z, deadline 2026-09-15T12:35:07.322208271Z
      race event 587: gate 2026-09-15T12:34:07.516959968Z, deadline 2026-09-15T12:35:07.516959968Z
      race event 588: gate 2026-09-15T12:34:07.867722768Z, deadline 2026-09-15T12:35:07.867722768Z
      race event 589: gate 2026-09-15T12:34:08.126094859Z, deadline 2026-09-15T12:35:08.126094859Z
      race event 590: gate 2026-09-15T12:34:08.797954905Z, deadline 2026-09-15T12:35:08.797954905Z
      race event 591: gate 2026-09-15T12:34:09.038423437Z, deadline 2026-09-15T12:35:09.038423437Z
      race event 592: gate 2026-09-15T12:34:09.426486138Z, deadline 2026-09-15T12:35:09.426486138Z
      race event 593: gate 2026-09-15T12:34:09.80491748Z, deadline 2026-09-15T12:35:09.80491748Z
      race event 594: gate 2026-09-15T12:34:10.384873165Z, deadline 2026-09-15T12:35:10.384873165Z
      race event 595: gate 2026-09-15T12:34:10.657365453Z, deadline 2026-09-15T12:35:10.657365453Z
      race event 596: gate 2026-09-15T12:34:11.126516152Z, deadline 2026-09-15T12:35:11.126516152Z
      race event 597: gate 2026-09-15T12:34:11.916206856Z, deadline 2026-09-15T12:35:11.916206856Z
      race event 598: gate 2026-09-15T12:34:12.23379169Z, deadline 2026-09-15T12:35:12.23379169Z
      race event 599: gate 2026-09-15T12:34:12.627095473Z, deadline 2026-09-15T12:35:12.627095473Z
      race event 600: gate 2026-09-15T12:34:12.956523881Z, deadline 2026-09-15T12:35:12.956523881Z
    race     10 seats x100       20.1 seats/s  conflicts/hold=7.78 reads/hold=15.38  hold p50=38.57ms p99=997.52ms  deferred 67/67 ok  confirm retries sold/run=0/0  errors=0  ok
      audit: consistent (100 events, 1000 tickets; rejections late=0 boundary=0)
      race event 601: gate 2026-09-15T12:34:14.200525235Z, deadline 2026-09-15T12:35:14.200525235Z
      race event 602: gate 2026-09-15T12:34:15.233881025Z, deadline 2026-09-15T12:35:15.233881025Z
      race event 603: gate 2026-09-15T12:34:16.264963152Z, deadline 2026-09-15T12:35:16.264963152Z
      race event 604: gate 2026-09-15T12:34:17.44155715Z, deadline 2026-09-15T12:35:17.44155715Z
      race event 605: gate 2026-09-15T12:34:18.401599655Z, deadline 2026-09-15T12:35:18.401599655Z
      race event 606: gate 2026-09-15T12:34:20.695937417Z, deadline 2026-09-15T12:35:20.695937417Z
      race event 607: gate 2026-09-15T12:34:21.973271129Z, deadline 2026-09-15T12:35:21.973271129Z
      race event 608: gate 2026-09-15T12:34:23.204232148Z, deadline 2026-09-15T12:35:23.204232148Z
      race event 609: gate 2026-09-15T12:34:24.218091207Z, deadline 2026-09-15T12:35:24.218091207Z
      race event 610: gate 2026-09-15T12:34:25.204941902Z, deadline 2026-09-15T12:35:25.204941902Z
      race event 611: gate 2026-09-15T12:34:26.343046864Z, deadline 2026-09-15T12:35:26.343046864Z
      race event 612: gate 2026-09-15T12:34:27.433097742Z, deadline 2026-09-15T12:35:27.433097742Z
      race event 613: gate 2026-09-15T12:34:29.219318616Z, deadline 2026-09-15T12:35:29.219318616Z
      race event 614: gate 2026-09-15T12:34:33.983321446Z, deadline 2026-09-15T12:35:33.983321446Z
      race event 615: gate 2026-09-15T12:34:35.429490747Z, deadline 2026-09-15T12:35:35.429490747Z
      race event 616: gate 2026-09-15T12:34:37.053083908Z, deadline 2026-09-15T12:35:37.053083908Z
      race event 617: gate 2026-09-15T12:34:38.3421342Z, deadline 2026-09-15T12:35:38.3421342Z
      race event 618: gate 2026-09-15T12:34:39.533679291Z, deadline 2026-09-15T12:35:39.533679291Z
      race event 619: gate 2026-09-15T12:34:40.702732679Z, deadline 2026-09-15T12:35:40.702732679Z
      race event 620: gate 2026-09-15T12:34:42.255485395Z, deadline 2026-09-15T12:35:42.255485395Z
    race    100 seats x20        85.0 seats/s  conflicts/hold=2.39 reads/hold=4.95  hold p50=38.08ms p99=431.26ms  deferred 106/106 ok  confirm retries sold/run=0/0  errors=0  VIOLATIONS
      audit: VIOLATIONS — thefts 0, grants on sold seats 0, double sales 0, sales without the hold 0, late sales 0, early rejections 4 (transient 4), duplicate seats 0, inventory drift 0, invalid seats 0, partial holds 0, ticket mismatches 0
      race event 621: gate 2026-09-15T12:34:43.884859339Z, deadline 2026-09-15T12:35:43.884859339Z
      race event 622: gate 2026-09-15T12:34:52.22748077Z, deadline 2026-09-15T12:35:52.22748077Z
      race event 623: gate 2026-09-15T12:35:00.909820361Z, deadline 2026-09-15T12:36:00.909820361Z
      race event 624: gate 2026-09-15T12:35:14.280179989Z, deadline 2026-09-15T12:36:14.280179989Z
      race event 625: gate 2026-09-15T12:35:21.885601699Z, deadline 2026-09-15T12:36:21.885601699Z
    race   1000 seats x5        119.4 seats/s  conflicts/hold=0.91 reads/hold=3.58  hold p50=44.10ms p99=189.65ms  deferred 211/211 ok  confirm retries sold/run=0/0  errors=0  VIOLATIONS
      audit: VIOLATIONS — thefts 0, grants on sold seats 0, double sales 0, sales without the hold 0, late sales 0, early rejections 8 (transient 8), duplicate seats 0, inventory drift 0, invalid seats 0, partial holds 0, ticket mismatches 0
      race event 626: gate 2026-09-15T12:35:30.909565048Z, deadline 2026-09-15T12:36:30.909565048Z
      race event 627: gate 2026-09-15T12:36:39.142171523Z, deadline 2026-09-15T12:37:39.142171523Z
    race  10000 seats x2        117.6 seats/s  conflicts/hold=0.24 reads/hold=1.61  hold p50=70.39ms p99=188.86ms  deferred 560/560 ok  confirm retries sold/run=0/0  errors=0  VIOLATIONS, 2 timed out (70% sold)
      audit: VIOLATIONS — thefts 0, grants on sold seats 0, double sales 0, sales without the hold 0, late sales 0, early rejections 23 (transient 23), duplicate seats 0, inventory drift 0, invalid seats 0, partial holds 0, ticket mismatches 0
  lifecycle trial 1/1 (32 buyers per event, one human minute = 500ms, fresh load):
    lifecycle    10 seats x3       0.2 confirmed seats/s  holds=35 abandoned=5+6 expired@check=1 rejected late/boundary/early(transient)=0/0/0(0)  confirm retries sold/run=0/0  outage unavailable=0/0  leaked=0 errors=0  ok
      audit: consistent (3 events, 30 tickets; rejections late=0 boundary=0)
    lifecycle   100 seats x3       1.5 confirmed seats/s  holds=240 abandoned=32+35 expired@check=9 rejected late/boundary/early(transient)=3/0/0(0)  confirm retries sold/run=0/0  outage unavailable=0/0  leaked=0 errors=0  ok
      audit: consistent (3 events, 300 tickets; rejections late=3 boundary=0)
  wrote /results/l1_claim_rows.json
