  engine: PostgreSQL 15.12-YB-2025.2.6.0-b0 on x86_64-pc-linux-gnu, compiled by clang version 19.1.0 (https://github.com/yugabyte/llvm-project.git a2a6b655e14e7fa1fcf1011a6cb29cb8575249c0), 64-bit
  effective isolation for READ COMMITTED requests: read committed
  database clock minus client clock: 0.004 ms
  dataset: 5 venues, 658 events, 56103 tickets and 2217 holds at load
  loading l2_section_document ...
  loaded in 24.5s (copy 3.5s, index 9.2s)
  verifying answers against ground truth ...
    58/58 checks passed (margin 584s); audit on load: consistent (658 events, 56103 tickets; rejections late=0 boundary=0)
  capturing plans ...
  read benchmark:
    q01_section_map@10                     4347.3 ops/s  p50=  1.252ms p99=  26.706ms  errors=0
    q02_event_sections@10                  4445.1 ops/s  p50=  1.228ms p99=  27.004ms  errors=0
    q03_event_available@10                 4504.9 ops/s  p50=  1.221ms p99=  26.985ms  errors=0
    q01_section_map@100                    4298.2 ops/s  p50=  1.246ms p99=  27.418ms  errors=0
    q02_event_sections@100                 4342.5 ops/s  p50=  1.245ms p99=  27.683ms  errors=0
    q03_event_available@100                4151.0 ops/s  p50=  1.310ms p99=  26.853ms  errors=0
    q01_section_map@1000                   4218.0 ops/s  p50=  1.319ms p99=  26.384ms  errors=0
    q02_event_sections@1000                3690.5 ops/s  p50=  1.487ms p99=  28.473ms  errors=0
    q03_event_available@1000               3628.1 ops/s  p50=  1.513ms p99=  28.268ms  errors=0
    q01_section_map@10000                  4066.4 ops/s  p50=  1.371ms p99=  26.703ms  errors=0
    q02_event_sections@10000               1941.8 ops/s  p50=  2.896ms p99=  31.091ms  errors=0
    q03_event_available@10000              1935.0 ops/s  p50=  2.941ms p99=  30.381ms  errors=0
    q01_section_map@100000                 3520.1 ops/s  p50=  1.620ms p99=  26.256ms  errors=0
    q02_event_sections@100000               248.1 ops/s  p50= 24.993ms p99=  67.717ms  errors=0
    q03_event_available@100000              252.3 ops/s  p50= 24.684ms p99=  68.328ms  errors=0
    q04_hold_seats                         3164.3 ops/s  p50=  1.746ms p99=  22.122ms  errors=0
    q05_customer_tickets                   3369.6 ops/s  p50=  1.957ms p99=  15.529ms  errors=0
    q06_ticket_by_id                       5019.8 ops/s  p50=  1.104ms p99=  26.560ms  errors=0
  write benchmark (fresh load per op):
    hold                                     53.8 ops/s  p50=124.089ms p99= 387.708ms  rejected=2 retries=4 errors=0
      audit after hold: VIOLATIONS — thefts 0, grants on sold seats 0, double sales 0, sales without the hold 0, late sales 0, early rejections 3 (transient 0), duplicate seats 0, inventory drift 0, invalid seats 0, partial holds 0, ticket mismatches 0
    release                                 419.2 ops/s  p50= 14.341ms p99=  56.112ms  rejected=0 retries=0 errors=0
      audit after release: consistent (658 events, 56103 tickets; rejections late=0 boundary=0)
    cancel                                  159.2 ops/s  p50= 45.565ms p99= 149.833ms  rejected=0 retries=0 errors=0
      audit after cancel: consistent (658 events, 41276 tickets; rejections late=0 boundary=0)
    publish@10                              194.5 ops/s  p50= 17.402ms p99=  51.772ms  rejected=0 retries=0 errors=0
    publish@100                             191.1 ops/s  p50= 18.586ms p99=  44.851ms  rejected=0 retries=0 errors=0
    publish@1000                            187.1 ops/s  p50= 17.198ms p99=  33.906ms  rejected=0 retries=0 errors=0
    publish@10000                           145.9 ops/s  p50= 11.434ms p99=  11.434ms  rejected=0 retries=0 errors=0
    publish@100000                          138.0 ops/s  p50= 13.542ms p99=  13.542ms  rejected=0 retries=0 errors=0
      audit after publish: consistent (2887 events, 56103 tickets; rejections late=0 boundary=0)
  race trial 1/1 (32 buyers per event, fresh load):
      race event 501: gate 2026-09-15T15:02:35.454185956Z, deadline 2026-09-15T15:03:35.454185956Z
      race event 502: gate 2026-09-15T15:02:40.733832732Z, deadline 2026-09-15T15:03:40.733832732Z
      race event 503: gate 2026-09-15T15:02:41.242317096Z, deadline 2026-09-15T15:03:41.242317096Z
      race event 504: gate 2026-09-15T15:02:41.698771274Z, deadline 2026-09-15T15:03:41.698771274Z
      race event 505: gate 2026-09-15T15:02:42.183431498Z, deadline 2026-09-15T15:03:42.183431498Z
      race event 506: gate 2026-09-15T15:02:42.416496041Z, deadline 2026-09-15T15:03:42.416496041Z
      race event 507: gate 2026-09-15T15:02:43.063460267Z, deadline 2026-09-15T15:03:43.063460267Z
      race event 508: gate 2026-09-15T15:02:43.761834719Z, deadline 2026-09-15T15:03:43.761834719Z
      race event 509: gate 2026-09-15T15:02:44.198992829Z, deadline 2026-09-15T15:03:44.198992829Z
      race event 510: gate 2026-09-15T15:02:44.595850321Z, deadline 2026-09-15T15:03:44.595850321Z
      race event 511: gate 2026-09-15T15:02:45.441812793Z, deadline 2026-09-15T15:03:45.441812793Z
      race event 512: gate 2026-09-15T15:02:46.088946421Z, deadline 2026-09-15T15:03:46.088946421Z
      race event 513: gate 2026-09-15T15:02:46.737728779Z, deadline 2026-09-15T15:03:46.737728779Z
      race event 514: gate 2026-09-15T15:02:47.183362628Z, deadline 2026-09-15T15:03:47.183362628Z
      race event 515: gate 2026-09-15T15:02:48.231472527Z, deadline 2026-09-15T15:03:48.231472527Z
      race event 516: gate 2026-09-15T15:02:48.755829598Z, deadline 2026-09-15T15:03:48.755829598Z
      race event 517: gate 2026-09-15T15:02:49.598502875Z, deadline 2026-09-15T15:03:49.598502875Z
      race event 518: gate 2026-09-15T15:02:49.975570742Z, deadline 2026-09-15T15:03:49.975570742Z
      race event 519: gate 2026-09-15T15:02:51.156435371Z, deadline 2026-09-15T15:03:51.156435371Z
      race event 520: gate 2026-09-15T15:02:51.83592956Z, deadline 2026-09-15T15:03:51.83592956Z
      race event 521: gate 2026-09-15T15:02:52.440718576Z, deadline 2026-09-15T15:03:52.440718576Z
      race event 522: gate 2026-09-15T15:02:52.769709837Z, deadline 2026-09-15T15:03:52.769709837Z
      race event 523: gate 2026-09-15T15:02:53.22432237Z, deadline 2026-09-15T15:03:53.22432237Z
      race event 524: gate 2026-09-15T15:02:53.753581521Z, deadline 2026-09-15T15:03:53.753581521Z
      race event 525: gate 2026-09-15T15:02:54.371338306Z, deadline 2026-09-15T15:03:54.371338306Z
      race event 526: gate 2026-09-15T15:02:54.734819901Z, deadline 2026-09-15T15:03:54.734819901Z
      race event 527: gate 2026-09-15T15:02:55.197916073Z, deadline 2026-09-15T15:03:55.197916073Z
      race event 528: gate 2026-09-15T15:02:55.681153474Z, deadline 2026-09-15T15:03:55.681153474Z
      race event 529: gate 2026-09-15T15:02:56.263486536Z, deadline 2026-09-15T15:03:56.263486536Z
      race event 530: gate 2026-09-15T15:02:56.909826503Z, deadline 2026-09-15T15:03:56.909826503Z
      race event 531: gate 2026-09-15T15:02:57.456760845Z, deadline 2026-09-15T15:03:57.456760845Z
      race event 532: gate 2026-09-15T15:02:57.767129431Z, deadline 2026-09-15T15:03:57.767129431Z
      race event 533: gate 2026-09-15T15:02:58.249467564Z, deadline 2026-09-15T15:03:58.249467564Z
      race event 534: gate 2026-09-15T15:02:58.891585006Z, deadline 2026-09-15T15:03:58.891585006Z
      race event 535: gate 2026-09-15T15:02:59.312519393Z, deadline 2026-09-15T15:03:59.312519393Z
      race event 536: gate 2026-09-15T15:03:00.375901991Z, deadline 2026-09-15T15:04:00.375901991Z
      race event 537: gate 2026-09-15T15:03:00.751598142Z, deadline 2026-09-15T15:04:00.751598142Z
      race event 538: gate 2026-09-15T15:03:01.096835813Z, deadline 2026-09-15T15:04:01.096835813Z
      race event 539: gate 2026-09-15T15:03:02.138755629Z, deadline 2026-09-15T15:04:02.138755629Z
      race event 540: gate 2026-09-15T15:03:02.731301965Z, deadline 2026-09-15T15:04:02.731301965Z
      race event 541: gate 2026-09-15T15:03:03.015432024Z, deadline 2026-09-15T15:04:03.015432024Z
      race event 542: gate 2026-09-15T15:03:03.460741902Z, deadline 2026-09-15T15:04:03.460741902Z
      race event 543: gate 2026-09-15T15:03:03.894241951Z, deadline 2026-09-15T15:04:03.894241951Z
      race event 544: gate 2026-09-15T15:03:04.674918928Z, deadline 2026-09-15T15:04:04.674918928Z
      race event 545: gate 2026-09-15T15:03:05.075222702Z, deadline 2026-09-15T15:04:05.075222702Z
      race event 546: gate 2026-09-15T15:03:05.375352886Z, deadline 2026-09-15T15:04:05.375352886Z
      race event 547: gate 2026-09-15T15:03:06.024532261Z, deadline 2026-09-15T15:04:06.024532261Z
      race event 548: gate 2026-09-15T15:03:06.292525331Z, deadline 2026-09-15T15:04:06.292525331Z
      race event 549: gate 2026-09-15T15:03:06.790250241Z, deadline 2026-09-15T15:04:06.790250241Z
      race event 550: gate 2026-09-15T15:03:07.223467244Z, deadline 2026-09-15T15:04:07.223467244Z
      race event 551: gate 2026-09-15T15:03:07.984319826Z, deadline 2026-09-15T15:04:07.984319826Z
      race event 552: gate 2026-09-15T15:03:08.401699511Z, deadline 2026-09-15T15:04:08.401699511Z
      race event 553: gate 2026-09-15T15:03:09.137931832Z, deadline 2026-09-15T15:04:09.137931832Z
      race event 554: gate 2026-09-15T15:03:09.628383409Z, deadline 2026-09-15T15:04:09.628383409Z
      race event 555: gate 2026-09-15T15:03:09.966515419Z, deadline 2026-09-15T15:04:09.966515419Z
      race event 556: gate 2026-09-15T15:03:10.532200425Z, deadline 2026-09-15T15:04:10.532200425Z
      race event 557: gate 2026-09-15T15:03:10.830135569Z, deadline 2026-09-15T15:04:10.830135569Z
      race event 558: gate 2026-09-15T15:03:11.261328983Z, deadline 2026-09-15T15:04:11.261328983Z
      race event 559: gate 2026-09-15T15:03:11.790304369Z, deadline 2026-09-15T15:04:11.790304369Z
      race event 560: gate 2026-09-15T15:03:12.240742133Z, deadline 2026-09-15T15:04:12.240742133Z
      race event 561: gate 2026-09-15T15:03:16.923531739Z, deadline 2026-09-15T15:04:16.923531739Z
      race event 562: gate 2026-09-15T15:03:17.975086428Z, deadline 2026-09-15T15:04:17.975086428Z
      race event 563: gate 2026-09-15T15:03:18.356602178Z, deadline 2026-09-15T15:04:18.356602178Z
      race event 564: gate 2026-09-15T15:03:18.81271149Z, deadline 2026-09-15T15:04:18.81271149Z
      race event 565: gate 2026-09-15T15:03:19.71727406Z, deadline 2026-09-15T15:04:19.71727406Z
      race event 566: gate 2026-09-15T15:03:19.988412394Z, deadline 2026-09-15T15:04:19.988412394Z
      race event 567: gate 2026-09-15T15:03:20.265334757Z, deadline 2026-09-15T15:04:20.265334757Z
      race event 568: gate 2026-09-15T15:03:20.66206618Z, deadline 2026-09-15T15:04:20.66206618Z
      race event 569: gate 2026-09-15T15:03:20.892868724Z, deadline 2026-09-15T15:04:20.892868724Z
      race event 570: gate 2026-09-15T15:03:21.228069437Z, deadline 2026-09-15T15:04:21.228069437Z
      race event 571: gate 2026-09-15T15:03:21.748890239Z, deadline 2026-09-15T15:04:21.748890239Z
      race event 572: gate 2026-09-15T15:03:22.140588377Z, deadline 2026-09-15T15:04:22.140588377Z
      race event 573: gate 2026-09-15T15:03:22.531754353Z, deadline 2026-09-15T15:04:22.531754353Z
      race event 574: gate 2026-09-15T15:03:23.180331351Z, deadline 2026-09-15T15:04:23.180331351Z
      race event 575: gate 2026-09-15T15:03:23.782980989Z, deadline 2026-09-15T15:04:23.782980989Z
      race event 576: gate 2026-09-15T15:03:24.147478448Z, deadline 2026-09-15T15:04:24.147478448Z
      race event 577: gate 2026-09-15T15:03:24.661987259Z, deadline 2026-09-15T15:04:24.661987259Z
      race event 578: gate 2026-09-15T15:03:25.317492975Z, deadline 2026-09-15T15:04:25.317492975Z
      race event 579: gate 2026-09-15T15:03:25.792503333Z, deadline 2026-09-15T15:04:25.792503333Z
      race event 580: gate 2026-09-15T15:03:26.598163403Z, deadline 2026-09-15T15:04:26.598163403Z
      race event 581: gate 2026-09-15T15:03:27.071829867Z, deadline 2026-09-15T15:04:27.071829867Z
      race event 582: gate 2026-09-15T15:03:27.771266581Z, deadline 2026-09-15T15:04:27.771266581Z
      race event 583: gate 2026-09-15T15:03:28.50252943Z, deadline 2026-09-15T15:04:28.50252943Z
      race event 584: gate 2026-09-15T15:03:28.726407896Z, deadline 2026-09-15T15:04:28.726407896Z
      race event 585: gate 2026-09-15T15:03:29.998129771Z, deadline 2026-09-15T15:04:29.998129771Z
      race event 586: gate 2026-09-15T15:03:30.649794729Z, deadline 2026-09-15T15:04:30.649794729Z
      race event 587: gate 2026-09-15T15:03:31.069901034Z, deadline 2026-09-15T15:04:31.069901034Z
      race event 588: gate 2026-09-15T15:03:31.65602498Z, deadline 2026-09-15T15:04:31.65602498Z
      race event 589: gate 2026-09-15T15:03:32.297864004Z, deadline 2026-09-15T15:04:32.297864004Z
      race event 590: gate 2026-09-15T15:03:32.887347709Z, deadline 2026-09-15T15:04:32.887347709Z
      race event 591: gate 2026-09-15T15:03:33.165301305Z, deadline 2026-09-15T15:04:33.165301305Z
      race event 592: gate 2026-09-15T15:03:33.759537161Z, deadline 2026-09-15T15:04:33.759537161Z
      race event 593: gate 2026-09-15T15:03:34.15727165Z, deadline 2026-09-15T15:04:34.15727165Z
      race event 594: gate 2026-09-15T15:03:34.919939134Z, deadline 2026-09-15T15:04:34.919939134Z
      race event 595: gate 2026-09-15T15:03:35.414409738Z, deadline 2026-09-15T15:04:35.414409738Z
      race event 596: gate 2026-09-15T15:03:35.885617705Z, deadline 2026-09-15T15:04:35.885617705Z
      race event 597: gate 2026-09-15T15:03:36.284167677Z, deadline 2026-09-15T15:04:36.284167677Z
      race event 598: gate 2026-09-15T15:03:36.614657224Z, deadline 2026-09-15T15:04:36.614657224Z
      race event 599: gate 2026-09-15T15:03:37.191767453Z, deadline 2026-09-15T15:04:37.191767453Z
      race event 600: gate 2026-09-15T15:03:37.569022171Z, deadline 2026-09-15T15:04:37.569022171Z
    race     10 seats x100       23.2 seats/s  conflicts/hold=16.59 reads/hold=28.57  hold p50=51.62ms p99=578.02ms  deferred 52/52 ok  confirm retries sold/run=0/0  errors=0  ok
      audit: consistent (100 events, 1000 tickets; rejections late=0 boundary=0)
      race event 601: gate 2026-09-15T15:03:38.82654593Z, deadline 2026-09-15T15:04:38.82654593Z
      race event 602: gate 2026-09-15T15:03:42.023955929Z, deadline 2026-09-15T15:04:42.023955929Z
      race event 603: gate 2026-09-15T15:03:45.09418935Z, deadline 2026-09-15T15:04:45.09418935Z
      race event 604: gate 2026-09-15T15:03:48.451857065Z, deadline 2026-09-15T15:04:48.451857065Z
      race event 605: gate 2026-09-15T15:03:54.909092752Z, deadline 2026-09-15T15:04:54.909092752Z
      race event 606: gate 2026-09-15T15:03:57.931638488Z, deadline 2026-09-15T15:04:57.931638488Z
      race event 607: gate 2026-09-15T15:04:01.476022184Z, deadline 2026-09-15T15:05:01.476022184Z
      race event 608: gate 2026-09-15T15:04:04.856027655Z, deadline 2026-09-15T15:05:04.856027655Z
      race event 609: gate 2026-09-15T15:04:07.907181509Z, deadline 2026-09-15T15:05:07.907181509Z
      race event 610: gate 2026-09-15T15:04:11.361057406Z, deadline 2026-09-15T15:05:11.361057406Z
      race event 611: gate 2026-09-15T15:04:14.935810716Z, deadline 2026-09-15T15:05:14.935810716Z
      race event 612: gate 2026-09-15T15:04:18.474396387Z, deadline 2026-09-15T15:05:18.474396387Z
      race event 613: gate 2026-09-15T15:04:21.963422054Z, deadline 2026-09-15T15:05:21.963422054Z
      race event 614: gate 2026-09-15T15:04:28.424797384Z, deadline 2026-09-15T15:05:28.424797384Z
      race event 615: gate 2026-09-15T15:04:31.839782035Z, deadline 2026-09-15T15:05:31.839782035Z
      race event 616: gate 2026-09-15T15:04:35.019934417Z, deadline 2026-09-15T15:05:35.019934417Z
      race event 617: gate 2026-09-15T15:04:38.685336646Z, deadline 2026-09-15T15:05:38.685336646Z
      race event 618: gate 2026-09-15T15:04:41.653986792Z, deadline 2026-09-15T15:05:41.653986792Z
      race event 619: gate 2026-09-15T15:04:44.649143196Z, deadline 2026-09-15T15:05:44.649143196Z
      race event 620: gate 2026-09-15T15:04:47.777339918Z, deadline 2026-09-15T15:05:47.777339918Z
    race    100 seats x20        35.0 seats/s  conflicts/hold=6.41 reads/hold=9.98  hold p50=107.97ms p99=812.31ms  deferred 83/83 ok  confirm retries sold/run=0/0  errors=0  ok
      audit: consistent (20 events, 2000 tickets; rejections late=0 boundary=0)
      race event 621: gate 2026-09-15T15:04:52.028270522Z, deadline 2026-09-15T15:05:52.028270522Z
      race event 622: gate 2026-09-15T15:05:12.784742463Z, deadline 2026-09-15T15:06:12.784742463Z
      race event 623: gate 2026-09-15T15:05:30.639251792Z, deadline 2026-09-15T15:06:30.639251792Z
      race event 624: gate 2026-09-15T15:05:52.219726924Z, deadline 2026-09-15T15:06:52.219726924Z
      race event 625: gate 2026-09-15T15:06:10.846915131Z, deadline 2026-09-15T15:07:10.846915131Z
    race   1000 seats x5         58.1 seats/s  conflicts/hold=2.25 reads/hold=4.97  hold p50=72.07ms p99=1270.91ms  deferred 207/207 ok  confirm retries sold/run=0/0  errors=0  VIOLATIONS
      audit: VIOLATIONS — thefts 0, grants on sold seats 0, double sales 0, sales without the hold 0, late sales 0, early rejections 2 (transient 0), duplicate seats 0, inventory drift 0, invalid seats 0, partial holds 0, ticket mismatches 0
      race event 626: gate 2026-09-15T15:06:34.120284155Z, deadline 2026-09-15T15:07:34.120284155Z
      race event 627: gate 2026-09-15T15:07:44.530761787Z, deadline 2026-09-15T15:08:44.530761787Z
    race  10000 seats x2         99.9 seats/s  conflicts/hold=0.82 reads/hold=2.08  hold p50=60.26ms p99=1287.18ms  deferred 506/506 ok  confirm retries sold/run=0/0  errors=0  VIOLATIONS, 2 timed out (60% sold)
      audit: VIOLATIONS — thefts 0, grants on sold seats 0, double sales 0, sales without the hold 0, late sales 0, early rejections 8 (transient 0), duplicate seats 0, inventory drift 0, invalid seats 0, partial holds 0, ticket mismatches 0
  lifecycle trial 1/1 (32 buyers per event, one human minute = 500ms, fresh load):
    lifecycle    10 seats x3       0.3 confirmed seats/s  holds=25 abandoned=3+2 expired@check=1 rejected late/boundary/early(transient)=0/0/0(0)  confirm retries sold/run=0/0  outage unavailable=0/0  leaked=0 errors=0  ok
      audit: consistent (3 events, 30 tickets; rejections late=0 boundary=0)
    lifecycle   100 seats x3       1.4 confirmed seats/s  holds=225 abandoned=33+25 expired@check=13 rejected late/boundary/early(transient)=2/0/0(0)  confirm retries sold/run=0/0  outage unavailable=0/0  leaked=0 errors=0  ok
      audit: consistent (3 events, 300 tickets; rejections late=2 boundary=0)
  wrote /results/l2_section_document.json
