  engine: PostgreSQL 15.12-YB-2025.2.6.0-b0 on x86_64-pc-linux-gnu, compiled by clang version 19.1.0 (https://github.com/yugabyte/llvm-project.git a2a6b655e14e7fa1fcf1011a6cb29cb8575249c0), 64-bit
  effective isolation for READ COMMITTED requests: read committed
  database clock minus client clock: 0.013 ms
  dataset: 5 venues, 658 events, 56103 tickets and 2217 holds at load
  loading l3_section_sharded ...
  loaded in 30.0s (copy 6.1s, index 12.3s)
  verifying answers against ground truth ...
    58/58 checks passed (margin 578s); audit on load: consistent (658 events, 56103 tickets; rejections late=0 boundary=0)
  capturing plans ...
  read benchmark:
    q01_section_map@10                     3733.1 ops/s  p50=  1.359ms p99=  29.727ms  errors=0
    q02_event_sections@10                    24.1 ops/s  p50=306.572ms p99= 478.415ms  errors=0
    q03_event_available@10                   21.5 ops/s  p50=390.019ms p99= 480.742ms  errors=0
    q01_section_map@100                    2990.8 ops/s  p50=  1.535ms p99=  33.330ms  errors=0
    q02_event_sections@100                   25.8 ops/s  p50=300.551ms p99= 396.858ms  errors=0
    q03_event_available@100                  23.1 ops/s  p50=313.575ms p99= 482.153ms  errors=0
    q01_section_map@1000                   3519.3 ops/s  p50=  1.330ms p99=  39.969ms  errors=0
    q02_event_sections@1000                  26.8 ops/s  p50=299.189ms p99= 391.391ms  errors=0
    q03_event_available@1000                 22.5 ops/s  p50=369.571ms p99= 482.692ms  errors=0
    q01_section_map@10000                  2999.1 ops/s  p50=  1.447ms p99=  44.900ms  errors=0
    q02_event_sections@10000                 25.5 ops/s  p50=304.008ms p99= 389.808ms  errors=0
    q03_event_available@10000                22.9 ops/s  p50=314.086ms p99= 474.040ms  errors=0
    q01_section_map@100000                 2092.9 ops/s  p50=  1.914ms p99=  50.494ms  errors=0
    q02_event_sections@100000                15.6 ops/s  p50=504.666ms p99= 611.533ms  errors=0
    q03_event_available@100000               21.5 ops/s  p50=389.458ms p99= 480.995ms  errors=0
    q04_hold_seats                         2773.8 ops/s  p50=  1.461ms p99=  48.920ms  errors=0
    q05_customer_tickets                   3236.2 ops/s  p50=  2.028ms p99=  15.026ms  errors=0
    q06_ticket_by_id                       5277.8 ops/s  p50=  1.036ms p99=  27.436ms  errors=0
  write benchmark (fresh load per op):
    hold                                      9.1 ops/s  p50=704.562ms p99=2085.829ms  rejected=0 retries=0 errors=0
      audit after hold: consistent (658 events, 80180 tickets; rejections late=0 boundary=0)
    release                                 455.1 ops/s  p50= 14.216ms p99=  45.900ms  rejected=0 retries=0 errors=0
      audit after release: consistent (658 events, 56103 tickets; rejections late=0 boundary=0)
    cancel                                  242.8 ops/s  p50= 29.527ms p99=  59.163ms  rejected=0 retries=0 errors=0
      audit after cancel: consistent (658 events, 40861 tickets; rejections late=0 boundary=0)
    publish@10                              198.1 ops/s  p50= 17.374ms p99=  52.990ms  rejected=0 retries=0 errors=0
    publish@100                             163.1 ops/s  p50= 21.552ms p99=  61.167ms  rejected=0 retries=0 errors=0
    publish@1000                             70.5 ops/s  p50= 50.896ms p99=  76.936ms  rejected=0 retries=0 errors=0
    publish@10000                             8.6 ops/s  p50=228.354ms p99= 228.354ms  rejected=0 retries=0 errors=0
    publish@100000                            0.8 ops/s  p50=2414.305ms p99=2414.305ms  rejected=0 retries=0 errors=0
      audit after publish: consistent (2887 events, 56103 tickets; rejections late=0 boundary=0)
  race trial 1/1 (32 buyers per event, fresh load):
      race event 501: gate 2026-09-15T14:33:03.903156727Z, deadline 2026-09-15T14:34:03.903156727Z
      race event 502: gate 2026-09-15T14:33:09.773263334Z, deadline 2026-09-15T14:34:09.773263334Z
      race event 503: gate 2026-09-15T14:33:14.529317812Z, deadline 2026-09-15T14:34:14.529317812Z
      race event 504: gate 2026-09-15T14:33:19.891387427Z, deadline 2026-09-15T14:34:19.891387427Z
      race event 505: gate 2026-09-15T14:33:27.164623361Z, deadline 2026-09-15T14:34:27.164623361Z
      race event 506: gate 2026-09-15T14:33:32.391983241Z, deadline 2026-09-15T14:34:32.391983241Z
      race event 507: gate 2026-09-15T14:33:38.538576997Z, deadline 2026-09-15T14:34:38.538576997Z
      race event 508: gate 2026-09-15T14:33:43.94769823Z, deadline 2026-09-15T14:34:43.94769823Z
      race event 509: gate 2026-09-15T14:33:49.233664838Z, deadline 2026-09-15T14:34:49.233664838Z
      race event 510: gate 2026-09-15T14:33:55.471755028Z, deadline 2026-09-15T14:34:55.471755028Z
      race event 511: gate 2026-09-15T14:34:04.273695913Z, deadline 2026-09-15T14:35:04.273695913Z
      race event 512: gate 2026-09-15T14:34:08.147388455Z, deadline 2026-09-15T14:35:08.147388455Z
      race event 513: gate 2026-09-15T14:34:12.348548491Z, deadline 2026-09-15T14:35:12.348548491Z
      race event 514: gate 2026-09-15T14:34:16.908068133Z, deadline 2026-09-15T14:35:16.908068133Z
      race event 515: gate 2026-09-15T14:34:22.68312018Z, deadline 2026-09-15T14:35:22.68312018Z
      race event 516: gate 2026-09-15T14:34:28.2101837Z, deadline 2026-09-15T14:35:28.2101837Z
      race event 517: gate 2026-09-15T14:34:32.667214424Z, deadline 2026-09-15T14:35:32.667214424Z
      race event 518: gate 2026-09-15T14:34:41.173570586Z, deadline 2026-09-15T14:35:41.173570586Z
      race event 519: gate 2026-09-15T14:34:46.413340514Z, deadline 2026-09-15T14:35:46.413340514Z
      race event 520: gate 2026-09-15T14:34:50.763369569Z, deadline 2026-09-15T14:35:50.763369569Z
      race event 521: gate 2026-09-15T14:34:59.616268992Z, deadline 2026-09-15T14:35:59.616268992Z
      race event 522: gate 2026-09-15T14:35:04.899590915Z, deadline 2026-09-15T14:36:04.899590915Z
      race event 523: gate 2026-09-15T14:35:13.504635591Z, deadline 2026-09-15T14:36:13.504635591Z
      race event 524: gate 2026-09-15T14:35:18.482135761Z, deadline 2026-09-15T14:36:18.482135761Z
      race event 525: gate 2026-09-15T14:35:24.466815348Z, deadline 2026-09-15T14:36:24.466815348Z
      race event 526: gate 2026-09-15T14:35:28.347424965Z, deadline 2026-09-15T14:36:28.347424965Z
      race event 527: gate 2026-09-15T14:35:32.724116479Z, deadline 2026-09-15T14:36:32.724116479Z
      race event 528: gate 2026-09-15T14:35:38.341612778Z, deadline 2026-09-15T14:36:38.341612778Z
      race event 529: gate 2026-09-15T14:35:42.433889456Z, deadline 2026-09-15T14:36:42.433889456Z
      race event 530: gate 2026-09-15T14:35:51.684641991Z, deadline 2026-09-15T14:36:51.684641991Z
      race event 531: gate 2026-09-15T14:35:56.926535325Z, deadline 2026-09-15T14:36:56.926535325Z
      race event 532: gate 2026-09-15T14:36:01.715816361Z, deadline 2026-09-15T14:37:01.715816361Z
      race event 533: gate 2026-09-15T14:36:06.270548307Z, deadline 2026-09-15T14:37:06.270548307Z
      race event 534: gate 2026-09-15T14:36:09.792005175Z, deadline 2026-09-15T14:37:09.792005175Z
      race event 535: gate 2026-09-15T14:36:13.962395365Z, deadline 2026-09-15T14:37:13.962395365Z
      race event 536: gate 2026-09-15T14:36:18.419572331Z, deadline 2026-09-15T14:37:18.419572331Z
    race     10 seats x36         7.0 seats/s  conflicts/hold=0.99 reads/hold=7.37  hold p50=95.02ms p99=290.35ms  deferred 20/20 ok  confirm retries sold/run=0/0  errors=0  ok
      audit: consistent (36 events, 360 tickets; rejections late=0 boundary=0)
      race event 601: gate 2026-09-15T14:36:27.770669448Z, deadline 2026-09-15T14:37:27.770669448Z
      race event 602: gate 2026-09-15T14:36:36.207953191Z, deadline 2026-09-15T14:37:36.207953191Z
      race event 603: gate 2026-09-15T14:36:47.747143659Z, deadline 2026-09-15T14:37:47.747143659Z
      race event 604: gate 2026-09-15T14:37:03.287045427Z, deadline 2026-09-15T14:38:03.287045427Z
      race event 605: gate 2026-09-15T14:37:14.136052718Z, deadline 2026-09-15T14:38:14.136052718Z
      race event 606: gate 2026-09-15T14:37:23.800668244Z, deadline 2026-09-15T14:38:23.800668244Z
      race event 607: gate 2026-09-15T14:37:37.550983411Z, deadline 2026-09-15T14:38:37.550983411Z
      race event 608: gate 2026-09-15T14:37:50.275169768Z, deadline 2026-09-15T14:38:50.275169768Z
      race event 609: gate 2026-09-15T14:38:03.096635685Z, deadline 2026-09-15T14:39:03.096635685Z
      race event 610: gate 2026-09-15T14:38:22.370702887Z, deadline 2026-09-15T14:39:22.370702887Z
      race event 611: gate 2026-09-15T14:38:33.368535054Z, deadline 2026-09-15T14:39:33.368535054Z
      race event 612: gate 2026-09-15T14:38:48.141201156Z, deadline 2026-09-15T14:39:48.141201156Z
      race event 613: gate 2026-09-15T14:38:59.241027422Z, deadline 2026-09-15T14:39:59.241027422Z
      race event 614: gate 2026-09-15T14:39:10.902357784Z, deadline 2026-09-15T14:40:10.902357784Z
      race event 615: gate 2026-09-15T14:39:27.866378533Z, deadline 2026-09-15T14:40:27.866378533Z
      race event 616: gate 2026-09-15T14:39:38.814998516Z, deadline 2026-09-15T14:40:38.814998516Z
    race    100 seats x16        13.0 seats/s  conflicts/hold=0.61 reads/hold=2.60  hold p50=92.80ms p99=315.91ms  deferred 78/78 ok  confirm retries sold/run=0/0  errors=0  ok
      audit: consistent (16 events, 1600 tickets; rejections late=0 boundary=0)
      race event 621: gate 2026-09-15T14:39:50.772990582Z, deadline 2026-09-15T14:40:50.772990582Z
      race event 622: gate 2026-09-15T14:40:59.337490031Z, deadline 2026-09-15T14:41:59.337490031Z
      race event 623: gate 2026-09-15T14:42:08.280660914Z, deadline 2026-09-15T14:43:08.280660914Z
    race   1000 seats x3         16.6 seats/s  conflicts/hold=0.11 reads/hold=2.32  hold p50=93.62ms p99=289.73ms  deferred 138/138 ok  confirm retries sold/run=0/0  errors=0  VIOLATIONS, 3 timed out (99% sold)
      audit: VIOLATIONS — thefts 0, grants on sold seats 0, double sales 0, sales without the hold 0, late sales 0, early rejections 1 (transient 1), duplicate seats 0, inventory drift 0, invalid seats 0, partial holds 0, ticket mismatches 0
      race event 626: gate 2026-09-15T14:43:18.767199396Z, deadline 2026-09-15T14:44:18.767199396Z
      race event 627: gate 2026-09-15T14:44:27.388012761Z, deadline 2026-09-15T14:45:27.388012761Z
    race  10000 seats x2         29.3 seats/s  conflicts/hold=0.08 reads/hold=1.12  hold p50=99.61ms p99=320.51ms  deferred 124/124 ok  confirm retries sold/run=0/0  errors=0  ok, 2 timed out (18% sold)
      audit: consistent (2 events, 3512 tickets; rejections late=0 boundary=0)
  lifecycle trial 1/1 (32 buyers per event, one human minute = 500ms, fresh load):
    lifecycle    10 seats x3       0.3 confirmed seats/s  holds=26 abandoned=2+3 expired@check=1 rejected late/boundary/early(transient)=0/0/0(0)  confirm retries sold/run=0/0  outage unavailable=0/0  leaked=0 errors=0  ok
      audit: consistent (3 events, 30 tickets; rejections late=0 boundary=0)
    lifecycle   100 seats x3       1.1 confirmed seats/s  holds=222 abandoned=36+23 expired@check=4 rejected late/boundary/early(transient)=2/0/0(0)  confirm retries sold/run=0/0  outage unavailable=0/0  leaked=0 errors=0  ok
      audit: consistent (3 events, 300 tickets; rejections late=2 boundary=0)
  wrote /results/l3_section_sharded.json
