  engine: PostgreSQL 15.12-YB-2025.2.6.0-b0 on x86_64-pc-linux-gnu, compiled by clang version 19.1.0 (https://github.com/yugabyte/llvm-project.git a2a6b655e14e7fa1fcf1011a6cb29cb8575249c0), 64-bit
  effective isolation for READ COMMITTED requests: read committed
  database clock minus client clock: 0.010 ms
  dataset: 5 venues, 658 events, 56103 tickets and 2217 holds at load
  loading s0_check_then_hold_rc ...
  loaded in 40.1s (copy 7.8s, index 21.5s)
  verifying answers against ground truth ...
    58/58 checks passed (margin 565s); audit on load: consistent (658 events, 56103 tickets; rejections late=0 boundary=0)
  capturing plans ...
  read benchmark:
    q01_section_map@10                     2292.9 ops/s  p50=  2.467ms p99=  29.949ms  errors=0
    q02_event_sections@10                  2122.1 ops/s  p50=  2.484ms p99=  30.852ms  errors=0
    q03_event_available@10                 2483.7 ops/s  p50=  2.074ms p99=  30.335ms  errors=0
    q01_section_map@100                    1059.1 ops/s  p50=  5.099ms p99=  42.292ms  errors=0
    q02_event_sections@100                 2621.7 ops/s  p50=  1.991ms p99=  28.299ms  errors=0
    q03_event_available@100                2057.9 ops/s  p50=  2.409ms p99=  34.288ms  errors=0
    q01_section_map@1000                    629.0 ops/s  p50=  8.015ms p99=  55.208ms  errors=0
    q02_event_sections@1000                1326.1 ops/s  p50=  3.789ms p99=  40.830ms  errors=0
    q03_event_available@1000                997.8 ops/s  p50=  4.130ms p99=  54.905ms  errors=0
    q01_section_map@10000                   581.0 ops/s  p50=  9.150ms p99=  53.493ms  errors=0
    q02_event_sections@10000                122.2 ops/s  p50= 69.758ms p99= 132.511ms  errors=0
    q03_event_available@10000               162.6 ops/s  p50= 28.411ms p99= 103.909ms  errors=0
    q01_section_map@100000                  436.6 ops/s  p50= 11.928ms p99=  63.599ms  errors=0
    q02_event_sections@100000                13.3 ops/s  p50=583.656ms p99= 896.217ms  errors=0
    q03_event_available@100000               17.9 ops/s  p50=422.956ms p99= 714.284ms  errors=0
    q04_hold_seats                          424.1 ops/s  p50= 12.894ms p99=  64.557ms  errors=0
    q05_customer_tickets                   1341.9 ops/s  p50=  3.977ms p99=  36.626ms  errors=0
    q06_ticket_by_id                       3534.0 ops/s  p50=  1.513ms p99=  26.055ms  errors=0
  write benchmark (fresh load per op):
    hold                                     15.1 ops/s  p50=458.689ms p99=1835.813ms  rejected=0 retries=0 errors=0
      audit after hold: VIOLATIONS — thefts 2, grants on sold seats 0, double sales 0, sales without the hold 0, late sales 0, early rejections 1 (transient 0), duplicate seats 0, inventory drift 0, invalid seats 0, partial holds 0, ticket mismatches 0
    release                                 554.3 ops/s  p50= 10.763ms p99=  46.480ms  rejected=0 retries=0 errors=0
      audit after release: consistent (658 events, 56103 tickets; rejections late=0 boundary=0)
    cancel                                  236.3 ops/s  p50= 32.179ms p99=  60.526ms  rejected=0 retries=0 errors=0
      audit after cancel: consistent (658 events, 40893 tickets; rejections late=0 boundary=0)
    publish@10                              212.4 ops/s  p50= 15.299ms p99=  46.775ms  rejected=0 retries=0 errors=0
    publish@100                             145.1 ops/s  p50= 23.453ms p99=  58.909ms  rejected=0 retries=0 errors=0
    publish@1000                             42.7 ops/s  p50= 91.369ms p99= 125.486ms  rejected=0 retries=0 errors=0
    publish@10000                             4.8 ops/s  p50=411.945ms p99= 411.945ms  rejected=0 retries=0 errors=0
    publish@100000                            0.6 ops/s  p50=3147.876ms p99=3147.876ms  rejected=0 retries=0 errors=0
      audit after publish: consistent (2887 events, 56103 tickets; rejections late=0 boundary=0)
  race trial 1/1 (32 buyers per event, fresh load):
      race event 501: gate 2026-09-15T10:15:19.591044426Z, deadline 2026-09-15T10:16:19.591044426Z
      race event 502: gate 2026-09-15T10:15:20.540930149Z, deadline 2026-09-15T10:16:20.540930149Z
      race event 503: gate 2026-09-15T10:15:24.718698581Z, deadline 2026-09-15T10:16:24.718698581Z
      race event 504: gate 2026-09-15T10:15:25.089122516Z, deadline 2026-09-15T10:16:25.089122516Z
      race event 505: gate 2026-09-15T10:15:25.700802195Z, deadline 2026-09-15T10:16:25.700802195Z
      race event 506: gate 2026-09-15T10:15:26.250576674Z, deadline 2026-09-15T10:16:26.250576674Z
      race event 507: gate 2026-09-15T10:15:26.537452559Z, deadline 2026-09-15T10:16:26.537452559Z
      race event 508: gate 2026-09-15T10:15:26.881357219Z, deadline 2026-09-15T10:16:26.881357219Z
      race event 509: gate 2026-09-15T10:15:27.436300335Z, deadline 2026-09-15T10:16:27.436300335Z
      race event 510: gate 2026-09-15T10:15:27.657261066Z, deadline 2026-09-15T10:16:27.657261066Z
      race event 511: gate 2026-09-15T10:15:28.096298102Z, deadline 2026-09-15T10:16:28.096298102Z
      race event 512: gate 2026-09-15T10:15:28.531672619Z, deadline 2026-09-15T10:16:28.531672619Z
      race event 513: gate 2026-09-15T10:15:29.030986414Z, deadline 2026-09-15T10:16:29.030986414Z
      race event 514: gate 2026-09-15T10:15:29.307390058Z, deadline 2026-09-15T10:16:29.307390058Z
      race event 515: gate 2026-09-15T10:15:29.618861508Z, deadline 2026-09-15T10:16:29.618861508Z
      race event 516: gate 2026-09-15T10:15:30.061104827Z, deadline 2026-09-15T10:16:30.061104827Z
      race event 517: gate 2026-09-15T10:15:30.468048243Z, deadline 2026-09-15T10:16:30.468048243Z
      race event 518: gate 2026-09-15T10:15:30.727589633Z, deadline 2026-09-15T10:16:30.727589633Z
      race event 519: gate 2026-09-15T10:15:31.043980297Z, deadline 2026-09-15T10:16:31.043980297Z
      race event 520: gate 2026-09-15T10:15:31.310678653Z, deadline 2026-09-15T10:16:31.310678653Z
      race event 521: gate 2026-09-15T10:15:31.995929201Z, deadline 2026-09-15T10:16:31.995929201Z
      race event 522: gate 2026-09-15T10:15:32.367919476Z, deadline 2026-09-15T10:16:32.367919476Z
      race event 523: gate 2026-09-15T10:15:32.688357655Z, deadline 2026-09-15T10:16:32.688357655Z
      race event 524: gate 2026-09-15T10:15:33.096589751Z, deadline 2026-09-15T10:16:33.096589751Z
      race event 525: gate 2026-09-15T10:15:33.588356129Z, deadline 2026-09-15T10:16:33.588356129Z
      race event 526: gate 2026-09-15T10:15:34.001486173Z, deadline 2026-09-15T10:16:34.001486173Z
      race event 527: gate 2026-09-15T10:15:34.283825527Z, deadline 2026-09-15T10:16:34.283825527Z
      race event 528: gate 2026-09-15T10:15:35.087028988Z, deadline 2026-09-15T10:16:35.087028988Z
      race event 529: gate 2026-09-15T10:15:35.50150137Z, deadline 2026-09-15T10:16:35.50150137Z
      race event 530: gate 2026-09-15T10:15:35.932660653Z, deadline 2026-09-15T10:16:35.932660653Z
      race event 531: gate 2026-09-15T10:15:36.535913739Z, deadline 2026-09-15T10:16:36.535913739Z
      race event 532: gate 2026-09-15T10:15:36.832835548Z, deadline 2026-09-15T10:16:36.832835548Z
      race event 533: gate 2026-09-15T10:15:37.415265675Z, deadline 2026-09-15T10:16:37.415265675Z
      race event 534: gate 2026-09-15T10:15:37.902870748Z, deadline 2026-09-15T10:16:37.902870748Z
      race event 535: gate 2026-09-15T10:15:38.297160704Z, deadline 2026-09-15T10:16:38.297160704Z
      race event 536: gate 2026-09-15T10:15:39.251758577Z, deadline 2026-09-15T10:16:39.251758577Z
      race event 537: gate 2026-09-15T10:15:39.622825065Z, deadline 2026-09-15T10:16:39.622825065Z
      race event 538: gate 2026-09-15T10:15:40.184359723Z, deadline 2026-09-15T10:16:40.184359723Z
      race event 539: gate 2026-09-15T10:15:40.788670502Z, deadline 2026-09-15T10:16:40.788670502Z
      race event 540: gate 2026-09-15T10:15:41.034096364Z, deadline 2026-09-15T10:16:41.034096364Z
      race event 541: gate 2026-09-15T10:15:41.402361829Z, deadline 2026-09-15T10:16:41.402361829Z
      race event 542: gate 2026-09-15T10:15:41.699442811Z, deadline 2026-09-15T10:16:41.699442811Z
      race event 543: gate 2026-09-15T10:15:42.048379663Z, deadline 2026-09-15T10:16:42.048379663Z
      race event 544: gate 2026-09-15T10:15:42.612626554Z, deadline 2026-09-15T10:16:42.612626554Z
      race event 545: gate 2026-09-15T10:15:42.948078613Z, deadline 2026-09-15T10:16:42.948078613Z
      race event 546: gate 2026-09-15T10:15:43.231898781Z, deadline 2026-09-15T10:16:43.231898781Z
      race event 547: gate 2026-09-15T10:15:43.507289771Z, deadline 2026-09-15T10:16:43.507289771Z
      race event 548: gate 2026-09-15T10:15:43.776904227Z, deadline 2026-09-15T10:16:43.776904227Z
      race event 549: gate 2026-09-15T10:15:44.131382227Z, deadline 2026-09-15T10:16:44.131382227Z
      race event 550: gate 2026-09-15T10:15:44.410443412Z, deadline 2026-09-15T10:16:44.410443412Z
      race event 551: gate 2026-09-15T10:15:44.805116909Z, deadline 2026-09-15T10:16:44.805116909Z
      race event 552: gate 2026-09-15T10:15:45.167323314Z, deadline 2026-09-15T10:16:45.167323314Z
      race event 553: gate 2026-09-15T10:15:45.394393781Z, deadline 2026-09-15T10:16:45.394393781Z
      race event 554: gate 2026-09-15T10:15:45.947874899Z, deadline 2026-09-15T10:16:45.947874899Z
      race event 555: gate 2026-09-15T10:15:46.317678757Z, deadline 2026-09-15T10:16:46.317678757Z
      race event 556: gate 2026-09-15T10:15:46.803961609Z, deadline 2026-09-15T10:16:46.803961609Z
      race event 557: gate 2026-09-15T10:15:47.483361345Z, deadline 2026-09-15T10:16:47.483361345Z
      race event 558: gate 2026-09-15T10:15:47.791515708Z, deadline 2026-09-15T10:16:47.791515708Z
      race event 559: gate 2026-09-15T10:15:48.169627965Z, deadline 2026-09-15T10:16:48.169627965Z
      race event 560: gate 2026-09-15T10:15:48.436062761Z, deadline 2026-09-15T10:16:48.436062761Z
      race event 561: gate 2026-09-15T10:15:48.725788704Z, deadline 2026-09-15T10:16:48.725788704Z
      race event 562: gate 2026-09-15T10:15:49.125558239Z, deadline 2026-09-15T10:16:49.125558239Z
      race event 563: gate 2026-09-15T10:15:49.445757102Z, deadline 2026-09-15T10:16:49.445757102Z
      race event 564: gate 2026-09-15T10:15:49.89723262Z, deadline 2026-09-15T10:16:49.89723262Z
      race event 565: gate 2026-09-15T10:15:50.156903406Z, deadline 2026-09-15T10:16:50.156903406Z
      race event 566: gate 2026-09-15T10:15:50.459753777Z, deadline 2026-09-15T10:16:50.459753777Z
      race event 567: gate 2026-09-15T10:15:50.859667372Z, deadline 2026-09-15T10:16:50.859667372Z
      race event 568: gate 2026-09-15T10:15:51.532323774Z, deadline 2026-09-15T10:16:51.532323774Z
      race event 569: gate 2026-09-15T10:15:52.199124629Z, deadline 2026-09-15T10:16:52.199124629Z
      race event 570: gate 2026-09-15T10:15:52.523134099Z, deadline 2026-09-15T10:16:52.523134099Z
      race event 571: gate 2026-09-15T10:15:52.814856901Z, deadline 2026-09-15T10:16:52.814856901Z
      race event 572: gate 2026-09-15T10:15:53.192025697Z, deadline 2026-09-15T10:16:53.192025697Z
      race event 573: gate 2026-09-15T10:15:53.51495637Z, deadline 2026-09-15T10:16:53.51495637Z
      race event 574: gate 2026-09-15T10:15:53.897206585Z, deadline 2026-09-15T10:16:53.897206585Z
      race event 575: gate 2026-09-15T10:15:54.23964747Z, deadline 2026-09-15T10:16:54.23964747Z
      race event 576: gate 2026-09-15T10:15:54.583270863Z, deadline 2026-09-15T10:16:54.583270863Z
      race event 577: gate 2026-09-15T10:15:54.975265538Z, deadline 2026-09-15T10:16:54.975265538Z
      race event 578: gate 2026-09-15T10:15:55.40108728Z, deadline 2026-09-15T10:16:55.40108728Z
      race event 579: gate 2026-09-15T10:15:55.798788755Z, deadline 2026-09-15T10:16:55.798788755Z
      race event 580: gate 2026-09-15T10:15:56.078600194Z, deadline 2026-09-15T10:16:56.078600194Z
      race event 581: gate 2026-09-15T10:15:56.372713787Z, deadline 2026-09-15T10:16:56.372713787Z
      race event 582: gate 2026-09-15T10:16:00.244487041Z, deadline 2026-09-15T10:17:00.244487041Z
      race event 583: gate 2026-09-15T10:16:00.576407099Z, deadline 2026-09-15T10:17:00.576407099Z
      race event 584: gate 2026-09-15T10:16:00.900393312Z, deadline 2026-09-15T10:17:00.900393312Z
      race event 585: gate 2026-09-15T10:16:01.170923011Z, deadline 2026-09-15T10:17:01.170923011Z
      race event 586: gate 2026-09-15T10:16:01.547727947Z, deadline 2026-09-15T10:17:01.547727947Z
      race event 587: gate 2026-09-15T10:16:01.873960598Z, deadline 2026-09-15T10:17:01.873960598Z
      race event 588: gate 2026-09-15T10:16:02.199923083Z, deadline 2026-09-15T10:17:02.199923083Z
      race event 589: gate 2026-09-15T10:16:02.533370931Z, deadline 2026-09-15T10:17:02.533370931Z
      race event 590: gate 2026-09-15T10:16:02.8092469Z, deadline 2026-09-15T10:17:02.8092469Z
      race event 591: gate 2026-09-15T10:16:03.218167708Z, deadline 2026-09-15T10:17:03.218167708Z
      race event 592: gate 2026-09-15T10:16:03.631971109Z, deadline 2026-09-15T10:17:03.631971109Z
      race event 593: gate 2026-09-15T10:16:03.930260541Z, deadline 2026-09-15T10:17:03.930260541Z
      race event 594: gate 2026-09-15T10:16:04.364895176Z, deadline 2026-09-15T10:17:04.364895176Z
      race event 595: gate 2026-09-15T10:16:04.668970977Z, deadline 2026-09-15T10:17:04.668970977Z
      race event 596: gate 2026-09-15T10:16:05.057874414Z, deadline 2026-09-15T10:17:05.057874414Z
      race event 597: gate 2026-09-15T10:16:05.387155251Z, deadline 2026-09-15T10:17:05.387155251Z
      race event 598: gate 2026-09-15T10:16:06.27077883Z, deadline 2026-09-15T10:17:06.27077883Z
      race event 599: gate 2026-09-15T10:16:06.57574431Z, deadline 2026-09-15T10:17:06.57574431Z
      race event 600: gate 2026-09-15T10:16:06.857040602Z, deadline 2026-09-15T10:17:06.857040602Z
    race     10 seats x100       50.9 seats/s  conflicts/hold=1.56 reads/hold=6.33  hold p50=36.11ms p99=425.35ms  deferred 21/78 ok  confirm retries sold/run=0/0  errors=1693  VIOLATIONS
      audit: VIOLATIONS — thefts 408, grants on sold seats 0, double sales 0, sales without the hold 0, late sales 0, early rejections 222 (transient 0), duplicate seats 0, inventory drift 0, invalid seats 0, partial holds 0, ticket mismatches 0
      first error: ERROR: new row for relation "event_seat" violates check constraint "event_seat_held_has_holder" (SQLSTATE 23514)
      race event 601: gate 2026-09-15T10:16:08.078381068Z, deadline 2026-09-15T10:17:08.078381068Z
      race event 602: gate 2026-09-15T10:16:09.138599474Z, deadline 2026-09-15T10:17:09.138599474Z
      race event 603: gate 2026-09-15T10:16:10.562555535Z, deadline 2026-09-15T10:17:10.562555535Z
      race event 604: gate 2026-09-15T10:16:11.68906962Z, deadline 2026-09-15T10:17:11.68906962Z
      race event 605: gate 2026-09-15T10:16:12.946155115Z, deadline 2026-09-15T10:17:12.946155115Z
      race event 606: gate 2026-09-15T10:16:14.011335854Z, deadline 2026-09-15T10:17:14.011335854Z
      race event 607: gate 2026-09-15T10:16:15.236746408Z, deadline 2026-09-15T10:17:15.236746408Z
      race event 608: gate 2026-09-15T10:16:16.648599201Z, deadline 2026-09-15T10:17:16.648599201Z
      race event 609: gate 2026-09-15T10:16:17.544549005Z, deadline 2026-09-15T10:17:17.544549005Z
      race event 610: gate 2026-09-15T10:16:18.504992588Z, deadline 2026-09-15T10:17:18.504992588Z
      race event 611: gate 2026-09-15T10:16:19.618583392Z, deadline 2026-09-15T10:17:19.618583392Z
      race event 612: gate 2026-09-15T10:16:20.714788722Z, deadline 2026-09-15T10:17:20.714788722Z
      race event 613: gate 2026-09-15T10:16:21.857919476Z, deadline 2026-09-15T10:17:21.857919476Z
      race event 614: gate 2026-09-15T10:16:22.874445935Z, deadline 2026-09-15T10:17:22.874445935Z
      race event 615: gate 2026-09-15T10:16:23.896616214Z, deadline 2026-09-15T10:17:23.896616214Z
      race event 616: gate 2026-09-15T10:16:25.007032703Z, deadline 2026-09-15T10:17:25.007032703Z
      race event 617: gate 2026-09-15T10:16:26.056209562Z, deadline 2026-09-15T10:17:26.056209562Z
      race event 618: gate 2026-09-15T10:16:27.157004243Z, deadline 2026-09-15T10:17:27.157004243Z
      race event 619: gate 2026-09-15T10:16:28.249176996Z, deadline 2026-09-15T10:17:28.249176996Z
      race event 620: gate 2026-09-15T10:16:29.229826243Z, deadline 2026-09-15T10:17:29.229826243Z
    race    100 seats x20       113.5 seats/s  conflicts/hold=1.02 reads/hold=3.49  hold p50=39.87ms p99=302.52ms  deferred 57/101 ok  confirm retries sold/run=0/0  errors=663  VIOLATIONS
      audit: VIOLATIONS — thefts 303, grants on sold seats 0, double sales 0, sales without the hold 0, late sales 0, early rejections 163 (transient 2), duplicate seats 0, inventory drift 0, invalid seats 0, partial holds 0, ticket mismatches 0
      first error: ERROR: new row for relation "event_seat" violates check constraint "event_seat_held_has_holder" (SQLSTATE 23514)
      race event 621: gate 2026-09-15T10:16:31.355604755Z, deadline 2026-09-15T10:17:31.355604755Z
      race event 622: gate 2026-09-15T10:16:43.148271667Z, deadline 2026-09-15T10:17:43.148271667Z
      race event 623: gate 2026-09-15T10:16:50.281814735Z, deadline 2026-09-15T10:17:50.281814735Z
      race event 624: gate 2026-09-15T10:16:58.278483364Z, deadline 2026-09-15T10:17:58.278483364Z
      race event 625: gate 2026-09-15T10:17:05.901754833Z, deadline 2026-09-15T10:18:05.901754833Z
    race   1000 seats x5        144.1 seats/s  conflicts/hold=0.40 reads/hold=2.34  hold p50=62.55ms p99=220.76ms  deferred 160/228 ok  confirm retries sold/run=0/0  errors=666  VIOLATIONS
      audit: VIOLATIONS — thefts 415, grants on sold seats 0, double sales 0, sales without the hold 0, late sales 0, early rejections 229 (transient 12), duplicate seats 0, inventory drift 0, invalid seats 0, partial holds 0, ticket mismatches 0
      first error: ERROR: new row for relation "event_seat" violates check constraint "event_seat_held_has_holder" (SQLSTATE 23514)
      race event 626: gate 2026-09-15T10:17:18.116201861Z, deadline 2026-09-15T10:18:18.116201861Z
      race event 627: gate 2026-09-15T10:18:26.508579983Z, deadline 2026-09-15T10:19:26.508579983Z
    race  10000 seats x2        127.0 seats/s  conflicts/hold=0.07 reads/hold=1.46  hold p50=84.88ms p99=183.57ms  deferred 598/651 ok  confirm retries sold/run=0/0  errors=380  VIOLATIONS, 2 timed out (74% sold)
      audit: VIOLATIONS — thefts 292, grants on sold seats 0, double sales 0, sales without the hold 0, late sales 0, early rejections 170 (transient 26), duplicate seats 0, inventory drift 0, invalid seats 0, partial holds 0, ticket mismatches 0
      first error: ERROR: new row for relation "event_seat" violates check constraint "event_seat_held_has_holder" (SQLSTATE 23514)
  lifecycle trial 1/1 (32 buyers per event, one human minute = 500ms, fresh load):
    lifecycle    10 seats x3       0.2 confirmed seats/s  holds=85 abandoned=10+8 expired@check=48 rejected late/boundary/early(transient)=0/0/0(0)  confirm retries sold/run=0/0  outage unavailable=0/0  leaked=0 errors=0  VIOLATIONS
      audit: VIOLATIONS — thefts 120, grants on sold seats 0, double sales 0, sales without the hold 0, late sales 0, early rejections 0 (transient 0), duplicate seats 0, inventory drift 0, invalid seats 0, partial holds 0, ticket mismatches 0
    lifecycle   100 seats x3       1.3 confirmed seats/s  holds=321 abandoned=55+35 expired@check=79 rejected late/boundary/early(transient)=4/0/0(0)  confirm retries sold/run=0/0  outage unavailable=0/0  leaked=0 errors=0  VIOLATIONS
      audit: VIOLATIONS — thefts 179, grants on sold seats 0, double sales 0, sales without the hold 0, late sales 0, early rejections 0 (transient 0), duplicate seats 0, inventory drift 0, invalid seats 0, partial holds 0, ticket mismatches 0
  wrote /results/s0_check_then_hold_rc.json
