  engine: PostgreSQL 15.12-YB-2025.2.6.0-b0 on x86_64-pc-linux-gnu, compiled by clang version 19.1.0 (https://github.com/yugabyte/llvm-project.git a2a6b655e14e7fa1fcf1011a6cb29cb8575249c0), 64-bit
  effective isolation for READ COMMITTED requests: read committed
  database clock minus client clock: 0.005 ms
  dataset: 5 venues, 658 events, 56103 tickets and 2217 holds at load
  loading s1_conditional_update ...
  loaded in 32.9s (copy 4.1s, index 18.0s)
  verifying answers against ground truth ...
    58/58 checks passed (margin 572s); audit on load: consistent (658 events, 56103 tickets; rejections late=0 boundary=0)
  capturing plans ...
  read benchmark:
    q01_section_map@10                     4022.0 ops/s  p50=  1.574ms p99=  17.934ms  errors=0
    q02_event_sections@10                  5061.7 ops/s  p50=  1.088ms p99=  27.230ms  errors=0
    q03_event_available@10                 5202.5 ops/s  p50=  1.010ms p99=  30.826ms  errors=0
    q01_section_map@100                    2598.6 ops/s  p50=  2.295ms p99=  27.061ms  errors=0
    q02_event_sections@100                 4547.4 ops/s  p50=  1.175ms p99=  31.192ms  errors=0
    q03_event_available@100                4787.7 ops/s  p50=  1.045ms p99=  35.286ms  errors=0
    q01_section_map@1000                   1854.2 ops/s  p50=  2.915ms p99=  35.313ms  errors=0
    q02_event_sections@1000                2483.7 ops/s  p50=  1.827ms p99=  43.558ms  errors=0
    q03_event_available@1000               2721.1 ops/s  p50=  1.373ms p99=  53.487ms  errors=0
    q01_section_map@10000                  1384.3 ops/s  p50=  3.489ms p99=  44.587ms  errors=0
    q02_event_sections@10000                293.8 ops/s  p50= 14.533ms p99=  70.074ms  errors=0
    q03_event_available@10000               537.3 ops/s  p50=  4.619ms p99=  76.704ms  errors=0
    q01_section_map@100000                  903.3 ops/s  p50=  4.878ms p99=  52.961ms  errors=0
    q02_event_sections@100000                30.7 ops/s  p50=276.807ms p99= 360.367ms  errors=0
    q03_event_available@100000               58.2 ops/s  p50=111.083ms p99= 198.631ms  errors=0
    q04_hold_seats                         1073.4 ops/s  p50=  4.262ms p99=  49.779ms  errors=0
    q05_customer_tickets                   3759.5 ops/s  p50=  1.776ms p99=  15.246ms  errors=0
    q06_ticket_by_id                       5648.5 ops/s  p50=  0.979ms p99=  27.877ms  errors=0
  write benchmark (fresh load per op):
    hold                                     18.4 ops/s  p50=392.270ms p99=1807.414ms  rejected=0 retries=0 errors=0
      audit after hold: VIOLATIONS — thefts 0, grants on sold seats 0, double sales 0, sales without the hold 0, late sales 0, early rejections 1 (transient 1), duplicate seats 0, inventory drift 0, invalid seats 0, partial holds 0, ticket mismatches 0
    release                                 431.9 ops/s  p50= 15.626ms p99=  44.392ms  rejected=0 retries=0 errors=0
      audit after release: consistent (658 events, 56103 tickets; rejections late=0 boundary=0)
    cancel                                  244.3 ops/s  p50= 28.816ms p99=  68.602ms  rejected=0 retries=0 errors=0
      audit after cancel: consistent (658 events, 40847 tickets; rejections late=0 boundary=0)
    publish@10                              198.2 ops/s  p50= 16.415ms p99=  54.264ms  rejected=0 retries=0 errors=0
    publish@100                             151.9 ops/s  p50= 24.103ms p99=  50.184ms  rejected=0 retries=0 errors=0
    publish@1000                             39.1 ops/s  p50= 67.336ms p99= 197.801ms  rejected=0 retries=0 errors=0
    publish@10000                             6.5 ops/s  p50=276.651ms p99= 276.651ms  rejected=0 retries=0 errors=0
    publish@100000                            0.6 ops/s  p50=3133.335ms p99=3133.335ms  rejected=0 retries=0 errors=0
      audit after publish: consistent (2887 events, 56103 tickets; rejections late=0 boundary=0)
  race trial 1/1 (32 buyers per event, fresh load):
      race event 501: gate 2026-09-15T10:43:32.528669033Z, deadline 2026-09-15T10:44:32.528669033Z
      race event 502: gate 2026-09-15T10:43:33.545409839Z, deadline 2026-09-15T10:44:33.545409839Z
      race event 503: gate 2026-09-15T10:43:33.924499987Z, deadline 2026-09-15T10:44:33.924499987Z
      race event 504: gate 2026-09-15T10:43:34.323100075Z, deadline 2026-09-15T10:44:34.323100075Z
      race event 505: gate 2026-09-15T10:43:34.493114214Z, deadline 2026-09-15T10:44:34.493114214Z
      race event 506: gate 2026-09-15T10:43:34.750249228Z, deadline 2026-09-15T10:44:34.750249228Z
      race event 507: gate 2026-09-15T10:43:35.206411685Z, deadline 2026-09-15T10:44:35.206411685Z
      race event 508: gate 2026-09-15T10:43:35.567654884Z, deadline 2026-09-15T10:44:35.567654884Z
      race event 509: gate 2026-09-15T10:43:35.838030767Z, deadline 2026-09-15T10:44:35.838030767Z
      race event 510: gate 2026-09-15T10:43:36.054551899Z, deadline 2026-09-15T10:44:36.054551899Z
      race event 511: gate 2026-09-15T10:43:36.325334092Z, deadline 2026-09-15T10:44:36.325334092Z
      race event 512: gate 2026-09-15T10:43:36.699722254Z, deadline 2026-09-15T10:44:36.699722254Z
      race event 513: gate 2026-09-15T10:43:36.930870714Z, deadline 2026-09-15T10:44:36.930870714Z
      race event 514: gate 2026-09-15T10:43:37.18194557Z, deadline 2026-09-15T10:44:37.18194557Z
      race event 515: gate 2026-09-15T10:43:37.380477322Z, deadline 2026-09-15T10:44:37.380477322Z
      race event 516: gate 2026-09-15T10:43:37.593054887Z, deadline 2026-09-15T10:44:37.593054887Z
      race event 517: gate 2026-09-15T10:43:38.033147184Z, deadline 2026-09-15T10:44:38.033147184Z
      race event 518: gate 2026-09-15T10:43:38.408864526Z, deadline 2026-09-15T10:44:38.408864526Z
      race event 519: gate 2026-09-15T10:43:38.801210391Z, deadline 2026-09-15T10:44:38.801210391Z
      race event 520: gate 2026-09-15T10:43:38.996674195Z, deadline 2026-09-15T10:44:38.996674195Z
      race event 521: gate 2026-09-15T10:43:39.321015156Z, deadline 2026-09-15T10:44:39.321015156Z
      race event 522: gate 2026-09-15T10:43:39.62040739Z, deadline 2026-09-15T10:44:39.62040739Z
      race event 523: gate 2026-09-15T10:43:39.815131358Z, deadline 2026-09-15T10:44:39.815131358Z
      race event 524: gate 2026-09-15T10:43:40.061983326Z, deadline 2026-09-15T10:44:40.061983326Z
      race event 525: gate 2026-09-15T10:43:40.405243689Z, deadline 2026-09-15T10:44:40.405243689Z
      race event 526: gate 2026-09-15T10:43:40.826688506Z, deadline 2026-09-15T10:44:40.826688506Z
      race event 527: gate 2026-09-15T10:43:41.314791767Z, deadline 2026-09-15T10:44:41.314791767Z
      race event 528: gate 2026-09-15T10:43:41.759904975Z, deadline 2026-09-15T10:44:41.759904975Z
      race event 529: gate 2026-09-15T10:43:42.138226874Z, deadline 2026-09-15T10:44:42.138226874Z
      race event 530: gate 2026-09-15T10:43:42.506474315Z, deadline 2026-09-15T10:44:42.506474315Z
      race event 531: gate 2026-09-15T10:43:42.948502752Z, deadline 2026-09-15T10:44:42.948502752Z
      race event 532: gate 2026-09-15T10:43:43.143200992Z, deadline 2026-09-15T10:44:43.143200992Z
      race event 533: gate 2026-09-15T10:43:43.482920651Z, deadline 2026-09-15T10:44:43.482920651Z
      race event 534: gate 2026-09-15T10:43:43.711855044Z, deadline 2026-09-15T10:44:43.711855044Z
      race event 535: gate 2026-09-15T10:43:44.057144267Z, deadline 2026-09-15T10:44:44.057144267Z
      race event 536: gate 2026-09-15T10:43:44.477582449Z, deadline 2026-09-15T10:44:44.477582449Z
      race event 537: gate 2026-09-15T10:43:44.935472294Z, deadline 2026-09-15T10:44:44.935472294Z
      race event 538: gate 2026-09-15T10:43:45.212457075Z, deadline 2026-09-15T10:44:45.212457075Z
      race event 539: gate 2026-09-15T10:43:45.579105675Z, deadline 2026-09-15T10:44:45.579105675Z
      race event 540: gate 2026-09-15T10:43:45.861500846Z, deadline 2026-09-15T10:44:45.861500846Z
      race event 541: gate 2026-09-15T10:43:46.282204747Z, deadline 2026-09-15T10:44:46.282204747Z
      race event 542: gate 2026-09-15T10:43:46.64271365Z, deadline 2026-09-15T10:44:46.64271365Z
      race event 543: gate 2026-09-15T10:43:46.913788179Z, deadline 2026-09-15T10:44:46.913788179Z
      race event 544: gate 2026-09-15T10:43:47.144805625Z, deadline 2026-09-15T10:44:47.144805625Z
      race event 545: gate 2026-09-15T10:43:47.31911463Z, deadline 2026-09-15T10:44:47.31911463Z
      race event 546: gate 2026-09-15T10:43:47.658690075Z, deadline 2026-09-15T10:44:47.658690075Z
      race event 547: gate 2026-09-15T10:43:47.893318515Z, deadline 2026-09-15T10:44:47.893318515Z
      race event 548: gate 2026-09-15T10:43:48.080356438Z, deadline 2026-09-15T10:44:48.080356438Z
      race event 549: gate 2026-09-15T10:43:48.261517436Z, deadline 2026-09-15T10:44:48.261517436Z
      race event 550: gate 2026-09-15T10:43:48.670809786Z, deadline 2026-09-15T10:44:48.670809786Z
      race event 551: gate 2026-09-15T10:43:48.828731275Z, deadline 2026-09-15T10:44:48.828731275Z
      race event 552: gate 2026-09-15T10:43:49.224938883Z, deadline 2026-09-15T10:44:49.224938883Z
      race event 553: gate 2026-09-15T10:43:49.378768303Z, deadline 2026-09-15T10:44:49.378768303Z
      race event 554: gate 2026-09-15T10:43:49.577750624Z, deadline 2026-09-15T10:44:49.577750624Z
      race event 555: gate 2026-09-15T10:43:49.845694137Z, deadline 2026-09-15T10:44:49.845694137Z
      race event 556: gate 2026-09-15T10:43:50.288969696Z, deadline 2026-09-15T10:44:50.288969696Z
      race event 557: gate 2026-09-15T10:43:50.508066387Z, deadline 2026-09-15T10:44:50.508066387Z
      race event 558: gate 2026-09-15T10:43:50.682725571Z, deadline 2026-09-15T10:44:50.682725571Z
      race event 559: gate 2026-09-15T10:43:50.84753177Z, deadline 2026-09-15T10:44:50.84753177Z
      race event 560: gate 2026-09-15T10:43:51.084437773Z, deadline 2026-09-15T10:44:51.084437773Z
      race event 561: gate 2026-09-15T10:43:51.353547764Z, deadline 2026-09-15T10:44:51.353547764Z
      race event 562: gate 2026-09-15T10:43:51.554127678Z, deadline 2026-09-15T10:44:51.554127678Z
      race event 563: gate 2026-09-15T10:43:51.76917893Z, deadline 2026-09-15T10:44:51.76917893Z
      race event 564: gate 2026-09-15T10:43:52.20845001Z, deadline 2026-09-15T10:44:52.20845001Z
      race event 565: gate 2026-09-15T10:43:52.364179968Z, deadline 2026-09-15T10:44:52.364179968Z
      race event 566: gate 2026-09-15T10:43:52.6070575Z, deadline 2026-09-15T10:44:52.6070575Z
      race event 567: gate 2026-09-15T10:43:53.065199832Z, deadline 2026-09-15T10:44:53.065199832Z
      race event 568: gate 2026-09-15T10:43:53.378862814Z, deadline 2026-09-15T10:44:53.378862814Z
      race event 569: gate 2026-09-15T10:43:53.671329591Z, deadline 2026-09-15T10:44:53.671329591Z
      race event 570: gate 2026-09-15T10:43:53.971983802Z, deadline 2026-09-15T10:44:53.971983802Z
      race event 571: gate 2026-09-15T10:43:54.186980271Z, deadline 2026-09-15T10:44:54.186980271Z
      race event 572: gate 2026-09-15T10:43:54.53068396Z, deadline 2026-09-15T10:44:54.53068396Z
      race event 573: gate 2026-09-15T10:43:54.677962019Z, deadline 2026-09-15T10:44:54.677962019Z
      race event 574: gate 2026-09-15T10:43:55.148735437Z, deadline 2026-09-15T10:44:55.148735437Z
      race event 575: gate 2026-09-15T10:43:55.431520468Z, deadline 2026-09-15T10:44:55.431520468Z
      race event 576: gate 2026-09-15T10:43:55.611304908Z, deadline 2026-09-15T10:44:55.611304908Z
      race event 577: gate 2026-09-15T10:43:55.925054441Z, deadline 2026-09-15T10:44:55.925054441Z
      race event 578: gate 2026-09-15T10:43:56.328033946Z, deadline 2026-09-15T10:44:56.328033946Z
      race event 579: gate 2026-09-15T10:43:57.102335934Z, deadline 2026-09-15T10:44:57.102335934Z
      race event 580: gate 2026-09-15T10:43:57.58110151Z, deadline 2026-09-15T10:44:57.58110151Z
      race event 581: gate 2026-09-15T10:43:57.981292605Z, deadline 2026-09-15T10:44:57.981292605Z
      race event 582: gate 2026-09-15T10:43:58.339946208Z, deadline 2026-09-15T10:44:58.339946208Z
      race event 583: gate 2026-09-15T10:43:58.602265212Z, deadline 2026-09-15T10:44:58.602265212Z
      race event 584: gate 2026-09-15T10:43:58.908091299Z, deadline 2026-09-15T10:44:58.908091299Z
      race event 585: gate 2026-09-15T10:43:59.126224753Z, deadline 2026-09-15T10:44:59.126224753Z
      race event 586: gate 2026-09-15T10:43:59.440578051Z, deadline 2026-09-15T10:44:59.440578051Z
      race event 587: gate 2026-09-15T10:44:00.303077252Z, deadline 2026-09-15T10:45:00.303077252Z
      race event 588: gate 2026-09-15T10:44:00.667628909Z, deadline 2026-09-15T10:45:00.667628909Z
      race event 589: gate 2026-09-15T10:44:04.81420375Z, deadline 2026-09-15T10:45:04.81420375Z
      race event 590: gate 2026-09-15T10:44:05.076338639Z, deadline 2026-09-15T10:45:05.076338639Z
      race event 591: gate 2026-09-15T10:44:05.677684986Z, deadline 2026-09-15T10:45:05.677684986Z
      race event 592: gate 2026-09-15T10:44:06.120831418Z, deadline 2026-09-15T10:45:06.120831418Z
      race event 593: gate 2026-09-15T10:44:06.558944776Z, deadline 2026-09-15T10:45:06.558944776Z
      race event 594: gate 2026-09-15T10:44:06.858550208Z, deadline 2026-09-15T10:45:06.858550208Z
      race event 595: gate 2026-09-15T10:44:07.26592286Z, deadline 2026-09-15T10:45:07.26592286Z
      race event 596: gate 2026-09-15T10:44:07.713179607Z, deadline 2026-09-15T10:45:07.713179607Z
      race event 597: gate 2026-09-15T10:44:08.124633895Z, deadline 2026-09-15T10:45:08.124633895Z
      race event 598: gate 2026-09-15T10:44:08.416433597Z, deadline 2026-09-15T10:45:08.416433597Z
      race event 599: gate 2026-09-15T10:44:08.69190786Z, deadline 2026-09-15T10:45:08.69190786Z
      race event 600: gate 2026-09-15T10:44:09.249303365Z, deadline 2026-09-15T10:45:09.249303365Z
    race     10 seats x100       44.7 seats/s  conflicts/hold=7.51 reads/hold=15.39  hold p50=28.40ms p99=247.95ms  deferred 45/45 ok  confirm retries sold/run=0/0  errors=0  ok
      audit: consistent (100 events, 1000 tickets; rejections late=0 boundary=0)
      race event 601: gate 2026-09-15T10:44:10.274475309Z, deadline 2026-09-15T10:45:10.274475309Z
      race event 602: gate 2026-09-15T10:44:11.721899359Z, deadline 2026-09-15T10:45:11.721899359Z
      race event 603: gate 2026-09-15T10:44:12.917621049Z, deadline 2026-09-15T10:45:12.917621049Z
      race event 604: gate 2026-09-15T10:44:14.217116461Z, deadline 2026-09-15T10:45:14.217116461Z
      race event 605: gate 2026-09-15T10:44:15.368228313Z, deadline 2026-09-15T10:45:15.368228313Z
      race event 606: gate 2026-09-15T10:44:16.51159672Z, deadline 2026-09-15T10:45:16.51159672Z
      race event 607: gate 2026-09-15T10:44:17.732760305Z, deadline 2026-09-15T10:45:17.732760305Z
      race event 608: gate 2026-09-15T10:44:19.157688333Z, deadline 2026-09-15T10:45:19.157688333Z
      race event 609: gate 2026-09-15T10:44:20.436538975Z, deadline 2026-09-15T10:45:20.436538975Z
      race event 610: gate 2026-09-15T10:44:21.750564856Z, deadline 2026-09-15T10:45:21.750564856Z
      race event 611: gate 2026-09-15T10:44:22.870999332Z, deadline 2026-09-15T10:45:22.870999332Z
      race event 612: gate 2026-09-15T10:44:24.009165361Z, deadline 2026-09-15T10:45:24.009165361Z
      race event 613: gate 2026-09-15T10:44:25.028754922Z, deadline 2026-09-15T10:45:25.028754922Z
      race event 614: gate 2026-09-15T10:44:26.330223597Z, deadline 2026-09-15T10:45:26.330223597Z
      race event 615: gate 2026-09-15T10:44:27.599795215Z, deadline 2026-09-15T10:45:27.599795215Z
      race event 616: gate 2026-09-15T10:44:28.868820162Z, deadline 2026-09-15T10:45:28.868820162Z
      race event 617: gate 2026-09-15T10:44:30.133843292Z, deadline 2026-09-15T10:45:30.133843292Z
      race event 618: gate 2026-09-15T10:44:31.250743632Z, deadline 2026-09-15T10:45:31.250743632Z
      race event 619: gate 2026-09-15T10:44:32.296161177Z, deadline 2026-09-15T10:45:32.296161177Z
      race event 620: gate 2026-09-15T10:44:33.380572105Z, deadline 2026-09-15T10:45:33.380572105Z
    race    100 seats x20        89.7 seats/s  conflicts/hold=2.78 reads/hold=5.25  hold p50=35.94ms p99=238.45ms  deferred 95/95 ok  confirm retries sold/run=0/0  errors=0  VIOLATIONS
      audit: VIOLATIONS — thefts 0, grants on sold seats 0, double sales 0, sales without the hold 0, late sales 0, early rejections 1 (transient 1), duplicate seats 0, inventory drift 0, invalid seats 0, partial holds 0, ticket mismatches 0
      race event 621: gate 2026-09-15T10:44:35.562115825Z, deadline 2026-09-15T10:45:35.562115825Z
      race event 622: gate 2026-09-15T10:44:46.79030311Z, deadline 2026-09-15T10:45:46.79030311Z
      race event 623: gate 2026-09-15T10:44:54.723942989Z, deadline 2026-09-15T10:45:54.723942989Z
      race event 624: gate 2026-09-15T10:45:03.009094625Z, deadline 2026-09-15T10:46:03.009094625Z
      race event 625: gate 2026-09-15T10:45:11.337452437Z, deadline 2026-09-15T10:46:11.337452437Z
    race   1000 seats x5        131.7 seats/s  conflicts/hold=0.97 reads/hold=3.02  hold p50=47.02ms p99=150.77ms  deferred 210/210 ok  confirm retries sold/run=0/0  errors=0  VIOLATIONS
      audit: VIOLATIONS — thefts 0, grants on sold seats 0, double sales 0, sales without the hold 0, late sales 0, early rejections 13 (transient 13), duplicate seats 0, inventory drift 0, invalid seats 0, partial holds 0, ticket mismatches 0
      race event 626: gate 2026-09-15T10:45:22.591595368Z, deadline 2026-09-15T10:46:22.591595368Z
      race event 627: gate 2026-09-15T10:46:30.867959217Z, deadline 2026-09-15T10:47:30.867959217Z
    race  10000 seats x2        128.0 seats/s  conflicts/hold=0.17 reads/hold=1.54  hold p50=71.94ms p99=166.46ms  deferred 621/621 ok  confirm retries sold/run=0/0  errors=0  VIOLATIONS, 2 timed out (77% sold)
      audit: VIOLATIONS — thefts 0, grants on sold seats 0, double sales 0, sales without the hold 0, late sales 0, early rejections 26 (transient 26), duplicate seats 0, inventory drift 0, invalid seats 0, partial holds 0, ticket mismatches 0
  lifecycle trial 1/1 (32 buyers per event, one human minute = 500ms, fresh load):
    lifecycle    10 seats x3       0.2 confirmed seats/s  holds=29 abandoned=1+7 expired@check=0 rejected late/boundary/early(transient)=0/0/0(0)  confirm retries sold/run=0/0  outage unavailable=0/0  leaked=0 errors=0  ok
      audit: consistent (3 events, 30 tickets; rejections late=0 boundary=0)
    lifecycle   100 seats x3       1.7 confirmed seats/s  holds=230 abandoned=35+32 expired@check=5 rejected late/boundary/early(transient)=5/0/0(0)  confirm retries sold/run=0/0  outage unavailable=0/0  leaked=0 errors=0  ok
      audit: consistent (3 events, 300 tickets; rejections late=5 boundary=0)
  wrote /results/s1_conditional_update.json
