  engine: PostgreSQL 15.12-YB-2025.2.6.0-b0 on x86_64-pc-linux-gnu, compiled by clang version 19.1.0 (https://github.com/yugabyte/llvm-project.git a2a6b655e14e7fa1fcf1011a6cb29cb8575249c0), 64-bit
  effective isolation for READ COMMITTED requests: read committed
  database clock minus client clock: 0.004 ms
  dataset: 5 venues, 658 events, 56103 tickets and 2217 holds at load
  loading s1r_confirm_retry ...
  loaded in 30.7s (copy 4.2s, index 16.0s)
  verifying answers against ground truth ...
    58/58 checks passed (margin 574s); audit on load: consistent (658 events, 56103 tickets; rejections late=0 boundary=0)
  capturing plans ...
  read benchmark:
    q01_section_map@10                     3770.8 ops/s  p50=  1.680ms p99=  17.897ms  errors=0
    q02_event_sections@10                  4858.4 ops/s  p50=  1.135ms p99=  26.888ms  errors=0
    q03_event_available@10                 5138.6 ops/s  p50=  1.015ms p99=  31.273ms  errors=0
    q01_section_map@100                    2254.6 ops/s  p50=  2.581ms p99=  28.044ms  errors=0
    q02_event_sections@100                 4150.3 ops/s  p50=  1.289ms p99=  30.172ms  errors=0
    q03_event_available@100                4389.7 ops/s  p50=  1.127ms p99=  34.984ms  errors=0
    q01_section_map@1000                   1808.1 ops/s  p50=  2.968ms p99=  36.186ms  errors=0
    q02_event_sections@1000                2325.4 ops/s  p50=  1.967ms p99=  43.053ms  errors=0
    q03_event_available@1000               2519.8 ops/s  p50=  1.491ms p99=  53.226ms  errors=0
    q01_section_map@10000                  1200.2 ops/s  p50=  4.138ms p99=  44.546ms  errors=0
    q02_event_sections@10000                298.4 ops/s  p50= 14.413ms p99=  69.494ms  errors=0
    q03_event_available@10000               509.5 ops/s  p50=  4.919ms p99=  76.878ms  errors=0
    q01_section_map@100000                  825.5 ops/s  p50=  5.261ms p99=  54.109ms  errors=0
    q02_event_sections@100000                29.2 ops/s  p50=292.750ms p99= 368.546ms  errors=0
    q03_event_available@100000               58.4 ops/s  p50=111.465ms p99= 194.726ms  errors=0
    q04_hold_seats                          953.2 ops/s  p50=  4.831ms p99=  51.551ms  errors=0
    q05_customer_tickets                   3349.8 ops/s  p50=  1.942ms p99=  16.766ms  errors=0
    q06_ticket_by_id                       4961.6 ops/s  p50=  1.085ms p99=  28.304ms  errors=0
  write benchmark (fresh load per op):
    hold                                     17.3 ops/s  p50=422.815ms p99=1356.799ms  rejected=0 retries=0 errors=0
      audit after hold: consistent (658 events, 80726 tickets; rejections late=0 boundary=0)
    release                                 569.2 ops/s  p50= 10.648ms p99=  40.889ms  rejected=0 retries=0 errors=0
      audit after release: consistent (658 events, 56103 tickets; rejections late=0 boundary=0)
    cancel                                  230.6 ops/s  p50= 32.030ms p99=  62.105ms  rejected=0 retries=0 errors=0
      audit after cancel: consistent (658 events, 40921 tickets; rejections late=0 boundary=0)
    publish@10                              190.6 ops/s  p50= 16.985ms p99=  55.915ms  rejected=0 retries=0 errors=0
    publish@100                             143.3 ops/s  p50= 24.412ms p99=  59.180ms  rejected=0 retries=0 errors=0
    publish@1000                             42.5 ops/s  p50= 91.467ms p99= 120.641ms  rejected=0 retries=0 errors=0
    publish@10000                             6.2 ops/s  p50=275.686ms p99= 275.686ms  rejected=0 retries=0 errors=0
    publish@100000                            0.6 ops/s  p50=3222.979ms p99=3222.979ms  rejected=0 retries=0 errors=0
      audit after publish: consistent (2887 events, 56103 tickets; rejections late=0 boundary=0)
  race trial 1/1 (32 buyers per event, fresh load):
      race event 501: gate 2026-09-15T12:05:53.869383342Z, deadline 2026-09-15T12:06:53.869383342Z
      race event 502: gate 2026-09-15T12:05:54.812412046Z, deadline 2026-09-15T12:06:54.812412046Z
      race event 503: gate 2026-09-15T12:05:55.288399621Z, deadline 2026-09-15T12:06:55.288399621Z
      race event 504: gate 2026-09-15T12:05:55.630050951Z, deadline 2026-09-15T12:06:55.630050951Z
      race event 505: gate 2026-09-15T12:05:56.026969691Z, deadline 2026-09-15T12:06:56.026969691Z
      race event 506: gate 2026-09-15T12:05:56.268568877Z, deadline 2026-09-15T12:06:56.268568877Z
      race event 507: gate 2026-09-15T12:05:56.486608987Z, deadline 2026-09-15T12:06:56.486608987Z
      race event 508: gate 2026-09-15T12:05:56.709083538Z, deadline 2026-09-15T12:06:56.709083538Z
      race event 509: gate 2026-09-15T12:05:56.901633326Z, deadline 2026-09-15T12:06:56.901633326Z
      race event 510: gate 2026-09-15T12:05:57.301082801Z, deadline 2026-09-15T12:06:57.301082801Z
      race event 511: gate 2026-09-15T12:05:57.558845292Z, deadline 2026-09-15T12:06:57.558845292Z
      race event 512: gate 2026-09-15T12:05:57.928028049Z, deadline 2026-09-15T12:06:57.928028049Z
      race event 513: gate 2026-09-15T12:05:58.260769966Z, deadline 2026-09-15T12:06:58.260769966Z
      race event 514: gate 2026-09-15T12:05:58.782164095Z, deadline 2026-09-15T12:06:58.782164095Z
      race event 515: gate 2026-09-15T12:05:59.061023234Z, deadline 2026-09-15T12:06:59.061023234Z
      race event 516: gate 2026-09-15T12:05:59.327983765Z, deadline 2026-09-15T12:06:59.327983765Z
      race event 517: gate 2026-09-15T12:05:59.664426884Z, deadline 2026-09-15T12:06:59.664426884Z
      race event 518: gate 2026-09-15T12:06:00.015134981Z, deadline 2026-09-15T12:07:00.015134981Z
      race event 519: gate 2026-09-15T12:06:00.219064903Z, deadline 2026-09-15T12:07:00.219064903Z
      race event 520: gate 2026-09-15T12:06:00.398910813Z, deadline 2026-09-15T12:07:00.398910813Z
      race event 521: gate 2026-09-15T12:06:00.779253035Z, deadline 2026-09-15T12:07:00.779253035Z
      race event 522: gate 2026-09-15T12:06:01.008093579Z, deadline 2026-09-15T12:07:01.008093579Z
      race event 523: gate 2026-09-15T12:06:01.303984789Z, deadline 2026-09-15T12:07:01.303984789Z
      race event 524: gate 2026-09-15T12:06:01.705686693Z, deadline 2026-09-15T12:07:01.705686693Z
      race event 525: gate 2026-09-15T12:06:01.908977752Z, deadline 2026-09-15T12:07:01.908977752Z
      race event 526: gate 2026-09-15T12:06:02.258174038Z, deadline 2026-09-15T12:07:02.258174038Z
      race event 527: gate 2026-09-15T12:06:02.475377205Z, deadline 2026-09-15T12:07:02.475377205Z
      race event 528: gate 2026-09-15T12:06:02.92619704Z, deadline 2026-09-15T12:07:02.92619704Z
      race event 529: gate 2026-09-15T12:06:03.261517769Z, deadline 2026-09-15T12:07:03.261517769Z
      race event 530: gate 2026-09-15T12:06:03.566487469Z, deadline 2026-09-15T12:07:03.566487469Z
      race event 531: gate 2026-09-15T12:06:03.779732865Z, deadline 2026-09-15T12:07:03.779732865Z
      race event 532: gate 2026-09-15T12:06:04.219943301Z, deadline 2026-09-15T12:07:04.219943301Z
      race event 533: gate 2026-09-15T12:06:04.574162353Z, deadline 2026-09-15T12:07:04.574162353Z
      race event 534: gate 2026-09-15T12:06:04.836786347Z, deadline 2026-09-15T12:07:04.836786347Z
      race event 535: gate 2026-09-15T12:06:05.29619585Z, deadline 2026-09-15T12:07:05.29619585Z
      race event 536: gate 2026-09-15T12:06:05.583859944Z, deadline 2026-09-15T12:07:05.583859944Z
      race event 537: gate 2026-09-15T12:06:06.103046119Z, deadline 2026-09-15T12:07:06.103046119Z
      race event 538: gate 2026-09-15T12:06:06.532940771Z, deadline 2026-09-15T12:07:06.532940771Z
      race event 539: gate 2026-09-15T12:06:06.835531737Z, deadline 2026-09-15T12:07:06.835531737Z
      race event 540: gate 2026-09-15T12:06:07.199640734Z, deadline 2026-09-15T12:07:07.199640734Z
      race event 541: gate 2026-09-15T12:06:07.446669894Z, deadline 2026-09-15T12:07:07.446669894Z
      race event 542: gate 2026-09-15T12:06:08.061051862Z, deadline 2026-09-15T12:07:08.061051862Z
      race event 543: gate 2026-09-15T12:06:08.515630087Z, deadline 2026-09-15T12:07:08.515630087Z
      race event 544: gate 2026-09-15T12:06:08.910572379Z, deadline 2026-09-15T12:07:08.910572379Z
      race event 545: gate 2026-09-15T12:06:09.384896275Z, deadline 2026-09-15T12:07:09.384896275Z
      race event 546: gate 2026-09-15T12:06:09.780265007Z, deadline 2026-09-15T12:07:09.780265007Z
      race event 547: gate 2026-09-15T12:06:09.966155815Z, deadline 2026-09-15T12:07:09.966155815Z
      race event 548: gate 2026-09-15T12:06:10.297075245Z, deadline 2026-09-15T12:07:10.297075245Z
      race event 549: gate 2026-09-15T12:06:10.583032694Z, deadline 2026-09-15T12:07:10.583032694Z
      race event 550: gate 2026-09-15T12:06:10.780856651Z, deadline 2026-09-15T12:07:10.780856651Z
      race event 551: gate 2026-09-15T12:06:11.053859867Z, deadline 2026-09-15T12:07:11.053859867Z
      race event 552: gate 2026-09-15T12:06:11.43842558Z, deadline 2026-09-15T12:07:11.43842558Z
      race event 553: gate 2026-09-15T12:06:11.622223968Z, deadline 2026-09-15T12:07:11.622223968Z
      race event 554: gate 2026-09-15T12:06:12.009016511Z, deadline 2026-09-15T12:07:12.009016511Z
      race event 555: gate 2026-09-15T12:06:12.252101951Z, deadline 2026-09-15T12:07:12.252101951Z
      race event 556: gate 2026-09-15T12:06:12.601023554Z, deadline 2026-09-15T12:07:12.601023554Z
      race event 557: gate 2026-09-15T12:06:12.922306896Z, deadline 2026-09-15T12:07:12.922306896Z
      race event 558: gate 2026-09-15T12:06:13.222544534Z, deadline 2026-09-15T12:07:13.222544534Z
      race event 559: gate 2026-09-15T12:06:13.41189761Z, deadline 2026-09-15T12:07:13.41189761Z
      race event 560: gate 2026-09-15T12:06:13.772261415Z, deadline 2026-09-15T12:07:13.772261415Z
      race event 561: gate 2026-09-15T12:06:14.161631522Z, deadline 2026-09-15T12:07:14.161631522Z
      race event 562: gate 2026-09-15T12:06:14.512774177Z, deadline 2026-09-15T12:07:14.512774177Z
      race event 563: gate 2026-09-15T12:06:14.768465945Z, deadline 2026-09-15T12:07:14.768465945Z
      race event 564: gate 2026-09-15T12:06:15.219771159Z, deadline 2026-09-15T12:07:15.219771159Z
      race event 565: gate 2026-09-15T12:06:15.420371368Z, deadline 2026-09-15T12:07:15.420371368Z
      race event 566: gate 2026-09-15T12:06:15.822156175Z, deadline 2026-09-15T12:07:15.822156175Z
      race event 567: gate 2026-09-15T12:06:16.170448027Z, deadline 2026-09-15T12:07:16.170448027Z
      race event 568: gate 2026-09-15T12:06:16.542120944Z, deadline 2026-09-15T12:07:16.542120944Z
      race event 569: gate 2026-09-15T12:06:16.742568573Z, deadline 2026-09-15T12:07:16.742568573Z
      race event 570: gate 2026-09-15T12:06:17.027185219Z, deadline 2026-09-15T12:07:17.027185219Z
      race event 571: gate 2026-09-15T12:06:17.383125239Z, deadline 2026-09-15T12:07:17.383125239Z
      race event 572: gate 2026-09-15T12:06:17.73198629Z, deadline 2026-09-15T12:07:17.73198629Z
      race event 573: gate 2026-09-15T12:06:18.035511221Z, deadline 2026-09-15T12:07:18.035511221Z
      race event 574: gate 2026-09-15T12:06:18.224529613Z, deadline 2026-09-15T12:07:18.224529613Z
      race event 575: gate 2026-09-15T12:06:18.546148879Z, deadline 2026-09-15T12:07:18.546148879Z
      race event 576: gate 2026-09-15T12:06:18.863187174Z, deadline 2026-09-15T12:07:18.863187174Z
      race event 577: gate 2026-09-15T12:06:19.248729549Z, deadline 2026-09-15T12:07:19.248729549Z
      race event 578: gate 2026-09-15T12:06:19.402903713Z, deadline 2026-09-15T12:07:19.402903713Z
      race event 579: gate 2026-09-15T12:06:19.870194882Z, deadline 2026-09-15T12:07:19.870194882Z
      race event 580: gate 2026-09-15T12:06:20.192477582Z, deadline 2026-09-15T12:07:20.192477582Z
      race event 581: gate 2026-09-15T12:06:20.412314801Z, deadline 2026-09-15T12:07:20.412314801Z
      race event 582: gate 2026-09-15T12:06:20.600947843Z, deadline 2026-09-15T12:07:20.600947843Z
      race event 583: gate 2026-09-15T12:06:20.892463603Z, deadline 2026-09-15T12:07:20.892463603Z
      race event 584: gate 2026-09-15T12:06:21.142382507Z, deadline 2026-09-15T12:07:21.142382507Z
      race event 585: gate 2026-09-15T12:06:21.480013507Z, deadline 2026-09-15T12:07:21.480013507Z
      race event 586: gate 2026-09-15T12:06:21.91177883Z, deadline 2026-09-15T12:07:21.91177883Z
      race event 587: gate 2026-09-15T12:06:22.11474253Z, deadline 2026-09-15T12:07:22.11474253Z
      race event 588: gate 2026-09-15T12:06:22.32516094Z, deadline 2026-09-15T12:07:22.32516094Z
      race event 589: gate 2026-09-15T12:06:22.537366144Z, deadline 2026-09-15T12:07:22.537366144Z
      race event 590: gate 2026-09-15T12:06:22.688282911Z, deadline 2026-09-15T12:07:22.688282911Z
      race event 591: gate 2026-09-15T12:06:22.888114555Z, deadline 2026-09-15T12:07:22.888114555Z
      race event 592: gate 2026-09-15T12:06:23.19449626Z, deadline 2026-09-15T12:07:23.19449626Z
      race event 593: gate 2026-09-15T12:06:23.529867167Z, deadline 2026-09-15T12:07:23.529867167Z
      race event 594: gate 2026-09-15T12:06:23.853407983Z, deadline 2026-09-15T12:07:23.853407983Z
      race event 595: gate 2026-09-15T12:06:24.12868524Z, deadline 2026-09-15T12:07:24.12868524Z
      race event 596: gate 2026-09-15T12:06:24.36455378Z, deadline 2026-09-15T12:07:24.36455378Z
      race event 597: gate 2026-09-15T12:06:24.563476964Z, deadline 2026-09-15T12:07:24.563476964Z
      race event 598: gate 2026-09-15T12:06:24.902762353Z, deadline 2026-09-15T12:07:24.902762353Z
      race event 599: gate 2026-09-15T12:06:25.166191279Z, deadline 2026-09-15T12:07:25.166191279Z
      race event 600: gate 2026-09-15T12:06:25.463386056Z, deadline 2026-09-15T12:07:25.463386056Z
    race     10 seats x100       45.3 seats/s  conflicts/hold=7.35 reads/hold=15.26  hold p50=27.39ms p99=234.29ms  deferred 54/54 ok  confirm retries sold/run=1/1  errors=0  ok
      audit: consistent (100 events, 1000 tickets; rejections late=0 boundary=0)
      race event 601: gate 2026-09-15T12:06:30.608466323Z, deadline 2026-09-15T12:07:30.608466323Z
      race event 602: gate 2026-09-15T12:06:31.653832053Z, deadline 2026-09-15T12:07:31.653832053Z
      race event 603: gate 2026-09-15T12:06:32.556340346Z, deadline 2026-09-15T12:07:32.556340346Z
      race event 604: gate 2026-09-15T12:06:33.641694111Z, deadline 2026-09-15T12:07:33.641694111Z
      race event 605: gate 2026-09-15T12:06:34.771591595Z, deadline 2026-09-15T12:07:34.771591595Z
      race event 606: gate 2026-09-15T12:06:35.796815117Z, deadline 2026-09-15T12:07:35.796815117Z
      race event 607: gate 2026-09-15T12:06:37.264091819Z, deadline 2026-09-15T12:07:37.264091819Z
      race event 608: gate 2026-09-15T12:06:38.311463389Z, deadline 2026-09-15T12:07:38.311463389Z
      race event 609: gate 2026-09-15T12:06:39.339107136Z, deadline 2026-09-15T12:07:39.339107136Z
      race event 610: gate 2026-09-15T12:06:40.369069344Z, deadline 2026-09-15T12:07:40.369069344Z
      race event 611: gate 2026-09-15T12:06:41.510334391Z, deadline 2026-09-15T12:07:41.510334391Z
      race event 612: gate 2026-09-15T12:06:42.691953167Z, deadline 2026-09-15T12:07:42.691953167Z
      race event 613: gate 2026-09-15T12:06:43.643291665Z, deadline 2026-09-15T12:07:43.643291665Z
      race event 614: gate 2026-09-15T12:06:44.641008367Z, deadline 2026-09-15T12:07:44.641008367Z
      race event 615: gate 2026-09-15T12:06:45.833808685Z, deadline 2026-09-15T12:07:45.833808685Z
      race event 616: gate 2026-09-15T12:06:46.910598716Z, deadline 2026-09-15T12:07:46.910598716Z
      race event 617: gate 2026-09-15T12:06:48.112697888Z, deadline 2026-09-15T12:07:48.112697888Z
      race event 618: gate 2026-09-15T12:06:49.193951735Z, deadline 2026-09-15T12:07:49.193951735Z
      race event 619: gate 2026-09-15T12:06:50.191702014Z, deadline 2026-09-15T12:07:50.191702014Z
      race event 620: gate 2026-09-15T12:06:51.299058254Z, deadline 2026-09-15T12:07:51.299058254Z
    race    100 seats x20       101.9 seats/s  conflicts/hold=2.74 reads/hold=5.14  hold p50=33.04ms p99=196.09ms  deferred 93/93 ok  confirm retries sold/run=3/3  errors=0  ok
      audit: consistent (20 events, 2000 tickets; rejections late=0 boundary=0)
      race event 621: gate 2026-09-15T12:06:52.992682011Z, deadline 2026-09-15T12:07:52.992682011Z
      race event 622: gate 2026-09-15T12:07:00.181395404Z, deadline 2026-09-15T12:08:00.181395404Z
      race event 623: gate 2026-09-15T12:07:11.523614393Z, deadline 2026-09-15T12:08:11.523614393Z
      race event 624: gate 2026-09-15T12:07:19.902047986Z, deadline 2026-09-15T12:08:19.902047986Z
      race event 625: gate 2026-09-15T12:07:28.296527972Z, deadline 2026-09-15T12:08:28.296527972Z
    race   1000 seats x5        130.5 seats/s  conflicts/hold=1.01 reads/hold=3.17  hold p50=45.51ms p99=148.14ms  deferred 195/195 ok  confirm retries sold/run=7/7  errors=0  ok
      audit: consistent (5 events, 5000 tickets; rejections late=0 boundary=0)
      race event 626: gate 2026-09-15T12:07:36.972655388Z, deadline 2026-09-15T12:08:36.972655388Z
      race event 627: gate 2026-09-15T12:08:45.25451573Z, deadline 2026-09-15T12:09:45.25451573Z
    race  10000 seats x2        105.6 seats/s  conflicts/hold=0.20 reads/hold=1.46  hold p50=79.94ms p99=193.70ms  deferred 540/540 ok  confirm retries sold/run=24/24  errors=0  ok, 2 timed out (64% sold)
      audit: consistent (2 events, 12722 tickets; rejections late=0 boundary=0)
  lifecycle trial 1/1 (32 buyers per event, one human minute = 500ms, fresh load):
    lifecycle    10 seats x3       0.2 confirmed seats/s  holds=28 abandoned=4+3 expired@check=1 rejected late/boundary/early(transient)=0/0/0(0)  confirm retries sold/run=0/0  outage unavailable=0/0  leaked=0 errors=0  ok
      audit: consistent (3 events, 30 tickets; rejections late=0 boundary=0)
    lifecycle   100 seats x3       1.8 confirmed seats/s  holds=231 abandoned=30+28 expired@check=12 rejected late/boundary/early(transient)=2/0/0(0)  confirm retries sold/run=0/2  outage unavailable=0/0  leaked=0 errors=0  ok
      audit: consistent (3 events, 300 tickets; rejections late=2 boundary=0)
  wrote /results/s1r_confirm_retry.json
