  engine: PostgreSQL 15.12-YB-2025.2.6.0-b0 on x86_64-pc-linux-gnu, compiled by clang version 19.1.0 (https://github.com/yugabyte/llvm-project.git a2a6b655e14e7fa1fcf1011a6cb29cb8575249c0), 64-bit
  effective isolation for READ COMMITTED requests: read committed
  database clock minus client clock: 0.003 ms
  dataset: 5 venues, 658 events, 56103 tickets and 2217 holds at load
  loading s2_lock_then_update ...
  loaded in 29.2s (copy 4.1s, index 15.0s)
  verifying answers against ground truth ...
    58/58 checks passed (margin 575s); audit on load: consistent (658 events, 56103 tickets; rejections late=0 boundary=0)
  capturing plans ...
  read benchmark:
    q01_section_map@10                     3091.3 ops/s  p50=  2.108ms p99=  12.648ms  errors=0
    q02_event_sections@10                  4840.1 ops/s  p50=  1.178ms p99=  24.821ms  errors=0
    q03_event_available@10                 4877.4 ops/s  p50=  1.105ms p99=  28.648ms  errors=0
    q01_section_map@100                    2298.4 ops/s  p50=  2.690ms p99=  25.250ms  errors=0
    q02_event_sections@100                 3994.2 ops/s  p50=  1.372ms p99=  29.161ms  errors=0
    q03_event_available@100                4328.1 ops/s  p50=  1.170ms p99=  34.236ms  errors=0
    q01_section_map@1000                   1650.4 ops/s  p50=  3.430ms p99=  33.764ms  errors=0
    q02_event_sections@1000                2281.3 ops/s  p50=  2.047ms p99=  42.742ms  errors=0
    q03_event_available@1000               2043.8 ops/s  p50=  1.783ms p99=  51.775ms  errors=0
    q01_section_map@10000                  1235.1 ops/s  p50=  3.928ms p99=  44.761ms  errors=0
    q02_event_sections@10000                289.7 ops/s  p50= 14.725ms p99=  71.832ms  errors=0
    q03_event_available@10000               501.3 ops/s  p50=  4.988ms p99=  77.556ms  errors=0
    q01_section_map@100000                  797.7 ops/s  p50=  5.572ms p99=  53.552ms  errors=0
    q02_event_sections@100000                30.4 ops/s  p50=286.971ms p99= 315.226ms  errors=0
    q03_event_available@100000               53.6 ops/s  p50=118.305ms p99= 204.750ms  errors=0
    q04_hold_seats                          983.4 ops/s  p50=  4.688ms p99=  50.339ms  errors=0
    q05_customer_tickets                   3278.6 ops/s  p50=  1.925ms p99=  17.566ms  errors=0
    q06_ticket_by_id                       5203.6 ops/s  p50=  1.047ms p99=  28.208ms  errors=0
  write benchmark (fresh load per op):
    hold                                     18.1 ops/s  p50=444.201ms p99=1091.979ms  rejected=0 retries=0 errors=0
      audit after hold: consistent (658 events, 80577 tickets; rejections late=0 boundary=0)
    release                                 541.7 ops/s  p50= 11.774ms p99=  42.214ms  rejected=0 retries=0 errors=0
      audit after release: consistent (658 events, 56103 tickets; rejections late=0 boundary=0)
    cancel                                  237.0 ops/s  p50= 30.602ms p99=  60.660ms  rejected=0 retries=0 errors=0
      audit after cancel: consistent (658 events, 40889 tickets; rejections late=0 boundary=0)
    publish@10                              190.3 ops/s  p50= 17.078ms p99=  55.475ms  rejected=0 retries=0 errors=0
    publish@100                             144.1 ops/s  p50= 25.724ms p99=  50.409ms  rejected=0 retries=0 errors=0
    publish@1000                             41.8 ops/s  p50= 97.046ms p99= 133.752ms  rejected=0 retries=0 errors=0
    publish@10000                             6.4 ops/s  p50=277.668ms p99= 277.668ms  rejected=0 retries=0 errors=0
    publish@100000                            0.5 ops/s  p50=3370.618ms p99=3370.618ms  rejected=0 retries=0 errors=0
      audit after publish: consistent (2887 events, 56103 tickets; rejections late=0 boundary=0)
  race trial 1/1 (32 buyers per event, fresh load):
      race event 501: gate 2026-09-15T11:37:28.315502512Z, deadline 2026-09-15T11:38:28.315502512Z
      race event 502: gate 2026-09-15T11:37:29.115057056Z, deadline 2026-09-15T11:38:29.115057056Z
      race event 503: gate 2026-09-15T11:37:29.893791054Z, deadline 2026-09-15T11:38:29.893791054Z
      race event 504: gate 2026-09-15T11:37:30.431854625Z, deadline 2026-09-15T11:38:30.431854625Z
      race event 505: gate 2026-09-15T11:37:31.213383974Z, deadline 2026-09-15T11:38:31.213383974Z
      race event 506: gate 2026-09-15T11:37:31.737293078Z, deadline 2026-09-15T11:38:31.737293078Z
      race event 507: gate 2026-09-15T11:37:32.335892288Z, deadline 2026-09-15T11:38:32.335892288Z
      race event 508: gate 2026-09-15T11:37:32.945051524Z, deadline 2026-09-15T11:38:32.945051524Z
      race event 509: gate 2026-09-15T11:37:33.579582492Z, deadline 2026-09-15T11:38:33.579582492Z
      race event 510: gate 2026-09-15T11:37:34.310302878Z, deadline 2026-09-15T11:38:34.310302878Z
      race event 511: gate 2026-09-15T11:37:34.943845175Z, deadline 2026-09-15T11:38:34.943845175Z
      race event 512: gate 2026-09-15T11:37:35.499427981Z, deadline 2026-09-15T11:38:35.499427981Z
      race event 513: gate 2026-09-15T11:37:36.136160428Z, deadline 2026-09-15T11:38:36.136160428Z
      race event 514: gate 2026-09-15T11:37:36.861972249Z, deadline 2026-09-15T11:38:36.861972249Z
      race event 515: gate 2026-09-15T11:37:37.504866507Z, deadline 2026-09-15T11:38:37.504866507Z
      race event 516: gate 2026-09-15T11:37:38.107044839Z, deadline 2026-09-15T11:38:38.107044839Z
      race event 517: gate 2026-09-15T11:37:38.495770359Z, deadline 2026-09-15T11:38:38.495770359Z
      race event 518: gate 2026-09-15T11:37:38.996635267Z, deadline 2026-09-15T11:38:38.996635267Z
      race event 519: gate 2026-09-15T11:37:39.410290938Z, deadline 2026-09-15T11:38:39.410290938Z
      race event 520: gate 2026-09-15T11:37:39.818677896Z, deadline 2026-09-15T11:38:39.818677896Z
      race event 521: gate 2026-09-15T11:37:40.213855309Z, deadline 2026-09-15T11:38:40.213855309Z
      race event 522: gate 2026-09-15T11:37:40.707286617Z, deadline 2026-09-15T11:38:40.707286617Z
      race event 523: gate 2026-09-15T11:37:41.125385716Z, deadline 2026-09-15T11:38:41.125385716Z
      race event 524: gate 2026-09-15T11:37:41.711994176Z, deadline 2026-09-15T11:38:41.711994176Z
      race event 525: gate 2026-09-15T11:37:42.223580477Z, deadline 2026-09-15T11:38:42.223580477Z
      race event 526: gate 2026-09-15T11:37:42.616968615Z, deadline 2026-09-15T11:38:42.616968615Z
      race event 527: gate 2026-09-15T11:37:43.022115096Z, deadline 2026-09-15T11:38:43.022115096Z
      race event 528: gate 2026-09-15T11:37:43.536341074Z, deadline 2026-09-15T11:38:43.536341074Z
      race event 529: gate 2026-09-15T11:37:44.021163435Z, deadline 2026-09-15T11:38:44.021163435Z
      race event 530: gate 2026-09-15T11:37:44.653829022Z, deadline 2026-09-15T11:38:44.653829022Z
      race event 531: gate 2026-09-15T11:37:45.138883668Z, deadline 2026-09-15T11:38:45.138883668Z
      race event 532: gate 2026-09-15T11:37:45.536924111Z, deadline 2026-09-15T11:38:45.536924111Z
      race event 533: gate 2026-09-15T11:37:49.732438299Z, deadline 2026-09-15T11:38:49.732438299Z
      race event 534: gate 2026-09-15T11:37:50.131483637Z, deadline 2026-09-15T11:38:50.131483637Z
      race event 535: gate 2026-09-15T11:37:50.651370452Z, deadline 2026-09-15T11:38:50.651370452Z
      race event 536: gate 2026-09-15T11:37:51.245951539Z, deadline 2026-09-15T11:38:51.245951539Z
      race event 537: gate 2026-09-15T11:37:51.669395903Z, deadline 2026-09-15T11:38:51.669395903Z
      race event 538: gate 2026-09-15T11:37:52.074090936Z, deadline 2026-09-15T11:38:52.074090936Z
      race event 539: gate 2026-09-15T11:37:52.477545453Z, deadline 2026-09-15T11:38:52.477545453Z
      race event 540: gate 2026-09-15T11:37:52.868348063Z, deadline 2026-09-15T11:38:52.868348063Z
      race event 541: gate 2026-09-15T11:37:53.182943305Z, deadline 2026-09-15T11:38:53.182943305Z
      race event 542: gate 2026-09-15T11:37:53.863930966Z, deadline 2026-09-15T11:38:53.863930966Z
      race event 543: gate 2026-09-15T11:37:54.26952734Z, deadline 2026-09-15T11:38:54.26952734Z
      race event 544: gate 2026-09-15T11:37:54.703913994Z, deadline 2026-09-15T11:38:54.703913994Z
      race event 545: gate 2026-09-15T11:37:55.197738024Z, deadline 2026-09-15T11:38:55.197738024Z
      race event 546: gate 2026-09-15T11:37:55.68594523Z, deadline 2026-09-15T11:38:55.68594523Z
      race event 547: gate 2026-09-15T11:37:56.085859697Z, deadline 2026-09-15T11:38:56.085859697Z
      race event 548: gate 2026-09-15T11:37:56.493881004Z, deadline 2026-09-15T11:38:56.493881004Z
      race event 549: gate 2026-09-15T11:37:56.912619308Z, deadline 2026-09-15T11:38:56.912619308Z
      race event 550: gate 2026-09-15T11:37:57.421284639Z, deadline 2026-09-15T11:38:57.421284639Z
      race event 551: gate 2026-09-15T11:37:57.921063761Z, deadline 2026-09-15T11:38:57.921063761Z
      race event 552: gate 2026-09-15T11:37:58.60855787Z, deadline 2026-09-15T11:38:58.60855787Z
      race event 553: gate 2026-09-15T11:37:59.343789424Z, deadline 2026-09-15T11:38:59.343789424Z
      race event 554: gate 2026-09-15T11:38:00.060578695Z, deadline 2026-09-15T11:39:00.060578695Z
      race event 555: gate 2026-09-15T11:38:00.672904481Z, deadline 2026-09-15T11:39:00.672904481Z
      race event 556: gate 2026-09-15T11:38:01.155357305Z, deadline 2026-09-15T11:39:01.155357305Z
      race event 557: gate 2026-09-15T11:38:01.561400946Z, deadline 2026-09-15T11:39:01.561400946Z
      race event 558: gate 2026-09-15T11:38:02.071762126Z, deadline 2026-09-15T11:39:02.071762126Z
      race event 559: gate 2026-09-15T11:38:02.479738752Z, deadline 2026-09-15T11:39:02.479738752Z
      race event 560: gate 2026-09-15T11:38:03.189858656Z, deadline 2026-09-15T11:39:03.189858656Z
      race event 561: gate 2026-09-15T11:38:03.691330882Z, deadline 2026-09-15T11:39:03.691330882Z
      race event 562: gate 2026-09-15T11:38:04.180022157Z, deadline 2026-09-15T11:39:04.180022157Z
      race event 563: gate 2026-09-15T11:38:04.529825159Z, deadline 2026-09-15T11:39:04.529825159Z
      race event 564: gate 2026-09-15T11:38:05.282918153Z, deadline 2026-09-15T11:39:05.282918153Z
      race event 565: gate 2026-09-15T11:38:05.704892916Z, deadline 2026-09-15T11:39:05.704892916Z
      race event 566: gate 2026-09-15T11:38:06.185123654Z, deadline 2026-09-15T11:39:06.185123654Z
      race event 567: gate 2026-09-15T11:38:06.700678271Z, deadline 2026-09-15T11:39:06.700678271Z
      race event 568: gate 2026-09-15T11:38:07.191587603Z, deadline 2026-09-15T11:39:07.191587603Z
      race event 569: gate 2026-09-15T11:38:07.607045021Z, deadline 2026-09-15T11:39:07.607045021Z
      race event 570: gate 2026-09-15T11:38:08.096694181Z, deadline 2026-09-15T11:39:08.096694181Z
      race event 571: gate 2026-09-15T11:38:08.498276226Z, deadline 2026-09-15T11:39:08.498276226Z
      race event 572: gate 2026-09-15T11:38:09.115118252Z, deadline 2026-09-15T11:39:09.115118252Z
      race event 573: gate 2026-09-15T11:38:09.621649835Z, deadline 2026-09-15T11:39:09.621649835Z
      race event 574: gate 2026-09-15T11:38:10.410410432Z, deadline 2026-09-15T11:39:10.410410432Z
      race event 575: gate 2026-09-15T11:38:10.913309893Z, deadline 2026-09-15T11:39:10.913309893Z
      race event 576: gate 2026-09-15T11:38:11.313778371Z, deadline 2026-09-15T11:39:11.313778371Z
      race event 577: gate 2026-09-15T11:38:11.738596485Z, deadline 2026-09-15T11:39:11.738596485Z
      race event 578: gate 2026-09-15T11:38:12.033968993Z, deadline 2026-09-15T11:39:12.033968993Z
      race event 579: gate 2026-09-15T11:38:12.453907327Z, deadline 2026-09-15T11:39:12.453907327Z
      race event 580: gate 2026-09-15T11:38:13.065449944Z, deadline 2026-09-15T11:39:13.065449944Z
      race event 581: gate 2026-09-15T11:38:13.552466584Z, deadline 2026-09-15T11:39:13.552466584Z
      race event 582: gate 2026-09-15T11:38:14.168512897Z, deadline 2026-09-15T11:39:14.168512897Z
      race event 583: gate 2026-09-15T11:38:14.770733077Z, deadline 2026-09-15T11:39:14.770733077Z
      race event 584: gate 2026-09-15T11:38:15.082151536Z, deadline 2026-09-15T11:39:15.082151536Z
      race event 585: gate 2026-09-15T11:38:15.574028891Z, deadline 2026-09-15T11:39:15.574028891Z
      race event 586: gate 2026-09-15T11:38:16.276328967Z, deadline 2026-09-15T11:39:16.276328967Z
      race event 587: gate 2026-09-15T11:38:16.674700898Z, deadline 2026-09-15T11:39:16.674700898Z
      race event 588: gate 2026-09-15T11:38:17.278460312Z, deadline 2026-09-15T11:39:17.278460312Z
      race event 589: gate 2026-09-15T11:38:17.681467696Z, deadline 2026-09-15T11:39:17.681467696Z
      race event 590: gate 2026-09-15T11:38:18.288927584Z, deadline 2026-09-15T11:39:18.288927584Z
      race event 591: gate 2026-09-15T11:38:18.879415317Z, deadline 2026-09-15T11:39:18.879415317Z
      race event 592: gate 2026-09-15T11:38:19.381294395Z, deadline 2026-09-15T11:39:19.381294395Z
      race event 593: gate 2026-09-15T11:38:19.79536695Z, deadline 2026-09-15T11:39:19.79536695Z
      race event 594: gate 2026-09-15T11:38:20.384976875Z, deadline 2026-09-15T11:39:20.384976875Z
      race event 595: gate 2026-09-15T11:38:20.694622278Z, deadline 2026-09-15T11:39:20.694622278Z
      race event 596: gate 2026-09-15T11:38:21.091458782Z, deadline 2026-09-15T11:39:21.091458782Z
      race event 597: gate 2026-09-15T11:38:21.39689498Z, deadline 2026-09-15T11:39:21.39689498Z
      race event 598: gate 2026-09-15T11:38:25.492169425Z, deadline 2026-09-15T11:39:25.492169425Z
      race event 599: gate 2026-09-15T11:38:25.890288292Z, deadline 2026-09-15T11:39:25.890288292Z
      race event 600: gate 2026-09-15T11:38:26.210801822Z, deadline 2026-09-15T11:39:26.210801822Z
    race     10 seats x100       51.9 seats/s  conflicts/hold=6.06 reads/hold=13.04  hold p50=30.08ms p99=191.48ms  deferred 58/58 ok  confirm retries sold/run=0/0  errors=0  ok
      audit: consistent (100 events, 1000 tickets; rejections late=0 boundary=0)
      race event 601: gate 2026-09-15T11:38:27.166607305Z, deadline 2026-09-15T11:39:27.166607305Z
      race event 602: gate 2026-09-15T11:38:28.352768969Z, deadline 2026-09-15T11:39:28.352768969Z
      race event 603: gate 2026-09-15T11:38:29.946667053Z, deadline 2026-09-15T11:39:29.946667053Z
      race event 604: gate 2026-09-15T11:38:31.305727856Z, deadline 2026-09-15T11:39:31.305727856Z
      race event 605: gate 2026-09-15T11:38:32.505362273Z, deadline 2026-09-15T11:39:32.505362273Z
      race event 606: gate 2026-09-15T11:38:33.770708224Z, deadline 2026-09-15T11:39:33.770708224Z
      race event 607: gate 2026-09-15T11:38:35.379782239Z, deadline 2026-09-15T11:39:35.379782239Z
      race event 608: gate 2026-09-15T11:38:36.585520738Z, deadline 2026-09-15T11:39:36.585520738Z
      race event 609: gate 2026-09-15T11:38:37.610324715Z, deadline 2026-09-15T11:39:37.610324715Z
      race event 610: gate 2026-09-15T11:38:38.746854414Z, deadline 2026-09-15T11:39:38.746854414Z
      race event 611: gate 2026-09-15T11:38:40.38772171Z, deadline 2026-09-15T11:39:40.38772171Z
      race event 612: gate 2026-09-15T11:38:41.62409915Z, deadline 2026-09-15T11:39:41.62409915Z
      race event 613: gate 2026-09-15T11:38:43.118011213Z, deadline 2026-09-15T11:39:43.118011213Z
      race event 614: gate 2026-09-15T11:38:44.461007818Z, deadline 2026-09-15T11:39:44.461007818Z
      race event 615: gate 2026-09-15T11:38:45.780683965Z, deadline 2026-09-15T11:39:45.780683965Z
      race event 616: gate 2026-09-15T11:38:47.178837173Z, deadline 2026-09-15T11:39:47.178837173Z
      race event 617: gate 2026-09-15T11:38:48.307357816Z, deadline 2026-09-15T11:39:48.307357816Z
      race event 618: gate 2026-09-15T11:38:49.659901039Z, deadline 2026-09-15T11:39:49.659901039Z
      race event 619: gate 2026-09-15T11:38:51.098294303Z, deadline 2026-09-15T11:39:51.098294303Z
      race event 620: gate 2026-09-15T11:38:52.394979536Z, deadline 2026-09-15T11:39:52.394979536Z
    race    100 seats x20        93.3 seats/s  conflicts/hold=2.06 reads/hold=4.65  hold p50=37.48ms p99=198.86ms  deferred 84/84 ok  confirm retries sold/run=0/0  errors=0  VIOLATIONS
      audit: VIOLATIONS — thefts 0, grants on sold seats 0, double sales 0, sales without the hold 0, late sales 0, early rejections 2 (transient 2), duplicate seats 0, inventory drift 0, invalid seats 0, partial holds 0, ticket mismatches 0
      race event 621: gate 2026-09-15T11:38:54.698826005Z, deadline 2026-09-15T11:39:54.698826005Z
      race event 622: gate 2026-09-15T11:39:06.823908081Z, deadline 2026-09-15T11:40:06.823908081Z
      race event 623: gate 2026-09-15T11:39:15.030956582Z, deadline 2026-09-15T11:40:15.030956582Z
      race event 624: gate 2026-09-15T11:39:23.934398215Z, deadline 2026-09-15T11:40:23.934398215Z
      race event 625: gate 2026-09-15T11:39:32.863615062Z, deadline 2026-09-15T11:40:32.863615062Z
    race   1000 seats x5        121.4 seats/s  conflicts/hold=0.93 reads/hold=3.17  hold p50=74.45ms p99=168.66ms  deferred 227/227 ok  confirm retries sold/run=0/0  errors=0  ok
      audit: consistent (5 events, 5000 tickets; rejections late=0 boundary=0)
      race event 626: gate 2026-09-15T11:39:45.768664719Z, deadline 2026-09-15T11:40:45.768664719Z
      race event 627: gate 2026-09-15T11:40:53.912592268Z, deadline 2026-09-15T11:41:53.912592268Z
    race  10000 seats x2        114.0 seats/s  conflicts/hold=0.24 reads/hold=1.55  hold p50=106.31ms p99=244.89ms  deferred 555/555 ok  confirm retries sold/run=0/0  errors=0  VIOLATIONS, 2 timed out (68% sold)
      audit: VIOLATIONS — thefts 0, grants on sold seats 0, double sales 0, sales without the hold 0, late sales 0, early rejections 25 (transient 25), duplicate seats 0, inventory drift 0, invalid seats 0, partial holds 0, ticket mismatches 0
  lifecycle trial 1/1 (32 buyers per event, one human minute = 500ms, fresh load):
    lifecycle    10 seats x3       0.2 confirmed seats/s  holds=32 abandoned=4+4 expired@check=2 rejected late/boundary/early(transient)=1/0/0(0)  confirm retries sold/run=0/0  outage unavailable=0/0  leaked=0 errors=0  ok
      audit: consistent (3 events, 30 tickets; rejections late=1 boundary=0)
    lifecycle   100 seats x3       1.4 confirmed seats/s  holds=215 abandoned=26+30 expired@check=11 rejected late/boundary/early(transient)=0/0/0(0)  confirm retries sold/run=0/0  outage unavailable=0/0  leaked=0 errors=0  ok
      audit: consistent (3 events, 300 tickets; rejections late=0 boundary=0)
  wrote /results/s2_lock_then_update.json
