  engine: PostgreSQL 15.12-YB-2025.2.6.0-b0 on x86_64-pc-linux-gnu, compiled by clang version 19.1.0 (https://github.com/yugabyte/llvm-project.git a2a6b655e14e7fa1fcf1011a6cb29cb8575249c0), 64-bit
  effective isolation for READ COMMITTED requests: read committed
  database clock minus client clock: 0.011 ms
  dataset: 5 venues, 658 events, 56103 tickets and 2217 holds at load
  loading s3_lock_nowait ...
  loaded in 31.2s (copy 5.0s, index 15.2s)
  verifying answers against ground truth ...
    58/58 checks passed (margin 574s); audit on load: consistent (658 events, 56103 tickets; rejections late=0 boundary=0)
  capturing plans ...
  read benchmark:
    q01_section_map@10                     3390.6 ops/s  p50=  1.791ms p99=  18.119ms  errors=0
    q02_event_sections@10                  4483.1 ops/s  p50=  1.190ms p99=  28.737ms  errors=0
    q03_event_available@10                 4744.0 ops/s  p50=  1.080ms p99=  31.437ms  errors=0
    q01_section_map@100                    2148.3 ops/s  p50=  2.758ms p99=  27.771ms  errors=0
    q02_event_sections@100                 3866.0 ops/s  p50=  1.335ms p99=  32.066ms  errors=0
    q03_event_available@100                4216.2 ops/s  p50=  1.154ms p99=  35.730ms  errors=0
    q01_section_map@1000                   1675.2 ops/s  p50=  3.215ms p99=  36.099ms  errors=0
    q02_event_sections@1000                2259.0 ops/s  p50=  2.037ms p99=  42.626ms  errors=0
    q03_event_available@1000               2339.8 ops/s  p50=  1.604ms p99=  53.009ms  errors=0
    q01_section_map@10000                  1204.3 ops/s  p50=  4.072ms p99=  44.569ms  errors=0
    q02_event_sections@10000                281.8 ops/s  p50= 15.351ms p99=  70.522ms  errors=0
    q03_event_available@10000               487.5 ops/s  p50=  5.103ms p99=  77.416ms  errors=0
    q01_section_map@100000                  770.7 ops/s  p50=  5.773ms p99=  54.579ms  errors=0
    q02_event_sections@100000                27.5 ops/s  p50=302.024ms p99= 384.116ms  errors=0
    q03_event_available@100000               54.4 ops/s  p50=115.417ms p99= 202.074ms  errors=0
    q04_hold_seats                          915.6 ops/s  p50=  5.016ms p99=  50.858ms  errors=0
    q05_customer_tickets                   3183.6 ops/s  p50=  2.034ms p99=  16.811ms  errors=0
    q06_ticket_by_id                       4869.9 ops/s  p50=  1.095ms p99=  28.089ms  errors=0
  write benchmark (fresh load per op):
    hold                                     16.4 ops/s  p50=438.169ms p99=1561.723ms  rejected=1 retries=0 errors=0
      audit after hold: consistent (658 events, 80678 tickets; rejections late=0 boundary=0)
    release                                 499.7 ops/s  p50= 12.788ms p99=  39.790ms  rejected=0 retries=0 errors=0
      audit after release: consistent (658 events, 56103 tickets; rejections late=0 boundary=0)
    cancel                                  228.4 ops/s  p50= 30.215ms p99=  66.149ms  rejected=0 retries=0 errors=0
      audit after cancel: consistent (658 events, 40931 tickets; rejections late=0 boundary=0)
    publish@10                              169.9 ops/s  p50= 19.660ms p99=  51.371ms  rejected=0 retries=0 errors=0
    publish@100                             124.5 ops/s  p50= 27.173ms p99=  54.823ms  rejected=0 retries=0 errors=0
    publish@1000                             38.0 ops/s  p50= 97.650ms p99= 139.259ms  rejected=0 retries=0 errors=0
    publish@10000                             5.5 ops/s  p50=316.741ms p99= 316.741ms  rejected=0 retries=0 errors=0
    publish@100000                            0.5 ops/s  p50=3497.116ms p99=3497.116ms  rejected=0 retries=0 errors=0
      audit after publish: consistent (2887 events, 56103 tickets; rejections late=0 boundary=0)
  race trial 1/1 (32 buyers per event, fresh load):
      race event 501: gate 2026-09-15T16:51:46.68107732Z, deadline 2026-09-15T16:52:46.68107732Z
      race event 502: gate 2026-09-15T16:51:48.415304293Z, deadline 2026-09-15T16:52:48.415304293Z
      race event 503: gate 2026-09-15T16:51:49.359376434Z, deadline 2026-09-15T16:52:49.359376434Z
      race event 504: gate 2026-09-15T16:51:50.166857114Z, deadline 2026-09-15T16:52:50.166857114Z
      race event 505: gate 2026-09-15T16:51:51.046393606Z, deadline 2026-09-15T16:52:51.046393606Z
      race event 506: gate 2026-09-15T16:51:52.308713597Z, deadline 2026-09-15T16:52:52.308713597Z
      race event 507: gate 2026-09-15T16:51:53.337329407Z, deadline 2026-09-15T16:52:53.337329407Z
      race event 508: gate 2026-09-15T16:51:53.913211637Z, deadline 2026-09-15T16:52:53.913211637Z
      race event 509: gate 2026-09-15T16:51:54.410322696Z, deadline 2026-09-15T16:52:54.410322696Z
      race event 510: gate 2026-09-15T16:51:58.459980862Z, deadline 2026-09-15T16:52:58.459980862Z
      race event 511: gate 2026-09-15T16:51:59.279090696Z, deadline 2026-09-15T16:52:59.279090696Z
      race event 512: gate 2026-09-15T16:52:00.001224389Z, deadline 2026-09-15T16:53:00.001224389Z
      race event 513: gate 2026-09-15T16:52:00.477147304Z, deadline 2026-09-15T16:53:00.477147304Z
      race event 514: gate 2026-09-15T16:52:00.797322109Z, deadline 2026-09-15T16:53:00.797322109Z
      race event 515: gate 2026-09-15T16:52:01.356015538Z, deadline 2026-09-15T16:53:01.356015538Z
      race event 516: gate 2026-09-15T16:52:01.829465434Z, deadline 2026-09-15T16:53:01.829465434Z
      race event 517: gate 2026-09-15T16:52:02.429870828Z, deadline 2026-09-15T16:53:02.429870828Z
      race event 518: gate 2026-09-15T16:52:03.070141085Z, deadline 2026-09-15T16:53:03.070141085Z
      race event 519: gate 2026-09-15T16:52:03.816937929Z, deadline 2026-09-15T16:53:03.816937929Z
      race event 520: gate 2026-09-15T16:52:04.118121284Z, deadline 2026-09-15T16:53:04.118121284Z
      race event 521: gate 2026-09-15T16:52:04.677559178Z, deadline 2026-09-15T16:53:04.677559178Z
      race event 522: gate 2026-09-15T16:52:05.218163379Z, deadline 2026-09-15T16:53:05.218163379Z
      race event 523: gate 2026-09-15T16:52:05.837444751Z, deadline 2026-09-15T16:53:05.837444751Z
      race event 524: gate 2026-09-15T16:52:06.546615885Z, deadline 2026-09-15T16:53:06.546615885Z
      race event 525: gate 2026-09-15T16:52:07.164583077Z, deadline 2026-09-15T16:53:07.164583077Z
      race event 526: gate 2026-09-15T16:52:07.544938211Z, deadline 2026-09-15T16:53:07.544938211Z
      race event 527: gate 2026-09-15T16:52:07.990831875Z, deadline 2026-09-15T16:53:07.990831875Z
      race event 528: gate 2026-09-15T16:52:08.352621648Z, deadline 2026-09-15T16:53:08.352621648Z
      race event 529: gate 2026-09-15T16:52:08.612848237Z, deadline 2026-09-15T16:53:08.612848237Z
      race event 530: gate 2026-09-15T16:52:08.862536196Z, deadline 2026-09-15T16:53:08.862536196Z
      race event 531: gate 2026-09-15T16:52:09.155598172Z, deadline 2026-09-15T16:53:09.155598172Z
      race event 532: gate 2026-09-15T16:52:09.603722541Z, deadline 2026-09-15T16:53:09.603722541Z
      race event 533: gate 2026-09-15T16:52:09.978728092Z, deadline 2026-09-15T16:53:09.978728092Z
      race event 534: gate 2026-09-15T16:52:10.555588103Z, deadline 2026-09-15T16:53:10.555588103Z
      race event 535: gate 2026-09-15T16:52:11.298616701Z, deadline 2026-09-15T16:53:11.298616701Z
      race event 536: gate 2026-09-15T16:52:11.955539811Z, deadline 2026-09-15T16:53:11.955539811Z
      race event 537: gate 2026-09-15T16:52:12.304492815Z, deadline 2026-09-15T16:53:12.304492815Z
      race event 538: gate 2026-09-15T16:52:13.094636832Z, deadline 2026-09-15T16:53:13.094636832Z
      race event 539: gate 2026-09-15T16:52:13.590168482Z, deadline 2026-09-15T16:53:13.590168482Z
      race event 540: gate 2026-09-15T16:52:14.051562741Z, deadline 2026-09-15T16:53:14.051562741Z
      race event 541: gate 2026-09-15T16:52:14.406731011Z, deadline 2026-09-15T16:53:14.406731011Z
      race event 542: gate 2026-09-15T16:52:14.722568444Z, deadline 2026-09-15T16:53:14.722568444Z
      race event 543: gate 2026-09-15T16:52:15.143043133Z, deadline 2026-09-15T16:53:15.143043133Z
      race event 544: gate 2026-09-15T16:52:15.350881999Z, deadline 2026-09-15T16:53:15.350881999Z
      race event 545: gate 2026-09-15T16:52:15.757356071Z, deadline 2026-09-15T16:53:15.757356071Z
      race event 546: gate 2026-09-15T16:52:16.031463109Z, deadline 2026-09-15T16:53:16.031463109Z
      race event 547: gate 2026-09-15T16:52:16.370448577Z, deadline 2026-09-15T16:53:16.370448577Z
      race event 548: gate 2026-09-15T16:52:16.595565309Z, deadline 2026-09-15T16:53:16.595565309Z
      race event 549: gate 2026-09-15T16:52:17.007125621Z, deadline 2026-09-15T16:53:17.007125621Z
      race event 550: gate 2026-09-15T16:52:17.420587503Z, deadline 2026-09-15T16:53:17.420587503Z
      race event 551: gate 2026-09-15T16:52:17.736268373Z, deadline 2026-09-15T16:53:17.736268373Z
      race event 552: gate 2026-09-15T16:52:18.121650313Z, deadline 2026-09-15T16:53:18.121650313Z
      race event 553: gate 2026-09-15T16:52:18.49401545Z, deadline 2026-09-15T16:53:18.49401545Z
      race event 554: gate 2026-09-15T16:52:18.719358572Z, deadline 2026-09-15T16:53:18.719358572Z
      race event 555: gate 2026-09-15T16:52:19.056749199Z, deadline 2026-09-15T16:53:19.056749199Z
      race event 556: gate 2026-09-15T16:52:19.525803108Z, deadline 2026-09-15T16:53:19.525803108Z
      race event 557: gate 2026-09-15T16:52:20.061569216Z, deadline 2026-09-15T16:53:20.061569216Z
      race event 558: gate 2026-09-15T16:52:20.392651941Z, deadline 2026-09-15T16:53:20.392651941Z
      race event 559: gate 2026-09-15T16:52:20.710764517Z, deadline 2026-09-15T16:53:20.710764517Z
      race event 560: gate 2026-09-15T16:52:20.9968709Z, deadline 2026-09-15T16:53:20.9968709Z
      race event 561: gate 2026-09-15T16:52:21.375181207Z, deadline 2026-09-15T16:53:21.375181207Z
      race event 562: gate 2026-09-15T16:52:21.713828523Z, deadline 2026-09-15T16:53:21.713828523Z
      race event 563: gate 2026-09-15T16:52:21.99431326Z, deadline 2026-09-15T16:53:21.99431326Z
      race event 564: gate 2026-09-15T16:52:22.606908361Z, deadline 2026-09-15T16:53:22.606908361Z
      race event 565: gate 2026-09-15T16:52:22.893265444Z, deadline 2026-09-15T16:53:22.893265444Z
      race event 566: gate 2026-09-15T16:52:23.187297569Z, deadline 2026-09-15T16:53:23.187297569Z
      race event 567: gate 2026-09-15T16:52:23.50512823Z, deadline 2026-09-15T16:53:23.50512823Z
      race event 568: gate 2026-09-15T16:52:23.955310484Z, deadline 2026-09-15T16:53:23.955310484Z
      race event 569: gate 2026-09-15T16:52:24.217691572Z, deadline 2026-09-15T16:53:24.217691572Z
      race event 570: gate 2026-09-15T16:52:24.505373749Z, deadline 2026-09-15T16:53:24.505373749Z
      race event 571: gate 2026-09-15T16:52:25.290826013Z, deadline 2026-09-15T16:53:25.290826013Z
      race event 572: gate 2026-09-15T16:52:25.687654617Z, deadline 2026-09-15T16:53:25.687654617Z
      race event 573: gate 2026-09-15T16:52:25.978945359Z, deadline 2026-09-15T16:53:25.978945359Z
      race event 574: gate 2026-09-15T16:52:26.249168642Z, deadline 2026-09-15T16:53:26.249168642Z
      race event 575: gate 2026-09-15T16:52:26.630016481Z, deadline 2026-09-15T16:53:26.630016481Z
      race event 576: gate 2026-09-15T16:52:26.930916719Z, deadline 2026-09-15T16:53:26.930916719Z
      race event 577: gate 2026-09-15T16:52:27.276948964Z, deadline 2026-09-15T16:53:27.276948964Z
      race event 578: gate 2026-09-15T16:52:27.598297063Z, deadline 2026-09-15T16:53:27.598297063Z
      race event 579: gate 2026-09-15T16:52:27.946917109Z, deadline 2026-09-15T16:53:27.946917109Z
      race event 580: gate 2026-09-15T16:52:28.397465688Z, deadline 2026-09-15T16:53:28.397465688Z
      race event 581: gate 2026-09-15T16:52:28.721364141Z, deadline 2026-09-15T16:53:28.721364141Z
      race event 582: gate 2026-09-15T16:52:28.988036992Z, deadline 2026-09-15T16:53:28.988036992Z
      race event 583: gate 2026-09-15T16:52:29.236499253Z, deadline 2026-09-15T16:53:29.236499253Z
      race event 584: gate 2026-09-15T16:52:29.582302054Z, deadline 2026-09-15T16:53:29.582302054Z
      race event 585: gate 2026-09-15T16:52:29.898820765Z, deadline 2026-09-15T16:53:29.898820765Z
      race event 586: gate 2026-09-15T16:52:30.234561331Z, deadline 2026-09-15T16:53:30.234561331Z
      race event 587: gate 2026-09-15T16:52:34.138170238Z, deadline 2026-09-15T16:53:34.138170238Z
      race event 588: gate 2026-09-15T16:52:34.458809928Z, deadline 2026-09-15T16:53:34.458809928Z
      race event 589: gate 2026-09-15T16:52:34.873547955Z, deadline 2026-09-15T16:53:34.873547955Z
      race event 590: gate 2026-09-15T16:52:35.18199204Z, deadline 2026-09-15T16:53:35.18199204Z
      race event 591: gate 2026-09-15T16:52:35.509784234Z, deadline 2026-09-15T16:53:35.509784234Z
      race event 592: gate 2026-09-15T16:52:35.772916612Z, deadline 2026-09-15T16:53:35.772916612Z
      race event 593: gate 2026-09-15T16:52:36.121509727Z, deadline 2026-09-15T16:53:36.121509727Z
      race event 594: gate 2026-09-15T16:52:36.477765435Z, deadline 2026-09-15T16:53:36.477765435Z
      race event 595: gate 2026-09-15T16:52:36.760977723Z, deadline 2026-09-15T16:53:36.760977723Z
      race event 596: gate 2026-09-15T16:52:37.139220635Z, deadline 2026-09-15T16:53:37.139220635Z
      race event 597: gate 2026-09-15T16:52:37.458041008Z, deadline 2026-09-15T16:53:37.458041008Z
      race event 598: gate 2026-09-15T16:52:37.811544005Z, deadline 2026-09-15T16:53:37.811544005Z
      race event 599: gate 2026-09-15T16:52:38.158466329Z, deadline 2026-09-15T16:53:38.158466329Z
      race event 600: gate 2026-09-15T16:52:38.375229012Z, deadline 2026-09-15T16:53:38.375229012Z
    race     10 seats x100       29.9 seats/s  conflicts/hold=14.45 reads/hold=22.38  hold p50=63.98ms p99=570.60ms  deferred 57/57 ok  confirm retries sold/run=0/0  errors=0  VIOLATIONS
      audit: VIOLATIONS — thefts 0, grants on sold seats 0, double sales 0, sales without the hold 0, late sales 0, early rejections 1 (transient 1), duplicate seats 0, inventory drift 0, invalid seats 0, partial holds 0, ticket mismatches 0
      race event 601: gate 2026-09-15T16:52:39.386498354Z, deadline 2026-09-15T16:53:39.386498354Z
      race event 602: gate 2026-09-15T16:52:40.867772966Z, deadline 2026-09-15T16:53:40.867772966Z
      race event 603: gate 2026-09-15T16:52:42.240671874Z, deadline 2026-09-15T16:53:42.240671874Z
      race event 604: gate 2026-09-15T16:52:43.681022078Z, deadline 2026-09-15T16:53:43.681022078Z
      race event 605: gate 2026-09-15T16:52:45.250358912Z, deadline 2026-09-15T16:53:45.250358912Z
      race event 606: gate 2026-09-15T16:52:46.684058706Z, deadline 2026-09-15T16:53:46.684058706Z
      race event 607: gate 2026-09-15T16:52:48.106532654Z, deadline 2026-09-15T16:53:48.106532654Z
      race event 608: gate 2026-09-15T16:52:49.404448167Z, deadline 2026-09-15T16:53:49.404448167Z
      race event 609: gate 2026-09-15T16:52:50.873583196Z, deadline 2026-09-15T16:53:50.873583196Z
      race event 610: gate 2026-09-15T16:52:52.108050155Z, deadline 2026-09-15T16:53:52.108050155Z
      race event 611: gate 2026-09-15T16:52:53.460370654Z, deadline 2026-09-15T16:53:53.460370654Z
      race event 612: gate 2026-09-15T16:52:54.666607093Z, deadline 2026-09-15T16:53:54.666607093Z
      race event 613: gate 2026-09-15T16:52:56.019674549Z, deadline 2026-09-15T16:53:56.019674549Z
      race event 614: gate 2026-09-15T16:52:57.316811845Z, deadline 2026-09-15T16:53:57.316811845Z
      race event 615: gate 2026-09-15T16:52:58.974566223Z, deadline 2026-09-15T16:53:58.974566223Z
      race event 616: gate 2026-09-15T16:53:00.292176712Z, deadline 2026-09-15T16:54:00.292176712Z
      race event 617: gate 2026-09-15T16:53:01.791452634Z, deadline 2026-09-15T16:54:01.791452634Z
      race event 618: gate 2026-09-15T16:53:03.082185859Z, deadline 2026-09-15T16:54:03.082185859Z
      race event 619: gate 2026-09-15T16:53:04.487204736Z, deadline 2026-09-15T16:54:04.487204736Z
      race event 620: gate 2026-09-15T16:53:05.791016405Z, deadline 2026-09-15T16:54:05.791016405Z
    race    100 seats x20        77.3 seats/s  conflicts/hold=3.87 reads/hold=6.50  hold p50=81.57ms p99=146.96ms  deferred 87/87 ok  confirm retries sold/run=0/0  errors=0  VIOLATIONS
      audit: VIOLATIONS — thefts 0, grants on sold seats 0, double sales 0, sales without the hold 0, late sales 0, early rejections 7 (transient 7), duplicate seats 0, inventory drift 0, invalid seats 0, partial holds 0, ticket mismatches 0
      race event 621: gate 2026-09-15T16:53:11.842010007Z, deadline 2026-09-15T16:54:11.842010007Z
      race event 622: gate 2026-09-15T16:53:20.39774928Z, deadline 2026-09-15T16:54:20.39774928Z
      race event 623: gate 2026-09-15T16:53:29.809566665Z, deadline 2026-09-15T16:54:29.809566665Z
      race event 624: gate 2026-09-15T16:53:39.353549655Z, deadline 2026-09-15T16:54:39.353549655Z
      race event 625: gate 2026-09-15T16:53:52.887275465Z, deadline 2026-09-15T16:54:52.887275465Z
    race   1000 seats x5        109.2 seats/s  conflicts/hold=1.52 reads/hold=3.91  hold p50=96.39ms p99=175.76ms  deferred 190/190 ok  confirm retries sold/run=0/0  errors=0  VIOLATIONS
      audit: VIOLATIONS — thefts 0, grants on sold seats 0, double sales 0, sales without the hold 0, late sales 0, early rejections 11 (transient 11), duplicate seats 0, inventory drift 0, invalid seats 0, partial holds 0, ticket mismatches 0
      race event 626: gate 2026-09-15T16:54:03.17801037Z, deadline 2026-09-15T16:55:03.17801037Z
      race event 627: gate 2026-09-15T16:55:11.861425709Z, deadline 2026-09-15T16:56:11.861425709Z
    race  10000 seats x2        105.5 seats/s  conflicts/hold=0.28 reads/hold=1.54  hold p50=119.31ms p99=265.13ms  deferred 516/516 ok  confirm retries sold/run=0/0  errors=0  VIOLATIONS, 2 timed out (63% sold)
      audit: VIOLATIONS — thefts 0, grants on sold seats 0, double sales 0, sales without the hold 0, late sales 0, early rejections 27 (transient 27), duplicate seats 0, inventory drift 0, invalid seats 0, partial holds 0, ticket mismatches 0
  lifecycle trial 1/1 (32 buyers per event, one human minute = 500ms, fresh load):
    lifecycle    10 seats x3       0.2 confirmed seats/s  holds=34 abandoned=7+5 expired@check=2 rejected late/boundary/early(transient)=0/0/0(0)  confirm retries sold/run=0/0  outage unavailable=0/0  leaked=0 errors=0  ok
      audit: consistent (3 events, 30 tickets; rejections late=0 boundary=0)
    lifecycle   100 seats x3       1.4 confirmed seats/s  holds=250 abandoned=36+37 expired@check=18 rejected late/boundary/early(transient)=3/0/0(0)  confirm retries sold/run=0/0  outage unavailable=0/0  leaked=0 errors=0  ok
      audit: consistent (3 events, 300 tickets; rejections late=3 boundary=0)
  wrote /results/s3_lock_nowait.json
