  engine: PostgreSQL 15.12-YB-2025.2.6.0-b0 on x86_64-pc-linux-gnu, compiled by clang version 19.1.0 (https://github.com/yugabyte/llvm-project.git a2a6b655e14e7fa1fcf1011a6cb29cb8575249c0), 64-bit
  effective isolation for READ COMMITTED requests: read committed
  database clock minus client clock: 0.033 ms
  dataset: 5 venues, 84 events, 5741 tickets and 165 holds at load
  loading s1r_confirm_retry ...
  loaded in 25.3s (copy 2.1s, index 13.0s)
  verifying answers against ground truth ...
    51/51 checks passed (margin 583s); audit on load: consistent (84 events, 5741 tickets; rejections late=0 boundary=0)
  capturing plans ...
  read benchmark:
    q01_section_map@10                     2791.5 ops/s  p50=  1.945ms p99=  27.285ms  errors=0
    q02_event_sections@10                  2619.6 ops/s  p50=  2.194ms p99=  25.985ms  errors=0
    q03_event_available@10                 2868.3 ops/s  p50=  1.904ms p99=  27.653ms  errors=0
    q01_section_map@100                    2611.2 ops/s  p50=  1.942ms p99=  30.323ms  errors=0
    q02_event_sections@100                 2197.5 ops/s  p50=  2.505ms p99=  29.765ms  errors=0
    q03_event_available@100                2343.2 ops/s  p50=  2.259ms p99=  32.032ms  errors=0
    q01_section_map@1000                   1207.8 ops/s  p50=  3.792ms p99=  48.774ms  errors=0
    q02_event_sections@1000                1231.8 ops/s  p50=  4.203ms p99=  42.883ms  errors=0
    q03_event_available@1000               1145.6 ops/s  p50=  3.914ms p99=  50.817ms  errors=0
    q01_section_map@10000                   181.3 ops/s  p50= 22.151ms p99=  97.649ms  errors=0
    q02_event_sections@10000                134.1 ops/s  p50= 56.932ms p99= 148.412ms  errors=0
    q03_event_available@10000               169.6 ops/s  p50= 26.324ms p99= 107.742ms  errors=0
    q04_hold_seats                          214.0 ops/s  p50= 18.206ms p99=  96.892ms  errors=0
    q05_customer_tickets                   1628.8 ops/s  p50=  3.363ms p99=  34.832ms  errors=0
    q06_ticket_by_id                       3641.6 ops/s  p50=  1.552ms p99=  23.717ms  errors=0
  write benchmark (fresh load per op):
    hold                                     19.4 ops/s  p50=403.536ms p99= 808.119ms  rejected=0 retries=3 errors=0
      audit after hold: consistent (84 events, 7758 tickets; rejections late=0 boundary=0)
    release                                 418.8 ops/s  p50= 11.682ms p99=  40.049ms  rejected=0 retries=0 errors=0
      audit after release: consistent (84 events, 5741 tickets; rejections late=0 boundary=0)
    cancel                                  239.9 ops/s  p50= 29.084ms p99=  80.982ms  rejected=0 retries=0 errors=0
      audit after cancel: consistent (84 events, 3102 tickets; rejections late=0 boundary=0)
    publish@10                              164.2 ops/s  p50= 19.760ms p99=  66.473ms  rejected=0 retries=0 errors=0
    publish@100                             162.7 ops/s  p50= 22.819ms p99=  45.610ms  rejected=0 retries=0 errors=0
    publish@1000                             63.4 ops/s  p50= 55.980ms p99=  72.183ms  rejected=0 retries=0 errors=0
    publish@10000                             5.5 ops/s  p50=360.002ms p99= 360.002ms  rejected=0 retries=0 errors=0
    publish@100000                            0.6 ops/s  p50=3266.618ms p99=3266.618ms  rejected=0 retries=0 errors=0
      audit after publish: consistent (2313 events, 5741 tickets; rejections late=0 boundary=0)
  race trial 1/1 (32 buyers per event, fresh load):
      race event 52: gate 2026-09-14T19:44:19.939105159Z, deadline 2026-09-14T19:45:19.939105159Z
      race event 53: gate 2026-09-14T19:44:21.766448357Z, deadline 2026-09-14T19:45:21.766448357Z
      race event 54: gate 2026-09-14T19:44:23.187754247Z, deadline 2026-09-14T19:45:23.187754247Z
      race event 55: gate 2026-09-14T19:44:23.925215183Z, deadline 2026-09-14T19:45:23.925215183Z
      race event 56: gate 2026-09-14T19:44:24.491419736Z, deadline 2026-09-14T19:45:24.491419736Z
      race event 57: gate 2026-09-14T19:44:24.801607193Z, deadline 2026-09-14T19:45:24.801607193Z
      race event 58: gate 2026-09-14T19:44:25.254534744Z, deadline 2026-09-14T19:45:25.254534744Z
      race event 59: gate 2026-09-14T19:44:25.657803015Z, deadline 2026-09-14T19:45:25.657803015Z
      race event 60: gate 2026-09-14T19:44:25.881695839Z, deadline 2026-09-14T19:45:25.881695839Z
      race event 61: gate 2026-09-14T19:44:26.152035907Z, deadline 2026-09-14T19:45:26.152035907Z
      race event 62: gate 2026-09-14T19:44:27.207776495Z, deadline 2026-09-14T19:45:27.207776495Z
      race event 63: gate 2026-09-14T19:44:27.565428404Z, deadline 2026-09-14T19:45:27.565428404Z
      race event 64: gate 2026-09-14T19:44:28.273386661Z, deadline 2026-09-14T19:45:28.273386661Z
      race event 65: gate 2026-09-14T19:44:28.751715563Z, deadline 2026-09-14T19:45:28.751715563Z
      race event 66: gate 2026-09-14T19:44:28.957878218Z, deadline 2026-09-14T19:45:28.957878218Z
      race event 67: gate 2026-09-14T19:44:29.290490193Z, deadline 2026-09-14T19:45:29.290490193Z
      race event 68: gate 2026-09-14T19:44:29.708237211Z, deadline 2026-09-14T19:45:29.708237211Z
      race event 69: gate 2026-09-14T19:44:29.939523714Z, deadline 2026-09-14T19:45:29.939523714Z
      race event 70: gate 2026-09-14T19:44:30.465506526Z, deadline 2026-09-14T19:45:30.465506526Z
      race event 71: gate 2026-09-14T19:44:30.909726759Z, deadline 2026-09-14T19:45:30.909726759Z
    race     10 seats x20        32.3 seats/s  conflicts/hold=6.65 reads/hold=14.45  hold p50=34.44ms p99=298.93ms  deferred 11/11 ok  confirm retries sold/run=0/0  errors=0  ok
      audit: consistent (20 events, 200 tickets; rejections late=0 boundary=0)
      race event 72: gate 2026-09-14T19:44:31.301802049Z, deadline 2026-09-14T19:45:31.301802049Z
      race event 73: gate 2026-09-14T19:44:32.918290061Z, deadline 2026-09-14T19:45:32.918290061Z
      race event 74: gate 2026-09-14T19:44:34.179942061Z, deadline 2026-09-14T19:45:34.179942061Z
      race event 75: gate 2026-09-14T19:44:35.805443655Z, deadline 2026-09-14T19:45:35.805443655Z
    race    100 seats x4         76.9 seats/s  conflicts/hold=2.32 reads/hold=4.47  hold p50=47.31ms p99=287.75ms  deferred 12/12 ok  confirm retries sold/run=2/2  errors=0  ok
      audit: consistent (4 events, 400 tickets; rejections late=0 boundary=0)
      race event 76: gate 2026-09-14T19:44:40.490192421Z, deadline 2026-09-14T19:45:40.490192421Z
    race   1000 seats x1         65.9 seats/s  conflicts/hold=1.04 reads/hold=3.09  hold p50=86.76ms p99=291.45ms  deferred 46/46 ok  confirm retries sold/run=6/6  errors=0  ok
      audit: consistent (1 events, 1000 tickets; rejections late=0 boundary=0)
      race event 77: gate 2026-09-14T19:44:56.314609472Z, deadline 2026-09-14T19:45:56.314609472Z
    race  10000 seats x1         37.5 seats/s  conflicts/hold=0.38 reads/hold=1.45  hold p50=194.01ms p99=486.93ms  deferred 118/118 ok  confirm retries sold/run=9/9  errors=0  ok, 1 timed out (23% sold)
      audit: consistent (1 events, 2273 tickets; rejections late=0 boundary=0)
  lifecycle trial 1/1 (32 buyers per event, one human minute = 500ms, fresh load):
    lifecycle    10 seats x3       0.2 confirmed seats/s  holds=34 abandoned=6+5 expired@check=2 rejected late/boundary/early(transient)=0/0/0(0)  confirm retries sold/run=0/0  outage unavailable=0/0  leaked=0 errors=0  ok
      audit: consistent (3 events, 30 tickets; rejections late=0 boundary=0)
    lifecycle   100 seats x2       1.1 confirmed seats/s  holds=187 abandoned=38+18 expired@check=11 rejected late/boundary/early(transient)=2/0/0(0)  confirm retries sold/run=0/2  outage unavailable=0/0  leaked=0 errors=0  ok
      audit: consistent (2 events, 200 tickets; rejections late=2 boundary=0)
  wrote /results/s1r_confirm_retry.json
