The files belonging to this database system will be owned by user "postgres".
This user must also own the server process.

The database cluster will be initialized with locale "en_US.utf8".
The default database encoding has accordingly been set to "UTF8".
The default text search configuration will be set to "english".

Data page checksums are disabled.

fixing permissions on existing directory /var/lib/postgresql/data/pgdata ... ok
creating subdirectories ... ok
selecting dynamic shared memory implementation ... posix
selecting default "max_connections" ... 100
selecting default "shared_buffers" ... 128MB
selecting default time zone ... Etc/UTC
creating configuration files ... ok
running bootstrap script ... ok
performing post-bootstrap initialization ... ok
syncing data to disk ... ok


Success. You can now start the database server using:

    pg_ctl -D /var/lib/postgresql/data/pgdata -l logfile start

initdb: warning: enabling "trust" authentication for local connections
initdb: hint: You can change this by editing pg_hba.conf or using the option -A, or --auth-local and --auth-host, the next time you run initdb.
waiting for server to start....2026-09-13 12:53:53.979 UTC [47] LOG:  starting PostgreSQL 17.11 (Debian 17.11-1.pgdg13+2) on x86_64-pc-linux-gnu, compiled by gcc (Debian 14.2.0-19) 14.2.0, 64-bit
2026-09-13 12:53:53.981 UTC [47] LOG:  listening on Unix socket "/var/run/postgresql/.s.PGSQL.5432"
2026-09-13 12:53:53.984 UTC [50] LOG:  database system was shut down at 2026-09-13 12:53:53 UTC
2026-09-13 12:53:54.010 UTC [47] LOG:  database system is ready to accept connections
 done
server started
CREATE DATABASE


/usr/local/bin/docker-entrypoint.sh: ignoring /docker-entrypoint-initdb.d/*

waiting for server to shut down....2026-09-13 12:53:54.131 UTC [47] LOG:  received fast shutdown request
2026-09-13 12:53:54.133 UTC [47] LOG:  aborting any active transactions
2026-09-13 12:53:54.134 UTC [47] LOG:  background worker "logical replication launcher" (PID 53) exited with exit code 1
2026-09-13 12:53:54.134 UTC [48] LOG:  shutting down
2026-09-13 12:53:54.158 UTC [48] LOG:  checkpoint starting: shutdown immediate
2026-09-13 12:53:54.258 UTC [48] LOG:  checkpoint complete: wrote 925 buffers (0.9%); 0 WAL file(s) added, 0 removed, 0 recycled; write=0.026 s, sync=0.039 s, total=0.124 s; sync files=301, longest=0.003 s, average=0.001 s; distance=4256 kB, estimate=4256 kB; lsn=0/19179D8, redo lsn=0/19179D8
2026-09-13 12:53:54.263 UTC [47] LOG:  database system is shut down
 done
server stopped

PostgreSQL init process complete; ready for start up.

2026-09-13 12:53:54.379 UTC [1] LOG:  starting PostgreSQL 17.11 (Debian 17.11-1.pgdg13+2) on x86_64-pc-linux-gnu, compiled by gcc (Debian 14.2.0-19) 14.2.0, 64-bit
2026-09-13 12:53:54.379 UTC [1] LOG:  listening on IPv4 address "0.0.0.0", port 5432
2026-09-13 12:53:54.379 UTC [1] LOG:  listening on IPv6 address "::", port 5432
2026-09-13 12:53:54.382 UTC [1] LOG:  listening on Unix socket "/var/run/postgresql/.s.PGSQL.5432"
2026-09-13 12:53:54.385 UTC [63] LOG:  database system was shut down at 2026-09-13 12:53:54 UTC
2026-09-13 12:53:54.409 UTC [1] LOG:  database system is ready to accept connections
2026-09-13 12:59:26.755 UTC [61] LOG:  checkpoint starting: time
2026-09-13 13:02:52.783 UTC [61] LOG:  checkpoint complete: wrote 478 buffers (0.5%); 0 WAL file(s) added, 0 removed, 16 recycled; write=205.797 s, sync=0.124 s, total=206.029 s; sync files=272, longest=0.059 s, average=0.001 s; distance=265353 kB, estimate=265353 kB; lsn=0/1A24D928, redo lsn=0/11C39FF8
2026-09-13 13:04:37.609 UTC [61] LOG:  checkpoint starting: time
2026-09-13 13:07:59.990 UTC [61] LOG:  checkpoint complete: wrote 682 buffers (0.7%); 0 WAL file(s) added, 0 removed, 17 recycled; write=202.329 s, sync=0.025 s, total=202.382 s; sync files=193, longest=0.001 s, average=0.001 s; distance=280734 kB, estimate=280734 kB; lsn=0/2AE29658, redo lsn=0/22E61B48
2026-09-13 13:09:48.833 UTC [61] LOG:  checkpoint starting: time
2026-09-13 13:14:18.037 UTC [61] LOG:  checkpoint complete: wrote 203 buffers (0.2%); 0 WAL file(s) added, 0 removed, 16 recycled; write=269.007 s, sync=0.138 s, total=269.205 s; sync files=232, longest=0.022 s, average=0.001 s; distance=261950 kB, estimate=278856 kB; lsn=0/414279D8, redo lsn=0/32E315C0
2026-09-13 13:14:51.627 UTC [61] LOG:  checkpoint starting: time
2026-09-13 13:18:15.228 UTC [61] LOG:  checkpoint complete: wrote 494 buffers (0.5%); 0 WAL file(s) added, 0 removed, 17 recycled; write=203.182 s, sync=0.205 s, total=203.601 s; sync files=145, longest=0.073 s, average=0.002 s; distance=273030 kB, estimate=278273 kB; lsn=0/4BC35228, redo lsn=0/438D2F50
2026-09-13 13:20:02.075 UTC [61] LOG:  checkpoint starting: time
2026-09-13 14:01:48.601 UTC [61] LOG:  checkpoint complete: wrote 440 buffers (0.4%); 0 WAL file(s) added, 0 removed, 15 recycled; write=442.075 s, sync=4.218 s, total=2506.526 s; sync files=219, longest=0.213 s, average=0.020 s; distance=247284 kB, estimate=275174 kB; lsn=0/5E6376F0, redo lsn=0/52A4FFB8
2026-09-13 14:07:15.199 UTC [61] LOG:  checkpoint starting: time
2026-09-13 14:10:31.218 UTC [61] LOG:  checkpoint complete: wrote 634 buffers (0.6%); 0 WAL file(s) added, 0 removed, 28 recycled; write=195.779 s, sync=0.088 s, total=196.019 s; sync files=271, longest=0.010 s, average=0.001 s; distance=457377 kB, estimate=457377 kB; lsn=0/78F6EA18, redo lsn=0/6E8F84B8
2026-09-13 14:12:27.095 UTC [61] LOG:  checkpoint starting: time
