  engine: PostgreSQL 15.12-YB-2025.2.6.0-b0 on x86_64-pc-linux-gnu, compiled by clang version 19.1.0 (https://github.com/yugabyte/llvm-project.git a2a6b655e14e7fa1fcf1011a6cb29cb8575249c0), 64-bit
  effective isolation for READ COMMITTED requests: read committed
  dataset: 40 bands, 690 events, 289500 seats, 65388 sold at load
  loading p3_precreated_cas ...
  loaded in 28.2s (copy 3.2s, index 23.0s)
  verifying answers against ground truth ...
    46/46 checks passed; audit on load: consistent (690 events, 65388 seats sold)
  write benchmark (fresh load per op):
    book                                    346.3 ops/s  p50= 12.078ms p99=  96.719ms  rejected=0 retries=399 errors=0
      audit after book: consistent (690 events, 67760 seats sold)
    cancel                                  485.1 ops/s  p50=  9.812ms p99=  57.276ms  rejected=0 retries=0 errors=0
      audit after cancel: consistent (690 events, 61934 seats sold)
      report check r01_event_sales_window@write:cancel event 500 (booked=0, cancelled=2155): ok
  race trial 1/3 (32 buyers per event, fresh load):
    race       10 seats x100      138.2 sold/s  p50= 23.992ms p99= 287.001ms  attempts/sale=4.58 errors=0  editor p99=101.33ms  ok
      audit: consistent (690 events, 66388 seats sold)
    race      100 seats x20       192.0 sold/s  p50= 74.440ms p99= 297.187ms  attempts/sale=2.05 errors=0  editor p99=90.91ms  ok
      audit: consistent (690 events, 68388 seats sold)
    race     1000 seats x5        336.2 sold/s  p50= 80.661ms p99= 312.380ms  attempts/sale=1.31 errors=0  editor p99=96.70ms  ok
      audit: consistent (690 events, 73388 seats sold)
    race    10000 seats x2        403.3 sold/s  p50= 78.588ms p99= 222.522ms  attempts/sale=1.10 errors=0  editor p99=89.28ms  ok
      audit: consistent (690 events, 93388 seats sold)
    race   100000 seats x1        425.2 sold/s  p50= 80.861ms p99= 149.815ms  attempts/sale=1.00 errors=0  editor p99=90.56ms  ok, 1 timed out (26% sold)
      audit: consistent (690 events, 118919 seats sold)
  churn trial 1/3 (32 buyers per event, fresh load):
    churn      10 seats x50        79.1 sold/s  p50= 38.476ms p99= 347.704ms  attempts/sale=5.33 errors=0  editor p99=112.72ms  ok
      audit: consistent (690 events, 65888 seats sold)
    churn     100 seats x10       181.1 sold/s  p50= 87.514ms p99= 382.450ms  attempts/sale=2.08 errors=0  editor p99=101.53ms  ok
      audit: consistent (690 events, 66888 seats sold)
    churn    1000 seats x2        242.2 sold/s  p50= 94.699ms p99= 429.866ms  attempts/sale=1.33 errors=0  editor p99=109.67ms  ok
      audit: consistent (690 events, 68888 seats sold)
      report check r01_event_sales_window@churn#1 event 689 (booked=1118, cancelled=118): ok
  race trial 2/3 (32 buyers per event, fresh load):
    race       10 seats x100      101.3 sold/s  p50= 36.958ms p99= 153.242ms  attempts/sale=4.95 errors=0  editor p99=135.44ms  ok
      audit: consistent (690 events, 66388 seats sold)
    race      100 seats x20       199.7 sold/s  p50= 83.756ms p99= 295.656ms  attempts/sale=2.10 errors=0  editor p99=87.59ms  ok
      audit: consistent (690 events, 68388 seats sold)
    race     1000 seats x5        280.6 sold/s  p50= 92.024ms p99= 365.137ms  attempts/sale=1.33 errors=0  editor p99=99.92ms  ok
      audit: consistent (690 events, 73388 seats sold)
    race    10000 seats x2        268.8 sold/s  p50= 97.086ms p99= 396.980ms  attempts/sale=1.11 errors=0  editor p99=200.19ms  ok
      audit: consistent (690 events, 93388 seats sold)
    race   100000 seats x1        318.4 sold/s  p50= 96.425ms p99= 219.327ms  attempts/sale=1.00 errors=0  editor p99=160.60ms  ok, 1 timed out (19% sold)
      audit: consistent (690 events, 112518 seats sold)
  churn trial 2/3 (32 buyers per event, fresh load):
    churn      10 seats x50        58.7 sold/s  p50= 60.391ms p99= 427.420ms  attempts/sale=5.61 errors=0  editor p99=186.43ms  ok
      audit: consistent (690 events, 65888 seats sold)
    churn     100 seats x10       146.7 sold/s  p50= 99.320ms p99= 392.890ms  attempts/sale=2.13 errors=0  editor p99=155.42ms  ok
      audit: consistent (690 events, 66888 seats sold)
    churn    1000 seats x2        197.2 sold/s  p50=106.660ms p99= 664.544ms  attempts/sale=1.28 errors=0  editor p99=194.51ms  ok
      audit: consistent (690 events, 68888 seats sold)
      report check r01_event_sales_window@churn#2 event 689 (booked=1120, cancelled=120): ok
  race trial 3/3 (32 buyers per event, fresh load):
    race       10 seats x100       80.7 sold/s  p50= 59.761ms p99= 305.782ms  attempts/sale=4.83 errors=0  editor p99=188.99ms  ok
      audit: consistent (690 events, 66388 seats sold)
    race      100 seats x20       181.1 sold/s  p50= 89.621ms p99= 379.071ms  attempts/sale=2.06 errors=0  editor p99=104.21ms  ok
      audit: consistent (690 events, 68388 seats sold)
    race     1000 seats x5        182.2 sold/s  p50=113.793ms p99= 586.831ms  attempts/sale=1.36 errors=0  editor p99=233.56ms  ok
      audit: consistent (690 events, 73388 seats sold)
    race    10000 seats x2        240.7 sold/s  p50=106.731ms p99= 401.279ms  attempts/sale=1.10 errors=0  editor p99=200.06ms  ok
      audit: consistent (690 events, 93388 seats sold)
    race   100000 seats x1        258.7 sold/s  p50=106.777ms p99= 329.554ms  attempts/sale=1.00 errors=0  editor p99=210.03ms  ok, 1 timed out (16% sold)
      audit: consistent (690 events, 108935 seats sold)
  churn trial 3/3 (32 buyers per event, fresh load):
    churn      10 seats x50        38.1 sold/s  p50= 92.804ms p99= 544.158ms  attempts/sale=5.66 errors=0  editor p99=335.30ms  ok
      audit: consistent (690 events, 65888 seats sold)
    churn     100 seats x10       119.8 sold/s  p50=110.680ms p99= 541.900ms  attempts/sale=2.11 errors=0  editor p99=214.97ms  ok
      audit: consistent (690 events, 66888 seats sold)
    churn    1000 seats x2        224.4 sold/s  p50= 98.042ms p99= 476.651ms  attempts/sale=1.31 errors=0  editor p99=156.63ms  ok
      audit: consistent (690 events, 68888 seats sold)
      report check r01_event_sales_window@churn#3 event 690 (booked=1129, cancelled=129): ok
  wrote /results/p3_precreated_cas.json
