  engine: PostgreSQL 15.12-YB-2025.2.6.0-b0 on x86_64-pc-linux-gnu, compiled by clang version 19.1.0 (https://github.com/yugabyte/llvm-project.git a2a6b655e14e7fa1fcf1011a6cb29cb8575249c0), 64-bit
  effective isolation for READ COMMITTED requests: read committed
  dataset: 40 bands, 690 events, 289500 seats, 65388 sold at load
  loading x1_cas_ledger ...
  loaded in 51.8s (copy 7.1s, index 32.0s)
  verifying answers against ground truth ...
    48/48 checks passed; audit on load: consistent (690 events, 65388 seats sold)
    ledger audit on load: consistent (289500 seats checked)
  write benchmark (fresh load per op):
    book                                    106.6 ops/s  p50= 67.680ms p99= 250.991ms  rejected=0 retries=122 errors=0
      audit after book: consistent (690 events, 66030 seats sold)
      ledger audit after book: consistent (289500 seats checked)
    cancel                                  157.1 ops/s  p50= 50.449ms p99=  94.069ms  rejected=0 retries=0 errors=0
      audit after cancel: consistent (690 events, 64294 seats sold)
      ledger audit after cancel: consistent (289500 seats checked)
      report check r01_event_sales_window@write:cancel event 500 (booked=0, cancelled=689): ok
      report check r05_refunds_window@write:cancel every event (harness cancelled=1094, tolerance=0): ok
  race trial 1/3 (32 buyers per event, fresh load):
    race       10 seats x100       33.6 sold/s  p50= 98.410ms p99= 650.783ms  attempts/sale=5.71 errors=0  editor p99=216.80ms  ok
      audit: consistent (690 events, 66388 seats sold)
      ledger audit: consistent (289500 seats checked)
    race      100 seats x20       103.6 sold/s  p50=131.007ms p99= 595.075ms  attempts/sale=2.10 errors=0  editor p99=136.15ms  ok
      audit: consistent (690 events, 68388 seats sold)
      ledger audit: consistent (289500 seats checked)
    race     1000 seats x5        126.7 sold/s  p50=182.149ms p99= 886.755ms  attempts/sale=1.35 errors=0  editor p99=178.80ms  ok
      audit: consistent (690 events, 73388 seats sold)
      ledger audit: consistent (289500 seats checked)
    race    10000 seats x2        159.7 sold/s  p50=179.311ms p99= 572.708ms  attempts/sale=1.04 errors=0  editor p99=200.41ms  ok, 2 timed out (96% sold)
      audit: consistent (690 events, 92617 seats sold)
      ledger audit: consistent (289500 seats checked)
    race   100000 seats x1        165.6 sold/s  p50=180.564ms p99= 402.000ms  attempts/sale=1.00 errors=0  editor p99=191.37ms  ok, 1 timed out (10% sold)
      audit: consistent (690 events, 102666 seats sold)
      ledger audit: consistent (289500 seats checked)
  churn trial 1/3 (32 buyers per event, fresh load):
    churn      10 seats x50        26.7 sold/s  p50= 93.375ms p99= 998.556ms  attempts/sale=6.18 errors=0  editor p99=219.82ms  ok
      audit: consistent (690 events, 65888 seats sold)
      ledger audit: consistent (289500 seats checked)
    churn     100 seats x10        75.7 sold/s  p50=182.791ms p99= 850.936ms  attempts/sale=2.16 errors=0  editor p99=167.57ms  ok
      audit: consistent (690 events, 66888 seats sold)
      ledger audit: consistent (289500 seats checked)
    churn    1000 seats x2        120.6 sold/s  p50=170.173ms p99= 812.885ms  attempts/sale=1.30 errors=0  editor p99=175.98ms  ok
      audit: consistent (690 events, 68888 seats sold)
      ledger audit: consistent (289500 seats checked)
      report check r01_event_sales_window@churn#1 event 690 (booked=1115, cancelled=115): ok
      report check r05_refunds_window@churn#1     every event (harness cancelled=399, tolerance=0): ok
  race trial 2/3 (32 buyers per event, fresh load):
    race       10 seats x100       33.8 sold/s  p50=103.017ms p99= 673.031ms  attempts/sale=5.85 errors=0  editor p99=187.94ms  ok
      audit: consistent (690 events, 66388 seats sold)
      ledger audit: consistent (289500 seats checked)
    race      100 seats x20        91.7 sold/s  p50=155.279ms p99= 607.731ms  attempts/sale=2.15 errors=0  editor p99=161.70ms  ok
      audit: consistent (690 events, 68388 seats sold)
      ledger audit: consistent (289500 seats checked)
    race     1000 seats x5        139.0 sold/s  p50=174.369ms p99= 813.986ms  attempts/sale=1.31 errors=0  editor p99=181.51ms  ok
      audit: consistent (690 events, 73388 seats sold)
      ledger audit: consistent (289500 seats checked)
    race    10000 seats x2        162.4 sold/s  p50=176.172ms p99= 610.859ms  attempts/sale=1.05 errors=0  editor p99=191.71ms  ok, 2 timed out (98% sold)
      audit: consistent (690 events, 92930 seats sold)
      ledger audit: consistent (289500 seats checked)
    race   100000 seats x1        179.5 sold/s  p50=165.191ms p99= 444.054ms  attempts/sale=1.00 errors=0  editor p99=198.79ms  ok, 1 timed out (11% sold)
      audit: consistent (690 events, 103723 seats sold)
      ledger audit: consistent (289500 seats checked)
  churn trial 2/3 (32 buyers per event, fresh load):
    churn      10 seats x50        28.6 sold/s  p50=101.034ms p99= 982.213ms  attempts/sale=5.88 errors=0  editor p99=283.19ms  ok
      audit: consistent (690 events, 65888 seats sold)
      ledger audit: consistent (289500 seats checked)
    churn     100 seats x10        73.4 sold/s  p50=171.044ms p99= 804.957ms  attempts/sale=2.32 errors=0  editor p99=172.33ms  ok
      audit: consistent (690 events, 66888 seats sold)
      ledger audit: consistent (289500 seats checked)
    churn    1000 seats x2        134.7 sold/s  p50=161.708ms p99= 670.598ms  attempts/sale=1.31 errors=0  editor p99=198.08ms  ok
      audit: consistent (690 events, 68888 seats sold)
      ledger audit: consistent (289500 seats checked)
      report check r01_event_sales_window@churn#2 event 689 (booked=1118, cancelled=118): ok
      report check r05_refunds_window@churn#2     every event (harness cancelled=405, tolerance=0): ok
  race trial 3/3 (32 buyers per event, fresh load):
    race       10 seats x100       34.8 sold/s  p50= 93.565ms p99= 836.289ms  attempts/sale=5.93 errors=0  editor p99=204.79ms  ok
      audit: consistent (690 events, 66388 seats sold)
      ledger audit: consistent (289500 seats checked)
    race      100 seats x20        91.4 sold/s  p50=168.510ms p99= 688.814ms  attempts/sale=2.13 errors=0  editor p99=151.36ms  ok
      audit: consistent (690 events, 68388 seats sold)
      ledger audit: consistent (289500 seats checked)
    race     1000 seats x5        125.9 sold/s  p50=182.861ms p99= 916.162ms  attempts/sale=1.33 errors=0  editor p99=189.85ms  ok
      audit: consistent (690 events, 73388 seats sold)
      ledger audit: consistent (289500 seats checked)
ERROR: ERROR: Timed out waiting kResponseSent, state: kRequestSent (SQLSTATE XX000)
  wrote /results/x1_cas_ledger.json
