  engine: PostgreSQL 17.11 (Debian 17.11-1.pgdg13+2) on x86_64-pc-linux-gnu, compiled by gcc (Debian 14.2.0-19) 14.2.0, 64-bit
  database clock minus client clock: 0.001 ms
  dataset: 5 venues, 84 events, 5741 tickets and 165 holds at load
  loading s1_conditional_update ...
  loaded in 0.5s (copy 0.4s, index 0.0s)
  verifying answers against ground truth ...
    51/51 checks passed (margin 603s); audit on load: consistent (84 events, 5741 tickets; rejections late=0 boundary=0)
  capturing plans ...
  read benchmark:
    q01_section_map@10                    19020.3 ops/s  p50=  0.169ms p99=   1.063ms  errors=0
    q02_event_sections@10                 21620.1 ops/s  p50=  0.156ms p99=   0.714ms  errors=0
    q03_event_available@10                21247.9 ops/s  p50=  0.158ms p99=   0.770ms  errors=0
    q01_section_map@100                   17859.9 ops/s  p50=  0.176ms p99=   0.834ms  errors=0
    q02_event_sections@100                19265.9 ops/s  p50=  0.166ms p99=   0.789ms  errors=0
    q03_event_available@100               19103.9 ops/s  p50=  0.167ms p99=   0.744ms  errors=0
    q01_section_map@1000                  22208.8 ops/s  p50=  0.157ms p99=   0.664ms  errors=0
    q02_event_sections@1000                8625.2 ops/s  p50=  0.293ms p99=   1.842ms  errors=0
    q03_event_available@1000               8980.6 ops/s  p50=  0.282ms p99=   1.800ms  errors=0
    q01_section_map@10000                 14720.2 ops/s  p50=  0.208ms p99=   1.004ms  errors=0
    q02_event_sections@10000               1166.6 ops/s  p50=  1.381ms p99=  80.185ms  errors=0
    q03_event_available@10000              1504.1 ops/s  p50=  1.188ms p99=  77.888ms  errors=0
    q04_hold_seats                        26233.9 ops/s  p50=  0.141ms p99=   0.591ms  errors=0
    q05_customer_tickets                  37619.3 ops/s  p50=  0.114ms p99=   0.489ms  errors=0
    q06_ticket_by_id                      45106.7 ops/s  p50=  0.104ms p99=   0.455ms  errors=0
  write benchmark (fresh load per op):
    hold                                    550.9 ops/s  p50=  7.954ms p99=  60.891ms  rejected=9 retries=34 errors=0
      audit after hold: consistent (84 events, 9238 tickets; rejections late=0 boundary=0)
    release                                   0.0 ops/s  p50=  0.000ms p99=   0.000ms  rejected=0 retries=0 errors=0  WARNING: pool exhausted
      audit after release: consistent (84 events, 5741 tickets; rejections late=0 boundary=0)
    cancel                                 4101.6 ops/s  p50=  1.787ms p99=   7.702ms  rejected=0 retries=0 errors=0  WARNING: pool exhausted
      audit after cancel: consistent (84 events, 0 tickets; rejections late=0 boundary=0)
    publish@10                             2340.6 ops/s  p50=  1.654ms p99=   2.694ms  rejected=0 retries=0 errors=0
    publish@100                            1560.1 ops/s  p50=  2.319ms p99=   6.538ms  rejected=0 retries=0 errors=0
    publish@1000                            270.4 ops/s  p50=  9.639ms p99=  23.330ms  rejected=0 retries=0 errors=0
    publish@10000                            37.4 ops/s  p50= 52.918ms p99=  52.918ms  rejected=0 retries=0 errors=0
    publish@100000                            3.5 ops/s  p50=578.257ms p99= 578.257ms  rejected=0 retries=0 errors=0
      audit after publish: consistent (2313 events, 5741 tickets; rejections late=0 boundary=0)
  race trial 1/1 (32 buyers per event, fresh load):
    race     10 seats x20       297.1 seats/s  conflicts/hold=9.68 reads/hold=18.03  hold p50=2.78ms p99=49.85ms  deferred 11/11 ok  errors=0  ok
      audit: consistent (20 events, 200 tickets; rejections late=0 boundary=0)
    race    100 seats x4        874.2 seats/s  conflicts/hold=3.02 reads/hold=5.77  hold p50=2.72ms p99=63.36ms  deferred 16/16 ok  errors=0  ok
      audit: consistent (4 events, 400 tickets; rejections late=0 boundary=0)
    race   1000 seats x1       1485.0 seats/s  conflicts/hold=1.26 reads/hold=3.30  hold p50=3.33ms p99=75.30ms  deferred 56/56 ok  errors=0  ok
      audit: consistent (1 events, 1000 tickets; rejections late=0 boundary=0)
    race  10000 seats x1        649.6 seats/s  conflicts/hold=0.35 reads/hold=3.85  hold p50=5.62ms p99=93.83ms  deferred 437/437 ok  errors=0  ok
      audit: consistent (1 events, 10000 tickets; rejections late=0 boundary=0)
  lifecycle trial 1/1 (32 buyers per event, one human minute = 50ms, fresh load):
    lifecycle    10 seats x2       2.6 confirmed seats/s  holds=24 abandoned=4+5 expired@check=1 rejected late/boundary/early=0/0/0  outage unavailable=0/0  leaked=0 errors=0  ok
      audit: consistent (2 events, 20 tickets; rejections late=0 boundary=0)
    lifecycle   100 seats x2      18.0 confirmed seats/s  holds=178 abandoned=32+19 expired@check=15 rejected late/boundary/early=1/0/0  outage unavailable=0/0  leaked=0 errors=0  ok
      audit: consistent (2 events, 200 tickets; rejections late=1 boundary=0)
    lifecycle  1000 seats x1      74.4 confirmed seats/s  holds=571 abandoned=86+53 expired@check=11 rejected late/boundary/early=3/0/0  outage unavailable=0/0  leaked=0 errors=0  ok
      audit: consistent (1 events, 988 tickets; rejections late=3 boundary=0)
  wrote /results/s1_conditional_update.json
