  engine: PostgreSQL 15.12-YB-2025.2.6.0-b0 on x86_64-pc-linux-gnu, compiled by clang version 19.1.0 (https://github.com/yugabyte/llvm-project.git a2a6b655e14e7fa1fcf1011a6cb29cb8575249c0), 64-bit
  effective isolation for READ COMMITTED requests: read committed
  dataset: 40 bands, 690 events, 289500 seats, 65388 sold at load
  loading p3_precreated_cas ...
  loaded in 25.5s (copy 4.9s, index 17.2s)
  verifying answers against ground truth ...
    46/46 checks passed; audit on load: consistent (690 events, 65388 seats sold)
  write benchmark (fresh load per op):
    book                                    257.6 ops/s  p50= 13.875ms p99= 110.888ms  rejected=0 retries=295 errors=0
      audit after book: consistent (690 events, 67130 seats sold)
    cancel                                  403.6 ops/s  p50= 11.726ms p99=  61.022ms  rejected=0 retries=0 errors=0
      audit after cancel: consistent (690 events, 62553 seats sold)
      report check r01_event_sales_window@write:cancel event 500 (booked=0, cancelled=1761): ok
  race trial 1/3 (128 buyers per event, fresh load):
    race       10 seats x100       28.0 sold/s  p50=153.688ms p99= 542.623ms  attempts/sale=20.85 errors=0  editor p99=674.13ms  ok
      audit: consistent (690 events, 66388 seats sold)
    race      100 seats x20       146.8 sold/s  p50=197.084ms p99= 591.974ms  attempts/sale=3.63 errors=0  editor p99=792.65ms  ok
      audit: consistent (690 events, 68388 seats sold)
    race     1000 seats x5        272.9 sold/s  p50=285.431ms p99=1097.633ms  attempts/sale=1.79 errors=0  editor p99=284.90ms  ok
      audit: consistent (690 events, 73388 seats sold)
    race    10000 seats x2        401.7 sold/s  p50=235.206ms p99=1092.964ms  attempts/sale=1.26 errors=0  editor p99=299.46ms  ok
      audit: consistent (690 events, 93388 seats sold)
    race   100000 seats x1        517.4 sold/s  p50=225.376ms p99= 409.072ms  attempts/sale=1.00 errors=0  editor p99=1705.06ms  ok, 1 timed out (31% sold)
      audit: consistent (690 events, 124509 seats sold)
  churn trial 1/3 (128 buyers per event, fresh load):
    churn      10 seats x50        24.7 sold/s  p50=122.408ms p99=1014.975ms  attempts/sale=21.71 errors=0  editor p99=588.66ms  ok
      audit: consistent (690 events, 65888 seats sold)
    churn     100 seats x10       115.9 sold/s  p50=192.701ms p99= 725.988ms  attempts/sale=4.75 errors=0  editor p99=807.09ms  ok
      audit: consistent (690 events, 66888 seats sold)
    churn    1000 seats x2        268.0 sold/s  p50=266.683ms p99=1176.127ms  attempts/sale=1.90 errors=0  editor p99=195.11ms  ok
      audit: consistent (690 events, 68888 seats sold)
      report check r01_event_sales_window@churn#1 event 689 (booked=1104, cancelled=104): ok
  race trial 2/3 (128 buyers per event, fresh load):
    race       10 seats x100       15.9 sold/s  p50=159.396ms p99= 878.403ms  attempts/sale=21.56 errors=0  editor p99=480.74ms  ok
      audit: consistent (690 events, 66388 seats sold)
    race      100 seats x20       156.5 sold/s  p50=188.599ms p99= 497.236ms  attempts/sale=3.81 errors=0  editor p99=673.01ms  ok
      audit: consistent (690 events, 68388 seats sold)
    race     1000 seats x5        282.4 sold/s  p50=265.741ms p99=1116.136ms  attempts/sale=1.85 errors=0  editor p99=716.33ms  ok
      audit: consistent (690 events, 73388 seats sold)
    race    10000 seats x2        423.7 sold/s  p50=227.290ms p99= 919.666ms  attempts/sale=1.22 errors=0  editor p99=297.00ms  ok
      audit: consistent (690 events, 93388 seats sold)
    race   100000 seats x1        514.3 sold/s  p50=228.399ms p99= 409.280ms  attempts/sale=1.00 errors=0  editor p99=285.82ms  ok, 1 timed out (31% sold)
      audit: consistent (690 events, 124309 seats sold)
  churn trial 2/3 (128 buyers per event, fresh load):
    churn      10 seats x50        23.6 sold/s  p50=174.681ms p99=1057.299ms  attempts/sale=22.18 errors=0  editor p99=685.39ms  ok
      audit: consistent (690 events, 65888 seats sold)
    churn     100 seats x10       112.8 sold/s  p50=202.955ms p99= 800.962ms  attempts/sale=4.73 errors=0  editor p99=893.67ms  ok
      audit: consistent (690 events, 66888 seats sold)
    churn    1000 seats x2        274.1 sold/s  p50=270.718ms p99=1017.031ms  attempts/sale=1.81 errors=0  editor p99=357.11ms  ok
      audit: consistent (690 events, 68888 seats sold)
      report check r01_event_sales_window@churn#2 event 690 (booked=1134, cancelled=134): ok
  race trial 3/3 (128 buyers per event, fresh load):
    race       10 seats x100       29.1 sold/s  p50=149.989ms p99= 814.892ms  attempts/sale=20.89 errors=0  editor p99=576.97ms  ok
      audit: consistent (690 events, 66388 seats sold)
    race      100 seats x20       156.8 sold/s  p50=193.771ms p99= 574.239ms  attempts/sale=3.61 errors=0  editor p99=583.03ms  ok
      audit: consistent (690 events, 68388 seats sold)
    race     1000 seats x5        276.5 sold/s  p50=282.099ms p99=1097.646ms  attempts/sale=1.79 errors=0  editor p99=912.25ms  ok
      audit: consistent (690 events, 73388 seats sold)
    race    10000 seats x2        413.1 sold/s  p50=256.526ms p99=1001.241ms  attempts/sale=1.23 errors=0  editor p99=665.71ms  ok
      audit: consistent (690 events, 93388 seats sold)
    race   100000 seats x1        516.0 sold/s  p50=227.669ms p99= 409.253ms  attempts/sale=1.00 errors=0  editor p99=595.29ms  ok, 1 timed out (31% sold)
      audit: consistent (690 events, 124422 seats sold)
  churn trial 3/3 (128 buyers per event, fresh load):
    churn      10 seats x50        24.1 sold/s  p50=150.857ms p99=1110.167ms  attempts/sale=22.93 errors=0  editor p99=595.87ms  ok
      audit: consistent (690 events, 65888 seats sold)
    churn     100 seats x10       105.4 sold/s  p50=191.284ms p99= 885.883ms  attempts/sale=5.03 errors=0  editor p99=725.54ms  ok
      audit: consistent (690 events, 66888 seats sold)
    churn    1000 seats x2        269.4 sold/s  p50=273.599ms p99=1184.361ms  attempts/sale=1.78 errors=0  editor p99=805.04ms  ok
      audit: consistent (690 events, 68888 seats sold)
      report check r01_event_sales_window@churn#3 event 690 (booked=1128, cancelled=128): ok
  wrote /results/p3_precreated_cas.json
