  engine: PostgreSQL 15.12-YB-2025.2.6.0-b0 on x86_64-pc-linux-gnu, compiled by clang version 19.1.0 (https://github.com/yugabyte/llvm-project.git a2a6b655e14e7fa1fcf1011a6cb29cb8575249c0), 64-bit
  effective isolation for READ COMMITTED requests: read committed
  dataset: 40 bands, 690 events, 289500 seats, 65388 sold at load
  loading x1_cas_ledger ...
  loaded in 38.7s (copy 4.0s, index 32.3s)
  verifying answers against ground truth ...
    48/48 checks passed; audit on load: consistent (690 events, 65388 seats sold)
    ledger audit on load: consistent (289500 seats checked)
  write benchmark (fresh load per op):
    book                                    189.3 ops/s  p50= 28.589ms p99= 137.955ms  rejected=0 retries=212 errors=0
      audit after book: consistent (690 events, 66604 seats sold)
      ledger audit after book: consistent (289500 seats checked)
    cancel                                  163.7 ops/s  p50= 47.496ms p99=  83.410ms  rejected=0 retries=0 errors=0
      audit after cancel: consistent (690 events, 64226 seats sold)
      ledger audit after cancel: consistent (289500 seats checked)
      report check r01_event_sales_window@write:cancel event 500 (booked=0, cancelled=730): ok
      report check r05_refunds_window@write:cancel every event (harness cancelled=1162, tolerance=0): ok
  race trial 1/3 (128 buyers per event, fresh load):
    race       10 seats x100       13.6 sold/s  p50=274.308ms p99=1583.513ms  attempts/sale=23.20 errors=0  editor p99=773.73ms  ok
      audit: consistent (690 events, 66388 seats sold)
      ledger audit: consistent (289500 seats checked)
    race      100 seats x20        88.4 sold/s  p50=312.551ms p99=1010.315ms  attempts/sale=4.09 errors=0  editor p99=989.02ms  ok
      audit: consistent (690 events, 68388 seats sold)
      ledger audit: consistent (289500 seats checked)
    race     1000 seats x5        151.2 sold/s  p50=469.023ms p99=2111.515ms  attempts/sale=1.87 errors=0  editor p99=523.63ms  ok
      audit: consistent (690 events, 73388 seats sold)
      ledger audit: consistent (289500 seats checked)
    race    10000 seats x2        186.3 sold/s  p50=474.593ms p99=2928.605ms  attempts/sale=1.30 errors=0  editor p99=470.28ms  ok
      audit: consistent (690 events, 93388 seats sold)
      ledger audit: consistent (289500 seats checked)
    race   100000 seats x1        251.3 sold/s  p50=435.116ms p99=1590.038ms  attempts/sale=1.00 errors=0  editor p99=405.53ms  ok, 1 timed out (15% sold)
      audit: consistent (690 events, 108547 seats sold)
      ledger audit: consistent (289500 seats checked)
  churn trial 1/3 (128 buyers per event, fresh load):
    churn      10 seats x50        10.7 sold/s  p50=260.837ms p99=2161.452ms  attempts/sale=24.70 errors=0  editor p99=866.54ms  ok
      audit: consistent (690 events, 65888 seats sold)
      ledger audit: consistent (289500 seats checked)
    churn     100 seats x10        48.3 sold/s  p50=380.317ms p99=1975.819ms  attempts/sale=5.37 errors=0  editor p99=1672.62ms  ok
      audit: consistent (690 events, 66888 seats sold)
      ledger audit: consistent (289500 seats checked)
    churn    1000 seats x2        114.7 sold/s  p50=487.201ms p99=2673.715ms  attempts/sale=2.08 errors=0  editor p99=416.99ms  ok
      audit: consistent (690 events, 68888 seats sold)
      ledger audit: consistent (289500 seats checked)
      report check r01_event_sales_window@churn#1 event 690 (booked=1130, cancelled=130): ok
      report check r05_refunds_window@churn#1     every event (harness cancelled=423, tolerance=0): ok
  race trial 2/3 (128 buyers per event, fresh load):
    race       10 seats x100       14.5 sold/s  p50=274.482ms p99=1697.582ms  attempts/sale=22.55 errors=0  editor p99=681.42ms  ok
      audit: consistent (690 events, 66388 seats sold)
      ledger audit: consistent (289500 seats checked)
    race      100 seats x20        79.2 sold/s  p50=313.782ms p99=1184.406ms  attempts/sale=4.38 errors=0  editor p99=923.00ms  ok
      audit: consistent (690 events, 68388 seats sold)
      ledger audit: consistent (289500 seats checked)
    race     1000 seats x5        149.5 sold/s  p50=468.384ms p99=2172.928ms  attempts/sale=1.88 errors=0  editor p99=500.36ms  ok
      audit: consistent (690 events, 73388 seats sold)
      ledger audit: consistent (289500 seats checked)
    race    10000 seats x2        186.9 sold/s  p50=469.945ms p99=2775.699ms  attempts/sale=1.29 errors=0  editor p99=468.56ms  ok
      audit: consistent (690 events, 93388 seats sold)
      ledger audit: consistent (289500 seats checked)
    race   100000 seats x1        256.4 sold/s  p50=426.634ms p99=1507.372ms  attempts/sale=1.00 errors=0  editor p99=470.41ms  ok, 1 timed out (15% sold)
      audit: consistent (690 events, 108853 seats sold)
      ledger audit: consistent (289500 seats checked)
  churn trial 2/3 (128 buyers per event, fresh load):
    churn      10 seats x50        11.0 sold/s  p50=285.276ms p99=2124.744ms  attempts/sale=25.54 errors=0  editor p99=697.57ms  ok
      audit: consistent (690 events, 65888 seats sold)
      ledger audit: consistent (289500 seats checked)
    churn     100 seats x10        48.0 sold/s  p50=376.777ms p99=1941.733ms  attempts/sale=5.96 errors=0  editor p99=860.07ms  ok
      audit: consistent (690 events, 66888 seats sold)
      ledger audit: consistent (289500 seats checked)
    churn    1000 seats x2        137.2 sold/s  p50=437.482ms p99=2224.011ms  attempts/sale=1.90 errors=0  editor p99=1000.62ms  ok
      audit: consistent (690 events, 68888 seats sold)
      ledger audit: consistent (289500 seats checked)
      report check r01_event_sales_window@churn#2 event 690 (booked=1124, cancelled=124): ok
      report check r05_refunds_window@churn#2     every event (harness cancelled=398, tolerance=0): ok
  race trial 3/3 (128 buyers per event, fresh load):
    race       10 seats x100       14.4 sold/s  p50=261.969ms p99=1667.942ms  attempts/sale=22.91 errors=0  editor p99=678.11ms  ok
      audit: consistent (690 events, 66388 seats sold)
      ledger audit: consistent (289500 seats checked)
    race      100 seats x20        76.3 sold/s  p50=330.029ms p99=1271.493ms  attempts/sale=4.22 errors=0  editor p99=662.84ms  ok
      audit: consistent (690 events, 68388 seats sold)
      ledger audit: consistent (289500 seats checked)
    race     1000 seats x5        153.5 sold/s  p50=433.324ms p99=2171.964ms  attempts/sale=1.86 errors=0  editor p99=730.48ms  ok
      audit: consistent (690 events, 73388 seats sold)
      ledger audit: consistent (289500 seats checked)
    race    10000 seats x2        191.6 sold/s  p50=473.124ms p99=2141.495ms  attempts/sale=1.27 errors=0  editor p99=472.80ms  ok
      audit: consistent (690 events, 93388 seats sold)
      ledger audit: consistent (289500 seats checked)
    race   100000 seats x1        256.4 sold/s  p50=426.409ms p99=1289.784ms  attempts/sale=1.00 errors=0  editor p99=406.62ms  ok, 1 timed out (15% sold)
      audit: consistent (690 events, 108864 seats sold)
      ledger audit: consistent (289500 seats checked)
  churn trial 3/3 (128 buyers per event, fresh load):
    churn      10 seats x50        10.7 sold/s  p50=272.022ms p99=2320.734ms  attempts/sale=25.98 errors=0  editor p99=680.89ms  ok
      audit: consistent (690 events, 65888 seats sold)
      ledger audit: consistent (289500 seats checked)
    churn     100 seats x10        52.7 sold/s  p50=377.402ms p99=1803.946ms  attempts/sale=5.49 errors=0  editor p99=856.70ms  ok
      audit: consistent (690 events, 66888 seats sold)
      ledger audit: consistent (289500 seats checked)
    churn    1000 seats x2        130.6 sold/s  p50=465.867ms p99=2292.527ms  attempts/sale=1.90 errors=0  editor p99=404.48ms  ok
      audit: consistent (690 events, 68888 seats sold)
      ledger audit: consistent (289500 seats checked)
      report check r01_event_sales_window@churn#3 event 690 (booked=1114, cancelled=114): ok
      report check r05_refunds_window@churn#3     every event (harness cancelled=393, tolerance=0): ok
  wrote /results/x1_cas_ledger.json
