  engine: PostgreSQL 15.12-YB-2025.2.6.0-b0 on x86_64-pc-linux-gnu, compiled by clang version 19.1.0 (https://github.com/yugabyte/llvm-project.git a2a6b655e14e7fa1fcf1011a6cb29cb8575249c0), 64-bit
  effective isolation for READ COMMITTED requests: read committed
  database clock minus client clock: 0.003 ms
  dataset: 5 venues, 658 events, 56103 tickets and 2217 holds at load
  loading s1_conditional_update ...
  loaded in 22.3s (copy 5.6s, index 11.6s)
  verifying answers against ground truth ...
    65/65 checks passed (margin 580s); audit on load: consistent (658 events, 56103 tickets; rejections late=0 boundary=0)
  capturing plans ...
  read benchmark:
    q01_section_map@10                     2248.3 ops/s  p50=  1.784ms p99=  50.734ms  errors=0
    q02_event_sections@10                  2698.7 ops/s  p50=  1.241ms p99=  54.207ms  errors=0
    q03_event_available@10                 3446.9 ops/s  p50=  1.084ms p99=  50.454ms  errors=0
    q01_section_map@100                    1654.9 ops/s  p50=  2.301ms p99=  54.282ms  errors=0
    q02_event_sections@100                 2859.1 ops/s  p50=  1.270ms p99=  54.616ms  errors=0
    q03_event_available@100                3142.9 ops/s  p50=  1.304ms p99=  46.809ms  errors=0
    q01_section_map@1000                   1228.0 ops/s  p50=  3.483ms p99=  51.287ms  errors=0
    q02_event_sections@1000                1488.7 ops/s  p50=  2.655ms p99=  53.498ms  errors=0
    q03_event_available@1000               2806.1 ops/s  p50=  1.706ms p99=  40.071ms  errors=0
    q01_section_map@10000                  1236.1 ops/s  p50=  3.540ms p99=  50.119ms  errors=0
    q02_event_sections@10000                301.7 ops/s  p50= 13.150ms p99=  68.999ms  errors=0
    q03_event_available@10000               500.1 ops/s  p50=  5.397ms p99=  74.847ms  errors=0
    q01_section_map@100000                  807.8 ops/s  p50=  6.102ms p99=  47.869ms  errors=0
    q02_event_sections@100000                28.4 ops/s  p50=288.713ms p99= 309.780ms  errors=0
    q03_event_available@100000               52.5 ops/s  p50=177.239ms p99= 276.562ms  errors=0
    q04_hold_seats                         1016.6 ops/s  p50=  4.447ms p99=  47.851ms  errors=0
    q05_customer_tickets                   2599.5 ops/s  p50=  1.552ms p99=  49.889ms  errors=0
    q06_ticket_by_id                       4071.3 ops/s  p50=  0.924ms p99=  49.795ms  errors=0
    r01_holds_expiring_soon                3552.7 ops/s  p50=  1.092ms p99=  45.948ms  errors=0
    r02_seat_status_lookup                 3382.2 ops/s  p50=  1.069ms p99=  50.113ms  errors=0
    r03_section_sales_window@trailing      1483.5 ops/s  p50=  2.483ms p99=  48.374ms  errors=0
    r03_section_sales_window@historical     1658.1 ops/s  p50=  2.186ms p99=  46.825ms  errors=0
    r04_event_recent_confirmations         1511.6 ops/s  p50=  2.574ms p99=  45.063ms  errors=0
    r05_customers_last_purchase_window@trailing       54.5 ops/s  p50=132.979ms p99= 217.638ms  errors=0
    r05_customers_last_purchase_window@historical       49.9 ops/s  p50=166.795ms p99= 203.725ms  errors=0
  wrote /results/yb3-s1_conditional_update.json
