  engine: PostgreSQL 15.12-YB-2025.2.6.0-b0 on x86_64-pc-linux-gnu, compiled by clang version 19.1.0 (https://github.com/yugabyte/llvm-project.git a2a6b655e14e7fa1fcf1011a6cb29cb8575249c0), 64-bit
  effective isolation for READ COMMITTED requests: read committed
  database clock minus client clock: 0.002 ms
  dataset: 5 venues, 658 events, 56103 tickets and 2217 holds at load
  loading l2_section_document ...
  loaded in 16.3s (copy 2.6s, index 7.9s)
  verifying answers against ground truth ...
    65/65 checks passed (margin 590s); audit on load: consistent (658 events, 56103 tickets; rejections late=0 boundary=0)
  capturing plans ...
  read benchmark:
    q01_section_map@10                     2447.2 ops/s  p50=  1.502ms p99=  48.306ms  errors=0
    q02_event_sections@10                  3357.9 ops/s  p50=  1.168ms p99=  49.451ms  errors=0
    q03_event_available@10                 2895.1 ops/s  p50=  1.334ms p99=  49.852ms  errors=0
    q01_section_map@100                    2951.5 ops/s  p50=  1.286ms p99=  50.599ms  errors=0
    q02_event_sections@100                 3446.7 ops/s  p50=  1.081ms p99=  52.098ms  errors=0
    q03_event_available@100                3440.2 ops/s  p50=  1.059ms p99=  52.960ms  errors=0
    q01_section_map@1000                   3289.4 ops/s  p50=  1.079ms p99=  53.916ms  errors=0
    q02_event_sections@1000                2224.4 ops/s  p50=  1.763ms p99=  51.473ms  errors=0
    q03_event_available@1000               2285.1 ops/s  p50=  1.566ms p99=  54.316ms  errors=0
    q01_section_map@10000                  2586.6 ops/s  p50=  1.473ms p99=  51.308ms  errors=0
    q02_event_sections@10000               1103.3 ops/s  p50=  2.784ms p99=  64.936ms  errors=0
    q03_event_available@10000              1146.3 ops/s  p50=  2.601ms p99=  64.964ms  errors=0
    q01_section_map@100000                 2250.4 ops/s  p50=  1.531ms p99=  56.187ms  errors=0
    q02_event_sections@100000               133.4 ops/s  p50= 83.093ms p99=  98.114ms  errors=0
    q03_event_available@100000               94.0 ops/s  p50= 91.856ms p99= 182.945ms  errors=0
    q04_hold_seats                         2956.2 ops/s  p50=  1.272ms p99=  51.903ms  errors=0
    q05_customer_tickets                   2043.0 ops/s  p50=  1.676ms p99=  56.476ms  errors=0
    q06_ticket_by_id                       3362.3 ops/s  p50=  1.126ms p99=  47.889ms  errors=0
    r01_holds_expiring_soon                2474.4 ops/s  p50=  1.465ms p99=  49.544ms  errors=0
    r02_seat_status_lookup                  992.4 ops/s  p50=  3.754ms p99=  56.818ms  errors=0
    r03_section_sales_window@trailing      1737.5 ops/s  p50=  2.299ms p99=  47.587ms  errors=0
    r03_section_sales_window@historical     1646.6 ops/s  p50=  2.352ms p99=  48.435ms  errors=0
    r04_event_recent_confirmations         1187.1 ops/s  p50=  3.556ms p99=  42.172ms  errors=0
    r05_customers_last_purchase_window@trailing       52.5 ops/s  p50=160.465ms p99= 189.658ms  errors=0
    r05_customers_last_purchase_window@historical       52.9 ops/s  p50=161.934ms p99= 188.324ms  errors=0
  wrote /results/yb3-l2_section_document.json
