  engine: PostgreSQL 17.11 (Debian 17.11-1.pgdg13+2) on x86_64-pc-linux-gnu, compiled by gcc (Debian 14.2.0-19) 14.2.0, 64-bit
  dataset: 40 bands, 690 events, 289500 seats, 65388 sold at load
  loading c1_count_naive ...
  loaded in 0.3s (copy 0.2s, index 0.0s)
  verifying answers against ground truth ...
    40/40 checks passed; audit on load: consistent (690 events, 65388 seats sold)
  capturing plans ...
  read benchmark:
    q01_event_availability@10             29208.6 ops/s  p50=  0.146ms p99=   0.713ms  errors=0
    q01_event_availability@100            30137.8 ops/s  p50=  0.141ms p99=   0.625ms  errors=0
    q01_event_availability@1000           24867.1 ops/s  p50=  0.155ms p99=   0.680ms  errors=0
    q01_event_availability@10000           8444.5 ops/s  p50=  0.320ms p99=   2.602ms  errors=0
    q01_event_availability@100000          1273.1 ops/s  p50=  1.412ms p99=  78.450ms  errors=0
    q02_band_events                       12853.2 ops/s  p50=  0.183ms p99=   1.862ms  errors=0
    q03_customer_tickets                  32359.1 ops/s  p50=  0.134ms p99=   0.637ms  errors=0
    q04_ticket_by_id                      37455.2 ops/s  p50=  0.128ms p99=   0.574ms  errors=0
    q05_band_tickets_sold                 12827.6 ops/s  p50=  0.169ms p99=   2.197ms  errors=0
  write benchmark (fresh load per op):
    book                                   1202.0 ops/s  p50=  3.315ms p99=  58.457ms  rejected=0 retries=0 errors=0
      audit after book: consistent (690 events, 73953 seats sold)
    cancel                                 4974.6 ops/s  p50=  1.485ms p99=   2.776ms  rejected=0 retries=0 errors=0
      audit after cancel: consistent (690 events, 38664 seats sold)
    publish@10                             3081.9 ops/s  p50=  1.202ms p99=   2.224ms  rejected=0 retries=0 errors=0
    publish@100                            3053.7 ops/s  p50=  1.203ms p99=   2.144ms  rejected=0 retries=0 errors=0
    publish@1000                           2679.0 ops/s  p50=  1.357ms p99=   1.816ms  rejected=0 retries=0 errors=0
    publish@10000                          1245.6 ops/s  p50=  0.918ms p99=   0.918ms  rejected=0 retries=0 errors=0
    publish@100000                         1233.3 ops/s  p50=  1.127ms p99=   1.127ms  rejected=0 retries=0 errors=0
      audit after publish: consistent (2919 events, 65388 seats sold)
  race trial 1/1 (32 buyers per event, fresh load):
    race       10 seats x100     4805.4 sold/s  p50=  3.227ms p99=  23.846ms  attempts/sale=1.00 errors=0  editor p99=15.16ms  OVERBOOKED 100 events (+2276 seats)
      audit: VIOLATIONS — 100 overbooked events (+2276 seats), 0 duplicate seats, 0 derived-state drifts, 0 ledger mismatches
    race      100 seats x20      7762.9 sold/s  p50=  2.727ms p99=  19.799ms  attempts/sale=1.00 errors=0  editor p99=11.60ms  OVERBOOKED 20 events (+508 seats)
      audit: VIOLATIONS — 120 overbooked events (+2784 seats), 0 duplicate seats, 0 derived-state drifts, 0 ledger mismatches
    race     1000 seats x5       4470.3 sold/s  p50=  3.316ms p99=  59.421ms  attempts/sale=1.00 errors=0  editor p99=55.00ms  OVERBOOKED 5 events (+112 seats)
      audit: VIOLATIONS — 125 overbooked events (+2896 seats), 0 duplicate seats, 0 derived-state drifts, 0 ledger mismatches
    race    10000 seats x2       1794.5 sold/s  p50=  6.464ms p99=  79.673ms  attempts/sale=1.00 errors=0  editor p99=69.22ms  OVERBOOKED 2 events (+49 seats)
      audit: VIOLATIONS — 127 overbooked events (+2945 seats), 0 duplicate seats, 0 derived-state drifts, 0 ledger mismatches
    race   100000 seats x1        863.0 sold/s  p50= 13.005ms p99= 101.604ms  attempts/sale=1.00 errors=0  editor p99=91.27ms  ok, 1 timed out (52% sold)
      audit: VIOLATIONS — 127 overbooked events (+2945 seats), 0 duplicate seats, 0 derived-state drifts, 0 ledger mismatches
  churn trial 1/1 (32 buyers per event, fresh load):
    churn      10 seats x50      8102.7 sold/s  p50=  2.829ms p99=   5.103ms  attempts/sale=1.00 errors=0  editor p99=3.67ms  OVERBOOKED 50 events (+956 seats)
      audit: VIOLATIONS — 50 overbooked events (+956 seats), 0 duplicate seats, 0 derived-state drifts, 0 ledger mismatches
    churn     100 seats x10      9438.9 sold/s  p50=  2.625ms p99=   4.794ms  attempts/sale=1.00 errors=0  editor p99=3.14ms  OVERBOOKED 10 events (+143 seats)
      audit: VIOLATIONS — 60 overbooked events (+1099 seats), 0 duplicate seats, 0 derived-state drifts, 0 ledger mismatches
    churn    1000 seats x2       5008.4 sold/s  p50=  2.867ms p99=  60.079ms  attempts/sale=1.00 errors=0  editor p99=55.47ms  OVERBOOKED 2 events (+37 seats)
      audit: VIOLATIONS — 62 overbooked events (+1136 seats), 0 duplicate seats, 0 derived-state drifts, 0 ledger mismatches
  wrote /results/c1_count_naive.json
