  engine: PostgreSQL 17.11 (Debian 17.11-1.pgdg13+2) on x86_64-pc-linux-gnu, compiled by gcc (Debian 14.2.0-19) 14.2.0, 64-bit
  dataset: 40 bands, 690 events, 289500 seats, 65388 sold at load
  loading c2_count_serializable ...
  loaded in 0.2s (copy 0.2s, index 0.0s)
  verifying answers against ground truth ...
    40/40 checks passed; audit on load: consistent (690 events, 65388 seats sold)
  capturing plans ...
  read benchmark:
    q01_event_availability@10             29499.3 ops/s  p50=  0.144ms p99=   0.695ms  errors=0
    q01_event_availability@100            30471.4 ops/s  p50=  0.139ms p99=   0.585ms  errors=0
    q01_event_availability@1000           24497.2 ops/s  p50=  0.156ms p99=   0.753ms  errors=0
    q01_event_availability@10000           9821.2 ops/s  p50=  0.270ms p99=   1.433ms  errors=0
    q01_event_availability@100000          1245.8 ops/s  p50=  1.409ms p99=  78.927ms  errors=0
    q02_band_events                       13083.4 ops/s  p50=  0.181ms p99=   1.788ms  errors=0
    q03_customer_tickets                  32642.1 ops/s  p50=  0.136ms p99=   0.565ms  errors=0
    q04_ticket_by_id                      36929.4 ops/s  p50=  0.129ms p99=   0.591ms  errors=0
    q05_band_tickets_sold                 11022.2 ops/s  p50=  0.197ms p99=   2.399ms  errors=0
  write benchmark (fresh load per op):
    book                                    105.0 ops/s  p50= 16.094ms p99= 503.182ms  rejected=0 retries=3131 errors=0
      audit after book: consistent (690 events, 66163 seats sold)
    cancel                                 5177.3 ops/s  p50=  1.443ms p99=   2.606ms  rejected=0 retries=0 errors=0
      audit after cancel: consistent (690 events, 38203 seats sold)
    publish@10                             3037.8 ops/s  p50=  1.198ms p99=   2.423ms  rejected=0 retries=0 errors=0
    publish@100                            3039.1 ops/s  p50=  1.193ms p99=   2.325ms  rejected=0 retries=0 errors=0
    publish@1000                           2961.4 ops/s  p50=  1.074ms p99=   1.696ms  rejected=0 retries=0 errors=0
    publish@10000                          1308.1 ops/s  p50=  0.915ms p99=   0.915ms  rejected=0 retries=0 errors=0
    publish@100000                         1311.9 ops/s  p50=  0.979ms p99=   0.979ms  rejected=0 retries=0 errors=0
      audit after publish: consistent (2919 events, 65388 seats sold)
  race trial 1/1 (32 buyers per event, fresh load):
    race       10 seats x100      234.9 sold/s  p50= 16.193ms p99=  73.237ms  attempts/sale=22.93 errors=0  editor p99=42.23ms  ok
      audit: consistent (690 events, 66388 seats sold)
    race      100 seats x20       242.3 sold/s  p50= 78.236ms p99= 370.990ms  attempts/sale=16.23 errors=0  editor p99=46.73ms  ok
      audit: consistent (690 events, 68388 seats sold)
    race     1000 seats x5        194.9 sold/s  p50=102.810ms p99= 811.649ms  attempts/sale=15.89 errors=0  editor p99=49.28ms  ok
      audit: consistent (690 events, 73388 seats sold)
    race    10000 seats x2        116.2 sold/s  p50=185.212ms p99=1420.581ms  attempts/sale=15.62 errors=0  editor p99=59.96ms  ok, 2 timed out (70% sold)
      audit: consistent (690 events, 87341 seats sold)
    race   100000 seats x1        118.0 sold/s  p50=187.051ms p99=1396.028ms  attempts/sale=15.41 errors=0  editor p99=66.75ms  ok, 1 timed out (7% sold)
      audit: consistent (690 events, 94428 seats sold)
  churn trial 1/1 (32 buyers per event, fresh load):
    churn      10 seats x50       263.0 sold/s  p50= 15.875ms p99=  66.772ms  attempts/sale=21.12 errors=0  editor p99=31.79ms  ok
      audit: consistent (690 events, 65888 seats sold)
    churn     100 seats x10       236.7 sold/s  p50= 77.363ms p99= 394.908ms  attempts/sale=16.75 errors=0  editor p99=46.84ms  ok
      audit: consistent (690 events, 66888 seats sold)
    churn    1000 seats x2        181.7 sold/s  p50=105.102ms p99= 816.935ms  attempts/sale=15.78 errors=0  editor p99=49.60ms  ok
      audit: consistent (690 events, 68888 seats sold)
  wrote /results/c2_count_serializable.json
