  engine: PostgreSQL 17.11 (Debian 17.11-1.pgdg13+2) on x86_64-pc-linux-gnu, compiled by gcc (Debian 14.2.0-19) 14.2.0, 64-bit
  dataset: 40 bands, 690 events, 289500 seats, 65388 sold at load
  loading c3_count_lock_event ...
  loaded in 0.3s (copy 0.2s, index 0.0s)
  verifying answers against ground truth ...
    40/40 checks passed; audit on load: consistent (690 events, 65388 seats sold)
  capturing plans ...
  read benchmark:
    q01_event_availability@10             30093.7 ops/s  p50=  0.142ms p99=   0.645ms  errors=0
    q01_event_availability@100            29758.9 ops/s  p50=  0.145ms p99=   0.638ms  errors=0
    q01_event_availability@1000           24011.0 ops/s  p50=  0.159ms p99=   0.741ms  errors=0
    q01_event_availability@10000           9694.6 ops/s  p50=  0.275ms p99=   1.575ms  errors=0
    q01_event_availability@100000          1195.7 ops/s  p50=  1.399ms p99=  79.470ms  errors=0
    q02_band_events                       13285.5 ops/s  p50=  0.176ms p99=   1.864ms  errors=0
    q03_customer_tickets                  31982.9 ops/s  p50=  0.136ms p99=   0.634ms  errors=0
    q04_ticket_by_id                      35756.7 ops/s  p50=  0.133ms p99=   0.636ms  errors=0
    q05_band_tickets_sold                 13065.2 ops/s  p50=  0.166ms p99=   2.193ms  errors=0
  write benchmark (fresh load per op):
    book                                    682.3 ops/s  p50= 16.504ms p99=  20.231ms  rejected=0 retries=0 errors=0
      audit after book: consistent (690 events, 70247 seats sold)
    cancel                                 4865.9 ops/s  p50=  1.526ms p99=   2.886ms  rejected=0 retries=0 errors=0
      audit after cancel: consistent (690 events, 38106 seats sold)
    publish@10                             2969.2 ops/s  p50=  1.241ms p99=   2.405ms  rejected=0 retries=0 errors=0
    publish@100                            2793.0 ops/s  p50=  1.336ms p99=   2.416ms  rejected=0 retries=0 errors=0
    publish@1000                           2392.0 ops/s  p50=  1.427ms p99=   2.231ms  rejected=0 retries=0 errors=0
    publish@10000                          1070.7 ops/s  p50=  1.342ms p99=   1.342ms  rejected=0 retries=0 errors=0
    publish@100000                         1380.9 ops/s  p50=  0.965ms p99=   0.965ms  rejected=0 retries=0 errors=0
      audit after publish: consistent (2919 events, 65388 seats sold)
  race trial 1/1 (32 buyers per event, fresh load):
    race       10 seats x100      942.7 sold/s  p50=  5.015ms p99=  12.318ms  attempts/sale=1.00 errors=0  editor p99=27.83ms  ok
      audit: consistent (690 events, 66388 seats sold)
    race      100 seats x20      1066.7 sold/s  p50= 28.436ms p99=  52.554ms  attempts/sale=1.00 errors=0  editor p99=31.89ms  ok
      audit: consistent (690 events, 68388 seats sold)
    race     1000 seats x5        953.1 sold/s  p50= 34.412ms p99=  56.514ms  attempts/sale=1.00 errors=0  editor p99=51.06ms  ok
      audit: consistent (690 events, 73388 seats sold)
    race    10000 seats x2        721.1 sold/s  p50= 45.330ms p99=  64.379ms  attempts/sale=1.00 errors=0  editor p99=56.34ms  ok
      audit: consistent (690 events, 93388 seats sold)
    race   100000 seats x1        485.2 sold/s  p50= 67.873ms p99= 110.136ms  attempts/sale=1.00 errors=0  editor p99=94.02ms  ok, 1 timed out (29% sold)
      audit: consistent (690 events, 122543 seats sold)
  churn trial 1/1 (32 buyers per event, fresh load):
    churn      10 seats x50       892.5 sold/s  p50=  5.853ms p99=  15.567ms  attempts/sale=1.00 errors=0  editor p99=28.62ms  ok
      audit: consistent (690 events, 65888 seats sold)
    churn     100 seats x10       966.6 sold/s  p50= 33.004ms p99=  64.155ms  attempts/sale=1.00 errors=0  editor p99=34.00ms  ok
      audit: consistent (690 events, 66888 seats sold)
    churn    1000 seats x2        928.4 sold/s  p50= 36.291ms p99=  44.395ms  attempts/sale=1.00 errors=0  editor p99=35.78ms  ok
      audit: consistent (690 events, 68888 seats sold)
  wrote /results/c3_count_lock_event.json
