  engine: PostgreSQL 17.11 (Debian 17.11-1.pgdg13+2) on x86_64-pc-linux-gnu, compiled by gcc (Debian 14.2.0-19) 14.2.0, 64-bit
  dataset: 40 bands, 690 events, 289500 seats, 65388 sold at load
  loading c4_counter_guard ...
  loaded in 0.2s (copy 0.2s, index 0.0s)
  verifying answers against ground truth ...
    40/40 checks passed; audit on load: consistent (690 events, 65388 seats sold)
  capturing plans ...
  read benchmark:
    q01_event_availability@10             36830.4 ops/s  p50=  0.128ms p99=   0.642ms  errors=0
    q01_event_availability@100            38538.1 ops/s  p50=  0.124ms p99=   0.579ms  errors=0
    q01_event_availability@1000           39802.3 ops/s  p50=  0.121ms p99=   0.545ms  errors=0
    q01_event_availability@10000          39641.0 ops/s  p50=  0.121ms p99=   0.545ms  errors=0
    q01_event_availability@100000         37465.6 ops/s  p50=  0.127ms p99=   0.621ms  errors=0
    q02_band_events                       27277.8 ops/s  p50=  0.150ms p99=   0.668ms  errors=0
    q03_customer_tickets                  32100.1 ops/s  p50=  0.137ms p99=   0.649ms  errors=0
    q04_ticket_by_id                      37128.1 ops/s  p50=  0.128ms p99=   0.550ms  errors=0
    q05_band_tickets_sold                 29043.9 ops/s  p50=  0.147ms p99=   0.684ms  errors=0
  write benchmark (fresh load per op):
    book                                   1474.7 ops/s  p50=  3.889ms p99=  25.750ms  rejected=0 retries=0 errors=0
      audit after book: consistent (690 events, 75662 seats sold)
    cancel                                 1630.0 ops/s  p50=  3.531ms p99=  20.594ms  rejected=0 retries=0 errors=0
      audit after cancel: consistent (690 events, 54016 seats sold)
    publish@10                             3080.6 ops/s  p50=  1.185ms p99=   2.474ms  rejected=0 retries=0 errors=0
    publish@100                            3115.1 ops/s  p50=  1.160ms p99=   2.346ms  rejected=0 retries=0 errors=0
    publish@1000                           3073.5 ops/s  p50=  1.114ms p99=   1.816ms  rejected=0 retries=0 errors=0
    publish@10000                          1137.0 ops/s  p50=  1.260ms p99=   1.260ms  rejected=0 retries=0 errors=0
    publish@100000                         1375.0 ops/s  p50=  0.992ms p99=   0.992ms  rejected=0 retries=0 errors=0
      audit after publish: consistent (2919 events, 65388 seats sold)
  race trial 1/1 (32 buyers per event, fresh load):
    race       10 seats x100      747.3 sold/s  p50=  6.033ms p99=  44.170ms  attempts/sale=1.00 errors=0  editor p99=50.05ms  ok
      audit: consistent (690 events, 66388 seats sold)
    race      100 seats x20       905.1 sold/s  p50= 18.688ms p99=  90.112ms  attempts/sale=1.00 errors=0  editor p99=74.75ms  ok
      audit: consistent (690 events, 68388 seats sold)
    race     1000 seats x5        853.6 sold/s  p50= 26.110ms p99= 154.481ms  attempts/sale=1.00 errors=0  editor p99=154.85ms  ok
      audit: consistent (690 events, 73388 seats sold)
    race    10000 seats x2        831.1 sold/s  p50= 27.051ms p99= 170.955ms  attempts/sale=1.00 errors=0  editor p99=157.66ms  ok
      audit: consistent (690 events, 93388 seats sold)
    race   100000 seats x1        835.1 sold/s  p50= 27.035ms p99= 172.811ms  attempts/sale=1.00 errors=0  editor p99=173.59ms  ok, 1 timed out (50% sold)
      audit: consistent (690 events, 143522 seats sold)
  churn trial 1/1 (32 buyers per event, fresh load):
    churn      10 seats x50       673.7 sold/s  p50=  6.913ms p99=  20.865ms  attempts/sale=1.00 errors=0  editor p99=20.47ms  ok
      audit: consistent (690 events, 65888 seats sold)
    churn     100 seats x10       739.4 sold/s  p50= 22.622ms p99= 109.547ms  attempts/sale=1.00 errors=0  editor p99=95.97ms  ok
      audit: consistent (690 events, 66888 seats sold)
    churn    1000 seats x2        777.5 sold/s  p50= 26.631ms p99= 166.951ms  attempts/sale=1.00 errors=0  editor p99=151.53ms  ok
      audit: consistent (690 events, 68888 seats sold)
  wrote /results/c4_counter_guard.json
