  engine: PostgreSQL 17.11 (Debian 17.11-1.pgdg13+2) on x86_64-pc-linux-gnu, compiled by gcc (Debian 14.2.0-19) 14.2.0, 64-bit
  dataset: 40 bands, 690 events, 289500 seats, 65388 sold at load
  loading c5_seat_unique ...
  loaded in 0.2s (copy 0.1s, index 0.1s)
  verifying answers against ground truth ...
    40/40 checks passed; audit on load: consistent (690 events, 65388 seats sold)
  capturing plans ...
  read benchmark:
    q01_event_availability@10             29148.2 ops/s  p50=  0.144ms p99=   0.701ms  errors=0
    q01_event_availability@100            29876.7 ops/s  p50=  0.141ms p99=   0.597ms  errors=0
    q01_event_availability@1000           21313.3 ops/s  p50=  0.167ms p99=   0.749ms  errors=0
    q01_event_availability@10000           6453.8 ops/s  p50=  0.360ms p99=  65.464ms  errors=0
    q01_event_availability@100000           744.8 ops/s  p50=  2.330ms p99=  82.984ms  errors=0
    q02_band_events                       10843.3 ops/s  p50=  0.176ms p99=   2.770ms  errors=0
    q03_customer_tickets                  32357.4 ops/s  p50=  0.134ms p99=   0.635ms  errors=0
    q04_ticket_by_id                      36472.0 ops/s  p50=  0.131ms p99=   0.599ms  errors=0
    q05_band_tickets_sold                  9906.9 ops/s  p50=  0.181ms p99=   3.619ms  errors=0
  write benchmark (fresh load per op):
    book                                   1198.5 ops/s  p50=  1.946ms p99=  45.861ms  rejected=0 retries=23843 errors=0
      audit after book: consistent (690 events, 73941 seats sold)
    cancel                                 4504.2 ops/s  p50=  1.508ms p99=   3.446ms  rejected=0 retries=0 errors=0
      audit after cancel: consistent (690 events, 38866 seats sold)
    publish@10                             3137.7 ops/s  p50=  1.177ms p99=   2.224ms  rejected=0 retries=0 errors=0
    publish@100                            2951.3 ops/s  p50=  1.279ms p99=   2.191ms  rejected=0 retries=0 errors=0
    publish@1000                           2650.1 ops/s  p50=  1.339ms p99=   2.006ms  rejected=0 retries=0 errors=0
    publish@10000                          1183.7 ops/s  p50=  1.208ms p99=   1.208ms  rejected=0 retries=0 errors=0
    publish@100000                         1406.0 ops/s  p50=  0.893ms p99=   0.893ms  rejected=0 retries=0 errors=0
      audit after publish: consistent (2919 events, 65388 seats sold)
  race trial 1/1 (32 buyers per event, fresh load):
    race       10 seats x100      412.2 sold/s  p50=  8.770ms p99=  49.779ms  attempts/sale=27.66 errors=0  editor p99=35.63ms  ok
      audit: consistent (690 events, 66388 seats sold)
    race      100 seats x20       359.5 sold/s  p50= 37.351ms p99= 232.638ms  attempts/sale=26.99 errors=0  editor p99=50.09ms  ok
      audit: consistent (690 events, 68388 seats sold)
    race     1000 seats x5        318.0 sold/s  p50= 76.964ms p99= 483.822ms  attempts/sale=26.76 errors=0  editor p99=49.42ms  ok
      audit: consistent (690 events, 73388 seats sold)
    race    10000 seats x2        312.9 sold/s  p50= 80.862ms p99= 490.179ms  attempts/sale=26.44 errors=0  editor p99=48.65ms  ok
      audit: consistent (690 events, 93388 seats sold)
    race   100000 seats x1        306.2 sold/s  p50= 82.009ms p99= 501.830ms  attempts/sale=26.79 errors=0  editor p99=55.06ms  ok, 1 timed out (18% sold)
      audit: consistent (690 events, 111770 seats sold)
  churn trial 1/1 (32 buyers per event, fresh load):
    churn      10 seats x50       507.7 sold/s  p50=  8.088ms p99=  46.348ms  attempts/sale=25.16 errors=0  editor p99=28.74ms  UNDERBOOKED 13 events (15 seats)
      audit: VIOLATIONS — 0 overbooked events (+0 seats), 0 duplicate seats, 13 derived-state drifts, 0 ledger mismatches
    churn     100 seats x10       384.3 sold/s  p50= 48.651ms p99= 262.946ms  attempts/sale=23.65 errors=0  editor p99=42.32ms  UNDERBOOKED 9 events (33 seats)
      audit: VIOLATIONS — 0 overbooked events (+0 seats), 0 duplicate seats, 22 derived-state drifts, 0 ledger mismatches
    churn    1000 seats x2        350.1 sold/s  p50= 70.791ms p99= 435.592ms  attempts/sale=23.30 errors=0  editor p99=53.82ms  UNDERBOOKED 2 events (59 seats)
      audit: VIOLATIONS — 0 overbooked events (+0 seats), 0 duplicate seats, 24 derived-state drifts, 0 ledger mismatches
  wrote /results/c5_seat_unique.json
