  engine: PostgreSQL 17.11 (Debian 17.11-1.pgdg13+2) on x86_64-pc-linux-gnu, compiled by gcc (Debian 14.2.0-19) 14.2.0, 64-bit
  dataset: 40 bands, 690 events, 289500 seats, 65388 sold at load
  loading h0_hold_naive_confirm ...
  loaded in 0.2s (copy 0.2s, index 0.0s)
  verifying answers against ground truth ...
    40/40 checks passed; audit on load: consistent (690 events, 65388 seats sold)
  capturing plans ...
  read benchmark:
    q01_event_availability@10             38581.2 ops/s  p50=  0.127ms p99=   0.530ms  errors=0
    q01_event_availability@100            38300.2 ops/s  p50=  0.127ms p99=   0.524ms  errors=0
    q01_event_availability@1000           38582.7 ops/s  p50=  0.125ms p99=   0.521ms  errors=0
    q01_event_availability@10000          40604.1 ops/s  p50=  0.121ms p99=   0.453ms  errors=0
    q01_event_availability@100000         40103.0 ops/s  p50=  0.121ms p99=   0.480ms  errors=0
    q02_band_events                       26753.8 ops/s  p50=  0.157ms p99=   0.667ms  errors=0
    q03_customer_tickets                  32380.0 ops/s  p50=  0.138ms p99=   0.569ms  errors=0
    q04_ticket_by_id                      38032.1 ops/s  p50=  0.128ms p99=   0.485ms  errors=0
    q05_band_tickets_sold                 13295.1 ops/s  p50=  0.168ms p99=   2.101ms  errors=0
  write benchmark (fresh load per op):
    book                                   1047.3 ops/s  p50=  6.258ms p99=  25.355ms  rejected=0 retries=0 errors=0
      audit after book: consistent (690 events, 73041 seats sold)
    cancel                                 1597.0 ops/s  p50=  3.462ms p99=  23.676ms  rejected=0 retries=0 errors=0
      audit after cancel: consistent (690 events, 53961 seats sold)
    publish@10                             3027.3 ops/s  p50=  1.184ms p99=   2.234ms  rejected=0 retries=0 errors=0
    publish@100                            2977.7 ops/s  p50=  1.239ms p99=   2.509ms  rejected=0 retries=0 errors=0
    publish@1000                           2767.5 ops/s  p50=  1.176ms p99=   1.962ms  rejected=0 retries=0 errors=0
    publish@10000                          1355.4 ops/s  p50=  0.991ms p99=   0.991ms  rejected=0 retries=0 errors=0
    publish@100000                         1494.4 ops/s  p50=  0.841ms p99=   0.841ms  rejected=0 retries=0 errors=0
      audit after publish: consistent (2919 events, 65388 seats sold)
  race trial 1/1 (32 buyers per event, fresh load):
    race       10 seats x100      568.2 sold/s  p50=  8.574ms p99=  38.363ms  attempts/sale=1.00 errors=0  editor p99=19.83ms  ok
      audit: consistent (690 events, 66388 seats sold)
    race      100 seats x20       619.6 sold/s  p50= 27.942ms p99= 143.953ms  attempts/sale=1.00 errors=0  editor p99=140.08ms  ok
      audit: consistent (690 events, 68388 seats sold)
    race     1000 seats x5        539.0 sold/s  p50= 39.170ms p99= 267.748ms  attempts/sale=1.00 errors=0  editor p99=253.89ms  ok
      audit: consistent (690 events, 73388 seats sold)
    race    10000 seats x2        474.0 sold/s  p50= 44.320ms p99= 335.585ms  attempts/sale=1.00 errors=0  editor p99=324.67ms  ok
      audit: consistent (690 events, 93388 seats sold)
    race   100000 seats x1        505.6 sold/s  p50= 42.762ms p99= 296.205ms  attempts/sale=1.00 errors=0  editor p99=283.62ms  ok, 1 timed out (30% sold)
      audit: consistent (690 events, 123759 seats sold)
  churn trial 1/1 (32 buyers per event, fresh load):
    churn      10 seats x50       556.1 sold/s  p50=  8.993ms p99=  23.866ms  attempts/sale=1.00 errors=0  editor p99=20.32ms  ok
      audit: consistent (690 events, 65888 seats sold)
    churn     100 seats x10       614.1 sold/s  p50= 27.303ms p99= 139.202ms  attempts/sale=1.00 errors=0  editor p99=103.61ms  ok
      audit: consistent (690 events, 66888 seats sold)
    churn    1000 seats x2        534.5 sold/s  p50= 36.667ms p99= 247.357ms  attempts/sale=1.00 errors=0  editor p99=235.52ms  ok
      audit: consistent (690 events, 68888 seats sold)
  holds (32 buyers per event, TTL 250ms, fresh load):
    holds      10 seats x10      16.0 confirmed/s  holds=144 abandoned=39 late-rejected=0 swept=49 errors=0  OVERBOOKED 3 events (+4 seats)
      audit: VIOLATIONS — 3 overbooked events (+4 seats), 0 duplicate seats, 5 derived-state drifts, 0 ledger mismatches
    holds     100 seats x10      98.4 confirmed/s  holds=1377 abandoned=323 late-rejected=0 swept=409 errors=0  OVERBOOKED 10 events (+54 seats)
      audit: VIOLATIONS — 13 overbooked events (+58 seats), 0 duplicate seats, 15 derived-state drifts, 0 ledger mismatches
    holds    1000 seats x5      156.6 confirmed/s  holds=6858 abandoned=1735 late-rejected=0 swept=1917 errors=0  OVERBOOKED 5 events (+111 seats)
      audit: VIOLATIONS — 18 overbooked events (+169 seats), 0 duplicate seats, 20 derived-state drifts, 0 ledger mismatches
  wrote /results/h0_hold_naive_confirm.json
