  engine: PostgreSQL 17.11 (Debian 17.11-1.pgdg13+2) on x86_64-pc-linux-gnu, compiled by gcc (Debian 14.2.0-19) 14.2.0, 64-bit
  dataset: 40 bands, 690 events, 289500 seats, 65388 sold at load
  loading h1_hold_checked_confirm ...
  loaded in 0.3s (copy 0.1s, index 0.1s)
  verifying answers against ground truth ...
    40/40 checks passed; audit on load: consistent (690 events, 65388 seats sold)
  capturing plans ...
  read benchmark:
    q01_event_availability@10             46214.9 ops/s  p50=  0.106ms p99=   0.392ms  errors=0
    q01_event_availability@100            38479.3 ops/s  p50=  0.127ms p99=   0.485ms  errors=0
    q01_event_availability@1000           38147.3 ops/s  p50=  0.129ms p99=   0.528ms  errors=0
    q01_event_availability@10000          39981.7 ops/s  p50=  0.124ms p99=   0.463ms  errors=0
    q01_event_availability@100000         40282.1 ops/s  p50=  0.121ms p99=   0.494ms  errors=0
    q02_band_events                       27033.5 ops/s  p50=  0.155ms p99=   0.608ms  errors=0
    q03_customer_tickets                  32379.0 ops/s  p50=  0.138ms p99=   0.557ms  errors=0
    q04_ticket_by_id                      37943.8 ops/s  p50=  0.128ms p99=   0.485ms  errors=0
    q05_band_tickets_sold                 11864.9 ops/s  p50=  0.186ms p99=   2.242ms  errors=0
  write benchmark (fresh load per op):
    book                                   1085.8 ops/s  p50=  6.079ms p99=  22.497ms  rejected=0 retries=0 errors=0
      audit after book: consistent (690 events, 73214 seats sold)
    cancel                                 1645.7 ops/s  p50=  3.433ms p99=  20.790ms  rejected=0 retries=0 errors=0
      audit after cancel: consistent (690 events, 53787 seats sold)
    publish@10                             3155.7 ops/s  p50=  1.175ms p99=   2.169ms  rejected=0 retries=0 errors=0
    publish@100                            3103.9 ops/s  p50=  1.178ms p99=   2.245ms  rejected=0 retries=0 errors=0
    publish@1000                           2916.3 ops/s  p50=  1.307ms p99=   1.670ms  rejected=0 retries=0 errors=0
    publish@10000                          1499.2 ops/s  p50=  0.850ms p99=   0.850ms  rejected=0 retries=0 errors=0
    publish@100000                         1148.3 ops/s  p50=  1.069ms p99=   1.069ms  rejected=0 retries=0 errors=0
      audit after publish: consistent (2919 events, 65388 seats sold)
  race trial 1/1 (32 buyers per event, fresh load):
    race       10 seats x100      530.1 sold/s  p50=  9.161ms p99=  40.249ms  attempts/sale=1.00 errors=0  editor p99=35.19ms  ok
      audit: consistent (690 events, 66388 seats sold)
    race      100 seats x20       521.5 sold/s  p50= 32.136ms p99= 195.994ms  attempts/sale=1.00 errors=0  editor p99=165.00ms  ok
      audit: consistent (690 events, 68388 seats sold)
    race     1000 seats x5        506.3 sold/s  p50= 41.182ms p99= 300.741ms  attempts/sale=1.00 errors=0  editor p99=282.92ms  ok
      audit: consistent (690 events, 73388 seats sold)
    race    10000 seats x2        444.2 sold/s  p50= 47.504ms p99= 355.868ms  attempts/sale=1.00 errors=0  editor p99=359.67ms  ok
      audit: consistent (690 events, 93388 seats sold)
    race   100000 seats x1        487.1 sold/s  p50= 44.094ms p99= 314.305ms  attempts/sale=1.00 errors=0  editor p99=325.19ms  ok, 1 timed out (29% sold)
      audit: consistent (690 events, 122641 seats sold)
  churn trial 1/1 (32 buyers per event, fresh load):
    churn      10 seats x50       575.1 sold/s  p50=  9.166ms p99=  23.206ms  attempts/sale=1.00 errors=0  editor p99=21.45ms  ok
      audit: consistent (690 events, 65888 seats sold)
    churn     100 seats x10       639.2 sold/s  p50= 25.367ms p99= 135.181ms  attempts/sale=1.00 errors=0  editor p99=94.13ms  ok
      audit: consistent (690 events, 66888 seats sold)
    churn    1000 seats x2        521.9 sold/s  p50= 38.162ms p99= 244.921ms  attempts/sale=1.00 errors=0  editor p99=217.00ms  ok
      audit: consistent (690 events, 68888 seats sold)
  holds (32 buyers per event, TTL 250ms, fresh load):
    holds      10 seats x10      14.0 confirmed/s  holds=138 abandoned=30 late-rejected=8 swept=38 errors=0  ok
      audit: consistent (690 events, 65488 seats sold)
    holds     100 seats x10      71.2 confirmed/s  holds=1459 abandoned=351 late-rejected=108 swept=459 errors=0  ok
      audit: consistent (690 events, 66488 seats sold)
    holds    1000 seats x5      128.3 confirmed/s  holds=7277 abandoned=1791 late-rejected=468 swept=2277 errors=0  ok
      audit: consistent (690 events, 71488 seats sold)
  wrote /results/h1_hold_checked_confirm.json
