  engine: PostgreSQL 17.11 (Debian 17.11-1.pgdg13+2) on x86_64-pc-linux-gnu, compiled by gcc (Debian 14.2.0-19) 14.2.0, 64-bit
  dataset: 40 bands, 690 events, 289500 seats, 65388 sold at load
  loading p1_precreated_lock_first ...
  loaded in 0.9s (copy 0.7s, index 0.2s)
  verifying answers against ground truth ...
    40/40 checks passed; audit on load: consistent (690 events, 65388 seats sold)
  capturing plans ...
  read benchmark:
    q01_event_availability@10             22362.8 ops/s  p50=  0.157ms p99=   0.771ms  errors=0
    q01_event_availability@100            21270.0 ops/s  p50=  0.160ms p99=   0.830ms  errors=0
    q01_event_availability@1000           16122.7 ops/s  p50=  0.192ms p99=   1.007ms  errors=0
    q01_event_availability@10000           4727.9 ops/s  p50=  0.474ms p99=  67.790ms  errors=0
    q01_event_availability@100000           501.7 ops/s  p50=  3.460ms p99=  85.923ms  errors=0
    q02_band_events                        4391.1 ops/s  p50=  0.207ms p99=  69.758ms  errors=0
    q03_customer_tickets                  32543.8 ops/s  p50=  0.125ms p99=   0.878ms  errors=0
    q04_ticket_by_id                      37394.0 ops/s  p50=  0.124ms p99=   0.729ms  errors=0
    q05_band_tickets_sold                  1795.5 ops/s  p50=  0.456ms p99=  82.001ms  errors=0
  write benchmark (fresh load per op):
    book                                   1631.7 ops/s  p50=  1.693ms p99=  62.146ms  rejected=0 retries=0 errors=0
      audit after book: consistent (690 events, 76864 seats sold)
    cancel                                 5053.3 ops/s  p50=  1.406ms p99=   2.791ms  rejected=0 retries=0 errors=0
      audit after cancel: consistent (690 events, 38718 seats sold)
    publish@10                             2531.9 ops/s  p50=  1.552ms p99=   2.591ms  rejected=0 retries=0 errors=0
    publish@100                            1515.2 ops/s  p50=  2.229ms p99=  18.625ms  rejected=0 retries=0 errors=0
    publish@1000                            389.2 ops/s  p50= 10.193ms p99=  11.191ms  rejected=0 retries=0 errors=0
    publish@10000                            27.6 ops/s  p50= 72.021ms p99=  72.021ms  rejected=0 retries=0 errors=0
    publish@100000                            2.8 ops/s  p50=627.930ms p99= 627.930ms  rejected=0 retries=0 errors=0
      audit after publish: consistent (2919 events, 65388 seats sold)
  race trial 1/1 (32 buyers per event, fresh load):
    race       10 seats x100      906.4 sold/s  p50=  1.859ms p99=  23.071ms  attempts/sale=1.00 errors=0  editor p99=15.53ms  ok
      audit: consistent (690 events, 66388 seats sold)
    race      100 seats x20      1254.9 sold/s  p50=  1.635ms p99=  32.289ms  attempts/sale=1.00 errors=0  editor p99=2.61ms  ok
      audit: consistent (690 events, 68388 seats sold)
    race     1000 seats x5       1175.7 sold/s  p50=  1.543ms p99=  59.859ms  attempts/sale=1.00 errors=0  editor p99=17.59ms  ok
      audit: consistent (690 events, 73388 seats sold)
    race    10000 seats x2       1214.9 sold/s  p50=  1.677ms p99=  51.312ms  attempts/sale=1.00 errors=0  editor p99=4.07ms  ok
      audit: consistent (690 events, 93388 seats sold)
    race   100000 seats x1        812.4 sold/s  p50=  3.985ms p99= 102.631ms  attempts/sale=1.00 errors=0  editor p99=30.93ms  ok, 1 timed out (49% sold)
      audit: consistent (690 events, 142706 seats sold)
  churn trial 1/1 (32 buyers per event, fresh load):
    churn      10 seats x50       985.9 sold/s  p50=  2.089ms p99=  13.213ms  attempts/sale=1.00 errors=0  editor p99=2.65ms  ok
      audit: consistent (690 events, 65888 seats sold)
    churn     100 seats x10      1204.4 sold/s  p50=  2.033ms p99=  58.716ms  attempts/sale=1.00 errors=0  editor p99=2.44ms  ok
      audit: consistent (690 events, 66888 seats sold)
    churn    1000 seats x2       1242.1 sold/s  p50=  2.046ms p99=  84.463ms  attempts/sale=1.00 errors=0  editor p99=2.10ms  ok
      audit: consistent (690 events, 68888 seats sold)
  wrote /results/p1_precreated_lock_first.json
