  engine: PostgreSQL 17.11 (Debian 17.11-1.pgdg13+2) on x86_64-pc-linux-gnu, compiled by gcc (Debian 14.2.0-19) 14.2.0, 64-bit
  dataset: 40 bands, 690 events, 289500 seats, 65388 sold at load
  loading p2_precreated_skip_locked ...
  loaded in 1.0s (copy 0.7s, index 0.2s)
  verifying answers against ground truth ...
    40/40 checks passed; audit on load: consistent (690 events, 65388 seats sold)
  capturing plans ...
  read benchmark:
    q01_event_availability@10             19878.9 ops/s  p50=  0.176ms p99=   0.867ms  errors=0
    q01_event_availability@100            18194.1 ops/s  p50=  0.191ms p99=   1.042ms  errors=0
    q01_event_availability@1000           12841.4 ops/s  p50=  0.236ms p99=   1.823ms  errors=0
    q01_event_availability@10000           4251.4 ops/s  p50=  0.515ms p99=  68.075ms  errors=0
    q01_event_availability@100000           476.9 ops/s  p50=  3.441ms p99=  87.233ms  errors=0
    q02_band_events                        4647.7 ops/s  p50=  0.202ms p99=  69.579ms  errors=0
    q03_customer_tickets                  31267.9 ops/s  p50=  0.141ms p99=   0.671ms  errors=0
    q04_ticket_by_id                      36162.5 ops/s  p50=  0.133ms p99=   0.564ms  errors=0
    q05_band_tickets_sold                  1710.6 ops/s  p50=  0.495ms p99=  82.356ms  errors=0
  write benchmark (fresh load per op):
    book                                   3353.9 ops/s  p50=  2.167ms p99=  10.490ms  rejected=2 retries=0 errors=0
      audit after book: consistent (690 events, 90839 seats sold)
    cancel                                 4427.3 ops/s  p50=  1.641ms p99=   3.171ms  rejected=0 retries=0 errors=0
      audit after cancel: consistent (690 events, 39722 seats sold)
    publish@10                             2246.9 ops/s  p50=  1.706ms p99=   2.788ms  rejected=0 retries=0 errors=0
    publish@100                            1491.1 ops/s  p50=  2.426ms p99=  10.539ms  rejected=0 retries=0 errors=0
    publish@1000                            247.1 ops/s  p50= 12.324ms p99=  29.148ms  rejected=0 retries=0 errors=0
    publish@10000                            30.1 ops/s  p50= 64.729ms p99=  64.729ms  rejected=0 retries=0 errors=0
    publish@100000                            2.7 ops/s  p50=602.496ms p99= 602.496ms  rejected=0 retries=0 errors=0
      audit after publish: consistent (2919 events, 65388 seats sold)
  race trial 1/1 (32 buyers per event, fresh load):
    race       10 seats x100     1102.5 sold/s  p50=  6.572ms p99=  36.844ms  attempts/sale=16.60 errors=0  editor p99=14.47ms  ok
      audit: consistent (690 events, 66388 seats sold)
    race      100 seats x20      3599.6 sold/s  p50=  4.024ms p99=  49.268ms  attempts/sale=1.56 errors=0  editor p99=29.03ms  ok
      audit: consistent (690 events, 68388 seats sold)
    race     1000 seats x5       3576.3 sold/s  p50=  3.811ms p99=  63.448ms  attempts/sale=1.10 errors=0  editor p99=56.25ms  ok
      audit: consistent (690 events, 73388 seats sold)
    race    10000 seats x2       3568.4 sold/s  p50=  3.772ms p99=  64.653ms  attempts/sale=1.00 errors=0  editor p99=57.06ms  ok
      audit: consistent (690 events, 93388 seats sold)
    race   100000 seats x1       3399.0 sold/s  p50=  3.870ms p99=  65.599ms  attempts/sale=1.00 errors=0  editor p99=58.98ms  ok
      audit: consistent (690 events, 193388 seats sold)
  churn trial 1/1 (32 buyers per event, fresh load):
    churn      10 seats x50      1240.7 sold/s  p50=  4.912ms p99=  12.165ms  attempts/sale=13.36 errors=0  editor p99=10.50ms  ok
      audit: consistent (690 events, 65888 seats sold)
    churn     100 seats x10      2543.5 sold/s  p50=  3.974ms p99=  49.282ms  attempts/sale=2.84 errors=0  editor p99=35.61ms  ok
      audit: consistent (690 events, 66888 seats sold)
    churn    1000 seats x2       3883.0 sold/s  p50=  3.571ms p99=  59.421ms  attempts/sale=1.11 errors=0  editor p99=43.77ms  ok
      audit: consistent (690 events, 68888 seats sold)
  wrote /results/p2_precreated_skip_locked.json
