  engine: PostgreSQL 17.11 (Debian 17.11-1.pgdg13+2) on x86_64-pc-linux-gnu, compiled by gcc (Debian 14.2.0-19) 14.2.0, 64-bit
  dataset: 40 bands, 690 events, 289500 seats, 65388 sold at load
  loading p3_precreated_cas ...
  loaded in 1.0s (copy 0.8s, index 0.2s)
  verifying answers against ground truth ...
    40/40 checks passed; audit on load: consistent (690 events, 65388 seats sold)
  capturing plans ...
  read benchmark:
    q01_event_availability@10             19200.3 ops/s  p50=  0.182ms p99=   0.943ms  errors=0
    q01_event_availability@100            19585.5 ops/s  p50=  0.177ms p99=   0.838ms  errors=0
    q01_event_availability@1000           15247.3 ops/s  p50=  0.205ms p99=   0.949ms  errors=0
    q01_event_availability@10000           4509.0 ops/s  p50=  0.495ms p99=  68.380ms  errors=0
    q01_event_availability@100000           514.9 ops/s  p50=  3.430ms p99=  86.655ms  errors=0
    q02_band_events                        4620.0 ops/s  p50=  0.202ms p99=  69.778ms  errors=0
    q03_customer_tickets                  32247.8 ops/s  p50=  0.137ms p99=   0.651ms  errors=0
    q04_ticket_by_id                      35012.4 ops/s  p50=  0.135ms p99=   0.737ms  errors=0
    q05_band_tickets_sold                  1691.4 ops/s  p50=  0.442ms p99=  81.589ms  errors=0
  write benchmark (fresh load per op):
    book                                   3630.7 ops/s  p50=  1.451ms p99=  10.654ms  rejected=0 retries=3855 errors=0
      audit after book: consistent (690 events, 90959 seats sold)
    cancel                                 4665.5 ops/s  p50=  1.569ms p99=   2.982ms  rejected=0 retries=0 errors=0
      audit after cancel: consistent (690 events, 39487 seats sold)
    publish@10                             2192.5 ops/s  p50=  1.720ms p99=   2.639ms  rejected=0 retries=0 errors=0
    publish@100                            1652.6 ops/s  p50=  2.327ms p99=   3.497ms  rejected=0 retries=0 errors=0
    publish@1000                            269.1 ops/s  p50= 11.399ms p99=  29.985ms  rejected=0 retries=0 errors=0
    publish@10000                            30.5 ops/s  p50= 61.758ms p99=  61.758ms  rejected=0 retries=0 errors=0
    publish@100000                            2.7 ops/s  p50=632.066ms p99= 632.066ms  rejected=0 retries=0 errors=0
      audit after publish: consistent (2919 events, 65388 seats sold)
  race trial 1/1 (32 buyers per event, fresh load):
    race       10 seats x100     2483.4 sold/s  p50=  2.270ms p99=  10.150ms  attempts/sale=3.65 errors=0  editor p99=13.30ms  ok
      audit: consistent (690 events, 66388 seats sold)
    race      100 seats x20      6389.3 sold/s  p50=  2.259ms p99=   9.878ms  attempts/sale=1.83 errors=0  editor p99=3.33ms  ok
      audit: consistent (690 events, 68388 seats sold)
    race     1000 seats x5       6229.2 sold/s  p50=  2.251ms p99=  54.684ms  attempts/sale=1.25 errors=0  editor p99=50.57ms  ok
      audit: consistent (690 events, 73388 seats sold)
    race    10000 seats x2       5941.1 sold/s  p50=  2.316ms p99=  55.199ms  attempts/sale=1.09 errors=0  editor p99=39.73ms  ok
      audit: consistent (690 events, 93388 seats sold)
    race   100000 seats x1       6911.1 sold/s  p50=  2.207ms p99=  53.840ms  attempts/sale=1.02 errors=0  editor p99=47.16ms  ok
      audit: consistent (690 events, 193388 seats sold)
  churn trial 1/1 (32 buyers per event, fresh load):
    churn      10 seats x50      1641.3 sold/s  p50=  2.140ms p99=   8.666ms  attempts/sale=3.75 errors=0  editor p99=3.56ms  ok
      audit: consistent (690 events, 65888 seats sold)
    churn     100 seats x10      5247.9 sold/s  p50=  2.313ms p99=  11.207ms  attempts/sale=1.86 errors=0  editor p99=2.99ms  ok
      audit: consistent (690 events, 66888 seats sold)
    churn    1000 seats x2       6118.2 sold/s  p50=  2.151ms p99=  53.406ms  attempts/sale=1.23 errors=0  editor p99=37.74ms  ok
      audit: consistent (690 events, 68888 seats sold)
  wrote /results/p3_precreated_cas.json
