  engine: PostgreSQL 17.11 (Debian 17.11-1.pgdg13+2) on x86_64-pc-linux-gnu, compiled by gcc (Debian 14.2.0-19) 14.2.0, 64-bit
  dataset: 40 bands, 690 events, 289500 seats, 65388 sold at load
  loading p4_precreated_counter ...
  loaded in 1.0s (copy 0.8s, index 0.2s)
  verifying answers against ground truth ...
    40/40 checks passed; audit on load: consistent (690 events, 65388 seats sold)
  capturing plans ...
  read benchmark:
    q01_event_availability@10             36139.0 ops/s  p50=  0.130ms p99=   0.664ms  errors=0
    q01_event_availability@100            38645.2 ops/s  p50=  0.124ms p99=   0.567ms  errors=0
    q01_event_availability@1000           39456.7 ops/s  p50=  0.122ms p99=   0.533ms  errors=0
    q01_event_availability@10000          39120.0 ops/s  p50=  0.122ms p99=   0.570ms  errors=0
    q01_event_availability@100000         38718.6 ops/s  p50=  0.124ms p99=   0.550ms  errors=0
    q02_band_events                       27658.2 ops/s  p50=  0.149ms p99=   0.663ms  errors=0
    q03_customer_tickets                  32459.1 ops/s  p50=  0.134ms p99=   0.626ms  errors=0
    q04_ticket_by_id                      36635.6 ops/s  p50=  0.130ms p99=   0.570ms  errors=0
    q05_band_tickets_sold                 30195.0 ops/s  p50=  0.142ms p99=   0.617ms  errors=0
  write benchmark (fresh load per op):
    book                                   1483.9 ops/s  p50=  3.634ms p99=  22.928ms  rejected=0 retries=0 errors=0
      audit after book: consistent (690 events, 75645 seats sold)
    cancel                                 1591.9 ops/s  p50=  3.484ms p99=  21.228ms  rejected=0 retries=0 errors=0
      audit after cancel: consistent (690 events, 54128 seats sold)
    publish@10                             2323.9 ops/s  p50=  1.703ms p99=   2.582ms  rejected=0 retries=0 errors=0
    publish@100                            1368.8 ops/s  p50=  2.330ms p99=  23.463ms  rejected=0 retries=0 errors=0
    publish@1000                            362.9 ops/s  p50= 10.782ms p99=  12.037ms  rejected=0 retries=0 errors=0
    publish@10000                            28.8 ops/s  p50= 62.049ms p99=  62.049ms  rejected=0 retries=0 errors=0
    publish@100000                            2.8 ops/s  p50=640.068ms p99= 640.068ms  rejected=0 retries=0 errors=0
      audit after publish: consistent (2919 events, 65388 seats sold)
  race trial 1/1 (32 buyers per event, fresh load):
    race       10 seats x100      213.1 sold/s  p50= 14.712ms p99=  86.830ms  attempts/sale=53.15 errors=0  editor p99=65.91ms  ok
      audit: consistent (690 events, 66388 seats sold)
    race      100 seats x20       620.1 sold/s  p50= 24.065ms p99= 162.544ms  attempts/sale=7.85 errors=0  editor p99=96.34ms  ok
      audit: consistent (690 events, 68388 seats sold)
    race     1000 seats x5        815.6 sold/s  p50= 22.703ms p99= 177.872ms  attempts/sale=1.61 errors=0  editor p99=179.91ms  ok
      audit: consistent (690 events, 73388 seats sold)
    race    10000 seats x2        841.9 sold/s  p50= 22.467ms p99= 208.836ms  attempts/sale=1.06 errors=0  editor p99=228.85ms  ok
      audit: consistent (690 events, 93388 seats sold)
    race   100000 seats x1        853.2 sold/s  p50= 22.761ms p99= 198.235ms  attempts/sale=1.00 errors=0  editor p99=207.09ms  ok, 1 timed out (51% sold)
      audit: consistent (690 events, 144606 seats sold)
  churn trial 1/1 (32 buyers per event, fresh load):
    churn      10 seats x50       242.2 sold/s  p50= 16.128ms p99=  74.587ms  attempts/sale=51.05 errors=0  editor p99=53.90ms  ok
      audit: consistent (690 events, 65888 seats sold)
    churn     100 seats x10       532.2 sold/s  p50= 26.948ms p99= 167.875ms  attempts/sale=8.70 errors=0  editor p99=110.52ms  ok
      audit: consistent (690 events, 66888 seats sold)
    churn    1000 seats x2        789.1 sold/s  p50= 20.980ms p99= 164.382ms  attempts/sale=1.82 errors=0  editor p99=141.05ms  ok
      audit: consistent (690 events, 68888 seats sold)
  wrote /results/p4_precreated_counter.json
