  engine: PostgreSQL 17.11 (Debian 17.11-1.pgdg13+2) on x86_64-pc-linux-gnu, compiled by gcc (Debian 14.2.0-19) 14.2.0, 64-bit
  dataset: 40 bands, 690 events, 289500 seats, 65388 sold at load
  loading r1_inventory_row ...
  loaded in 0.2s (copy 0.2s, index 0.0s)
  verifying answers against ground truth ...
    40/40 checks passed; audit on load: consistent (690 events, 65388 seats sold)
  capturing plans ...
  read benchmark:
    q01_event_availability@10             37319.1 ops/s  p50=  0.129ms p99=   0.601ms  errors=0
    q01_event_availability@100            36933.1 ops/s  p50=  0.129ms p99=   0.621ms  errors=0
    q01_event_availability@1000           38220.1 ops/s  p50=  0.125ms p99=   0.592ms  errors=0
    q01_event_availability@10000          39474.3 ops/s  p50=  0.121ms p99=   0.544ms  errors=0
    q01_event_availability@100000         39712.4 ops/s  p50=  0.121ms p99=   0.537ms  errors=0
    q02_band_events                       16553.3 ops/s  p50=  0.198ms p99=   0.989ms  errors=0
    q03_customer_tickets                  32311.3 ops/s  p50=  0.135ms p99=   0.672ms  errors=0
    q04_ticket_by_id                      36112.2 ops/s  p50=  0.132ms p99=   0.619ms  errors=0
    q05_band_tickets_sold                 17896.7 ops/s  p50=  0.185ms p99=   0.903ms  errors=0
  write benchmark (fresh load per op):
    book                                   1461.1 ops/s  p50=  3.909ms p99=  23.944ms  rejected=0 retries=0 errors=0
      audit after book: consistent (690 events, 75650 seats sold)
    cancel                                 1633.6 ops/s  p50=  3.517ms p99=  21.038ms  rejected=0 retries=0 errors=0
      audit after cancel: consistent (690 events, 53820 seats sold)
    publish@10                             2519.4 ops/s  p50=  1.514ms p99=   2.564ms  rejected=0 retries=0 errors=0
    publish@100                            2444.3 ops/s  p50=  1.541ms p99=   2.425ms  rejected=0 retries=0 errors=0
    publish@1000                           2252.4 ops/s  p50=  1.618ms p99=   2.395ms  rejected=0 retries=0 errors=0
    publish@10000                           892.1 ops/s  p50=  1.664ms p99=   1.664ms  rejected=0 retries=0 errors=0
    publish@100000                         1189.1 ops/s  p50=  1.238ms p99=   1.238ms  rejected=0 retries=0 errors=0
      audit after publish: consistent (2919 events, 65388 seats sold)
  race trial 1/1 (32 buyers per event, fresh load):
    race       10 seats x100      771.6 sold/s  p50=  6.054ms p99=  31.929ms  attempts/sale=1.00 errors=0  editor p99=2.73ms  ok
      audit: consistent (690 events, 66388 seats sold)
    race      100 seats x20       879.5 sold/s  p50= 18.393ms p99=  94.040ms  attempts/sale=1.00 errors=0  editor p99=14.33ms  ok
      audit: consistent (690 events, 68388 seats sold)
    race     1000 seats x5        865.8 sold/s  p50= 25.451ms p99= 154.108ms  attempts/sale=1.00 errors=0  editor p99=9.76ms  ok
      audit: consistent (690 events, 73388 seats sold)
    race    10000 seats x2        833.6 sold/s  p50= 27.137ms p99= 170.575ms  attempts/sale=1.00 errors=0  editor p99=12.70ms  ok
      audit: consistent (690 events, 93388 seats sold)
    race   100000 seats x1        868.1 sold/s  p50= 26.233ms p99= 163.113ms  attempts/sale=1.00 errors=0  editor p99=2.15ms  ok, 1 timed out (52% sold)
      audit: consistent (690 events, 145502 seats sold)
  churn trial 1/1 (32 buyers per event, fresh load):
    churn      10 seats x50       730.5 sold/s  p50=  6.581ms p99=  19.320ms  attempts/sale=1.00 errors=0  editor p99=2.60ms  ok
      audit: consistent (690 events, 65888 seats sold)
    churn     100 seats x10       874.4 sold/s  p50= 18.933ms p99= 100.387ms  attempts/sale=1.00 errors=0  editor p99=2.10ms  ok
      audit: consistent (690 events, 66888 seats sold)
    churn    1000 seats x2        815.8 sold/s  p50= 25.032ms p99= 149.279ms  attempts/sale=1.00 errors=0  editor p99=1.90ms  ok
      audit: consistent (690 events, 68888 seats sold)
  wrote /results/r1_inventory_row.json
