  engine: PostgreSQL 17.11 (Debian 17.11-1.pgdg13+2) on x86_64-pc-linux-gnu, compiled by gcc (Debian 14.2.0-19) 14.2.0, 64-bit
  dataset: 40 bands, 690 events, 289500 seats, 65388 sold at load
  loading r2_inventory_buckets ...
  loaded in 0.3s (copy 0.2s, index 0.1s)
  verifying answers against ground truth ...
    40/40 checks passed; audit on load: consistent (690 events, 65388 seats sold)
  capturing plans ...
  read benchmark:
    q01_event_availability@10             32819.0 ops/s  p50=  0.140ms p99=   0.680ms  errors=0
    q01_event_availability@100            34569.1 ops/s  p50=  0.134ms p99=   0.590ms  errors=0
    q01_event_availability@1000           35443.7 ops/s  p50=  0.131ms p99=   0.549ms  errors=0
    q01_event_availability@10000          35397.3 ops/s  p50=  0.131ms p99=   0.550ms  errors=0
    q01_event_availability@100000         33870.9 ops/s  p50=  0.138ms p99=   0.630ms  errors=0
    q02_band_events                       16281.4 ops/s  p50=  0.191ms p99=   1.006ms  errors=0
    q03_customer_tickets                  32930.5 ops/s  p50=  0.132ms p99=   0.610ms  errors=0
    q04_ticket_by_id                      37577.1 ops/s  p50=  0.127ms p99=   0.550ms  errors=0
    q05_band_tickets_sold                 17487.6 ops/s  p50=  0.184ms p99=   0.974ms  errors=0
  write benchmark (fresh load per op):
    book                                   2738.6 ops/s  p50=  2.344ms p99=  17.849ms  rejected=0 retries=3499 errors=0
      audit after book: consistent (690 events, 85131 seats sold)
    cancel                                 2590.0 ops/s  p50=  2.406ms p99=  18.795ms  rejected=0 retries=6735 errors=0
      audit after cancel: consistent (690 events, 47217 seats sold)
    publish@10                             2227.3 ops/s  p50=  1.764ms p99=   2.768ms  rejected=0 retries=0 errors=0
    publish@100                            2282.4 ops/s  p50=  1.711ms p99=   2.465ms  rejected=0 retries=0 errors=0
    publish@1000                           2596.2 ops/s  p50=  1.475ms p99=   1.846ms  rejected=0 retries=0 errors=0
    publish@10000                          1225.4 ops/s  p50=  1.118ms p99=   1.118ms  rejected=0 retries=0 errors=0
    publish@100000                         1118.6 ops/s  p50=  1.270ms p99=   1.270ms  rejected=0 retries=0 errors=0
      audit after publish: consistent (2919 events, 65388 seats sold)
  race trial 1/1 (32 buyers per event, fresh load):
    race       10 seats x100      575.8 sold/s  p50=  7.069ms p99=  47.637ms  attempts/sale=24.43 errors=0  editor p99=47.83ms  ok
      audit: consistent (690 events, 66388 seats sold)
    race      100 seats x20       954.3 sold/s  p50= 10.741ms p99=  87.764ms  attempts/sale=10.90 errors=0  editor p99=60.86ms  ok
      audit: consistent (690 events, 68388 seats sold)
    race     1000 seats x5        904.2 sold/s  p50= 13.080ms p99= 123.689ms  attempts/sale=9.19 errors=0  editor p99=58.24ms  ok
      audit: consistent (690 events, 73388 seats sold)
    race    10000 seats x2        902.8 sold/s  p50= 13.088ms p99= 158.620ms  attempts/sale=9.17 errors=0  editor p99=65.75ms  ok
      audit: consistent (690 events, 93388 seats sold)
    race   100000 seats x1        887.4 sold/s  p50= 13.324ms p99= 166.824ms  attempts/sale=9.05 errors=0  editor p99=67.58ms  ok, 1 timed out (53% sold)
      audit: consistent (690 events, 146634 seats sold)
  churn trial 1/1 (32 buyers per event, fresh load):
    churn      10 seats x50       510.8 sold/s  p50=  7.594ms p99=  46.932ms  attempts/sale=24.06 errors=0  editor p99=28.97ms  ok
      audit: consistent (690 events, 65888 seats sold)
    churn     100 seats x10       774.0 sold/s  p50= 11.854ms p99=  94.010ms  attempts/sale=11.47 errors=0  editor p99=62.92ms  ok
      audit: consistent (690 events, 66888 seats sold)
    churn    1000 seats x2        839.1 sold/s  p50= 12.000ms p99= 119.083ms  attempts/sale=9.72 errors=0  editor p99=67.56ms  ok
      audit: consistent (690 events, 68888 seats sold)
  wrote /results/r2_inventory_buckets.json
