  engine: PostgreSQL 17.11 (Debian 17.11-1.pgdg13+2) on x86_64-pc-linux-gnu, compiled by gcc (Debian 14.2.0-19) 14.2.0, 64-bit
  dataset: 40 bands, 690 events, 289500 seats, 65388 sold at load
  loading r3_seat_pool ...
  loaded in 0.8s (copy 0.7s, index 0.0s)
  verifying answers against ground truth ...
    40/40 checks passed; audit on load: consistent (690 events, 65388 seats sold)
  capturing plans ...
  read benchmark:
    q01_event_availability@10             21218.8 ops/s  p50=  0.173ms p99=   1.026ms  errors=0
    q01_event_availability@100            20575.9 ops/s  p50=  0.177ms p99=   0.916ms  errors=0
    q01_event_availability@1000           16778.7 ops/s  p50=  0.197ms p99=   0.853ms  errors=0
    q01_event_availability@10000           4656.0 ops/s  p50=  0.455ms p99=  68.803ms  errors=0
    q01_event_availability@100000           449.2 ops/s  p50=  3.487ms p99=  87.739ms  errors=0
    q02_band_events                        4286.4 ops/s  p50=  0.216ms p99=  70.526ms  errors=0
    q03_customer_tickets                  34265.9 ops/s  p50=  0.128ms p99=   0.554ms  errors=0
    q04_ticket_by_id                      37296.9 ops/s  p50=  0.130ms p99=   0.489ms  errors=0
    q05_band_tickets_sold                 12849.8 ops/s  p50=  0.172ms p99=   2.169ms  errors=0
  write benchmark (fresh load per op):
    book                                   3298.7 ops/s  p50=  2.200ms p99=  10.827ms  rejected=1 retries=0 errors=0
      audit after book: consistent (690 events, 89196 seats sold)
    cancel                                 4076.9 ops/s  p50=  1.899ms p99=   3.533ms  rejected=0 retries=0 errors=0
      audit after cancel: consistent (690 events, 40252 seats sold)
    publish@10                             2413.5 ops/s  p50=  1.652ms p99=   2.683ms  rejected=0 retries=0 errors=0
    publish@100                            1868.3 ops/s  p50=  2.049ms p99=   3.144ms  rejected=0 retries=0 errors=0
    publish@1000                            406.7 ops/s  p50=  7.936ms p99=  17.973ms  rejected=0 retries=0 errors=0
    publish@10000                            42.7 ops/s  p50= 44.901ms p99=  44.901ms  rejected=0 retries=0 errors=0
    publish@100000                            4.5 ops/s  p50=403.749ms p99= 403.749ms  rejected=0 retries=0 errors=0
      audit after publish: consistent (2919 events, 65388 seats sold)
  race trial 1/1 (32 buyers per event, fresh load):
    race       10 seats x100     1063.8 sold/s  p50=  5.736ms p99=  37.949ms  attempts/sale=18.39 errors=0  editor p99=33.02ms  ok
      audit: consistent (690 events, 66388 seats sold)
    race      100 seats x20      4279.5 sold/s  p50=  3.555ms p99=  42.904ms  attempts/sale=1.55 errors=0  editor p99=28.16ms  ok
      audit: consistent (690 events, 68388 seats sold)
    race     1000 seats x5       3688.9 sold/s  p50=  3.749ms p99=  62.098ms  attempts/sale=1.08 errors=0  editor p99=59.32ms  ok
      audit: consistent (690 events, 73388 seats sold)
    race    10000 seats x2       3582.0 sold/s  p50=  3.779ms p99=  63.946ms  attempts/sale=1.01 errors=0  editor p99=48.31ms  ok
      audit: consistent (690 events, 93388 seats sold)
    race   100000 seats x1       3443.8 sold/s  p50=  3.872ms p99=  65.069ms  attempts/sale=1.00 errors=0  editor p99=59.27ms  ok
      audit: consistent (690 events, 193388 seats sold)
  churn trial 1/1 (32 buyers per event, fresh load):
    churn      10 seats x50      1267.3 sold/s  p50=  5.333ms p99=   9.452ms  attempts/sale=12.48 errors=0  editor p99=6.68ms  ok
      audit: consistent (690 events, 65888 seats sold)
    churn     100 seats x10      2803.3 sold/s  p50=  3.446ms p99=  47.432ms  attempts/sale=3.09 errors=0  editor p99=36.89ms  ok
      audit: consistent (690 events, 66888 seats sold)
    churn    1000 seats x2       3793.0 sold/s  p50=  3.388ms p99=  60.774ms  attempts/sale=1.15 errors=0  editor p99=52.63ms  ok
      audit: consistent (690 events, 68888 seats sold)
  wrote /results/r3_seat_pool.json
