  engine: PostgreSQL 15.12-YB-2025.2.6.0-b0 on x86_64-pc-linux-gnu, compiled by clang version 19.1.0 (https://github.com/yugabyte/llvm-project.git a2a6b655e14e7fa1fcf1011a6cb29cb8575249c0), 64-bit
  effective isolation for READ COMMITTED requests: read committed
  dataset: 10 bands, 90 events, 26100 seats, 6880 sold at load
  loading c3_count_lock_event ...
  loaded in 4.2s (copy 0.2s, index 2.2s)
  verifying answers against ground truth ...
    38/38 checks passed; audit on load: consistent (90 events, 6880 seats sold)
  capturing plans ...
  read benchmark:
    q01_event_availability@10              2475.8 ops/s  p50=  1.047ms p99=  64.593ms  errors=0
    q01_event_availability@100             2413.1 ops/s  p50=  1.061ms p99=  67.046ms  errors=0
    q01_event_availability@1000            2179.6 ops/s  p50=  1.117ms p99=  68.224ms  errors=0
    q01_event_availability@10000           1093.1 ops/s  p50=  2.173ms p99=  73.605ms  errors=0
    q02_band_events                         531.2 ops/s  p50=  4.379ms p99=  82.183ms  errors=0
    q03_customer_tickets                   2262.7 ops/s  p50=  1.040ms p99=  69.624ms  errors=0
    q04_ticket_by_id                       3505.9 ops/s  p50=  0.681ms p99=  66.930ms  errors=0
    q05_band_tickets_sold                  1141.6 ops/s  p50=  1.690ms p99=  73.942ms  errors=0
  write benchmark (fresh load per op):
    book                                    221.2 ops/s  p50= 30.081ms p99=  90.163ms  rejected=0 retries=0 errors=0
      audit after book: consistent (90 events, 7172 seats sold)
    cancel                                  522.3 ops/s  p50=  4.425ms p99=  78.352ms  rejected=0 retries=0 errors=0
      audit after cancel: consistent (90 events, 6164 seats sold)
    publish@10                              499.9 ops/s  p50=  2.758ms p99=  69.132ms  rejected=0 retries=0 errors=0
    publish@100                             502.5 ops/s  p50=  2.653ms p99=  68.981ms  rejected=0 retries=0 errors=0
    publish@1000                            266.9 ops/s  p50=  2.171ms p99=  65.022ms  rejected=0 retries=0 errors=0
    publish@10000                           944.6 ops/s  p50=  2.065ms p99=   2.065ms  rejected=0 retries=0 errors=0
    publish@100000                          675.9 ops/s  p50=  2.511ms p99=   2.511ms  rejected=0 retries=0 errors=0
      audit after publish: consistent (2319 events, 6880 seats sold)
  race (32 buyers per event, fresh load):
    race       10 seats x20        68.6 sold/s  p50= 63.243ms p99= 586.445ms  attempts/sale=1.00 errors=0  editor p99=498.30ms  ok
      audit: consistent (90 events, 7080 seats sold)
    race      100 seats x4        107.1 sold/s  p50=281.338ms p99= 415.634ms  attempts/sale=1.00 errors=0  editor p99=322.18ms  ok
      audit: consistent (90 events, 7480 seats sold)
    race     1000 seats x1        101.1 sold/s  p50=295.235ms p99= 482.307ms  attempts/sale=1.00 errors=0  editor p99=425.75ms  ok
      audit: consistent (90 events, 8480 seats sold)
    race    10000 seats x1         92.5 sold/s  p50=328.823ms p99= 563.273ms  attempts/sale=1.00 errors=0  editor p99=565.58ms  ok, 1 timed out (56% sold)
      audit: consistent (90 events, 14044 seats sold)
  churn (32 buyers per event, fresh load):
    churn      10 seats x10        84.9 sold/s  p50= 65.698ms p99= 305.201ms  attempts/sale=1.00 errors=0  editor p99=223.98ms  ok
      audit: consistent (90 events, 6980 seats sold)
    churn     100 seats x2        117.1 sold/s  p50=261.777ms p99= 317.244ms  attempts/sale=1.00 errors=0  editor p99=291.62ms  ok
      audit: consistent (90 events, 7180 seats sold)
    churn    1000 seats x1        101.6 sold/s  p50=301.629ms p99= 481.564ms  attempts/sale=1.00 errors=0  editor p99=420.75ms  ok
      audit: consistent (90 events, 8180 seats sold)
  wrote /results/c3_count_lock_event.json
