  engine: PostgreSQL 15.12-YB-2025.2.6.0-b0 on x86_64-pc-linux-gnu, compiled by clang version 19.1.0 (https://github.com/yugabyte/llvm-project.git a2a6b655e14e7fa1fcf1011a6cb29cb8575249c0), 64-bit
  effective isolation for READ COMMITTED requests: read committed
  dataset: 10 bands, 90 events, 26100 seats, 6880 sold at load
  loading c4_counter_guard ...
  loaded in 4.8s (copy 0.4s, index 2.3s)
  verifying answers against ground truth ...
    38/38 checks passed; audit on load: consistent (90 events, 6880 seats sold)
  capturing plans ...
  read benchmark:
    q01_event_availability@10              4441.8 ops/s  p50=  0.584ms p99=  64.361ms  errors=0
    q01_event_availability@100             3730.0 ops/s  p50=  0.710ms p99=  61.335ms  errors=0
    q01_event_availability@1000            3396.6 ops/s  p50=  0.667ms p99=  64.637ms  errors=0
    q01_event_availability@10000           4615.3 ops/s  p50=  0.558ms p99=  65.199ms  errors=0
    q02_band_events                        3972.2 ops/s  p50=  0.640ms p99=  65.827ms  errors=0
    q03_customer_tickets                   2392.0 ops/s  p50=  0.990ms p99=  70.225ms  errors=0
    q04_ticket_by_id                       3761.4 ops/s  p50=  0.620ms p99=  67.949ms  errors=0
    q05_band_tickets_sold                  3844.1 ops/s  p50=  0.629ms p99=  66.993ms  errors=0
  write benchmark (fresh load per op):
    book                                    103.8 ops/s  p50=  9.141ms p99= 389.806ms  rejected=0 retries=0 errors=0
      audit after book: consistent (90 events, 7042 seats sold)
    cancel                                   70.4 ops/s  p50= 46.781ms p99= 434.993ms  rejected=0 retries=0 errors=0
      audit after cancel: consistent (90 events, 6773 seats sold)
    publish@10                              434.7 ops/s  p50=  3.212ms p99=  68.637ms  rejected=0 retries=0 errors=0
    publish@100                             493.7 ops/s  p50=  2.924ms p99=  67.699ms  rejected=0 retries=0 errors=0
    publish@1000                            249.9 ops/s  p50=  3.054ms p99=  67.053ms  rejected=0 retries=0 errors=0
    publish@10000                          1034.9 ops/s  p50=  1.843ms p99=   1.843ms  rejected=0 retries=0 errors=0
    publish@100000                          858.9 ops/s  p50=  2.200ms p99=   2.200ms  rejected=0 retries=0 errors=0
      audit after publish: consistent (2319 events, 6880 seats sold)
  race (32 buyers per event, fresh load):
    race       10 seats x20        18.0 sold/s  p50=180.095ms p99=1342.063ms  attempts/sale=1.00 errors=0  editor p99=677.62ms  ok
      audit: consistent (90 events, 7080 seats sold)
    race      100 seats x4         17.0 sold/s  p50=1727.683ms p99=3237.405ms  attempts/sale=1.00 errors=0  editor p99=1504.65ms  ok
      audit: consistent (90 events, 7480 seats sold)
    race     1000 seats x1         16.3 sold/s  p50=2513.105ms p99=3108.485ms  attempts/sale=1.00 errors=0  editor p99=2460.73ms  ok, 1 timed out (100% sold)
      audit: consistent (90 events, 8480 seats sold)
