  engine: PostgreSQL 15.12-YB-2025.2.6.0-b0 on x86_64-pc-linux-gnu, compiled by clang version 19.1.0 (https://github.com/yugabyte/llvm-project.git a2a6b655e14e7fa1fcf1011a6cb29cb8575249c0), 64-bit
  effective isolation for READ COMMITTED requests: read committed
  dataset: 10 bands, 90 events, 26100 seats, 6880 sold at load
  loading p1_precreated_lock_first ...
  loaded in 24.9s (copy 0.4s, index 23.3s)
  verifying answers against ground truth ...
    38/38 checks passed; audit on load: consistent (90 events, 6880 seats sold)
  capturing plans ...
  read benchmark:
    q01_event_availability@10              4929.8 ops/s  p50=  0.544ms p99=  65.176ms  errors=0
    q01_event_availability@100             4649.2 ops/s  p50=  0.557ms p99=  65.906ms  errors=0
    q01_event_availability@1000            3403.8 ops/s  p50=  0.726ms p99=  68.463ms  errors=0
    q01_event_availability@10000           1290.0 ops/s  p50=  1.531ms p99=  75.042ms  errors=0
    q02_band_events                         658.9 ops/s  p50=  3.517ms p99=  81.663ms  errors=0
    q03_customer_tickets                   2932.3 ops/s  p50=  0.877ms p99=  67.597ms  errors=0
    q04_ticket_by_id                       5129.8 ops/s  p50=  0.516ms p99=  64.731ms  errors=0
    q05_band_tickets_sold                   173.7 ops/s  p50=  5.821ms p99= 205.485ms  errors=0
  write benchmark (fresh load per op):
    book                                    167.4 ops/s  p50=  4.694ms p99= 347.134ms  rejected=0 retries=0 errors=0
      audit after book: consistent (90 events, 7099 seats sold)
    cancel                                  546.9 ops/s  p50=  4.076ms p99=  80.540ms  rejected=0 retries=0 errors=0
      audit after cancel: consistent (90 events, 6159 seats sold)
    publish@10                              287.5 ops/s  p50=  4.346ms p99=  77.188ms  rejected=0 retries=0 errors=0
    publish@100                             176.0 ops/s  p50=  8.463ms p99=  76.986ms  rejected=0 retries=0 errors=0
    publish@1000                             37.8 ops/s  p50=103.934ms p99= 136.902ms  rejected=0 retries=0 errors=0
    publish@10000                             3.2 ops/s  p50=600.765ms p99= 600.765ms  rejected=0 retries=0 errors=0
    publish@100000                            0.2 ops/s  p50=8312.432ms p99=8312.432ms  rejected=0 retries=0 errors=0
      audit after publish: consistent (2319 events, 6880 seats sold)
  race (32 buyers per event, fresh load):
    race       10 seats x20        35.4 sold/s  p50= 82.070ms p99= 372.742ms  attempts/sale=1.00 errors=0  editor p99=159.64ms  ok
      audit: consistent (90 events, 7080 seats sold)
    race      100 seats x4         31.0 sold/s  p50=400.635ms p99=3164.518ms  attempts/sale=1.09 errors=0  editor p99=86.63ms  ok
      audit: consistent (90 events, 7480 seats sold)
    race     1000 seats x1         28.1 sold/s  p50=688.380ms p99=5353.285ms  attempts/sale=1.15 errors=0  editor p99=83.57ms  ok
      audit: consistent (90 events, 8480 seats sold)
    race    10000 seats x1         26.5 sold/s  p50=888.053ms p99=5490.258ms  attempts/sale=1.13 errors=0  editor p99=88.39ms  ok, 1 timed out (16% sold)
      audit: consistent (90 events, 10094 seats sold)
  churn (32 buyers per event, fresh load):
    churn      10 seats x10        37.2 sold/s  p50= 84.944ms p99= 465.064ms  attempts/sale=1.00 errors=0  editor p99=177.03ms  ok
      audit: consistent (90 events, 6980 seats sold)
    churn     100 seats x2         31.7 sold/s  p50=408.386ms p99=2883.430ms  attempts/sale=1.10 errors=0  editor p99=82.65ms  ok
      audit: consistent (90 events, 7180 seats sold)
    churn    1000 seats x1         27.6 sold/s  p50=796.206ms p99=5087.075ms  attempts/sale=1.12 errors=0  editor p99=85.58ms  ok
      audit: consistent (90 events, 8180 seats sold)
  wrote /results/p1_precreated_lock_first.json
