  engine: PostgreSQL 15.12-YB-2025.2.6.0-b0 on x86_64-pc-linux-gnu, compiled by clang version 19.1.0 (https://github.com/yugabyte/llvm-project.git a2a6b655e14e7fa1fcf1011a6cb29cb8575249c0), 64-bit
  effective isolation for READ COMMITTED requests: read committed
  dataset: 10 bands, 90 events, 26100 seats, 6880 sold at load
  loading p2_precreated_skip_locked ...
  loaded in 5.3s (copy 0.3s, index 3.4s)
  verifying answers against ground truth ...
    38/38 checks passed; audit on load: consistent (90 events, 6880 seats sold)
  capturing plans ...
  read benchmark:
    q01_event_availability@10              4879.3 ops/s  p50=  0.545ms p99=  65.534ms  errors=0
    q01_event_availability@100             4398.3 ops/s  p50=  0.574ms p99=  66.668ms  errors=0
    q01_event_availability@1000            3224.4 ops/s  p50=  0.729ms p99=  68.791ms  errors=0
    q01_event_availability@10000           1409.7 ops/s  p50=  1.557ms p99=  74.117ms  errors=0
    q02_band_events                         439.5 ops/s  p50=  4.233ms p99=  91.323ms  errors=0
    q03_customer_tickets                   2406.3 ops/s  p50=  0.988ms p99=  69.642ms  errors=0
    q04_ticket_by_id                       5043.5 ops/s  p50=  0.520ms p99=  65.371ms  errors=0
    q05_band_tickets_sold                   161.6 ops/s  p50=  5.769ms p99= 286.493ms  errors=0
  write benchmark (fresh load per op):
    book                                    160.8 ops/s  p50= 20.442ms p99= 164.769ms  rejected=0 retries=0 errors=0
      audit after book: consistent (90 events, 7114 seats sold)
    cancel                                  479.2 ops/s  p50=  4.233ms p99=  81.339ms  rejected=0 retries=0 errors=0
      audit after cancel: consistent (90 events, 6226 seats sold)
    publish@10                              261.0 ops/s  p50=  4.772ms p99=  77.366ms  rejected=0 retries=0 errors=0
    publish@100                             165.7 ops/s  p50=  8.497ms p99=  78.825ms  rejected=0 retries=0 errors=0
    publish@1000                             29.3 ops/s  p50=121.794ms p99= 196.238ms  rejected=0 retries=0 errors=0
    publish@10000                             3.0 ops/s  p50=656.593ms p99= 656.593ms  rejected=0 retries=0 errors=0
    publish@100000                            0.2 ops/s  p50=9365.578ms p99=9365.578ms  rejected=0 retries=0 errors=0
      audit after publish: consistent (2319 events, 6880 seats sold)
  race (32 buyers per event, fresh load):
    race       10 seats x20        57.1 sold/s  p50= 81.703ms p99= 314.991ms  attempts/sale=2.95 errors=0  editor p99=289.96ms  ok
      audit: consistent (90 events, 7080 seats sold)
    race      100 seats x4         85.1 sold/s  p50=248.979ms p99= 892.115ms  attempts/sale=1.02 errors=0  editor p99=88.95ms  ok
      audit: consistent (90 events, 7480 seats sold)
    race     1000 seats x1         78.9 sold/s  p50=385.431ms p99= 996.135ms  attempts/sale=1.00 errors=0  editor p99=93.34ms  ok
      audit: consistent (90 events, 8480 seats sold)
    race    10000 seats x1         60.6 sold/s  p50=497.344ms p99=1286.016ms  attempts/sale=1.00 errors=0  editor p99=102.55ms  ok, 1 timed out (37% sold)
      audit: consistent (90 events, 12139 seats sold)
  churn (32 buyers per event, fresh load):
    churn      10 seats x10        59.3 sold/s  p50= 78.695ms p99= 316.328ms  attempts/sale=2.73 errors=0  editor p99=158.85ms  ok
      audit: consistent (90 events, 6980 seats sold)
    churn     100 seats x2         86.3 sold/s  p50=286.985ms p99= 693.372ms  attempts/sale=1.13 errors=0  editor p99=89.23ms  ok
      audit: consistent (90 events, 7180 seats sold)
    churn    1000 seats x1         77.1 sold/s  p50=395.128ms p99= 992.356ms  attempts/sale=1.00 errors=0  editor p99=95.09ms  ok
      audit: consistent (90 events, 8180 seats sold)
  wrote /results/p2_precreated_skip_locked.json
