  engine: PostgreSQL 15.12-YB-2025.2.6.0-b0 on x86_64-pc-linux-gnu, compiled by clang version 19.1.0 (https://github.com/yugabyte/llvm-project.git a2a6b655e14e7fa1fcf1011a6cb29cb8575249c0), 64-bit
  effective isolation for READ COMMITTED requests: read committed
  dataset: 10 bands, 90 events, 26100 seats, 6880 sold at load
  loading p3_precreated_cas ...
  loaded in 4.9s (copy 0.4s, index 2.9s)
  verifying answers against ground truth ...
    38/38 checks passed; audit on load: consistent (90 events, 6880 seats sold)
  capturing plans ...
  read benchmark:
    q01_event_availability@10              4842.6 ops/s  p50=  0.550ms p99=  64.409ms  errors=0
    q01_event_availability@100             4219.0 ops/s  p50=  0.566ms p99=  66.213ms  errors=0
    q01_event_availability@1000            3133.6 ops/s  p50=  0.748ms p99=  68.598ms  errors=0
    q01_event_availability@10000           1135.1 ops/s  p50=  1.666ms p99=  76.731ms  errors=0
    q02_band_events                         477.5 ops/s  p50=  3.988ms p99=  88.895ms  errors=0
    q03_customer_tickets                   2102.8 ops/s  p50=  1.079ms p99=  70.709ms  errors=0
    q04_ticket_by_id                       3885.2 ops/s  p50=  0.596ms p99=  68.200ms  errors=0
    q05_band_tickets_sold                   188.9 ops/s  p50=  4.256ms p99= 202.579ms  errors=0
  write benchmark (fresh load per op):
    book                                    315.2 ops/s  p50=  5.466ms p99= 127.922ms  rejected=0 retries=154 errors=0
      audit after book: consistent (90 events, 7272 seats sold)
    cancel                                  451.5 ops/s  p50=  4.661ms p99=  82.945ms  rejected=0 retries=0 errors=0
      audit after cancel: consistent (90 events, 6269 seats sold)
    publish@10                              291.9 ops/s  p50=  4.274ms p99=  74.914ms  rejected=0 retries=0 errors=0
    publish@100                             153.2 ops/s  p50=  9.005ms p99=  85.127ms  rejected=0 retries=0 errors=0
    publish@1000                             32.8 ops/s  p50=104.444ms p99= 181.454ms  rejected=0 retries=0 errors=0
    publish@10000                             2.9 ops/s  p50=596.703ms p99= 596.703ms  rejected=0 retries=0 errors=0
    publish@100000                            0.2 ops/s  p50=8361.836ms p99=8361.836ms  rejected=0 retries=0 errors=0
      audit after publish: consistent (2319 events, 6880 seats sold)
  race (32 buyers per event, fresh load):
    race       10 seats x20        88.2 sold/s  p50= 46.720ms p99= 417.129ms  attempts/sale=4.67 errors=0  editor p99=154.41ms  ok
      audit: consistent (90 events, 7080 seats sold)
    race      100 seats x4        254.6 sold/s  p50= 67.725ms p99= 280.985ms  attempts/sale=1.94 errors=0  editor p99=222.04ms  ok
      audit: consistent (90 events, 7480 seats sold)
    race     1000 seats x1        299.9 sold/s  p50= 93.926ms p99= 297.887ms  attempts/sale=1.27 errors=0  editor p99=97.35ms  ok
      audit: consistent (90 events, 8480 seats sold)
    race    10000 seats x1        317.5 sold/s  p50= 93.662ms p99= 319.721ms  attempts/sale=1.09 errors=0  editor p99=191.43ms  ok
      audit: consistent (90 events, 18480 seats sold)
  churn (32 buyers per event, fresh load):
    churn      10 seats x10        85.3 sold/s  p50= 24.729ms p99= 328.460ms  attempts/sale=4.73 errors=0  editor p99=104.64ms  ok
      audit: consistent (90 events, 6980 seats sold)
    churn     100 seats x2        234.6 sold/s  p50= 63.691ms p99= 289.162ms  attempts/sale=2.10 errors=0  editor p99=97.60ms  ok
      audit: consistent (90 events, 7180 seats sold)
    churn    1000 seats x1        275.1 sold/s  p50= 93.598ms p99= 383.377ms  attempts/sale=1.36 errors=0  editor p99=94.95ms  ok
      audit: consistent (90 events, 8180 seats sold)
  wrote /results/p3_precreated_cas.json
