  engine: PostgreSQL 15.12-YB-2025.2.6.0-b0 on x86_64-pc-linux-gnu, compiled by clang version 19.1.0 (https://github.com/yugabyte/llvm-project.git a2a6b655e14e7fa1fcf1011a6cb29cb8575249c0), 64-bit
  effective isolation for READ COMMITTED requests: read committed
  dataset: 10 bands, 90 events, 26100 seats, 6880 sold at load
  loading p4_precreated_counter ...
  loaded in 5.5s (copy 0.4s, index 3.4s)
  verifying answers against ground truth ...
    38/38 checks passed; audit on load: consistent (90 events, 6880 seats sold)
  capturing plans ...
  read benchmark:
    q01_event_availability@10              3952.1 ops/s  p50=  0.648ms p99=  61.804ms  errors=0
    q01_event_availability@100             4424.0 ops/s  p50=  0.588ms p99=  65.317ms  errors=0
    q01_event_availability@1000            4114.6 ops/s  p50=  0.583ms p99=  65.355ms  errors=0
    q01_event_availability@10000           3389.2 ops/s  p50=  0.666ms p99=  67.112ms  errors=0
    q02_band_events                        3036.4 ops/s  p50=  0.743ms p99=  68.344ms  errors=0
    q03_customer_tickets                   2096.3 ops/s  p50=  1.120ms p99=  69.650ms  errors=0
    q04_ticket_by_id                       3979.2 ops/s  p50=  0.628ms p99=  66.421ms  errors=0
    q05_band_tickets_sold                  4373.6 ops/s  p50=  0.595ms p99=  65.846ms  errors=0
  write benchmark (fresh load per op):
    book                                    104.7 ops/s  p50= 24.982ms p99= 377.014ms  rejected=0 retries=0 errors=0
      audit after book: consistent (90 events, 7019 seats sold)
    cancel                                   56.8 ops/s  p50= 94.041ms p99= 446.638ms  rejected=0 retries=0 errors=0
      audit after cancel: consistent (90 events, 6790 seats sold)
    publish@10                              185.1 ops/s  p50=  7.103ms p99=  83.547ms  rejected=0 retries=0 errors=0
    publish@100                             158.1 ops/s  p50=  8.465ms p99=  77.972ms  rejected=0 retries=0 errors=0
    publish@1000                             33.6 ops/s  p50=104.878ms p99= 185.896ms  rejected=0 retries=0 errors=0
    publish@10000                             2.7 ops/s  p50=648.055ms p99= 648.055ms  rejected=0 retries=0 errors=0
    publish@100000                            0.2 ops/s  p50=8188.634ms p99=8188.634ms  rejected=0 retries=0 errors=0
      audit after publish: consistent (2319 events, 6880 seats sold)
  race (32 buyers per event, fresh load):
    race       10 seats x20        17.2 sold/s  p50=213.255ms p99=1002.549ms  attempts/sale=10.01 errors=0  editor p99=216.51ms  ok
      audit: consistent (90 events, 7080 seats sold)
    race      100 seats x4         17.6 sold/s  p50=1681.348ms p99=2874.879ms  attempts/sale=2.81 errors=0  editor p99=1667.59ms  ok
      audit: consistent (90 events, 7480 seats sold)
    race     1000 seats x1         17.4 sold/s  p50=2011.606ms p99=2608.078ms  attempts/sale=1.09 errors=0  editor p99=2112.98ms  ok
      audit: consistent (90 events, 8480 seats sold)
    race    10000 seats x1         17.5 sold/s  p50=2028.000ms p99=2618.160ms  attempts/sale=1.00 errors=0  editor p99=1807.30ms  ok, 1 timed out (11% sold)
      audit: consistent (90 events, 9549 seats sold)
  churn (32 buyers per event, fresh load):
    churn      10 seats x10        15.4 sold/s  p50=295.492ms p99=1118.208ms  attempts/sale=10.45 errors=0  editor p99=269.65ms  ok
      audit: consistent (90 events, 6980 seats sold)
    churn     100 seats x2         16.7 sold/s  p50=1710.515ms p99=2715.248ms  attempts/sale=2.50 errors=0  editor p99=1106.35ms  ok
      audit: consistent (90 events, 7180 seats sold)
    churn    1000 seats x1         15.5 sold/s  p50=2104.876ms p99=2706.436ms  attempts/sale=1.00 errors=0  editor p99=2112.44ms  ok, 1 timed out (87% sold)
      audit: consistent (90 events, 8046 seats sold)
  wrote /results/p4_precreated_counter.json
