  engine: PostgreSQL 15.12-YB-2025.2.6.0-b0 on x86_64-pc-linux-gnu, compiled by clang version 19.1.0 (https://github.com/yugabyte/llvm-project.git a2a6b655e14e7fa1fcf1011a6cb29cb8575249c0), 64-bit
  effective isolation for READ COMMITTED requests: read committed
  database clock minus client clock: 0.005 ms
  dataset: 5 venues, 84 events, 5741 tickets and 165 holds at load
  loading s1_conditional_update ...
  loaded in 28.3s (copy 5.8s, index 17.5s)
  verifying answers against ground truth ...
    51/51 checks passed (margin 576s); audit on load: consistent (84 events, 5741 tickets; rejections late=0 boundary=0)
  capturing plans ...
  race trial 1/8 (32 buyers per event, fresh load):
      race event 77: gate 2026-09-14T17:16:11.164933565Z, deadline 2026-09-14T17:16:31.164933565Z
    race  10000 seats x1         22.2 seats/s  conflicts/hold=0.26 reads/hold=1.32  hold p50=216.95ms p99=2318.75ms  deferred 21/21 ok  errors=271  ok, 1 timed out (5% sold)
      audit: consistent (1 events, 457 tickets; rejections late=0 boundary=0)
      first error: ERROR: Restart read required (yb_max_query_layer_retries set to 0 are exhausted) (SQLSTATE 40001)
  race trial 2/8 (32 buyers per event, fresh load):
      race event 77: gate 2026-09-14T17:16:57.596709408Z, deadline 2026-09-14T17:17:17.596709408Z
    race  10000 seats x1         31.1 seats/s  conflicts/hold=0.26 reads/hold=1.28  hold p50=203.04ms p99=731.16ms  deferred 27/27 ok  errors=414  ok, 1 timed out (6% sold)
      audit: consistent (1 events, 636 tickets; rejections late=0 boundary=0)
      first error: ERROR: Restart read required (yb_max_query_layer_retries set to 0 are exhausted) (SQLSTATE 40001)
  race trial 3/8 (32 buyers per event, fresh load):
      race event 77: gate 2026-09-14T17:17:45.258278423Z, deadline 2026-09-14T17:18:05.258278423Z
    race  10000 seats x1         27.2 seats/s  conflicts/hold=0.24 reads/hold=1.24  hold p50=280.09ms p99=711.44ms  deferred 28/28 ok  errors=336  ok, 1 timed out (6% sold)
      audit: consistent (1 events, 561 tickets; rejections late=0 boundary=0)
      first error: ERROR: Restart read required (yb_max_query_layer_retries set to 0 are exhausted) (SQLSTATE 40001)
  race trial 4/8 (32 buyers per event, fresh load):
      race event 77: gate 2026-09-14T17:18:34.34448677Z, deadline 2026-09-14T17:18:54.34448677Z
    race  10000 seats x1         30.2 seats/s  conflicts/hold=0.26 reads/hold=1.26  hold p50=234.37ms p99=892.50ms  deferred 33/33 ok  errors=385  VIOLATIONS, 1 timed out (6% sold)
      audit: VIOLATIONS — thefts 0, grants on sold seats 0, double sales 0, sales without the hold 0, late sales 0, early rejections 1, duplicate seats 0, inventory drift 0, invalid seats 0, partial holds 0, ticket mismatches 0
      first error: ERROR: Restart read required (yb_max_query_layer_retries set to 0 are exhausted) (SQLSTATE 40001)
  race trial 5/8 (32 buyers per event, fresh load):
      race event 77: gate 2026-09-14T17:19:18.843720545Z, deadline 2026-09-14T17:19:38.843720545Z
    race  10000 seats x1         23.0 seats/s  conflicts/hold=0.29 reads/hold=1.29  hold p50=302.93ms p99=720.67ms  deferred 24/24 ok  errors=275  ok, 1 timed out (5% sold)
      audit: consistent (1 events, 479 tickets; rejections late=0 boundary=0)
      first error: ERROR: Restart read required (yb_max_query_layer_retries set to 0 are exhausted) (SQLSTATE 40001)
  race trial 6/8 (32 buyers per event, fresh load):
      race event 77: gate 2026-09-14T17:20:03.98922886Z, deadline 2026-09-14T17:20:23.98922886Z
    race  10000 seats x1         24.0 seats/s  conflicts/hold=0.21 reads/hold=1.21  hold p50=301.59ms p99=784.71ms  deferred 22/22 ok  errors=270  ok, 1 timed out (5% sold)
      audit: consistent (1 events, 495 tickets; rejections late=0 boundary=0)
      first error: ERROR: Restart read required (yb_max_query_layer_retries set to 0 are exhausted) (SQLSTATE 40001)
  race trial 7/8 (32 buyers per event, fresh load):
      race event 77: gate 2026-09-14T17:20:51.276676158Z, deadline 2026-09-14T17:21:11.276676158Z
    race  10000 seats x1         24.2 seats/s  conflicts/hold=0.39 reads/hold=1.39  hold p50=301.23ms p99=704.84ms  deferred 22/22 ok  errors=242  ok, 1 timed out (5% sold)
      audit: consistent (1 events, 499 tickets; rejections late=0 boundary=0)
      first error: ERROR: Restart read required (yb_max_query_layer_retries set to 0 are exhausted) (SQLSTATE 40001)
  race trial 8/8 (32 buyers per event, fresh load):
      race event 77: gate 2026-09-14T17:21:35.666652632Z, deadline 2026-09-14T17:21:55.666652632Z
    race  10000 seats x1         22.1 seats/s  conflicts/hold=0.25 reads/hold=1.27  hold p50=299.23ms p99=702.79ms  deferred 22/22 ok  errors=327  ok, 1 timed out (5% sold)
      audit: consistent (1 events, 453 tickets; rejections late=0 boundary=0)
      first error: ERROR: Restart read required (yb_max_query_layer_retries set to 0 are exhausted) (SQLSTATE 40001)
  wrote /results/s1_conditional_update.json
