panic: invalid argument to Intn

goroutine 55 [running]:
math/rand.(*Rand).Intn(0x1464b88944b8?, 0x424c3e?)
	math/rand/rand.go:180 +0x4c
main.(*cell).instIdx(0x0?, 0x0?)
	cacheconsistency/harness/workload.go:97 +0x39
main.(*cell).runWarm.(*cell).readOp.func2({0x98ce50, 0xdc9940}, 0x1464b87a4a50)
	cacheconsistency/harness/workload.go:103 +0x49
adsplatform/core/measure.Run.func1.1(0x18d75b8128fcbf23)
	adsplatform@v0.0.0/core/measure/loop.go:144 +0x30e
created by adsplatform/core/measure.Run.func1 in goroutine 1
	adsplatform@v0.0.0/core/measure/loop.go:130 +0x277
panic: invalid argument to Intn

goroutine 57 [running]:
math/rand.(*Rand).Intn(0x0?, 0x0?)
	math/rand/rand.go:180 +0x4c
main.(*cell).instIdx(0x0?, 0x0?)
	cacheconsistency/harness/workload.go:97 +0x39
main.(*cell).runWarm.(*cell).readOp.func2({0x98ce50, 0xdc9940}, 0x1464b88124b0)
	cacheconsistency/harness/workload.go:103 +0x49
adsplatform/core/measure.Run.func1.1(0x18d75b8128fd0164)
	adsplatform@v0.0.0/core/measure/loop.go:144 +0x30e
created by adsplatform/core/measure.Run.func1 in goroutine 1
	adsplatform@v0.0.0/core/measure/loop.go:130 +0x277
panic: invalid argument to Intn

goroutine 59 [running]:
math/rand.(*Rand).Intn(0x0?, 0x0?)
	math/rand/rand.go:180 +0x4c
main.(*cell).instIdx(0x0?, 0x0?)
	cacheconsistency/harness/workload.go:97 +0x39
main.(*cell).runWarm.(*cell).readOp.func2({0x98ce50, 0xdc9940}, 0x1464b89531a0)
	cacheconsistency/harness/workload.go:103 +0x49
adsplatform/core/measure.Run.func1.1(0x18d75b8128fd42b9)
	adsplatform@v0.0.0/core/measure/loop.go:144 +0x30e
created by adsplatform/core/measure.Run.func1 in goroutine 1
	adsplatform@v0.0.0/core/measure/loop.go:130 +0x277
