panic: invalid argument to Intn

goroutine 57 [running]:
math/rand.(*Rand).Intn(0x0?, 0x0?)
	math/rand/rand.go:180 +0x4c
main.(*cell).instIdx(0x0?, 0x0?)
	cacheconsistency/harness/workload.go:97 +0x39
main.(*cell).runWarm.(*cell).readOp.func2({0x98e110, 0xdca940}, 0x145e779df7a0)
	cacheconsistency/harness/workload.go:103 +0x49
adsplatform/core/measure.Run.func1.1(0x18d75c3788829685)
	adsplatform@v0.0.0/core/measure/loop.go:144 +0x30e
created by adsplatform/core/measure.Run.func1 in goroutine 1
	adsplatform@v0.0.0/core/measure/loop.go:130 +0x277
panic: invalid argument to Intn

goroutine 64 [running]:
math/rand.(*Rand).Intn(0x0?, 0x0?)
	math/rand/rand.go:180 +0x4c
main.(*cell).instIdx(0x0?, 0x0?)
	cacheconsistency/harness/workload.go:97 +0x39
main.(*cell).runWarm.(*cell).readOp.func2({0x98e110, 0xdca940}, 0x145e77c48ff0)
	cacheconsistency/harness/workload.go:103 +0x49
adsplatform/core/measure.Run.func1.1(0x18d75c3788851a55)
	adsplatform@v0.0.0/core/measure/loop.go:144 +0x30e
created by adsplatform/core/measure.Run.func1 in goroutine 1
	adsplatform@v0.0.0/core/measure/loop.go:130 +0x277
