The files belonging to this database system will be owned by user "postgres".
initdb: warning: enabling "trust" authentication for local connections
This user must also own the server process.

The database cluster will be initialized with locale "en_US.utf8".
The default database encoding has accordingly been set to "UTF8".
The default text search configuration will be set to "english".

Data page checksums are disabled.

fixing permissions on existing directory /var/lib/postgresql/data/pgdata ... ok
creating subdirectories ... ok
selecting dynamic shared memory implementation ... posix
selecting default "max_connections" ... 100
selecting default "shared_buffers" ... 128MB
selecting default time zone ... Etc/UTC
creating configuration files ... ok
running bootstrap script ... ok
performing post-bootstrap initialization ... ok
syncing data to disk ... ok


Success. You can now start the database server using:
initdb: hint: You can change this by editing pg_hba.conf or using the option -A, or --auth-local and --auth-host, the next time you run initdb.

    pg_ctl -D /var/lib/postgresql/data/pgdata -l logfile start

waiting for server to start....2026-09-21 13:57:48.049 UTC [47] LOG:  starting PostgreSQL 17.11 (Debian 17.11-1.pgdg13+2) on x86_64-pc-linux-gnu, compiled by gcc (Debian 14.2.0-19) 14.2.0, 64-bit
2026-09-21 13:57:48.869 UTC [1] LOG:  starting PostgreSQL 17.11 (Debian 17.11-1.pgdg13+2) on x86_64-pc-linux-gnu, compiled by gcc (Debian 14.2.0-19) 14.2.0, 64-bit
2026-09-21 13:57:48.053 UTC [47] LOG:  listening on Unix socket "/var/run/postgresql/.s.PGSQL.5432"
2026-09-21 13:57:48.070 UTC [50] LOG:  database system was shut down at 2026-09-21 13:57:47 UTC
2026-09-21 13:57:48.127 UTC [47] LOG:  database system is ready to accept connections
2026-09-21 13:57:48.869 UTC [1] LOG:  listening on IPv4 address "0.0.0.0", port 5432
2026-09-21 13:57:48.869 UTC [1] LOG:  listening on IPv6 address "::", port 5432
2026-09-21 13:57:48.879 UTC [1] LOG:  listening on Unix socket "/var/run/postgresql/.s.PGSQL.5432"
2026-09-21 13:57:48.892 UTC [63] LOG:  database system was shut down at 2026-09-21 13:57:48 UTC
2026-09-21 13:57:48.922 UTC [1] LOG:  database system is ready to accept connections
2026-09-21 13:58:06.556 UTC [76] ERROR:  duplicate key value violates unique constraint "donation_pkey"
 done
2026-09-21 13:58:06.556 UTC [76] DETAIL:  Key (donation_id)=(949) already exists.
server started
2026-09-21 13:58:06.556 UTC [76] STATEMENT:  INSERT INTO donation (donation_id, person_id, charity_id, amount_cents, currency, donated_at, note)
	VALUES ($1, $2, $3, $4, $5, $6, $7)
2026-09-21 13:58:43.469 UTC [114] ERROR:  duplicate key value violates unique constraint "donation_pkey"
CREATE DATABASE


/usr/local/bin/docker-entrypoint.sh: ignoring /docker-entrypoint-initdb.d/*

waiting for server to shut down...2026-09-21 13:57:48.367 UTC [47] LOG:  received fast shutdown request
.2026-09-21 13:57:48.371 UTC [47] LOG:  aborting any active transactions
2026-09-21 13:57:48.373 UTC [47] LOG:  background worker "logical replication launcher" (PID 53) exited with exit code 1
2026-09-21 13:58:43.469 UTC [114] DETAIL:  Key (donation_id)=(650) already exists.
2026-09-21 13:58:43.469 UTC [114] STATEMENT:  INSERT INTO donation (donation_id, person_id, charity_id, amount_cents, currency, donated_at, note)
	VALUES ($1, $2, $3, $4, $5, $6, $7)
2026-09-21 13:57:48.374 UTC [48] LOG:  shutting down
2026-09-21 13:57:48.398 UTC [48] LOG:  checkpoint starting: shutdown immediate
2026-09-21 13:57:48.737 UTC [48] LOG:  checkpoint complete: wrote 925 buffers (0.9%); 0 WAL file(s) added, 0 removed, 0 recycled; write=0.030 s, sync=0.273 s, total=0.363 s; sync files=301, longest=0.006 s, average=0.001 s; distance=4256 kB, estimate=4256 kB; lsn=0/19179D8, redo lsn=0/19179D8
2026-09-21 13:57:48.754 UTC [47] LOG:  database system is shut down
 done
server stopped

PostgreSQL init process complete; ready for start up.

2026-09-21 13:58:58.604 UTC [118] ERROR:  duplicate key value violates unique constraint "donation_pkey"
2026-09-21 13:58:58.604 UTC [118] DETAIL:  Key (donation_id)=(3) already exists.
2026-09-21 13:58:58.604 UTC [118] STATEMENT:  INSERT INTO donation (donation_id, person_id, charity_id, amount_cents, currency, donated_at, note)
	VALUES ($1, $2, $3, $4, $5, $6, $7)
2026-09-21 13:59:10.141 UTC [139] ERROR:  duplicate key value violates unique constraint "donation_pkey"
2026-09-21 13:59:10.141 UTC [139] DETAIL:  Key (donation_id)=(864) already exists.
2026-09-21 13:59:10.141 UTC [139] STATEMENT:  INSERT INTO donation (donation_id, person_id, charity_id, amount_cents, currency, donated_at, note)
	VALUES ($1, $2, $3, $4, $5, $6, $7)
2026-09-21 13:59:32.540 UTC [186] ERROR:  duplicate key value violates unique constraint "donation_pkey"
2026-09-21 13:59:32.540 UTC [186] DETAIL:  Key (donation_id)=(409) already exists.
2026-09-21 13:59:32.540 UTC [186] STATEMENT:  INSERT INTO donation (donation_id, person_id, charity_id, amount_cents, currency, donated_at, note)
	VALUES ($1, $2, $3, $4, $5, $6, $7)
2026-09-21 13:59:43.269 UTC [190] ERROR:  duplicate key value violates unique constraint "donation_pkey"
2026-09-21 13:59:43.269 UTC [190] DETAIL:  Key (donation_id)=(835) already exists.
2026-09-21 13:59:43.269 UTC [190] STATEMENT:  INSERT INTO donation (donation_id, person_id, charity_id, amount_cents, currency, donated_at, note)
	VALUES ($1, $2, $3, $4, $5, $6, $7)
2026-09-21 13:59:55.016 UTC [218] ERROR:  duplicate key value violates unique constraint "donation_pkey"
2026-09-21 13:59:55.016 UTC [218] DETAIL:  Key (donation_id)=(386) already exists.
2026-09-21 13:59:55.016 UTC [218] STATEMENT:  INSERT INTO donation (donation_id, person_id, charity_id, amount_cents, currency, donated_at, note)
	VALUES ($1, $2, $3, $4, $5, $6, $7)
2026-09-21 14:00:08.292 UTC [242] ERROR:  duplicate key value violates unique constraint "donation_pkey"
2026-09-21 14:00:08.292 UTC [242] DETAIL:  Key (donation_id)=(1) already exists.
2026-09-21 14:00:08.292 UTC [242] STATEMENT:  INSERT INTO donation (donation_id, person_id, charity_id, amount_cents, currency, donated_at, note)
	VALUES ($1, $2, $3, $4, $5, $6, $7)
2026-09-21 14:00:18.869 UTC [257] ERROR:  duplicate key value violates unique constraint "donation_pkey"
2026-09-21 14:00:18.869 UTC [257] DETAIL:  Key (donation_id)=(386) already exists.
2026-09-21 14:00:18.869 UTC [257] STATEMENT:  INSERT INTO donation (donation_id, person_id, charity_id, amount_cents, currency, donated_at, note)
	VALUES ($1, $2, $3, $4, $5, $6, $7)
2026-09-21 14:00:30.861 UTC [275] ERROR:  duplicate key value violates unique constraint "donation_pkey"
2026-09-21 14:00:30.861 UTC [275] DETAIL:  Key (donation_id)=(641) already exists.
2026-09-21 14:00:30.861 UTC [275] STATEMENT:  INSERT INTO donation (donation_id, person_id, charity_id, amount_cents, currency, donated_at, note)
	VALUES ($1, $2, $3, $4, $5, $6, $7)
2026-09-21 14:00:44.731 UTC [293] ERROR:  duplicate key value violates unique constraint "donation_pkey"
2026-09-21 14:00:44.731 UTC [293] DETAIL:  Key (donation_id)=(445) already exists.
2026-09-21 14:00:44.731 UTC [293] STATEMENT:  INSERT INTO donation (donation_id, person_id, charity_id, amount_cents, currency, donated_at, note)
	VALUES ($1, $2, $3, $4, $5, $6, $7)
2026-09-21 14:00:58.098 UTC [305] ERROR:  duplicate key value violates unique constraint "donation_pkey"
2026-09-21 14:00:58.098 UTC [305] DETAIL:  Key (donation_id)=(347) already exists.
2026-09-21 14:00:58.098 UTC [305] STATEMENT:  INSERT INTO donation (donation_id, person_id, charity_id, amount_cents, currency, donated_at, note)
	VALUES ($1, $2, $3, $4, $5, $6, $7)
