The files belonging to this database system will be owned by user "postgres".
This user must also own the server process.

The database cluster will be initialized with locale "en_US.utf8".
The default database encoding has accordingly been set to "UTF8".
The default text search configuration will be set to "english".

Data page checksums are disabled.

fixing permissions on existing directory /var/lib/postgresql/data/pgdata ... ok
creating subdirectories ... ok
selecting dynamic shared memory implementation ... posix
selecting default "max_connections" ... 100
selecting default "shared_buffers" ... 128MB
selecting default time zone ... Etc/UTC
creating configuration files ... ok
running bootstrap script ... ok
performing post-bootstrap initialization ... ok
syncing data to disk ... ok


initdb: warning: enabling "trust" authentication for local connections
Success. You can now start the database server using:

    pg_ctl -D /var/lib/postgresql/data/pgdata -l logfile start
initdb: hint: You can change this by editing pg_hba.conf or using the option -A, or --auth-local and --auth-host, the next time you run initdb.

2026-09-21 14:12:11.921 UTC [1] LOG:  starting PostgreSQL 17.11 (Debian 17.11-1.pgdg13+2) on x86_64-pc-linux-gnu, compiled by gcc (Debian 14.2.0-19) 14.2.0, 64-bit
waiting for server to start....2026-09-21 14:12:11.094 UTC [47] LOG:  starting PostgreSQL 17.11 (Debian 17.11-1.pgdg13+2) on x86_64-pc-linux-gnu, compiled by gcc (Debian 14.2.0-19) 14.2.0, 64-bit
2026-09-21 14:12:11.921 UTC [1] LOG:  listening on IPv4 address "0.0.0.0", port 5432
2026-09-21 14:12:11.099 UTC [47] LOG:  listening on Unix socket "/var/run/postgresql/.s.PGSQL.5432"
2026-09-21 14:12:11.115 UTC [50] LOG:  database system was shut down at 2026-09-21 14:12:10 UTC
2026-09-21 14:12:11.156 UTC [47] LOG:  database system is ready to accept connections
 done
server started
2026-09-21 14:12:11.921 UTC [1] LOG:  listening on IPv6 address "::", port 5432
2026-09-21 14:12:11.931 UTC [1] LOG:  listening on Unix socket "/var/run/postgresql/.s.PGSQL.5432"
2026-09-21 14:12:11.943 UTC [63] LOG:  database system was shut down at 2026-09-21 14:12:11 UTC
2026-09-21 14:12:11.974 UTC [1] LOG:  database system is ready to accept connections
2026-09-21 14:12:28.286 UTC [77] ERROR:  duplicate key value violates unique constraint "donation_pkey"
2026-09-21 14:12:28.286 UTC [77] DETAIL:  Key (donation_id)=(482) already exists.
2026-09-21 14:12:28.286 UTC [77] STATEMENT:  INSERT INTO donation (donation_id, person_id, charity_id, amount_cents, currency, donated_at, note)
	VALUES ($1, $2, $3, $4, $5, $6, $7)
CREATE DATABASE
2026-09-21 14:12:38.888 UTC [87] ERROR:  duplicate key value violates unique constraint "donation_pkey"


/usr/local/bin/docker-entrypoint.sh: ignoring /docker-entrypoint-initdb.d/*
2026-09-21 14:12:38.888 UTC [87] DETAIL:  Key (donation_id)=(662) already exists.
2026-09-21 14:12:38.888 UTC [87] STATEMENT:  INSERT INTO donation (donation_id, person_id, charity_id, amount_cents, currency, donated_at, note)
	VALUES ($1, $2, $3, $4, $5, $6, $7)
2026-09-21 14:12:48.446 UTC [112] ERROR:  duplicate key value violates unique constraint "donation_pkey"
2026-09-21 14:12:48.446 UTC [112] DETAIL:  Key (donation_id)=(349) already exists.
2026-09-21 14:12:48.446 UTC [112] STATEMENT:  INSERT INTO donation (donation_id, person_id, charity_id, amount_cents, currency, donated_at, note)
	VALUES ($1, $2, $3, $4, $5, $6, $7)

2026-09-21 14:13:03.466 UTC [125] ERROR:  duplicate key value violates unique constraint "donation_pkey"
2026-09-21 14:13:03.466 UTC [125] DETAIL:  Key (donation_id)=(690) already exists.
2026-09-21 14:13:03.466 UTC [125] STATEMENT:  INSERT INTO donation (donation_id, person_id, charity_id, amount_cents, currency, donated_at, note)
	VALUES ($1, $2, $3, $4, $5, $6, $7)
waiting for server to shut down....2026-09-21 14:12:11.429 UTC [47] LOG:  received fast shutdown request
2026-09-21 14:12:11.441 UTC [47] LOG:  aborting any active transactions
2026-09-21 14:12:11.444 UTC [47] LOG:  background worker "logical replication launcher" (PID 53) exited with exit code 1
2026-09-21 14:12:11.446 UTC [48] LOG:  shutting down
2026-09-21 14:12:11.452 UTC [48] LOG:  checkpoint starting: shutdown immediate
2026-09-21 14:13:07.096 UTC [137] LOG:  skipping vacuum of "donation" --- lock not available
2026-09-21 14:13:27.021 UTC [161] ERROR:  duplicate key value violates unique constraint "donation_pkey"
2026-09-21 14:13:27.021 UTC [161] DETAIL:  Key (donation_id)=(563) already exists.
2026-09-21 14:13:27.021 UTC [161] STATEMENT:  INSERT INTO donation (donation_id, person_id, charity_id, amount_cents, currency, donated_at, note)
2026-09-21 14:12:11.772 UTC [48] LOG:  checkpoint complete: wrote 925 buffers (0.9%); 0 WAL file(s) added, 0 removed, 0 recycled; write=0.045 s, sync=0.217 s, total=0.327 s; sync files=301, longest=0.007 s, average=0.001 s; distance=4256 kB, estimate=4256 kB; lsn=0/19179D8, redo lsn=0/19179D8
	VALUES ($1, $2, $3, $4, $5, $6, $7)
2026-09-21 14:13:41.220 UTC [173] ERROR:  duplicate key value violates unique constraint "donation_pkey"
2026-09-21 14:13:41.220 UTC [173] DETAIL:  Key (donation_id)=(434) already exists.
2026-09-21 14:13:41.220 UTC [173] STATEMENT:  INSERT INTO donation (donation_id, person_id, charity_id, amount_cents, currency, donated_at, note)
2026-09-21 14:12:11.785 UTC [47] LOG:  database system is shut down
	VALUES ($1, $2, $3, $4, $5, $6, $7)
2026-09-21 14:13:50.783 UTC [188] ERROR:  duplicate key value violates unique constraint "donation_pkey"
2026-09-21 14:13:50.783 UTC [188] DETAIL:  Key (donation_id)=(774) already exists.
2026-09-21 14:13:50.783 UTC [188] STATEMENT:  INSERT INTO donation (donation_id, person_id, charity_id, amount_cents, currency, donated_at, note)
 done
server stopped
	VALUES ($1, $2, $3, $4, $5, $6, $7)
2026-09-21 14:14:01.870 UTC [205] ERROR:  duplicate key value violates unique constraint "donation_pkey"

PostgreSQL init process complete; ready for start up.
2026-09-21 14:14:01.870 UTC [205] DETAIL:  Key (donation_id)=(457) already exists.
2026-09-21 14:14:01.870 UTC [205] STATEMENT:  INSERT INTO donation (donation_id, person_id, charity_id, amount_cents, currency, donated_at, note)
	VALUES ($1, $2, $3, $4, $5, $6, $7)
2026-09-21 14:14:16.442 UTC [222] ERROR:  duplicate key value violates unique constraint "donation_pkey"

2026-09-21 14:14:16.442 UTC [222] DETAIL:  Key (donation_id)=(537) already exists.
2026-09-21 14:14:16.442 UTC [222] STATEMENT:  INSERT INTO donation (donation_id, person_id, charity_id, amount_cents, currency, donated_at, note)
	VALUES ($1, $2, $3, $4, $5, $6, $7)
2026-09-21 14:14:26.250 UTC [234] ERROR:  deadlock detected
2026-09-21 14:14:26.250 UTC [234] DETAIL:  Process 234 waits for ShareLock on transaction 9699; blocked by process 230.
	Process 230 waits for ShareLock on transaction 9698; blocked by process 234.
	Process 234: UPDATE person
	   SET cache_version = cache_version + 1
	 WHERE person_id = $1
	   AND cache_version = $2
	Process 230: UPDATE person
	   SET cache_version = cache_version + 1
	 WHERE person_id = $1
	   AND cache_version = $2
2026-09-21 14:14:26.250 UTC [234] HINT:  See server log for query details.
2026-09-21 14:14:26.250 UTC [234] CONTEXT:  while updating tuple (0,80) in relation "person"
2026-09-21 14:14:26.250 UTC [234] STATEMENT:  UPDATE person
	   SET cache_version = cache_version + 1
	 WHERE person_id = $1
	   AND cache_version = $2
2026-09-21 14:14:29.499 UTC [232] ERROR:  duplicate key value violates unique constraint "donation_pkey"
2026-09-21 14:14:29.499 UTC [232] DETAIL:  Key (donation_id)=(554) already exists.
2026-09-21 14:14:29.499 UTC [232] STATEMENT:  INSERT INTO donation (donation_id, person_id, charity_id, amount_cents, currency, donated_at, note)
	VALUES ($1, $2, $3, $4, $5, $6, $7)
2026-09-21 14:14:42.647 UTC [242] ERROR:  duplicate key value violates unique constraint "donation_pkey"
2026-09-21 14:14:42.647 UTC [242] DETAIL:  Key (donation_id)=(419) already exists.
2026-09-21 14:14:42.647 UTC [242] STATEMENT:  INSERT INTO donation (donation_id, person_id, charity_id, amount_cents, currency, donated_at, note)
	VALUES ($1, $2, $3, $4, $5, $6, $7)
