The files belonging to this database system will be owned by user "postgres".
This user must also own the server process.

The database cluster will be initialized with locale "en_US.utf8".
The default database encoding has accordingly been set to "UTF8".
The default text search configuration will be set to "english".

Data page checksums are disabled.

fixing permissions on existing directory /var/lib/postgresql/data/pgdata ... ok
creating subdirectories ... ok
selecting dynamic shared memory implementation ... posix
selecting default "max_connections" ... 100
initdb: warning: enabling "trust" authentication for local connections
selecting default "shared_buffers" ... 128MB
selecting default time zone ... Etc/UTC
creating configuration files ... ok
initdb: hint: You can change this by editing pg_hba.conf or using the option -A, or --auth-local and --auth-host, the next time you run initdb.
running bootstrap script ... ok
performing post-bootstrap initialization ... ok
2026-09-21 14:04:16.289 UTC [1] LOG:  starting PostgreSQL 17.11 (Debian 17.11-1.pgdg13+2) on x86_64-pc-linux-gnu, compiled by gcc (Debian 14.2.0-19) 14.2.0, 64-bit
syncing data to disk ... ok


Success. You can now start the database server using:

2026-09-21 14:04:16.289 UTC [1] LOG:  listening on IPv4 address "0.0.0.0", port 5432
2026-09-21 14:04:16.289 UTC [1] LOG:  listening on IPv6 address "::", port 5432
    pg_ctl -D /var/lib/postgresql/data/pgdata -l logfile start
2026-09-21 14:04:16.301 UTC [1] LOG:  listening on Unix socket "/var/run/postgresql/.s.PGSQL.5432"
2026-09-21 14:04:16.314 UTC [64] LOG:  database system was shut down at 2026-09-21 14:04:16 UTC
2026-09-21 14:04:16.346 UTC [1] LOG:  database system is ready to accept connections
2026-09-21 14:04:30.396 UTC [79] ERROR:  duplicate key value violates unique constraint "donation_pkey"

2026-09-21 14:04:30.396 UTC [79] DETAIL:  Key (donation_id)=(743) already exists.
waiting for server to start....2026-09-21 14:04:15.468 UTC [48] LOG:  starting PostgreSQL 17.11 (Debian 17.11-1.pgdg13+2) on x86_64-pc-linux-gnu, compiled by gcc (Debian 14.2.0-19) 14.2.0, 64-bit
2026-09-21 14:04:30.396 UTC [79] STATEMENT:  INSERT INTO donation (donation_id, person_id, charity_id, amount_cents, currency, donated_at, note)
	VALUES ($1, $2, $3, $4, $5, $6, $7)
2026-09-21 14:04:43.343 UTC [92] ERROR:  duplicate key value violates unique constraint "donation_pkey"
2026-09-21 14:04:15.476 UTC [48] LOG:  listening on Unix socket "/var/run/postgresql/.s.PGSQL.5432"
2026-09-21 14:04:15.493 UTC [51] LOG:  database system was shut down at 2026-09-21 14:04:14 UTC
2026-09-21 14:04:15.550 UTC [48] LOG:  database system is ready to accept connections
 done
server started
CREATE DATABASE


/usr/local/bin/docker-entrypoint.sh: ignoring /docker-entrypoint-initdb.d/*

waiting for server to shut down....2026-09-21 14:04:15.781 UTC [48] LOG:  received fast shutdown request
2026-09-21 14:04:15.785 UTC [48] LOG:  aborting any active transactions
2026-09-21 14:04:43.343 UTC [92] DETAIL:  Key (donation_id)=(694) already exists.
2026-09-21 14:04:43.343 UTC [92] STATEMENT:  INSERT INTO donation (donation_id, person_id, charity_id, amount_cents, currency, donated_at, note)
	VALUES ($1, $2, $3, $4, $5, $6, $7)
2026-09-21 14:04:15.787 UTC [48] LOG:  background worker "logical replication launcher" (PID 54) exited with exit code 1
2026-09-21 14:04:52.755 UTC [112] ERROR:  duplicate key value violates unique constraint "donation_pkey"
2026-09-21 14:04:52.755 UTC [112] DETAIL:  Key (donation_id)=(558) already exists.
2026-09-21 14:04:52.755 UTC [112] STATEMENT:  INSERT INTO donation (donation_id, person_id, charity_id, amount_cents, currency, donated_at, note)
	VALUES ($1, $2, $3, $4, $5, $6, $7)
2026-09-21 14:04:15.788 UTC [49] LOG:  shutting down
2026-09-21 14:05:05.718 UTC [122] ERROR:  duplicate key value violates unique constraint "donation_pkey"
2026-09-21 14:05:05.718 UTC [122] DETAIL:  Key (donation_id)=(557) already exists.
2026-09-21 14:05:05.718 UTC [122] STATEMENT:  INSERT INTO donation (donation_id, person_id, charity_id, amount_cents, currency, donated_at, note)
2026-09-21 14:04:15.813 UTC [49] LOG:  checkpoint starting: shutdown immediate
2026-09-21 14:04:16.142 UTC [49] LOG:  checkpoint complete: wrote 925 buffers (0.9%); 0 WAL file(s) added, 0 removed, 0 recycled; write=0.039 s, sync=0.254 s, total=0.355 s; sync files=301, longest=0.007 s, average=0.001 s; distance=4256 kB, estimate=4256 kB; lsn=0/19179D8, redo lsn=0/19179D8
2026-09-21 14:04:16.156 UTC [48] LOG:  database system is shut down
	VALUES ($1, $2, $3, $4, $5, $6, $7)
2026-09-21 14:05:32.387 UTC [160] ERROR:  duplicate key value violates unique constraint "donation_pkey"
2026-09-21 14:05:32.387 UTC [160] DETAIL:  Key (donation_id)=(474) already exists.
2026-09-21 14:05:32.387 UTC [160] STATEMENT:  INSERT INTO donation (donation_id, person_id, charity_id, amount_cents, currency, donated_at, note)
 done
	VALUES ($1, $2, $3, $4, $5, $6, $7)
server stopped

PostgreSQL init process complete; ready for start up.

