panic: invalid argument to Intn

goroutine 69 [running]:
math/rand.(*Rand).Intn(0xb25403064b8?, 0x424c3e?)
	math/rand/rand.go:180 +0x4c
main.(*cell).instIdx(0x49e7cd?, 0x0?)
	cacheconsistency/harness/workload.go:97 +0x39
main.(*cell).runWarm.(*cell).readOp.func2({0x98e110, 0xdca940}, 0xb2540191020)
	cacheconsistency/harness/workload.go:103 +0x49
adsplatform/core/measure.Run.func1.1(0x18d75c479b9f4161)
	adsplatform@v0.0.0/core/measure/loop.go:144 +0x30e
created by adsplatform/core/measure.Run.func1 in goroutine 1
	adsplatform@v0.0.0/core/measure/loop.go:130 +0x277
panic: invalid argument to Intn

goroutine 75 [running]:
math/rand.(*Rand).Intn(0x0?, 0x0?)
	math/rand/rand.go:180 +0x4c
main.(*cell).instIdx(0x0?, 0x0?)
	cacheconsistency/harness/workload.go:97 +0x39
main.(*cell).runWarm.(*cell).readOp.func2({0x98e110, 0xdca940}, 0xb25403fa030)
	cacheconsistency/harness/workload.go:103 +0x49
adsplatform/core/measure.Run.func1.1(0x18d75c479ba04d56)
	adsplatform@v0.0.0/core/measure/loop.go:144 +0x30e
created by adsplatform/core/measure.Run.func1 in goroutine 1
	adsplatform@v0.0.0/core/measure/loop.go:130 +0x277
