  engine: PostgreSQL 15.12-YB-2025.2.6.0-b0 on x86_64-pc-linux-gnu, compiled by clang version 19.1.0 (https://github.com/yugabyte/llvm-project.git a2a6b655e14e7fa1fcf1011a6cb29cb8575249c0), 64-bit
  effective isolation for READ COMMITTED requests: read committed
  database clock minus client clock: 0.003 ms
  dataset: 5 venues, 84 events, 5741 tickets and 165 holds at load
  loading s1_conditional_update ...
  loaded in 25.6s (copy 1.8s, index 21.5s)
  verifying answers against ground truth ...
    51/51 checks passed (margin 576s); audit on load: consistent (84 events, 5741 tickets; rejections late=0 boundary=0)
  race trial 1/6 (32 buyers per event, fresh load):
      race event 77: gate 2026-09-14T14:51:39.161983898Z, deadline 2026-09-14T14:51:59.161983898Z
    race  10000 seats x1         75.0 seats/s  conflicts/hold=0.31 reads/hold=1.31  hold p50=97.81ms p99=810.01ms  deferred 75/75 ok  errors=0  ok, 1 timed out (15% sold)
      audit: consistent (1 events, 1509 tickets; rejections late=0 boundary=0)
  race trial 2/6 (32 buyers per event, fresh load):
      race event 77: gate 2026-09-14T14:52:08.064616076Z, deadline 2026-09-14T14:52:28.064616076Z
    race  10000 seats x1         80.9 seats/s  conflicts/hold=0.35 reads/hold=1.37  hold p50=98.06ms p99=203.57ms  deferred 79/79 ok  errors=0  VIOLATIONS, 1 timed out (16% sold)
      audit: VIOLATIONS — thefts 0, grants on sold seats 0, double sales 0, sales without the hold 0, late sales 0, early rejections 1, duplicate seats 0, inventory drift 0, invalid seats 0, partial holds 0, ticket mismatches 0
  race trial 3/6 (32 buyers per event, fresh load):
      race event 77: gate 2026-09-14T14:52:40.454301081Z, deadline 2026-09-14T14:53:00.454301081Z
    race  10000 seats x1         81.5 seats/s  conflicts/hold=0.35 reads/hold=1.35  hold p50=97.18ms p99=280.63ms  deferred 63/63 ok  errors=0  VIOLATIONS, 1 timed out (16% sold)
      audit: VIOLATIONS — thefts 0, grants on sold seats 0, double sales 0, sales without the hold 0, late sales 0, early rejections 1, duplicate seats 0, inventory drift 0, invalid seats 0, partial holds 0, ticket mismatches 0
  race trial 4/6 (32 buyers per event, fresh load):
      race event 77: gate 2026-09-14T14:53:12.423762357Z, deadline 2026-09-14T14:53:32.423762357Z
    race  10000 seats x1         76.5 seats/s  conflicts/hold=0.35 reads/hold=1.35  hold p50=99.28ms p99=218.19ms  deferred 72/72 ok  errors=0  ok, 1 timed out (15% sold)
      audit: consistent (1 events, 1540 tickets; rejections late=0 boundary=0)
  race trial 5/6 (32 buyers per event, fresh load):
      race event 77: gate 2026-09-14T14:53:45.419537649Z, deadline 2026-09-14T14:54:05.419537649Z
    race  10000 seats x1         79.5 seats/s  conflicts/hold=0.36 reads/hold=1.36  hold p50=96.54ms p99=203.83ms  deferred 70/70 ok  errors=0  VIOLATIONS, 1 timed out (16% sold)
      audit: VIOLATIONS — thefts 0, grants on sold seats 0, double sales 0, sales without the hold 0, late sales 0, early rejections 1, duplicate seats 0, inventory drift 0, invalid seats 0, partial holds 0, ticket mismatches 0
  race trial 6/6 (32 buyers per event, fresh load):
      race event 77: gate 2026-09-14T14:54:17.716357312Z, deadline 2026-09-14T14:54:37.716357312Z
    race  10000 seats x1         86.5 seats/s  conflicts/hold=0.30 reads/hold=1.34  hold p50=96.38ms p99=219.79ms  deferred 77/77 ok  errors=0  ok, 1 timed out (17% sold)
      audit: consistent (1 events, 1749 tickets; rejections late=0 boundary=0)
  wrote /results/s1_conditional_update.json
