  engine: PostgreSQL 17.11 (Debian 17.11-1.pgdg13+2) on x86_64-pc-linux-gnu, compiled by gcc (Debian 14.2.0-19) 14.2.0, 64-bit
  dataset: 10 bands, 90 events, 26100 seats, 6880 sold at load
  loading c1_count_naive ...
  loaded in 0.0s (copy 0.0s, index 0.0s)
  verifying answers against ground truth ...
    44/44 checks passed; audit on load: consistent (90 events, 6880 seats sold)
  capturing plans ...
  read benchmark:
    q01_event_availability@10             36149.5 ops/s  p50=  0.126ms p99=   0.408ms  errors=0
    q01_event_availability@100            34089.4 ops/s  p50=  0.134ms p99=   0.453ms  errors=0
    q01_event_availability@1000           30287.8 ops/s  p50=  0.141ms p99=   0.463ms  errors=0
    q01_event_availability@10000           8289.0 ops/s  p50=  0.298ms p99=   2.370ms  errors=0
    q02_band_events                       20731.5 ops/s  p50=  0.157ms p99=   0.602ms  errors=0
    q03_customer_tickets                  33439.4 ops/s  p50=  0.138ms p99=   0.494ms  errors=0
    q04_ticket_by_id                      42006.3 ops/s  p50=  0.122ms p99=   0.396ms  errors=0
    q05_band_tickets_sold                 20415.0 ops/s  p50=  0.157ms p99=   0.688ms  errors=0
  operational reports:
    r01_event_sales_window@trailing             27124.0 ops/s  p50=  0.147ms p99=   0.775ms  errors=0
    r01_event_sales_window@historical           27530.3 ops/s  p50=  0.145ms p99=   0.764ms  errors=0
    r02_event_recent_buyers                     24877.8 ops/s  p50=  0.148ms p99=   1.012ms  errors=0
    r03_customers_last_purchase_window@trailing     1562.2 ops/s  p50=  1.134ms p99=  75.255ms  errors=0
    r03_customers_last_purchase_window@historical     1808.2 ops/s  p50=  1.099ms p99=  73.732ms  errors=0
    r04_band_sellthrough                         8508.1 ops/s  p50=  0.265ms p99=   7.511ms  errors=0
  write benchmark (fresh load per op):
    cancel                                    0.0 ops/s  p50=  0.000ms p99=   0.000ms  rejected=0 retries=0 errors=0  WARNING: pool exhausted
      audit after cancel: consistent (90 events, 0 seats sold)
      report check r01_event_sales_window@write:cancel event 51 (booked=0, cancelled=5887): ok
  churn trial 1/1 (32 buyers per event, fresh load):
    churn      10 seats x10      1156.7 sold/s  p50=  5.799ms p99=  54.710ms  attempts/sale=1.00 errors=0  editor p99=24.42ms  OVERBOOKED 10 events (+200 seats)
      audit: VIOLATIONS — 10 overbooked events (+200 seats), 0 duplicate seats, 0 derived-state drifts, 0 ledger mismatches
    churn     100 seats x2       6960.2 sold/s  p50=  3.492ms p99=   6.406ms  attempts/sale=1.00 errors=0  editor p99=1.46ms  OVERBOOKED 2 events (+28 seats)
      audit: VIOLATIONS — 12 overbooked events (+228 seats), 0 duplicate seats, 0 derived-state drifts, 0 ledger mismatches
    churn    1000 seats x1       3780.5 sold/s  p50=  3.850ms p99=  62.535ms  attempts/sale=1.00 errors=0  editor p99=39.85ms  OVERBOOKED 1 events (+16 seats)
      audit: VIOLATIONS — 13 overbooked events (+244 seats), 0 duplicate seats, 0 derived-state drifts, 0 ledger mismatches
      report check r01_event_sales_window@churn#1 event 90 (booked=1163, cancelled=147): ok
  wrote /results/c1_count_naive.json
