  engine: PostgreSQL 17.11 (Debian 17.11-1.pgdg13+2) on x86_64-pc-linux-gnu, compiled by gcc (Debian 14.2.0-19) 14.2.0, 64-bit
  dataset: 10 bands, 90 events, 26100 seats, 6880 sold at load
  loading c2_count_serializable ...
  loaded in 0.1s (copy 0.0s, index 0.0s)
  verifying answers against ground truth ...
    44/44 checks passed; audit on load: consistent (90 events, 6880 seats sold)
  capturing plans ...
  read benchmark:
    q01_event_availability@10             26189.7 ops/s  p50=  0.171ms p99=   0.794ms  errors=0
    q01_event_availability@100            23813.7 ops/s  p50=  0.184ms p99=   1.039ms  errors=0
    q01_event_availability@1000           22430.3 ops/s  p50=  0.184ms p99=   0.946ms  errors=0
    q01_event_availability@10000           7097.1 ops/s  p50=  0.368ms p99=  61.914ms  errors=0
    q02_band_events                       17685.9 ops/s  p50=  0.184ms p99=   0.901ms  errors=0
    q03_customer_tickets                  34379.2 ops/s  p50=  0.130ms p99=   0.442ms  errors=0
    q04_ticket_by_id                      41082.7 ops/s  p50=  0.125ms p99=   0.414ms  errors=0
    q05_band_tickets_sold                 21234.9 ops/s  p50=  0.150ms p99=   0.635ms  errors=0
  operational reports:
    r01_event_sales_window@trailing             23987.5 ops/s  p50=  0.154ms p99=   0.615ms  errors=0
    r01_event_sales_window@historical           23429.5 ops/s  p50=  0.156ms p99=   0.657ms  errors=0
    r02_event_recent_buyers                     24119.6 ops/s  p50=  0.146ms p99=   0.841ms  errors=0
    r03_customers_last_purchase_window@trailing     1726.5 ops/s  p50=  0.968ms p99=  76.104ms  errors=0
    r03_customers_last_purchase_window@historical     1884.0 ops/s  p50=  0.936ms p99=  75.621ms  errors=0
    r04_band_sellthrough                        11722.7 ops/s  p50=  0.186ms p99=   1.487ms  errors=0
  write benchmark (fresh load per op):
    cancel                                    0.0 ops/s  p50=  0.000ms p99=   0.000ms  rejected=0 retries=0 errors=0  WARNING: pool exhausted
      audit after cancel: consistent (90 events, 0 seats sold)
      report check r01_event_sales_window@write:cancel event 51 (booked=0, cancelled=5887): ok
  churn trial 1/1 (32 buyers per event, fresh load):
    churn      10 seats x10       233.9 sold/s  p50= 15.684ms p99= 102.519ms  attempts/sale=25.27 errors=0  editor p99=34.68ms  ok
      audit: consistent (90 events, 6980 seats sold)
    churn     100 seats x2        261.4 sold/s  p50= 75.353ms p99= 333.874ms  attempts/sale=16.14 errors=0  editor p99=32.70ms  ok
      audit: consistent (90 events, 7180 seats sold)
    churn    1000 seats x1        203.8 sold/s  p50= 99.192ms p99= 770.428ms  attempts/sale=15.56 errors=0  editor p99=45.19ms  ok
      audit: consistent (90 events, 8180 seats sold)
      report check r01_event_sales_window@churn#1 event 90 (booked=1118, cancelled=118): ok
  wrote /results/c2_count_serializable.json
