  engine: PostgreSQL 17.11 (Debian 17.11-1.pgdg13+2) on x86_64-pc-linux-gnu, compiled by gcc (Debian 14.2.0-19) 14.2.0, 64-bit
  dataset: 10 bands, 90 events, 26100 seats, 6880 sold at load
  loading c3_count_lock_event ...
  loaded in 0.1s (copy 0.1s, index 0.0s)
  verifying answers against ground truth ...
    44/44 checks passed; audit on load: consistent (90 events, 6880 seats sold)
  capturing plans ...
  read benchmark:
    q01_event_availability@10             34371.2 ops/s  p50=  0.135ms p99=   0.445ms  errors=0
    q01_event_availability@100            32902.0 ops/s  p50=  0.139ms p99=   0.493ms  errors=0
    q01_event_availability@1000           30468.6 ops/s  p50=  0.140ms p99=   0.442ms  errors=0
    q01_event_availability@10000           7910.3 ops/s  p50=  0.306ms p99=  61.693ms  errors=0
    q02_band_events                       19831.1 ops/s  p50=  0.167ms p99=   0.653ms  errors=0
    q03_customer_tickets                  34114.5 ops/s  p50=  0.135ms p99=   0.460ms  errors=0
    q04_ticket_by_id                      42310.5 ops/s  p50=  0.121ms p99=   0.395ms  errors=0
    q05_band_tickets_sold                 20990.2 ops/s  p50=  0.152ms p99=   0.641ms  errors=0
  operational reports:
    r01_event_sales_window@trailing             23135.6 ops/s  p50=  0.159ms p99=   0.663ms  errors=0
    r01_event_sales_window@historical           22735.4 ops/s  p50=  0.161ms p99=   0.710ms  errors=0
    r02_event_recent_buyers                     24029.8 ops/s  p50=  0.146ms p99=   0.864ms  errors=0
    r03_customers_last_purchase_window@trailing     1705.3 ops/s  p50=  0.943ms p99=  76.844ms  errors=0
    r03_customers_last_purchase_window@historical     1955.8 ops/s  p50=  0.932ms p99=  75.203ms  errors=0
    r04_band_sellthrough                        11686.5 ops/s  p50=  0.186ms p99=   1.536ms  errors=0
  write benchmark (fresh load per op):
    cancel                                    0.0 ops/s  p50=  0.000ms p99=   0.000ms  rejected=0 retries=0 errors=0  WARNING: pool exhausted
      audit after cancel: consistent (90 events, 0 seats sold)
      report check r01_event_sales_window@write:cancel event 51 (booked=0, cancelled=5887): ok
  churn trial 1/1 (32 buyers per event, fresh load):
    churn      10 seats x10       821.1 sold/s  p50=  6.490ms p99=  26.525ms  attempts/sale=1.00 errors=0  editor p99=77.57ms  ok
      audit: consistent (90 events, 6980 seats sold)
    churn     100 seats x2       1137.6 sold/s  p50= 26.985ms p99=  51.323ms  attempts/sale=1.00 errors=0  editor p99=27.02ms  ok
      audit: consistent (90 events, 7180 seats sold)
    churn    1000 seats x1       1052.1 sold/s  p50= 31.677ms p99=  54.983ms  attempts/sale=1.00 errors=0  editor p99=31.50ms  ok
      audit: consistent (90 events, 8180 seats sold)
      report check r01_event_sales_window@churn#1 event 90 (booked=1111, cancelled=111): ok
  wrote /results/c3_count_lock_event.json
