  engine: PostgreSQL 17.11 (Debian 17.11-1.pgdg13+2) on x86_64-pc-linux-gnu, compiled by gcc (Debian 14.2.0-19) 14.2.0, 64-bit
  dataset: 10 bands, 90 events, 26100 seats, 6880 sold at load
  loading c4_counter_guard ...
  loaded in 0.1s (copy 0.1s, index 0.0s)
  verifying answers against ground truth ...
    44/44 checks passed; audit on load: consistent (90 events, 6880 seats sold)
  capturing plans ...
  read benchmark:
    q01_event_availability@10             42688.3 ops/s  p50=  0.123ms p99=   0.397ms  errors=0
    q01_event_availability@100            43184.4 ops/s  p50=  0.122ms p99=   0.393ms  errors=0
    q01_event_availability@1000           43627.9 ops/s  p50=  0.121ms p99=   0.377ms  errors=0
    q01_event_availability@10000          41986.8 ops/s  p50=  0.126ms p99=   0.413ms  errors=0
    q02_band_events                       34940.0 ops/s  p50=  0.132ms p99=   0.415ms  errors=0
    q03_customer_tickets                  32300.4 ops/s  p50=  0.141ms p99=   0.537ms  errors=0
    q04_ticket_by_id                      37663.4 ops/s  p50=  0.134ms p99=   0.475ms  errors=0
    q05_band_tickets_sold                 35351.6 ops/s  p50=  0.135ms p99=   0.438ms  errors=0
  operational reports:
    r01_event_sales_window@trailing             24805.5 ops/s  p50=  0.152ms p99=   0.630ms  errors=0
    r01_event_sales_window@historical           24515.4 ops/s  p50=  0.151ms p99=   0.660ms  errors=0
    r02_event_recent_buyers                     23770.0 ops/s  p50=  0.147ms p99=   0.850ms  errors=0
    r03_customers_last_purchase_window@trailing     1706.7 ops/s  p50=  0.970ms p99=  76.519ms  errors=0
    r03_customers_last_purchase_window@historical     2186.9 ops/s  p50=  0.950ms p99=  73.931ms  errors=0
    r04_band_sellthrough                        11409.4 ops/s  p50=  0.190ms p99=   1.492ms  errors=0
  write benchmark (fresh load per op):
    cancel                                 1585.8 ops/s  p50=  3.931ms p99=  17.497ms  rejected=0 retries=0 errors=0
      audit after cancel: consistent (90 events, 1847 seats sold)
      report check r01_event_sales_window@write:cancel event 51 (booked=0, cancelled=4319): ok
  churn trial 1/1 (32 buyers per event, fresh load):
    churn      10 seats x10       432.8 sold/s  p50=  7.852ms p99=  54.555ms  attempts/sale=1.00 errors=0  editor p99=23.54ms  ok
      audit: consistent (90 events, 6980 seats sold)
    churn     100 seats x2        898.7 sold/s  p50= 17.337ms p99= 106.899ms  attempts/sale=1.00 errors=0  editor p99=32.90ms  ok
      audit: consistent (90 events, 7180 seats sold)
    churn    1000 seats x1        885.0 sold/s  p50= 22.649ms p99= 141.100ms  attempts/sale=1.00 errors=0  editor p99=94.54ms  ok
      audit: consistent (90 events, 8180 seats sold)
      report check r01_event_sales_window@churn#1 event 90 (booked=1106, cancelled=106): ok
  wrote /results/c4_counter_guard.json
