  engine: PostgreSQL 17.11 (Debian 17.11-1.pgdg13+2) on x86_64-pc-linux-gnu, compiled by gcc (Debian 14.2.0-19) 14.2.0, 64-bit
  dataset: 10 bands, 90 events, 26100 seats, 6880 sold at load
  loading c5_seat_unique ...
  loaded in 0.1s (copy 0.1s, index 0.0s)
  verifying answers against ground truth ...
    44/44 checks passed; audit on load: consistent (90 events, 6880 seats sold)
  capturing plans ...
  read benchmark:
    q01_event_availability@10             34760.2 ops/s  p50=  0.130ms p99=   0.422ms  errors=0
    q01_event_availability@100            33646.8 ops/s  p50=  0.133ms p99=   0.425ms  errors=0
    q01_event_availability@1000           26963.0 ops/s  p50=  0.148ms p99=   0.471ms  errors=0
    q01_event_availability@10000           4719.4 ops/s  p50=  0.446ms p99=  69.053ms  errors=0
    q02_band_events                       16426.0 ops/s  p50=  0.176ms p99=   0.924ms  errors=0
    q03_customer_tickets                  34404.8 ops/s  p50=  0.134ms p99=   0.435ms  errors=0
    q04_ticket_by_id                      41606.9 ops/s  p50=  0.123ms p99=   0.388ms  errors=0
    q05_band_tickets_sold                 17412.5 ops/s  p50=  0.157ms p99=   0.898ms  errors=0
  operational reports:
    r01_event_sales_window@trailing             20552.1 ops/s  p50=  0.173ms p99=   0.787ms  errors=0
    r01_event_sales_window@historical           21430.0 ops/s  p50=  0.166ms p99=   0.698ms  errors=0
    r02_event_recent_buyers                     22645.1 ops/s  p50=  0.149ms p99=   0.880ms  errors=0
    r03_customers_last_purchase_window@trailing     1824.3 ops/s  p50=  0.961ms p99=  76.252ms  errors=0
    r03_customers_last_purchase_window@historical     1672.9 ops/s  p50=  0.962ms p99=  76.810ms  errors=0
    r04_band_sellthrough                        11201.2 ops/s  p50=  0.184ms p99=   1.598ms  errors=0
  write benchmark (fresh load per op):
    cancel                                    0.0 ops/s  p50=  0.000ms p99=   0.000ms  rejected=0 retries=0 errors=0  WARNING: pool exhausted
      audit after cancel: consistent (90 events, 0 seats sold)
      report check r01_event_sales_window@write:cancel event 51 (booked=0, cancelled=5887): ok
  churn trial 1/1 (32 buyers per event, fresh load):
    churn      10 seats x10       364.0 sold/s  p50=  6.921ms p99=  73.214ms  attempts/sale=26.57 errors=0  editor p99=30.83ms  UNDERBOOKED 2 events (2 seats)
      audit: VIOLATIONS — 0 overbooked events (+0 seats), 0 duplicate seats, 2 derived-state drifts, 0 ledger mismatches
    churn     100 seats x2        418.1 sold/s  p50= 28.026ms p99= 186.776ms  attempts/sale=23.89 errors=0  editor p99=38.10ms  UNDERBOOKED 2 events (4 seats)
      audit: VIOLATIONS — 0 overbooked events (+0 seats), 0 duplicate seats, 4 derived-state drifts, 0 ledger mismatches
    churn    1000 seats x1        417.4 sold/s  p50= 56.749ms p99= 366.885ms  attempts/sale=23.51 errors=0  editor p99=50.58ms  UNDERBOOKED 1 events (34 seats)
      audit: VIOLATIONS — 0 overbooked events (+0 seats), 0 duplicate seats, 5 derived-state drifts, 0 ledger mismatches
      report check r01_event_sales_window@churn#1 event 90 (booked=1087, cancelled=121): ok
  wrote /results/c5_seat_unique.json
