  engine: PostgreSQL 17.11 (Debian 17.11-1.pgdg13+2) on x86_64-pc-linux-gnu, compiled by gcc (Debian 14.2.0-19) 14.2.0, 64-bit
  dataset: 10 bands, 90 events, 26100 seats, 6880 sold at load
  loading h0_hold_naive_confirm ...
  loaded in 0.0s (copy 0.0s, index 0.0s)
  verifying answers against ground truth ...
    45/45 checks passed; audit on load: consistent (90 events, 6880 seats sold)
  capturing plans ...
  read benchmark:
    q01_event_availability@10             36575.0 ops/s  p50=  0.140ms p99=   0.577ms  errors=0
    q01_event_availability@100            40414.7 ops/s  p50=  0.127ms p99=   0.442ms  errors=0
    q01_event_availability@1000           40450.5 ops/s  p50=  0.127ms p99=   0.442ms  errors=0
    q01_event_availability@10000          40969.5 ops/s  p50=  0.124ms p99=   0.445ms  errors=0
    q02_band_events                       32854.8 ops/s  p50=  0.137ms p99=   0.491ms  errors=0
    q03_customer_tickets                  32536.2 ops/s  p50=  0.138ms p99=   0.508ms  errors=0
    q04_ticket_by_id                      39171.7 ops/s  p50=  0.127ms p99=   0.453ms  errors=0
    q05_band_tickets_sold                 19568.4 ops/s  p50=  0.162ms p99=   0.764ms  errors=0
  operational reports:
    r01_event_sales_window@trailing             24744.9 ops/s  p50=  0.152ms p99=   0.709ms  errors=0
    r01_event_sales_window@historical           23940.2 ops/s  p50=  0.155ms p99=   0.775ms  errors=0
    r02_event_recent_buyers                     22297.2 ops/s  p50=  0.155ms p99=   0.931ms  errors=0
    r03_customers_last_purchase_window@trailing     1826.3 ops/s  p50=  0.986ms p99=  76.004ms  errors=0
    r03_customers_last_purchase_window@historical     1860.9 ops/s  p50=  0.981ms p99=  76.088ms  errors=0
    r04_band_sellthrough                        11154.1 ops/s  p50=  0.193ms p99=   1.580ms  errors=0
    r06_outstanding_holds                       38168.4 ops/s  p50=  0.131ms p99=   0.480ms  errors=0
  write benchmark (fresh load per op):
    cancel                                 1495.2 ops/s  p50=  4.260ms p99=  18.707ms  rejected=0 retries=0 errors=0
      audit after cancel: consistent (90 events, 2373 seats sold)
      report check r01_event_sales_window@write:cancel event 51 (booked=0, cancelled=3868): ok
  churn trial 1/1 (32 buyers per event, fresh load):
    churn      10 seats x10       307.9 sold/s  p50= 11.773ms p99=  43.369ms  attempts/sale=1.00 errors=0  editor p99=27.46ms  ok
      audit: consistent (90 events, 6980 seats sold)
    churn     100 seats x2        578.0 sold/s  p50= 26.067ms p99= 121.596ms  attempts/sale=1.00 errors=0  editor p99=53.08ms  ok
      audit: consistent (90 events, 7180 seats sold)
    churn    1000 seats x1        527.7 sold/s  p50= 35.948ms p99= 248.907ms  attempts/sale=1.00 errors=0  editor p99=126.29ms  ok
      audit: consistent (90 events, 8180 seats sold)
      report check r01_event_sales_window@churn#1 event 90 (booked=1111, cancelled=111): ok
  wrote /results/h0_hold_naive_confirm.json
