  engine: PostgreSQL 17.11 (Debian 17.11-1.pgdg13+2) on x86_64-pc-linux-gnu, compiled by gcc (Debian 14.2.0-19) 14.2.0, 64-bit
  dataset: 10 bands, 90 events, 26100 seats, 6880 sold at load
  loading h1_hold_checked_confirm ...
  loaded in 0.0s (copy 0.0s, index 0.0s)
  verifying answers against ground truth ...
    45/45 checks passed; audit on load: consistent (90 events, 6880 seats sold)
  capturing plans ...
  read benchmark:
    q01_event_availability@10             40762.5 ops/s  p50=  0.126ms p99=   0.431ms  errors=0
    q01_event_availability@100            41235.1 ops/s  p50=  0.124ms p99=   0.431ms  errors=0
    q01_event_availability@1000           40402.9 ops/s  p50=  0.127ms p99=   0.460ms  errors=0
    q01_event_availability@10000          40816.8 ops/s  p50=  0.126ms p99=   0.437ms  errors=0
    q02_band_events                       32742.2 ops/s  p50=  0.139ms p99=   0.489ms  errors=0
    q03_customer_tickets                  32767.1 ops/s  p50=  0.138ms p99=   0.483ms  errors=0
    q04_ticket_by_id                      39431.4 ops/s  p50=  0.126ms p99=   0.456ms  errors=0
    q05_band_tickets_sold                 19734.2 ops/s  p50=  0.160ms p99=   0.732ms  errors=0
  operational reports:
    r01_event_sales_window@trailing             28646.4 ops/s  p50=  0.141ms p99=   0.682ms  errors=0
    r01_event_sales_window@historical           27870.3 ops/s  p50=  0.143ms p99=   0.732ms  errors=0
    r02_event_recent_buyers                     24458.6 ops/s  p50=  0.146ms p99=   0.933ms  errors=0
    r03_customers_last_purchase_window@trailing     1770.4 ops/s  p50=  0.983ms p99=  76.703ms  errors=0
    r03_customers_last_purchase_window@historical     1912.0 ops/s  p50=  0.968ms p99=  75.537ms  errors=0
    r04_band_sellthrough                        11257.5 ops/s  p50=  0.192ms p99=   1.678ms  errors=0
    r06_outstanding_holds                       38330.8 ops/s  p50=  0.131ms p99=   0.484ms  errors=0
  write benchmark (fresh load per op):
    cancel                                 1482.4 ops/s  p50=  4.337ms p99=  18.724ms  rejected=0 retries=0 errors=0
      audit after cancel: consistent (90 events, 2243 seats sold)
      report check r01_event_sales_window@write:cancel event 51 (booked=0, cancelled=3981): ok
  churn trial 1/1 (32 buyers per event, fresh load):
    churn      10 seats x10       303.3 sold/s  p50= 12.628ms p99= 105.884ms  attempts/sale=1.00 errors=0  editor p99=31.07ms  ok
      audit: consistent (90 events, 6980 seats sold)
    churn     100 seats x2        616.3 sold/s  p50= 26.052ms p99= 116.243ms  attempts/sale=1.00 errors=0  editor p99=67.25ms  ok
      audit: consistent (90 events, 7180 seats sold)
    churn    1000 seats x1        454.3 sold/s  p50= 41.367ms p99= 296.806ms  attempts/sale=1.00 errors=0  editor p99=130.91ms  ok
      audit: consistent (90 events, 8180 seats sold)
      report check r01_event_sales_window@churn#1 event 90 (booked=1102, cancelled=102): ok
  wrote /results/h1_hold_checked_confirm.json
