  engine: PostgreSQL 17.11 (Debian 17.11-1.pgdg13+2) on x86_64-pc-linux-gnu, compiled by gcc (Debian 14.2.0-19) 14.2.0, 64-bit
  dataset: 10 bands, 90 events, 26100 seats, 6880 sold at load
  loading p1_precreated_lock_first ...
  loaded in 0.1s (copy 0.1s, index 0.0s)
  verifying answers against ground truth ...
    44/44 checks passed; audit on load: consistent (90 events, 6880 seats sold)
  capturing plans ...
  read benchmark:
    q01_event_availability@10             22839.9 ops/s  p50=  0.152ms p99=   0.757ms  errors=0
    q01_event_availability@100            22478.6 ops/s  p50=  0.156ms p99=   0.757ms  errors=0
    q01_event_availability@1000           15591.4 ops/s  p50=  0.195ms p99=   0.987ms  errors=0
    q01_event_availability@10000           6156.2 ops/s  p50=  0.383ms p99=  65.053ms  errors=0
    q02_band_events                       10799.7 ops/s  p50=  0.188ms p99=   1.803ms  errors=0
    q03_customer_tickets                  40390.0 ops/s  p50=  0.113ms p99=   0.417ms  errors=0
    q04_ticket_by_id                      46959.0 ops/s  p50=  0.106ms p99=   0.378ms  errors=0
    q05_band_tickets_sold                  5312.5 ops/s  p50=  0.285ms p99=  66.749ms  errors=0
  operational reports:
    r01_event_sales_window@trailing             13563.1 ops/s  p50=  0.218ms p99=   0.999ms  errors=0
    r01_event_sales_window@historical           13634.6 ops/s  p50=  0.214ms p99=   0.939ms  errors=0
    r02_event_recent_buyers                     13913.6 ops/s  p50=  0.203ms p99=   1.196ms  errors=0
    r03_customers_last_purchase_window@trailing     1322.5 ops/s  p50=  1.214ms p99=  78.711ms  errors=0
    r03_customers_last_purchase_window@historical     1330.6 ops/s  p50=  1.197ms p99=  78.419ms  errors=0
    r04_band_sellthrough                         4670.5 ops/s  p50=  0.233ms p99=  68.964ms  errors=0
  write benchmark (fresh load per op):
    cancel                                    0.0 ops/s  p50=  0.000ms p99=   0.000ms  rejected=0 retries=0 errors=0  WARNING: pool exhausted
      audit after cancel: consistent (90 events, 0 seats sold)
      report check r01_event_sales_window@write:cancel event 51 (booked=0, cancelled=5887): ok
  churn trial 1/1 (32 buyers per event, fresh load):
    churn      10 seats x10       542.5 sold/s  p50=  2.866ms p99=  34.354ms  attempts/sale=1.00 errors=0  editor p99=7.42ms  ok
      audit: consistent (90 events, 6980 seats sold)
    churn     100 seats x2       1353.6 sold/s  p50=  1.859ms p99=  31.440ms  attempts/sale=1.00 errors=0  editor p99=1.57ms  ok
      audit: consistent (90 events, 7180 seats sold)
    churn    1000 seats x1       1350.7 sold/s  p50=  1.744ms p99=  94.665ms  attempts/sale=1.00 errors=0  editor p99=9.07ms  ok
      audit: consistent (90 events, 8180 seats sold)
      report check r01_event_sales_window@churn#1 event 90 (booked=1119, cancelled=119): ok
  wrote /results/p1_precreated_lock_first.json
