  engine: PostgreSQL 17.11 (Debian 17.11-1.pgdg13+2) on x86_64-pc-linux-gnu, compiled by gcc (Debian 14.2.0-19) 14.2.0, 64-bit
  dataset: 10 bands, 90 events, 26100 seats, 6880 sold at load
  loading p2_precreated_skip_locked ...
  loaded in 0.1s (copy 0.1s, index 0.0s)
  verifying answers against ground truth ...
    44/44 checks passed; audit on load: consistent (90 events, 6880 seats sold)
  capturing plans ...
  read benchmark:
    q01_event_availability@10             24158.8 ops/s  p50=  0.150ms p99=   0.537ms  errors=0
    q01_event_availability@100            22922.4 ops/s  p50=  0.155ms p99=   0.585ms  errors=0
    q01_event_availability@1000           16205.7 ops/s  p50=  0.191ms p99=   0.670ms  errors=0
    q01_event_availability@10000           5764.1 ops/s  p50=  0.379ms p99=  66.925ms  errors=0
    q02_band_events                       10717.7 ops/s  p50=  0.187ms p99=   1.758ms  errors=0
    q03_customer_tickets                  41875.9 ops/s  p50=  0.112ms p99=   0.392ms  errors=0
    q04_ticket_by_id                      47720.1 ops/s  p50=  0.106ms p99=   0.352ms  errors=0
    q05_band_tickets_sold                  5289.4 ops/s  p50=  0.265ms p99=  66.436ms  errors=0
  operational reports:
    r01_event_sales_window@trailing             13029.5 ops/s  p50=  0.221ms p99=   1.048ms  errors=0
    r01_event_sales_window@historical           13196.6 ops/s  p50=  0.218ms p99=   1.010ms  errors=0
    r02_event_recent_buyers                     12994.8 ops/s  p50=  0.213ms p99=   1.192ms  errors=0
    r03_customers_last_purchase_window@trailing     1200.3 ops/s  p50=  1.275ms p99=  78.663ms  errors=0
    r03_customers_last_purchase_window@historical     1486.1 ops/s  p50=  1.175ms p99=  77.487ms  errors=0
    r04_band_sellthrough                         4749.8 ops/s  p50=  0.240ms p99=  68.617ms  errors=0
  write benchmark (fresh load per op):
    cancel                                    0.0 ops/s  p50=  0.000ms p99=   0.000ms  rejected=0 retries=0 errors=0  WARNING: pool exhausted
      audit after cancel: consistent (90 events, 0 seats sold)
      report check r01_event_sales_window@write:cancel event 51 (booked=0, cancelled=5887): ok
  churn trial 1/1 (32 buyers per event, fresh load):
    churn      10 seats x10       418.2 sold/s  p50=  4.551ms p99=  54.305ms  attempts/sale=37.49 errors=0  editor p99=40.38ms  ok
      audit: consistent (90 events, 6980 seats sold)
    churn     100 seats x2       2600.7 sold/s  p50=  4.547ms p99=  18.709ms  attempts/sale=2.82 errors=0  editor p99=2.59ms  ok
      audit: consistent (90 events, 7180 seats sold)
    churn    1000 seats x1       3762.4 sold/s  p50=  3.099ms p99=  53.482ms  attempts/sale=1.26 errors=0  editor p99=48.32ms  ok
      audit: consistent (90 events, 8180 seats sold)
      report check r01_event_sales_window@churn#1 event 90 (booked=1107, cancelled=107): ok
  wrote /results/p2_precreated_skip_locked.json
