  engine: PostgreSQL 17.11 (Debian 17.11-1.pgdg13+2) on x86_64-pc-linux-gnu, compiled by gcc (Debian 14.2.0-19) 14.2.0, 64-bit
  dataset: 10 bands, 90 events, 26100 seats, 6880 sold at load
  loading p3_precreated_cas ...
  loaded in 0.1s (copy 0.0s, index 0.0s)
  verifying answers against ground truth ...
    44/44 checks passed; audit on load: consistent (90 events, 6880 seats sold)
  capturing plans ...
  read benchmark:
    q01_event_availability@10             23820.2 ops/s  p50=  0.150ms p99=   0.543ms  errors=0
    q01_event_availability@100            23171.5 ops/s  p50=  0.153ms p99=   0.564ms  errors=0
    q01_event_availability@1000           15913.1 ops/s  p50=  0.197ms p99=   0.682ms  errors=0
    q01_event_availability@10000           5959.5 ops/s  p50=  0.383ms p99=  65.988ms  errors=0
    q02_band_events                       10691.5 ops/s  p50=  0.182ms p99=   1.682ms  errors=0
    q03_customer_tickets                  37420.4 ops/s  p50=  0.128ms p99=   0.408ms  errors=0
    q04_ticket_by_id                      41533.1 ops/s  p50=  0.124ms p99=   0.387ms  errors=0
    q05_band_tickets_sold                  5167.3 ops/s  p50=  0.326ms p99=  66.967ms  errors=0
  operational reports:
    r01_event_sales_window@trailing             13134.0 ops/s  p50=  0.222ms p99=   0.988ms  errors=0
    r01_event_sales_window@historical           13393.6 ops/s  p50=  0.217ms p99=   0.928ms  errors=0
    r02_event_recent_buyers                     13188.5 ops/s  p50=  0.212ms p99=   1.165ms  errors=0
    r03_customers_last_purchase_window@trailing     1505.8 ops/s  p50=  1.176ms p99=  77.492ms  errors=0
    r03_customers_last_purchase_window@historical     1351.3 ops/s  p50=  1.203ms p99=  78.322ms  errors=0
    r04_band_sellthrough                         4412.2 ops/s  p50=  0.237ms p99=  69.409ms  errors=0
  write benchmark (fresh load per op):
    cancel                                    0.0 ops/s  p50=  0.000ms p99=   0.000ms  rejected=0 retries=0 errors=0  WARNING: pool exhausted
      audit after cancel: consistent (90 events, 0 seats sold)
      report check r01_event_sales_window@write:cancel event 51 (booked=0, cancelled=5887): ok
  churn trial 1/1 (32 buyers per event, fresh load):
    churn      10 seats x10      1240.4 sold/s  p50=  2.439ms p99=  22.232ms  attempts/sale=3.78 errors=0  editor p99=8.53ms  ok
      audit: consistent (90 events, 6980 seats sold)
    churn     100 seats x2       4914.5 sold/s  p50=  2.235ms p99=  10.128ms  attempts/sale=1.88 errors=0  editor p99=2.36ms  ok
      audit: consistent (90 events, 7180 seats sold)
    churn    1000 seats x1       6521.1 sold/s  p50=  1.948ms p99=  26.127ms  attempts/sale=1.22 errors=0  editor p99=7.10ms  ok
      audit: consistent (90 events, 8180 seats sold)
      report check r01_event_sales_window@churn#1 event 90 (booked=1102, cancelled=102): ok
  wrote /results/p3_precreated_cas.json
