  engine: PostgreSQL 17.11 (Debian 17.11-1.pgdg13+2) on x86_64-pc-linux-gnu, compiled by gcc (Debian 14.2.0-19) 14.2.0, 64-bit
  dataset: 10 bands, 90 events, 26100 seats, 6880 sold at load
  loading p4_precreated_counter ...
  loaded in 0.1s (copy 0.0s, index 0.0s)
  verifying answers against ground truth ...
    44/44 checks passed; audit on load: consistent (90 events, 6880 seats sold)
  capturing plans ...
  read benchmark:
    q01_event_availability@10             47633.8 ops/s  p50=  0.108ms p99=   0.349ms  errors=0
    q01_event_availability@100            41912.1 ops/s  p50=  0.126ms p99=   0.416ms  errors=0
    q01_event_availability@1000           44437.9 ops/s  p50=  0.119ms p99=   0.359ms  errors=0
    q01_event_availability@10000          44279.1 ops/s  p50=  0.119ms p99=   0.381ms  errors=0
    q02_band_events                       35318.5 ops/s  p50=  0.132ms p99=   0.414ms  errors=0
    q03_customer_tickets                  36876.6 ops/s  p50=  0.129ms p99=   0.441ms  errors=0
    q04_ticket_by_id                      40278.1 ops/s  p50=  0.125ms p99=   0.492ms  errors=0
    q05_band_tickets_sold                 37432.9 ops/s  p50=  0.126ms p99=   0.399ms  errors=0
  operational reports:
    r01_event_sales_window@trailing             13628.7 ops/s  p50=  0.217ms p99=   0.913ms  errors=0
    r01_event_sales_window@historical           13093.4 ops/s  p50=  0.225ms p99=   1.001ms  errors=0
    r02_event_recent_buyers                     13667.8 ops/s  p50=  0.206ms p99=   1.133ms  errors=0
    r03_customers_last_purchase_window@trailing     1342.2 ops/s  p50=  1.194ms p99=  78.186ms  errors=0
    r03_customers_last_purchase_window@historical     1405.2 ops/s  p50=  1.191ms p99=  77.977ms  errors=0
    r04_band_sellthrough                         4751.9 ops/s  p50=  0.244ms p99=  68.020ms  errors=0
  write benchmark (fresh load per op):
    cancel                                 1739.5 ops/s  p50=  3.509ms p99=  17.604ms  rejected=0 retries=0 errors=0
      audit after cancel: consistent (90 events, 1701 seats sold)
      report check r01_event_sales_window@write:cancel event 51 (booked=0, cancelled=4448): ok
  churn trial 1/1 (32 buyers per event, fresh load):
    churn      10 seats x10       179.0 sold/s  p50= 12.818ms p99= 265.025ms  attempts/sale=69.52 errors=0  editor p99=58.16ms  ok
      audit: consistent (90 events, 6980 seats sold)
    churn     100 seats x2        618.6 sold/s  p50= 20.900ms p99= 142.555ms  attempts/sale=8.33 errors=0  editor p99=71.20ms  ok
      audit: consistent (90 events, 7180 seats sold)
    churn    1000 seats x1        963.1 sold/s  p50= 17.804ms p99= 135.311ms  attempts/sale=1.87 errors=0  editor p99=95.44ms  ok
      audit: consistent (90 events, 8180 seats sold)
      report check r01_event_sales_window@churn#1 event 90 (booked=1145, cancelled=145): ok
  wrote /results/p4_precreated_counter.json
