  engine: PostgreSQL 17.11 (Debian 17.11-1.pgdg13+2) on x86_64-pc-linux-gnu, compiled by gcc (Debian 14.2.0-19) 14.2.0, 64-bit
  dataset: 10 bands, 90 events, 26100 seats, 6880 sold at load
  loading r1_inventory_row ...
  loaded in 0.1s (copy 0.1s, index 0.0s)
  verifying answers against ground truth ...
    44/44 checks passed; audit on load: consistent (90 events, 6880 seats sold)
  capturing plans ...
  read benchmark:
    q01_event_availability@10             41272.9 ops/s  p50=  0.124ms p99=   0.385ms  errors=0
    q01_event_availability@100            41558.3 ops/s  p50=  0.122ms p99=   0.379ms  errors=0
    q01_event_availability@1000           41887.4 ops/s  p50=  0.122ms p99=   0.373ms  errors=0
    q01_event_availability@10000          41925.9 ops/s  p50=  0.122ms p99=   0.376ms  errors=0
    q02_band_events                       28119.6 ops/s  p50=  0.146ms p99=   0.464ms  errors=0
    q03_customer_tickets                  35112.7 ops/s  p50=  0.131ms p99=   0.430ms  errors=0
    q04_ticket_by_id                      42086.8 ops/s  p50=  0.122ms p99=   0.378ms  errors=0
    q05_band_tickets_sold                 28912.4 ops/s  p50=  0.143ms p99=   0.463ms  errors=0
  operational reports:
    r01_event_sales_window@trailing             19921.5 ops/s  p50=  0.181ms p99=   0.757ms  errors=0
    r01_event_sales_window@historical           22202.7 ops/s  p50=  0.161ms p99=   0.669ms  errors=0
    r02_event_recent_buyers                     20147.0 ops/s  p50=  0.171ms p99=   0.962ms  errors=0
    r03_customers_last_purchase_window@trailing     1682.4 ops/s  p50=  1.011ms p99=  76.815ms  errors=0
    r03_customers_last_purchase_window@historical     1787.9 ops/s  p50=  0.960ms p99=  76.383ms  errors=0
    r04_band_sellthrough                        11519.6 ops/s  p50=  0.186ms p99=   1.541ms  errors=0
  write benchmark (fresh load per op):
    cancel                                 1768.5 ops/s  p50=  3.599ms p99=  16.726ms  rejected=0 retries=0 errors=0
      audit after cancel: consistent (90 events, 1683 seats sold)
      report check r01_event_sales_window@write:cancel event 51 (booked=0, cancelled=4465): ok
  churn trial 1/1 (32 buyers per event, fresh load):
    churn      10 seats x10       583.8 sold/s  p50=  6.911ms p99=  32.658ms  attempts/sale=1.00 errors=0  editor p99=3.68ms  ok
      audit: consistent (90 events, 6980 seats sold)
    churn     100 seats x2        914.8 sold/s  p50= 18.810ms p99= 101.467ms  attempts/sale=1.00 errors=0  editor p99=2.09ms  ok
      audit: consistent (90 events, 7180 seats sold)
    churn    1000 seats x1       1045.6 sold/s  p50= 19.872ms p99= 110.620ms  attempts/sale=1.00 errors=0  editor p99=1.42ms  ok
      audit: consistent (90 events, 8180 seats sold)
      report check r01_event_sales_window@churn#1 event 90 (booked=1116, cancelled=116): ok
  wrote /results/r1_inventory_row.json
