  engine: PostgreSQL 17.11 (Debian 17.11-1.pgdg13+2) on x86_64-pc-linux-gnu, compiled by gcc (Debian 14.2.0-19) 14.2.0, 64-bit
  dataset: 10 bands, 90 events, 26100 seats, 6880 sold at load
  loading r2_inventory_buckets ...
  loaded in 0.1s (copy 0.1s, index 0.0s)
  verifying answers against ground truth ...
    44/44 checks passed; audit on load: consistent (90 events, 6880 seats sold)
  capturing plans ...
  read benchmark:
    q01_event_availability@10             37327.5 ops/s  p50=  0.132ms p99=   0.440ms  errors=0
    q01_event_availability@100            38410.2 ops/s  p50=  0.129ms p99=   0.418ms  errors=0
    q01_event_availability@1000           39002.3 ops/s  p50=  0.128ms p99=   0.399ms  errors=0
    q01_event_availability@10000          39118.3 ops/s  p50=  0.127ms p99=   0.400ms  errors=0
    q02_band_events                       23097.8 ops/s  p50=  0.157ms p99=   0.528ms  errors=0
    q03_customer_tickets                  35126.3 ops/s  p50=  0.131ms p99=   0.422ms  errors=0
    q04_ticket_by_id                      41732.1 ops/s  p50=  0.124ms p99=   0.388ms  errors=0
    q05_band_tickets_sold                 20404.8 ops/s  p50=  0.169ms p99=   0.557ms  errors=0
  operational reports:
    r01_event_sales_window@trailing             17833.9 ops/s  p50=  0.195ms p99=   0.800ms  errors=0
    r01_event_sales_window@historical           20106.5 ops/s  p50=  0.171ms p99=   0.678ms  errors=0
    r02_event_recent_buyers                     20846.5 ops/s  p50=  0.161ms p99=   0.855ms  errors=0
    r03_customers_last_purchase_window@trailing     1634.4 ops/s  p50=  0.993ms p99=  76.652ms  errors=0
    r03_customers_last_purchase_window@historical     1809.0 ops/s  p50=  0.963ms p99=  76.395ms  errors=0
    r04_band_sellthrough                        11600.5 ops/s  p50=  0.184ms p99=   1.558ms  errors=0
  write benchmark (fresh load per op):
    cancel                                 2674.7 ops/s  p50=  2.252ms p99=  22.479ms  rejected=0 retries=988 errors=0  WARNING: pool exhausted
      audit after cancel: consistent (90 events, 0 seats sold)
      report check r01_event_sales_window@write:cancel event 51 (booked=0, cancelled=5887): ok
  churn trial 1/1 (32 buyers per event, fresh load):
    churn      10 seats x10       287.6 sold/s  p50=  7.213ms p99=  47.960ms  attempts/sale=45.62 errors=0  editor p99=31.26ms  ok
      audit: consistent (90 events, 6980 seats sold)
    churn     100 seats x2        876.4 sold/s  p50= 11.077ms p99=  85.105ms  attempts/sale=11.45 errors=0  editor p99=36.56ms  ok
      audit: consistent (90 events, 7180 seats sold)
    churn    1000 seats x1        872.0 sold/s  p50= 12.197ms p99= 103.573ms  attempts/sale=9.22 errors=0  editor p99=51.40ms  ok
      audit: consistent (90 events, 8180 seats sold)
      report check r01_event_sales_window@churn#1 event 90 (booked=1097, cancelled=97): ok
  wrote /results/r2_inventory_buckets.json
