  engine: PostgreSQL 17.11 (Debian 17.11-1.pgdg13+2) on x86_64-pc-linux-gnu, compiled by gcc (Debian 14.2.0-19) 14.2.0, 64-bit
  dataset: 10 bands, 90 events, 26100 seats, 6880 sold at load
  loading r3_seat_pool ...
  loaded in 0.1s (copy 0.1s, index 0.0s)
  verifying answers against ground truth ...
    44/44 checks passed; audit on load: consistent (90 events, 6880 seats sold)
  capturing plans ...
  read benchmark:
    q01_event_availability@10             27294.7 ops/s  p50=  0.146ms p99=   0.492ms  errors=0
    q01_event_availability@100            25503.1 ops/s  p50=  0.154ms p99=   0.542ms  errors=0
    q01_event_availability@1000           17873.7 ops/s  p50=  0.182ms p99=   0.614ms  errors=0
    q01_event_availability@10000           5815.4 ops/s  p50=  0.372ms p99=  66.749ms  errors=0
    q02_band_events                       10103.1 ops/s  p50=  0.201ms p99=   1.971ms  errors=0
    q03_customer_tickets                  31579.0 ops/s  p50=  0.142ms p99=   0.568ms  errors=0
    q04_ticket_by_id                      38451.5 ops/s  p50=  0.130ms p99=   0.497ms  errors=0
    q05_band_tickets_sold                 19831.6 ops/s  p50=  0.161ms p99=   0.720ms  errors=0
  operational reports:
    r01_event_sales_window@trailing             21317.9 ops/s  p50=  0.169ms p99=   0.700ms  errors=0
    r01_event_sales_window@historical           21071.8 ops/s  p50=  0.169ms p99=   0.745ms  errors=0
    r02_event_recent_buyers                     23682.9 ops/s  p50=  0.148ms p99=   0.932ms  errors=0
    r03_customers_last_purchase_window@trailing     1882.3 ops/s  p50=  0.972ms p99=  75.519ms  errors=0
    r03_customers_last_purchase_window@historical     1959.7 ops/s  p50=  0.956ms p99=  75.364ms  errors=0
    r04_band_sellthrough                        11311.6 ops/s  p50=  0.192ms p99=   1.548ms  errors=0
  write benchmark (fresh load per op):
    cancel                                    0.0 ops/s  p50=  0.000ms p99=   0.000ms  rejected=0 retries=0 errors=0  WARNING: pool exhausted
      audit after cancel: consistent (90 events, 0 seats sold)
      report check r01_event_sales_window@write:cancel event 51 (booked=0, cancelled=5887): ok
  churn trial 1/1 (32 buyers per event, fresh load):
    churn      10 seats x10       421.2 sold/s  p50=  6.972ms p99=  63.103ms  attempts/sale=21.36 errors=0  editor p99=23.06ms  ok
      audit: consistent (90 events, 6980 seats sold)
    churn     100 seats x2       2614.3 sold/s  p50=  5.674ms p99=  19.071ms  attempts/sale=3.12 errors=0  editor p99=6.00ms  ok
      audit: consistent (90 events, 7180 seats sold)
    churn    1000 seats x1       2989.7 sold/s  p50=  4.066ms p99=  63.127ms  attempts/sale=1.10 errors=0  editor p99=55.52ms  ok
      audit: consistent (90 events, 8180 seats sold)
      report check r01_event_sales_window@churn#1 event 90 (booked=1110, cancelled=110): ok
  wrote /results/r3_seat_pool.json
