The files belonging to this database system will be owned by user "postgres".
This user must also own the server process.

The database cluster will be initialized with locale "en_US.utf8".
The default database encoding has accordingly been set to "UTF8".
The default text search configuration will be set to "english".

Data page checksums are disabled.

fixing permissions on existing directory /var/lib/postgresql/data/pgdata ... ok
creating subdirectories ... ok
selecting dynamic shared memory implementation ... posix
selecting default "max_connections" ... 100
selecting default "shared_buffers" ... 128MB
selecting default time zone ... Etc/UTC
creating configuration files ... ok
running bootstrap script ... ok
performing post-bootstrap initialization ... ok
syncing data to disk ... ok


Success. You can now start the database server using:

    pg_ctl -D /var/lib/postgresql/data/pgdata -l logfile start

initdb: warning: enabling "trust" authentication for local connections
initdb: hint: You can change this by editing pg_hba.conf or using the option -A, or --auth-local and --auth-host, the next time you run initdb.
waiting for server to start....2026-09-16 09:00:54.712 UTC [47] LOG:  starting PostgreSQL 17.11 (Debian 17.11-1.pgdg13+2) on x86_64-pc-linux-gnu, compiled by gcc (Debian 14.2.0-19) 14.2.0, 64-bit
2026-09-16 09:00:54.713 UTC [47] LOG:  listening on Unix socket "/var/run/postgresql/.s.PGSQL.5432"
2026-09-16 09:00:54.717 UTC [50] LOG:  database system was shut down at 2026-09-16 09:00:54 UTC
2026-09-16 09:00:54.742 UTC [47] LOG:  database system is ready to accept connections
 done
server started
CREATE DATABASE


/usr/local/bin/docker-entrypoint.sh: ignoring /docker-entrypoint-initdb.d/*

waiting for server to shut down....2026-09-16 09:00:54.857 UTC [47] LOG:  received fast shutdown request
2026-09-16 09:00:54.858 UTC [47] LOG:  aborting any active transactions
2026-09-16 09:00:54.859 UTC [47] LOG:  background worker "logical replication launcher" (PID 53) exited with exit code 1
2026-09-16 09:00:54.860 UTC [48] LOG:  shutting down
2026-09-16 09:00:54.882 UTC [48] LOG:  checkpoint starting: shutdown immediate
2026-09-16 09:00:54.973 UTC [48] LOG:  checkpoint complete: wrote 925 buffers (0.9%); 0 WAL file(s) added, 0 removed, 0 recycled; write=0.028 s, sync=0.038 s, total=0.113 s; sync files=301, longest=0.002 s, average=0.001 s; distance=4256 kB, estimate=4256 kB; lsn=0/19179D8, redo lsn=0/19179D8
2026-09-16 09:00:54.979 UTC [47] LOG:  database system is shut down
 done
server stopped

PostgreSQL init process complete; ready for start up.

2026-09-16 09:00:55.147 UTC [1] LOG:  starting PostgreSQL 17.11 (Debian 17.11-1.pgdg13+2) on x86_64-pc-linux-gnu, compiled by gcc (Debian 14.2.0-19) 14.2.0, 64-bit
2026-09-16 09:00:55.147 UTC [1] LOG:  listening on IPv4 address "0.0.0.0", port 5432
2026-09-16 09:00:55.147 UTC [1] LOG:  listening on IPv6 address "::", port 5432
2026-09-16 09:00:55.149 UTC [1] LOG:  listening on Unix socket "/var/run/postgresql/.s.PGSQL.5432"
2026-09-16 09:00:55.152 UTC [63] LOG:  database system was shut down at 2026-09-16 09:00:54 UTC
2026-09-16 09:00:55.156 UTC [1] LOG:  database system is ready to accept connections
2026-09-16 09:06:24.533 UTC [61] LOG:  checkpoint starting: time
2026-09-16 09:09:56.829 UTC [61] LOG:  checkpoint complete: wrote 294 buffers (0.3%); 0 WAL file(s) added, 11 removed, 4 recycled; write=212.107 s, sync=0.117 s, total=212.297 s; sync files=353, longest=0.011 s, average=0.001 s; distance=240302 kB, estimate=240302 kB; lsn=0/2B822738, redo lsn=0/103C3470
2026-09-16 09:11:30.785 UTC [61] LOG:  checkpoint starting: time
2026-09-16 09:12:49.406 UTC [655] LOG:  skipping analyze of "donation" --- lock not available
2026-09-16 09:16:00.344 UTC [61] LOG:  checkpoint complete: wrote 446 buffers (0.5%); 0 WAL file(s) added, 0 removed, 53 recycled; write=269.293 s, sync=0.177 s, total=269.560 s; sync files=516, longest=0.024 s, average=0.001 s; distance=868630 kB, estimate=868630 kB; lsn=0/75A2A160, redo lsn=0/45408E20
2026-09-16 09:16:33.312 UTC [61] LOG:  checkpoint starting: time
2026-09-16 09:17:44.741 UTC [889] ERROR:  deadlock detected
2026-09-16 09:17:44.741 UTC [889] DETAIL:  Process 889 waits for ShareLock on transaction 1003091; blocked by process 888.
	Process 888 waits for ShareLock on transaction 1003090; blocked by process 886.
	Process 886 waits for ExclusiveLock on tuple (1183,153) of relation 18804 of database 16384; blocked by process 889.
	Process 889: INSERT INTO donation (donation_id, person_id, charity_id, amount_cents, currency, donated_at, note)
	VALUES ($1, $2, $3, $4, $5, $6, $7)
	Process 888: INSERT INTO donation (donation_id, person_id, charity_id, amount_cents, currency, donated_at, note)
	VALUES ($1, $2, $3, $4, $5, $6, $7)
	Process 886: INSERT INTO donation (donation_id, person_id, charity_id, amount_cents, currency, donated_at, note)
	VALUES ($1, $2, $3, $4, $5, $6, $7)
2026-09-16 09:17:44.741 UTC [889] HINT:  See server log for query details.
2026-09-16 09:17:44.741 UTC [889] CONTEXT:  while updating tuple (1183,153) in relation "donation"
	SQL statement "UPDATE donation
	       SET is_last_donation = false
	     WHERE person_id = NEW.person_id
	       AND is_last_donation
	       AND donated_at <= NEW.donated_at"
	PL/pgSQL function donation_last_flag_biu() line 7 at SQL statement
2026-09-16 09:17:44.741 UTC [889] STATEMENT:  INSERT INTO donation (donation_id, person_id, charity_id, amount_cents, currency, donated_at, note)
	VALUES ($1, $2, $3, $4, $5, $6, $7)
2026-09-16 09:17:44.744 UTC [888] ERROR:  deadlock detected
2026-09-16 09:17:44.744 UTC [888] DETAIL:  Process 888 waits for ShareLock on transaction 1003090; blocked by process 886.
	Process 886 waits for ShareLock on transaction 1003091; blocked by process 888.
	Process 888: INSERT INTO donation (donation_id, person_id, charity_id, amount_cents, currency, donated_at, note)
	VALUES ($1, $2, $3, $4, $5, $6, $7)
	Process 886: INSERT INTO donation (donation_id, person_id, charity_id, amount_cents, currency, donated_at, note)
	VALUES ($1, $2, $3, $4, $5, $6, $7)
2026-09-16 09:17:44.744 UTC [888] HINT:  See server log for query details.
2026-09-16 09:17:44.744 UTC [888] CONTEXT:  while locking tuple (1178,150) in relation "donation"
	SQL statement "UPDATE donation
	       SET is_last_donation = false
	     WHERE person_id = NEW.person_id
	       AND is_last_donation
	       AND donated_at <= NEW.donated_at"
	PL/pgSQL function donation_last_flag_biu() line 7 at SQL statement
2026-09-16 09:17:44.744 UTC [888] STATEMENT:  INSERT INTO donation (donation_id, person_id, charity_id, amount_cents, currency, donated_at, note)
	VALUES ($1, $2, $3, $4, $5, $6, $7)
2026-09-16 09:17:45.823 UTC [889] ERROR:  deadlock detected
2026-09-16 09:17:45.823 UTC [889] DETAIL:  Process 889 waits for ShareLock on transaction 1003123; blocked by process 886.
	Process 886 waits for ShareLock on transaction 1003121; blocked by process 889.
	Process 889: INSERT INTO donation (donation_id, person_id, charity_id, amount_cents, currency, donated_at, note)
	VALUES ($1, $2, $3, $4, $5, $6, $7)
	Process 886: INSERT INTO donation (donation_id, person_id, charity_id, amount_cents, currency, donated_at, note)
	VALUES ($1, $2, $3, $4, $5, $6, $7)
2026-09-16 09:17:45.823 UTC [889] HINT:  See server log for query details.
2026-09-16 09:17:45.823 UTC [889] CONTEXT:  while locking tuple (1184,13) in relation "donation"
	SQL statement "UPDATE donation
	       SET is_last_donation = false
	     WHERE person_id = NEW.person_id
	       AND is_last_donation
	       AND donated_at <= NEW.donated_at"
	PL/pgSQL function donation_last_flag_biu() line 7 at SQL statement
2026-09-16 09:17:45.823 UTC [889] STATEMENT:  INSERT INTO donation (donation_id, person_id, charity_id, amount_cents, currency, donated_at, note)
	VALUES ($1, $2, $3, $4, $5, $6, $7)
2026-09-16 09:17:45.824 UTC [887] ERROR:  deadlock detected
2026-09-16 09:17:45.824 UTC [887] DETAIL:  Process 887 waits for ShareLock on transaction 1003126; blocked by process 898.
	Process 898 waits for ShareLock on transaction 1003125; blocked by process 887.
	Process 887: INSERT INTO donation (donation_id, person_id, charity_id, amount_cents, currency, donated_at, note)
	VALUES ($1, $2, $3, $4, $5, $6, $7)
	Process 898: INSERT INTO donation (donation_id, person_id, charity_id, amount_cents, currency, donated_at, note)
	VALUES ($1, $2, $3, $4, $5, $6, $7)
2026-09-16 09:17:45.824 UTC [887] HINT:  See server log for query details.
2026-09-16 09:17:45.824 UTC [887] CONTEXT:  while locking tuple (1183,158) in relation "donation"
	SQL statement "UPDATE donation
	       SET is_last_donation = false
	     WHERE person_id = NEW.person_id
	       AND is_last_donation
	       AND donated_at <= NEW.donated_at"
	PL/pgSQL function donation_last_flag_biu() line 7 at SQL statement
2026-09-16 09:17:45.824 UTC [887] STATEMENT:  INSERT INTO donation (donation_id, person_id, charity_id, amount_cents, currency, donated_at, note)
	VALUES ($1, $2, $3, $4, $5, $6, $7)
2026-09-16 09:20:39.971 UTC [61] LOG:  checkpoint complete: wrote 239 buffers (0.2%); 0 WAL file(s) added, 0 removed, 51 recycled; write=246.203 s, sync=0.294 s, total=246.660 s; sync files=279, longest=0.097 s, average=0.002 s; distance=835832 kB, estimate=865350 kB; lsn=0/9023BFE0, redo lsn=0/78446F20
