	Process 889: INSERT INTO donation (donation_id, person_id, charity_id, amount_cents, currency, donated_at, note)
	VALUES ($1, $2, $3, $4, $5, $6, $7)
	Process 886: INSERT INTO donation (donation_id, person_id, charity_id, amount_cents, currency, donated_at, note)
	VALUES ($1, $2, $3, $4, $5, $6, $7)
2026-09-16 09:17:45.823 UTC [889] HINT:  See server log for query details.
2026-09-16 09:17:45.823 UTC [889] CONTEXT:  while locking tuple (1184,13) in relation "donation"
	SQL statement "UPDATE donation
	       SET is_last_donation = false
	     WHERE person_id = NEW.person_id
	       AND is_last_donation
	       AND donated_at <= NEW.donated_at"
	PL/pgSQL function donation_last_flag_biu() line 7 at SQL statement
2026-09-16 09:17:45.823 UTC [889] STATEMENT:  INSERT INTO donation (donation_id, person_id, charity_id, amount_cents, currency, donated_at, note)
	VALUES ($1, $2, $3, $4, $5, $6, $7)
2026-09-16 09:17:45.824 UTC [887] ERROR:  deadlock detected
2026-09-16 09:17:45.824 UTC [887] DETAIL:  Process 887 waits for ShareLock on transaction 1003126; blocked by process 898.
	Process 898 waits for ShareLock on transaction 1003125; blocked by process 887.
	Process 887: INSERT INTO donation (donation_id, person_id, charity_id, amount_cents, currency, donated_at, note)
	VALUES ($1, $2, $3, $4, $5, $6, $7)
	Process 898: INSERT INTO donation (donation_id, person_id, charity_id, amount_cents, currency, donated_at, note)
	VALUES ($1, $2, $3, $4, $5, $6, $7)
2026-09-16 09:17:45.824 UTC [887] HINT:  See server log for query details.
2026-09-16 09:17:45.824 UTC [887] CONTEXT:  while locking tuple (1183,158) in relation "donation"
	SQL statement "UPDATE donation
	       SET is_last_donation = false
	     WHERE person_id = NEW.person_id
	       AND is_last_donation
	       AND donated_at <= NEW.donated_at"
	PL/pgSQL function donation_last_flag_biu() line 7 at SQL statement
2026-09-16 09:17:45.824 UTC [887] STATEMENT:  INSERT INTO donation (donation_id, person_id, charity_id, amount_cents, currency, donated_at, note)
	VALUES ($1, $2, $3, $4, $5, $6, $7)
2026-09-16 09:20:39.971 UTC [61] LOG:  checkpoint complete: wrote 239 buffers (0.2%); 0 WAL file(s) added, 0 removed, 51 recycled; write=246.203 s, sync=0.294 s, total=246.660 s; sync files=279, longest=0.097 s, average=0.002 s; distance=835832 kB, estimate=865350 kB; lsn=0/9023BFE0, redo lsn=0/78446F20
2026-09-16 09:21:39.872 UTC [61] LOG:  checkpoint starting: time
2026-09-16 09:25:12.479 UTC [61] LOG:  checkpoint complete: wrote 254 buffers (0.3%); 0 WAL file(s) added, 0 removed, 28 recycled; write=210.803 s, sync=0.997 s, total=212.608 s; sync files=208, longest=0.096 s, average=0.005 s; distance=455177 kB, estimate=824333 kB; lsn=0/9CBDB368, redo lsn=0/940C9480
2026-09-16 09:26:45.426 UTC [61] LOG:  checkpoint starting: time
2026-09-16 09:30:16.257 UTC [61] LOG:  checkpoint complete: wrote 315 buffers (0.3%); 0 WAL file(s) added, 3 removed, 10 recycled; write=210.592 s, sync=0.197 s, total=210.832 s; sync files=339, longest=0.027 s, average=0.001 s; distance=213946 kB, estimate=763294 kB; lsn=0/C4838668, redo lsn=0/A11B7D80
2026-09-16 09:31:54.108 UTC [61] LOG:  checkpoint starting: time
2026-09-16 09:33:01.277 UTC [1673] LOG:  skipping analyze of "donation" --- lock not available
2026-09-16 09:33:01.281 UTC [1673] LOG:  skipping analyze of "person" --- lock not available
2026-09-16 09:35:50.889 UTC [1797] ERROR:  deadlock detected
2026-09-16 09:35:50.889 UTC [1797] DETAIL:  Process 1797 waits for ShareLock on transaction 2143481; blocked by process 1799.
	Process 1799 waits for ShareLock on transaction 2143480; blocked by process 1798.
	Process 1798 waits for ShareLock on transaction 2143482; blocked by process 1797.
	Process 1797: INSERT INTO donation (donation_id, person_id, charity_id, amount_cents, currency, donated_at, note)
	VALUES ($1, $2, $3, $4, $5, $6, $7)
	Process 1799: INSERT INTO donation (donation_id, person_id, charity_id, amount_cents, currency, donated_at, note)
	VALUES ($1, $2, $3, $4, $5, $6, $7)
	Process 1798: INSERT INTO donation (donation_id, person_id, charity_id, amount_cents, currency, donated_at, note)
	VALUES ($1, $2, $3, $4, $5, $6, $7)
2026-09-16 09:35:50.889 UTC [1797] HINT:  See server log for query details.
2026-09-16 09:35:50.889 UTC [1797] CONTEXT:  while updating tuple (1210,127) in relation "donation"
	SQL statement "UPDATE donation
	       SET is_last_donation = false
	     WHERE person_id = NEW.person_id
	       AND is_last_donation
	       AND donated_at <= NEW.donated_at"
	PL/pgSQL function donation_last_flag_biu() line 7 at SQL statement
2026-09-16 09:35:50.889 UTC [1797] STATEMENT:  INSERT INTO donation (donation_id, person_id, charity_id, amount_cents, currency, donated_at, note)
	VALUES ($1, $2, $3, $4, $5, $6, $7)
2026-09-16 09:35:51.890 UTC [1800] ERROR:  deadlock detected
2026-09-16 09:35:51.890 UTC [1800] DETAIL:  Process 1800 waits for ShareLock on transaction 2143481; blocked by process 1799.
	Process 1799 waits for ShareLock on transaction 2143484; blocked by process 1797.
	Process 1797 waits for ExclusiveLock on tuple (1210,127) of relation 21347 of database 16384; blocked by process 1800.
	Process 1800: INSERT INTO donation (donation_id, person_id, charity_id, amount_cents, currency, donated_at, note)
	VALUES ($1, $2, $3, $4, $5, $6, $7)
	Process 1799: INSERT INTO donation (donation_id, person_id, charity_id, amount_cents, currency, donated_at, note)
	VALUES ($1, $2, $3, $4, $5, $6, $7)
	Process 1797: INSERT INTO donation (donation_id, person_id, charity_id, amount_cents, currency, donated_at, note)
	VALUES ($1, $2, $3, $4, $5, $6, $7)
2026-09-16 09:35:51.890 UTC [1800] HINT:  See server log for query details.
2026-09-16 09:35:51.890 UTC [1800] CONTEXT:  while updating tuple (1210,127) in relation "donation"
	SQL statement "UPDATE donation
	       SET is_last_donation = false
	     WHERE person_id = NEW.person_id
	       AND is_last_donation
	       AND donated_at <= NEW.donated_at"
	PL/pgSQL function donation_last_flag_biu() line 7 at SQL statement
2026-09-16 09:35:51.890 UTC [1800] STATEMENT:  INSERT INTO donation (donation_id, person_id, charity_id, amount_cents, currency, donated_at, note)
	VALUES ($1, $2, $3, $4, $5, $6, $7)
2026-09-16 09:35:51.902 UTC [1799] ERROR:  deadlock detected
2026-09-16 09:35:51.902 UTC [1799] DETAIL:  Process 1799 waits for ShareLock on transaction 2143484; blocked by process 1797.
	Process 1797 waits for ShareLock on transaction 2143481; blocked by process 1799.
	Process 1799: INSERT INTO donation (donation_id, person_id, charity_id, amount_cents, currency, donated_at, note)
	VALUES ($1, $2, $3, $4, $5, $6, $7)
	Process 1797: INSERT INTO donation (donation_id, person_id, charity_id, amount_cents, currency, donated_at, note)
	VALUES ($1, $2, $3, $4, $5, $6, $7)
2026-09-16 09:35:51.902 UTC [1799] HINT:  See server log for query details.
2026-09-16 09:35:51.902 UTC [1799] CONTEXT:  while locking tuple (1208,27) in relation "donation"
	SQL statement "UPDATE donation
	       SET is_last_donation = false
	     WHERE person_id = NEW.person_id
	       AND is_last_donation
	       AND donated_at <= NEW.donated_at"
	PL/pgSQL function donation_last_flag_biu() line 7 at SQL statement
2026-09-16 09:35:51.902 UTC [1799] STATEMENT:  INSERT INTO donation (donation_id, person_id, charity_id, amount_cents, currency, donated_at, note)
	VALUES ($1, $2, $3, $4, $5, $6, $7)
2026-09-16 09:35:52.903 UTC [1797] ERROR:  deadlock detected
2026-09-16 09:35:52.903 UTC [1797] DETAIL:  Process 1797 waits for ShareLock on transaction 2143485; blocked by process 1798.
	Process 1798 waits for ShareLock on transaction 2143484; blocked by process 1797.
	Process 1797: INSERT INTO donation (donation_id, person_id, charity_id, amount_cents, currency, donated_at, note)
	VALUES ($1, $2, $3, $4, $5, $6, $7)
	Process 1798: INSERT INTO donation (donation_id, person_id, charity_id, amount_cents, currency, donated_at, note)
	VALUES ($1, $2, $3, $4, $5, $6, $7)
2026-09-16 09:35:52.903 UTC [1797] HINT:  See server log for query details.
2026-09-16 09:35:52.903 UTC [1797] CONTEXT:  while updating tuple (1211,111) in relation "donation"
	SQL statement "UPDATE donation
	       SET is_last_donation = false
	     WHERE person_id = NEW.person_id
	       AND is_last_donation
	       AND donated_at <= NEW.donated_at"
	PL/pgSQL function donation_last_flag_biu() line 7 at SQL statement
2026-09-16 09:35:52.903 UTC [1797] STATEMENT:  INSERT INTO donation (donation_id, person_id, charity_id, amount_cents, currency, donated_at, note)
	VALUES ($1, $2, $3, $4, $5, $6, $7)
2026-09-16 09:35:53.909 UTC [1798] ERROR:  deadlock detected
2026-09-16 09:35:53.909 UTC [1798] DETAIL:  Process 1798 waits for ShareLock on transaction 2143493; blocked by process 1800.
	Process 1800 waits for ShareLock on transaction 2143494; blocked by process 1797.
	Process 1797 waits for ExclusiveLock on tuple (1211,116) of relation 21347 of database 16384; blocked by process 1798.
	Process 1798: INSERT INTO donation (donation_id, person_id, charity_id, amount_cents, currency, donated_at, note)
	VALUES ($1, $2, $3, $4, $5, $6, $7)
	Process 1800: INSERT INTO donation (donation_id, person_id, charity_id, amount_cents, currency, donated_at, note)
	VALUES ($1, $2, $3, $4, $5, $6, $7)
	Process 1797: INSERT INTO donation (donation_id, person_id, charity_id, amount_cents, currency, donated_at, note)
	VALUES ($1, $2, $3, $4, $5, $6, $7)
2026-09-16 09:35:53.909 UTC [1798] HINT:  See server log for query details.
2026-09-16 09:35:53.909 UTC [1798] CONTEXT:  while updating tuple (1211,116) in relation "donation"
	SQL statement "UPDATE donation
	       SET is_last_donation = false
	     WHERE person_id = NEW.person_id
	       AND is_last_donation
	       AND donated_at <= NEW.donated_at"
	PL/pgSQL function donation_last_flag_biu() line 7 at SQL statement
2026-09-16 09:35:53.909 UTC [1798] STATEMENT:  INSERT INTO donation (donation_id, person_id, charity_id, amount_cents, currency, donated_at, note)
	VALUES ($1, $2, $3, $4, $5, $6, $7)
2026-09-16 09:35:54.910 UTC [1797] ERROR:  deadlock detected
2026-09-16 09:35:54.910 UTC [1797] DETAIL:  Process 1797 waits for ShareLock on transaction 2143493; blocked by process 1800.
	Process 1800 waits for ShareLock on transaction 2143494; blocked by process 1797.
	Process 1797: INSERT INTO donation (donation_id, person_id, charity_id, amount_cents, currency, donated_at, note)
	VALUES ($1, $2, $3, $4, $5, $6, $7)
	Process 1800: INSERT INTO donation (donation_id, person_id, charity_id, amount_cents, currency, donated_at, note)
	VALUES ($1, $2, $3, $4, $5, $6, $7)
2026-09-16 09:35:54.910 UTC [1797] HINT:  See server log for query details.
2026-09-16 09:35:54.910 UTC [1797] CONTEXT:  while updating tuple (1211,116) in relation "donation"
	SQL statement "UPDATE donation
	       SET is_last_donation = false
	     WHERE person_id = NEW.person_id
	       AND is_last_donation
	       AND donated_at <= NEW.donated_at"
	PL/pgSQL function donation_last_flag_biu() line 7 at SQL statement
2026-09-16 09:35:54.910 UTC [1797] STATEMENT:  INSERT INTO donation (donation_id, person_id, charity_id, amount_cents, currency, donated_at, note)
	VALUES ($1, $2, $3, $4, $5, $6, $7)
