	PL/pgSQL function donation_last_flag_biu() line 7 at SQL statement
2026-09-16 09:35:52.903 UTC [1797] STATEMENT:  INSERT INTO donation (donation_id, person_id, charity_id, amount_cents, currency, donated_at, note)
	VALUES ($1, $2, $3, $4, $5, $6, $7)
2026-09-16 09:35:53.909 UTC [1798] ERROR:  deadlock detected
2026-09-16 09:35:53.909 UTC [1798] DETAIL:  Process 1798 waits for ShareLock on transaction 2143493; blocked by process 1800.
	Process 1800 waits for ShareLock on transaction 2143494; blocked by process 1797.
	Process 1797 waits for ExclusiveLock on tuple (1211,116) of relation 21347 of database 16384; blocked by process 1798.
	Process 1798: INSERT INTO donation (donation_id, person_id, charity_id, amount_cents, currency, donated_at, note)
	VALUES ($1, $2, $3, $4, $5, $6, $7)
	Process 1800: INSERT INTO donation (donation_id, person_id, charity_id, amount_cents, currency, donated_at, note)
	VALUES ($1, $2, $3, $4, $5, $6, $7)
	Process 1797: INSERT INTO donation (donation_id, person_id, charity_id, amount_cents, currency, donated_at, note)
	VALUES ($1, $2, $3, $4, $5, $6, $7)
2026-09-16 09:35:53.909 UTC [1798] HINT:  See server log for query details.
2026-09-16 09:35:53.909 UTC [1798] CONTEXT:  while updating tuple (1211,116) in relation "donation"
	SQL statement "UPDATE donation
	       SET is_last_donation = false
	     WHERE person_id = NEW.person_id
	       AND is_last_donation
	       AND donated_at <= NEW.donated_at"
	PL/pgSQL function donation_last_flag_biu() line 7 at SQL statement
2026-09-16 09:35:53.909 UTC [1798] STATEMENT:  INSERT INTO donation (donation_id, person_id, charity_id, amount_cents, currency, donated_at, note)
	VALUES ($1, $2, $3, $4, $5, $6, $7)
2026-09-16 09:35:54.910 UTC [1797] ERROR:  deadlock detected
2026-09-16 09:35:54.910 UTC [1797] DETAIL:  Process 1797 waits for ShareLock on transaction 2143493; blocked by process 1800.
	Process 1800 waits for ShareLock on transaction 2143494; blocked by process 1797.
	Process 1797: INSERT INTO donation (donation_id, person_id, charity_id, amount_cents, currency, donated_at, note)
	VALUES ($1, $2, $3, $4, $5, $6, $7)
	Process 1800: INSERT INTO donation (donation_id, person_id, charity_id, amount_cents, currency, donated_at, note)
	VALUES ($1, $2, $3, $4, $5, $6, $7)
2026-09-16 09:35:54.910 UTC [1797] HINT:  See server log for query details.
2026-09-16 09:35:54.910 UTC [1797] CONTEXT:  while updating tuple (1211,116) in relation "donation"
	SQL statement "UPDATE donation
	       SET is_last_donation = false
	     WHERE person_id = NEW.person_id
	       AND is_last_donation
	       AND donated_at <= NEW.donated_at"
	PL/pgSQL function donation_last_flag_biu() line 7 at SQL statement
2026-09-16 09:35:54.910 UTC [1797] STATEMENT:  INSERT INTO donation (donation_id, person_id, charity_id, amount_cents, currency, donated_at, note)
	VALUES ($1, $2, $3, $4, $5, $6, $7)
2026-09-16 09:36:24.303 UTC [61] LOG:  checkpoint complete: wrote 423 buffers (0.4%); 0 WAL file(s) added, 0 removed, 64 recycled; write=269.872 s, sync=0.198 s, total=270.196 s; sync files=431, longest=0.114 s, average=0.001 s; distance=1048053 kB, estimate=1048053 kB; lsn=1/F969F28, redo lsn=0/E1135410
2026-09-16 09:36:57.254 UTC [61] LOG:  checkpoint starting: time
2026-09-16 09:37:39.536 UTC [1881] ERROR:  deadlock detected
2026-09-16 09:37:39.536 UTC [1881] DETAIL:  Process 1881 waits for ShareLock on transaction 2185256; blocked by process 1883.
	Process 1883 waits for ShareLock on transaction 2185257; blocked by process 1881.
	Process 1881: INSERT INTO donation (donation_id, person_id, charity_id, amount_cents, currency, donated_at, note)
	VALUES ($1, $2, $3, $4, $5, $6, $7)
	Process 1883: INSERT INTO donation (donation_id, person_id, charity_id, amount_cents, currency, donated_at, note)
	VALUES ($1, $2, $3, $4, $5, $6, $7)
2026-09-16 09:37:39.536 UTC [1881] HINT:  See server log for query details.
2026-09-16 09:37:39.536 UTC [1881] CONTEXT:  while updating tuple (1228,43) in relation "donation"
	SQL statement "UPDATE donation
	       SET is_last_donation = false
	     WHERE person_id = NEW.person_id
	       AND is_last_donation
	       AND donated_at <= NEW.donated_at"
	PL/pgSQL function donation_last_flag_biu() line 7 at SQL statement
2026-09-16 09:37:39.536 UTC [1881] STATEMENT:  INSERT INTO donation (donation_id, person_id, charity_id, amount_cents, currency, donated_at, note)
	VALUES ($1, $2, $3, $4, $5, $6, $7)
2026-09-16 09:37:40.554 UTC [1873] ERROR:  deadlock detected
2026-09-16 09:37:40.554 UTC [1873] DETAIL:  Process 1873 waits for ExclusiveLock on tuple (1228,46) of relation 21537 of database 16384; blocked by process 1880.
	Process 1880 waits for ShareLock on transaction 2185269; blocked by process 1872.
	Process 1872 waits for ShareLock on transaction 2185267; blocked by process 1873.
	Process 1873: INSERT INTO donation (donation_id, person_id, charity_id, amount_cents, currency, donated_at, note)
	VALUES ($1, $2, $3, $4, $5, $6, $7)
	Process 1880: INSERT INTO donation (donation_id, person_id, charity_id, amount_cents, currency, donated_at, note)
	VALUES ($1, $2, $3, $4, $5, $6, $7)
	Process 1872: INSERT INTO donation (donation_id, person_id, charity_id, amount_cents, currency, donated_at, note)
	VALUES ($1, $2, $3, $4, $5, $6, $7)
2026-09-16 09:37:40.554 UTC [1873] HINT:  See server log for query details.
2026-09-16 09:37:40.554 UTC [1873] CONTEXT:  SQL statement "UPDATE donation
	       SET is_last_donation = false
	     WHERE person_id = NEW.person_id
	       AND is_last_donation
	       AND donated_at <= NEW.donated_at"
	PL/pgSQL function donation_last_flag_biu() line 7 at SQL statement
2026-09-16 09:37:40.554 UTC [1873] STATEMENT:  INSERT INTO donation (donation_id, person_id, charity_id, amount_cents, currency, donated_at, note)
	VALUES ($1, $2, $3, $4, $5, $6, $7)
2026-09-16 09:37:41.555 UTC [1874] ERROR:  deadlock detected
2026-09-16 09:37:41.555 UTC [1874] DETAIL:  Process 1874 waits for ShareLock on transaction 2185269; blocked by process 1872.
	Process 1872 waits for ShareLock on transaction 2185271; blocked by process 1882.
	Process 1882 waits for ShareLock on transaction 2185268; blocked by process 1874.
	Process 1874: INSERT INTO donation (donation_id, person_id, charity_id, amount_cents, currency, donated_at, note)
	VALUES ($1, $2, $3, $4, $5, $6, $7)
	Process 1872: INSERT INTO donation (donation_id, person_id, charity_id, amount_cents, currency, donated_at, note)
	VALUES ($1, $2, $3, $4, $5, $6, $7)
	Process 1882: INSERT INTO donation (donation_id, person_id, charity_id, amount_cents, currency, donated_at, note)
	VALUES ($1, $2, $3, $4, $5, $6, $7)
2026-09-16 09:37:41.555 UTC [1874] HINT:  See server log for query details.
2026-09-16 09:37:41.555 UTC [1874] CONTEXT:  while locking tuple (1231,3) in relation "donation"
	SQL statement "UPDATE donation
	       SET is_last_donation = false
	     WHERE person_id = NEW.person_id
	       AND is_last_donation
	       AND donated_at <= NEW.donated_at"
	PL/pgSQL function donation_last_flag_biu() line 7 at SQL statement
2026-09-16 09:37:41.555 UTC [1874] STATEMENT:  INSERT INTO donation (donation_id, person_id, charity_id, amount_cents, currency, donated_at, note)
	VALUES ($1, $2, $3, $4, $5, $6, $7)
2026-09-16 09:37:42.557 UTC [1882] ERROR:  deadlock detected
2026-09-16 09:37:42.557 UTC [1882] DETAIL:  Process 1882 waits for ShareLock on transaction 2185269; blocked by process 1872.
	Process 1872 waits for ShareLock on transaction 2185271; blocked by process 1882.
	Process 1882: INSERT INTO donation (donation_id, person_id, charity_id, amount_cents, currency, donated_at, note)
	VALUES ($1, $2, $3, $4, $5, $6, $7)
	Process 1872: INSERT INTO donation (donation_id, person_id, charity_id, amount_cents, currency, donated_at, note)
	VALUES ($1, $2, $3, $4, $5, $6, $7)
2026-09-16 09:37:42.557 UTC [1882] HINT:  See server log for query details.
2026-09-16 09:37:42.557 UTC [1882] CONTEXT:  while locking tuple (1231,3) in relation "donation"
	SQL statement "UPDATE donation
	       SET is_last_donation = false
	     WHERE person_id = NEW.person_id
	       AND is_last_donation
	       AND donated_at <= NEW.donated_at"
	PL/pgSQL function donation_last_flag_biu() line 7 at SQL statement
2026-09-16 09:37:42.557 UTC [1882] STATEMENT:  INSERT INTO donation (donation_id, person_id, charity_id, amount_cents, currency, donated_at, note)
	VALUES ($1, $2, $3, $4, $5, $6, $7)
2026-09-16 09:37:43.559 UTC [1883] ERROR:  deadlock detected
2026-09-16 09:37:43.559 UTC [1883] DETAIL:  Process 1883 waits for ShareLock on transaction 2185272; blocked by process 1881.
	Process 1881 waits for ShareLock on transaction 2185273; blocked by process 1883.
	Process 1883: INSERT INTO donation (donation_id, person_id, charity_id, amount_cents, currency, donated_at, note)
	VALUES ($1, $2, $3, $4, $5, $6, $7)
	Process 1881: INSERT INTO donation (donation_id, person_id, charity_id, amount_cents, currency, donated_at, note)
	VALUES ($1, $2, $3, $4, $5, $6, $7)
2026-09-16 09:37:43.559 UTC [1883] HINT:  See server log for query details.
2026-09-16 09:37:43.559 UTC [1883] CONTEXT:  while updating tuple (1227,87) in relation "donation"
	SQL statement "UPDATE donation
	       SET is_last_donation = false
	     WHERE person_id = NEW.person_id
	       AND is_last_donation
	       AND donated_at <= NEW.donated_at"
	PL/pgSQL function donation_last_flag_biu() line 7 at SQL statement
2026-09-16 09:37:43.559 UTC [1883] STATEMENT:  INSERT INTO donation (donation_id, person_id, charity_id, amount_cents, currency, donated_at, note)
	VALUES ($1, $2, $3, $4, $5, $6, $7)
2026-09-16 09:37:44.577 UTC [1872] ERROR:  deadlock detected
2026-09-16 09:37:44.577 UTC [1872] DETAIL:  Process 1872 waits for ShareLock on transaction 2185274; blocked by process 1871.
	Process 1871 waits for ShareLock on transaction 2185278; blocked by process 1872.
	Process 1872: INSERT INTO donation (donation_id, person_id, charity_id, amount_cents, currency, donated_at, note)
	VALUES ($1, $2, $3, $4, $5, $6, $7)
	Process 1871: INSERT INTO donation (donation_id, person_id, charity_id, amount_cents, currency, donated_at, note)
	VALUES ($1, $2, $3, $4, $5, $6, $7)
2026-09-16 09:37:44.577 UTC [1872] HINT:  See server log for query details.
2026-09-16 09:37:44.577 UTC [1872] CONTEXT:  while updating tuple (1228,47) in relation "donation"
	SQL statement "UPDATE donation
	       SET is_last_donation = false
	     WHERE person_id = NEW.person_id
	       AND is_last_donation
	       AND donated_at <= NEW.donated_at"
	PL/pgSQL function donation_last_flag_biu() line 7 at SQL statement
2026-09-16 09:37:44.577 UTC [1872] STATEMENT:  INSERT INTO donation (donation_id, person_id, charity_id, amount_cents, currency, donated_at, note)
	VALUES ($1, $2, $3, $4, $5, $6, $7)
2026-09-16 09:41:23.053 UTC [61] LOG:  checkpoint complete: wrote 225 buffers (0.2%); 0 WAL file(s) added, 0 removed, 49 recycled; write=264.777 s, sync=0.605 s, total=265.799 s; sync files=331, longest=0.079 s, average=0.002 s; distance=805867 kB, estimate=1023835 kB; lsn=1/2CFAC1B0, redo lsn=1/12430270
