  engine: PostgreSQL 17.11 (Debian 17.11-1.pgdg13+2) on x86_64-pc-linux-gnu, compiled by gcc (Debian 14.2.0-19) 14.2.0, 64-bit
  database clock minus client clock: 0.000 ms
  dataset: 5 venues, 658 events, 56103 tickets and 2217 holds at load
  loading e0_app_clock_expiry ...
  loaded in 1.3s (copy 1.1s, index 0.2s)
  verifying answers against ground truth ...
    58/58 checks passed (margin 600s); audit on load: consistent (658 events, 56103 tickets; rejections late=0 boundary=0)
  capturing plans ...
  read benchmark:
    q01_section_map@10                    20108.0 ops/s  p50=  0.169ms p99=   0.734ms  errors=0
    q02_event_sections@10                 20341.1 ops/s  p50=  0.170ms p99=   0.793ms  errors=0
    q03_event_available@10                20698.2 ops/s  p50=  0.165ms p99=   0.716ms  errors=0
    q01_section_map@100                   28809.4 ops/s  p50=  0.138ms p99=   0.605ms  errors=0
    q02_event_sections@100                18262.8 ops/s  p50=  0.180ms p99=   0.683ms  errors=0
    q03_event_available@100               18464.7 ops/s  p50=  0.180ms p99=   0.754ms  errors=0
    q01_section_map@1000                  20906.3 ops/s  p50=  0.170ms p99=   0.720ms  errors=0
    q02_event_sections@1000                8845.7 ops/s  p50=  0.302ms p99=   1.760ms  errors=0
    q03_event_available@1000               9574.5 ops/s  p50=  0.281ms p99=   1.399ms  errors=0
    q01_section_map@10000                 15595.7 ops/s  p50=  0.204ms p99=   0.822ms  errors=0
    q02_event_sections@10000               1400.5 ops/s  p50=  1.322ms p99=  77.878ms  errors=0
    q03_event_available@10000              1525.8 ops/s  p50=  1.239ms p99=  77.048ms  errors=0
    q01_section_map@100000                 9567.5 ops/s  p50=  0.298ms p99=   1.464ms  errors=0
    q02_event_sections@100000               129.6 ops/s  p50= 87.451ms p99= 103.369ms  errors=0
    q03_event_available@100000              162.9 ops/s  p50= 16.149ms p99=  99.124ms  errors=0
    q04_hold_seats                        16146.7 ops/s  p50=  0.196ms p99=   0.831ms  errors=0
    q05_customer_tickets                  33470.0 ops/s  p50=  0.131ms p99=   0.551ms  errors=0
    q06_ticket_by_id                      37958.1 ops/s  p50=  0.125ms p99=   0.514ms  errors=0
  write benchmark (fresh load per op):
    hold                                    129.2 ops/s  p50= 79.360ms p99= 199.521ms  rejected=5 retries=0 errors=0
      audit after hold: VIOLATIONS — thefts 78, grants on sold seats 0, double sales 0, sales without the hold 0, late sales 0, early rejections 0 (transient 0), duplicate seats 0, inventory drift 0, invalid seats 0, partial holds 0, ticket mismatches 0
    release                                4496.6 ops/s  p50=  1.610ms p99=  10.749ms  rejected=0 retries=0 errors=0
      audit after release: consistent (658 events, 56103 tickets; rejections late=0 boundary=0)
    cancel                                 3804.9 ops/s  p50=  2.007ms p99=   7.446ms  rejected=0 retries=0 errors=0
      audit after cancel: consistent (658 events, 28053 tickets; rejections late=0 boundary=0)
    publish@10                             2251.9 ops/s  p50=  1.742ms p99=   2.870ms  rejected=0 retries=0 errors=0
    publish@100                            1472.1 ops/s  p50=  2.280ms p99=  18.934ms  rejected=0 retries=0 errors=0
    publish@1000                            298.3 ops/s  p50= 12.660ms p99=  16.853ms  rejected=0 retries=0 errors=0
    publish@10000                            28.9 ops/s  p50= 68.619ms p99=  68.619ms  rejected=0 retries=0 errors=0
    publish@100000                            3.0 ops/s  p50=670.719ms p99= 670.719ms  rejected=0 retries=0 errors=0
      audit after publish: consistent (2887 events, 56103 tickets; rejections late=0 boundary=0)
  race trial 1/1 (32 buyers per event, fresh load):
      race event 501: gate 2026-09-15T00:55:07.617065964Z, deadline 2026-09-15T00:56:07.617065964Z
      race event 502: gate 2026-09-15T00:55:07.650824458Z, deadline 2026-09-15T00:56:07.650824458Z
      race event 503: gate 2026-09-15T00:55:07.834733541Z, deadline 2026-09-15T00:56:07.834733541Z
      race event 504: gate 2026-09-15T00:55:07.8856502Z, deadline 2026-09-15T00:56:07.8856502Z
      race event 505: gate 2026-09-15T00:55:07.911140027Z, deadline 2026-09-15T00:56:07.911140027Z
      race event 506: gate 2026-09-15T00:55:07.946167126Z, deadline 2026-09-15T00:56:07.946167126Z
      race event 507: gate 2026-09-15T00:55:07.984460024Z, deadline 2026-09-15T00:56:07.984460024Z
      race event 508: gate 2026-09-15T00:55:08.029175945Z, deadline 2026-09-15T00:56:08.029175945Z
      race event 509: gate 2026-09-15T00:55:08.065668348Z, deadline 2026-09-15T00:56:08.065668348Z
      race event 510: gate 2026-09-15T00:55:08.135952802Z, deadline 2026-09-15T00:56:08.135952802Z
      race event 511: gate 2026-09-15T00:55:08.178178988Z, deadline 2026-09-15T00:56:08.178178988Z
      race event 512: gate 2026-09-15T00:55:08.217058726Z, deadline 2026-09-15T00:56:08.217058726Z
      race event 513: gate 2026-09-15T00:55:08.246337804Z, deadline 2026-09-15T00:56:08.246337804Z
      race event 514: gate 2026-09-15T00:55:08.275427594Z, deadline 2026-09-15T00:56:08.275427594Z
      race event 515: gate 2026-09-15T00:55:08.332217185Z, deadline 2026-09-15T00:56:08.332217185Z
      race event 516: gate 2026-09-15T00:55:08.347861966Z, deadline 2026-09-15T00:56:08.347861966Z
      race event 517: gate 2026-09-15T00:55:08.381889663Z, deadline 2026-09-15T00:56:08.381889663Z
      race event 518: gate 2026-09-15T00:55:08.439546809Z, deadline 2026-09-15T00:56:08.439546809Z
      race event 519: gate 2026-09-15T00:55:08.467222463Z, deadline 2026-09-15T00:56:08.467222463Z
      race event 520: gate 2026-09-15T00:55:08.523060872Z, deadline 2026-09-15T00:56:08.523060872Z
      race event 521: gate 2026-09-15T00:55:08.552874671Z, deadline 2026-09-15T00:56:08.552874671Z
      race event 522: gate 2026-09-15T00:55:08.575291295Z, deadline 2026-09-15T00:56:08.575291295Z
      race event 523: gate 2026-09-15T00:55:08.630918152Z, deadline 2026-09-15T00:56:08.630918152Z
      race event 524: gate 2026-09-15T00:55:08.664241446Z, deadline 2026-09-15T00:56:08.664241446Z
      race event 525: gate 2026-09-15T00:55:08.759612038Z, deadline 2026-09-15T00:56:08.759612038Z
      race event 526: gate 2026-09-15T00:55:08.821523131Z, deadline 2026-09-15T00:56:08.821523131Z
      race event 527: gate 2026-09-15T00:55:08.862638172Z, deadline 2026-09-15T00:56:08.862638172Z
      race event 528: gate 2026-09-15T00:55:08.895071133Z, deadline 2026-09-15T00:56:08.895071133Z
      race event 529: gate 2026-09-15T00:55:08.942493285Z, deadline 2026-09-15T00:56:08.942493285Z
      race event 530: gate 2026-09-15T00:55:08.960531224Z, deadline 2026-09-15T00:56:08.960531224Z
      race event 531: gate 2026-09-15T00:55:08.982375743Z, deadline 2026-09-15T00:56:08.982375743Z
      race event 532: gate 2026-09-15T00:55:09.04094989Z, deadline 2026-09-15T00:56:09.04094989Z
      race event 533: gate 2026-09-15T00:55:09.068314401Z, deadline 2026-09-15T00:56:09.068314401Z
      race event 534: gate 2026-09-15T00:55:09.162733959Z, deadline 2026-09-15T00:56:09.162733959Z
      race event 535: gate 2026-09-15T00:55:09.220190053Z, deadline 2026-09-15T00:56:09.220190053Z
      race event 536: gate 2026-09-15T00:55:09.250871138Z, deadline 2026-09-15T00:56:09.250871138Z
      race event 537: gate 2026-09-15T00:55:09.288705893Z, deadline 2026-09-15T00:56:09.288705893Z
      race event 538: gate 2026-09-15T00:55:09.351567524Z, deadline 2026-09-15T00:56:09.351567524Z
      race event 539: gate 2026-09-15T00:55:09.374246048Z, deadline 2026-09-15T00:56:09.374246048Z
      race event 540: gate 2026-09-15T00:55:09.436176008Z, deadline 2026-09-15T00:56:09.436176008Z
      race event 541: gate 2026-09-15T00:55:09.46602629Z, deadline 2026-09-15T00:56:09.46602629Z
      race event 542: gate 2026-09-15T00:55:09.528382731Z, deadline 2026-09-15T00:56:09.528382731Z
      race event 543: gate 2026-09-15T00:55:09.56801941Z, deadline 2026-09-15T00:56:09.56801941Z
      race event 544: gate 2026-09-15T00:55:09.593317134Z, deadline 2026-09-15T00:56:09.593317134Z
      race event 545: gate 2026-09-15T00:55:09.646839225Z, deadline 2026-09-15T00:56:09.646839225Z
      race event 546: gate 2026-09-15T00:55:09.674933083Z, deadline 2026-09-15T00:56:09.674933083Z
      race event 547: gate 2026-09-15T00:55:09.737056977Z, deadline 2026-09-15T00:56:09.737056977Z
      race event 548: gate 2026-09-15T00:55:09.77218174Z, deadline 2026-09-15T00:56:09.77218174Z
      race event 549: gate 2026-09-15T00:55:09.821341203Z, deadline 2026-09-15T00:56:09.821341203Z
      race event 550: gate 2026-09-15T00:55:09.840612582Z, deadline 2026-09-15T00:56:09.840612582Z
      race event 551: gate 2026-09-15T00:55:09.859296Z, deadline 2026-09-15T00:56:09.859296Z
      race event 552: gate 2026-09-15T00:55:09.933920027Z, deadline 2026-09-15T00:56:09.933920027Z
      race event 553: gate 2026-09-15T00:55:09.963056161Z, deadline 2026-09-15T00:56:09.963056161Z
      race event 554: gate 2026-09-15T00:55:10.02329698Z, deadline 2026-09-15T00:56:10.02329698Z
      race event 555: gate 2026-09-15T00:55:10.044490498Z, deadline 2026-09-15T00:56:10.044490498Z
      race event 556: gate 2026-09-15T00:55:10.087332358Z, deadline 2026-09-15T00:56:10.087332358Z
      race event 557: gate 2026-09-15T00:55:10.135286862Z, deadline 2026-09-15T00:56:10.135286862Z
      race event 558: gate 2026-09-15T00:55:10.16479888Z, deadline 2026-09-15T00:56:10.16479888Z
      race event 559: gate 2026-09-15T00:55:10.222955697Z, deadline 2026-09-15T00:56:10.222955697Z
      race event 560: gate 2026-09-15T00:55:10.252960857Z, deadline 2026-09-15T00:56:10.252960857Z
      race event 561: gate 2026-09-15T00:55:10.284368649Z, deadline 2026-09-15T00:56:10.284368649Z
      race event 562: gate 2026-09-15T00:55:10.350039031Z, deadline 2026-09-15T00:56:10.350039031Z
      race event 563: gate 2026-09-15T00:55:10.425811075Z, deadline 2026-09-15T00:56:10.425811075Z
      race event 564: gate 2026-09-15T00:55:10.447237859Z, deadline 2026-09-15T00:56:10.447237859Z
      race event 565: gate 2026-09-15T00:55:10.481091436Z, deadline 2026-09-15T00:56:10.481091436Z
      race event 566: gate 2026-09-15T00:55:10.550431646Z, deadline 2026-09-15T00:56:10.550431646Z
      race event 567: gate 2026-09-15T00:55:10.572590127Z, deadline 2026-09-15T00:56:10.572590127Z
      race event 568: gate 2026-09-15T00:55:10.642671163Z, deadline 2026-09-15T00:56:10.642671163Z
      race event 569: gate 2026-09-15T00:55:10.673839265Z, deadline 2026-09-15T00:56:10.673839265Z
      race event 570: gate 2026-09-15T00:55:10.742262956Z, deadline 2026-09-15T00:56:10.742262956Z
      race event 571: gate 2026-09-15T00:55:10.763184966Z, deadline 2026-09-15T00:56:10.763184966Z
      race event 572: gate 2026-09-15T00:55:10.840771887Z, deadline 2026-09-15T00:56:10.840771887Z
      race event 573: gate 2026-09-15T00:55:10.880375842Z, deadline 2026-09-15T00:56:10.880375842Z
      race event 574: gate 2026-09-15T00:55:10.943548882Z, deadline 2026-09-15T00:56:10.943548882Z
      race event 575: gate 2026-09-15T00:55:11.029516189Z, deadline 2026-09-15T00:56:11.029516189Z
      race event 576: gate 2026-09-15T00:55:11.066927472Z, deadline 2026-09-15T00:56:11.066927472Z
      race event 577: gate 2026-09-15T00:55:11.132341043Z, deadline 2026-09-15T00:56:11.132341043Z
      race event 578: gate 2026-09-15T00:55:11.16141372Z, deadline 2026-09-15T00:56:11.16141372Z
      race event 579: gate 2026-09-15T00:55:11.224620131Z, deadline 2026-09-15T00:56:11.224620131Z
      race event 580: gate 2026-09-15T00:55:11.265467563Z, deadline 2026-09-15T00:56:11.265467563Z
      race event 581: gate 2026-09-15T00:55:11.333721245Z, deadline 2026-09-15T00:56:11.333721245Z
      race event 582: gate 2026-09-15T00:55:11.349884254Z, deadline 2026-09-15T00:56:11.349884254Z
      race event 583: gate 2026-09-15T00:55:11.377864909Z, deadline 2026-09-15T00:56:11.377864909Z
      race event 584: gate 2026-09-15T00:55:11.438170564Z, deadline 2026-09-15T00:56:11.438170564Z
      race event 585: gate 2026-09-15T00:55:11.474889495Z, deadline 2026-09-15T00:56:11.474889495Z
      race event 586: gate 2026-09-15T00:55:11.531020246Z, deadline 2026-09-15T00:56:11.531020246Z
      race event 587: gate 2026-09-15T00:55:11.559576955Z, deadline 2026-09-15T00:56:11.559576955Z
      race event 588: gate 2026-09-15T00:55:11.585262074Z, deadline 2026-09-15T00:56:11.585262074Z
      race event 589: gate 2026-09-15T00:55:11.637051863Z, deadline 2026-09-15T00:56:11.637051863Z
      race event 590: gate 2026-09-15T00:55:11.664077355Z, deadline 2026-09-15T00:56:11.664077355Z
      race event 591: gate 2026-09-15T00:55:11.728664404Z, deadline 2026-09-15T00:56:11.728664404Z
      race event 592: gate 2026-09-15T00:55:11.750669958Z, deadline 2026-09-15T00:56:11.750669958Z
      race event 593: gate 2026-09-15T00:55:11.7781813Z, deadline 2026-09-15T00:56:11.7781813Z
      race event 594: gate 2026-09-15T00:55:11.85536525Z, deadline 2026-09-15T00:56:11.85536525Z
      race event 595: gate 2026-09-15T00:55:11.921774323Z, deadline 2026-09-15T00:56:11.921774323Z
      race event 596: gate 2026-09-15T00:55:11.952081539Z, deadline 2026-09-15T00:56:11.952081539Z
      race event 597: gate 2026-09-15T00:55:11.980138945Z, deadline 2026-09-15T00:56:11.980138945Z
      race event 598: gate 2026-09-15T00:55:12.031472061Z, deadline 2026-09-15T00:56:12.031472061Z
      race event 599: gate 2026-09-15T00:55:12.069474619Z, deadline 2026-09-15T00:56:12.069474619Z
      race event 600: gate 2026-09-15T00:55:12.124004798Z, deadline 2026-09-15T00:56:12.124004798Z
    race     10 seats x100      309.1 seats/s  conflicts/hold=9.56 reads/hold=17.78  hold p50=2.86ms p99=56.97ms  deferred 63/63 ok  confirm retries sold/run=0/0  errors=0  ok
      audit: consistent (100 events, 1000 tickets; rejections late=0 boundary=0)
      race event 601: gate 2026-09-15T00:55:12.264628388Z, deadline 2026-09-15T00:56:12.264628388Z
      race event 602: gate 2026-09-15T00:55:12.344785015Z, deadline 2026-09-15T00:56:12.344785015Z
      race event 603: gate 2026-09-15T00:55:12.452346603Z, deadline 2026-09-15T00:56:12.452346603Z
      race event 604: gate 2026-09-15T00:55:12.636552177Z, deadline 2026-09-15T00:56:12.636552177Z
      race event 605: gate 2026-09-15T00:55:12.743360704Z, deadline 2026-09-15T00:56:12.743360704Z
      race event 606: gate 2026-09-15T00:55:12.854459204Z, deadline 2026-09-15T00:56:12.854459204Z
      race event 607: gate 2026-09-15T00:55:12.95408974Z, deadline 2026-09-15T00:56:12.95408974Z
      race event 608: gate 2026-09-15T00:55:13.067052063Z, deadline 2026-09-15T00:56:13.067052063Z
      race event 609: gate 2026-09-15T00:55:13.227489965Z, deadline 2026-09-15T00:56:13.227489965Z
      race event 610: gate 2026-09-15T00:55:13.338471615Z, deadline 2026-09-15T00:56:13.338471615Z
      race event 611: gate 2026-09-15T00:55:13.448632482Z, deadline 2026-09-15T00:56:13.448632482Z
      race event 612: gate 2026-09-15T00:55:13.555914508Z, deadline 2026-09-15T00:56:13.555914508Z
      race event 613: gate 2026-09-15T00:55:13.723992513Z, deadline 2026-09-15T00:56:13.723992513Z
      race event 614: gate 2026-09-15T00:55:13.83277606Z, deadline 2026-09-15T00:56:13.83277606Z
      race event 615: gate 2026-09-15T00:55:13.937417662Z, deadline 2026-09-15T00:56:13.937417662Z
      race event 616: gate 2026-09-15T00:55:14.047494193Z, deadline 2026-09-15T00:56:14.047494193Z
      race event 617: gate 2026-09-15T00:55:14.223851059Z, deadline 2026-09-15T00:56:14.223851059Z
      race event 618: gate 2026-09-15T00:55:14.333278206Z, deadline 2026-09-15T00:56:14.333278206Z
      race event 619: gate 2026-09-15T00:55:14.438332672Z, deadline 2026-09-15T00:56:14.438332672Z
      race event 620: gate 2026-09-15T00:55:14.550319598Z, deadline 2026-09-15T00:56:14.550319598Z
    race    100 seats x20       956.2 seats/s  conflicts/hold=3.16 reads/hold=5.83  hold p50=2.81ms p99=67.75ms  deferred 92/92 ok  confirm retries sold/run=0/0  errors=0  ok
      audit: consistent (20 events, 2000 tickets; rejections late=0 boundary=0)
      race event 621: gate 2026-09-15T00:55:14.75091118Z, deadline 2026-09-15T00:56:14.75091118Z
      race event 622: gate 2026-09-15T00:55:15.533798017Z, deadline 2026-09-15T00:56:15.533798017Z
      race event 623: gate 2026-09-15T00:55:16.345509974Z, deadline 2026-09-15T00:56:16.345509974Z
      race event 624: gate 2026-09-15T00:55:17.219498628Z, deadline 2026-09-15T00:56:17.219498628Z
      race event 625: gate 2026-09-15T00:55:25.348172849Z, deadline 2026-09-15T00:56:25.348172849Z
    race   1000 seats x5       1313.8 seats/s  conflicts/hold=1.44 reads/hold=3.92  hold p50=3.43ms p99=74.24ms  deferred 197/197 ok  confirm retries sold/run=0/0  errors=0  ok
      audit: consistent (5 events, 5000 tickets; rejections late=0 boundary=0)
      race event 626: gate 2026-09-15T00:55:26.165034563Z, deadline 2026-09-15T00:56:26.165034563Z
      race event 627: gate 2026-09-15T00:55:42.473656653Z, deadline 2026-09-15T00:56:42.473656653Z
    race  10000 seats x2        610.4 seats/s  conflicts/hold=0.40 reads/hold=3.59  hold p50=6.62ms p99=94.16ms  deferred 891/891 ok  confirm retries sold/run=0/0  errors=0  ok
      audit: consistent (2 events, 20000 tickets; rejections late=0 boundary=0)
      race event 628: gate 2026-09-15T00:55:59.505428422Z, deadline 2026-09-15T00:56:59.505428422Z
    race 100000 seats x1        303.4 seats/s  conflicts/hold=0.11 reads/hold=1.28  hold p50=81.77ms p99=179.38ms  deferred 676/676 ok  confirm retries sold/run=0/0  errors=0  ok, 1 timed out (18% sold)
      audit: consistent (1 events, 18218 tickets; rejections late=0 boundary=0)
  lifecycle trial 1/1 (32 buyers per event, one human minute = 50ms, fresh load):
    lifecycle    10 seats x6       4.6 confirmed seats/s  holds=48 abandoned=3+4 expired@check=4 rejected late/boundary/early(transient)=1/0/0(0)  confirm retries sold/run=0/0  outage unavailable=0/0  leaked=0 errors=0  VIOLATIONS
      audit: VIOLATIONS — thefts 4, grants on sold seats 0, double sales 0, sales without the hold 0, late sales 0, early rejections 0 (transient 0), duplicate seats 0, inventory drift 0, invalid seats 0, partial holds 0, ticket mismatches 0
    lifecycle   100 seats x6      14.8 confirmed seats/s  holds=482 abandoned=79+45 expired@check=32 rejected late/boundary/early(transient)=4/0/7(0)  confirm retries sold/run=0/0  outage unavailable=0/0  leaked=0 errors=0  VIOLATIONS
      audit: VIOLATIONS — thefts 128, grants on sold seats 0, double sales 0, sales without the hold 0, late sales 0, early rejections 7 (transient 0), duplicate seats 0, inventory drift 0, invalid seats 0, partial holds 0, ticket mismatches 0
    lifecycle  1000 seats x6      68.6 confirmed seats/s  holds=3530 abandoned=519+349 expired@check=210 rejected late/boundary/early(transient)=5/0/59(0)  confirm retries sold/run=0/0  outage unavailable=0/10  leaked=0 errors=0  VIOLATIONS
      audit: VIOLATIONS — thefts 169, grants on sold seats 0, double sales 0, sales without the hold 0, late sales 0, early rejections 59 (transient 0), duplicate seats 0, inventory drift 0, invalid seats 0, partial holds 0, ticket mismatches 0
  wrote /results/e0_app_clock_expiry.json
