  engine: PostgreSQL 17.11 (Debian 17.11-1.pgdg13+2) on x86_64-pc-linux-gnu, compiled by gcc (Debian 14.2.0-19) 14.2.0, 64-bit
  database clock minus client clock: 0.001 ms
  dataset: 5 venues, 658 events, 56103 tickets and 2217 holds at load
  loading e1_sweeper_expiry ...
  loaded in 1.3s (copy 1.1s, index 0.1s)
  verifying answers against ground truth ...
    58/58 checks passed (margin 600s); audit on load: consistent (658 events, 56103 tickets; rejections late=0 boundary=0)
  capturing plans ...
  read benchmark:
    q01_section_map@10                    19267.7 ops/s  p50=  0.177ms p99=   0.924ms  errors=0
    q02_event_sections@10                 20533.8 ops/s  p50=  0.167ms p99=   0.856ms  errors=0
    q03_event_available@10                22711.7 ops/s  p50=  0.159ms p99=   0.627ms  errors=0
    q01_section_map@100                   27853.9 ops/s  p50=  0.142ms p99=   0.737ms  errors=0
    q02_event_sections@100                18272.8 ops/s  p50=  0.180ms p99=   0.992ms  errors=0
    q03_event_available@100               20287.7 ops/s  p50=  0.170ms p99=   0.733ms  errors=0
    q01_section_map@1000                  20772.1 ops/s  p50=  0.170ms p99=   0.655ms  errors=0
    q02_event_sections@1000                9717.1 ops/s  p50=  0.280ms p99=   1.254ms  errors=0
    q03_event_available@1000               9805.6 ops/s  p50=  0.281ms p99=   1.568ms  errors=0
    q01_section_map@10000                 14479.8 ops/s  p50=  0.223ms p99=   1.064ms  errors=0
    q02_event_sections@10000               1252.7 ops/s  p50=  1.429ms p99=  78.519ms  errors=0
    q03_event_available@10000              1828.0 ops/s  p50=  1.097ms p99=  74.990ms  errors=0
    q01_section_map@100000                 9172.9 ops/s  p50=  0.310ms p99=   1.730ms  errors=0
    q02_event_sections@100000               140.2 ops/s  p50= 85.528ms p99= 103.635ms  errors=0
    q03_event_available@100000              166.6 ops/s  p50= 16.314ms p99=  98.791ms  errors=0
    q04_hold_seats                         9035.4 ops/s  p50=  0.290ms p99=   1.458ms  errors=0
    q05_customer_tickets                  31530.0 ops/s  p50=  0.143ms p99=   0.625ms  errors=0
    q06_ticket_by_id                      37313.7 ops/s  p50=  0.129ms p99=   0.557ms  errors=0
  write benchmark (fresh load per op):
    hold                                    155.6 ops/s  p50= 22.769ms p99= 185.186ms  rejected=4 retries=1 errors=0
      audit after hold: consistent (658 events, 82119 tickets; rejections late=0 boundary=0)
    release                                4122.4 ops/s  p50=  1.812ms p99=   8.914ms  rejected=0 retries=0 errors=0
      audit after release: consistent (658 events, 56103 tickets; rejections late=0 boundary=0)
    cancel                                 3784.9 ops/s  p50=  2.037ms p99=   5.983ms  rejected=0 retries=0 errors=0
      audit after cancel: consistent (658 events, 28053 tickets; rejections late=0 boundary=0)
    publish@10                             2119.8 ops/s  p50=  1.819ms p99=   3.107ms  rejected=0 retries=0 errors=0
    publish@100                            1583.0 ops/s  p50=  2.373ms p99=   3.933ms  rejected=0 retries=0 errors=0
    publish@1000                            331.4 ops/s  p50=  9.759ms p99=  22.492ms  rejected=0 retries=0 errors=0
    publish@10000                            32.2 ops/s  p50= 60.364ms p99=  60.364ms  rejected=0 retries=0 errors=0
    publish@100000                            3.0 ops/s  p50=672.575ms p99= 672.575ms  rejected=0 retries=0 errors=0
      audit after publish: consistent (2887 events, 56103 tickets; rejections late=0 boundary=0)
  race trial 1/1 (32 buyers per event, fresh load):
      race event 501: gate 2026-09-15T01:03:20.144877231Z, deadline 2026-09-15T01:04:20.144877231Z
      race event 502: gate 2026-09-15T01:03:20.173446117Z, deadline 2026-09-15T01:04:20.173446117Z
      race event 503: gate 2026-09-15T01:03:20.290020049Z, deadline 2026-09-15T01:04:20.290020049Z
      race event 504: gate 2026-09-15T01:03:20.357963995Z, deadline 2026-09-15T01:04:20.357963995Z
      race event 505: gate 2026-09-15T01:03:20.390188604Z, deadline 2026-09-15T01:04:20.390188604Z
      race event 506: gate 2026-09-15T01:03:20.425989829Z, deadline 2026-09-15T01:04:20.425989829Z
      race event 507: gate 2026-09-15T01:03:20.444512575Z, deadline 2026-09-15T01:04:20.444512575Z
      race event 508: gate 2026-09-15T01:03:20.487924413Z, deadline 2026-09-15T01:04:20.487924413Z
      race event 509: gate 2026-09-15T01:03:20.540710708Z, deadline 2026-09-15T01:04:20.540710708Z
      race event 510: gate 2026-09-15T01:03:20.558418901Z, deadline 2026-09-15T01:04:20.558418901Z
      race event 511: gate 2026-09-15T01:03:20.594162979Z, deadline 2026-09-15T01:04:20.594162979Z
      race event 512: gate 2026-09-15T01:03:20.611998067Z, deadline 2026-09-15T01:04:20.611998067Z
      race event 513: gate 2026-09-15T01:03:20.639772962Z, deadline 2026-09-15T01:04:20.639772962Z
      race event 514: gate 2026-09-15T01:03:20.681233626Z, deadline 2026-09-15T01:04:20.681233626Z
      race event 515: gate 2026-09-15T01:03:20.698997362Z, deadline 2026-09-15T01:04:20.698997362Z
      race event 516: gate 2026-09-15T01:03:20.748697192Z, deadline 2026-09-15T01:04:20.748697192Z
      race event 517: gate 2026-09-15T01:03:20.768484556Z, deadline 2026-09-15T01:04:20.768484556Z
      race event 518: gate 2026-09-15T01:03:20.841580195Z, deadline 2026-09-15T01:04:20.841580195Z
      race event 519: gate 2026-09-15T01:03:20.869274914Z, deadline 2026-09-15T01:04:20.869274914Z
      race event 520: gate 2026-09-15T01:03:20.902502127Z, deadline 2026-09-15T01:04:20.902502127Z
      race event 521: gate 2026-09-15T01:03:20.956783776Z, deadline 2026-09-15T01:04:20.956783776Z
      race event 522: gate 2026-09-15T01:03:20.984226095Z, deadline 2026-09-15T01:04:20.984226095Z
      race event 523: gate 2026-09-15T01:03:21.048233601Z, deadline 2026-09-15T01:04:21.048233601Z
      race event 524: gate 2026-09-15T01:03:21.082253931Z, deadline 2026-09-15T01:04:21.082253931Z
      race event 525: gate 2026-09-15T01:03:21.099529296Z, deadline 2026-09-15T01:04:21.099529296Z
      race event 526: gate 2026-09-15T01:03:21.172975623Z, deadline 2026-09-15T01:04:21.172975623Z
      race event 527: gate 2026-09-15T01:03:21.19341066Z, deadline 2026-09-15T01:04:21.19341066Z
      race event 528: gate 2026-09-15T01:03:21.252411342Z, deadline 2026-09-15T01:04:21.252411342Z
      race event 529: gate 2026-09-15T01:03:21.277056759Z, deadline 2026-09-15T01:04:21.277056759Z
      race event 530: gate 2026-09-15T01:03:21.297877735Z, deadline 2026-09-15T01:04:21.297877735Z
      race event 531: gate 2026-09-15T01:03:21.365250436Z, deadline 2026-09-15T01:04:21.365250436Z
      race event 532: gate 2026-09-15T01:03:21.391434722Z, deadline 2026-09-15T01:04:21.391434722Z
      race event 533: gate 2026-09-15T01:03:21.447507291Z, deadline 2026-09-15T01:04:21.447507291Z
      race event 534: gate 2026-09-15T01:03:21.473926061Z, deadline 2026-09-15T01:04:21.473926061Z
      race event 535: gate 2026-09-15T01:03:21.543576342Z, deadline 2026-09-15T01:04:21.543576342Z
      race event 536: gate 2026-09-15T01:03:21.561530042Z, deadline 2026-09-15T01:04:21.561530042Z
      race event 537: gate 2026-09-15T01:03:21.591200248Z, deadline 2026-09-15T01:04:21.591200248Z
      race event 538: gate 2026-09-15T01:03:21.650736031Z, deadline 2026-09-15T01:04:21.650736031Z
      race event 539: gate 2026-09-15T01:03:21.687863881Z, deadline 2026-09-15T01:04:21.687863881Z
      race event 540: gate 2026-09-15T01:03:21.75298721Z, deadline 2026-09-15T01:04:21.75298721Z
      race event 541: gate 2026-09-15T01:03:21.784637472Z, deadline 2026-09-15T01:04:21.784637472Z
      race event 542: gate 2026-09-15T01:03:21.839452574Z, deadline 2026-09-15T01:04:21.839452574Z
      race event 543: gate 2026-09-15T01:03:21.873910301Z, deadline 2026-09-15T01:04:21.873910301Z
      race event 544: gate 2026-09-15T01:03:21.906935586Z, deadline 2026-09-15T01:04:21.906935586Z
      race event 545: gate 2026-09-15T01:03:21.966596819Z, deadline 2026-09-15T01:04:21.966596819Z
      race event 546: gate 2026-09-15T01:03:21.997143235Z, deadline 2026-09-15T01:04:21.997143235Z
      race event 547: gate 2026-09-15T01:03:22.063492667Z, deadline 2026-09-15T01:04:22.063492667Z
      race event 548: gate 2026-09-15T01:03:22.096145125Z, deadline 2026-09-15T01:04:22.096145125Z
      race event 549: gate 2026-09-15T01:03:22.143214271Z, deadline 2026-09-15T01:04:22.143214271Z
      race event 550: gate 2026-09-15T01:03:22.172625201Z, deadline 2026-09-15T01:04:22.172625201Z
      race event 551: gate 2026-09-15T01:03:22.198442289Z, deadline 2026-09-15T01:04:22.198442289Z
      race event 552: gate 2026-09-15T01:03:22.26328881Z, deadline 2026-09-15T01:04:22.26328881Z
      race event 553: gate 2026-09-15T01:03:22.296443556Z, deadline 2026-09-15T01:04:22.296443556Z
      race event 554: gate 2026-09-15T01:03:22.346055853Z, deadline 2026-09-15T01:04:22.346055853Z
      race event 555: gate 2026-09-15T01:03:22.365710953Z, deadline 2026-09-15T01:04:22.365710953Z
      race event 556: gate 2026-09-15T01:03:22.390951361Z, deadline 2026-09-15T01:04:22.390951361Z
      race event 557: gate 2026-09-15T01:03:22.465186866Z, deadline 2026-09-15T01:04:22.465186866Z
      race event 558: gate 2026-09-15T01:03:22.495157902Z, deadline 2026-09-15T01:04:22.495157902Z
      race event 559: gate 2026-09-15T01:03:22.557285827Z, deadline 2026-09-15T01:04:22.557285827Z
      race event 560: gate 2026-09-15T01:03:22.57567873Z, deadline 2026-09-15T01:04:22.57567873Z
      race event 561: gate 2026-09-15T01:03:22.641122425Z, deadline 2026-09-15T01:04:22.641122425Z
      race event 562: gate 2026-09-15T01:03:22.662092184Z, deadline 2026-09-15T01:04:22.662092184Z
      race event 563: gate 2026-09-15T01:03:22.691433917Z, deadline 2026-09-15T01:04:22.691433917Z
      race event 564: gate 2026-09-15T01:03:22.746644511Z, deadline 2026-09-15T01:04:22.746644511Z
      race event 565: gate 2026-09-15T01:03:22.772025478Z, deadline 2026-09-15T01:04:22.772025478Z
      race event 566: gate 2026-09-15T01:03:22.852078867Z, deadline 2026-09-15T01:04:22.852078867Z
      race event 567: gate 2026-09-15T01:03:22.885394887Z, deadline 2026-09-15T01:04:22.885394887Z
      race event 568: gate 2026-09-15T01:03:22.942917248Z, deadline 2026-09-15T01:04:22.942917248Z
      race event 569: gate 2026-09-15T01:03:22.97475149Z, deadline 2026-09-15T01:04:22.97475149Z
      race event 570: gate 2026-09-15T01:03:23.03869163Z, deadline 2026-09-15T01:04:23.03869163Z
      race event 571: gate 2026-09-15T01:03:23.057159594Z, deadline 2026-09-15T01:04:23.057159594Z
      race event 572: gate 2026-09-15T01:03:23.086217743Z, deadline 2026-09-15T01:04:23.086217743Z
      race event 573: gate 2026-09-15T01:03:23.147364532Z, deadline 2026-09-15T01:04:23.147364532Z
      race event 574: gate 2026-09-15T01:03:23.165276342Z, deadline 2026-09-15T01:04:23.165276342Z
      race event 575: gate 2026-09-15T01:03:23.193424649Z, deadline 2026-09-15T01:04:23.193424649Z
      race event 576: gate 2026-09-15T01:03:23.267505781Z, deadline 2026-09-15T01:04:23.267505781Z
      race event 577: gate 2026-09-15T01:03:23.337804745Z, deadline 2026-09-15T01:04:23.337804745Z
      race event 578: gate 2026-09-15T01:03:23.369376149Z, deadline 2026-09-15T01:04:23.369376149Z
      race event 579: gate 2026-09-15T01:03:23.403022229Z, deadline 2026-09-15T01:04:23.403022229Z
      race event 580: gate 2026-09-15T01:03:23.452422751Z, deadline 2026-09-15T01:04:23.452422751Z
      race event 581: gate 2026-09-15T01:03:23.489489287Z, deadline 2026-09-15T01:04:23.489489287Z
      race event 582: gate 2026-09-15T01:03:23.539918157Z, deadline 2026-09-15T01:04:23.539918157Z
      race event 583: gate 2026-09-15T01:03:23.565202325Z, deadline 2026-09-15T01:04:23.565202325Z
      race event 584: gate 2026-09-15T01:03:23.595863368Z, deadline 2026-09-15T01:04:23.595863368Z
      race event 585: gate 2026-09-15T01:03:23.664977976Z, deadline 2026-09-15T01:04:23.664977976Z
      race event 586: gate 2026-09-15T01:03:23.687463826Z, deadline 2026-09-15T01:04:23.687463826Z
      race event 587: gate 2026-09-15T01:03:23.761329866Z, deadline 2026-09-15T01:04:23.761329866Z
      race event 588: gate 2026-09-15T01:03:23.788195815Z, deadline 2026-09-15T01:04:23.788195815Z
      race event 589: gate 2026-09-15T01:03:23.853125274Z, deadline 2026-09-15T01:04:23.853125274Z
      race event 590: gate 2026-09-15T01:03:23.88518063Z, deadline 2026-09-15T01:04:23.88518063Z
      race event 591: gate 2026-09-15T01:03:23.953058856Z, deadline 2026-09-15T01:04:23.953058856Z
      race event 592: gate 2026-09-15T01:03:23.973756824Z, deadline 2026-09-15T01:04:23.973756824Z
      race event 593: gate 2026-09-15T01:03:24.002818868Z, deadline 2026-09-15T01:04:24.002818868Z
      race event 594: gate 2026-09-15T01:03:24.051444597Z, deadline 2026-09-15T01:04:24.051444597Z
      race event 595: gate 2026-09-15T01:03:24.071331827Z, deadline 2026-09-15T01:04:24.071331827Z
      race event 596: gate 2026-09-15T01:03:24.095062949Z, deadline 2026-09-15T01:04:24.095062949Z
      race event 597: gate 2026-09-15T01:03:24.161796771Z, deadline 2026-09-15T01:04:24.161796771Z
      race event 598: gate 2026-09-15T01:03:24.177604048Z, deadline 2026-09-15T01:04:24.177604048Z
      race event 599: gate 2026-09-15T01:03:24.237736296Z, deadline 2026-09-15T01:04:24.237736296Z
      race event 600: gate 2026-09-15T01:03:24.271777841Z, deadline 2026-09-15T01:04:24.271777841Z
    race     10 seats x100      341.8 seats/s  conflicts/hold=9.30 reads/hold=17.37  hold p50=2.73ms p99=48.69ms  deferred 62/62 ok  confirm retries sold/run=0/0  errors=0  ok
      audit: consistent (100 events, 1000 tickets; rejections late=0 boundary=0)
      race event 601: gate 2026-09-15T01:03:24.421554438Z, deadline 2026-09-15T01:04:24.421554438Z
      race event 602: gate 2026-09-15T01:03:24.537020708Z, deadline 2026-09-15T01:04:24.537020708Z
      race event 603: gate 2026-09-15T01:03:24.655573738Z, deadline 2026-09-15T01:04:24.655573738Z
      race event 604: gate 2026-09-15T01:03:24.76636164Z, deadline 2026-09-15T01:04:24.76636164Z
      race event 605: gate 2026-09-15T01:03:24.871807307Z, deadline 2026-09-15T01:04:24.871807307Z
      race event 606: gate 2026-09-15T01:03:24.980938863Z, deadline 2026-09-15T01:04:24.980938863Z
      race event 607: gate 2026-09-15T01:03:25.147807573Z, deadline 2026-09-15T01:04:25.147807573Z
      race event 608: gate 2026-09-15T01:03:25.265767318Z, deadline 2026-09-15T01:04:25.265767318Z
      race event 609: gate 2026-09-15T01:03:25.373274834Z, deadline 2026-09-15T01:04:25.373274834Z
      race event 610: gate 2026-09-15T01:03:25.470578894Z, deadline 2026-09-15T01:04:25.470578894Z
      race event 611: gate 2026-09-15T01:03:25.564028541Z, deadline 2026-09-15T01:04:25.564028541Z
      race event 612: gate 2026-09-15T01:03:25.677078873Z, deadline 2026-09-15T01:04:25.677078873Z
      race event 613: gate 2026-09-15T01:03:25.776818353Z, deadline 2026-09-15T01:04:25.776818353Z
      race event 614: gate 2026-09-15T01:03:25.942496906Z, deadline 2026-09-15T01:04:25.942496906Z
      race event 615: gate 2026-09-15T01:03:26.055602252Z, deadline 2026-09-15T01:04:26.055602252Z
      race event 616: gate 2026-09-15T01:03:26.172870772Z, deadline 2026-09-15T01:04:26.172870772Z
      race event 617: gate 2026-09-15T01:03:26.289254128Z, deadline 2026-09-15T01:04:26.289254128Z
      race event 618: gate 2026-09-15T01:03:26.376856884Z, deadline 2026-09-15T01:04:26.376856884Z
      race event 619: gate 2026-09-15T01:03:26.550867248Z, deadline 2026-09-15T01:04:26.550867248Z
      race event 620: gate 2026-09-15T01:03:26.663887997Z, deadline 2026-09-15T01:04:26.663887997Z
    race    100 seats x20       941.4 seats/s  conflicts/hold=3.15 reads/hold=5.79  hold p50=2.59ms p99=66.03ms  deferred 77/77 ok  confirm retries sold/run=0/0  errors=0  ok
      audit: consistent (20 events, 2000 tickets; rejections late=0 boundary=0)
      race event 621: gate 2026-09-15T01:03:26.889870741Z, deadline 2026-09-15T01:04:26.889870741Z
      race event 622: gate 2026-09-15T01:03:27.763576299Z, deadline 2026-09-15T01:04:27.763576299Z
      race event 623: gate 2026-09-15T01:03:28.672428017Z, deadline 2026-09-15T01:04:28.672428017Z
      race event 624: gate 2026-09-15T01:03:32.391661431Z, deadline 2026-09-15T01:04:32.391661431Z
      race event 625: gate 2026-09-15T01:03:33.178432976Z, deadline 2026-09-15T01:04:33.178432976Z
    race   1000 seats x5       1269.6 seats/s  conflicts/hold=1.47 reads/hold=4.17  hold p50=3.44ms p99=73.72ms  deferred 203/203 ok  confirm retries sold/run=0/0  errors=0  ok
      audit: consistent (5 events, 5000 tickets; rejections late=0 boundary=0)
      race event 626: gate 2026-09-15T01:03:34.007569137Z, deadline 2026-09-15T01:04:34.007569137Z
      race event 627: gate 2026-09-15T01:03:48.308635636Z, deadline 2026-09-15T01:04:48.308635636Z
    race  10000 seats x2        702.7 seats/s  conflicts/hold=0.38 reads/hold=3.69  hold p50=5.64ms p99=92.37ms  deferred 864/864 ok  confirm retries sold/run=0/0  errors=0  ok
      audit: consistent (2 events, 20000 tickets; rejections late=0 boundary=0)
      race event 628: gate 2026-09-15T01:04:03.009485199Z, deadline 2026-09-15T01:05:03.009485199Z
    race 100000 seats x1        316.3 seats/s  conflicts/hold=0.11 reads/hold=1.28  hold p50=19.34ms p99=176.54ms  deferred 771/771 ok  confirm retries sold/run=0/0  errors=0  ok, 1 timed out (19% sold)
      audit: consistent (1 events, 19000 tickets; rejections late=0 boundary=0)
  lifecycle trial 1/1 (32 buyers per event, one human minute = 50ms, fresh load):
    lifecycle    10 seats x6       2.9 confirmed seats/s  holds=55 abandoned=10+0 expired@check=3 rejected late/boundary/early(transient)=0/0/0(0)  confirm retries sold/run=0/0  outage unavailable=3/3  leaked=0 errors=0  ok
      audit: consistent (6 events, 60 tickets; rejections late=0 boundary=0)
    lifecycle   100 seats x6      14.9 confirmed seats/s  holds=442 abandoned=64+48 expired@check=21 rejected late/boundary/early(transient)=10/0/0(0)  confirm retries sold/run=0/0  outage unavailable=9/9  leaked=0 errors=0  ok
      audit: consistent (6 events, 600 tickets; rejections late=10 boundary=0)
    lifecycle  1000 seats x6      70.3 confirmed seats/s  holds=3496 abandoned=509+346 expired@check=109 rejected late/boundary/early(transient)=30/0/0(0)  confirm retries sold/run=0/0  outage unavailable=47/47  leaked=0 errors=0  ok
      audit: consistent (6 events, 5822 tickets; rejections late=30 boundary=0)
  wrote /results/e1_sweeper_expiry.json
