  engine: PostgreSQL 17.11 (Debian 17.11-1.pgdg13+2) on x86_64-pc-linux-gnu, compiled by gcc (Debian 14.2.0-19) 14.2.0, 64-bit
  database clock minus client clock: -0.001 ms
  dataset: 5 venues, 658 events, 56103 tickets and 2217 holds at load
  loading e2_cart_expiry ...
  loaded in 1.4s (copy 1.1s, index 0.1s)
  verifying answers against ground truth ...
    58/58 checks passed (margin 600s); audit on load: consistent (658 events, 56103 tickets; rejections late=0 boundary=0)
  capturing plans ...
  read benchmark:
    q01_section_map@10                    34222.2 ops/s  p50=  0.123ms p99=   0.483ms  errors=0
    q02_event_sections@10                 10750.8 ops/s  p50=  0.261ms p99=   1.195ms  errors=0
    q03_event_available@10                10249.3 ops/s  p50=  0.270ms p99=   1.379ms  errors=0
    q01_section_map@100                   24244.5 ops/s  p50=  0.154ms p99=   0.597ms  errors=0
    q02_event_sections@100                 7999.8 ops/s  p50=  0.330ms p99=   4.677ms  errors=0
    q03_event_available@100                8883.7 ops/s  p50=  0.301ms p99=   1.662ms  errors=0
    q01_section_map@1000                  16633.3 ops/s  p50=  0.196ms p99=   0.828ms  errors=0
    q02_event_sections@1000                3017.3 ops/s  p50=  0.697ms p99=  70.757ms  errors=0
    q03_event_available@1000               3393.0 ops/s  p50=  0.636ms p99=  69.955ms  errors=0
    q01_section_map@10000                 12017.6 ops/s  p50=  0.243ms p99=   1.079ms  errors=0
    q02_event_sections@10000                768.8 ops/s  p50=  2.202ms p99=  82.139ms  errors=0
    q03_event_available@10000              1003.9 ops/s  p50=  1.824ms p99=  79.954ms  errors=0
    q01_section_map@100000                 6717.5 ops/s  p50=  0.389ms p99=  61.625ms  errors=0
    q02_event_sections@100000                66.6 ops/s  p50=104.058ms p99= 207.726ms  errors=0
    q03_event_available@100000              111.6 ops/s  p50= 90.957ms p99= 181.569ms  errors=0
    q04_hold_seats                        34324.1 ops/s  p50=  0.127ms p99=   0.602ms  errors=0
    q05_customer_tickets                  34803.0 ops/s  p50=  0.127ms p99=   0.555ms  errors=0
    q06_ticket_by_id                      37880.0 ops/s  p50=  0.130ms p99=   0.492ms  errors=0
  write benchmark (fresh load per op):
    hold                                     58.0 ops/s  p50=104.728ms p99= 411.406ms  rejected=2 retries=1 errors=0
      audit after hold: consistent (658 events, 81163 tickets; rejections late=0 boundary=0)
    release                                4414.6 ops/s  p50=  1.720ms p99=   5.930ms  rejected=0 retries=0 errors=0
      audit after release: consistent (658 events, 56103 tickets; rejections late=0 boundary=0)
    cancel                                 3753.8 ops/s  p50=  2.049ms p99=   6.039ms  rejected=0 retries=0 errors=0
      audit after cancel: consistent (658 events, 28053 tickets; rejections late=0 boundary=0)
    publish@10                             2143.1 ops/s  p50=  1.807ms p99=   3.082ms  rejected=0 retries=0 errors=0
    publish@100                            1503.4 ops/s  p50=  2.341ms p99=  11.756ms  rejected=0 retries=0 errors=0
    publish@1000                            273.5 ops/s  p50= 10.138ms p99=  34.442ms  rejected=0 retries=0 errors=0
    publish@10000                            31.6 ops/s  p50= 62.507ms p99=  62.507ms  rejected=0 retries=0 errors=0
    publish@100000                            3.4 ops/s  p50=586.643ms p99= 586.643ms  rejected=0 retries=0 errors=0
      audit after publish: consistent (2887 events, 56103 tickets; rejections late=0 boundary=0)
  race trial 1/1 (32 buyers per event, fresh load):
      race event 501: gate 2026-09-15T02:12:27.958734207Z, deadline 2026-09-15T02:13:27.958734207Z
      race event 502: gate 2026-09-15T02:12:28.030422913Z, deadline 2026-09-15T02:13:28.030422913Z
      race event 503: gate 2026-09-15T02:12:28.077084851Z, deadline 2026-09-15T02:13:28.077084851Z
      race event 504: gate 2026-09-15T02:12:28.121240668Z, deadline 2026-09-15T02:13:28.121240668Z
      race event 505: gate 2026-09-15T02:12:28.163771712Z, deadline 2026-09-15T02:13:28.163771712Z
      race event 506: gate 2026-09-15T02:12:28.244197231Z, deadline 2026-09-15T02:13:28.244197231Z
      race event 507: gate 2026-09-15T02:12:28.308872352Z, deadline 2026-09-15T02:13:28.308872352Z
      race event 508: gate 2026-09-15T02:12:28.349100402Z, deadline 2026-09-15T02:13:28.349100402Z
      race event 509: gate 2026-09-15T02:12:28.424106523Z, deadline 2026-09-15T02:13:28.424106523Z
      race event 510: gate 2026-09-15T02:12:28.465966814Z, deadline 2026-09-15T02:13:28.465966814Z
      race event 511: gate 2026-09-15T02:12:28.537183658Z, deadline 2026-09-15T02:13:28.537183658Z
      race event 512: gate 2026-09-15T02:12:28.625153308Z, deadline 2026-09-15T02:13:28.625153308Z
      race event 513: gate 2026-09-15T02:12:28.664534532Z, deadline 2026-09-15T02:13:28.664534532Z
      race event 514: gate 2026-09-15T02:12:28.704094597Z, deadline 2026-09-15T02:13:28.704094597Z
      race event 515: gate 2026-09-15T02:12:28.724177835Z, deadline 2026-09-15T02:13:28.724177835Z
      race event 516: gate 2026-09-15T02:12:28.743274317Z, deadline 2026-09-15T02:13:28.743274317Z
      race event 517: gate 2026-09-15T02:12:28.820331554Z, deadline 2026-09-15T02:13:28.820331554Z
      race event 518: gate 2026-09-15T02:12:28.855004167Z, deadline 2026-09-15T02:13:28.855004167Z
      race event 519: gate 2026-09-15T02:12:28.925833922Z, deadline 2026-09-15T02:13:28.925833922Z
      race event 520: gate 2026-09-15T02:12:29.01537798Z, deadline 2026-09-15T02:13:29.01537798Z
      race event 521: gate 2026-09-15T02:12:29.040748274Z, deadline 2026-09-15T02:13:29.040748274Z
      race event 522: gate 2026-09-15T02:12:29.110851576Z, deadline 2026-09-15T02:13:29.110851576Z
      race event 523: gate 2026-09-15T02:12:29.132144697Z, deadline 2026-09-15T02:13:29.132144697Z
      race event 524: gate 2026-09-15T02:12:29.22067959Z, deadline 2026-09-15T02:13:29.22067959Z
      race event 525: gate 2026-09-15T02:12:29.23942241Z, deadline 2026-09-15T02:13:29.23942241Z
      race event 526: gate 2026-09-15T02:12:29.303744692Z, deadline 2026-09-15T02:13:29.303744692Z
      race event 527: gate 2026-09-15T02:12:29.335196107Z, deadline 2026-09-15T02:13:29.335196107Z
      race event 528: gate 2026-09-15T02:12:29.414638098Z, deadline 2026-09-15T02:13:29.414638098Z
      race event 529: gate 2026-09-15T02:12:29.437410242Z, deadline 2026-09-15T02:13:29.437410242Z
      race event 530: gate 2026-09-15T02:12:29.51197717Z, deadline 2026-09-15T02:13:29.51197717Z
      race event 531: gate 2026-09-15T02:12:29.540319465Z, deadline 2026-09-15T02:13:29.540319465Z
      race event 532: gate 2026-09-15T02:12:29.609525257Z, deadline 2026-09-15T02:13:29.609525257Z
      race event 533: gate 2026-09-15T02:12:29.646933451Z, deadline 2026-09-15T02:13:29.646933451Z
      race event 534: gate 2026-09-15T02:12:29.716714909Z, deadline 2026-09-15T02:13:29.716714909Z
      race event 535: gate 2026-09-15T02:12:29.753277077Z, deadline 2026-09-15T02:13:29.753277077Z
      race event 536: gate 2026-09-15T02:12:29.830885004Z, deadline 2026-09-15T02:13:29.830885004Z
      race event 537: gate 2026-09-15T02:12:29.853182071Z, deadline 2026-09-15T02:13:29.853182071Z
      race event 538: gate 2026-09-15T02:12:29.935666731Z, deadline 2026-09-15T02:13:29.935666731Z
      race event 539: gate 2026-09-15T02:12:30.019226536Z, deadline 2026-09-15T02:13:30.019226536Z
      race event 540: gate 2026-09-15T02:12:30.037742327Z, deadline 2026-09-15T02:13:30.037742327Z
      race event 541: gate 2026-09-15T02:12:30.115720788Z, deadline 2026-09-15T02:13:30.115720788Z
      race event 542: gate 2026-09-15T02:12:30.154993569Z, deadline 2026-09-15T02:13:30.154993569Z
      race event 543: gate 2026-09-15T02:12:30.232384428Z, deadline 2026-09-15T02:13:30.232384428Z
      race event 544: gate 2026-09-15T02:12:30.263539351Z, deadline 2026-09-15T02:13:30.263539351Z
      race event 545: gate 2026-09-15T02:12:30.332439842Z, deadline 2026-09-15T02:13:30.332439842Z
      race event 546: gate 2026-09-15T02:12:30.416313233Z, deadline 2026-09-15T02:13:30.416313233Z
      race event 547: gate 2026-09-15T02:12:30.449095704Z, deadline 2026-09-15T02:13:30.449095704Z
      race event 548: gate 2026-09-15T02:12:30.516514325Z, deadline 2026-09-15T02:13:30.516514325Z
      race event 549: gate 2026-09-15T02:12:30.543852824Z, deadline 2026-09-15T02:13:30.543852824Z
      race event 550: gate 2026-09-15T02:12:30.623702818Z, deadline 2026-09-15T02:13:30.623702818Z
      race event 551: gate 2026-09-15T02:12:30.709659381Z, deadline 2026-09-15T02:13:30.709659381Z
      race event 552: gate 2026-09-15T02:12:30.736700353Z, deadline 2026-09-15T02:13:30.736700353Z
      race event 553: gate 2026-09-15T02:12:30.811292967Z, deadline 2026-09-15T02:13:30.811292967Z
      race event 554: gate 2026-09-15T02:12:30.836040299Z, deadline 2026-09-15T02:13:30.836040299Z
      race event 555: gate 2026-09-15T02:12:30.908171759Z, deadline 2026-09-15T02:13:30.908171759Z
      race event 556: gate 2026-09-15T02:12:30.942617924Z, deadline 2026-09-15T02:13:30.942617924Z
      race event 557: gate 2026-09-15T02:12:31.014383944Z, deadline 2026-09-15T02:13:31.014383944Z
      race event 558: gate 2026-09-15T02:12:31.051378154Z, deadline 2026-09-15T02:13:31.051378154Z
      race event 559: gate 2026-09-15T02:12:31.123698156Z, deadline 2026-09-15T02:13:31.123698156Z
      race event 560: gate 2026-09-15T02:12:31.151847403Z, deadline 2026-09-15T02:13:31.151847403Z
      race event 561: gate 2026-09-15T02:12:31.22542897Z, deadline 2026-09-15T02:13:31.22542897Z
      race event 562: gate 2026-09-15T02:12:31.246073042Z, deadline 2026-09-15T02:13:31.246073042Z
      race event 563: gate 2026-09-15T02:12:31.311627957Z, deadline 2026-09-15T02:13:31.311627957Z
      race event 564: gate 2026-09-15T02:12:31.341156723Z, deadline 2026-09-15T02:13:31.341156723Z
      race event 565: gate 2026-09-15T02:12:31.413648416Z, deadline 2026-09-15T02:13:31.413648416Z
      race event 566: gate 2026-09-15T02:12:31.449305604Z, deadline 2026-09-15T02:13:31.449305604Z
      race event 567: gate 2026-09-15T02:12:31.537073119Z, deadline 2026-09-15T02:13:31.537073119Z
      race event 568: gate 2026-09-15T02:12:31.617645919Z, deadline 2026-09-15T02:13:31.617645919Z
      race event 569: gate 2026-09-15T02:12:31.646304844Z, deadline 2026-09-15T02:13:31.646304844Z
      race event 570: gate 2026-09-15T02:12:31.710653924Z, deadline 2026-09-15T02:13:31.710653924Z
      race event 571: gate 2026-09-15T02:12:31.734501866Z, deadline 2026-09-15T02:13:31.734501866Z
      race event 572: gate 2026-09-15T02:12:31.822013346Z, deadline 2026-09-15T02:13:31.822013346Z
      race event 573: gate 2026-09-15T02:12:31.862030956Z, deadline 2026-09-15T02:13:31.862030956Z
      race event 574: gate 2026-09-15T02:12:31.92730285Z, deadline 2026-09-15T02:13:31.92730285Z
      race event 575: gate 2026-09-15T02:12:32.001836732Z, deadline 2026-09-15T02:13:32.001836732Z
      race event 576: gate 2026-09-15T02:12:32.035664895Z, deadline 2026-09-15T02:13:32.035664895Z
      race event 577: gate 2026-09-15T02:12:32.111449271Z, deadline 2026-09-15T02:13:32.111449271Z
      race event 578: gate 2026-09-15T02:12:32.139912458Z, deadline 2026-09-15T02:13:32.139912458Z
      race event 579: gate 2026-09-15T02:12:32.205387596Z, deadline 2026-09-15T02:13:32.205387596Z
      race event 580: gate 2026-09-15T02:12:32.240940104Z, deadline 2026-09-15T02:13:32.240940104Z
      race event 581: gate 2026-09-15T02:12:32.320398046Z, deadline 2026-09-15T02:13:32.320398046Z
      race event 582: gate 2026-09-15T02:12:32.355796591Z, deadline 2026-09-15T02:13:32.355796591Z
      race event 583: gate 2026-09-15T02:12:32.424958373Z, deadline 2026-09-15T02:13:32.424958373Z
      race event 584: gate 2026-09-15T02:12:32.447426Z, deadline 2026-09-15T02:13:32.447426Z
      race event 585: gate 2026-09-15T02:12:32.545087425Z, deadline 2026-09-15T02:13:32.545087425Z
      race event 586: gate 2026-09-15T02:12:32.616152215Z, deadline 2026-09-15T02:13:32.616152215Z
      race event 587: gate 2026-09-15T02:12:32.654871605Z, deadline 2026-09-15T02:13:32.654871605Z
      race event 588: gate 2026-09-15T02:12:32.73083289Z, deadline 2026-09-15T02:13:32.73083289Z
      race event 589: gate 2026-09-15T02:12:32.755197613Z, deadline 2026-09-15T02:13:32.755197613Z
      race event 590: gate 2026-09-15T02:12:32.825220154Z, deadline 2026-09-15T02:13:32.825220154Z
      race event 591: gate 2026-09-15T02:12:32.848548311Z, deadline 2026-09-15T02:13:32.848548311Z
      race event 592: gate 2026-09-15T02:12:32.916731378Z, deadline 2026-09-15T02:13:32.916731378Z
      race event 593: gate 2026-09-15T02:12:32.941840089Z, deadline 2026-09-15T02:13:32.941840089Z
      race event 594: gate 2026-09-15T02:12:33.012581985Z, deadline 2026-09-15T02:13:33.012581985Z
      race event 595: gate 2026-09-15T02:12:33.035748944Z, deadline 2026-09-15T02:13:33.035748944Z
      race event 596: gate 2026-09-15T02:12:33.117509744Z, deadline 2026-09-15T02:13:33.117509744Z
      race event 597: gate 2026-09-15T02:12:33.201729127Z, deadline 2026-09-15T02:13:33.201729127Z
      race event 598: gate 2026-09-15T02:12:33.243203515Z, deadline 2026-09-15T02:13:33.243203515Z
      race event 599: gate 2026-09-15T02:12:33.325151978Z, deadline 2026-09-15T02:13:33.325151978Z
      race event 600: gate 2026-09-15T02:12:33.347862731Z, deadline 2026-09-15T02:13:33.347862731Z
    race     10 seats x100      249.5 seats/s  conflicts/hold=9.29 reads/hold=17.30  hold p50=3.60ms p99=62.43ms  deferred 66/66 ok  confirm retries sold/run=0/0  errors=0  ok
      audit: consistent (100 events, 1000 tickets; rejections late=0 boundary=0)
      race event 601: gate 2026-09-15T02:12:33.52796828Z, deadline 2026-09-15T02:13:33.52796828Z
      race event 602: gate 2026-09-15T02:12:33.717837411Z, deadline 2026-09-15T02:13:33.717837411Z
      race event 603: gate 2026-09-15T02:12:34.011238576Z, deadline 2026-09-15T02:13:34.011238576Z
      race event 604: gate 2026-09-15T02:12:34.219862546Z, deadline 2026-09-15T02:13:34.219862546Z
      race event 605: gate 2026-09-15T02:12:34.417919171Z, deadline 2026-09-15T02:13:34.417919171Z
      race event 606: gate 2026-09-15T02:12:34.616886614Z, deadline 2026-09-15T02:13:34.616886614Z
      race event 607: gate 2026-09-15T02:12:34.799316754Z, deadline 2026-09-15T02:13:34.799316754Z
      race event 608: gate 2026-09-15T02:12:34.927233751Z, deadline 2026-09-15T02:13:34.927233751Z
      race event 609: gate 2026-09-15T02:12:35.130451743Z, deadline 2026-09-15T02:13:35.130451743Z
      race event 610: gate 2026-09-15T02:12:35.323260961Z, deadline 2026-09-15T02:13:35.323260961Z
      race event 611: gate 2026-09-15T02:12:35.5210061Z, deadline 2026-09-15T02:13:35.5210061Z
      race event 612: gate 2026-09-15T02:12:35.718011341Z, deadline 2026-09-15T02:13:35.718011341Z
      race event 613: gate 2026-09-15T02:12:35.928660022Z, deadline 2026-09-15T02:13:35.928660022Z
      race event 614: gate 2026-09-15T02:12:36.125836348Z, deadline 2026-09-15T02:13:36.125836348Z
      race event 615: gate 2026-09-15T02:12:36.322671054Z, deadline 2026-09-15T02:13:36.322671054Z
      race event 616: gate 2026-09-15T02:12:36.51905608Z, deadline 2026-09-15T02:13:36.51905608Z
      race event 617: gate 2026-09-15T02:12:36.706734539Z, deadline 2026-09-15T02:13:36.706734539Z
      race event 618: gate 2026-09-15T02:12:36.829104776Z, deadline 2026-09-15T02:13:36.829104776Z
      race event 619: gate 2026-09-15T02:12:37.014633603Z, deadline 2026-09-15T02:13:37.014633603Z
      race event 620: gate 2026-09-15T02:12:37.137569842Z, deadline 2026-09-15T02:13:37.137569842Z
    race    100 seats x20       577.6 seats/s  conflicts/hold=3.37 reads/hold=6.08  hold p50=3.78ms p99=77.61ms  deferred 90/90 ok  confirm retries sold/run=0/0  errors=0  ok
      audit: consistent (20 events, 2000 tickets; rejections late=0 boundary=0)
      race event 621: gate 2026-09-15T02:12:37.407768377Z, deadline 2026-09-15T02:13:37.407768377Z
      race event 622: gate 2026-09-15T02:12:39.127333357Z, deadline 2026-09-15T02:13:39.127333357Z
      race event 623: gate 2026-09-15T02:12:40.828712301Z, deadline 2026-09-15T02:13:40.828712301Z
      race event 624: gate 2026-09-15T02:12:42.523976027Z, deadline 2026-09-15T02:13:42.523976027Z
      race event 625: gate 2026-09-15T02:12:44.50514749Z, deadline 2026-09-15T02:13:44.50514749Z
    race   1000 seats x5        605.1 seats/s  conflicts/hold=1.55 reads/hold=4.08  hold p50=5.31ms p99=92.83ms  deferred 205/205 ok  confirm retries sold/run=0/0  errors=0  ok
      audit: consistent (5 events, 5000 tickets; rejections late=0 boundary=0)
      race event 626: gate 2026-09-15T02:12:45.999442541Z, deadline 2026-09-15T02:13:45.999442541Z
      race event 627: gate 2026-09-15T02:13:50.905768104Z, deadline 2026-09-15T02:14:50.905768104Z
    race  10000 seats x2        167.6 seats/s  conflicts/hold=0.35 reads/hold=3.79  hold p50=13.74ms p99=185.77ms  deferred 856/856 ok  confirm retries sold/run=0/0  errors=0  ok, 1 timed out (99% sold)
      audit: consistent (2 events, 19905 tickets; rejections late=0 boundary=0)
      race event 628: gate 2026-09-15T02:14:57.237543469Z, deadline 2026-09-15T02:15:57.237543469Z
    race 100000 seats x1        150.1 seats/s  conflicts/hold=0.09 reads/hold=1.16  hold p50=93.26ms p99=201.90ms  deferred 369/369 ok  confirm retries sold/run=0/0  errors=0  ok, 1 timed out (9% sold)
      audit: consistent (1 events, 9021 tickets; rejections late=0 boundary=0)
  lifecycle trial 1/1 (32 buyers per event, one human minute = 50ms, fresh load):
    lifecycle    10 seats x6       3.5 confirmed seats/s  holds=53 abandoned=6+4 expired@check=1 rejected late/boundary/early(transient)=1/0/0(0)  confirm retries sold/run=0/0  outage unavailable=0/0  leaked=0 errors=0  ok
      audit: consistent (6 events, 60 tickets; rejections late=1 boundary=0)
    lifecycle   100 seats x6      16.0 confirmed seats/s  holds=444 abandoned=67+43 expired@check=20 rejected late/boundary/early(transient)=3/0/0(0)  confirm retries sold/run=0/0  outage unavailable=0/0  leaked=0 errors=0  ok
      audit: consistent (6 events, 600 tickets; rejections late=3 boundary=0)
    lifecycle  1000 seats x6      69.9 confirmed seats/s  holds=3518 abandoned=517+355 expired@check=128 rejected late/boundary/early(transient)=45/0/0(0)  confirm retries sold/run=0/0  outage unavailable=0/11  leaked=0 errors=0  ok
      audit: consistent (6 events, 5789 tickets; rejections late=45 boundary=0)
  wrote /results/e2_cart_expiry.json
