  engine: PostgreSQL 17.11 (Debian 17.11-1.pgdg13+2) on x86_64-pc-linux-gnu, compiled by gcc (Debian 14.2.0-19) 14.2.0, 64-bit
  database clock minus client clock: 0.000 ms
  dataset: 5 venues, 658 events, 56103 tickets and 2217 holds at load
  loading k0_naive_confirm ...
  loaded in 1.3s (copy 1.0s, index 0.1s)
  verifying answers against ground truth ...
    58/58 checks passed (margin 600s); audit on load: consistent (658 events, 56103 tickets; rejections late=0 boundary=0)
  capturing plans ...
  read benchmark:
    q01_section_map@10                    19516.5 ops/s  p50=  0.172ms p99=   0.794ms  errors=0
    q02_event_sections@10                 20569.8 ops/s  p50=  0.169ms p99=   0.699ms  errors=0
    q03_event_available@10                21001.3 ops/s  p50=  0.166ms p99=   0.669ms  errors=0
    q01_section_map@100                   29529.3 ops/s  p50=  0.139ms p99=   0.556ms  errors=0
    q02_event_sections@100                17761.3 ops/s  p50=  0.185ms p99=   0.759ms  errors=0
    q03_event_available@100               18597.2 ops/s  p50=  0.179ms p99=   0.709ms  errors=0
    q01_section_map@1000                  21571.9 ops/s  p50=  0.167ms p99=   0.645ms  errors=0
    q02_event_sections@1000                8843.9 ops/s  p50=  0.302ms p99=   1.865ms  errors=0
    q03_event_available@1000               9631.9 ops/s  p50=  0.281ms p99=   1.432ms  errors=0
    q01_section_map@10000                 15426.6 ops/s  p50=  0.210ms p99=   0.888ms  errors=0
    q02_event_sections@10000               1435.4 ops/s  p50=  1.457ms p99=  75.444ms  errors=0
    q03_event_available@10000              1445.7 ops/s  p50=  1.360ms p99=  75.732ms  errors=0
    q01_section_map@100000                 9025.2 ops/s  p50=  0.352ms p99=   1.902ms  errors=0
    q02_event_sections@100000               145.1 ops/s  p50= 83.342ms p99=  99.071ms  errors=0
    q03_event_available@100000              169.3 ops/s  p50= 15.630ms p99=  96.355ms  errors=0
    q04_hold_seats                         8574.8 ops/s  p50=  0.337ms p99=   2.208ms  errors=0
    q05_customer_tickets                  31126.7 ops/s  p50=  0.147ms p99=   0.662ms  errors=0
    q06_ticket_by_id                      37695.0 ops/s  p50=  0.128ms p99=   0.521ms  errors=0
  write benchmark (fresh load per op):
    hold                                    134.9 ops/s  p50= 73.674ms p99= 199.029ms  rejected=3 retries=0 errors=0
      audit after hold: consistent (658 events, 82352 tickets; rejections late=0 boundary=0)
    release                                4490.1 ops/s  p50=  1.550ms p99=  10.278ms  rejected=0 retries=0 errors=0
      audit after release: consistent (658 events, 56103 tickets; rejections late=0 boundary=0)
    cancel                                 3658.4 ops/s  p50=  2.073ms p99=   6.713ms  rejected=0 retries=0 errors=0
      audit after cancel: consistent (658 events, 28053 tickets; rejections late=0 boundary=0)
    publish@10                             2364.8 ops/s  p50=  1.679ms p99=   2.613ms  rejected=0 retries=0 errors=0
    publish@100                            1730.4 ops/s  p50=  2.183ms p99=   4.160ms  rejected=0 retries=0 errors=0
    publish@1000                            417.3 ops/s  p50=  8.079ms p99=  14.435ms  rejected=0 retries=0 errors=0
    publish@10000                            35.2 ops/s  p50= 55.394ms p99=  55.394ms  rejected=0 retries=0 errors=0
    publish@100000                            3.4 ops/s  p50=577.105ms p99= 577.105ms  rejected=0 retries=0 errors=0
      audit after publish: consistent (2887 events, 56103 tickets; rejections late=0 boundary=0)
  race trial 1/1 (32 buyers per event, fresh load):
      race event 501: gate 2026-09-15T01:37:15.078460739Z, deadline 2026-09-15T01:38:15.078460739Z
      race event 502: gate 2026-09-15T01:37:15.187010183Z, deadline 2026-09-15T01:38:15.187010183Z
      race event 503: gate 2026-09-15T01:37:15.236033489Z, deadline 2026-09-15T01:38:15.236033489Z
      race event 504: gate 2026-09-15T01:37:15.281400585Z, deadline 2026-09-15T01:38:15.281400585Z
      race event 505: gate 2026-09-15T01:37:15.296620365Z, deadline 2026-09-15T01:38:15.296620365Z
      race event 506: gate 2026-09-15T01:37:15.325375726Z, deadline 2026-09-15T01:38:15.325375726Z
      race event 507: gate 2026-09-15T01:37:15.384660832Z, deadline 2026-09-15T01:38:15.384660832Z
      race event 508: gate 2026-09-15T01:37:15.419733163Z, deadline 2026-09-15T01:38:15.419733163Z
      race event 509: gate 2026-09-15T01:37:15.488150177Z, deadline 2026-09-15T01:38:15.488150177Z
      race event 510: gate 2026-09-15T01:37:15.518134126Z, deadline 2026-09-15T01:38:15.518134126Z
      race event 511: gate 2026-09-15T01:37:15.558755791Z, deadline 2026-09-15T01:38:15.558755791Z
      race event 512: gate 2026-09-15T01:37:15.617582401Z, deadline 2026-09-15T01:38:15.617582401Z
      race event 513: gate 2026-09-15T01:37:15.649359511Z, deadline 2026-09-15T01:38:15.649359511Z
      race event 514: gate 2026-09-15T01:37:15.697978794Z, deadline 2026-09-15T01:38:15.697978794Z
      race event 515: gate 2026-09-15T01:37:15.717775685Z, deadline 2026-09-15T01:38:15.717775685Z
      race event 516: gate 2026-09-15T01:37:15.748505242Z, deadline 2026-09-15T01:38:15.748505242Z
      race event 517: gate 2026-09-15T01:37:15.786550856Z, deadline 2026-09-15T01:38:15.786550856Z
      race event 518: gate 2026-09-15T01:37:15.824691209Z, deadline 2026-09-15T01:38:15.824691209Z
      race event 519: gate 2026-09-15T01:37:15.896012737Z, deadline 2026-09-15T01:38:15.896012737Z
      race event 520: gate 2026-09-15T01:37:15.92454539Z, deadline 2026-09-15T01:38:15.92454539Z
      race event 521: gate 2026-09-15T01:37:15.985099442Z, deadline 2026-09-15T01:38:15.985099442Z
      race event 522: gate 2026-09-15T01:37:16.00400925Z, deadline 2026-09-15T01:38:16.00400925Z
      race event 523: gate 2026-09-15T01:37:16.032430264Z, deadline 2026-09-15T01:38:16.032430264Z
      race event 524: gate 2026-09-15T01:37:16.092960583Z, deadline 2026-09-15T01:38:16.092960583Z
      race event 525: gate 2026-09-15T01:37:16.122951498Z, deadline 2026-09-15T01:38:16.122951498Z
      race event 526: gate 2026-09-15T01:37:16.179168084Z, deadline 2026-09-15T01:38:16.179168084Z
      race event 527: gate 2026-09-15T01:37:16.215302924Z, deadline 2026-09-15T01:38:16.215302924Z
      race event 528: gate 2026-09-15T01:37:16.243614791Z, deadline 2026-09-15T01:38:16.243614791Z
      race event 529: gate 2026-09-15T01:37:16.287716291Z, deadline 2026-09-15T01:38:16.287716291Z
      race event 530: gate 2026-09-15T01:37:16.315185209Z, deadline 2026-09-15T01:38:16.315185209Z
      race event 531: gate 2026-09-15T01:37:16.335248453Z, deadline 2026-09-15T01:38:16.335248453Z
      race event 532: gate 2026-09-15T01:37:16.398090706Z, deadline 2026-09-15T01:38:16.398090706Z
      race event 533: gate 2026-09-15T01:37:16.425375612Z, deadline 2026-09-15T01:38:16.425375612Z
      race event 534: gate 2026-09-15T01:37:16.483437889Z, deadline 2026-09-15T01:38:16.483437889Z
      race event 535: gate 2026-09-15T01:37:16.509685612Z, deadline 2026-09-15T01:38:16.509685612Z
      race event 536: gate 2026-09-15T01:37:16.538029349Z, deadline 2026-09-15T01:38:16.538029349Z
      race event 537: gate 2026-09-15T01:37:16.59208626Z, deadline 2026-09-15T01:38:16.59208626Z
      race event 538: gate 2026-09-15T01:37:16.622526166Z, deadline 2026-09-15T01:38:16.622526166Z
      race event 539: gate 2026-09-15T01:37:16.68416056Z, deadline 2026-09-15T01:38:16.68416056Z
      race event 540: gate 2026-09-15T01:37:16.708665057Z, deadline 2026-09-15T01:38:16.708665057Z
      race event 541: gate 2026-09-15T01:37:16.786729431Z, deadline 2026-09-15T01:38:16.786729431Z
      race event 542: gate 2026-09-15T01:37:16.818973365Z, deadline 2026-09-15T01:38:16.818973365Z
      race event 543: gate 2026-09-15T01:37:16.85235254Z, deadline 2026-09-15T01:38:16.85235254Z
      race event 544: gate 2026-09-15T01:37:16.888882877Z, deadline 2026-09-15T01:38:16.888882877Z
      race event 545: gate 2026-09-15T01:37:16.908446453Z, deadline 2026-09-15T01:38:16.908446453Z
      race event 546: gate 2026-09-15T01:37:16.980326004Z, deadline 2026-09-15T01:38:16.980326004Z
      race event 547: gate 2026-09-15T01:37:17.009643806Z, deadline 2026-09-15T01:38:17.009643806Z
      race event 548: gate 2026-09-15T01:37:17.037743009Z, deadline 2026-09-15T01:38:17.037743009Z
      race event 549: gate 2026-09-15T01:37:17.096441429Z, deadline 2026-09-15T01:38:17.096441429Z
      race event 550: gate 2026-09-15T01:37:17.129317668Z, deadline 2026-09-15T01:38:17.129317668Z
      race event 551: gate 2026-09-15T01:37:17.1895354Z, deadline 2026-09-15T01:38:17.1895354Z
      race event 552: gate 2026-09-15T01:37:17.209945898Z, deadline 2026-09-15T01:38:17.209945898Z
      race event 553: gate 2026-09-15T01:37:17.246857633Z, deadline 2026-09-15T01:38:17.246857633Z
      race event 554: gate 2026-09-15T01:37:17.295411291Z, deadline 2026-09-15T01:38:17.295411291Z
      race event 555: gate 2026-09-15T01:37:17.324764478Z, deadline 2026-09-15T01:38:17.324764478Z
      race event 556: gate 2026-09-15T01:37:17.387060906Z, deadline 2026-09-15T01:38:17.387060906Z
      race event 557: gate 2026-09-15T01:37:17.429196063Z, deadline 2026-09-15T01:38:17.429196063Z
      race event 558: gate 2026-09-15T01:37:17.44690373Z, deadline 2026-09-15T01:38:17.44690373Z
      race event 559: gate 2026-09-15T01:37:17.506433891Z, deadline 2026-09-15T01:38:17.506433891Z
      race event 560: gate 2026-09-15T01:37:17.524637827Z, deadline 2026-09-15T01:38:17.524637827Z
      race event 561: gate 2026-09-15T01:37:17.550118446Z, deadline 2026-09-15T01:38:17.550118446Z
      race event 562: gate 2026-09-15T01:37:17.594999001Z, deadline 2026-09-15T01:38:17.594999001Z
      race event 563: gate 2026-09-15T01:37:17.624798451Z, deadline 2026-09-15T01:38:17.624798451Z
      race event 564: gate 2026-09-15T01:37:17.691279353Z, deadline 2026-09-15T01:38:17.691279353Z
      race event 565: gate 2026-09-15T01:37:17.708363616Z, deadline 2026-09-15T01:38:17.708363616Z
      race event 566: gate 2026-09-15T01:37:17.727005167Z, deadline 2026-09-15T01:38:17.727005167Z
      race event 567: gate 2026-09-15T01:37:17.797126886Z, deadline 2026-09-15T01:38:17.797126886Z
      race event 568: gate 2026-09-15T01:37:17.821459467Z, deadline 2026-09-15T01:38:17.821459467Z
      race event 569: gate 2026-09-15T01:37:17.892919635Z, deadline 2026-09-15T01:38:17.892919635Z
      race event 570: gate 2026-09-15T01:37:17.920483724Z, deadline 2026-09-15T01:38:17.920483724Z
      race event 571: gate 2026-09-15T01:37:17.937767729Z, deadline 2026-09-15T01:38:17.937767729Z
      race event 572: gate 2026-09-15T01:37:18.009200797Z, deadline 2026-09-15T01:38:18.009200797Z
      race event 573: gate 2026-09-15T01:37:18.03426918Z, deadline 2026-09-15T01:38:18.03426918Z
      race event 574: gate 2026-09-15T01:37:18.084563959Z, deadline 2026-09-15T01:38:18.084563959Z
      race event 575: gate 2026-09-15T01:37:18.105577665Z, deadline 2026-09-15T01:38:18.105577665Z
      race event 576: gate 2026-09-15T01:37:18.134749813Z, deadline 2026-09-15T01:38:18.134749813Z
      race event 577: gate 2026-09-15T01:37:18.205972915Z, deadline 2026-09-15T01:38:18.205972915Z
      race event 578: gate 2026-09-15T01:37:18.223396402Z, deadline 2026-09-15T01:38:18.223396402Z
      race event 579: gate 2026-09-15T01:37:18.28498288Z, deadline 2026-09-15T01:38:18.28498288Z
      race event 580: gate 2026-09-15T01:37:18.315423677Z, deadline 2026-09-15T01:38:18.315423677Z
      race event 581: gate 2026-09-15T01:37:18.341992177Z, deadline 2026-09-15T01:38:18.341992177Z
      race event 582: gate 2026-09-15T01:37:18.396047737Z, deadline 2026-09-15T01:38:18.396047737Z
      race event 583: gate 2026-09-15T01:37:18.423603134Z, deadline 2026-09-15T01:38:18.423603134Z
      race event 584: gate 2026-09-15T01:37:18.488583885Z, deadline 2026-09-15T01:38:18.488583885Z
      race event 585: gate 2026-09-15T01:37:18.525615999Z, deadline 2026-09-15T01:38:18.525615999Z
      race event 586: gate 2026-09-15T01:37:18.539382984Z, deadline 2026-09-15T01:38:18.539382984Z
      race event 587: gate 2026-09-15T01:37:18.604657099Z, deadline 2026-09-15T01:38:18.604657099Z
      race event 588: gate 2026-09-15T01:37:18.631466217Z, deadline 2026-09-15T01:38:18.631466217Z
      race event 589: gate 2026-09-15T01:37:18.685588067Z, deadline 2026-09-15T01:38:18.685588067Z
      race event 590: gate 2026-09-15T01:37:18.715259625Z, deadline 2026-09-15T01:38:18.715259625Z
      race event 591: gate 2026-09-15T01:37:18.740637661Z, deadline 2026-09-15T01:38:18.740637661Z
      race event 592: gate 2026-09-15T01:37:18.790776658Z, deadline 2026-09-15T01:38:18.790776658Z
      race event 593: gate 2026-09-15T01:37:18.81909207Z, deadline 2026-09-15T01:38:18.81909207Z
      race event 594: gate 2026-09-15T01:37:18.88466497Z, deadline 2026-09-15T01:38:18.88466497Z
      race event 595: gate 2026-09-15T01:37:18.922702891Z, deadline 2026-09-15T01:38:18.922702891Z
      race event 596: gate 2026-09-15T01:37:18.981937994Z, deadline 2026-09-15T01:38:18.981937994Z
      race event 597: gate 2026-09-15T01:37:19.013682343Z, deadline 2026-09-15T01:38:19.013682343Z
      race event 598: gate 2026-09-15T01:37:19.092486318Z, deadline 2026-09-15T01:38:19.092486318Z
      race event 599: gate 2026-09-15T01:37:19.119843266Z, deadline 2026-09-15T01:38:19.119843266Z
      race event 600: gate 2026-09-15T01:37:19.151365814Z, deadline 2026-09-15T01:38:19.151365814Z
    race     10 seats x100      350.5 seats/s  conflicts/hold=9.65 reads/hold=17.87  hold p50=2.64ms p99=46.85ms  deferred 75/75 ok  confirm retries sold/run=0/0  errors=0  ok
      audit: consistent (100 events, 1000 tickets; rejections late=0 boundary=0)
      race event 601: gate 2026-09-15T01:37:19.311424332Z, deadline 2026-09-15T01:38:19.311424332Z
      race event 602: gate 2026-09-15T01:37:19.412131795Z, deadline 2026-09-15T01:38:19.412131795Z
      race event 603: gate 2026-09-15T01:37:19.593035478Z, deadline 2026-09-15T01:38:19.593035478Z
      race event 604: gate 2026-09-15T01:37:19.711737767Z, deadline 2026-09-15T01:38:19.711737767Z
      race event 605: gate 2026-09-15T01:37:19.892635092Z, deadline 2026-09-15T01:38:19.892635092Z
      race event 606: gate 2026-09-15T01:37:20.00304434Z, deadline 2026-09-15T01:38:20.00304434Z
      race event 607: gate 2026-09-15T01:37:20.111203017Z, deadline 2026-09-15T01:38:20.111203017Z
      race event 608: gate 2026-09-15T01:37:20.214113622Z, deadline 2026-09-15T01:38:20.214113622Z
      race event 609: gate 2026-09-15T01:37:20.386038571Z, deadline 2026-09-15T01:38:20.386038571Z
      race event 610: gate 2026-09-15T01:37:20.49254173Z, deadline 2026-09-15T01:38:20.49254173Z
      race event 611: gate 2026-09-15T01:37:20.603672766Z, deadline 2026-09-15T01:38:20.603672766Z
      race event 612: gate 2026-09-15T01:37:20.717086752Z, deadline 2026-09-15T01:38:20.717086752Z
      race event 613: gate 2026-09-15T01:37:20.896105663Z, deadline 2026-09-15T01:38:20.896105663Z
      race event 614: gate 2026-09-15T01:37:21.01426397Z, deadline 2026-09-15T01:38:21.01426397Z
      race event 615: gate 2026-09-15T01:37:21.128556736Z, deadline 2026-09-15T01:38:21.128556736Z
      race event 616: gate 2026-09-15T01:37:21.300161549Z, deadline 2026-09-15T01:38:21.300161549Z
      race event 617: gate 2026-09-15T01:37:21.407831833Z, deadline 2026-09-15T01:38:21.407831833Z
      race event 618: gate 2026-09-15T01:37:21.524186257Z, deadline 2026-09-15T01:38:21.524186257Z
      race event 619: gate 2026-09-15T01:37:21.692714992Z, deadline 2026-09-15T01:38:21.692714992Z
      race event 620: gate 2026-09-15T01:37:21.797920794Z, deadline 2026-09-15T01:38:21.797920794Z
    race    100 seats x20       853.9 seats/s  conflicts/hold=3.16 reads/hold=6.02  hold p50=2.75ms p99=63.28ms  deferred 93/93 ok  confirm retries sold/run=0/0  errors=0  ok
      audit: consistent (20 events, 2000 tickets; rejections late=0 boundary=0)
      race event 621: gate 2026-09-15T01:37:21.996277482Z, deadline 2026-09-15T01:38:21.996277482Z
      race event 622: gate 2026-09-15T01:37:22.712720371Z, deadline 2026-09-15T01:38:22.712720371Z
      race event 623: gate 2026-09-15T01:37:23.600894215Z, deadline 2026-09-15T01:38:23.600894215Z
      race event 624: gate 2026-09-15T01:37:24.306272674Z, deadline 2026-09-15T01:38:24.306272674Z
      race event 625: gate 2026-09-15T01:37:25.211571058Z, deadline 2026-09-15T01:38:25.211571058Z
    race   1000 seats x5       1241.3 seats/s  conflicts/hold=1.47 reads/hold=4.05  hold p50=3.58ms p99=75.52ms  deferred 209/209 ok  confirm retries sold/run=0/0  errors=0  ok
      audit: consistent (5 events, 5000 tickets; rejections late=0 boundary=0)
      race event 626: gate 2026-09-15T01:37:26.199641531Z, deadline 2026-09-15T01:38:26.199641531Z
      race event 627: gate 2026-09-15T01:37:44.729130622Z, deadline 2026-09-15T01:38:44.729130622Z
    race  10000 seats x2        641.5 seats/s  conflicts/hold=0.39 reads/hold=4.05  hold p50=5.77ms p99=92.42ms  deferred 889/889 ok  confirm retries sold/run=0/0  errors=0  ok
      audit: consistent (2 events, 20000 tickets; rejections late=0 boundary=0)
      race event 628: gate 2026-09-15T01:38:00.825857541Z, deadline 2026-09-15T01:39:00.825857541Z
    race 100000 seats x1        299.5 seats/s  conflicts/hold=0.13 reads/hold=1.33  hold p50=84.01ms p99=180.55ms  deferred 682/682 ok  confirm retries sold/run=0/0  errors=0  ok, 1 timed out (18% sold)
      audit: consistent (1 events, 17998 tickets; rejections late=0 boundary=0)
  lifecycle trial 1/1 (32 buyers per event, one human minute = 50ms, fresh load):
    lifecycle    10 seats x6       2.4 confirmed seats/s  holds=68 abandoned=10+11 expired@check=3 rejected late/boundary/early(transient)=0/0/0(0)  confirm retries sold/run=0/0  outage unavailable=0/0  leaked=0 errors=0  ok
      audit: consistent (6 events, 60 tickets; rejections late=0 boundary=0)
    lifecycle   100 seats x6      16.7 confirmed seats/s  holds=444 abandoned=57+48 expired@check=20 rejected late/boundary/early(transient)=0/0/0(0)  confirm retries sold/run=0/0  outage unavailable=0/0  leaked=0 errors=0  VIOLATIONS
      audit: VIOLATIONS — thefts 0, grants on sold seats 0, double sales 0, sales without the hold 5, late sales 6, early rejections 0 (transient 0), duplicate seats 0, inventory drift 0, invalid seats 0, partial holds 0, ticket mismatches 0
    lifecycle  1000 seats x6      71.9 confirmed seats/s  holds=3492 abandoned=519+354 expired@check=145 rejected late/boundary/early(transient)=0/0/0(0)  confirm retries sold/run=0/0  outage unavailable=0/8  leaked=0 errors=0  VIOLATIONS
      audit: VIOLATIONS — thefts 0, grants on sold seats 0, double sales 0, sales without the hold 94, late sales 113, early rejections 0 (transient 0), duplicate seats 0, inventory drift 0, invalid seats 0, partial holds 0, ticket mismatches 0
  wrote /results/k0_naive_confirm.json
