  engine: PostgreSQL 17.11 (Debian 17.11-1.pgdg13+2) on x86_64-pc-linux-gnu, compiled by gcc (Debian 14.2.0-19) 14.2.0, 64-bit
  database clock minus client clock: 0.000 ms
  dataset: 5 venues, 658 events, 56103 tickets and 2217 holds at load
  loading k1_payment_window ...
  loaded in 1.4s (copy 1.1s, index 0.1s)
  verifying answers against ground truth ...
    58/58 checks passed (margin 600s); audit on load: consistent (658 events, 56103 tickets; rejections late=0 boundary=0)
  capturing plans ...
  read benchmark:
    q01_section_map@10                    20116.7 ops/s  p50=  0.171ms p99=   0.705ms  errors=0
    q02_event_sections@10                 20627.3 ops/s  p50=  0.167ms p99=   0.692ms  errors=0
    q03_event_available@10                20976.9 ops/s  p50=  0.165ms p99=   0.659ms  errors=0
    q01_section_map@100                   29730.6 ops/s  p50=  0.137ms p99=   0.502ms  errors=0
    q02_event_sections@100                17953.3 ops/s  p50=  0.183ms p99=   0.776ms  errors=0
    q03_event_available@100               17728.4 ops/s  p50=  0.188ms p99=   0.901ms  errors=0
    q01_section_map@1000                  20162.7 ops/s  p50=  0.177ms p99=   0.699ms  errors=0
    q02_event_sections@1000                8899.9 ops/s  p50=  0.300ms p99=   1.617ms  errors=0
    q03_event_available@1000               9012.4 ops/s  p50=  0.302ms p99=   1.560ms  errors=0
    q01_section_map@10000                 10885.7 ops/s  p50=  0.275ms p99=   3.145ms  errors=0
    q02_event_sections@10000               1222.4 ops/s  p50=  1.508ms p99=  77.102ms  errors=0
    q03_event_available@10000              1473.8 ops/s  p50=  1.275ms p99=  77.129ms  errors=0
    q01_section_map@100000                 8593.3 ops/s  p50=  0.335ms p99=   2.410ms  errors=0
    q02_event_sections@100000               134.8 ops/s  p50= 86.429ms p99= 103.679ms  errors=0
    q03_event_available@100000              140.7 ops/s  p50= 84.840ms p99= 101.612ms  errors=0
    q04_hold_seats                         8809.0 ops/s  p50=  0.298ms p99=   1.743ms  errors=0
    q05_customer_tickets                  31793.4 ops/s  p50=  0.141ms p99=   0.646ms  errors=0
    q06_ticket_by_id                      37066.6 ops/s  p50=  0.131ms p99=   0.587ms  errors=0
  write benchmark (fresh load per op):
    hold                                    136.8 ops/s  p50= 76.412ms p99= 194.840ms  rejected=1 retries=3 errors=0
      audit after hold: consistent (658 events, 82075 tickets; rejections late=0 boundary=0)
    release                                3874.4 ops/s  p50=  1.773ms p99=  15.452ms  rejected=0 retries=0 errors=0
      audit after release: consistent (658 events, 56103 tickets; rejections late=0 boundary=0)
    cancel                                 3536.2 ops/s  p50=  2.132ms p99=   7.340ms  rejected=0 retries=0 errors=0
      audit after cancel: consistent (658 events, 28053 tickets; rejections late=0 boundary=0)
    publish@10                             2239.3 ops/s  p50=  1.751ms p99=   2.831ms  rejected=0 retries=0 errors=0
    publish@100                            1618.8 ops/s  p50=  2.313ms p99=   7.941ms  rejected=0 retries=0 errors=0
    publish@1000                            420.6 ops/s  p50=  9.494ms p99=  10.654ms  rejected=0 retries=0 errors=0
    publish@10000                            33.5 ops/s  p50= 58.241ms p99=  58.241ms  rejected=0 retries=0 errors=0
    publish@100000                            3.5 ops/s  p50=533.776ms p99= 533.776ms  rejected=0 retries=0 errors=0
      audit after publish: consistent (2887 events, 56103 tickets; rejections late=0 boundary=0)
  race trial 1/1 (32 buyers per event, fresh load):
      race event 501: gate 2026-09-15T01:53:55.517578981Z, deadline 2026-09-15T01:54:55.517578981Z
      race event 502: gate 2026-09-15T01:53:55.550277088Z, deadline 2026-09-15T01:54:55.550277088Z
      race event 503: gate 2026-09-15T01:53:55.645054087Z, deadline 2026-09-15T01:54:55.645054087Z
      race event 504: gate 2026-09-15T01:53:55.755867479Z, deadline 2026-09-15T01:54:55.755867479Z
      race event 505: gate 2026-09-15T01:53:55.772232754Z, deadline 2026-09-15T01:54:55.772232754Z
      race event 506: gate 2026-09-15T01:53:55.805800752Z, deadline 2026-09-15T01:54:55.805800752Z
      race event 507: gate 2026-09-15T01:53:55.856501222Z, deadline 2026-09-15T01:54:55.856501222Z
      race event 508: gate 2026-09-15T01:53:55.891175495Z, deadline 2026-09-15T01:54:55.891175495Z
      race event 509: gate 2026-09-15T01:53:55.941270166Z, deadline 2026-09-15T01:54:55.941270166Z
      race event 510: gate 2026-09-15T01:53:55.96121737Z, deadline 2026-09-15T01:54:55.96121737Z
      race event 511: gate 2026-09-15T01:53:56.019677268Z, deadline 2026-09-15T01:54:56.019677268Z
      race event 512: gate 2026-09-15T01:53:56.042799874Z, deadline 2026-09-15T01:54:56.042799874Z
      race event 513: gate 2026-09-15T01:53:56.07578746Z, deadline 2026-09-15T01:54:56.07578746Z
      race event 514: gate 2026-09-15T01:53:56.15853176Z, deadline 2026-09-15T01:54:56.15853176Z
      race event 515: gate 2026-09-15T01:53:56.173159182Z, deadline 2026-09-15T01:54:56.173159182Z
      race event 516: gate 2026-09-15T01:53:56.21216611Z, deadline 2026-09-15T01:54:56.21216611Z
      race event 517: gate 2026-09-15T01:53:56.239892777Z, deadline 2026-09-15T01:54:56.239892777Z
      race event 518: gate 2026-09-15T01:53:56.266773334Z, deadline 2026-09-15T01:54:56.266773334Z
      race event 519: gate 2026-09-15T01:53:56.324193507Z, deadline 2026-09-15T01:54:56.324193507Z
      race event 520: gate 2026-09-15T01:53:56.354087483Z, deadline 2026-09-15T01:54:56.354087483Z
      race event 521: gate 2026-09-15T01:53:56.376121341Z, deadline 2026-09-15T01:54:56.376121341Z
      race event 522: gate 2026-09-15T01:53:56.421792208Z, deadline 2026-09-15T01:54:56.421792208Z
      race event 523: gate 2026-09-15T01:53:56.463621473Z, deadline 2026-09-15T01:54:56.463621473Z
      race event 524: gate 2026-09-15T01:53:56.520236405Z, deadline 2026-09-15T01:54:56.520236405Z
      race event 525: gate 2026-09-15T01:53:56.547443984Z, deadline 2026-09-15T01:54:56.547443984Z
      race event 526: gate 2026-09-15T01:53:56.606785628Z, deadline 2026-09-15T01:54:56.606785628Z
      race event 527: gate 2026-09-15T01:53:56.631106911Z, deadline 2026-09-15T01:54:56.631106911Z
      race event 528: gate 2026-09-15T01:53:56.657677962Z, deadline 2026-09-15T01:54:56.657677962Z
      race event 529: gate 2026-09-15T01:53:56.719844578Z, deadline 2026-09-15T01:54:56.719844578Z
      race event 530: gate 2026-09-15T01:53:56.751763382Z, deadline 2026-09-15T01:54:56.751763382Z
      race event 531: gate 2026-09-15T01:53:56.816051231Z, deadline 2026-09-15T01:54:56.816051231Z
      race event 532: gate 2026-09-15T01:53:56.848391462Z, deadline 2026-09-15T01:54:56.848391462Z
      race event 533: gate 2026-09-15T01:53:56.920406888Z, deadline 2026-09-15T01:54:56.920406888Z
      race event 534: gate 2026-09-15T01:53:56.948315672Z, deadline 2026-09-15T01:54:56.948315672Z
      race event 535: gate 2026-09-15T01:53:56.972676625Z, deadline 2026-09-15T01:54:56.972676625Z
      race event 536: gate 2026-09-15T01:53:57.029709081Z, deadline 2026-09-15T01:54:57.029709081Z
      race event 537: gate 2026-09-15T01:53:57.062379832Z, deadline 2026-09-15T01:54:57.062379832Z
      race event 538: gate 2026-09-15T01:53:57.114577433Z, deadline 2026-09-15T01:54:57.114577433Z
      race event 539: gate 2026-09-15T01:53:57.148253734Z, deadline 2026-09-15T01:54:57.148253734Z
      race event 540: gate 2026-09-15T01:53:57.17403155Z, deadline 2026-09-15T01:54:57.17403155Z
      race event 541: gate 2026-09-15T01:53:57.230693779Z, deadline 2026-09-15T01:54:57.230693779Z
      race event 542: gate 2026-09-15T01:53:57.263417798Z, deadline 2026-09-15T01:54:57.263417798Z
      race event 543: gate 2026-09-15T01:53:57.335509701Z, deadline 2026-09-15T01:54:57.335509701Z
      race event 544: gate 2026-09-15T01:53:57.366182179Z, deadline 2026-09-15T01:54:57.366182179Z
      race event 545: gate 2026-09-15T01:53:57.420143179Z, deadline 2026-09-15T01:54:57.420143179Z
      race event 546: gate 2026-09-15T01:53:57.439582083Z, deadline 2026-09-15T01:54:57.439582083Z
      race event 547: gate 2026-09-15T01:53:57.472170244Z, deadline 2026-09-15T01:54:57.472170244Z
      race event 548: gate 2026-09-15T01:53:57.538560759Z, deadline 2026-09-15T01:54:57.538560759Z
      race event 549: gate 2026-09-15T01:53:57.556498629Z, deadline 2026-09-15T01:54:57.556498629Z
      race event 550: gate 2026-09-15T01:53:57.624834135Z, deadline 2026-09-15T01:54:57.624834135Z
      race event 551: gate 2026-09-15T01:53:57.646273257Z, deadline 2026-09-15T01:54:57.646273257Z
      race event 552: gate 2026-09-15T01:53:57.709426721Z, deadline 2026-09-15T01:54:57.709426721Z
      race event 553: gate 2026-09-15T01:53:57.741341851Z, deadline 2026-09-15T01:54:57.741341851Z
      race event 554: gate 2026-09-15T01:53:57.807633709Z, deadline 2026-09-15T01:54:57.807633709Z
      race event 555: gate 2026-09-15T01:53:57.843362287Z, deadline 2026-09-15T01:54:57.843362287Z
      race event 556: gate 2026-09-15T01:53:57.924353309Z, deadline 2026-09-15T01:54:57.924353309Z
      race event 557: gate 2026-09-15T01:53:57.949309671Z, deadline 2026-09-15T01:54:57.949309671Z
      race event 558: gate 2026-09-15T01:53:57.975107821Z, deadline 2026-09-15T01:54:57.975107821Z
      race event 559: gate 2026-09-15T01:53:58.025073447Z, deadline 2026-09-15T01:54:58.025073447Z
      race event 560: gate 2026-09-15T01:53:58.050477475Z, deadline 2026-09-15T01:54:58.050477475Z
      race event 561: gate 2026-09-15T01:53:58.116967609Z, deadline 2026-09-15T01:54:58.116967609Z
      race event 562: gate 2026-09-15T01:53:58.152556843Z, deadline 2026-09-15T01:54:58.152556843Z
      race event 563: gate 2026-09-15T01:53:58.222176217Z, deadline 2026-09-15T01:54:58.222176217Z
      race event 564: gate 2026-09-15T01:53:58.244800608Z, deadline 2026-09-15T01:54:58.244800608Z
      race event 565: gate 2026-09-15T01:53:58.31064638Z, deadline 2026-09-15T01:54:58.31064638Z
      race event 566: gate 2026-09-15T01:53:58.341038065Z, deadline 2026-09-15T01:54:58.341038065Z
      race event 567: gate 2026-09-15T01:53:58.378343863Z, deadline 2026-09-15T01:54:58.378343863Z
      race event 568: gate 2026-09-15T01:53:58.437442926Z, deadline 2026-09-15T01:54:58.437442926Z
      race event 569: gate 2026-09-15T01:53:58.509527742Z, deadline 2026-09-15T01:54:58.509527742Z
      race event 570: gate 2026-09-15T01:53:58.553485369Z, deadline 2026-09-15T01:54:58.553485369Z
      race event 571: gate 2026-09-15T01:53:58.624910478Z, deadline 2026-09-15T01:54:58.624910478Z
      race event 572: gate 2026-09-15T01:53:58.661094618Z, deadline 2026-09-15T01:54:58.661094618Z
      race event 573: gate 2026-09-15T01:53:58.718947997Z, deadline 2026-09-15T01:54:58.718947997Z
      race event 574: gate 2026-09-15T01:53:58.773558701Z, deadline 2026-09-15T01:54:58.773558701Z
      race event 575: gate 2026-09-15T01:53:58.792822327Z, deadline 2026-09-15T01:54:58.792822327Z
      race event 576: gate 2026-09-15T01:53:58.824845598Z, deadline 2026-09-15T01:54:58.824845598Z
      race event 577: gate 2026-09-15T01:53:58.85224943Z, deadline 2026-09-15T01:54:58.85224943Z
      race event 578: gate 2026-09-15T01:53:58.909152001Z, deadline 2026-09-15T01:54:58.909152001Z
      race event 579: gate 2026-09-15T01:53:58.938751291Z, deadline 2026-09-15T01:54:58.938751291Z
      race event 580: gate 2026-09-15T01:53:58.972612727Z, deadline 2026-09-15T01:54:58.972612727Z
      race event 581: gate 2026-09-15T01:53:59.038059365Z, deadline 2026-09-15T01:54:59.038059365Z
      race event 582: gate 2026-09-15T01:53:59.064502655Z, deadline 2026-09-15T01:54:59.064502655Z
      race event 583: gate 2026-09-15T01:53:59.082377732Z, deadline 2026-09-15T01:54:59.082377732Z
      race event 584: gate 2026-09-15T01:53:59.126806063Z, deadline 2026-09-15T01:54:59.126806063Z
      race event 585: gate 2026-09-15T01:53:59.162211587Z, deadline 2026-09-15T01:54:59.162211587Z
      race event 586: gate 2026-09-15T01:53:59.22095381Z, deadline 2026-09-15T01:54:59.22095381Z
      race event 587: gate 2026-09-15T01:53:59.251529278Z, deadline 2026-09-15T01:54:59.251529278Z
      race event 588: gate 2026-09-15T01:53:59.322942337Z, deadline 2026-09-15T01:54:59.322942337Z
      race event 589: gate 2026-09-15T01:53:59.346993929Z, deadline 2026-09-15T01:54:59.346993929Z
      race event 590: gate 2026-09-15T01:53:59.368284469Z, deadline 2026-09-15T01:54:59.368284469Z
      race event 591: gate 2026-09-15T01:53:59.417973946Z, deadline 2026-09-15T01:54:59.417973946Z
      race event 592: gate 2026-09-15T01:53:59.443677139Z, deadline 2026-09-15T01:54:59.443677139Z
      race event 593: gate 2026-09-15T01:53:59.473421365Z, deadline 2026-09-15T01:54:59.473421365Z
      race event 594: gate 2026-09-15T01:53:59.517661058Z, deadline 2026-09-15T01:54:59.517661058Z
      race event 595: gate 2026-09-15T01:53:59.546208777Z, deadline 2026-09-15T01:54:59.546208777Z
      race event 596: gate 2026-09-15T01:53:59.565567867Z, deadline 2026-09-15T01:54:59.565567867Z
      race event 597: gate 2026-09-15T01:53:59.617321297Z, deadline 2026-09-15T01:54:59.617321297Z
      race event 598: gate 2026-09-15T01:53:59.643733444Z, deadline 2026-09-15T01:54:59.643733444Z
      race event 599: gate 2026-09-15T01:53:59.707984401Z, deadline 2026-09-15T01:54:59.707984401Z
      race event 600: gate 2026-09-15T01:53:59.734452461Z, deadline 2026-09-15T01:54:59.734452461Z
    race     10 seats x100      338.3 seats/s  conflicts/hold=9.52 reads/hold=17.71  hold p50=2.77ms p99=50.73ms  deferred 58/58 ok  confirm retries sold/run=0/0  errors=0  ok
      audit: consistent (100 events, 1000 tickets; rejections late=0 boundary=0)
      race event 601: gate 2026-09-15T01:53:59.880559972Z, deadline 2026-09-15T01:54:59.880559972Z
      race event 602: gate 2026-09-15T01:53:59.944560104Z, deadline 2026-09-15T01:54:59.944560104Z
      race event 603: gate 2026-09-15T01:54:00.110503437Z, deadline 2026-09-15T01:55:00.110503437Z
      race event 604: gate 2026-09-15T01:54:00.223286629Z, deadline 2026-09-15T01:55:00.223286629Z
      race event 605: gate 2026-09-15T01:54:00.337727876Z, deadline 2026-09-15T01:55:00.337727876Z
      race event 606: gate 2026-09-15T01:54:00.443862571Z, deadline 2026-09-15T01:55:00.443862571Z
      race event 607: gate 2026-09-15T01:54:00.619514402Z, deadline 2026-09-15T01:55:00.619514402Z
      race event 608: gate 2026-09-15T01:54:00.72928061Z, deadline 2026-09-15T01:55:00.72928061Z
      race event 609: gate 2026-09-15T01:54:00.84166898Z, deadline 2026-09-15T01:55:00.84166898Z
      race event 610: gate 2026-09-15T01:54:01.012811787Z, deadline 2026-09-15T01:55:01.012811787Z
      race event 611: gate 2026-09-15T01:54:01.124018817Z, deadline 2026-09-15T01:55:01.124018817Z
      race event 612: gate 2026-09-15T01:54:01.23879282Z, deadline 2026-09-15T01:55:01.23879282Z
      race event 613: gate 2026-09-15T01:54:01.341031738Z, deadline 2026-09-15T01:55:01.341031738Z
      race event 614: gate 2026-09-15T01:54:01.520866005Z, deadline 2026-09-15T01:55:01.520866005Z
      race event 615: gate 2026-09-15T01:54:01.638624758Z, deadline 2026-09-15T01:55:01.638624758Z
      race event 616: gate 2026-09-15T01:54:01.817594839Z, deadline 2026-09-15T01:55:01.817594839Z
      race event 617: gate 2026-09-15T01:54:01.925522789Z, deadline 2026-09-15T01:55:01.925522789Z
      race event 618: gate 2026-09-15T01:54:02.029867923Z, deadline 2026-09-15T01:55:02.029867923Z
      race event 619: gate 2026-09-15T01:54:02.132763237Z, deadline 2026-09-15T01:55:02.132763237Z
      race event 620: gate 2026-09-15T01:54:02.250279065Z, deadline 2026-09-15T01:55:02.250279065Z
    race    100 seats x20       910.7 seats/s  conflicts/hold=3.20 reads/hold=6.03  hold p50=2.78ms p99=62.66ms  deferred 90/90 ok  confirm retries sold/run=0/0  errors=0  ok
      audit: consistent (20 events, 2000 tickets; rejections late=0 boundary=0)
      race event 621: gate 2026-09-15T01:54:02.50838988Z, deadline 2026-09-15T01:55:02.50838988Z
      race event 622: gate 2026-09-15T01:54:03.317806818Z, deadline 2026-09-15T01:55:03.317806818Z
      race event 623: gate 2026-09-15T01:54:04.117504714Z, deadline 2026-09-15T01:55:04.117504714Z
      race event 624: gate 2026-09-15T01:54:04.955950748Z, deadline 2026-09-15T01:55:04.955950748Z
      race event 625: gate 2026-09-15T01:54:05.740019042Z, deadline 2026-09-15T01:55:05.740019042Z
    race   1000 seats x5       1310.7 seats/s  conflicts/hold=1.42 reads/hold=3.87  hold p50=3.51ms p99=80.08ms  deferred 217/217 ok  confirm retries sold/run=0/0  errors=0  ok
      audit: consistent (5 events, 5000 tickets; rejections late=0 boundary=0)
      race event 626: gate 2026-09-15T01:54:06.71273977Z, deadline 2026-09-15T01:55:06.71273977Z
      race event 627: gate 2026-09-15T01:54:25.881944079Z, deadline 2026-09-15T01:55:25.881944079Z
    race  10000 seats x2        575.6 seats/s  conflicts/hold=0.37 reads/hold=4.22  hold p50=5.94ms p99=94.67ms  deferred 829/829 ok  confirm retries sold/run=0/0  errors=0  ok
      audit: consistent (2 events, 20000 tickets; rejections late=0 boundary=0)
      race event 628: gate 2026-09-15T01:54:44.979647329Z, deadline 2026-09-15T01:55:44.979647329Z
    race 100000 seats x1        302.4 seats/s  conflicts/hold=0.11 reads/hold=1.24  hold p50=81.06ms p99=179.34ms  deferred 705/705 ok  confirm retries sold/run=0/0  errors=0  ok, 1 timed out (18% sold)
      audit: consistent (1 events, 18167 tickets; rejections late=0 boundary=0)
  lifecycle trial 1/1 (32 buyers per event, one human minute = 50ms, fresh load):
    lifecycle    10 seats x6       2.7 confirmed seats/s  holds=64 abandoned=8+5 expired@check=2 rejected late/boundary/early(transient)=0/0/0(0)  confirm retries sold/run=0/0  outage unavailable=0/0  leaked=0 errors=0  ok
      audit: consistent (6 events, 60 tickets; rejections late=0 boundary=0)
    lifecycle   100 seats x6      16.5 confirmed seats/s  holds=425 abandoned=55+53 expired@check=4 rejected late/boundary/early(transient)=3/0/0(0)  confirm retries sold/run=0/0  outage unavailable=0/0  leaked=0 errors=0  ok
      audit: consistent (6 events, 600 tickets; rejections late=3 boundary=0)
    lifecycle  1000 seats x6      69.9 confirmed seats/s  holds=3460 abandoned=535+352 expired@check=118 rejected late/boundary/early(transient)=8/0/0(0)  confirm retries sold/run=0/0  outage unavailable=0/8  leaked=0 errors=0  ok
      audit: consistent (6 events, 5739 tickets; rejections late=8 boundary=0)
  wrote /results/k1_payment_window.json
