  engine: PostgreSQL 17.11 (Debian 17.11-1.pgdg13+2) on x86_64-pc-linux-gnu, compiled by gcc (Debian 14.2.0-19) 14.2.0, 64-bit
  database clock minus client clock: 0.001 ms
  dataset: 5 venues, 658 events, 56103 tickets and 2217 holds at load
  loading l1_claim_rows ...
  loaded in 0.8s (copy 0.6s, index 0.1s)
  verifying answers against ground truth ...
    58/58 checks passed (margin 600s); audit on load: consistent (658 events, 56103 tickets; rejections late=0 boundary=0)
  capturing plans ...
  read benchmark:
    q01_section_map@10                    30328.3 ops/s  p50=  0.118ms p99=   2.281ms  errors=0
    q02_event_sections@10                 10129.7 ops/s  p50=  0.273ms p99=   1.648ms  errors=0
    q03_event_available@10                12904.2 ops/s  p50=  0.228ms p99=   1.147ms  errors=0
    q01_section_map@100                   34332.2 ops/s  p50=  0.127ms p99=   0.473ms  errors=0
    q02_event_sections@100                 9958.7 ops/s  p50=  0.278ms p99=   1.454ms  errors=0
    q03_event_available@100               12002.6 ops/s  p50=  0.237ms p99=   1.526ms  errors=0
    q01_section_map@1000                  23748.9 ops/s  p50=  0.159ms p99=   0.702ms  errors=0
    q02_event_sections@1000                6325.0 ops/s  p50=  0.400ms p99=  62.631ms  errors=0
    q03_event_available@1000               8779.1 ops/s  p50=  0.300ms p99=   1.915ms  errors=0
    q01_section_map@10000                 18420.2 ops/s  p50=  0.179ms p99=   0.791ms  errors=0
    q02_event_sections@10000               2033.4 ops/s  p50=  0.874ms p99=  75.452ms  errors=0
    q03_event_available@10000              2110.2 ops/s  p50=  0.826ms p99=  75.755ms  errors=0
    q01_section_map@100000                 8812.1 ops/s  p50=  0.298ms p99=   2.483ms  errors=0
    q02_event_sections@100000               123.7 ops/s  p50= 88.217ms p99= 183.949ms  errors=0
    q03_event_available@100000              140.6 ops/s  p50= 84.051ms p99= 105.848ms  errors=0
    q04_hold_seats                        25835.8 ops/s  p50=  0.138ms p99=   0.621ms  errors=0
    q05_customer_tickets                  31876.0 ops/s  p50=  0.143ms p99=   0.583ms  errors=0
    q06_ticket_by_id                      38254.4 ops/s  p50=  0.126ms p99=   0.522ms  errors=0
  write benchmark (fresh load per op):
    hold                                    200.8 ops/s  p50= 18.004ms p99= 106.485ms  rejected=6 retries=3 errors=0
      audit after hold: consistent (658 events, 83020 tickets; rejections late=0 boundary=0)
    release                                5466.1 ops/s  p50=  1.338ms p99=   2.385ms  rejected=0 retries=0 errors=0
      audit after release: consistent (658 events, 56103 tickets; rejections late=0 boundary=0)
    cancel                                 4327.0 ops/s  p50=  1.799ms p99=   3.080ms  rejected=0 retries=0 errors=0
      audit after cancel: consistent (658 events, 28053 tickets; rejections late=0 boundary=0)
    publish@10                             3189.1 ops/s  p50=  1.165ms p99=   2.277ms  rejected=0 retries=0 errors=0
    publish@100                            3182.6 ops/s  p50=  1.148ms p99=   2.037ms  rejected=0 retries=0 errors=0
    publish@1000                           2738.5 ops/s  p50=  1.143ms p99=   2.196ms  rejected=0 retries=0 errors=0
    publish@10000                          1370.2 ops/s  p50=  0.973ms p99=   0.973ms  rejected=0 retries=0 errors=0
    publish@100000                         1311.0 ops/s  p50=  0.888ms p99=   0.888ms  rejected=0 retries=0 errors=0
      audit after publish: consistent (2887 events, 56103 tickets; rejections late=0 boundary=0)
  race trial 1/1 (32 buyers per event, fresh load):
      race event 501: gate 2026-09-15T01:45:23.71918684Z, deadline 2026-09-15T01:46:23.71918684Z
      race event 502: gate 2026-09-15T01:45:23.756442591Z, deadline 2026-09-15T01:46:23.756442591Z
      race event 503: gate 2026-09-15T01:45:23.859388437Z, deadline 2026-09-15T01:46:23.859388437Z
      race event 504: gate 2026-09-15T01:45:23.948562101Z, deadline 2026-09-15T01:46:23.948562101Z
      race event 505: gate 2026-09-15T01:45:23.976789259Z, deadline 2026-09-15T01:46:23.976789259Z
      race event 506: gate 2026-09-15T01:45:24.03672738Z, deadline 2026-09-15T01:46:24.03672738Z
      race event 507: gate 2026-09-15T01:45:24.086935636Z, deadline 2026-09-15T01:46:24.086935636Z
      race event 508: gate 2026-09-15T01:45:24.138307714Z, deadline 2026-09-15T01:46:24.138307714Z
      race event 509: gate 2026-09-15T01:45:24.175840058Z, deadline 2026-09-15T01:46:24.175840058Z
      race event 510: gate 2026-09-15T01:45:24.195353382Z, deadline 2026-09-15T01:46:24.195353382Z
      race event 511: gate 2026-09-15T01:45:24.247239299Z, deadline 2026-09-15T01:46:24.247239299Z
      race event 512: gate 2026-09-15T01:45:24.273178282Z, deadline 2026-09-15T01:46:24.273178282Z
      race event 513: gate 2026-09-15T01:45:24.341607174Z, deadline 2026-09-15T01:46:24.341607174Z
      race event 514: gate 2026-09-15T01:45:24.36810453Z, deadline 2026-09-15T01:46:24.36810453Z
      race event 515: gate 2026-09-15T01:45:24.384779123Z, deadline 2026-09-15T01:46:24.384779123Z
      race event 516: gate 2026-09-15T01:45:24.430465631Z, deadline 2026-09-15T01:46:24.430465631Z
      race event 517: gate 2026-09-15T01:45:24.473076656Z, deadline 2026-09-15T01:46:24.473076656Z
      race event 518: gate 2026-09-15T01:45:24.528883565Z, deadline 2026-09-15T01:46:24.528883565Z
      race event 519: gate 2026-09-15T01:45:24.559402555Z, deadline 2026-09-15T01:46:24.559402555Z
      race event 520: gate 2026-09-15T01:45:24.585396463Z, deadline 2026-09-15T01:46:24.585396463Z
      race event 521: gate 2026-09-15T01:45:24.643611794Z, deadline 2026-09-15T01:46:24.643611794Z
      race event 522: gate 2026-09-15T01:45:24.663742387Z, deadline 2026-09-15T01:46:24.663742387Z
      race event 523: gate 2026-09-15T01:45:24.73706805Z, deadline 2026-09-15T01:46:24.73706805Z
      race event 524: gate 2026-09-15T01:45:24.771082814Z, deadline 2026-09-15T01:46:24.771082814Z
      race event 525: gate 2026-09-15T01:45:24.844287594Z, deadline 2026-09-15T01:46:24.844287594Z
      race event 526: gate 2026-09-15T01:45:24.872152575Z, deadline 2026-09-15T01:46:24.872152575Z
      race event 527: gate 2026-09-15T01:45:24.928746232Z, deadline 2026-09-15T01:46:24.928746232Z
      race event 528: gate 2026-09-15T01:45:24.966206468Z, deadline 2026-09-15T01:46:24.966206468Z
      race event 529: gate 2026-09-15T01:45:24.989058776Z, deadline 2026-09-15T01:46:24.989058776Z
      race event 530: gate 2026-09-15T01:45:25.049652554Z, deadline 2026-09-15T01:46:25.049652554Z
      race event 531: gate 2026-09-15T01:45:25.065722618Z, deadline 2026-09-15T01:46:25.065722618Z
      race event 532: gate 2026-09-15T01:45:25.091167998Z, deadline 2026-09-15T01:46:25.091167998Z
      race event 533: gate 2026-09-15T01:45:25.136071028Z, deadline 2026-09-15T01:46:25.136071028Z
      race event 534: gate 2026-09-15T01:45:25.158342534Z, deadline 2026-09-15T01:46:25.158342534Z
      race event 535: gate 2026-09-15T01:45:25.185993321Z, deadline 2026-09-15T01:46:25.185993321Z
      race event 536: gate 2026-09-15T01:45:25.236926747Z, deadline 2026-09-15T01:46:25.236926747Z
      race event 537: gate 2026-09-15T01:45:25.265042634Z, deadline 2026-09-15T01:46:25.265042634Z
      race event 538: gate 2026-09-15T01:45:25.285155514Z, deadline 2026-09-15T01:46:25.285155514Z
      race event 539: gate 2026-09-15T01:45:25.354620737Z, deadline 2026-09-15T01:46:25.354620737Z
      race event 540: gate 2026-09-15T01:45:25.38155147Z, deadline 2026-09-15T01:46:25.38155147Z
      race event 541: gate 2026-09-15T01:45:25.44904604Z, deadline 2026-09-15T01:46:25.44904604Z
      race event 542: gate 2026-09-15T01:45:25.486113744Z, deadline 2026-09-15T01:46:25.486113744Z
      race event 543: gate 2026-09-15T01:45:25.550515107Z, deadline 2026-09-15T01:46:25.550515107Z
      race event 544: gate 2026-09-15T01:45:25.576182807Z, deadline 2026-09-15T01:46:25.576182807Z
      race event 545: gate 2026-09-15T01:45:25.650116624Z, deadline 2026-09-15T01:46:25.650116624Z
      race event 546: gate 2026-09-15T01:45:25.68017627Z, deadline 2026-09-15T01:46:25.68017627Z
      race event 547: gate 2026-09-15T01:45:25.733352278Z, deadline 2026-09-15T01:46:25.733352278Z
      race event 548: gate 2026-09-15T01:45:25.763576849Z, deadline 2026-09-15T01:46:25.763576849Z
      race event 549: gate 2026-09-15T01:45:25.832900281Z, deadline 2026-09-15T01:46:25.832900281Z
      race event 550: gate 2026-09-15T01:45:25.868321588Z, deadline 2026-09-15T01:46:25.868321588Z
      race event 551: gate 2026-09-15T01:45:25.950701147Z, deadline 2026-09-15T01:46:25.950701147Z
      race event 552: gate 2026-09-15T01:45:26.027985963Z, deadline 2026-09-15T01:46:26.027985963Z
      race event 553: gate 2026-09-15T01:45:26.060752616Z, deadline 2026-09-15T01:46:26.060752616Z
      race event 554: gate 2026-09-15T01:45:26.135704234Z, deadline 2026-09-15T01:46:26.135704234Z
      race event 555: gate 2026-09-15T01:45:26.167898093Z, deadline 2026-09-15T01:46:26.167898093Z
      race event 556: gate 2026-09-15T01:45:26.229653916Z, deadline 2026-09-15T01:46:26.229653916Z
      race event 557: gate 2026-09-15T01:45:26.257760857Z, deadline 2026-09-15T01:46:26.257760857Z
      race event 558: gate 2026-09-15T01:45:26.290084322Z, deadline 2026-09-15T01:46:26.290084322Z
      race event 559: gate 2026-09-15T01:45:26.338859061Z, deadline 2026-09-15T01:46:26.338859061Z
      race event 560: gate 2026-09-15T01:45:26.361942783Z, deadline 2026-09-15T01:46:26.361942783Z
      race event 561: gate 2026-09-15T01:45:26.381239096Z, deadline 2026-09-15T01:46:26.381239096Z
      race event 562: gate 2026-09-15T01:45:26.438859489Z, deadline 2026-09-15T01:46:26.438859489Z
      race event 563: gate 2026-09-15T01:45:26.461190806Z, deadline 2026-09-15T01:46:26.461190806Z
      race event 564: gate 2026-09-15T01:45:26.526785949Z, deadline 2026-09-15T01:46:26.526785949Z
      race event 565: gate 2026-09-15T01:45:26.549173362Z, deadline 2026-09-15T01:46:26.549173362Z
      race event 566: gate 2026-09-15T01:45:26.568899575Z, deadline 2026-09-15T01:46:26.568899575Z
      race event 567: gate 2026-09-15T01:45:26.632986081Z, deadline 2026-09-15T01:46:26.632986081Z
      race event 568: gate 2026-09-15T01:45:26.665235849Z, deadline 2026-09-15T01:46:26.665235849Z
      race event 569: gate 2026-09-15T01:45:26.681938754Z, deadline 2026-09-15T01:46:26.681938754Z
      race event 570: gate 2026-09-15T01:45:26.752384894Z, deadline 2026-09-15T01:46:26.752384894Z
      race event 571: gate 2026-09-15T01:45:26.774297743Z, deadline 2026-09-15T01:46:26.774297743Z
      race event 572: gate 2026-09-15T01:45:26.840740862Z, deadline 2026-09-15T01:46:26.840740862Z
      race event 573: gate 2026-09-15T01:45:26.878780207Z, deadline 2026-09-15T01:46:26.878780207Z
      race event 574: gate 2026-09-15T01:45:26.940028961Z, deadline 2026-09-15T01:46:26.940028961Z
      race event 575: gate 2026-09-15T01:45:26.970572779Z, deadline 2026-09-15T01:46:26.970572779Z
      race event 576: gate 2026-09-15T01:45:27.042237625Z, deadline 2026-09-15T01:46:27.042237625Z
      race event 577: gate 2026-09-15T01:45:27.075484413Z, deadline 2026-09-15T01:46:27.075484413Z
      race event 578: gate 2026-09-15T01:45:27.134147858Z, deadline 2026-09-15T01:46:27.134147858Z
      race event 579: gate 2026-09-15T01:45:27.1671145Z, deadline 2026-09-15T01:46:27.1671145Z
      race event 580: gate 2026-09-15T01:45:27.19093333Z, deadline 2026-09-15T01:46:27.19093333Z
      race event 581: gate 2026-09-15T01:45:27.260548594Z, deadline 2026-09-15T01:46:27.260548594Z
      race event 582: gate 2026-09-15T01:45:27.333193009Z, deadline 2026-09-15T01:46:27.333193009Z
      race event 583: gate 2026-09-15T01:45:27.364344731Z, deadline 2026-09-15T01:46:27.364344731Z
      race event 584: gate 2026-09-15T01:45:27.382815616Z, deadline 2026-09-15T01:46:27.382815616Z
      race event 585: gate 2026-09-15T01:45:27.447651235Z, deadline 2026-09-15T01:46:27.447651235Z
      race event 586: gate 2026-09-15T01:45:27.468827845Z, deadline 2026-09-15T01:46:27.468827845Z
      race event 587: gate 2026-09-15T01:45:27.539766567Z, deadline 2026-09-15T01:46:27.539766567Z
      race event 588: gate 2026-09-15T01:45:27.574804563Z, deadline 2026-09-15T01:46:27.574804563Z
      race event 589: gate 2026-09-15T01:45:27.631857387Z, deadline 2026-09-15T01:46:27.631857387Z
      race event 590: gate 2026-09-15T01:45:27.667490416Z, deadline 2026-09-15T01:46:27.667490416Z
      race event 591: gate 2026-09-15T01:45:27.741755323Z, deadline 2026-09-15T01:46:27.741755323Z
      race event 592: gate 2026-09-15T01:45:27.769813519Z, deadline 2026-09-15T01:46:27.769813519Z
      race event 593: gate 2026-09-15T01:45:27.836784877Z, deadline 2026-09-15T01:46:27.836784877Z
      race event 594: gate 2026-09-15T01:45:27.864645946Z, deadline 2026-09-15T01:46:27.864645946Z
      race event 595: gate 2026-09-15T01:45:27.888717903Z, deadline 2026-09-15T01:46:27.888717903Z
      race event 596: gate 2026-09-15T01:45:27.954241517Z, deadline 2026-09-15T01:46:27.954241517Z
      race event 597: gate 2026-09-15T01:45:27.969755031Z, deadline 2026-09-15T01:46:27.969755031Z
      race event 598: gate 2026-09-15T01:45:28.03657227Z, deadline 2026-09-15T01:46:28.03657227Z
      race event 599: gate 2026-09-15T01:45:28.07264504Z, deadline 2026-09-15T01:46:28.07264504Z
      race event 600: gate 2026-09-15T01:45:28.139854264Z, deadline 2026-09-15T01:46:28.139854264Z
    race     10 seats x100      333.2 seats/s  conflicts/hold=8.58 reads/hold=16.49  hold p50=2.57ms p99=44.86ms  deferred 55/55 ok  confirm retries sold/run=0/0  errors=0  ok
      audit: consistent (100 events, 1000 tickets; rejections late=0 boundary=0)
      race event 601: gate 2026-09-15T01:45:28.239406343Z, deadline 2026-09-15T01:46:28.239406343Z
      race event 602: gate 2026-09-15T01:45:28.327365955Z, deadline 2026-09-15T01:46:28.327365955Z
      race event 603: gate 2026-09-15T01:45:28.373566542Z, deadline 2026-09-15T01:46:28.373566542Z
      race event 604: gate 2026-09-15T01:45:28.53198529Z, deadline 2026-09-15T01:46:28.53198529Z
      race event 605: gate 2026-09-15T01:45:28.638704271Z, deadline 2026-09-15T01:46:28.638704271Z
      race event 606: gate 2026-09-15T01:45:28.74719546Z, deadline 2026-09-15T01:46:28.74719546Z
      race event 607: gate 2026-09-15T01:45:28.856412693Z, deadline 2026-09-15T01:46:28.856412693Z
      race event 608: gate 2026-09-15T01:45:29.028319288Z, deadline 2026-09-15T01:46:29.028319288Z
      race event 609: gate 2026-09-15T01:45:29.147506917Z, deadline 2026-09-15T01:46:29.147506917Z
      race event 610: gate 2026-09-15T01:45:29.246426271Z, deadline 2026-09-15T01:46:29.246426271Z
      race event 611: gate 2026-09-15T01:45:29.343869953Z, deadline 2026-09-15T01:46:29.343869953Z
      race event 612: gate 2026-09-15T01:45:29.456578959Z, deadline 2026-09-15T01:46:29.456578959Z
      race event 613: gate 2026-09-15T01:45:29.558813128Z, deadline 2026-09-15T01:46:29.558813128Z
      race event 614: gate 2026-09-15T01:45:29.662087712Z, deadline 2026-09-15T01:46:29.662087712Z
      race event 615: gate 2026-09-15T01:45:29.772230931Z, deadline 2026-09-15T01:46:29.772230931Z
      race event 616: gate 2026-09-15T01:45:29.873330101Z, deadline 2026-09-15T01:46:29.873330101Z
      race event 617: gate 2026-09-15T01:45:29.970747195Z, deadline 2026-09-15T01:46:29.970747195Z
      race event 618: gate 2026-09-15T01:45:30.066112359Z, deadline 2026-09-15T01:46:30.066112359Z
      race event 619: gate 2026-09-15T01:45:30.179147196Z, deadline 2026-09-15T01:46:30.179147196Z
      race event 620: gate 2026-09-15T01:45:30.332289592Z, deadline 2026-09-15T01:46:30.332289592Z
    race    100 seats x20      1125.3 seats/s  conflicts/hold=2.94 reads/hold=5.46  hold p50=2.47ms p99=53.27ms  deferred 89/89 ok  confirm retries sold/run=0/0  errors=0  ok
      audit: consistent (20 events, 2000 tickets; rejections late=0 boundary=0)
      race event 621: gate 2026-09-15T01:45:30.500039451Z, deadline 2026-09-15T01:46:30.500039451Z
      race event 622: gate 2026-09-15T01:45:31.247941181Z, deadline 2026-09-15T01:46:31.247941181Z
      race event 623: gate 2026-09-15T01:45:32.034185261Z, deadline 2026-09-15T01:46:32.034185261Z
      race event 624: gate 2026-09-15T01:45:32.754555421Z, deadline 2026-09-15T01:46:32.754555421Z
      race event 625: gate 2026-09-15T01:45:33.532781158Z, deadline 2026-09-15T01:46:33.532781158Z
    race   1000 seats x5       1413.8 seats/s  conflicts/hold=1.34 reads/hold=3.62  hold p50=3.24ms p99=72.75ms  deferred 194/194 ok  confirm retries sold/run=0/0  errors=0  ok
      audit: consistent (5 events, 5000 tickets; rejections late=0 boundary=0)
      race event 626: gate 2026-09-15T01:45:34.328739903Z, deadline 2026-09-15T01:46:34.328739903Z
      race event 627: gate 2026-09-15T01:45:53.172931395Z, deadline 2026-09-15T01:46:53.172931395Z
    race  10000 seats x2        625.2 seats/s  conflicts/hold=0.39 reads/hold=4.22  hold p50=4.52ms p99=94.35ms  deferred 872/872 ok  confirm retries sold/run=0/0  errors=0  ok
      audit: consistent (2 events, 20000 tickets; rejections late=0 boundary=0)
      race event 628: gate 2026-09-15T01:46:09.769336402Z, deadline 2026-09-15T01:47:09.769336402Z
    race 100000 seats x1        702.9 seats/s  conflicts/hold=0.11 reads/hold=1.44  hold p50=7.93ms p99=98.10ms  deferred 1633/1633 ok  confirm retries sold/run=0/0  errors=0  ok, 1 timed out (42% sold)
      audit: consistent (1 events, 42177 tickets; rejections late=0 boundary=0)
  lifecycle trial 1/1 (32 buyers per event, one human minute = 50ms, fresh load):
    lifecycle    10 seats x6       2.9 confirmed seats/s  holds=51 abandoned=7+0 expired@check=4 rejected late/boundary/early(transient)=0/0/0(0)  confirm retries sold/run=0/0  outage unavailable=0/0  leaked=0 errors=0  ok
      audit: consistent (6 events, 60 tickets; rejections late=0 boundary=0)
    lifecycle   100 seats x6      16.2 confirmed seats/s  holds=437 abandoned=50+51 expired@check=19 rejected late/boundary/early(transient)=5/0/0(0)  confirm retries sold/run=0/0  outage unavailable=0/0  leaked=0 errors=0  ok
      audit: consistent (6 events, 600 tickets; rejections late=5 boundary=0)
    lifecycle  1000 seats x6      68.8 confirmed seats/s  holds=3478 abandoned=537+363 expired@check=161 rejected late/boundary/early(transient)=36/0/0(0)  confirm retries sold/run=0/0  outage unavailable=0/9  leaked=0 errors=0  ok
      audit: consistent (6 events, 5707 tickets; rejections late=36 boundary=0)
  wrote /results/l1_claim_rows.json
