  engine: PostgreSQL 17.11 (Debian 17.11-1.pgdg13+2) on x86_64-pc-linux-gnu, compiled by gcc (Debian 14.2.0-19) 14.2.0, 64-bit
  database clock minus client clock: 0.001 ms
  dataset: 5 venues, 658 events, 56103 tickets and 2217 holds at load
  loading l2_section_document ...
  loaded in 0.6s (copy 0.5s, index 0.0s)
  verifying answers against ground truth ...
    58/58 checks passed (margin 600s); audit on load: consistent (658 events, 56103 tickets; rejections late=0 boundary=0)
  capturing plans ...
  read benchmark:
    q01_section_map@10                    30312.8 ops/s  p50=  0.128ms p99=   0.813ms  errors=0
    q02_event_sections@10                 32983.4 ops/s  p50=  0.127ms p99=   0.497ms  errors=0
    q03_event_available@10                31032.1 ops/s  p50=  0.129ms p99=   0.488ms  errors=0
    q01_section_map@100                   24188.5 ops/s  p50=  0.151ms p99=   0.597ms  errors=0
    q02_event_sections@100                27016.4 ops/s  p50=  0.141ms p99=   0.600ms  errors=0
    q03_event_available@100               26033.5 ops/s  p50=  0.144ms p99=   0.569ms  errors=0
    q01_section_map@1000                  16891.2 ops/s  p50=  0.187ms p99=   0.785ms  errors=0
    q02_event_sections@1000               11185.8 ops/s  p50=  0.243ms p99=   1.156ms  errors=0
    q03_event_available@1000              10504.6 ops/s  p50=  0.258ms p99=   1.525ms  errors=0
    q01_section_map@10000                 12871.4 ops/s  p50=  0.224ms p99=   1.121ms  errors=0
    q02_event_sections@10000               1842.0 ops/s  p50=  0.921ms p99=  77.055ms  errors=0
    q03_event_available@10000              1902.6 ops/s  p50=  0.915ms p99=  76.189ms  errors=0
    q01_section_map@100000                 6884.6 ops/s  p50=  0.367ms p99=  61.013ms  errors=0
    q02_event_sections@100000               164.3 ops/s  p50= 15.725ms p99=  97.378ms  errors=0
    q03_event_available@100000              159.3 ops/s  p50= 17.611ms p99=  98.376ms  errors=0
    q04_hold_seats                        20297.8 ops/s  p50=  0.167ms p99=   0.714ms  errors=0
    q05_customer_tickets                  32077.8 ops/s  p50=  0.139ms p99=   0.632ms  errors=0
    q06_ticket_by_id                      38085.7 ops/s  p50=  0.125ms p99=   0.515ms  errors=0
  write benchmark (fresh load per op):
    hold                                    123.4 ops/s  p50= 82.010ms p99= 207.465ms  rejected=3 retries=20 errors=0
      audit after hold: consistent (658 events, 82076 tickets; rejections late=0 boundary=0)
    release                                4245.9 ops/s  p50=  1.601ms p99=   6.410ms  rejected=0 retries=0 errors=0
      audit after release: consistent (658 events, 56103 tickets; rejections late=0 boundary=0)
    cancel                                 1271.7 ops/s  p50=  4.067ms p99=  37.033ms  rejected=0 retries=0 errors=0
      audit after cancel: consistent (658 events, 35685 tickets; rejections late=0 boundary=0)
    publish@10                             2727.2 ops/s  p50=  1.408ms p99=   2.329ms  rejected=0 retries=0 errors=0
    publish@100                            2733.6 ops/s  p50=  1.370ms p99=   2.247ms  rejected=0 retries=0 errors=0
    publish@1000                           2672.6 ops/s  p50=  1.423ms p99=   1.996ms  rejected=0 retries=0 errors=0
    publish@10000                          1064.9 ops/s  p50=  1.409ms p99=   1.409ms  rejected=0 retries=0 errors=0
    publish@100000                          963.1 ops/s  p50=  1.632ms p99=   1.632ms  rejected=0 retries=0 errors=0
      audit after publish: consistent (2887 events, 56103 tickets; rejections late=0 boundary=0)
  race trial 1/1 (32 buyers per event, fresh load):
      race event 501: gate 2026-09-15T00:37:01.685324366Z, deadline 2026-09-15T00:38:01.685324366Z
      race event 502: gate 2026-09-15T00:37:01.861829408Z, deadline 2026-09-15T00:38:01.861829408Z
      race event 503: gate 2026-09-15T00:37:01.963613668Z, deadline 2026-09-15T00:38:01.963613668Z
      race event 504: gate 2026-09-15T00:37:02.042713502Z, deadline 2026-09-15T00:38:02.042713502Z
      race event 505: gate 2026-09-15T00:37:02.107359422Z, deadline 2026-09-15T00:38:02.107359422Z
      race event 506: gate 2026-09-15T00:37:02.16098227Z, deadline 2026-09-15T00:38:02.16098227Z
      race event 507: gate 2026-09-15T00:37:02.240056143Z, deadline 2026-09-15T00:38:02.240056143Z
      race event 508: gate 2026-09-15T00:37:02.276192117Z, deadline 2026-09-15T00:38:02.276192117Z
      race event 509: gate 2026-09-15T00:37:02.328974219Z, deadline 2026-09-15T00:38:02.328974219Z
      race event 510: gate 2026-09-15T00:37:02.399647571Z, deadline 2026-09-15T00:38:02.399647571Z
      race event 511: gate 2026-09-15T00:37:02.467145593Z, deadline 2026-09-15T00:38:02.467145593Z
      race event 512: gate 2026-09-15T00:37:02.520369987Z, deadline 2026-09-15T00:38:02.520369987Z
      race event 513: gate 2026-09-15T00:37:02.586111519Z, deadline 2026-09-15T00:38:02.586111519Z
      race event 514: gate 2026-09-15T00:37:02.709027649Z, deadline 2026-09-15T00:38:02.709027649Z
      race event 515: gate 2026-09-15T00:37:02.781406574Z, deadline 2026-09-15T00:38:02.781406574Z
      race event 516: gate 2026-09-15T00:37:02.901084926Z, deadline 2026-09-15T00:38:02.901084926Z
      race event 517: gate 2026-09-15T00:37:02.975542455Z, deadline 2026-09-15T00:38:02.975542455Z
      race event 518: gate 2026-09-15T00:37:03.062084067Z, deadline 2026-09-15T00:38:03.062084067Z
      race event 519: gate 2026-09-15T00:37:03.203385053Z, deadline 2026-09-15T00:38:03.203385053Z
      race event 520: gate 2026-09-15T00:37:03.281751829Z, deadline 2026-09-15T00:38:03.281751829Z
      race event 521: gate 2026-09-15T00:37:03.39307909Z, deadline 2026-09-15T00:38:03.39307909Z
      race event 522: gate 2026-09-15T00:37:03.456821254Z, deadline 2026-09-15T00:38:03.456821254Z
      race event 523: gate 2026-09-15T00:37:03.561629103Z, deadline 2026-09-15T00:38:03.561629103Z
      race event 524: gate 2026-09-15T00:37:03.657476822Z, deadline 2026-09-15T00:38:03.657476822Z
      race event 525: gate 2026-09-15T00:37:03.743101906Z, deadline 2026-09-15T00:38:03.743101906Z
      race event 526: gate 2026-09-15T00:37:03.864056519Z, deadline 2026-09-15T00:38:03.864056519Z
      race event 527: gate 2026-09-15T00:37:03.930610499Z, deadline 2026-09-15T00:38:03.930610499Z
      race event 528: gate 2026-09-15T00:37:04.03536437Z, deadline 2026-09-15T00:38:04.03536437Z
      race event 529: gate 2026-09-15T00:37:04.121139323Z, deadline 2026-09-15T00:38:04.121139323Z
      race event 530: gate 2026-09-15T00:37:04.185126168Z, deadline 2026-09-15T00:38:04.185126168Z
      race event 531: gate 2026-09-15T00:37:04.26405864Z, deadline 2026-09-15T00:38:04.26405864Z
      race event 532: gate 2026-09-15T00:37:04.34528361Z, deadline 2026-09-15T00:38:04.34528361Z
      race event 533: gate 2026-09-15T00:37:04.420208401Z, deadline 2026-09-15T00:38:04.420208401Z
      race event 534: gate 2026-09-15T00:37:04.495876912Z, deadline 2026-09-15T00:38:04.495876912Z
      race event 535: gate 2026-09-15T00:37:04.579850169Z, deadline 2026-09-15T00:38:04.579850169Z
      race event 536: gate 2026-09-15T00:37:04.657949502Z, deadline 2026-09-15T00:38:04.657949502Z
      race event 537: gate 2026-09-15T00:37:04.744747609Z, deadline 2026-09-15T00:38:04.744747609Z
      race event 538: gate 2026-09-15T00:37:04.837402474Z, deadline 2026-09-15T00:38:04.837402474Z
      race event 539: gate 2026-09-15T00:37:04.896170717Z, deadline 2026-09-15T00:38:04.896170717Z
      race event 540: gate 2026-09-15T00:37:04.956801687Z, deadline 2026-09-15T00:38:04.956801687Z
      race event 541: gate 2026-09-15T00:37:05.02729438Z, deadline 2026-09-15T00:38:05.02729438Z
      race event 542: gate 2026-09-15T00:37:05.092001537Z, deadline 2026-09-15T00:38:05.092001537Z
      race event 543: gate 2026-09-15T00:37:05.165938672Z, deadline 2026-09-15T00:38:05.165938672Z
      race event 544: gate 2026-09-15T00:37:05.198975684Z, deadline 2026-09-15T00:38:05.198975684Z
      race event 545: gate 2026-09-15T00:37:05.27398469Z, deadline 2026-09-15T00:38:05.27398469Z
      race event 546: gate 2026-09-15T00:37:05.3589747Z, deadline 2026-09-15T00:38:05.3589747Z
      race event 547: gate 2026-09-15T00:37:05.44251819Z, deadline 2026-09-15T00:38:05.44251819Z
      race event 548: gate 2026-09-15T00:37:05.516883768Z, deadline 2026-09-15T00:38:05.516883768Z
      race event 549: gate 2026-09-15T00:37:05.58024611Z, deadline 2026-09-15T00:38:05.58024611Z
      race event 550: gate 2026-09-15T00:37:05.646121003Z, deadline 2026-09-15T00:38:05.646121003Z
      race event 551: gate 2026-09-15T00:37:05.735978965Z, deadline 2026-09-15T00:38:05.735978965Z
      race event 552: gate 2026-09-15T00:37:05.833793597Z, deadline 2026-09-15T00:38:05.833793597Z
      race event 553: gate 2026-09-15T00:37:05.935422883Z, deadline 2026-09-15T00:38:05.935422883Z
      race event 554: gate 2026-09-15T00:37:06.007896228Z, deadline 2026-09-15T00:38:06.007896228Z
      race event 555: gate 2026-09-15T00:37:06.058118468Z, deadline 2026-09-15T00:38:06.058118468Z
      race event 556: gate 2026-09-15T00:37:06.167961199Z, deadline 2026-09-15T00:38:06.167961199Z
      race event 557: gate 2026-09-15T00:37:06.266213461Z, deadline 2026-09-15T00:38:06.266213461Z
      race event 558: gate 2026-09-15T00:37:06.344216646Z, deadline 2026-09-15T00:38:06.344216646Z
      race event 559: gate 2026-09-15T00:37:06.431061548Z, deadline 2026-09-15T00:38:06.431061548Z
      race event 560: gate 2026-09-15T00:37:06.52219139Z, deadline 2026-09-15T00:38:06.52219139Z
      race event 561: gate 2026-09-15T00:37:06.591475328Z, deadline 2026-09-15T00:38:06.591475328Z
      race event 562: gate 2026-09-15T00:37:06.676561138Z, deadline 2026-09-15T00:38:06.676561138Z
      race event 563: gate 2026-09-15T00:37:06.716573228Z, deadline 2026-09-15T00:38:06.716573228Z
      race event 564: gate 2026-09-15T00:37:06.807813942Z, deadline 2026-09-15T00:38:06.807813942Z
      race event 565: gate 2026-09-15T00:37:06.892440184Z, deadline 2026-09-15T00:38:06.892440184Z
      race event 566: gate 2026-09-15T00:37:06.95149853Z, deadline 2026-09-15T00:38:06.95149853Z
      race event 567: gate 2026-09-15T00:37:07.041335715Z, deadline 2026-09-15T00:38:07.041335715Z
      race event 568: gate 2026-09-15T00:37:07.128774133Z, deadline 2026-09-15T00:38:07.128774133Z
      race event 569: gate 2026-09-15T00:37:07.189754042Z, deadline 2026-09-15T00:38:07.189754042Z
      race event 570: gate 2026-09-15T00:37:07.283743397Z, deadline 2026-09-15T00:38:07.283743397Z
      race event 571: gate 2026-09-15T00:37:07.384720774Z, deadline 2026-09-15T00:38:07.384720774Z
      race event 572: gate 2026-09-15T00:37:07.448498328Z, deadline 2026-09-15T00:38:07.448498328Z
      race event 573: gate 2026-09-15T00:37:07.511590641Z, deadline 2026-09-15T00:38:07.511590641Z
      race event 574: gate 2026-09-15T00:37:07.589285762Z, deadline 2026-09-15T00:38:07.589285762Z
      race event 575: gate 2026-09-15T00:37:07.650056064Z, deadline 2026-09-15T00:38:07.650056064Z
      race event 576: gate 2026-09-15T00:37:07.719162796Z, deadline 2026-09-15T00:38:07.719162796Z
      race event 577: gate 2026-09-15T00:37:07.78610685Z, deadline 2026-09-15T00:38:07.78610685Z
      race event 578: gate 2026-09-15T00:37:07.858132438Z, deadline 2026-09-15T00:38:07.858132438Z
      race event 579: gate 2026-09-15T00:37:07.904244925Z, deadline 2026-09-15T00:38:07.904244925Z
      race event 580: gate 2026-09-15T00:37:07.979976734Z, deadline 2026-09-15T00:38:07.979976734Z
      race event 581: gate 2026-09-15T00:37:08.076645403Z, deadline 2026-09-15T00:38:08.076645403Z
      race event 582: gate 2026-09-15T00:37:08.156519614Z, deadline 2026-09-15T00:38:08.156519614Z
      race event 583: gate 2026-09-15T00:37:08.219678934Z, deadline 2026-09-15T00:38:08.219678934Z
      race event 584: gate 2026-09-15T00:37:08.285368161Z, deadline 2026-09-15T00:38:08.285368161Z
      race event 585: gate 2026-09-15T00:37:08.322355321Z, deadline 2026-09-15T00:38:08.322355321Z
      race event 586: gate 2026-09-15T00:37:08.427178824Z, deadline 2026-09-15T00:38:08.427178824Z
      race event 587: gate 2026-09-15T00:37:08.478385899Z, deadline 2026-09-15T00:38:08.478385899Z
      race event 588: gate 2026-09-15T00:37:08.529525813Z, deadline 2026-09-15T00:38:08.529525813Z
      race event 589: gate 2026-09-15T00:37:08.58317761Z, deadline 2026-09-15T00:38:08.58317761Z
      race event 590: gate 2026-09-15T00:37:08.664470863Z, deadline 2026-09-15T00:38:08.664470863Z
      race event 591: gate 2026-09-15T00:37:08.74965673Z, deadline 2026-09-15T00:38:08.74965673Z
      race event 592: gate 2026-09-15T00:37:08.892426174Z, deadline 2026-09-15T00:38:08.892426174Z
      race event 593: gate 2026-09-15T00:37:08.973106147Z, deadline 2026-09-15T00:38:08.973106147Z
      race event 594: gate 2026-09-15T00:37:09.021285968Z, deadline 2026-09-15T00:38:09.021285968Z
      race event 595: gate 2026-09-15T00:37:09.080763109Z, deadline 2026-09-15T00:38:09.080763109Z
      race event 596: gate 2026-09-15T00:37:09.207709203Z, deadline 2026-09-15T00:38:09.207709203Z
      race event 597: gate 2026-09-15T00:37:09.268456569Z, deadline 2026-09-15T00:38:09.268456569Z
      race event 598: gate 2026-09-15T00:37:09.334516994Z, deadline 2026-09-15T00:38:09.334516994Z
      race event 599: gate 2026-09-15T00:37:09.410262382Z, deadline 2026-09-15T00:38:09.410262382Z
      race event 600: gate 2026-09-15T00:37:09.477302991Z, deadline 2026-09-15T00:38:09.477302991Z
    race     10 seats x100      209.7 seats/s  conflicts/hold=12.45 reads/hold=23.65  hold p50=1.77ms p99=45.00ms  deferred 67/67 ok  confirm retries sold/run=0/0  errors=0  ok
      audit: consistent (100 events, 1000 tickets; rejections late=0 boundary=0)
      race event 601: gate 2026-09-15T00:37:09.69510128Z, deadline 2026-09-15T00:38:09.69510128Z
      race event 602: gate 2026-09-15T00:37:10.160535264Z, deadline 2026-09-15T00:38:10.160535264Z
      race event 603: gate 2026-09-15T00:37:10.597276455Z, deadline 2026-09-15T00:38:10.597276455Z
      race event 604: gate 2026-09-15T00:37:11.083179521Z, deadline 2026-09-15T00:38:11.083179521Z
      race event 605: gate 2026-09-15T00:37:11.551699805Z, deadline 2026-09-15T00:38:11.551699805Z
      race event 606: gate 2026-09-15T00:37:12.045241184Z, deadline 2026-09-15T00:38:12.045241184Z
      race event 607: gate 2026-09-15T00:37:12.575503814Z, deadline 2026-09-15T00:38:12.575503814Z
      race event 608: gate 2026-09-15T00:37:13.044267302Z, deadline 2026-09-15T00:38:13.044267302Z
      race event 609: gate 2026-09-15T00:37:13.564674165Z, deadline 2026-09-15T00:38:13.564674165Z
      race event 610: gate 2026-09-15T00:37:14.033039076Z, deadline 2026-09-15T00:38:14.033039076Z
      race event 611: gate 2026-09-15T00:37:14.598886844Z, deadline 2026-09-15T00:38:14.598886844Z
      race event 612: gate 2026-09-15T00:37:15.20496822Z, deadline 2026-09-15T00:38:15.20496822Z
      race event 613: gate 2026-09-15T00:37:15.84020075Z, deadline 2026-09-15T00:38:15.84020075Z
      race event 614: gate 2026-09-15T00:37:16.316690326Z, deadline 2026-09-15T00:38:16.316690326Z
      race event 615: gate 2026-09-15T00:37:16.823734004Z, deadline 2026-09-15T00:38:16.823734004Z
      race event 616: gate 2026-09-15T00:37:17.340305378Z, deadline 2026-09-15T00:38:17.340305378Z
      race event 617: gate 2026-09-15T00:37:17.809047883Z, deadline 2026-09-15T00:38:17.809047883Z
      race event 618: gate 2026-09-15T00:37:18.336753616Z, deadline 2026-09-15T00:38:18.336753616Z
      race event 619: gate 2026-09-15T00:37:18.779062142Z, deadline 2026-09-15T00:38:18.779062142Z
      race event 620: gate 2026-09-15T00:37:19.213782089Z, deadline 2026-09-15T00:38:19.213782089Z
    race    100 seats x20       273.4 seats/s  conflicts/hold=4.95 reads/hold=8.18  hold p50=9.01ms p99=98.75ms  deferred 90/90 ok  confirm retries sold/run=0/0  errors=0  ok
      audit: consistent (20 events, 2000 tickets; rejections late=0 boundary=0)
      race event 621: gate 2026-09-15T00:37:19.812753301Z, deadline 2026-09-15T00:38:19.812753301Z
      race event 622: gate 2026-09-15T00:37:22.236029707Z, deadline 2026-09-15T00:38:22.236029707Z
      race event 623: gate 2026-09-15T00:37:28.483700754Z, deadline 2026-09-15T00:38:28.483700754Z
      race event 624: gate 2026-09-15T00:37:31.17039863Z, deadline 2026-09-15T00:38:31.17039863Z
      race event 625: gate 2026-09-15T00:37:33.655252971Z, deadline 2026-09-15T00:38:33.655252971Z
    race   1000 seats x5        430.2 seats/s  conflicts/hold=1.72 reads/hold=4.48  hold p50=3.23ms p99=156.55ms  deferred 210/210 ok  confirm retries sold/run=0/0  errors=0  ok
      audit: consistent (5 events, 5000 tickets; rejections late=0 boundary=0)
      race event 626: gate 2026-09-15T00:37:36.532265473Z, deadline 2026-09-15T00:38:36.532265473Z
      race event 627: gate 2026-09-15T00:38:11.208371409Z, deadline 2026-09-15T00:39:11.208371409Z
    race  10000 seats x2        323.9 seats/s  conflicts/hold=0.69 reads/hold=4.47  hold p50=3.93ms p99=316.30ms  deferred 873/873 ok  confirm retries sold/run=0/0  errors=0  ok
      audit: consistent (2 events, 20000 tickets; rejections late=0 boundary=0)
      race event 628: gate 2026-09-15T00:38:47.305535594Z, deadline 2026-09-15T00:39:47.305535594Z
    race 100000 seats x1        416.5 seats/s  conflicts/hold=0.33 reads/hold=1.53  hold p50=4.51ms p99=337.94ms  deferred 983/983 ok  confirm retries sold/run=0/0  errors=0  ok, 1 timed out (25% sold)
      audit: consistent (1 events, 25011 tickets; rejections late=0 boundary=0)
  lifecycle trial 1/1 (32 buyers per event, one human minute = 50ms, fresh load):
    lifecycle    10 seats x6       3.4 confirmed seats/s  holds=40 abandoned=4+2 expired@check=1 rejected late/boundary/early(transient)=0/0/0(0)  confirm retries sold/run=0/0  outage unavailable=0/0  leaked=0 errors=0  ok
      audit: consistent (6 events, 60 tickets; rejections late=0 boundary=0)
    lifecycle   100 seats x6      18.6 confirmed seats/s  holds=448 abandoned=65+54 expired@check=8 rejected late/boundary/early(transient)=8/0/0(0)  confirm retries sold/run=0/0  outage unavailable=0/0  leaked=0 errors=0  ok
      audit: consistent (6 events, 600 tickets; rejections late=8 boundary=0)
    lifecycle  1000 seats x6      71.4 confirmed seats/s  holds=3533 abandoned=546+343 expired@check=139 rejected late/boundary/early(transient)=41/0/0(0)  confirm retries sold/run=0/0  outage unavailable=0/4  leaked=0 errors=0  ok
      audit: consistent (6 events, 5827 tickets; rejections late=41 boundary=0)
  wrote /results/l2_section_document.json
