  engine: PostgreSQL 17.11 (Debian 17.11-1.pgdg13+2) on x86_64-pc-linux-gnu, compiled by gcc (Debian 14.2.0-19) 14.2.0, 64-bit
  database clock minus client clock: 0.004 ms
  dataset: 5 venues, 658 events, 56103 tickets and 2217 holds at load
  loading s0_check_then_hold_rc ...
  loaded in 1.3s (copy 1.0s, index 0.2s)
  verifying answers against ground truth ...
    58/58 checks passed (margin 600s); audit on load: consistent (658 events, 56103 tickets; rejections late=0 boundary=0)
  capturing plans ...
  read benchmark:
    q01_section_map@10                    19761.7 ops/s  p50=  0.171ms p99=   0.759ms  errors=0
    q02_event_sections@10                 20540.8 ops/s  p50=  0.168ms p99=   0.693ms  errors=0
    q03_event_available@10                20821.4 ops/s  p50=  0.167ms p99=   0.716ms  errors=0
    q01_section_map@100                   29628.3 ops/s  p50=  0.138ms p99=   0.526ms  errors=0
    q02_event_sections@100                18113.2 ops/s  p50=  0.181ms p99=   0.730ms  errors=0
    q03_event_available@100               18496.7 ops/s  p50=  0.179ms p99=   0.753ms  errors=0
    q01_section_map@1000                  21319.2 ops/s  p50=  0.169ms p99=   0.642ms  errors=0
    q02_event_sections@1000                8964.5 ops/s  p50=  0.299ms p99=   1.579ms  errors=0
    q03_event_available@1000               9708.1 ops/s  p50=  0.281ms p99=   1.269ms  errors=0
    q01_section_map@10000                 15378.6 ops/s  p50=  0.210ms p99=   0.824ms  errors=0
    q02_event_sections@10000               1194.9 ops/s  p50=  1.548ms p99=  78.708ms  errors=0
    q03_event_available@10000              1553.6 ops/s  p50=  1.190ms p99=  76.669ms  errors=0
    q01_section_map@100000                 9576.7 ops/s  p50=  0.300ms p99=   1.552ms  errors=0
    q02_event_sections@100000               132.9 ops/s  p50= 86.797ms p99= 101.161ms  errors=0
    q03_event_available@100000              158.3 ops/s  p50= 74.665ms p99= 101.329ms  errors=0
    q04_hold_seats                         9261.0 ops/s  p50=  0.292ms p99=   1.552ms  errors=0
    q05_customer_tickets                  33239.0 ops/s  p50=  0.136ms p99=   0.523ms  errors=0
    q06_ticket_by_id                      35220.0 ops/s  p50=  0.136ms p99=   0.548ms  errors=0
  write benchmark (fresh load per op):
    hold                                    129.3 ops/s  p50= 78.229ms p99= 195.726ms  rejected=2 retries=1 errors=1
      first error: a 40m0s hold was refused at its immediate confirmation (early)
      audit after hold: VIOLATIONS — thefts 49, grants on sold seats 0, double sales 0, sales without the hold 0, late sales 0, early rejections 26 (transient 0), duplicate seats 0, inventory drift 0, invalid seats 0, partial holds 0, ticket mismatches 0
    release                                4239.2 ops/s  p50=  1.682ms p99=  10.200ms  rejected=0 retries=0 errors=0
      audit after release: consistent (658 events, 56103 tickets; rejections late=0 boundary=0)
    cancel                                 3576.7 ops/s  p50=  2.099ms p99=   6.678ms  rejected=0 retries=0 errors=0
      audit after cancel: consistent (658 events, 28053 tickets; rejections late=0 boundary=0)
    publish@10                             2363.7 ops/s  p50=  1.677ms p99=   2.435ms  rejected=0 retries=0 errors=0
    publish@100                            1614.4 ops/s  p50=  2.288ms p99=   8.797ms  rejected=0 retries=0 errors=0
    publish@1000                            248.7 ops/s  p50= 10.419ms p99=  39.037ms  rejected=0 retries=0 errors=0
    publish@10000                            34.9 ops/s  p50= 55.705ms p99=  55.705ms  rejected=0 retries=0 errors=0
    publish@100000                            3.1 ops/s  p50=634.275ms p99= 634.275ms  rejected=0 retries=0 errors=0
      audit after publish: consistent (2887 events, 56103 tickets; rejections late=0 boundary=0)
  race trial 1/1 (32 buyers per event, fresh load):
      race event 501: gate 2026-09-15T02:02:21.364770844Z, deadline 2026-09-15T02:03:21.364770844Z
      race event 502: gate 2026-09-15T02:02:21.460645833Z, deadline 2026-09-15T02:03:21.460645833Z
      race event 503: gate 2026-09-15T02:02:21.601644799Z, deadline 2026-09-15T02:03:21.601644799Z
      race event 504: gate 2026-09-15T02:02:23.187305119Z, deadline 2026-09-15T02:03:23.187305119Z
      race event 505: gate 2026-09-15T02:02:23.233459321Z, deadline 2026-09-15T02:03:23.233459321Z
      race event 506: gate 2026-09-15T02:02:23.323716084Z, deadline 2026-09-15T02:03:23.323716084Z
      race event 507: gate 2026-09-15T02:02:23.400986625Z, deadline 2026-09-15T02:03:23.400986625Z
      race event 508: gate 2026-09-15T02:02:23.4864825Z, deadline 2026-09-15T02:03:23.4864825Z
      race event 509: gate 2026-09-15T02:02:23.572241451Z, deadline 2026-09-15T02:03:23.572241451Z
      race event 510: gate 2026-09-15T02:02:23.642811038Z, deadline 2026-09-15T02:03:23.642811038Z
      race event 511: gate 2026-09-15T02:02:23.687002141Z, deadline 2026-09-15T02:03:23.687002141Z
      race event 512: gate 2026-09-15T02:02:23.800498072Z, deadline 2026-09-15T02:03:23.800498072Z
      race event 513: gate 2026-09-15T02:02:23.883693085Z, deadline 2026-09-15T02:03:23.883693085Z
      race event 514: gate 2026-09-15T02:02:23.926867929Z, deadline 2026-09-15T02:03:23.926867929Z
      race event 515: gate 2026-09-15T02:02:23.982597244Z, deadline 2026-09-15T02:03:23.982597244Z
      race event 516: gate 2026-09-15T02:02:24.077204355Z, deadline 2026-09-15T02:03:24.077204355Z
      race event 517: gate 2026-09-15T02:02:24.182720632Z, deadline 2026-09-15T02:03:24.182720632Z
      race event 518: gate 2026-09-15T02:02:24.281183206Z, deadline 2026-09-15T02:03:24.281183206Z
      race event 519: gate 2026-09-15T02:02:24.404384773Z, deadline 2026-09-15T02:03:24.404384773Z
      race event 520: gate 2026-09-15T02:02:24.519178148Z, deadline 2026-09-15T02:03:24.519178148Z
      race event 521: gate 2026-09-15T02:02:24.583232115Z, deadline 2026-09-15T02:03:24.583232115Z
      race event 522: gate 2026-09-15T02:02:24.647988732Z, deadline 2026-09-15T02:03:24.647988732Z
      race event 523: gate 2026-09-15T02:02:24.74108476Z, deadline 2026-09-15T02:03:24.74108476Z
      race event 524: gate 2026-09-15T02:02:24.82601501Z, deadline 2026-09-15T02:03:24.82601501Z
      race event 525: gate 2026-09-15T02:02:24.882975707Z, deadline 2026-09-15T02:03:24.882975707Z
      race event 526: gate 2026-09-15T02:02:24.963017579Z, deadline 2026-09-15T02:03:24.963017579Z
      race event 527: gate 2026-09-15T02:02:25.055594451Z, deadline 2026-09-15T02:03:25.055594451Z
      race event 528: gate 2026-09-15T02:02:25.124706462Z, deadline 2026-09-15T02:03:25.124706462Z
      race event 529: gate 2026-09-15T02:02:25.190077128Z, deadline 2026-09-15T02:03:25.190077128Z
      race event 530: gate 2026-09-15T02:02:25.281083913Z, deadline 2026-09-15T02:03:25.281083913Z
      race event 531: gate 2026-09-15T02:02:25.35528957Z, deadline 2026-09-15T02:03:25.35528957Z
      race event 532: gate 2026-09-15T02:02:25.455379479Z, deadline 2026-09-15T02:03:25.455379479Z
      race event 533: gate 2026-09-15T02:02:25.509219973Z, deadline 2026-09-15T02:03:25.509219973Z
      race event 534: gate 2026-09-15T02:02:25.576608007Z, deadline 2026-09-15T02:03:25.576608007Z
      race event 535: gate 2026-09-15T02:02:25.683674289Z, deadline 2026-09-15T02:03:25.683674289Z
      race event 536: gate 2026-09-15T02:02:25.771018779Z, deadline 2026-09-15T02:03:25.771018779Z
      race event 537: gate 2026-09-15T02:02:25.808126814Z, deadline 2026-09-15T02:03:25.808126814Z
      race event 538: gate 2026-09-15T02:02:25.869609389Z, deadline 2026-09-15T02:03:25.869609389Z
      race event 539: gate 2026-09-15T02:02:25.961531677Z, deadline 2026-09-15T02:03:25.961531677Z
      race event 540: gate 2026-09-15T02:02:26.066747627Z, deadline 2026-09-15T02:03:26.066747627Z
      race event 541: gate 2026-09-15T02:02:26.122370587Z, deadline 2026-09-15T02:03:26.122370587Z
      race event 542: gate 2026-09-15T02:02:26.204216696Z, deadline 2026-09-15T02:03:26.204216696Z
      race event 543: gate 2026-09-15T02:02:26.310439571Z, deadline 2026-09-15T02:03:26.310439571Z
      race event 544: gate 2026-09-15T02:02:26.396491355Z, deadline 2026-09-15T02:03:26.396491355Z
      race event 545: gate 2026-09-15T02:02:26.5011182Z, deadline 2026-09-15T02:03:26.5011182Z
      race event 546: gate 2026-09-15T02:02:26.591625366Z, deadline 2026-09-15T02:03:26.591625366Z
      race event 547: gate 2026-09-15T02:02:26.696192576Z, deadline 2026-09-15T02:03:26.696192576Z
      race event 548: gate 2026-09-15T02:02:26.786277011Z, deadline 2026-09-15T02:03:26.786277011Z
      race event 549: gate 2026-09-15T02:02:26.826959828Z, deadline 2026-09-15T02:03:26.826959828Z
      race event 550: gate 2026-09-15T02:02:26.918151892Z, deadline 2026-09-15T02:03:26.918151892Z
      race event 551: gate 2026-09-15T02:02:27.010658743Z, deadline 2026-09-15T02:03:27.010658743Z
      race event 552: gate 2026-09-15T02:02:27.115860155Z, deadline 2026-09-15T02:03:27.115860155Z
      race event 553: gate 2026-09-15T02:02:27.167382486Z, deadline 2026-09-15T02:03:27.167382486Z
      race event 554: gate 2026-09-15T02:02:27.228159149Z, deadline 2026-09-15T02:03:27.228159149Z
      race event 555: gate 2026-09-15T02:02:27.32075988Z, deadline 2026-09-15T02:03:27.32075988Z
      race event 556: gate 2026-09-15T02:02:27.41259395Z, deadline 2026-09-15T02:03:27.41259395Z
      race event 557: gate 2026-09-15T02:02:27.507950561Z, deadline 2026-09-15T02:03:27.507950561Z
      race event 558: gate 2026-09-15T02:02:27.607460147Z, deadline 2026-09-15T02:03:27.607460147Z
      race event 559: gate 2026-09-15T02:02:27.679564426Z, deadline 2026-09-15T02:03:27.679564426Z
      race event 560: gate 2026-09-15T02:02:27.725860922Z, deadline 2026-09-15T02:03:27.725860922Z
      race event 561: gate 2026-09-15T02:02:27.817661062Z, deadline 2026-09-15T02:03:27.817661062Z
      race event 562: gate 2026-09-15T02:02:27.926345169Z, deadline 2026-09-15T02:03:27.926345169Z
      race event 563: gate 2026-09-15T02:02:27.984368929Z, deadline 2026-09-15T02:03:27.984368929Z
      race event 564: gate 2026-09-15T02:02:28.037125699Z, deadline 2026-09-15T02:03:28.037125699Z
      race event 565: gate 2026-09-15T02:02:28.100495409Z, deadline 2026-09-15T02:03:28.100495409Z
      race event 566: gate 2026-09-15T02:02:28.18439006Z, deadline 2026-09-15T02:03:28.18439006Z
      race event 567: gate 2026-09-15T02:02:28.288731938Z, deadline 2026-09-15T02:03:28.288731938Z
      race event 568: gate 2026-09-15T02:02:28.36801667Z, deadline 2026-09-15T02:03:28.36801667Z
      race event 569: gate 2026-09-15T02:02:28.47652277Z, deadline 2026-09-15T02:03:28.47652277Z
      race event 570: gate 2026-09-15T02:02:28.521864958Z, deadline 2026-09-15T02:03:28.521864958Z
      race event 571: gate 2026-09-15T02:02:28.57584398Z, deadline 2026-09-15T02:03:28.57584398Z
      race event 572: gate 2026-09-15T02:02:28.679125449Z, deadline 2026-09-15T02:03:28.679125449Z
      race event 573: gate 2026-09-15T02:02:28.746105206Z, deadline 2026-09-15T02:03:28.746105206Z
      race event 574: gate 2026-09-15T02:02:28.841600518Z, deadline 2026-09-15T02:03:28.841600518Z
      race event 575: gate 2026-09-15T02:02:28.883774216Z, deadline 2026-09-15T02:03:28.883774216Z
      race event 576: gate 2026-09-15T02:02:28.991943105Z, deadline 2026-09-15T02:03:28.991943105Z
      race event 577: gate 2026-09-15T02:02:29.090282057Z, deadline 2026-09-15T02:03:29.090282057Z
      race event 578: gate 2026-09-15T02:02:29.167940224Z, deadline 2026-09-15T02:03:29.167940224Z
      race event 579: gate 2026-09-15T02:02:29.235995652Z, deadline 2026-09-15T02:03:29.235995652Z
      race event 580: gate 2026-09-15T02:02:29.309904806Z, deadline 2026-09-15T02:03:29.309904806Z
      race event 581: gate 2026-09-15T02:02:29.370670336Z, deadline 2026-09-15T02:03:29.370670336Z
      race event 582: gate 2026-09-15T02:02:29.484146439Z, deadline 2026-09-15T02:03:29.484146439Z
      race event 583: gate 2026-09-15T02:02:29.585142142Z, deadline 2026-09-15T02:03:29.585142142Z
      race event 584: gate 2026-09-15T02:02:29.660351383Z, deadline 2026-09-15T02:03:29.660351383Z
      race event 585: gate 2026-09-15T02:02:29.743334559Z, deadline 2026-09-15T02:03:29.743334559Z
      race event 586: gate 2026-09-15T02:02:29.810661495Z, deadline 2026-09-15T02:03:29.810661495Z
      race event 587: gate 2026-09-15T02:02:29.909507402Z, deadline 2026-09-15T02:03:29.909507402Z
      race event 588: gate 2026-09-15T02:02:30.061953478Z, deadline 2026-09-15T02:03:30.061953478Z
      race event 589: gate 2026-09-15T02:02:30.208189451Z, deadline 2026-09-15T02:03:30.208189451Z
      race event 590: gate 2026-09-15T02:02:30.293464347Z, deadline 2026-09-15T02:03:30.293464347Z
      race event 591: gate 2026-09-15T02:02:30.416926903Z, deadline 2026-09-15T02:03:30.416926903Z
      race event 592: gate 2026-09-15T02:02:30.518486351Z, deadline 2026-09-15T02:03:30.518486351Z
      race event 593: gate 2026-09-15T02:02:30.627645748Z, deadline 2026-09-15T02:03:30.627645748Z
      race event 594: gate 2026-09-15T02:02:30.721470293Z, deadline 2026-09-15T02:03:30.721470293Z
      race event 595: gate 2026-09-15T02:02:30.78589278Z, deadline 2026-09-15T02:03:30.78589278Z
      race event 596: gate 2026-09-15T02:02:30.902186463Z, deadline 2026-09-15T02:03:30.902186463Z
      race event 597: gate 2026-09-15T02:02:30.943741937Z, deadline 2026-09-15T02:03:30.943741937Z
      race event 598: gate 2026-09-15T02:02:30.995028521Z, deadline 2026-09-15T02:03:30.995028521Z
      race event 599: gate 2026-09-15T02:02:31.101464156Z, deadline 2026-09-15T02:03:31.101464156Z
      race event 600: gate 2026-09-15T02:02:31.195938517Z, deadline 2026-09-15T02:03:31.195938517Z
    race     10 seats x100     1033.1 seats/s  conflicts/hold=0.11 reads/hold=1.50  hold p50=22.65ms p99=82.36ms  deferred 23/398 ok  confirm retries sold/run=0/0  errors=1074  VIOLATIONS
      audit: VIOLATIONS — thefts 6683, grants on sold seats 0, double sales 0, sales without the hold 0, late sales 0, early rejections 3648 (transient 0), duplicate seats 0, inventory drift 0, invalid seats 0, partial holds 0, ticket mismatches 0
      first error: ERROR: new row for relation "event_seat" violates check constraint "event_seat_held_has_holder" (SQLSTATE 23514)
      race event 601: gate 2026-09-15T02:02:31.411371082Z, deadline 2026-09-15T02:03:31.411371082Z
      race event 602: gate 2026-09-15T02:02:31.565309045Z, deadline 2026-09-15T02:03:31.565309045Z
      race event 603: gate 2026-09-15T02:02:31.689118768Z, deadline 2026-09-15T02:03:31.689118768Z
      race event 604: gate 2026-09-15T02:02:31.804013243Z, deadline 2026-09-15T02:03:31.804013243Z
      race event 605: gate 2026-09-15T02:02:31.999501123Z, deadline 2026-09-15T02:03:31.999501123Z
      race event 606: gate 2026-09-15T02:02:32.103201433Z, deadline 2026-09-15T02:03:32.103201433Z
      race event 607: gate 2026-09-15T02:02:32.272617066Z, deadline 2026-09-15T02:03:32.272617066Z
      race event 608: gate 2026-09-15T02:02:32.40862933Z, deadline 2026-09-15T02:03:32.40862933Z
      race event 609: gate 2026-09-15T02:02:32.611310845Z, deadline 2026-09-15T02:03:32.611310845Z
      race event 610: gate 2026-09-15T02:02:32.776128263Z, deadline 2026-09-15T02:03:32.776128263Z
      race event 611: gate 2026-09-15T02:02:32.889353436Z, deadline 2026-09-15T02:03:32.889353436Z
      race event 612: gate 2026-09-15T02:02:33.079670746Z, deadline 2026-09-15T02:03:33.079670746Z
      race event 613: gate 2026-09-15T02:02:33.257254005Z, deadline 2026-09-15T02:03:33.257254005Z
      race event 614: gate 2026-09-15T02:02:33.396738992Z, deadline 2026-09-15T02:03:33.396738992Z
      race event 615: gate 2026-09-15T02:02:33.657353866Z, deadline 2026-09-15T02:03:33.657353866Z
      race event 616: gate 2026-09-15T02:02:33.804975027Z, deadline 2026-09-15T02:03:33.804975027Z
      race event 617: gate 2026-09-15T02:02:33.991580321Z, deadline 2026-09-15T02:03:33.991580321Z
      race event 618: gate 2026-09-15T02:02:34.178129998Z, deadline 2026-09-15T02:03:34.178129998Z
      race event 619: gate 2026-09-15T02:02:34.289401412Z, deadline 2026-09-15T02:03:34.289401412Z
      race event 620: gate 2026-09-15T02:02:34.488810112Z, deadline 2026-09-15T02:03:34.488810112Z
    race    100 seats x20      1505.8 seats/s  conflicts/hold=0.13 reads/hold=1.55  hold p50=5.49ms p99=110.07ms  deferred 63/200 ok  confirm retries sold/run=0/0  errors=170  VIOLATIONS
      audit: VIOLATIONS — thefts 2391, grants on sold seats 0, double sales 0, sales without the hold 0, late sales 0, early rejections 1249 (transient 0), duplicate seats 0, inventory drift 0, invalid seats 0, partial holds 0, ticket mismatches 0
      first error: ERROR: new row for relation "event_seat" violates check constraint "event_seat_held_has_holder" (SQLSTATE 23514)
      race event 621: gate 2026-09-15T02:02:34.707005597Z, deadline 2026-09-15T02:03:34.707005597Z
      race event 622: gate 2026-09-15T02:02:35.561922988Z, deadline 2026-09-15T02:03:35.561922988Z
      race event 623: gate 2026-09-15T02:02:36.597107118Z, deadline 2026-09-15T02:03:36.597107118Z
      race event 624: gate 2026-09-15T02:02:37.576053648Z, deadline 2026-09-15T02:03:37.576053648Z
      race event 625: gate 2026-09-15T02:02:38.481387402Z, deadline 2026-09-15T02:03:38.481387402Z
    race   1000 seats x5       1630.1 seats/s  conflicts/hold=0.11 reads/hold=1.42  hold p50=5.26ms p99=106.67ms  deferred 164/310 ok  confirm retries sold/run=0/0  errors=160  VIOLATIONS
      audit: VIOLATIONS — thefts 2608, grants on sold seats 0, double sales 0, sales without the hold 0, late sales 0, early rejections 1269 (transient 0), duplicate seats 0, inventory drift 0, invalid seats 0, partial holds 0, ticket mismatches 0
      first error: ERROR: new row for relation "event_seat" violates check constraint "event_seat_held_has_holder" (SQLSTATE 23514)
      race event 626: gate 2026-09-15T02:02:39.677223767Z, deadline 2026-09-15T02:03:39.677223767Z
      race event 627: gate 2026-09-15T02:02:52.984382953Z, deadline 2026-09-15T02:03:52.984382953Z
    race  10000 seats x2        900.0 seats/s  conflicts/hold=0.05 reads/hold=1.68  hold p50=7.60ms p99=102.83ms  deferred 760/993 ok  confirm retries sold/run=0/0  errors=266  VIOLATIONS
      audit: VIOLATIONS — thefts 4095, grants on sold seats 0, double sales 0, sales without the hold 0, late sales 0, early rejections 1997 (transient 0), duplicate seats 0, inventory drift 0, invalid seats 0, partial holds 0, ticket mismatches 0
      first error: ERROR: new row for relation "event_seat" violates check constraint "event_seat_held_has_holder" (SQLSTATE 23514)
      race event 628: gate 2026-09-15T02:03:10.102240344Z, deadline 2026-09-15T02:04:10.102240344Z
    race 100000 seats x1        290.7 seats/s  conflicts/hold=0.02 reads/hold=1.08  hold p50=85.91ms p99=190.35ms  deferred 666/716 ok  confirm retries sold/run=0/0  errors=110  VIOLATIONS, 1 timed out (16% sold)
      audit: VIOLATIONS — thefts 960, grants on sold seats 0, double sales 0, sales without the hold 0, late sales 0, early rejections 479 (transient 0), duplicate seats 0, inventory drift 0, invalid seats 0, partial holds 0, ticket mismatches 0
      first error: ERROR: new row for relation "event_seat" violates check constraint "event_seat_held_has_holder" (SQLSTATE 23514)
  lifecycle trial 1/1 (32 buyers per event, one human minute = 50ms, fresh load):
    lifecycle    10 seats x6       1.6 confirmed seats/s  holds=285 abandoned=36+23 expired@check=192 rejected late/boundary/early(transient)=0/0/0(0)  confirm retries sold/run=0/0  outage unavailable=0/0  leaked=0 errors=0  VIOLATIONS
      audit: VIOLATIONS — thefts 532, grants on sold seats 0, double sales 0, sales without the hold 0, late sales 0, early rejections 0 (transient 0), duplicate seats 0, inventory drift 0, invalid seats 0, partial holds 0, ticket mismatches 0
    lifecycle   100 seats x6      15.4 confirmed seats/s  holds=709 abandoned=99+83 expired@check=222 rejected late/boundary/early(transient)=4/0/0(0)  confirm retries sold/run=0/0  outage unavailable=0/0  leaked=0 errors=0  VIOLATIONS
      audit: VIOLATIONS — thefts 558, grants on sold seats 0, double sales 0, sales without the hold 0, late sales 0, early rejections 0 (transient 0), duplicate seats 0, inventory drift 0, invalid seats 0, partial holds 0, ticket mismatches 0
    lifecycle  1000 seats x6      68.8 confirmed seats/s  holds=3525 abandoned=518+324 expired@check=241 rejected late/boundary/early(transient)=43/0/0(0)  confirm retries sold/run=0/0  outage unavailable=0/3  leaked=0 errors=0  VIOLATIONS
      audit: VIOLATIONS — thefts 315, grants on sold seats 0, double sales 0, sales without the hold 0, late sales 0, early rejections 0 (transient 0), duplicate seats 0, inventory drift 0, invalid seats 0, partial holds 0, ticket mismatches 0
  wrote /results/s0_check_then_hold_rc.json
