  engine: PostgreSQL 17.11 (Debian 17.11-1.pgdg13+2) on x86_64-pc-linux-gnu, compiled by gcc (Debian 14.2.0-19) 14.2.0, 64-bit
  database clock minus client clock: 0.002 ms
  dataset: 5 venues, 658 events, 56103 tickets and 2217 holds at load
  loading s1_conditional_update ...
  loaded in 1.3s (copy 1.0s, index 0.1s)
  verifying answers against ground truth ...
    58/58 checks passed (margin 600s); audit on load: consistent (658 events, 56103 tickets; rejections late=0 boundary=0)
  capturing plans ...
  read benchmark:
    q01_section_map@10                    19754.4 ops/s  p50=  0.170ms p99=   0.742ms  errors=0
    q02_event_sections@10                 20572.0 ops/s  p50=  0.169ms p99=   0.694ms  errors=0
    q03_event_available@10                20937.6 ops/s  p50=  0.167ms p99=   0.685ms  errors=0
    q01_section_map@100                   29078.6 ops/s  p50=  0.139ms p99=   0.582ms  errors=0
    q02_event_sections@100                18005.1 ops/s  p50=  0.182ms p99=   0.850ms  errors=0
    q03_event_available@100               18827.6 ops/s  p50=  0.175ms p99=   0.741ms  errors=0
    q01_section_map@1000                  21849.1 ops/s  p50=  0.165ms p99=   0.586ms  errors=0
    q02_event_sections@1000                8213.3 ops/s  p50=  0.315ms p99=   2.551ms  errors=0
    q03_event_available@1000               9765.4 ops/s  p50=  0.278ms p99=   1.431ms  errors=0
    q01_section_map@10000                 15601.8 ops/s  p50=  0.205ms p99=   0.882ms  errors=0
    q02_event_sections@10000               1153.7 ops/s  p50=  1.527ms p99=  79.497ms  errors=0
    q03_event_available@10000              1612.6 ops/s  p50=  1.196ms p99=  76.230ms  errors=0
    q01_section_map@100000                 9638.4 ops/s  p50=  0.297ms p99=   1.466ms  errors=0
    q02_event_sections@100000               133.4 ops/s  p50= 86.683ms p99= 103.255ms  errors=0
    q03_event_available@100000              155.1 ops/s  p50= 81.677ms p99=  98.797ms  errors=0
    q04_hold_seats                         9091.0 ops/s  p50=  0.293ms p99=   1.422ms  errors=0
    q05_customer_tickets                  33464.4 ops/s  p50=  0.135ms p99=   0.525ms  errors=0
    q06_ticket_by_id                      37935.9 ops/s  p50=  0.129ms p99=   0.483ms  errors=0
  write benchmark (fresh load per op):
    hold                                    129.6 ops/s  p50= 78.623ms p99= 193.173ms  rejected=3 retries=0 errors=0
      audit after hold: consistent (658 events, 82034 tickets; rejections late=0 boundary=0)
    release                                3793.5 ops/s  p50=  1.800ms p99=  11.728ms  rejected=0 retries=0 errors=0
      audit after release: consistent (658 events, 56103 tickets; rejections late=0 boundary=0)
    cancel                                 3852.5 ops/s  p50=  2.024ms p99=   5.567ms  rejected=0 retries=0 errors=0
      audit after cancel: consistent (658 events, 28053 tickets; rejections late=0 boundary=0)
    publish@10                             2450.9 ops/s  p50=  1.626ms p99=   2.371ms  rejected=0 retries=0 errors=0
    publish@100                            1641.6 ops/s  p50=  2.245ms p99=   9.419ms  rejected=0 retries=0 errors=0
    publish@1000                            429.4 ops/s  p50=  9.054ms p99=  10.232ms  rejected=0 retries=0 errors=0
    publish@10000                            35.5 ops/s  p50= 54.355ms p99=  54.355ms  rejected=0 retries=0 errors=0
    publish@100000                            3.5 ops/s  p50=540.755ms p99= 540.755ms  rejected=0 retries=0 errors=0
      audit after publish: consistent (2887 events, 56103 tickets; rejections late=0 boundary=0)
  race trial 1/1 (32 buyers per event, fresh load):
      race event 501: gate 2026-09-15T01:29:02.640190601Z, deadline 2026-09-15T01:30:02.640190601Z
      race event 502: gate 2026-09-15T01:29:02.693834391Z, deadline 2026-09-15T01:30:02.693834391Z
      race event 503: gate 2026-09-15T01:29:02.73883264Z, deadline 2026-09-15T01:30:02.73883264Z
      race event 504: gate 2026-09-15T01:29:02.776802176Z, deadline 2026-09-15T01:30:02.776802176Z
      race event 505: gate 2026-09-15T01:29:02.802015517Z, deadline 2026-09-15T01:30:02.802015517Z
      race event 506: gate 2026-09-15T01:29:02.851867238Z, deadline 2026-09-15T01:30:02.851867238Z
      race event 507: gate 2026-09-15T01:29:02.89743019Z, deadline 2026-09-15T01:30:02.89743019Z
      race event 508: gate 2026-09-15T01:29:02.924174016Z, deadline 2026-09-15T01:30:02.924174016Z
      race event 509: gate 2026-09-15T01:29:02.949345177Z, deadline 2026-09-15T01:30:02.949345177Z
      race event 510: gate 2026-09-15T01:29:02.996739369Z, deadline 2026-09-15T01:30:02.996739369Z
      race event 511: gate 2026-09-15T01:29:03.043766526Z, deadline 2026-09-15T01:30:03.043766526Z
      race event 512: gate 2026-09-15T01:29:03.098681744Z, deadline 2026-09-15T01:30:03.098681744Z
      race event 513: gate 2026-09-15T01:29:03.116741353Z, deadline 2026-09-15T01:30:03.116741353Z
      race event 514: gate 2026-09-15T01:29:03.136332015Z, deadline 2026-09-15T01:30:03.136332015Z
      race event 515: gate 2026-09-15T01:29:03.198920765Z, deadline 2026-09-15T01:30:03.198920765Z
      race event 516: gate 2026-09-15T01:29:03.226147414Z, deadline 2026-09-15T01:30:03.226147414Z
      race event 517: gate 2026-09-15T01:29:03.24042802Z, deadline 2026-09-15T01:30:03.24042802Z
      race event 518: gate 2026-09-15T01:29:03.285790228Z, deadline 2026-09-15T01:30:03.285790228Z
      race event 519: gate 2026-09-15T01:29:03.314774276Z, deadline 2026-09-15T01:30:03.314774276Z
      race event 520: gate 2026-09-15T01:29:03.335799733Z, deadline 2026-09-15T01:30:03.335799733Z
      race event 521: gate 2026-09-15T01:29:03.393140303Z, deadline 2026-09-15T01:30:03.393140303Z
      race event 522: gate 2026-09-15T01:29:03.413549114Z, deadline 2026-09-15T01:30:03.413549114Z
      race event 523: gate 2026-09-15T01:29:03.428858269Z, deadline 2026-09-15T01:30:03.428858269Z
      race event 524: gate 2026-09-15T01:29:03.498363082Z, deadline 2026-09-15T01:30:03.498363082Z
      race event 525: gate 2026-09-15T01:29:03.532735944Z, deadline 2026-09-15T01:30:03.532735944Z
      race event 526: gate 2026-09-15T01:29:03.593277735Z, deadline 2026-09-15T01:30:03.593277735Z
      race event 527: gate 2026-09-15T01:29:03.625783528Z, deadline 2026-09-15T01:30:03.625783528Z
      race event 528: gate 2026-09-15T01:29:03.654603024Z, deadline 2026-09-15T01:30:03.654603024Z
      race event 529: gate 2026-09-15T01:29:03.705164941Z, deadline 2026-09-15T01:30:03.705164941Z
      race event 530: gate 2026-09-15T01:29:03.723360924Z, deadline 2026-09-15T01:30:03.723360924Z
      race event 531: gate 2026-09-15T01:29:03.739498474Z, deadline 2026-09-15T01:30:03.739498474Z
      race event 532: gate 2026-09-15T01:29:03.802604924Z, deadline 2026-09-15T01:30:03.802604924Z
      race event 533: gate 2026-09-15T01:29:03.830831511Z, deadline 2026-09-15T01:30:03.830831511Z
      race event 534: gate 2026-09-15T01:29:03.889021176Z, deadline 2026-09-15T01:30:03.889021176Z
      race event 535: gate 2026-09-15T01:29:03.905103063Z, deadline 2026-09-15T01:30:03.905103063Z
      race event 536: gate 2026-09-15T01:29:03.935155672Z, deadline 2026-09-15T01:30:03.935155672Z
      race event 537: gate 2026-09-15T01:29:03.992123667Z, deadline 2026-09-15T01:30:03.992123667Z
      race event 538: gate 2026-09-15T01:29:04.01967575Z, deadline 2026-09-15T01:30:04.01967575Z
      race event 539: gate 2026-09-15T01:29:04.059055764Z, deadline 2026-09-15T01:30:04.059055764Z
      race event 540: gate 2026-09-15T01:29:04.113882105Z, deadline 2026-09-15T01:30:04.113882105Z
      race event 541: gate 2026-09-15T01:29:04.135173275Z, deadline 2026-09-15T01:30:04.135173275Z
      race event 542: gate 2026-09-15T01:29:04.204373119Z, deadline 2026-09-15T01:30:04.204373119Z
      race event 543: gate 2026-09-15T01:29:04.232128152Z, deadline 2026-09-15T01:30:04.232128152Z
      race event 544: gate 2026-09-15T01:29:04.295065099Z, deadline 2026-09-15T01:30:04.295065099Z
      race event 545: gate 2026-09-15T01:29:04.3313573Z, deadline 2026-09-15T01:30:04.3313573Z
      race event 546: gate 2026-09-15T01:29:04.358175415Z, deadline 2026-09-15T01:30:04.358175415Z
      race event 547: gate 2026-09-15T01:29:04.415151143Z, deadline 2026-09-15T01:30:04.415151143Z
      race event 548: gate 2026-09-15T01:29:04.434149517Z, deadline 2026-09-15T01:30:04.434149517Z
      race event 549: gate 2026-09-15T01:29:04.495389597Z, deadline 2026-09-15T01:30:04.495389597Z
      race event 550: gate 2026-09-15T01:29:04.512733578Z, deadline 2026-09-15T01:30:04.512733578Z
      race event 551: gate 2026-09-15T01:29:04.532463065Z, deadline 2026-09-15T01:30:04.532463065Z
      race event 552: gate 2026-09-15T01:29:04.587938858Z, deadline 2026-09-15T01:30:04.587938858Z
      race event 553: gate 2026-09-15T01:29:04.617378067Z, deadline 2026-09-15T01:30:04.617378067Z
      race event 554: gate 2026-09-15T01:29:04.645870147Z, deadline 2026-09-15T01:30:04.645870147Z
      race event 555: gate 2026-09-15T01:29:04.706273181Z, deadline 2026-09-15T01:30:04.706273181Z
      race event 556: gate 2026-09-15T01:29:04.745358823Z, deadline 2026-09-15T01:30:04.745358823Z
      race event 557: gate 2026-09-15T01:29:04.796086548Z, deadline 2026-09-15T01:30:04.796086548Z
      race event 558: gate 2026-09-15T01:29:04.819613256Z, deadline 2026-09-15T01:30:04.819613256Z
      race event 559: gate 2026-09-15T01:29:04.849177762Z, deadline 2026-09-15T01:30:04.849177762Z
      race event 560: gate 2026-09-15T01:29:04.901085681Z, deadline 2026-09-15T01:30:04.901085681Z
      race event 561: gate 2026-09-15T01:29:04.919558149Z, deadline 2026-09-15T01:30:04.919558149Z
      race event 562: gate 2026-09-15T01:29:04.950577847Z, deadline 2026-09-15T01:30:04.950577847Z
      race event 563: gate 2026-09-15T01:29:05.008097529Z, deadline 2026-09-15T01:30:05.008097529Z
      race event 564: gate 2026-09-15T01:29:05.041028305Z, deadline 2026-09-15T01:30:05.041028305Z
      race event 565: gate 2026-09-15T01:29:05.102062752Z, deadline 2026-09-15T01:30:05.102062752Z
      race event 566: gate 2026-09-15T01:29:05.137088373Z, deadline 2026-09-15T01:30:05.137088373Z
      race event 567: gate 2026-09-15T01:29:05.194577567Z, deadline 2026-09-15T01:30:05.194577567Z
      race event 568: gate 2026-09-15T01:29:05.229138595Z, deadline 2026-09-15T01:30:05.229138595Z
      race event 569: gate 2026-09-15T01:29:05.2958674Z, deadline 2026-09-15T01:30:05.2958674Z
      race event 570: gate 2026-09-15T01:29:05.323674965Z, deadline 2026-09-15T01:30:05.323674965Z
      race event 571: gate 2026-09-15T01:29:05.348232227Z, deadline 2026-09-15T01:30:05.348232227Z
      race event 572: gate 2026-09-15T01:29:05.419418453Z, deadline 2026-09-15T01:30:05.419418453Z
      race event 573: gate 2026-09-15T01:29:05.491113277Z, deadline 2026-09-15T01:30:05.491113277Z
      race event 574: gate 2026-09-15T01:29:05.533326221Z, deadline 2026-09-15T01:30:05.533326221Z
      race event 575: gate 2026-09-15T01:29:05.598999357Z, deadline 2026-09-15T01:30:05.598999357Z
      race event 576: gate 2026-09-15T01:29:05.635740935Z, deadline 2026-09-15T01:30:05.635740935Z
      race event 577: gate 2026-09-15T01:29:05.70172232Z, deadline 2026-09-15T01:30:05.70172232Z
      race event 578: gate 2026-09-15T01:29:05.72074694Z, deadline 2026-09-15T01:30:05.72074694Z
      race event 579: gate 2026-09-15T01:29:05.750624254Z, deadline 2026-09-15T01:30:05.750624254Z
      race event 580: gate 2026-09-15T01:29:05.80491468Z, deadline 2026-09-15T01:30:05.80491468Z
      race event 581: gate 2026-09-15T01:29:05.833995043Z, deadline 2026-09-15T01:30:05.833995043Z
      race event 582: gate 2026-09-15T01:29:05.892977564Z, deadline 2026-09-15T01:30:05.892977564Z
      race event 583: gate 2026-09-15T01:29:05.911323471Z, deadline 2026-09-15T01:30:05.911323471Z
      race event 584: gate 2026-09-15T01:29:05.927301958Z, deadline 2026-09-15T01:30:05.927301958Z
      race event 585: gate 2026-09-15T01:29:06.004406441Z, deadline 2026-09-15T01:30:06.004406441Z
      race event 586: gate 2026-09-15T01:29:06.031734664Z, deadline 2026-09-15T01:30:06.031734664Z
      race event 587: gate 2026-09-15T01:29:06.09640881Z, deadline 2026-09-15T01:30:06.09640881Z
      race event 588: gate 2026-09-15T01:29:06.1223384Z, deadline 2026-09-15T01:30:06.1223384Z
      race event 589: gate 2026-09-15T01:29:06.142528604Z, deadline 2026-09-15T01:30:06.142528604Z
      race event 590: gate 2026-09-15T01:29:06.199596855Z, deadline 2026-09-15T01:30:06.199596855Z
      race event 591: gate 2026-09-15T01:29:06.22644959Z, deadline 2026-09-15T01:30:06.22644959Z
      race event 592: gate 2026-09-15T01:29:06.242286497Z, deadline 2026-09-15T01:30:06.242286497Z
      race event 593: gate 2026-09-15T01:29:06.306404851Z, deadline 2026-09-15T01:30:06.306404851Z
      race event 594: gate 2026-09-15T01:29:06.340189624Z, deadline 2026-09-15T01:30:06.340189624Z
      race event 595: gate 2026-09-15T01:29:06.399862314Z, deadline 2026-09-15T01:30:06.399862314Z
      race event 596: gate 2026-09-15T01:29:06.432832377Z, deadline 2026-09-15T01:30:06.432832377Z
      race event 597: gate 2026-09-15T01:29:06.494493732Z, deadline 2026-09-15T01:30:06.494493732Z
      race event 598: gate 2026-09-15T01:29:06.514647644Z, deadline 2026-09-15T01:30:06.514647644Z
      race event 599: gate 2026-09-15T01:29:06.556990784Z, deadline 2026-09-15T01:30:06.556990784Z
      race event 600: gate 2026-09-15T01:29:06.60844491Z, deadline 2026-09-15T01:30:06.60844491Z
    race     10 seats x100      368.4 seats/s  conflicts/hold=9.08 reads/hold=17.07  hold p50=2.76ms p99=47.22ms  deferred 51/51 ok  confirm retries sold/run=0/0  errors=0  ok
      audit: consistent (100 events, 1000 tickets; rejections late=0 boundary=0)
      race event 601: gate 2026-09-15T01:29:06.754616658Z, deadline 2026-09-15T01:30:06.754616658Z
      race event 602: gate 2026-09-15T01:29:06.808832922Z, deadline 2026-09-15T01:30:06.808832922Z
      race event 603: gate 2026-09-15T01:29:06.993969528Z, deadline 2026-09-15T01:30:06.993969528Z
      race event 604: gate 2026-09-15T01:29:07.109103336Z, deadline 2026-09-15T01:30:07.109103336Z
      race event 605: gate 2026-09-15T01:29:07.228825927Z, deadline 2026-09-15T01:30:07.228825927Z
      race event 606: gate 2026-09-15T01:29:07.403686754Z, deadline 2026-09-15T01:30:07.403686754Z
      race event 607: gate 2026-09-15T01:29:07.516032476Z, deadline 2026-09-15T01:30:07.516032476Z
      race event 608: gate 2026-09-15T01:29:07.639790646Z, deadline 2026-09-15T01:30:07.639790646Z
      race event 609: gate 2026-09-15T01:29:07.802808436Z, deadline 2026-09-15T01:30:07.802808436Z
      race event 610: gate 2026-09-15T01:29:07.917300893Z, deadline 2026-09-15T01:30:07.917300893Z
      race event 611: gate 2026-09-15T01:29:08.102884974Z, deadline 2026-09-15T01:30:08.102884974Z
      race event 612: gate 2026-09-15T01:29:08.211337838Z, deadline 2026-09-15T01:30:08.211337838Z
      race event 613: gate 2026-09-15T01:29:08.404214286Z, deadline 2026-09-15T01:30:08.404214286Z
      race event 614: gate 2026-09-15T01:29:08.512349398Z, deadline 2026-09-15T01:30:08.512349398Z
      race event 615: gate 2026-09-15T01:29:08.628048132Z, deadline 2026-09-15T01:30:08.628048132Z
      race event 616: gate 2026-09-15T01:29:08.798257027Z, deadline 2026-09-15T01:30:08.798257027Z
      race event 617: gate 2026-09-15T01:29:08.912985985Z, deadline 2026-09-15T01:30:08.912985985Z
      race event 618: gate 2026-09-15T01:29:09.012972412Z, deadline 2026-09-15T01:30:09.012972412Z
      race event 619: gate 2026-09-15T01:29:09.124286505Z, deadline 2026-09-15T01:30:09.124286505Z
      race event 620: gate 2026-09-15T01:29:09.289037549Z, deadline 2026-09-15T01:30:09.289037549Z
    race    100 seats x20       830.5 seats/s  conflicts/hold=3.10 reads/hold=6.08  hold p50=2.86ms p99=64.41ms  deferred 87/87 ok  confirm retries sold/run=0/0  errors=0  ok
      audit: consistent (20 events, 2000 tickets; rejections late=0 boundary=0)
      race event 621: gate 2026-09-15T01:29:09.499825025Z, deadline 2026-09-15T01:30:09.499825025Z
      race event 622: gate 2026-09-15T01:29:10.208544459Z, deadline 2026-09-15T01:30:10.208544459Z
      race event 623: gate 2026-09-15T01:29:11.099822804Z, deadline 2026-09-15T01:30:11.099822804Z
      race event 624: gate 2026-09-15T01:29:11.889474067Z, deadline 2026-09-15T01:30:11.889474067Z
      race event 625: gate 2026-09-15T01:29:12.811803049Z, deadline 2026-09-15T01:30:12.811803049Z
    race   1000 seats x5       1281.3 seats/s  conflicts/hold=1.41 reads/hold=3.96  hold p50=3.54ms p99=72.11ms  deferred 210/210 ok  confirm retries sold/run=0/0  errors=0  ok
      audit: consistent (5 events, 5000 tickets; rejections late=0 boundary=0)
      race event 626: gate 2026-09-15T01:29:13.706919002Z, deadline 2026-09-15T01:30:13.706919002Z
      race event 627: gate 2026-09-15T01:29:33.646237229Z, deadline 2026-09-15T01:30:33.646237229Z
    race  10000 seats x2        591.9 seats/s  conflicts/hold=0.38 reads/hold=3.98  hold p50=6.27ms p99=96.31ms  deferred 878/878 ok  confirm retries sold/run=0/0  errors=0  ok
      audit: consistent (2 events, 20000 tickets; rejections late=0 boundary=0)
      race event 628: gate 2026-09-15T01:29:54.055236489Z, deadline 2026-09-15T01:30:54.055236489Z
    race 100000 seats x1        295.1 seats/s  conflicts/hold=0.11 reads/hold=1.26  hold p50=81.25ms p99=184.74ms  deferred 715/715 ok  confirm retries sold/run=0/0  errors=0  ok, 1 timed out (18% sold)
      audit: consistent (1 events, 17710 tickets; rejections late=0 boundary=0)
  lifecycle trial 1/1 (32 buyers per event, one human minute = 50ms, fresh load):
    lifecycle    10 seats x6       3.1 confirmed seats/s  holds=54 abandoned=6+4 expired@check=2 rejected late/boundary/early(transient)=0/0/0(0)  confirm retries sold/run=0/0  outage unavailable=0/0  leaked=0 errors=0  ok
      audit: consistent (6 events, 60 tickets; rejections late=0 boundary=0)
    lifecycle   100 seats x6      18.4 confirmed seats/s  holds=388 abandoned=47+34 expired@check=8 rejected late/boundary/early(transient)=2/0/0(0)  confirm retries sold/run=0/0  outage unavailable=0/0  leaked=0 errors=0  ok
      audit: consistent (6 events, 600 tickets; rejections late=2 boundary=0)
    lifecycle  1000 seats x6      69.2 confirmed seats/s  holds=3511 abandoned=539+377 expired@check=111 rejected late/boundary/early(transient)=45/0/0(0)  confirm retries sold/run=0/0  outage unavailable=0/9  leaked=0 errors=0  ok
      audit: consistent (6 events, 5779 tickets; rejections late=45 boundary=0)
  wrote /results/s1_conditional_update.json
