  engine: PostgreSQL 17.11 (Debian 17.11-1.pgdg13+2) on x86_64-pc-linux-gnu, compiled by gcc (Debian 14.2.0-19) 14.2.0, 64-bit
  database clock minus client clock: 0.001 ms
  dataset: 5 venues, 658 events, 56103 tickets and 2217 holds at load
  loading s1r_confirm_retry ...
  loaded in 1.3s (copy 1.0s, index 0.1s)
  verifying answers against ground truth ...
    58/58 checks passed (margin 600s); audit on load: consistent (658 events, 56103 tickets; rejections late=0 boundary=0)
  capturing plans ...
  read benchmark:
    q01_section_map@10                    19325.7 ops/s  p50=  0.175ms p99=   1.014ms  errors=0
    q02_event_sections@10                 20488.4 ops/s  p50=  0.170ms p99=   0.752ms  errors=0
    q03_event_available@10                21018.5 ops/s  p50=  0.166ms p99=   0.689ms  errors=0
    q01_section_map@100                   29626.7 ops/s  p50=  0.138ms p99=   0.550ms  errors=0
    q02_event_sections@100                17951.0 ops/s  p50=  0.183ms p99=   0.738ms  errors=0
    q03_event_available@100               18764.3 ops/s  p50=  0.177ms p99=   0.721ms  errors=0
    q01_section_map@1000                  21631.8 ops/s  p50=  0.167ms p99=   0.647ms  errors=0
    q02_event_sections@1000                8718.7 ops/s  p50=  0.306ms p99=   2.133ms  errors=0
    q03_event_available@1000               9469.7 ops/s  p50=  0.287ms p99=   1.558ms  errors=0
    q01_section_map@10000                 15230.3 ops/s  p50=  0.213ms p99=   0.875ms  errors=0
    q02_event_sections@10000               1318.1 ops/s  p50=  1.385ms p99=  78.124ms  errors=0
    q03_event_available@10000              1480.7 ops/s  p50=  1.242ms p99=  77.643ms  errors=0
    q01_section_map@100000                 9569.6 ops/s  p50=  0.301ms p99=   1.464ms  errors=0
    q02_event_sections@100000               137.2 ops/s  p50= 85.685ms p99= 102.586ms  errors=0
    q03_event_available@100000              148.4 ops/s  p50= 83.655ms p99=  99.588ms  errors=0
    q04_hold_seats                         8987.6 ops/s  p50=  0.295ms p99=   1.835ms  errors=0
    q05_customer_tickets                  33000.2 ops/s  p50=  0.136ms p99=   0.559ms  errors=0
    q06_ticket_by_id                      37602.6 ops/s  p50=  0.129ms p99=   0.495ms  errors=0
  write benchmark (fresh load per op):
    hold                                    141.9 ops/s  p50= 72.012ms p99= 191.488ms  rejected=2 retries=0 errors=0
      audit after hold: consistent (658 events, 82073 tickets; rejections late=0 boundary=0)
    release                                4530.2 ops/s  p50=  1.587ms p99=   8.219ms  rejected=0 retries=0 errors=0
      audit after release: consistent (658 events, 56103 tickets; rejections late=0 boundary=0)
    cancel                                 1344.2 ops/s  p50=  5.828ms p99=   8.397ms  rejected=0 retries=0 errors=0
      audit after cancel: consistent (658 events, 35350 tickets; rejections late=0 boundary=0)
    publish@10                              694.8 ops/s  p50=  5.653ms p99=   8.155ms  rejected=0 retries=0 errors=0
    publish@100                             404.5 ops/s  p50=  9.912ms p99=  12.718ms  rejected=0 retries=0 errors=0
    publish@1000                            283.5 ops/s  p50= 12.048ms p99=  16.581ms  rejected=0 retries=0 errors=0
    publish@10000                            31.3 ops/s  p50= 60.813ms p99=  60.813ms  rejected=0 retries=0 errors=0
    publish@100000                            3.2 ops/s  p50=619.366ms p99= 619.366ms  rejected=0 retries=0 errors=0
      audit after publish: consistent (2887 events, 56103 tickets; rejections late=0 boundary=0)
  race trial 1/1 (32 buyers per event, fresh load):
      race event 501: gate 2026-09-15T01:11:58.092862574Z, deadline 2026-09-15T01:12:58.092862574Z
      race event 502: gate 2026-09-15T01:11:58.126370875Z, deadline 2026-09-15T01:12:58.126370875Z
      race event 503: gate 2026-09-15T01:11:58.19708496Z, deadline 2026-09-15T01:12:58.19708496Z
      race event 504: gate 2026-09-15T01:11:58.248902811Z, deadline 2026-09-15T01:12:58.248902811Z
      race event 505: gate 2026-09-15T01:11:58.291812517Z, deadline 2026-09-15T01:12:58.291812517Z
      race event 506: gate 2026-09-15T01:11:58.340473568Z, deadline 2026-09-15T01:12:58.340473568Z
      race event 507: gate 2026-09-15T01:11:58.375303819Z, deadline 2026-09-15T01:12:58.375303819Z
      race event 508: gate 2026-09-15T01:11:58.413121007Z, deadline 2026-09-15T01:12:58.413121007Z
      race event 509: gate 2026-09-15T01:11:58.487404833Z, deadline 2026-09-15T01:12:58.487404833Z
      race event 510: gate 2026-09-15T01:11:58.542964868Z, deadline 2026-09-15T01:12:58.542964868Z
      race event 511: gate 2026-09-15T01:11:58.58034374Z, deadline 2026-09-15T01:12:58.58034374Z
      race event 512: gate 2026-09-15T01:11:58.618114029Z, deadline 2026-09-15T01:12:58.618114029Z
      race event 513: gate 2026-09-15T01:11:58.675452291Z, deadline 2026-09-15T01:12:58.675452291Z
      race event 514: gate 2026-09-15T01:11:58.703392156Z, deadline 2026-09-15T01:12:58.703392156Z
      race event 515: gate 2026-09-15T01:11:58.721211471Z, deadline 2026-09-15T01:12:58.721211471Z
      race event 516: gate 2026-09-15T01:11:58.7792514Z, deadline 2026-09-15T01:12:58.7792514Z
      race event 517: gate 2026-09-15T01:11:58.809839205Z, deadline 2026-09-15T01:12:58.809839205Z
      race event 518: gate 2026-09-15T01:11:58.880797663Z, deadline 2026-09-15T01:12:58.880797663Z
      race event 519: gate 2026-09-15T01:11:58.90975768Z, deadline 2026-09-15T01:12:58.90975768Z
      race event 520: gate 2026-09-15T01:11:58.987381884Z, deadline 2026-09-15T01:12:58.987381884Z
      race event 521: gate 2026-09-15T01:11:59.007774599Z, deadline 2026-09-15T01:12:59.007774599Z
      race event 522: gate 2026-09-15T01:11:59.020425458Z, deadline 2026-09-15T01:12:59.020425458Z
      race event 523: gate 2026-09-15T01:11:59.09348575Z, deadline 2026-09-15T01:12:59.09348575Z
      race event 524: gate 2026-09-15T01:11:59.169465989Z, deadline 2026-09-15T01:12:59.169465989Z
      race event 525: gate 2026-09-15T01:11:59.189678651Z, deadline 2026-09-15T01:12:59.189678651Z
      race event 526: gate 2026-09-15T01:11:59.217462128Z, deadline 2026-09-15T01:12:59.217462128Z
      race event 527: gate 2026-09-15T01:11:59.290483166Z, deadline 2026-09-15T01:12:59.290483166Z
      race event 528: gate 2026-09-15T01:11:59.306293791Z, deadline 2026-09-15T01:12:59.306293791Z
      race event 529: gate 2026-09-15T01:11:59.335443611Z, deadline 2026-09-15T01:12:59.335443611Z
      race event 530: gate 2026-09-15T01:11:59.371746024Z, deadline 2026-09-15T01:12:59.371746024Z
      race event 531: gate 2026-09-15T01:11:59.39331255Z, deadline 2026-09-15T01:12:59.39331255Z
      race event 532: gate 2026-09-15T01:11:59.420298618Z, deadline 2026-09-15T01:12:59.420298618Z
      race event 533: gate 2026-09-15T01:11:59.47303914Z, deadline 2026-09-15T01:12:59.47303914Z
      race event 534: gate 2026-09-15T01:11:59.496076854Z, deadline 2026-09-15T01:12:59.496076854Z
      race event 535: gate 2026-09-15T01:11:59.559826803Z, deadline 2026-09-15T01:12:59.559826803Z
      race event 536: gate 2026-09-15T01:11:59.58653203Z, deadline 2026-09-15T01:12:59.58653203Z
      race event 537: gate 2026-09-15T01:11:59.611003257Z, deadline 2026-09-15T01:12:59.611003257Z
      race event 538: gate 2026-09-15T01:11:59.666670032Z, deadline 2026-09-15T01:12:59.666670032Z
      race event 539: gate 2026-09-15T01:11:59.692828804Z, deadline 2026-09-15T01:12:59.692828804Z
      race event 540: gate 2026-09-15T01:11:59.723322731Z, deadline 2026-09-15T01:12:59.723322731Z
      race event 541: gate 2026-09-15T01:11:59.78106297Z, deadline 2026-09-15T01:12:59.78106297Z
      race event 542: gate 2026-09-15T01:11:59.800991902Z, deadline 2026-09-15T01:12:59.800991902Z
      race event 543: gate 2026-09-15T01:11:59.872037307Z, deadline 2026-09-15T01:12:59.872037307Z
      race event 544: gate 2026-09-15T01:11:59.899028983Z, deadline 2026-09-15T01:12:59.899028983Z
      race event 545: gate 2026-09-15T01:11:59.922818045Z, deadline 2026-09-15T01:12:59.922818045Z
      race event 546: gate 2026-09-15T01:11:59.973143894Z, deadline 2026-09-15T01:12:59.973143894Z
      race event 547: gate 2026-09-15T01:11:59.988740311Z, deadline 2026-09-15T01:12:59.988740311Z
      race event 548: gate 2026-09-15T01:12:00.023548238Z, deadline 2026-09-15T01:13:00.023548238Z
      race event 549: gate 2026-09-15T01:12:00.078746681Z, deadline 2026-09-15T01:13:00.078746681Z
      race event 550: gate 2026-09-15T01:12:00.106126567Z, deadline 2026-09-15T01:13:00.106126567Z
      race event 551: gate 2026-09-15T01:12:00.162327176Z, deadline 2026-09-15T01:13:00.162327176Z
      race event 552: gate 2026-09-15T01:12:00.192978835Z, deadline 2026-09-15T01:13:00.192978835Z
      race event 553: gate 2026-09-15T01:12:00.223603373Z, deadline 2026-09-15T01:13:00.223603373Z
      race event 554: gate 2026-09-15T01:12:00.282398177Z, deadline 2026-09-15T01:13:00.282398177Z
      race event 555: gate 2026-09-15T01:12:00.30434127Z, deadline 2026-09-15T01:13:00.30434127Z
      race event 556: gate 2026-09-15T01:12:00.381804751Z, deadline 2026-09-15T01:13:00.381804751Z
      race event 557: gate 2026-09-15T01:12:00.419282407Z, deadline 2026-09-15T01:13:00.419282407Z
      race event 558: gate 2026-09-15T01:12:00.475600452Z, deadline 2026-09-15T01:13:00.475600452Z
      race event 559: gate 2026-09-15T01:12:00.501000556Z, deadline 2026-09-15T01:13:00.501000556Z
      race event 560: gate 2026-09-15T01:12:00.521781835Z, deadline 2026-09-15T01:13:00.521781835Z
      race event 561: gate 2026-09-15T01:12:00.588636046Z, deadline 2026-09-15T01:13:00.588636046Z
      race event 562: gate 2026-09-15T01:12:00.615888913Z, deadline 2026-09-15T01:13:00.615888913Z
      race event 563: gate 2026-09-15T01:12:00.679186162Z, deadline 2026-09-15T01:13:00.679186162Z
      race event 564: gate 2026-09-15T01:12:00.708997243Z, deadline 2026-09-15T01:13:00.708997243Z
      race event 565: gate 2026-09-15T01:12:00.773915021Z, deadline 2026-09-15T01:13:00.773915021Z
      race event 566: gate 2026-09-15T01:12:00.798832709Z, deadline 2026-09-15T01:13:00.798832709Z
      race event 567: gate 2026-09-15T01:12:00.823866188Z, deadline 2026-09-15T01:13:00.823866188Z
      race event 568: gate 2026-09-15T01:12:00.880595971Z, deadline 2026-09-15T01:13:00.880595971Z
      race event 569: gate 2026-09-15T01:12:00.905884304Z, deadline 2026-09-15T01:13:00.905884304Z
      race event 570: gate 2026-09-15T01:12:00.97066772Z, deadline 2026-09-15T01:13:00.97066772Z
      race event 571: gate 2026-09-15T01:12:00.997006951Z, deadline 2026-09-15T01:13:00.997006951Z
      race event 572: gate 2026-09-15T01:12:01.027431533Z, deadline 2026-09-15T01:13:01.027431533Z
      race event 573: gate 2026-09-15T01:12:01.086385146Z, deadline 2026-09-15T01:13:01.086385146Z
      race event 574: gate 2026-09-15T01:12:01.111674265Z, deadline 2026-09-15T01:13:01.111674265Z
      race event 575: gate 2026-09-15T01:12:01.172694406Z, deadline 2026-09-15T01:13:01.172694406Z
      race event 576: gate 2026-09-15T01:12:01.206708825Z, deadline 2026-09-15T01:13:01.206708825Z
      race event 577: gate 2026-09-15T01:12:01.265781256Z, deadline 2026-09-15T01:13:01.265781256Z
      race event 578: gate 2026-09-15T01:12:01.294087645Z, deadline 2026-09-15T01:13:01.294087645Z
      race event 579: gate 2026-09-15T01:12:01.365789297Z, deadline 2026-09-15T01:13:01.365789297Z
      race event 580: gate 2026-09-15T01:12:01.40550813Z, deadline 2026-09-15T01:13:01.40550813Z
      race event 581: gate 2026-09-15T01:12:01.463246209Z, deadline 2026-09-15T01:13:01.463246209Z
      race event 582: gate 2026-09-15T01:12:01.500763211Z, deadline 2026-09-15T01:13:01.500763211Z
      race event 583: gate 2026-09-15T01:12:01.517743972Z, deadline 2026-09-15T01:13:01.517743972Z
      race event 584: gate 2026-09-15T01:12:01.570670995Z, deadline 2026-09-15T01:13:01.570670995Z
      race event 585: gate 2026-09-15T01:12:01.602224036Z, deadline 2026-09-15T01:13:01.602224036Z
      race event 586: gate 2026-09-15T01:12:01.668250985Z, deadline 2026-09-15T01:13:01.668250985Z
      race event 587: gate 2026-09-15T01:12:01.706865971Z, deadline 2026-09-15T01:13:01.706865971Z
      race event 588: gate 2026-09-15T01:12:01.729645681Z, deadline 2026-09-15T01:13:01.729645681Z
      race event 589: gate 2026-09-15T01:12:01.780542024Z, deadline 2026-09-15T01:13:01.780542024Z
      race event 590: gate 2026-09-15T01:12:01.817279362Z, deadline 2026-09-15T01:13:01.817279362Z
      race event 591: gate 2026-09-15T01:12:01.885777645Z, deadline 2026-09-15T01:13:01.885777645Z
      race event 592: gate 2026-09-15T01:12:01.921076928Z, deadline 2026-09-15T01:13:01.921076928Z
      race event 593: gate 2026-09-15T01:12:01.980852283Z, deadline 2026-09-15T01:13:01.980852283Z
      race event 594: gate 2026-09-15T01:12:02.017005391Z, deadline 2026-09-15T01:13:02.017005391Z
      race event 595: gate 2026-09-15T01:12:02.066837389Z, deadline 2026-09-15T01:13:02.066837389Z
      race event 596: gate 2026-09-15T01:12:02.103521086Z, deadline 2026-09-15T01:13:02.103521086Z
      race event 597: gate 2026-09-15T01:12:02.123620901Z, deadline 2026-09-15T01:13:02.123620901Z
      race event 598: gate 2026-09-15T01:12:02.182183112Z, deadline 2026-09-15T01:13:02.182183112Z
      race event 599: gate 2026-09-15T01:12:02.211906725Z, deadline 2026-09-15T01:13:02.211906725Z
      race event 600: gate 2026-09-15T01:12:02.261270156Z, deadline 2026-09-15T01:13:02.261270156Z
    race     10 seats x100      339.5 seats/s  conflicts/hold=9.12 reads/hold=17.21  hold p50=2.86ms p99=48.65ms  deferred 64/64 ok  confirm retries sold/run=0/0  errors=0  ok
      audit: consistent (100 events, 1000 tickets; rejections late=0 boundary=0)
      race event 601: gate 2026-09-15T01:12:02.387672889Z, deadline 2026-09-15T01:13:02.387672889Z
      race event 602: gate 2026-09-15T01:12:02.483375954Z, deadline 2026-09-15T01:13:02.483375954Z
      race event 603: gate 2026-09-15T01:12:02.602426852Z, deadline 2026-09-15T01:13:02.602426852Z
      race event 604: gate 2026-09-15T01:12:02.77993843Z, deadline 2026-09-15T01:13:02.77993843Z
      race event 605: gate 2026-09-15T01:12:02.890625971Z, deadline 2026-09-15T01:13:02.890625971Z
      race event 606: gate 2026-09-15T01:12:02.999212248Z, deadline 2026-09-15T01:13:02.999212248Z
      race event 607: gate 2026-09-15T01:12:03.100371447Z, deadline 2026-09-15T01:13:03.100371447Z
      race event 608: gate 2026-09-15T01:12:03.263918744Z, deadline 2026-09-15T01:13:03.263918744Z
      race event 609: gate 2026-09-15T01:12:03.376489209Z, deadline 2026-09-15T01:13:03.376489209Z
      race event 610: gate 2026-09-15T01:12:03.49685042Z, deadline 2026-09-15T01:13:03.49685042Z
      race event 611: gate 2026-09-15T01:12:03.597827381Z, deadline 2026-09-15T01:13:03.597827381Z
      race event 612: gate 2026-09-15T01:12:03.734745965Z, deadline 2026-09-15T01:13:03.734745965Z
      race event 613: gate 2026-09-15T01:12:03.87568624Z, deadline 2026-09-15T01:13:03.87568624Z
      race event 614: gate 2026-09-15T01:12:03.977276057Z, deadline 2026-09-15T01:13:03.977276057Z
      race event 615: gate 2026-09-15T01:12:04.079666215Z, deadline 2026-09-15T01:13:04.079666215Z
      race event 616: gate 2026-09-15T01:12:04.189224939Z, deadline 2026-09-15T01:13:04.189224939Z
      race event 617: gate 2026-09-15T01:12:04.307830426Z, deadline 2026-09-15T01:13:04.307830426Z
      race event 618: gate 2026-09-15T01:12:04.408564249Z, deadline 2026-09-15T01:13:04.408564249Z
      race event 619: gate 2026-09-15T01:12:04.56628186Z, deadline 2026-09-15T01:13:04.56628186Z
      race event 620: gate 2026-09-15T01:12:04.676664982Z, deadline 2026-09-15T01:13:04.676664982Z
    race    100 seats x20       957.9 seats/s  conflicts/hold=3.11 reads/hold=5.80  hold p50=2.75ms p99=59.57ms  deferred 89/89 ok  confirm retries sold/run=0/0  errors=0  ok
      audit: consistent (20 events, 2000 tickets; rejections late=0 boundary=0)
      race event 621: gate 2026-09-15T01:12:04.872627412Z, deadline 2026-09-15T01:13:04.872627412Z
      race event 622: gate 2026-09-15T01:12:05.58402744Z, deadline 2026-09-15T01:13:05.58402744Z
      race event 623: gate 2026-09-15T01:12:06.373230016Z, deadline 2026-09-15T01:13:06.373230016Z
      race event 624: gate 2026-09-15T01:12:07.082177916Z, deadline 2026-09-15T01:13:07.082177916Z
      race event 625: gate 2026-09-15T01:12:07.882131115Z, deadline 2026-09-15T01:13:07.882131115Z
    race   1000 seats x5       1356.5 seats/s  conflicts/hold=1.34 reads/hold=3.56  hold p50=3.64ms p99=74.63ms  deferred 196/196 ok  confirm retries sold/run=0/0  errors=0  ok
      audit: consistent (5 events, 5000 tickets; rejections late=0 boundary=0)
      race event 626: gate 2026-09-15T01:12:08.870251172Z, deadline 2026-09-15T01:13:08.870251172Z
      race event 627: gate 2026-09-15T01:12:30.717099885Z, deadline 2026-09-15T01:13:30.717099885Z
    race  10000 seats x2        576.6 seats/s  conflicts/hold=0.39 reads/hold=4.03  hold p50=5.97ms p99=93.90ms  deferred 862/862 ok  confirm retries sold/run=0/0  errors=0  ok
      audit: consistent (2 events, 20000 tickets; rejections late=0 boundary=0)
      race event 628: gate 2026-09-15T01:12:47.057195814Z, deadline 2026-09-15T01:13:47.057195814Z
    race 100000 seats x1        296.6 seats/s  conflicts/hold=0.11 reads/hold=1.26  hold p50=84.19ms p99=180.73ms  deferred 690/690 ok  confirm retries sold/run=0/0  errors=0  ok, 1 timed out (18% sold)
      audit: consistent (1 events, 17809 tickets; rejections late=0 boundary=0)
  lifecycle trial 1/1 (32 buyers per event, one human minute = 50ms, fresh load):
    lifecycle    10 seats x6       2.1 confirmed seats/s  holds=63 abandoned=11+6 expired@check=2 rejected late/boundary/early(transient)=0/0/0(0)  confirm retries sold/run=0/0  outage unavailable=0/0  leaked=0 errors=0  ok
      audit: consistent (6 events, 60 tickets; rejections late=0 boundary=0)
    lifecycle   100 seats x6      15.5 confirmed seats/s  holds=433 abandoned=53+44 expired@check=11 rejected late/boundary/early(transient)=8/0/0(0)  confirm retries sold/run=0/8  outage unavailable=0/0  leaked=0 errors=0  ok
      audit: consistent (6 events, 600 tickets; rejections late=8 boundary=0)
    lifecycle  1000 seats x6      70.9 confirmed seats/s  holds=3535 abandoned=496+331 expired@check=138 rejected late/boundary/early(transient)=46/0/0(0)  confirm retries sold/run=0/46  outage unavailable=0/16  leaked=0 errors=0  ok
      audit: consistent (6 events, 5836 tickets; rejections late=46 boundary=0)
  wrote /results/s1r_confirm_retry.json
