  engine: PostgreSQL 17.11 (Debian 17.11-1.pgdg13+2) on x86_64-pc-linux-gnu, compiled by gcc (Debian 14.2.0-19) 14.2.0, 64-bit
  database clock minus client clock: -0.001 ms
  dataset: 5 venues, 658 events, 56103 tickets and 2217 holds at load
  loading s2_lock_then_update ...
  loaded in 1.3s (copy 1.1s, index 0.2s)
  verifying answers against ground truth ...
    58/58 checks passed (margin 600s); audit on load: consistent (658 events, 56103 tickets; rejections late=0 boundary=0)
  capturing plans ...
  read benchmark:
    q01_section_map@10                    19337.0 ops/s  p50=  0.173ms p99=   0.892ms  errors=0
    q02_event_sections@10                 20508.6 ops/s  p50=  0.167ms p99=   0.745ms  errors=0
    q03_event_available@10                21078.8 ops/s  p50=  0.163ms p99=   0.675ms  errors=0
    q01_section_map@100                   29985.0 ops/s  p50=  0.133ms p99=   0.523ms  errors=0
    q02_event_sections@100                18355.9 ops/s  p50=  0.176ms p99=   0.757ms  errors=0
    q03_event_available@100               18421.0 ops/s  p50=  0.176ms p99=   0.770ms  errors=0
    q01_section_map@1000                  21559.5 ops/s  p50=  0.163ms p99=   0.661ms  errors=0
    q02_event_sections@1000                8943.0 ops/s  p50=  0.297ms p99=   1.664ms  errors=0
    q03_event_available@1000               9610.0 ops/s  p50=  0.276ms p99=   1.319ms  errors=0
    q01_section_map@10000                 15331.9 ops/s  p50=  0.208ms p99=   0.853ms  errors=0
    q02_event_sections@10000               1335.3 ops/s  p50=  1.349ms p99=  78.271ms  errors=0
    q03_event_available@10000              1483.0 ops/s  p50=  1.232ms p99=  78.187ms  errors=0
    q01_section_map@100000                 9576.3 ops/s  p50=  0.296ms p99=   1.628ms  errors=0
    q02_event_sections@100000               149.3 ops/s  p50= 83.087ms p99= 100.942ms  errors=0
    q03_event_available@100000              160.9 ops/s  p50= 18.299ms p99=  98.674ms  errors=0
    q04_hold_seats                         8729.3 ops/s  p50=  0.301ms p99=   1.924ms  errors=0
    q05_customer_tickets                  33196.3 ops/s  p50=  0.134ms p99=   0.524ms  errors=0
    q06_ticket_by_id                      37876.7 ops/s  p50=  0.126ms p99=   0.493ms  errors=0
  write benchmark (fresh load per op):
    hold                                    134.6 ops/s  p50= 74.314ms p99= 191.786ms  rejected=4 retries=2 errors=0
      audit after hold: consistent (658 events, 82052 tickets; rejections late=0 boundary=0)
    release                                4577.6 ops/s  p50=  1.594ms p99=   7.198ms  rejected=0 retries=0 errors=0
      audit after release: consistent (658 events, 56103 tickets; rejections late=0 boundary=0)
    cancel                                 3448.6 ops/s  p50=  2.105ms p99=  10.449ms  rejected=0 retries=0 errors=0
      audit after cancel: consistent (658 events, 28053 tickets; rejections late=0 boundary=0)
    publish@10                             2233.0 ops/s  p50=  1.757ms p99=   2.831ms  rejected=0 retries=0 errors=0
    publish@100                            1552.2 ops/s  p50=  2.272ms p99=  10.919ms  rejected=0 retries=0 errors=0
    publish@1000                            428.8 ops/s  p50=  9.444ms p99=  10.413ms  rejected=0 retries=0 errors=0
    publish@10000                            35.1 ops/s  p50= 53.771ms p99=  53.771ms  rejected=0 retries=0 errors=0
    publish@100000                            3.4 ops/s  p50=561.508ms p99= 561.508ms  rejected=0 retries=0 errors=0
      audit after publish: consistent (2887 events, 56103 tickets; rejections late=0 boundary=0)
  race trial 1/1 (32 buyers per event, fresh load):
      race event 501: gate 2026-09-15T00:46:25.91857519Z, deadline 2026-09-15T00:47:25.91857519Z
      race event 502: gate 2026-09-15T00:46:25.952621027Z, deadline 2026-09-15T00:47:25.952621027Z
      race event 503: gate 2026-09-15T00:46:26.031189853Z, deadline 2026-09-15T00:47:26.031189853Z
      race event 504: gate 2026-09-15T00:46:26.081380061Z, deadline 2026-09-15T00:47:26.081380061Z
      race event 505: gate 2026-09-15T00:46:26.125488556Z, deadline 2026-09-15T00:47:26.125488556Z
      race event 506: gate 2026-09-15T00:46:26.159046658Z, deadline 2026-09-15T00:47:26.159046658Z
      race event 507: gate 2026-09-15T00:46:26.177274723Z, deadline 2026-09-15T00:47:26.177274723Z
      race event 508: gate 2026-09-15T00:46:26.238662417Z, deadline 2026-09-15T00:47:26.238662417Z
      race event 509: gate 2026-09-15T00:46:26.27686568Z, deadline 2026-09-15T00:47:26.27686568Z
      race event 510: gate 2026-09-15T00:46:26.312019078Z, deadline 2026-09-15T00:47:26.312019078Z
      race event 511: gate 2026-09-15T00:46:26.352818772Z, deadline 2026-09-15T00:47:26.352818772Z
      race event 512: gate 2026-09-15T00:46:26.388558533Z, deadline 2026-09-15T00:47:26.388558533Z
      race event 513: gate 2026-09-15T00:46:26.440187275Z, deadline 2026-09-15T00:47:26.440187275Z
      race event 514: gate 2026-09-15T00:46:26.482115986Z, deadline 2026-09-15T00:47:26.482115986Z
      race event 515: gate 2026-09-15T00:46:26.529694155Z, deadline 2026-09-15T00:47:26.529694155Z
      race event 516: gate 2026-09-15T00:46:26.553079261Z, deadline 2026-09-15T00:47:26.553079261Z
      race event 517: gate 2026-09-15T00:46:26.580318994Z, deadline 2026-09-15T00:47:26.580318994Z
      race event 518: gate 2026-09-15T00:46:26.63365993Z, deadline 2026-09-15T00:47:26.63365993Z
      race event 519: gate 2026-09-15T00:46:26.669508018Z, deadline 2026-09-15T00:47:26.669508018Z
      race event 520: gate 2026-09-15T00:46:26.697692564Z, deadline 2026-09-15T00:47:26.697692564Z
      race event 521: gate 2026-09-15T00:46:26.754651002Z, deadline 2026-09-15T00:47:26.754651002Z
      race event 522: gate 2026-09-15T00:46:26.777257871Z, deadline 2026-09-15T00:47:26.777257871Z
      race event 523: gate 2026-09-15T00:46:26.839164456Z, deadline 2026-09-15T00:47:26.839164456Z
      race event 524: gate 2026-09-15T00:46:26.875652386Z, deadline 2026-09-15T00:47:26.875652386Z
      race event 525: gate 2026-09-15T00:46:26.93882665Z, deadline 2026-09-15T00:47:26.93882665Z
      race event 526: gate 2026-09-15T00:46:26.980463604Z, deadline 2026-09-15T00:47:26.980463604Z
      race event 527: gate 2026-09-15T00:46:27.037200199Z, deadline 2026-09-15T00:47:27.037200199Z
      race event 528: gate 2026-09-15T00:46:27.066504736Z, deadline 2026-09-15T00:47:27.066504736Z
      race event 529: gate 2026-09-15T00:46:27.130529808Z, deadline 2026-09-15T00:47:27.130529808Z
      race event 530: gate 2026-09-15T00:46:27.147837075Z, deadline 2026-09-15T00:47:27.147837075Z
      race event 531: gate 2026-09-15T00:46:27.166547736Z, deadline 2026-09-15T00:47:27.166547736Z
      race event 532: gate 2026-09-15T00:46:27.232830754Z, deadline 2026-09-15T00:47:27.232830754Z
      race event 533: gate 2026-09-15T00:46:27.252222189Z, deadline 2026-09-15T00:47:27.252222189Z
      race event 534: gate 2026-09-15T00:46:27.276122254Z, deadline 2026-09-15T00:47:27.276122254Z
      race event 535: gate 2026-09-15T00:46:27.294534969Z, deadline 2026-09-15T00:47:27.294534969Z
      race event 536: gate 2026-09-15T00:46:27.349382794Z, deadline 2026-09-15T00:47:27.349382794Z
      race event 537: gate 2026-09-15T00:46:27.366220121Z, deadline 2026-09-15T00:47:27.366220121Z
      race event 538: gate 2026-09-15T00:46:27.431659095Z, deadline 2026-09-15T00:47:27.431659095Z
      race event 539: gate 2026-09-15T00:46:27.461600271Z, deadline 2026-09-15T00:47:27.461600271Z
      race event 540: gate 2026-09-15T00:46:27.48803172Z, deadline 2026-09-15T00:47:27.48803172Z
      race event 541: gate 2026-09-15T00:46:27.535996632Z, deadline 2026-09-15T00:47:27.535996632Z
      race event 542: gate 2026-09-15T00:46:27.559122988Z, deadline 2026-09-15T00:47:27.559122988Z
      race event 543: gate 2026-09-15T00:46:27.582851397Z, deadline 2026-09-15T00:47:27.582851397Z
      race event 544: gate 2026-09-15T00:46:27.645303356Z, deadline 2026-09-15T00:47:27.645303356Z
      race event 545: gate 2026-09-15T00:46:27.686406029Z, deadline 2026-09-15T00:47:27.686406029Z
      race event 546: gate 2026-09-15T00:46:27.733644669Z, deadline 2026-09-15T00:47:27.733644669Z
      race event 547: gate 2026-09-15T00:46:27.771110844Z, deadline 2026-09-15T00:47:27.771110844Z
      race event 548: gate 2026-09-15T00:46:27.835109907Z, deadline 2026-09-15T00:47:27.835109907Z
      race event 549: gate 2026-09-15T00:46:27.864710745Z, deadline 2026-09-15T00:47:27.864710745Z
      race event 550: gate 2026-09-15T00:46:27.930639342Z, deadline 2026-09-15T00:47:27.930639342Z
      race event 551: gate 2026-09-15T00:46:27.958448976Z, deadline 2026-09-15T00:47:27.958448976Z
      race event 552: gate 2026-09-15T00:46:27.991329458Z, deadline 2026-09-15T00:47:27.991329458Z
      race event 553: gate 2026-09-15T00:46:28.050576121Z, deadline 2026-09-15T00:47:28.050576121Z
      race event 554: gate 2026-09-15T00:46:28.079309151Z, deadline 2026-09-15T00:47:28.079309151Z
      race event 555: gate 2026-09-15T00:46:28.129207808Z, deadline 2026-09-15T00:47:28.129207808Z
      race event 556: gate 2026-09-15T00:46:28.151040245Z, deadline 2026-09-15T00:47:28.151040245Z
      race event 557: gate 2026-09-15T00:46:28.185363769Z, deadline 2026-09-15T00:47:28.185363769Z
      race event 558: gate 2026-09-15T00:46:28.25058625Z, deadline 2026-09-15T00:47:28.25058625Z
      race event 559: gate 2026-09-15T00:46:28.279459557Z, deadline 2026-09-15T00:47:28.279459557Z
      race event 560: gate 2026-09-15T00:46:28.334962994Z, deadline 2026-09-15T00:47:28.334962994Z
      race event 561: gate 2026-09-15T00:46:28.355227648Z, deadline 2026-09-15T00:47:28.355227648Z
      race event 562: gate 2026-09-15T00:46:28.380089955Z, deadline 2026-09-15T00:47:28.380089955Z
      race event 563: gate 2026-09-15T00:46:28.441519808Z, deadline 2026-09-15T00:47:28.441519808Z
      race event 564: gate 2026-09-15T00:46:28.470047887Z, deadline 2026-09-15T00:47:28.470047887Z
      race event 565: gate 2026-09-15T00:46:28.537677015Z, deadline 2026-09-15T00:47:28.537677015Z
      race event 566: gate 2026-09-15T00:46:28.554471711Z, deadline 2026-09-15T00:47:28.554471711Z
      race event 567: gate 2026-09-15T00:46:28.590661372Z, deadline 2026-09-15T00:47:28.590661372Z
      race event 568: gate 2026-09-15T00:46:28.646450525Z, deadline 2026-09-15T00:47:28.646450525Z
      race event 569: gate 2026-09-15T00:46:28.682861169Z, deadline 2026-09-15T00:47:28.682861169Z
      race event 570: gate 2026-09-15T00:46:28.730575715Z, deadline 2026-09-15T00:47:28.730575715Z
      race event 571: gate 2026-09-15T00:46:28.745473891Z, deadline 2026-09-15T00:47:28.745473891Z
      race event 572: gate 2026-09-15T00:46:28.769212063Z, deadline 2026-09-15T00:47:28.769212063Z
      race event 573: gate 2026-09-15T00:46:28.833479958Z, deadline 2026-09-15T00:47:28.833479958Z
      race event 574: gate 2026-09-15T00:46:28.850048094Z, deadline 2026-09-15T00:47:28.850048094Z
      race event 575: gate 2026-09-15T00:46:28.866198821Z, deadline 2026-09-15T00:47:28.866198821Z
      race event 576: gate 2026-09-15T00:46:28.895642155Z, deadline 2026-09-15T00:47:28.895642155Z
      race event 577: gate 2026-09-15T00:46:28.950523096Z, deadline 2026-09-15T00:47:28.950523096Z
      race event 578: gate 2026-09-15T00:46:28.972485884Z, deadline 2026-09-15T00:47:28.972485884Z
      race event 579: gate 2026-09-15T00:46:29.039158822Z, deadline 2026-09-15T00:47:29.039158822Z
      race event 580: gate 2026-09-15T00:46:29.06966405Z, deadline 2026-09-15T00:47:29.06966405Z
      race event 581: gate 2026-09-15T00:46:29.145726913Z, deadline 2026-09-15T00:47:29.145726913Z
      race event 582: gate 2026-09-15T00:46:29.172420892Z, deadline 2026-09-15T00:47:29.172420892Z
      race event 583: gate 2026-09-15T00:46:29.194777258Z, deadline 2026-09-15T00:47:29.194777258Z
      race event 584: gate 2026-09-15T00:46:29.254817536Z, deadline 2026-09-15T00:47:29.254817536Z
      race event 585: gate 2026-09-15T00:46:29.291776085Z, deadline 2026-09-15T00:47:29.291776085Z
      race event 586: gate 2026-09-15T00:46:29.345402895Z, deadline 2026-09-15T00:47:29.345402895Z
      race event 587: gate 2026-09-15T00:46:29.371940648Z, deadline 2026-09-15T00:47:29.371940648Z
      race event 588: gate 2026-09-15T00:46:29.426433003Z, deadline 2026-09-15T00:47:29.426433003Z
      race event 589: gate 2026-09-15T00:46:29.458618905Z, deadline 2026-09-15T00:47:29.458618905Z
      race event 590: gate 2026-09-15T00:46:29.478319003Z, deadline 2026-09-15T00:47:29.478319003Z
      race event 591: gate 2026-09-15T00:46:29.54069809Z, deadline 2026-09-15T00:47:29.54069809Z
      race event 592: gate 2026-09-15T00:46:29.56875195Z, deadline 2026-09-15T00:47:29.56875195Z
      race event 593: gate 2026-09-15T00:46:29.63794148Z, deadline 2026-09-15T00:47:29.63794148Z
      race event 594: gate 2026-09-15T00:46:29.676374478Z, deadline 2026-09-15T00:47:29.676374478Z
      race event 595: gate 2026-09-15T00:46:29.748227554Z, deadline 2026-09-15T00:47:29.748227554Z
      race event 596: gate 2026-09-15T00:46:29.764089939Z, deadline 2026-09-15T00:47:29.764089939Z
      race event 597: gate 2026-09-15T00:46:29.779436839Z, deadline 2026-09-15T00:47:29.779436839Z
      race event 598: gate 2026-09-15T00:46:29.848499188Z, deadline 2026-09-15T00:47:29.848499188Z
      race event 599: gate 2026-09-15T00:46:29.872522201Z, deadline 2026-09-15T00:47:29.872522201Z
      race event 600: gate 2026-09-15T00:46:29.942873411Z, deadline 2026-09-15T00:47:29.942873411Z
    race     10 seats x100      367.5 seats/s  conflicts/hold=9.59 reads/hold=18.11  hold p50=2.83ms p99=48.29ms  deferred 61/61 ok  confirm retries sold/run=0/0  errors=0  ok
      audit: consistent (100 events, 1000 tickets; rejections late=0 boundary=0)
      race event 601: gate 2026-09-15T00:46:30.080633709Z, deadline 2026-09-15T00:47:30.080633709Z
      race event 602: gate 2026-09-15T00:46:30.14471717Z, deadline 2026-09-15T00:47:30.14471717Z
      race event 603: gate 2026-09-15T00:46:30.26040486Z, deadline 2026-09-15T00:47:30.26040486Z
      race event 604: gate 2026-09-15T00:46:30.370902302Z, deadline 2026-09-15T00:47:30.370902302Z
      race event 605: gate 2026-09-15T00:46:30.538285591Z, deadline 2026-09-15T00:47:30.538285591Z
      race event 606: gate 2026-09-15T00:46:30.651265592Z, deadline 2026-09-15T00:47:30.651265592Z
      race event 607: gate 2026-09-15T00:46:30.756099389Z, deadline 2026-09-15T00:47:30.756099389Z
      race event 608: gate 2026-09-15T00:46:30.861841918Z, deadline 2026-09-15T00:47:30.861841918Z
      race event 609: gate 2026-09-15T00:46:31.025205689Z, deadline 2026-09-15T00:47:31.025205689Z
      race event 610: gate 2026-09-15T00:46:31.141937468Z, deadline 2026-09-15T00:47:31.141937468Z
      race event 611: gate 2026-09-15T00:46:31.259018454Z, deadline 2026-09-15T00:47:31.259018454Z
      race event 612: gate 2026-09-15T00:46:31.356200615Z, deadline 2026-09-15T00:47:31.356200615Z
      race event 613: gate 2026-09-15T00:46:31.536023567Z, deadline 2026-09-15T00:47:31.536023567Z
      race event 614: gate 2026-09-15T00:46:31.641784077Z, deadline 2026-09-15T00:47:31.641784077Z
      race event 615: gate 2026-09-15T00:46:31.747231182Z, deadline 2026-09-15T00:47:31.747231182Z
      race event 616: gate 2026-09-15T00:46:31.850065036Z, deadline 2026-09-15T00:47:31.850065036Z
      race event 617: gate 2026-09-15T00:46:31.961579769Z, deadline 2026-09-15T00:47:31.961579769Z
      race event 618: gate 2026-09-15T00:46:32.069692467Z, deadline 2026-09-15T00:47:32.069692467Z
      race event 619: gate 2026-09-15T00:46:32.237744106Z, deadline 2026-09-15T00:47:32.237744106Z
      race event 620: gate 2026-09-15T00:46:32.352211991Z, deadline 2026-09-15T00:47:32.352211991Z
    race    100 seats x20       931.6 seats/s  conflicts/hold=3.39 reads/hold=6.14  hold p50=3.05ms p99=61.63ms  deferred 90/90 ok  confirm retries sold/run=0/0  errors=0  ok
      audit: consistent (20 events, 2000 tickets; rejections late=0 boundary=0)
      race event 621: gate 2026-09-15T00:46:32.578842214Z, deadline 2026-09-15T00:47:32.578842214Z
      race event 622: gate 2026-09-15T00:46:33.338777531Z, deadline 2026-09-15T00:47:33.338777531Z
      race event 623: gate 2026-09-15T00:46:34.226413995Z, deadline 2026-09-15T00:47:34.226413995Z
      race event 624: gate 2026-09-15T00:46:35.042447405Z, deadline 2026-09-15T00:47:35.042447405Z
      race event 625: gate 2026-09-15T00:46:35.758924017Z, deadline 2026-09-15T00:47:35.758924017Z
    race   1000 seats x5       1329.0 seats/s  conflicts/hold=1.45 reads/hold=3.89  hold p50=3.90ms p99=76.35ms  deferred 207/207 ok  confirm retries sold/run=0/0  errors=0  ok
      audit: consistent (5 events, 5000 tickets; rejections late=0 boundary=0)
      race event 626: gate 2026-09-15T00:46:36.673048097Z, deadline 2026-09-15T00:47:36.673048097Z
      race event 627: gate 2026-09-15T00:46:55.977088588Z, deadline 2026-09-15T00:47:55.977088588Z
    race  10000 seats x2        561.5 seats/s  conflicts/hold=0.42 reads/hold=4.09  hold p50=8.44ms p99=99.25ms  deferred 837/837 ok  confirm retries sold/run=0/0  errors=0  ok
      audit: consistent (2 events, 20000 tickets; rejections late=0 boundary=0)
      race event 628: gate 2026-09-15T00:47:16.483938169Z, deadline 2026-09-15T00:48:16.483938169Z
    race 100000 seats x1        307.7 seats/s  conflicts/hold=0.14 reads/hold=1.28  hold p50=87.59ms p99=182.89ms  deferred 702/702 ok  confirm retries sold/run=0/0  errors=0  ok, 1 timed out (18% sold)
      audit: consistent (1 events, 18474 tickets; rejections late=0 boundary=0)
  lifecycle trial 1/1 (32 buyers per event, one human minute = 50ms, fresh load):
    lifecycle    10 seats x6       2.0 confirmed seats/s  holds=76 abandoned=16+6 expired@check=8 rejected late/boundary/early(transient)=0/0/0(0)  confirm retries sold/run=0/0  outage unavailable=0/0  leaked=0 errors=0  ok
      audit: consistent (6 events, 60 tickets; rejections late=0 boundary=0)
    lifecycle   100 seats x6      15.5 confirmed seats/s  holds=469 abandoned=67+61 expired@check=17 rejected late/boundary/early(transient)=4/0/0(0)  confirm retries sold/run=0/0  outage unavailable=0/0  leaked=0 errors=0  ok
      audit: consistent (6 events, 600 tickets; rejections late=4 boundary=0)
    lifecycle  1000 seats x6      69.7 confirmed seats/s  holds=3476 abandoned=537+338 expired@check=129 rejected late/boundary/early(transient)=41/0/0(0)  confirm retries sold/run=0/0  outage unavailable=0/9  leaked=0 errors=0  ok
      audit: consistent (6 events, 5736 tickets; rejections late=41 boundary=0)
  wrote /results/s2_lock_then_update.json
