  engine: PostgreSQL 17.11 (Debian 17.11-1.pgdg13+2) on x86_64-pc-linux-gnu, compiled by gcc (Debian 14.2.0-19) 14.2.0, 64-bit
  database clock minus client clock: 0.001 ms
  dataset: 5 venues, 658 events, 56103 tickets and 2217 holds at load
  loading s3_lock_nowait ...
  loaded in 1.4s (copy 1.1s, index 0.1s)
  verifying answers against ground truth ...
    58/58 checks passed (margin 600s); audit on load: consistent (658 events, 56103 tickets; rejections late=0 boundary=0)
  capturing plans ...
  read benchmark:
    q01_section_map@10                    19917.7 ops/s  p50=  0.166ms p99=   0.848ms  errors=0
    q02_event_sections@10                 20873.5 ops/s  p50=  0.163ms p99=   0.744ms  errors=0
    q03_event_available@10                21420.3 ops/s  p50=  0.159ms p99=   0.627ms  errors=0
    q01_section_map@100                   30395.6 ops/s  p50=  0.132ms p99=   0.485ms  errors=0
    q02_event_sections@100                18203.1 ops/s  p50=  0.179ms p99=   0.861ms  errors=0
    q03_event_available@100               18668.5 ops/s  p50=  0.176ms p99=   0.769ms  errors=0
    q01_section_map@1000                  21572.2 ops/s  p50=  0.168ms p99=   0.693ms  errors=0
    q02_event_sections@1000                8981.0 ops/s  p50=  0.296ms p99=   1.670ms  errors=0
    q03_event_available@1000               9615.5 ops/s  p50=  0.276ms p99=   1.479ms  errors=0
    q01_section_map@10000                 16013.5 ops/s  p50=  0.198ms p99=   0.798ms  errors=0
    q02_event_sections@10000               1274.7 ops/s  p50=  1.341ms p99=  79.260ms  errors=0
    q03_event_available@10000              1403.5 ops/s  p50=  1.213ms p99=  78.877ms  errors=0
    q01_section_map@100000                 9754.3 ops/s  p50=  0.289ms p99=   1.431ms  errors=0
    q02_event_sections@100000               150.4 ops/s  p50= 83.034ms p99= 102.042ms  errors=0
    q03_event_available@100000              157.2 ops/s  p50= 80.901ms p99=  98.496ms  errors=0
    q04_hold_seats                         8883.0 ops/s  p50=  0.290ms p99=   1.591ms  errors=0
    q05_customer_tickets                  38157.2 ops/s  p50=  0.116ms p99=   0.471ms  errors=0
    q06_ticket_by_id                      36503.6 ops/s  p50=  0.134ms p99=   0.643ms  errors=0
  write benchmark (fresh load per op):
    hold                                    133.0 ops/s  p50= 77.610ms p99= 193.056ms  rejected=4 retries=3 errors=0
      audit after hold: consistent (658 events, 82003 tickets; rejections late=0 boundary=0)
    release                                3393.0 ops/s  p50=  1.704ms p99=  21.923ms  rejected=0 retries=0 errors=0
      audit after release: consistent (658 events, 56103 tickets; rejections late=0 boundary=0)
    cancel                                 3779.2 ops/s  p50=  2.025ms p99=   6.798ms  rejected=0 retries=0 errors=0
      audit after cancel: consistent (658 events, 28053 tickets; rejections late=0 boundary=0)
    publish@10                             1673.0 ops/s  p50=  2.301ms p99=   4.424ms  rejected=0 retries=0 errors=0
    publish@100                            1546.4 ops/s  p50=  2.482ms p99=   3.588ms  rejected=0 retries=0 errors=0
    publish@1000                            267.2 ops/s  p50= 11.396ms p99=  29.753ms  rejected=0 retries=0 errors=0
    publish@10000                            32.1 ops/s  p50= 58.581ms p99=  58.581ms  rejected=0 retries=0 errors=0
    publish@100000                            3.1 ops/s  p50=594.940ms p99= 594.940ms  rejected=0 retries=0 errors=0
      audit after publish: consistent (2887 events, 56103 tickets; rejections late=0 boundary=0)
  race trial 1/1 (32 buyers per event, fresh load):
      race event 501: gate 2026-09-15T00:28:23.849325311Z, deadline 2026-09-15T00:29:23.849325311Z
      race event 502: gate 2026-09-15T00:28:23.952167426Z, deadline 2026-09-15T00:29:23.952167426Z
      race event 503: gate 2026-09-15T00:28:24.080283991Z, deadline 2026-09-15T00:29:24.080283991Z
      race event 504: gate 2026-09-15T00:28:24.156190275Z, deadline 2026-09-15T00:29:24.156190275Z
      race event 505: gate 2026-09-15T00:28:24.182231213Z, deadline 2026-09-15T00:29:24.182231213Z
      race event 506: gate 2026-09-15T00:28:24.223272796Z, deadline 2026-09-15T00:29:24.223272796Z
      race event 507: gate 2026-09-15T00:28:24.299756752Z, deadline 2026-09-15T00:29:24.299756752Z
      race event 508: gate 2026-09-15T00:28:24.354268528Z, deadline 2026-09-15T00:29:24.354268528Z
      race event 509: gate 2026-09-15T00:28:24.371654578Z, deadline 2026-09-15T00:29:24.371654578Z
      race event 510: gate 2026-09-15T00:28:24.393832411Z, deadline 2026-09-15T00:29:24.393832411Z
      race event 511: gate 2026-09-15T00:28:24.448347843Z, deadline 2026-09-15T00:29:24.448347843Z
      race event 512: gate 2026-09-15T00:28:24.46910921Z, deadline 2026-09-15T00:29:24.46910921Z
      race event 513: gate 2026-09-15T00:28:24.554813124Z, deadline 2026-09-15T00:29:24.554813124Z
      race event 514: gate 2026-09-15T00:28:24.640434823Z, deadline 2026-09-15T00:29:24.640434823Z
      race event 515: gate 2026-09-15T00:28:24.667560662Z, deadline 2026-09-15T00:29:24.667560662Z
      race event 516: gate 2026-09-15T00:28:24.742093606Z, deadline 2026-09-15T00:29:24.742093606Z
      race event 517: gate 2026-09-15T00:28:24.771952574Z, deadline 2026-09-15T00:29:24.771952574Z
      race event 518: gate 2026-09-15T00:28:24.836167187Z, deadline 2026-09-15T00:29:24.836167187Z
      race event 519: gate 2026-09-15T00:28:24.860906132Z, deadline 2026-09-15T00:29:24.860906132Z
      race event 520: gate 2026-09-15T00:28:24.932382248Z, deadline 2026-09-15T00:29:24.932382248Z
      race event 521: gate 2026-09-15T00:28:24.95927779Z, deadline 2026-09-15T00:29:24.95927779Z
      race event 522: gate 2026-09-15T00:28:24.979294725Z, deadline 2026-09-15T00:29:24.979294725Z
      race event 523: gate 2026-09-15T00:28:25.050570202Z, deadline 2026-09-15T00:29:25.050570202Z
      race event 524: gate 2026-09-15T00:28:25.076666691Z, deadline 2026-09-15T00:29:25.076666691Z
      race event 525: gate 2026-09-15T00:28:25.144554538Z, deadline 2026-09-15T00:29:25.144554538Z
      race event 526: gate 2026-09-15T00:28:25.235431406Z, deadline 2026-09-15T00:29:25.235431406Z
      race event 527: gate 2026-09-15T00:28:25.266262768Z, deadline 2026-09-15T00:29:25.266262768Z
      race event 528: gate 2026-09-15T00:28:25.344192614Z, deadline 2026-09-15T00:29:25.344192614Z
      race event 529: gate 2026-09-15T00:28:25.360827024Z, deadline 2026-09-15T00:29:25.360827024Z
      race event 530: gate 2026-09-15T00:28:25.442333958Z, deadline 2026-09-15T00:29:25.442333958Z
      race event 531: gate 2026-09-15T00:28:25.461081116Z, deadline 2026-09-15T00:29:25.461081116Z
      race event 532: gate 2026-09-15T00:28:25.533172116Z, deadline 2026-09-15T00:29:25.533172116Z
      race event 533: gate 2026-09-15T00:28:25.55950595Z, deadline 2026-09-15T00:29:25.55950595Z
      race event 534: gate 2026-09-15T00:28:25.636196492Z, deadline 2026-09-15T00:29:25.636196492Z
      race event 535: gate 2026-09-15T00:28:25.659266668Z, deadline 2026-09-15T00:29:25.659266668Z
      race event 536: gate 2026-09-15T00:28:25.734878459Z, deadline 2026-09-15T00:29:25.734878459Z
      race event 537: gate 2026-09-15T00:28:25.754979575Z, deadline 2026-09-15T00:29:25.754979575Z
      race event 538: gate 2026-09-15T00:28:25.778073812Z, deadline 2026-09-15T00:29:25.778073812Z
      race event 539: gate 2026-09-15T00:28:25.84344535Z, deadline 2026-09-15T00:29:25.84344535Z
      race event 540: gate 2026-09-15T00:28:25.865906742Z, deadline 2026-09-15T00:29:25.865906742Z
      race event 541: gate 2026-09-15T00:28:25.947611982Z, deadline 2026-09-15T00:29:25.947611982Z
      race event 542: gate 2026-09-15T00:28:25.974620691Z, deadline 2026-09-15T00:29:25.974620691Z
      race event 543: gate 2026-09-15T00:28:26.042776165Z, deadline 2026-09-15T00:29:26.042776165Z
      race event 544: gate 2026-09-15T00:28:26.063136197Z, deadline 2026-09-15T00:29:26.063136197Z
      race event 545: gate 2026-09-15T00:28:26.14213534Z, deadline 2026-09-15T00:29:26.14213534Z
      race event 546: gate 2026-09-15T00:28:26.157182469Z, deadline 2026-09-15T00:29:26.157182469Z
      race event 547: gate 2026-09-15T00:28:26.237999641Z, deadline 2026-09-15T00:29:26.237999641Z
      race event 548: gate 2026-09-15T00:28:26.259732976Z, deadline 2026-09-15T00:29:26.259732976Z
      race event 549: gate 2026-09-15T00:28:26.335157375Z, deadline 2026-09-15T00:29:26.335157375Z
      race event 550: gate 2026-09-15T00:28:26.357706645Z, deadline 2026-09-15T00:29:26.357706645Z
      race event 551: gate 2026-09-15T00:28:26.373236017Z, deadline 2026-09-15T00:29:26.373236017Z
      race event 552: gate 2026-09-15T00:28:26.441566794Z, deadline 2026-09-15T00:29:26.441566794Z
      race event 553: gate 2026-09-15T00:28:26.463271749Z, deadline 2026-09-15T00:29:26.463271749Z
      race event 554: gate 2026-09-15T00:28:26.474691694Z, deadline 2026-09-15T00:29:26.474691694Z
      race event 555: gate 2026-09-15T00:28:26.546728067Z, deadline 2026-09-15T00:29:26.546728067Z
      race event 556: gate 2026-09-15T00:28:26.560753234Z, deadline 2026-09-15T00:29:26.560753234Z
      race event 557: gate 2026-09-15T00:28:26.63430767Z, deadline 2026-09-15T00:29:26.63430767Z
      race event 558: gate 2026-09-15T00:28:26.652398048Z, deadline 2026-09-15T00:29:26.652398048Z
      race event 559: gate 2026-09-15T00:28:26.672591881Z, deadline 2026-09-15T00:29:26.672591881Z
      race event 560: gate 2026-09-15T00:28:26.743365338Z, deadline 2026-09-15T00:29:26.743365338Z
      race event 561: gate 2026-09-15T00:28:26.757741192Z, deadline 2026-09-15T00:29:26.757741192Z
      race event 562: gate 2026-09-15T00:28:26.832400568Z, deadline 2026-09-15T00:29:26.832400568Z
      race event 563: gate 2026-09-15T00:28:26.849431429Z, deadline 2026-09-15T00:29:26.849431429Z
      race event 564: gate 2026-09-15T00:28:26.871164536Z, deadline 2026-09-15T00:29:26.871164536Z
      race event 565: gate 2026-09-15T00:28:26.940420386Z, deadline 2026-09-15T00:29:26.940420386Z
      race event 566: gate 2026-09-15T00:28:26.954027134Z, deadline 2026-09-15T00:29:26.954027134Z
      race event 567: gate 2026-09-15T00:28:26.970110008Z, deadline 2026-09-15T00:29:26.970110008Z
      race event 568: gate 2026-09-15T00:28:27.049226562Z, deadline 2026-09-15T00:29:27.049226562Z
      race event 569: gate 2026-09-15T00:28:27.068580103Z, deadline 2026-09-15T00:29:27.068580103Z
      race event 570: gate 2026-09-15T00:28:27.144476689Z, deadline 2026-09-15T00:29:27.144476689Z
      race event 571: gate 2026-09-15T00:28:27.163283045Z, deadline 2026-09-15T00:29:27.163283045Z
      race event 572: gate 2026-09-15T00:28:27.23349567Z, deadline 2026-09-15T00:29:27.23349567Z
      race event 573: gate 2026-09-15T00:28:27.247453312Z, deadline 2026-09-15T00:29:27.247453312Z
      race event 574: gate 2026-09-15T00:28:27.266181643Z, deadline 2026-09-15T00:29:27.266181643Z
      race event 575: gate 2026-09-15T00:28:27.344379755Z, deadline 2026-09-15T00:29:27.344379755Z
      race event 576: gate 2026-09-15T00:28:27.361266775Z, deadline 2026-09-15T00:29:27.361266775Z
      race event 577: gate 2026-09-15T00:28:27.377637301Z, deadline 2026-09-15T00:29:27.377637301Z
      race event 578: gate 2026-09-15T00:28:27.444902038Z, deadline 2026-09-15T00:29:27.444902038Z
      race event 579: gate 2026-09-15T00:28:27.458305555Z, deadline 2026-09-15T00:29:27.458305555Z
      race event 580: gate 2026-09-15T00:28:27.532776862Z, deadline 2026-09-15T00:29:27.532776862Z
      race event 581: gate 2026-09-15T00:28:27.551684035Z, deadline 2026-09-15T00:29:27.551684035Z
      race event 582: gate 2026-09-15T00:28:27.57692095Z, deadline 2026-09-15T00:29:27.57692095Z
      race event 583: gate 2026-09-15T00:28:27.645613678Z, deadline 2026-09-15T00:29:27.645613678Z
      race event 584: gate 2026-09-15T00:28:27.665906291Z, deadline 2026-09-15T00:29:27.665906291Z
      race event 585: gate 2026-09-15T00:28:27.732585628Z, deadline 2026-09-15T00:29:27.732585628Z
      race event 586: gate 2026-09-15T00:28:27.752316862Z, deadline 2026-09-15T00:29:27.752316862Z
      race event 587: gate 2026-09-15T00:28:27.77082Z, deadline 2026-09-15T00:29:27.77082Z
      race event 588: gate 2026-09-15T00:28:27.841712156Z, deadline 2026-09-15T00:29:27.841712156Z
      race event 589: gate 2026-09-15T00:28:27.862548522Z, deadline 2026-09-15T00:29:27.862548522Z
      race event 590: gate 2026-09-15T00:28:27.943249116Z, deadline 2026-09-15T00:29:27.943249116Z
      race event 591: gate 2026-09-15T00:28:27.959305969Z, deadline 2026-09-15T00:29:27.959305969Z
      race event 592: gate 2026-09-15T00:28:27.976859325Z, deadline 2026-09-15T00:29:27.976859325Z
      race event 593: gate 2026-09-15T00:28:28.045015601Z, deadline 2026-09-15T00:29:28.045015601Z
      race event 594: gate 2026-09-15T00:28:28.061074282Z, deadline 2026-09-15T00:29:28.061074282Z
      race event 595: gate 2026-09-15T00:28:28.132342137Z, deadline 2026-09-15T00:29:28.132342137Z
      race event 596: gate 2026-09-15T00:28:28.151658755Z, deadline 2026-09-15T00:29:28.151658755Z
      race event 597: gate 2026-09-15T00:28:28.167530879Z, deadline 2026-09-15T00:29:28.167530879Z
      race event 598: gate 2026-09-15T00:28:28.242246002Z, deadline 2026-09-15T00:29:28.242246002Z
      race event 599: gate 2026-09-15T00:28:28.258580001Z, deadline 2026-09-15T00:29:28.258580001Z
      race event 600: gate 2026-09-15T00:28:28.334631792Z, deadline 2026-09-15T00:29:28.334631792Z
    race     10 seats x100      291.6 seats/s  conflicts/hold=19.25 reads/hold=27.56  hold p50=5.64ms p99=67.64ms  deferred 65/65 ok  confirm retries sold/run=0/0  errors=0  ok
      audit: consistent (100 events, 1000 tickets; rejections late=0 boundary=0)
      race event 601: gate 2026-09-15T00:28:28.463466298Z, deadline 2026-09-15T00:29:28.463466298Z
      race event 602: gate 2026-09-15T00:28:28.560329839Z, deadline 2026-09-15T00:29:28.560329839Z
      race event 603: gate 2026-09-15T00:28:28.740819286Z, deadline 2026-09-15T00:29:28.740819286Z
      race event 604: gate 2026-09-15T00:28:28.86409664Z, deadline 2026-09-15T00:29:28.86409664Z
      race event 605: gate 2026-09-15T00:28:29.044243636Z, deadline 2026-09-15T00:29:29.044243636Z
      race event 606: gate 2026-09-15T00:28:29.231968071Z, deadline 2026-09-15T00:29:29.231968071Z
      race event 607: gate 2026-09-15T00:28:29.35841209Z, deadline 2026-09-15T00:29:29.35841209Z
      race event 608: gate 2026-09-15T00:28:29.549532501Z, deadline 2026-09-15T00:29:29.549532501Z
      race event 609: gate 2026-09-15T00:28:29.747892277Z, deadline 2026-09-15T00:29:29.747892277Z
      race event 610: gate 2026-09-15T00:28:29.932395306Z, deadline 2026-09-15T00:29:29.932395306Z
      race event 611: gate 2026-09-15T00:28:30.058558554Z, deadline 2026-09-15T00:29:30.058558554Z
      race event 612: gate 2026-09-15T00:28:30.244329415Z, deadline 2026-09-15T00:29:30.244329415Z
      race event 613: gate 2026-09-15T00:28:30.370241604Z, deadline 2026-09-15T00:29:30.370241604Z
      race event 614: gate 2026-09-15T00:28:30.553060563Z, deadline 2026-09-15T00:29:30.553060563Z
      race event 615: gate 2026-09-15T00:28:30.747932383Z, deadline 2026-09-15T00:29:30.747932383Z
      race event 616: gate 2026-09-15T00:28:30.866925058Z, deadline 2026-09-15T00:29:30.866925058Z
      race event 617: gate 2026-09-15T00:28:31.043100351Z, deadline 2026-09-15T00:29:31.043100351Z
      race event 618: gate 2026-09-15T00:28:31.160780295Z, deadline 2026-09-15T00:29:31.160780295Z
      race event 619: gate 2026-09-15T00:28:31.343094085Z, deadline 2026-09-15T00:29:31.343094085Z
      race event 620: gate 2026-09-15T00:28:31.461451042Z, deadline 2026-09-15T00:29:31.461451042Z
    race    100 seats x20       685.7 seats/s  conflicts/hold=8.34 reads/hold=11.11  hold p50=5.75ms p99=72.46ms  deferred 97/97 ok  confirm retries sold/run=0/0  errors=0  ok
      audit: consistent (20 events, 2000 tickets; rejections late=0 boundary=0)
      race event 621: gate 2026-09-15T00:28:31.734572726Z, deadline 2026-09-15T00:29:31.734572726Z
      race event 622: gate 2026-09-15T00:28:32.643764918Z, deadline 2026-09-15T00:29:32.643764918Z
      race event 623: gate 2026-09-15T00:28:33.660712456Z, deadline 2026-09-15T00:29:33.660712456Z
      race event 624: gate 2026-09-15T00:28:34.752307532Z, deadline 2026-09-15T00:29:34.752307532Z
      race event 625: gate 2026-09-15T00:28:35.752951512Z, deadline 2026-09-15T00:29:35.752951512Z
    race   1000 seats x5       1025.8 seats/s  conflicts/hold=3.04 reads/hold=5.55  hold p50=5.86ms p99=82.94ms  deferred 194/194 ok  confirm retries sold/run=0/0  errors=0  ok
      audit: consistent (5 events, 5000 tickets; rejections late=0 boundary=0)
      race event 626: gate 2026-09-15T00:28:36.831307675Z, deadline 2026-09-15T00:29:36.831307675Z
      race event 627: gate 2026-09-15T00:28:56.045033216Z, deadline 2026-09-15T00:29:56.045033216Z
    race  10000 seats x2        623.5 seats/s  conflicts/hold=0.66 reads/hold=3.92  hold p50=7.31ms p99=94.42ms  deferred 828/828 ok  confirm retries sold/run=0/0  errors=0  ok
      audit: consistent (2 events, 20000 tickets; rejections late=0 boundary=0)
      race event 628: gate 2026-09-15T00:29:12.999567148Z, deadline 2026-09-15T00:30:12.999567148Z
    race 100000 seats x1        305.5 seats/s  conflicts/hold=0.17 reads/hold=1.30  hold p50=84.96ms p99=182.70ms  deferred 722/722 ok  confirm retries sold/run=0/0  errors=0  ok, 1 timed out (18% sold)
      audit: consistent (1 events, 18363 tickets; rejections late=0 boundary=0)
  lifecycle trial 1/1 (32 buyers per event, one human minute = 50ms, fresh load):
    lifecycle    10 seats x6       2.8 confirmed seats/s  holds=60 abandoned=8+5 expired@check=2 rejected late/boundary/early(transient)=1/0/0(0)  confirm retries sold/run=0/0  outage unavailable=0/0  leaked=0 errors=0  ok
      audit: consistent (6 events, 60 tickets; rejections late=1 boundary=0)
    lifecycle   100 seats x6      18.6 confirmed seats/s  holds=418 abandoned=61+38 expired@check=7 rejected late/boundary/early(transient)=3/0/0(0)  confirm retries sold/run=0/0  outage unavailable=0/0  leaked=0 errors=0  ok
      audit: consistent (6 events, 600 tickets; rejections late=3 boundary=0)
    lifecycle  1000 seats x6      70.6 confirmed seats/s  holds=3543 abandoned=542+370 expired@check=126 rejected late/boundary/early(transient)=47/0/0(0)  confirm retries sold/run=0/0  outage unavailable=0/73  leaked=0 errors=0  ok
      audit: consistent (6 events, 5807 tickets; rejections late=47 boundary=0)
  wrote /results/s3_lock_nowait.json
