  engine: PostgreSQL 17.11 (Debian 17.11-1.pgdg13+2) on x86_64-pc-linux-gnu, compiled by gcc (Debian 14.2.0-19) 14.2.0, 64-bit
  database clock minus client clock: 0.000 ms
  dataset: 5 venues, 658 events, 56103 tickets and 2217 holds at load
  loading s4_check_then_hold_serializable ...
  loaded in 1.3s (copy 1.0s, index 0.2s)
  verifying answers against ground truth ...
    58/58 checks passed (margin 600s); audit on load: consistent (658 events, 56103 tickets; rejections late=0 boundary=0)
  capturing plans ...
  read benchmark:
    q01_section_map@10                    20439.1 ops/s  p50=  0.169ms p99=   0.683ms  errors=0
    q02_event_sections@10                 20369.1 ops/s  p50=  0.167ms p99=   0.698ms  errors=0
    q03_event_available@10                21070.3 ops/s  p50=  0.164ms p99=   0.652ms  errors=0
    q01_section_map@100                   29923.2 ops/s  p50=  0.135ms p99=   0.515ms  errors=0
    q02_event_sections@100                18423.9 ops/s  p50=  0.179ms p99=   0.716ms  errors=0
    q03_event_available@100               18361.9 ops/s  p50=  0.181ms p99=   0.769ms  errors=0
    q01_section_map@1000                  21584.4 ops/s  p50=  0.165ms p99=   0.611ms  errors=0
    q02_event_sections@1000                8589.9 ops/s  p50=  0.307ms p99=   4.957ms  errors=0
    q03_event_available@1000               9519.0 ops/s  p50=  0.282ms p99=   1.511ms  errors=0
    q01_section_map@10000                 15697.6 ops/s  p50=  0.205ms p99=   0.853ms  errors=0
    q02_event_sections@10000               1285.3 ops/s  p50=  1.363ms p99=  78.521ms  errors=0
    q03_event_available@10000              1437.6 ops/s  p50=  1.246ms p99=  77.864ms  errors=0
    q01_section_map@100000                 9633.5 ops/s  p50=  0.300ms p99=   1.582ms  errors=0
    q02_event_sections@100000               126.2 ops/s  p50= 89.085ms p99= 104.112ms  errors=0
    q03_event_available@100000              150.4 ops/s  p50= 82.589ms p99= 100.254ms  errors=0
    q04_hold_seats                         8991.0 ops/s  p50=  0.295ms p99=   1.790ms  errors=0
    q05_customer_tickets                  33178.5 ops/s  p50=  0.134ms p99=   0.614ms  errors=0
    q06_ticket_by_id                      37881.7 ops/s  p50=  0.129ms p99=   0.489ms  errors=0
  write benchmark (fresh load per op):
    hold                                    138.7 ops/s  p50= 76.209ms p99= 193.547ms  rejected=6 retries=6 errors=0
      audit after hold: consistent (658 events, 82065 tickets; rejections late=0 boundary=0)
    release                                4193.4 ops/s  p50=  1.699ms p99=   9.197ms  rejected=0 retries=0 errors=0
      audit after release: consistent (658 events, 56103 tickets; rejections late=0 boundary=0)
    cancel                                 3590.1 ops/s  p50=  2.120ms p99=   7.741ms  rejected=0 retries=0 errors=0
      audit after cancel: consistent (658 events, 28053 tickets; rejections late=0 boundary=0)
    publish@10                             2335.2 ops/s  p50=  1.692ms p99=   2.592ms  rejected=0 retries=0 errors=0
    publish@100                            1708.2 ops/s  p50=  2.266ms p99=   3.270ms  rejected=0 retries=0 errors=0
    publish@1000                            316.6 ops/s  p50=  9.604ms p99=  21.817ms  rejected=0 retries=0 errors=0
    publish@10000                            34.0 ops/s  p50= 55.023ms p99=  55.023ms  rejected=0 retries=0 errors=0
    publish@100000                            3.5 ops/s  p50=554.111ms p99= 554.111ms  rejected=0 retries=0 errors=0
      audit after publish: consistent (2887 events, 56103 tickets; rejections late=0 boundary=0)
  race trial 1/1 (32 buyers per event, fresh load):
      race event 501: gate 2026-09-15T01:20:33.549819002Z, deadline 2026-09-15T01:21:33.549819002Z
      race event 502: gate 2026-09-15T01:20:33.680073768Z, deadline 2026-09-15T01:21:33.680073768Z
      race event 503: gate 2026-09-15T01:20:33.784866286Z, deadline 2026-09-15T01:21:33.784866286Z
      race event 504: gate 2026-09-15T01:20:33.869407687Z, deadline 2026-09-15T01:21:33.869407687Z
      race event 505: gate 2026-09-15T01:20:33.937752278Z, deadline 2026-09-15T01:21:33.937752278Z
      race event 506: gate 2026-09-15T01:20:33.975091246Z, deadline 2026-09-15T01:21:33.975091246Z
      race event 507: gate 2026-09-15T01:20:34.001771193Z, deadline 2026-09-15T01:21:34.001771193Z
      race event 508: gate 2026-09-15T01:20:34.065506689Z, deadline 2026-09-15T01:21:34.065506689Z
      race event 509: gate 2026-09-15T01:20:34.190362669Z, deadline 2026-09-15T01:21:34.190362669Z
      race event 510: gate 2026-09-15T01:20:34.232663449Z, deadline 2026-09-15T01:21:34.232663449Z
      race event 511: gate 2026-09-15T01:20:34.266714848Z, deadline 2026-09-15T01:21:34.266714848Z
      race event 512: gate 2026-09-15T01:20:34.368829677Z, deadline 2026-09-15T01:21:34.368829677Z
      race event 513: gate 2026-09-15T01:20:34.399432663Z, deadline 2026-09-15T01:21:34.399432663Z
      race event 514: gate 2026-09-15T01:20:34.471439772Z, deadline 2026-09-15T01:21:34.471439772Z
      race event 515: gate 2026-09-15T01:20:34.496870649Z, deadline 2026-09-15T01:21:34.496870649Z
      race event 516: gate 2026-09-15T01:20:34.565123847Z, deadline 2026-09-15T01:21:34.565123847Z
      race event 517: gate 2026-09-15T01:20:34.593434641Z, deadline 2026-09-15T01:21:34.593434641Z
      race event 518: gate 2026-09-15T01:20:34.678832871Z, deadline 2026-09-15T01:21:34.678832871Z
      race event 519: gate 2026-09-15T01:20:34.749114894Z, deadline 2026-09-15T01:21:34.749114894Z
      race event 520: gate 2026-09-15T01:20:34.789127679Z, deadline 2026-09-15T01:21:34.789127679Z
      race event 521: gate 2026-09-15T01:20:34.86931597Z, deadline 2026-09-15T01:21:34.86931597Z
      race event 522: gate 2026-09-15T01:20:34.95215644Z, deadline 2026-09-15T01:21:34.95215644Z
      race event 523: gate 2026-09-15T01:20:34.977606566Z, deadline 2026-09-15T01:21:34.977606566Z
      race event 524: gate 2026-09-15T01:20:35.066398487Z, deadline 2026-09-15T01:21:35.066398487Z
      race event 525: gate 2026-09-15T01:20:35.160395562Z, deadline 2026-09-15T01:21:35.160395562Z
      race event 526: gate 2026-09-15T01:20:35.201135935Z, deadline 2026-09-15T01:21:35.201135935Z
      race event 527: gate 2026-09-15T01:20:35.262127162Z, deadline 2026-09-15T01:21:35.262127162Z
      race event 528: gate 2026-09-15T01:20:35.2932445Z, deadline 2026-09-15T01:21:35.2932445Z
      race event 529: gate 2026-09-15T01:20:35.372897079Z, deadline 2026-09-15T01:21:35.372897079Z
      race event 530: gate 2026-09-15T01:20:35.459259335Z, deadline 2026-09-15T01:21:35.459259335Z
      race event 531: gate 2026-09-15T01:20:35.489650503Z, deadline 2026-09-15T01:21:35.489650503Z
      race event 532: gate 2026-09-15T01:20:35.561731499Z, deadline 2026-09-15T01:21:35.561731499Z
      race event 533: gate 2026-09-15T01:20:35.641606945Z, deadline 2026-09-15T01:21:35.641606945Z
      race event 534: gate 2026-09-15T01:20:35.661800957Z, deadline 2026-09-15T01:21:35.661800957Z
      race event 535: gate 2026-09-15T01:20:35.687549826Z, deadline 2026-09-15T01:21:35.687549826Z
      race event 536: gate 2026-09-15T01:20:35.772006011Z, deadline 2026-09-15T01:21:35.772006011Z
      race event 537: gate 2026-09-15T01:20:35.842692068Z, deadline 2026-09-15T01:21:35.842692068Z
      race event 538: gate 2026-09-15T01:20:35.872016984Z, deadline 2026-09-15T01:21:35.872016984Z
      race event 539: gate 2026-09-15T01:20:35.89612354Z, deadline 2026-09-15T01:21:35.89612354Z
      race event 540: gate 2026-09-15T01:20:35.95964062Z, deadline 2026-09-15T01:21:35.95964062Z
      race event 541: gate 2026-09-15T01:20:35.987033139Z, deadline 2026-09-15T01:21:35.987033139Z
      race event 542: gate 2026-09-15T01:20:36.063025618Z, deadline 2026-09-15T01:21:36.063025618Z
      race event 543: gate 2026-09-15T01:20:36.160286338Z, deadline 2026-09-15T01:21:36.160286338Z
      race event 544: gate 2026-09-15T01:20:36.189486347Z, deadline 2026-09-15T01:21:36.189486347Z
      race event 545: gate 2026-09-15T01:20:36.251888352Z, deadline 2026-09-15T01:21:36.251888352Z
      race event 546: gate 2026-09-15T01:20:36.278352178Z, deadline 2026-09-15T01:21:36.278352178Z
      race event 547: gate 2026-09-15T01:20:36.352915185Z, deadline 2026-09-15T01:21:36.352915185Z
      race event 548: gate 2026-09-15T01:20:36.375747977Z, deadline 2026-09-15T01:21:36.375747977Z
      race event 549: gate 2026-09-15T01:20:36.452030684Z, deadline 2026-09-15T01:21:36.452030684Z
      race event 550: gate 2026-09-15T01:20:36.477855179Z, deadline 2026-09-15T01:21:36.477855179Z
      race event 551: gate 2026-09-15T01:20:36.557081447Z, deadline 2026-09-15T01:21:36.557081447Z
      race event 552: gate 2026-09-15T01:20:36.585826871Z, deadline 2026-09-15T01:21:36.585826871Z
      race event 553: gate 2026-09-15T01:20:36.666853467Z, deadline 2026-09-15T01:21:36.666853467Z
      race event 554: gate 2026-09-15T01:20:36.681728129Z, deadline 2026-09-15T01:21:36.681728129Z
      race event 555: gate 2026-09-15T01:20:36.760756181Z, deadline 2026-09-15T01:21:36.760756181Z
      race event 556: gate 2026-09-15T01:20:36.786137343Z, deadline 2026-09-15T01:21:36.786137343Z
      race event 557: gate 2026-09-15T01:20:36.853912951Z, deadline 2026-09-15T01:21:36.853912951Z
      race event 558: gate 2026-09-15T01:20:36.959359626Z, deadline 2026-09-15T01:21:36.959359626Z
      race event 559: gate 2026-09-15T01:20:36.989325141Z, deadline 2026-09-15T01:21:36.989325141Z
      race event 560: gate 2026-09-15T01:20:37.111849274Z, deadline 2026-09-15T01:21:37.111849274Z
      race event 561: gate 2026-09-15T01:20:37.147494828Z, deadline 2026-09-15T01:21:37.147494828Z
      race event 562: gate 2026-09-15T01:20:37.190581064Z, deadline 2026-09-15T01:21:37.190581064Z
      race event 563: gate 2026-09-15T01:20:37.255431104Z, deadline 2026-09-15T01:21:37.255431104Z
      race event 564: gate 2026-09-15T01:20:37.29443888Z, deadline 2026-09-15T01:21:37.29443888Z
      race event 565: gate 2026-09-15T01:20:37.361239938Z, deadline 2026-09-15T01:21:37.361239938Z
      race event 566: gate 2026-09-15T01:20:37.386436879Z, deadline 2026-09-15T01:21:37.386436879Z
      race event 567: gate 2026-09-15T01:20:37.462031025Z, deadline 2026-09-15T01:21:37.462031025Z
      race event 568: gate 2026-09-15T01:20:37.544033389Z, deadline 2026-09-15T01:21:37.544033389Z
      race event 569: gate 2026-09-15T01:20:37.572042626Z, deadline 2026-09-15T01:21:37.572042626Z
      race event 570: gate 2026-09-15T01:20:37.640852364Z, deadline 2026-09-15T01:21:37.640852364Z
      race event 571: gate 2026-09-15T01:20:37.679614566Z, deadline 2026-09-15T01:21:37.679614566Z
      race event 572: gate 2026-09-15T01:20:37.762003662Z, deadline 2026-09-15T01:21:37.762003662Z
      race event 573: gate 2026-09-15T01:20:37.781478238Z, deadline 2026-09-15T01:21:37.781478238Z
      race event 574: gate 2026-09-15T01:20:37.87042429Z, deadline 2026-09-15T01:21:37.87042429Z
      race event 575: gate 2026-09-15T01:20:37.942017352Z, deadline 2026-09-15T01:21:37.942017352Z
      race event 576: gate 2026-09-15T01:20:37.987662121Z, deadline 2026-09-15T01:21:37.987662121Z
      race event 577: gate 2026-09-15T01:20:38.059734267Z, deadline 2026-09-15T01:21:38.059734267Z
      race event 578: gate 2026-09-15T01:20:38.083513052Z, deadline 2026-09-15T01:21:38.083513052Z
      race event 579: gate 2026-09-15T01:20:38.157731148Z, deadline 2026-09-15T01:21:38.157731148Z
      race event 580: gate 2026-09-15T01:20:38.183798636Z, deadline 2026-09-15T01:21:38.183798636Z
      race event 581: gate 2026-09-15T01:20:38.261934041Z, deadline 2026-09-15T01:21:38.261934041Z
      race event 582: gate 2026-09-15T01:20:38.28332818Z, deadline 2026-09-15T01:21:38.28332818Z
      race event 583: gate 2026-09-15T01:20:38.346007329Z, deadline 2026-09-15T01:21:38.346007329Z
      race event 584: gate 2026-09-15T01:20:38.377608887Z, deadline 2026-09-15T01:21:38.377608887Z
      race event 585: gate 2026-09-15T01:20:38.453956953Z, deadline 2026-09-15T01:21:38.453956953Z
      race event 586: gate 2026-09-15T01:20:38.481531865Z, deadline 2026-09-15T01:21:38.481531865Z
      race event 587: gate 2026-09-15T01:20:38.554415606Z, deadline 2026-09-15T01:21:38.554415606Z
      race event 588: gate 2026-09-15T01:20:38.591005048Z, deadline 2026-09-15T01:21:38.591005048Z
      race event 589: gate 2026-09-15T01:20:38.66799728Z, deadline 2026-09-15T01:21:38.66799728Z
      race event 590: gate 2026-09-15T01:20:38.687485471Z, deadline 2026-09-15T01:21:38.687485471Z
      race event 591: gate 2026-09-15T01:20:38.75680024Z, deadline 2026-09-15T01:21:38.75680024Z
      race event 592: gate 2026-09-15T01:20:38.785382258Z, deadline 2026-09-15T01:21:38.785382258Z
      race event 593: gate 2026-09-15T01:20:38.853965689Z, deadline 2026-09-15T01:21:38.853965689Z
      race event 594: gate 2026-09-15T01:20:38.878375349Z, deadline 2026-09-15T01:21:38.878375349Z
      race event 595: gate 2026-09-15T01:20:38.977924529Z, deadline 2026-09-15T01:21:38.977924529Z
      race event 596: gate 2026-09-15T01:20:39.044731068Z, deadline 2026-09-15T01:21:39.044731068Z
      race event 597: gate 2026-09-15T01:20:39.077790182Z, deadline 2026-09-15T01:21:39.077790182Z
      race event 598: gate 2026-09-15T01:20:39.106751412Z, deadline 2026-09-15T01:21:39.106751412Z
      race event 599: gate 2026-09-15T01:20:39.171911774Z, deadline 2026-09-15T01:21:39.171911774Z
      race event 600: gate 2026-09-15T01:20:39.23999284Z, deadline 2026-09-15T01:21:39.23999284Z
    race     10 seats x100      250.0 seats/s  conflicts/hold=10.66 reads/hold=20.14  hold p50=4.35ms p99=58.30ms  deferred 40/40 ok  confirm retries sold/run=0/0  errors=0  ok
      audit: consistent (100 events, 1000 tickets; rejections late=0 boundary=0)
      race event 601: gate 2026-09-15T01:20:39.367662614Z, deadline 2026-09-15T01:21:39.367662614Z
      race event 602: gate 2026-09-15T01:20:39.711523357Z, deadline 2026-09-15T01:21:39.711523357Z
      race event 603: gate 2026-09-15T01:20:39.94598519Z, deadline 2026-09-15T01:21:39.94598519Z
      race event 604: gate 2026-09-15T01:20:40.22109781Z, deadline 2026-09-15T01:21:40.22109781Z
      race event 605: gate 2026-09-15T01:20:40.510589419Z, deadline 2026-09-15T01:21:40.510589419Z
      race event 606: gate 2026-09-15T01:20:40.851156008Z, deadline 2026-09-15T01:21:40.851156008Z
      race event 607: gate 2026-09-15T01:20:41.139576173Z, deadline 2026-09-15T01:21:41.139576173Z
      race event 608: gate 2026-09-15T01:20:41.420402191Z, deadline 2026-09-15T01:21:41.420402191Z
      race event 609: gate 2026-09-15T01:20:41.673821029Z, deadline 2026-09-15T01:21:41.673821029Z
      race event 610: gate 2026-09-15T01:20:41.91891515Z, deadline 2026-09-15T01:21:41.91891515Z
      race event 611: gate 2026-09-15T01:20:42.136964241Z, deadline 2026-09-15T01:21:42.136964241Z
      race event 612: gate 2026-09-15T01:20:42.408428583Z, deadline 2026-09-15T01:21:42.408428583Z
      race event 613: gate 2026-09-15T01:20:42.720253579Z, deadline 2026-09-15T01:21:42.720253579Z
      race event 614: gate 2026-09-15T01:20:43.023752216Z, deadline 2026-09-15T01:21:43.023752216Z
      race event 615: gate 2026-09-15T01:20:43.317603207Z, deadline 2026-09-15T01:21:43.317603207Z
      race event 616: gate 2026-09-15T01:20:43.653175375Z, deadline 2026-09-15T01:21:43.653175375Z
      race event 617: gate 2026-09-15T01:20:44.021132676Z, deadline 2026-09-15T01:21:44.021132676Z
      race event 618: gate 2026-09-15T01:20:44.293020761Z, deadline 2026-09-15T01:21:44.293020761Z
      race event 619: gate 2026-09-15T01:20:44.607585761Z, deadline 2026-09-15T01:21:44.607585761Z
      race event 620: gate 2026-09-15T01:20:44.899326421Z, deadline 2026-09-15T01:21:44.899326421Z
    race    100 seats x20       456.9 seats/s  conflicts/hold=4.74 reads/hold=8.19  hold p50=4.63ms p99=74.12ms  deferred 90/90 ok  confirm retries sold/run=0/0  errors=0  ok
      audit: consistent (20 events, 2000 tickets; rejections late=0 boundary=0)
      race event 621: gate 2026-09-15T01:20:45.304904862Z, deadline 2026-09-15T01:21:45.304904862Z
      race event 622: gate 2026-09-15T01:20:46.804091147Z, deadline 2026-09-15T01:21:46.804091147Z
      race event 623: gate 2026-09-15T01:20:48.4713426Z, deadline 2026-09-15T01:21:48.4713426Z
      race event 624: gate 2026-09-15T01:20:49.98508591Z, deadline 2026-09-15T01:21:49.98508591Z
      race event 625: gate 2026-09-15T01:20:51.595527332Z, deadline 2026-09-15T01:21:51.595527332Z
    race   1000 seats x5        666.2 seats/s  conflicts/hold=1.83 reads/hold=4.54  hold p50=5.06ms p99=86.46ms  deferred 199/199 ok  confirm retries sold/run=0/0  errors=0  ok
      audit: consistent (5 events, 5000 tickets; rejections late=0 boundary=0)
      race event 626: gate 2026-09-15T01:20:53.200754517Z, deadline 2026-09-15T01:21:53.200754517Z
      race event 627: gate 2026-09-15T01:21:15.093371229Z, deadline 2026-09-15T01:22:15.093371229Z
    race  10000 seats x2        499.6 seats/s  conflicts/hold=0.57 reads/hold=4.22  hold p50=7.13ms p99=99.53ms  deferred 841/841 ok  confirm retries sold/run=0/0  errors=0  ok
      audit: consistent (2 events, 20000 tickets; rejections late=0 boundary=0)
      race event 628: gate 2026-09-15T01:21:36.692322819Z, deadline 2026-09-15T01:22:36.692322819Z
    race 100000 seats x1        295.1 seats/s  conflicts/hold=0.19 reads/hold=1.35  hold p50=83.30ms p99=196.05ms  deferred 722/722 ok  confirm retries sold/run=0/0  errors=0  ok, 1 timed out (18% sold)
      audit: consistent (1 events, 17755 tickets; rejections late=0 boundary=0)
  lifecycle trial 1/1 (32 buyers per event, one human minute = 50ms, fresh load):
    lifecycle    10 seats x6       3.7 confirmed seats/s  holds=43 abandoned=6+2 expired@check=1 rejected late/boundary/early(transient)=0/0/0(0)  confirm retries sold/run=0/0  outage unavailable=0/0  leaked=0 errors=0  ok
      audit: consistent (6 events, 60 tickets; rejections late=0 boundary=0)
    lifecycle   100 seats x6      17.8 confirmed seats/s  holds=425 abandoned=58+53 expired@check=16 rejected late/boundary/early(transient)=6/0/0(0)  confirm retries sold/run=0/0  outage unavailable=0/0  leaked=0 errors=0  ok
      audit: consistent (6 events, 600 tickets; rejections late=6 boundary=0)
    lifecycle  1000 seats x6      70.2 confirmed seats/s  holds=3516 abandoned=532+364 expired@check=127 rejected late/boundary/early(transient)=45/0/0(0)  confirm retries sold/run=0/0  outage unavailable=0/7  leaked=0 errors=0  ok
      audit: consistent (6 events, 5801 tickets; rejections late=45 boundary=0)
  wrote /results/s4_check_then_hold_serializable.json
