  engine: PostgreSQL 15.12-YB-2025.2.6.0-b0 on x86_64-pc-linux-gnu, compiled by clang version 19.1.0 (https://github.com/yugabyte/llvm-project.git a2a6b655e14e7fa1fcf1011a6cb29cb8575249c0), 64-bit
  effective isolation for READ COMMITTED requests: read committed
  database clock minus client clock: 0.000 ms
  dataset: 5 venues, 658 events, 56103 tickets and 2217 holds at load
  loading e0_app_clock_expiry ...
  loaded in 17.4s (copy 5.6s, index 8.2s)
  verifying answers against ground truth ...
    65/65 checks passed (margin 583s); audit on load: consistent (658 events, 56103 tickets; rejections late=0 boundary=0)
  capturing plans ...
  read benchmark:
    q01_section_map@10                     2714.6 ops/s  p50=  0.933ms p99=  68.798ms  errors=0
    q02_event_sections@10                  2583.9 ops/s  p50=  0.974ms p99=  68.033ms  errors=0
    q03_event_available@10                 3528.7 ops/s  p50=  0.700ms p99=  67.543ms  errors=0
    q01_section_map@100                    1510.5 ops/s  p50=  1.563ms p99=  71.915ms  errors=0
    q02_event_sections@100                 3212.5 ops/s  p50=  0.777ms p99=  68.308ms  errors=0
    q03_event_available@100                3886.6 ops/s  p50=  0.658ms p99=  66.788ms  errors=0
    q01_section_map@1000                   1271.6 ops/s  p50=  1.882ms p99=  72.897ms  errors=0
    q02_event_sections@1000                1792.1 ops/s  p50=  1.305ms p99=  71.850ms  errors=0
    q03_event_available@1000               2338.9 ops/s  p50=  1.023ms p99=  70.651ms  errors=0
    q01_section_map@10000                   999.6 ops/s  p50=  2.304ms p99=  74.501ms  errors=0
    q02_event_sections@10000                255.9 ops/s  p50=  8.855ms p99=  85.862ms  errors=0
    q03_event_available@10000               469.4 ops/s  p50=  4.393ms p99=  81.034ms  errors=0
    q01_section_map@100000                  664.1 ops/s  p50=  3.432ms p99=  77.140ms  errors=0
    q02_event_sections@100000                26.4 ops/s  p50=301.183ms p99= 383.516ms  errors=0
    q03_event_available@100000               57.5 ops/s  p50=111.057ms p99= 196.797ms  errors=0
    q04_hold_seats                          841.8 ops/s  p50=  2.749ms p99=  75.940ms  errors=0
    q05_customer_tickets                   2930.7 ops/s  p50=  0.868ms p99=  68.074ms  errors=0
    q06_ticket_by_id                       4951.4 ops/s  p50=  0.536ms p99=  64.765ms  errors=0
    r01_holds_expiring_soon                3503.9 ops/s  p50=  0.643ms p99=  68.109ms  errors=0
    r02_seat_status_lookup                 4874.8 ops/s  p50=  0.538ms p99=  65.183ms  errors=0
    r03_section_sales_window@trailing      1579.2 ops/s  p50=  1.149ms p99=  72.529ms  errors=0
    r03_section_sales_window@historical     1601.2 ops/s  p50=  1.123ms p99=  72.527ms  errors=0
    r04_event_recent_confirmations         1591.2 ops/s  p50=  1.050ms p99=  72.965ms  errors=0
    r05_customers_last_purchase_window@trailing       60.1 ops/s  p50=110.095ms p99= 189.154ms  errors=0
    r05_customers_last_purchase_window@historical       60.0 ops/s  p50=110.372ms p99= 190.871ms  errors=0
  wrote /results/e0_app_clock_expiry.json
