  engine: PostgreSQL 15.12-YB-2025.2.6.0-b0 on x86_64-pc-linux-gnu, compiled by clang version 19.1.0 (https://github.com/yugabyte/llvm-project.git a2a6b655e14e7fa1fcf1011a6cb29cb8575249c0), 64-bit
  effective isolation for READ COMMITTED requests: read committed
  database clock minus client clock: 0.001 ms
  dataset: 5 venues, 658 events, 56103 tickets and 2217 holds at load
  loading e1_sweeper_expiry ...
  loaded in 17.7s (copy 5.1s, index 8.4s)
  verifying answers against ground truth ...
    65/65 checks passed (margin 583s); audit on load: consistent (658 events, 56103 tickets; rejections late=0 boundary=0)
  capturing plans ...
  read benchmark:
    q01_section_map@10                     2755.2 ops/s  p50=  0.930ms p99=  68.223ms  errors=0
    q02_event_sections@10                  3467.6 ops/s  p50=  0.711ms p99=  67.848ms  errors=0
    q03_event_available@10                 3957.7 ops/s  p50=  0.645ms p99=  66.020ms  errors=0
    q01_section_map@100                    2136.8 ops/s  p50=  1.162ms p99=  70.244ms  errors=0
    q02_event_sections@100                 3199.5 ops/s  p50=  0.781ms p99=  68.034ms  errors=0
    q03_event_available@100                4016.9 ops/s  p50=  0.638ms p99=  66.388ms  errors=0
    q01_section_map@1000                   1327.6 ops/s  p50=  1.778ms p99=  72.884ms  errors=0
    q02_event_sections@1000                1920.2 ops/s  p50=  1.227ms p99=  71.554ms  errors=0
    q03_event_available@1000               2555.0 ops/s  p50=  0.944ms p99=  69.896ms  errors=0
    q01_section_map@10000                  1027.6 ops/s  p50=  2.258ms p99=  74.359ms  errors=0
    q02_event_sections@10000                273.7 ops/s  p50=  8.274ms p99=  84.626ms  errors=0
    q03_event_available@10000               569.8 ops/s  p50=  3.659ms p99=  79.723ms  errors=0
    q01_section_map@100000                  695.0 ops/s  p50=  3.317ms p99=  76.940ms  errors=0
    q02_event_sections@100000                29.1 ops/s  p50=291.463ms p99= 303.732ms  errors=0
    q03_event_available@100000               67.3 ops/s  p50=104.333ms p99= 189.650ms  errors=0
    q04_hold_seats                          834.8 ops/s  p50=  2.779ms p99=  75.682ms  errors=0
    q05_customer_tickets                   2900.9 ops/s  p50=  0.883ms p99=  67.855ms  errors=0
    q06_ticket_by_id                       4979.2 ops/s  p50=  0.533ms p99=  64.873ms  errors=0
    r01_holds_expiring_soon                3478.4 ops/s  p50=  0.647ms p99=  67.698ms  errors=0
    r02_seat_status_lookup                 4917.2 ops/s  p50=  0.553ms p99=  64.205ms  errors=0
    r03_section_sales_window@trailing      1490.4 ops/s  p50=  1.163ms p99=  72.850ms  errors=0
    r03_section_sales_window@historical     1353.2 ops/s  p50=  1.121ms p99=  72.772ms  errors=0
    r04_event_recent_confirmations         1839.1 ops/s  p50=  1.054ms p99=  71.144ms  errors=0
    r05_customers_last_purchase_window@trailing       59.4 ops/s  p50=110.406ms p99= 189.064ms  errors=0
    r05_customers_last_purchase_window@historical       59.3 ops/s  p50=110.695ms p99= 189.029ms  errors=0
  wrote /results/e1_sweeper_expiry.json
