  engine: PostgreSQL 15.12-YB-2025.2.6.0-b0 on x86_64-pc-linux-gnu, compiled by clang version 19.1.0 (https://github.com/yugabyte/llvm-project.git a2a6b655e14e7fa1fcf1011a6cb29cb8575249c0), 64-bit
  effective isolation for READ COMMITTED requests: read committed
  database clock minus client clock: 0.000 ms
  dataset: 5 venues, 658 events, 56103 tickets and 2217 holds at load
  loading e2_cart_expiry ...
  loaded in 17.9s (copy 5.1s, index 8.3s)
  verifying answers against ground truth ...
    65/65 checks passed (margin 587s); audit on load: consistent (658 events, 56103 tickets; rejections late=0 boundary=0)
  capturing plans ...
  read benchmark:
    q01_section_map@10                     2035.1 ops/s  p50=  1.223ms p99=  69.707ms  errors=0
    q02_event_sections@10                  2005.8 ops/s  p50=  1.183ms p99=  70.700ms  errors=0
    q03_event_available@10                 1868.6 ops/s  p50=  1.237ms p99=  71.505ms  errors=0
    q01_section_map@100                    1062.4 ops/s  p50=  2.268ms p99=  74.072ms  errors=0
    q02_event_sections@100                 1325.8 ops/s  p50=  1.783ms p99=  72.873ms  errors=0
    q03_event_available@100                1407.7 ops/s  p50=  1.700ms p99=  72.520ms  errors=0
    q01_section_map@1000                    856.7 ops/s  p50=  2.742ms p99=  74.391ms  errors=0
    q02_event_sections@1000                 638.5 ops/s  p50=  3.263ms p99=  78.421ms  errors=0
    q03_event_available@1000                696.0 ops/s  p50=  3.201ms p99=  76.858ms  errors=0
    q01_section_map@10000                   577.7 ops/s  p50=  4.412ms p99=  76.315ms  errors=0
    q02_event_sections@10000                162.7 ops/s  p50= 13.370ms p99= 318.302ms  errors=0
    q03_event_available@10000               176.1 ops/s  p50= 12.647ms p99= 275.023ms  errors=0
    q01_section_map@100000                  273.1 ops/s  p50=  8.519ms p99=  92.238ms  errors=0
    q02_event_sections@100000                20.3 ops/s  p50=305.472ms p99= 391.928ms  errors=0
    q03_event_available@100000               24.3 ops/s  p50=290.525ms p99= 870.835ms  errors=0
    q04_hold_seats                         1528.6 ops/s  p50=  1.619ms p99=  71.085ms  errors=0
    q05_customer_tickets                   2926.9 ops/s  p50=  0.877ms p99=  67.953ms  errors=0
    q06_ticket_by_id                       4992.4 ops/s  p50=  0.529ms p99=  64.525ms  errors=0
    r01_holds_expiring_soon                2560.0 ops/s  p50=  0.844ms p99=  69.984ms  errors=0
    r02_seat_status_lookup                 3303.9 ops/s  p50=  0.759ms p99=  67.950ms  errors=0
    r03_section_sales_window@trailing      1542.2 ops/s  p50=  1.140ms p99=  72.352ms  errors=0
    r03_section_sales_window@historical     1715.9 ops/s  p50=  1.355ms p99=  64.689ms  errors=0
    r04_event_recent_confirmations         1627.8 ops/s  p50=  1.138ms p99=  70.989ms  errors=0
    r05_customers_last_purchase_window@trailing       58.3 ops/s  p50=112.725ms p99= 189.584ms  errors=0
    r05_customers_last_purchase_window@historical       59.5 ops/s  p50=111.170ms p99= 188.603ms  errors=0
  wrote /results/e2_cart_expiry.json
