  engine: PostgreSQL 15.12-YB-2025.2.6.0-b0 on x86_64-pc-linux-gnu, compiled by clang version 19.1.0 (https://github.com/yugabyte/llvm-project.git a2a6b655e14e7fa1fcf1011a6cb29cb8575249c0), 64-bit
  effective isolation for READ COMMITTED requests: read committed
  database clock minus client clock: 0.000 ms
  dataset: 5 venues, 658 events, 56103 tickets and 2217 holds at load
  loading k0_naive_confirm ...
  loaded in 17.5s (copy 5.1s, index 8.7s)
  verifying answers against ground truth ...
    65/65 checks passed (margin 587s); audit on load: consistent (658 events, 56103 tickets; rejections late=0 boundary=0)
  capturing plans ...
  read benchmark:
    q01_section_map@10                     2574.4 ops/s  p50=  0.997ms p99=  68.650ms  errors=0
    q02_event_sections@10                  3201.3 ops/s  p50=  0.743ms p99=  69.268ms  errors=0
    q03_event_available@10                 3955.1 ops/s  p50=  0.633ms p99=  67.009ms  errors=0
    q01_section_map@100                    1650.4 ops/s  p50=  1.472ms p99=  71.629ms  errors=0
    q02_event_sections@100                 3066.6 ops/s  p50=  0.792ms p99=  69.006ms  errors=0
    q03_event_available@100                3792.1 ops/s  p50=  0.670ms p99=  66.845ms  errors=0
    q01_section_map@1000                   1277.1 ops/s  p50=  1.867ms p99=  72.820ms  errors=0
    q02_event_sections@1000                1761.9 ops/s  p50=  1.312ms p99=  72.157ms  errors=0
    q03_event_available@1000               2317.0 ops/s  p50=  1.022ms p99=  70.754ms  errors=0
    q01_section_map@10000                   999.7 ops/s  p50=  2.298ms p99=  74.663ms  errors=0
    q02_event_sections@10000                262.7 ops/s  p50=  8.592ms p99=  84.964ms  errors=0
    q03_event_available@10000               486.6 ops/s  p50=  4.145ms p99=  81.152ms  errors=0
    q01_section_map@100000                  679.0 ops/s  p50=  3.323ms p99=  76.724ms  errors=0
    q02_event_sections@100000                28.2 ops/s  p50=295.457ms p99= 378.290ms  errors=0
    q03_event_available@100000               58.4 ops/s  p50=110.448ms p99= 196.801ms  errors=0
    q04_hold_seats                          728.7 ops/s  p50=  3.343ms p99=  73.919ms  errors=0
    q05_customer_tickets                   2822.5 ops/s  p50=  0.912ms p99=  67.560ms  errors=0
    q06_ticket_by_id                       4533.6 ops/s  p50=  0.578ms p99=  63.794ms  errors=0
    r01_holds_expiring_soon                3167.2 ops/s  p50=  0.692ms p99=  67.423ms  errors=0
    r02_seat_status_lookup                 4978.4 ops/s  p50=  0.548ms p99=  63.553ms  errors=0
    r03_section_sales_window@trailing      1703.6 ops/s  p50=  1.157ms p99=  71.295ms  errors=0
    r03_section_sales_window@historical     1758.7 ops/s  p50=  1.106ms p99=  71.011ms  errors=0
    r04_event_recent_confirmations         1625.6 ops/s  p50=  1.070ms p99=  72.205ms  errors=0
    r05_customers_last_purchase_window@trailing       59.4 ops/s  p50=111.818ms p99= 188.364ms  errors=0
    r05_customers_last_purchase_window@historical       59.8 ops/s  p50=111.058ms p99= 190.944ms  errors=0
  wrote /results/k0_naive_confirm.json
