  engine: PostgreSQL 15.12-YB-2025.2.6.0-b0 on x86_64-pc-linux-gnu, compiled by clang version 19.1.0 (https://github.com/yugabyte/llvm-project.git a2a6b655e14e7fa1fcf1011a6cb29cb8575249c0), 64-bit
  effective isolation for READ COMMITTED requests: read committed
  database clock minus client clock: 0.000 ms
  dataset: 5 venues, 658 events, 56103 tickets and 2217 holds at load
  loading k1_payment_window ...
  loaded in 30.9s (copy 5.4s, index 22.7s)
  verifying answers against ground truth ...
    65/65 checks passed (margin 569s); audit on load: consistent (658 events, 56103 tickets; rejections late=0 boundary=0)
  capturing plans ...
  read benchmark:
    q01_section_map@10                     2184.1 ops/s  p50=  1.146ms p99=  69.115ms  errors=0
    q02_event_sections@10                  2921.1 ops/s  p50=  0.873ms p99=  67.579ms  errors=0
    q03_event_available@10                 3073.1 ops/s  p50=  0.829ms p99=  67.563ms  errors=0
    q01_section_map@100                    1511.2 ops/s  p50=  1.591ms p99=  71.575ms  errors=0
    q02_event_sections@100                 3050.3 ops/s  p50=  0.818ms p99=  68.364ms  errors=0
    q03_event_available@100                3015.2 ops/s  p50=  0.829ms p99=  68.436ms  errors=0
    q01_section_map@1000                   1269.3 ops/s  p50=  1.874ms p99=  72.969ms  errors=0
    q02_event_sections@1000                1669.2 ops/s  p50=  1.397ms p99=  72.335ms  errors=0
    q03_event_available@1000               2201.5 ops/s  p50=  1.076ms p99=  70.768ms  errors=0
    q01_section_map@10000                   950.3 ops/s  p50=  2.474ms p99=  74.767ms  errors=0
    q02_event_sections@10000                249.7 ops/s  p50=  9.188ms p99=  85.780ms  errors=0
    q03_event_available@10000               453.8 ops/s  p50=  4.512ms p99=  81.667ms  errors=0
    q01_section_map@100000                  640.0 ops/s  p50=  3.507ms p99=  77.011ms  errors=0
    q02_event_sections@100000                27.2 ops/s  p50=298.751ms p99= 383.930ms  errors=0
    q03_event_available@100000               55.6 ops/s  p50=114.511ms p99= 196.930ms  errors=0
    q04_hold_seats                          784.4 ops/s  p50=  2.948ms p99=  76.228ms  errors=0
    q05_customer_tickets                   2925.7 ops/s  p50=  0.872ms p99=  68.018ms  errors=0
    q06_ticket_by_id                       4921.9 ops/s  p50=  0.539ms p99=  65.040ms  errors=0
    r01_holds_expiring_soon                3644.5 ops/s  p50=  0.636ms p99=  67.732ms  errors=0
    r02_seat_status_lookup                 4823.6 ops/s  p50=  0.545ms p99=  65.032ms  errors=0
    r03_section_sales_window@trailing      1662.7 ops/s  p50=  1.132ms p99=  72.041ms  errors=0
    r03_section_sales_window@historical     1536.8 ops/s  p50=  1.118ms p99=  72.500ms  errors=0
    r04_event_recent_confirmations         1742.4 ops/s  p50=  1.039ms p99=  71.813ms  errors=0
    r05_customers_last_purchase_window@trailing       58.5 ops/s  p50=111.835ms p99= 191.322ms  errors=0
    r05_customers_last_purchase_window@historical       57.3 ops/s  p50=113.307ms p99= 191.446ms  errors=0
  wrote /results/k1_payment_window.json
