  engine: PostgreSQL 15.12-YB-2025.2.6.0-b0 on x86_64-pc-linux-gnu, compiled by clang version 19.1.0 (https://github.com/yugabyte/llvm-project.git a2a6b655e14e7fa1fcf1011a6cb29cb8575249c0), 64-bit
  effective isolation for READ COMMITTED requests: read committed
  database clock minus client clock: 0.000 ms
  dataset: 5 venues, 658 events, 56103 tickets and 2217 holds at load
  loading l1_claim_rows ...
  loaded in 10.3s (copy 3.3s, index 3.3s)
  verifying answers against ground truth ...
    65/65 checks passed (margin 594s); audit on load: consistent (658 events, 56103 tickets; rejections late=0 boundary=0)
  capturing plans ...
  read benchmark:
    q01_section_map@10                     3702.4 ops/s  p50=  0.663ms p99=  67.420ms  errors=0
    q02_event_sections@10                  1623.8 ops/s  p50=  1.541ms p99=  70.676ms  errors=0
    q03_event_available@10                 1901.3 ops/s  p50=  1.290ms p99=  71.192ms  errors=0
    q01_section_map@100                    4169.4 ops/s  p50=  0.619ms p99=  66.162ms  errors=0
    q02_event_sections@100                 1511.0 ops/s  p50=  1.602ms p99=  72.017ms  errors=0
    q03_event_available@100                1995.2 ops/s  p50=  1.271ms p99=  69.627ms  errors=0
    q01_section_map@1000                   3032.4 ops/s  p50=  0.818ms p99=  68.748ms  errors=0
    q02_event_sections@1000                1306.9 ops/s  p50=  1.889ms p99=  71.924ms  errors=0
    q03_event_available@1000               1698.9 ops/s  p50=  1.468ms p99=  70.593ms  errors=0
    q01_section_map@10000                  1237.1 ops/s  p50=  1.821ms p99=  73.586ms  errors=0
    q02_event_sections@10000                550.6 ops/s  p50=  4.179ms p99=  78.366ms  errors=0
    q03_event_available@10000               942.7 ops/s  p50=  2.485ms p99=  74.243ms  errors=0
    q01_section_map@100000                  148.7 ops/s  p50= 82.906ms p99=  98.188ms  errors=0
    q02_event_sections@100000                62.2 ops/s  p50=108.406ms p99= 187.039ms  errors=0
    q03_event_available@100000              150.3 ops/s  p50= 82.680ms p99=  97.406ms  errors=0
    q04_hold_seats                          205.2 ops/s  p50= 13.726ms p99=  97.345ms  errors=0
    q05_customer_tickets                   2950.7 ops/s  p50=  0.873ms p99=  67.737ms  errors=0
    q06_ticket_by_id                       5149.0 ops/s  p50=  0.519ms p99=  64.305ms  errors=0
    r01_holds_expiring_soon                4023.9 ops/s  p50=  0.606ms p99=  66.509ms  errors=0
    r02_seat_status_lookup                 5094.1 ops/s  p50=  0.521ms p99=  64.576ms  errors=0
    r03_section_sales_window@trailing      1715.9 ops/s  p50=  1.119ms p99=  71.567ms  errors=0
    r03_section_sales_window@historical     1739.0 ops/s  p50=  1.100ms p99=  71.222ms  errors=0
    r04_event_recent_confirmations         1871.1 ops/s  p50=  1.065ms p99=  70.911ms  errors=0
    r05_customers_last_purchase_window@trailing       50.6 ops/s  p50=183.843ms p99= 198.697ms  errors=0
    r05_customers_last_purchase_window@historical       50.0 ops/s  p50=183.990ms p99= 198.286ms  errors=0
  wrote /results/l1_claim_rows.json
