  engine: PostgreSQL 15.12-YB-2025.2.6.0-b0 on x86_64-pc-linux-gnu, compiled by clang version 19.1.0 (https://github.com/yugabyte/llvm-project.git a2a6b655e14e7fa1fcf1011a6cb29cb8575249c0), 64-bit
  effective isolation for READ COMMITTED requests: read committed
  database clock minus client clock: 0.000 ms
  dataset: 5 venues, 658 events, 56103 tickets and 2217 holds at load
  loading l2_section_document ...
  loaded in 9.4s (copy 2.0s, index 2.7s)
  verifying answers against ground truth ...
    65/65 checks passed (margin 596s); audit on load: consistent (658 events, 56103 tickets; rejections late=0 boundary=0)
  capturing plans ...
  read benchmark:
    q01_section_map@10                     4484.1 ops/s  p50=  0.592ms p99=  65.462ms  errors=0
    q02_event_sections@10                  4150.3 ops/s  p50=  0.598ms p99=  66.893ms  errors=0
    q03_event_available@10                 4319.9 ops/s  p50=  0.593ms p99=  66.032ms  errors=0
    q01_section_map@100                    4184.3 ops/s  p50=  0.616ms p99=  66.343ms  errors=0
    q02_event_sections@100                 4243.5 ops/s  p50=  0.612ms p99=  65.973ms  errors=0
    q03_event_available@100                4184.3 ops/s  p50=  0.616ms p99=  66.337ms  errors=0
    q01_section_map@1000                   3937.4 ops/s  p50=  0.653ms p99=  66.505ms  errors=0
    q02_event_sections@1000                3364.8 ops/s  p50=  0.744ms p99=  67.988ms  errors=0
    q03_event_available@1000               3290.7 ops/s  p50=  0.758ms p99=  68.035ms  errors=0
    q01_section_map@10000                  3776.7 ops/s  p50=  0.681ms p99=  66.680ms  errors=0
    q02_event_sections@10000               1545.4 ops/s  p50=  1.458ms p99=  72.862ms  errors=0
    q03_event_available@10000              1548.9 ops/s  p50=  1.481ms p99=  72.780ms  errors=0
    q01_section_map@100000                 3101.8 ops/s  p50=  0.822ms p99=  67.739ms  errors=0
    q02_event_sections@100000               157.3 ops/s  p50= 77.680ms p99=  95.665ms  errors=0
    q03_event_available@100000              159.3 ops/s  p50= 78.060ms p99=  93.971ms  errors=0
    q04_hold_seats                         4104.3 ops/s  p50=  0.629ms p99=  66.387ms  errors=0
    q05_customer_tickets                   2969.2 ops/s  p50=  0.861ms p99=  67.914ms  errors=0
    q06_ticket_by_id                       5152.3 ops/s  p50=  0.515ms p99=  64.532ms  errors=0
    r01_holds_expiring_soon                4039.7 ops/s  p50=  0.613ms p99=  66.161ms  errors=0
    r02_seat_status_lookup                 1519.6 ops/s  p50=  1.622ms p99=  71.238ms  errors=0
    r03_section_sales_window@trailing      1691.4 ops/s  p50=  1.150ms p99=  72.100ms  errors=0
    r03_section_sales_window@historical     1813.0 ops/s  p50=  1.106ms p99=  71.107ms  errors=0
    r04_event_recent_confirmations         1795.7 ops/s  p50=  1.056ms p99=  71.752ms  errors=0
    r05_customers_last_purchase_window@trailing       51.5 ops/s  p50=185.203ms p99= 197.884ms  errors=0
    r05_customers_last_purchase_window@historical       49.9 ops/s  p50=184.865ms p99= 199.835ms  errors=0
  wrote /results/l2_section_document.json
