  engine: PostgreSQL 15.12-YB-2025.2.6.0-b0 on x86_64-pc-linux-gnu, compiled by clang version 19.1.0 (https://github.com/yugabyte/llvm-project.git a2a6b655e14e7fa1fcf1011a6cb29cb8575249c0), 64-bit
  effective isolation for READ COMMITTED requests: read committed
  database clock minus client clock: 0.003 ms
  dataset: 5 venues, 658 events, 56103 tickets and 2217 holds at load
  loading l3_section_sharded ...
  loaded in 12.6s (copy 5.3s, index 3.8s)
  verifying answers against ground truth ...
    65/65 checks passed (margin 592s); audit on load: consistent (658 events, 56103 tickets; rejections late=0 boundary=0)
  capturing plans ...
  read benchmark:
    q01_section_map@10                     4269.3 ops/s  p50=  0.609ms p99=  66.086ms  errors=0
    q02_event_sections@10                    28.3 ops/s  p50=294.603ms p99= 385.216ms  errors=0
    q03_event_available@10                   25.0 ops/s  p50=304.768ms p99= 393.279ms  errors=0
    q01_section_map@100                    3602.1 ops/s  p50=  0.682ms p99=  67.805ms  errors=0
    q02_event_sections@100                   28.2 ops/s  p50=295.193ms p99= 383.717ms  errors=0
    q03_event_available@100                  24.4 ops/s  p50=304.812ms p99= 397.017ms  errors=0
    q01_section_map@1000                   3430.4 ops/s  p50=  0.739ms p99=  67.668ms  errors=0
    q02_event_sections@1000                  29.2 ops/s  p50=292.058ms p99= 305.805ms  errors=0
    q03_event_available@1000                 24.6 ops/s  p50=304.406ms p99= 396.529ms  errors=0
    q01_section_map@10000                  2920.3 ops/s  p50=  0.850ms p99=  68.787ms  errors=0
    q02_event_sections@10000                 27.3 ops/s  p50=297.913ms p99= 381.939ms  errors=0
    q03_event_available@10000                24.3 ops/s  p50=305.172ms p99= 399.955ms  errors=0
    q01_section_map@100000                 2165.6 ops/s  p50=  1.116ms p99=  70.185ms  errors=0
    q02_event_sections@100000                15.9 ops/s  p50=500.440ms p99= 588.120ms  errors=0
    q03_event_available@100000               22.6 ops/s  p50=318.687ms p99= 479.029ms  errors=0
    q04_hold_seats                         2848.8 ops/s  p50=  0.867ms p99=  69.073ms  errors=0
    q05_customer_tickets                   2912.5 ops/s  p50=  0.904ms p99=  66.583ms  errors=0
    q06_ticket_by_id                       5126.6 ops/s  p50=  0.533ms p99=  63.084ms  errors=0
    r01_holds_expiring_soon                 407.8 ops/s  p50=  5.589ms p99=  81.237ms  errors=0
    r02_seat_status_lookup                   26.4 ops/s  p50=299.496ms p99= 396.846ms  errors=0
    r03_section_sales_window@trailing      1678.0 ops/s  p50=  1.100ms p99=  72.582ms  errors=0
    r03_section_sales_window@historical     1665.3 ops/s  p50=  1.092ms p99=  72.355ms  errors=0
    r04_event_recent_confirmations         1599.0 ops/s  p50=  1.101ms p99=  72.178ms  errors=0
    r05_customers_last_purchase_window@trailing       51.0 ops/s  p50=184.228ms p99= 197.262ms  errors=0
    r05_customers_last_purchase_window@historical       50.8 ops/s  p50=183.840ms p99= 196.113ms  errors=0
  wrote /results/l3_section_sharded.json
