  engine: PostgreSQL 15.12-YB-2025.2.6.0-b0 on x86_64-pc-linux-gnu, compiled by clang version 19.1.0 (https://github.com/yugabyte/llvm-project.git a2a6b655e14e7fa1fcf1011a6cb29cb8575249c0), 64-bit
  effective isolation for READ COMMITTED requests: read committed
  database clock minus client clock: 0.000 ms
  dataset: 5 venues, 658 events, 56103 tickets and 2217 holds at load
  loading s0_check_then_hold_rc ...
  loaded in 17.4s (copy 5.2s, index 8.2s)
  verifying answers against ground truth ...
    65/65 checks passed (margin 587s); audit on load: consistent (658 events, 56103 tickets; rejections late=0 boundary=0)
  capturing plans ...
  read benchmark:
    q01_section_map@10                     2544.1 ops/s  p50=  0.970ms p99=  69.395ms  errors=0
    q02_event_sections@10                  3436.6 ops/s  p50=  0.726ms p99=  67.847ms  errors=0
    q03_event_available@10                 4260.4 ops/s  p50=  0.615ms p99=  65.653ms  errors=0
    q01_section_map@100                    1571.7 ops/s  p50=  1.551ms p99=  71.574ms  errors=0
    q02_event_sections@100                 3219.3 ops/s  p50=  0.771ms p99=  68.238ms  errors=0
    q03_event_available@100                3853.6 ops/s  p50=  0.651ms p99=  67.078ms  errors=0
    q01_section_map@1000                   1321.3 ops/s  p50=  1.790ms p99=  73.139ms  errors=0
    q02_event_sections@1000                1844.3 ops/s  p50=  1.269ms p99=  71.872ms  errors=0
    q03_event_available@1000               2428.1 ops/s  p50=  0.988ms p99=  70.337ms  errors=0
    q01_section_map@10000                  1011.3 ops/s  p50=  2.326ms p99=  74.348ms  errors=0
    q02_event_sections@10000                263.3 ops/s  p50=  8.738ms p99=  84.543ms  errors=0
    q03_event_available@10000               516.1 ops/s  p50=  4.078ms p99=  80.499ms  errors=0
    q01_section_map@100000                  685.9 ops/s  p50=  3.349ms p99=  76.930ms  errors=0
    q02_event_sections@100000                27.4 ops/s  p50=297.396ms p99= 377.508ms  errors=0
    q03_event_available@100000               59.2 ops/s  p50=109.531ms p99= 196.472ms  errors=0
    q04_hold_seats                          840.1 ops/s  p50=  2.760ms p99=  75.739ms  errors=0
    q05_customer_tickets                   2892.9 ops/s  p50=  0.879ms p99=  68.107ms  errors=0
    q06_ticket_by_id                       4970.4 ops/s  p50=  0.530ms p99=  64.925ms  errors=0
    r01_holds_expiring_soon                3421.7 ops/s  p50=  0.632ms p99=  68.635ms  errors=0
    r02_seat_status_lookup                 4839.5 ops/s  p50=  0.540ms p99=  64.966ms  errors=0
    r03_section_sales_window@trailing      1437.4 ops/s  p50=  1.163ms p99=  72.584ms  errors=0
    r03_section_sales_window@historical     1658.3 ops/s  p50=  1.111ms p99=  72.111ms  errors=0
    r04_event_recent_confirmations         1666.0 ops/s  p50=  1.064ms p99=  72.022ms  errors=0
    r05_customers_last_purchase_window@trailing       59.3 ops/s  p50=110.783ms p99= 190.001ms  errors=0
    r05_customers_last_purchase_window@historical       59.4 ops/s  p50=111.142ms p99= 190.515ms  errors=0
  wrote /results/s0_check_then_hold_rc.json
