  engine: PostgreSQL 15.12-YB-2025.2.6.0-b0 on x86_64-pc-linux-gnu, compiled by clang version 19.1.0 (https://github.com/yugabyte/llvm-project.git a2a6b655e14e7fa1fcf1011a6cb29cb8575249c0), 64-bit
  effective isolation for READ COMMITTED requests: read committed
  database clock minus client clock: 0.000 ms
  dataset: 5 venues, 658 events, 56103 tickets and 2217 holds at load
  loading s1_conditional_update ...
  loaded in 16.5s (copy 4.8s, index 8.2s)
  verifying answers against ground truth ...
    65/65 checks passed (margin 588s); audit on load: consistent (658 events, 56103 tickets; rejections late=0 boundary=0)
  capturing plans ...
  read benchmark:
    q01_section_map@10                     2545.9 ops/s  p50=  0.993ms p99=  68.627ms  errors=0
    q02_event_sections@10                  3531.0 ops/s  p50=  0.710ms p99=  67.664ms  errors=0
    q03_event_available@10                 4279.3 ops/s  p50=  0.603ms p99=  66.202ms  errors=0
    q01_section_map@100                    1505.1 ops/s  p50=  1.558ms p99=  72.728ms  errors=0
    q02_event_sections@100                 3260.1 ops/s  p50=  0.761ms p99=  68.359ms  errors=0
    q03_event_available@100                3752.0 ops/s  p50=  0.661ms p99=  67.626ms  errors=0
    q01_section_map@1000                   1343.1 ops/s  p50=  1.778ms p99=  72.530ms  errors=0
    q02_event_sections@1000                1862.0 ops/s  p50=  1.267ms p99=  71.856ms  errors=0
    q03_event_available@1000               2395.8 ops/s  p50=  0.999ms p99=  70.201ms  errors=0
    q01_section_map@10000                   997.5 ops/s  p50=  2.361ms p99=  74.249ms  errors=0
    q02_event_sections@10000                268.8 ops/s  p50=  8.500ms p99=  84.563ms  errors=0
    q03_event_available@10000               459.9 ops/s  p50=  5.095ms p99=  79.948ms  errors=0
    q01_section_map@100000                  678.9 ops/s  p50=  3.568ms p99=  76.406ms  errors=0
    q02_event_sections@100000                26.8 ops/s  p50=299.043ms p99= 386.254ms  errors=0
    q03_event_available@100000               60.0 ops/s  p50=109.492ms p99= 194.737ms  errors=0
    q04_hold_seats                          843.5 ops/s  p50=  2.769ms p99=  75.371ms  errors=0
    q05_customer_tickets                   2846.2 ops/s  p50=  0.888ms p99=  68.132ms  errors=0
    q06_ticket_by_id                       4967.3 ops/s  p50=  0.536ms p99=  64.678ms  errors=0
    r01_holds_expiring_soon                3590.7 ops/s  p50=  0.635ms p99=  67.449ms  errors=0
    r02_seat_status_lookup                 4912.5 ops/s  p50=  0.543ms p99=  64.621ms  errors=0
    r03_section_sales_window@trailing      1694.6 ops/s  p50=  1.111ms p99=  71.502ms  errors=0
    r03_section_sales_window@historical     1821.0 ops/s  p50=  1.089ms p99=  70.713ms  errors=0
    r04_event_recent_confirmations         1588.3 ops/s  p50=  1.084ms p99=  72.282ms  errors=0
    r05_customers_last_purchase_window@trailing       59.6 ops/s  p50=111.171ms p99= 189.990ms  errors=0
    r05_customers_last_purchase_window@historical       60.7 ops/s  p50=110.923ms p99= 189.112ms  errors=0
  wrote /results/s1_conditional_update.json
