  engine: PostgreSQL 15.12-YB-2025.2.6.0-b0 on x86_64-pc-linux-gnu, compiled by clang version 19.1.0 (https://github.com/yugabyte/llvm-project.git a2a6b655e14e7fa1fcf1011a6cb29cb8575249c0), 64-bit
  effective isolation for READ COMMITTED requests: read committed
  database clock minus client clock: -0.002 ms
  dataset: 5 venues, 658 events, 56103 tickets and 2217 holds at load
  loading s1r_confirm_retry ...
  loaded in 16.7s (copy 5.3s, index 7.8s)
  verifying answers against ground truth ...
    65/65 checks passed (margin 584s); audit on load: consistent (658 events, 56103 tickets; rejections late=0 boundary=0)
  capturing plans ...
  read benchmark:
    q01_section_map@10                     4190.6 ops/s  p50=  0.620ms p99=  66.282ms  errors=0
    q02_event_sections@10                  3417.1 ops/s  p50=  0.723ms p99=  68.058ms  errors=0
    q03_event_available@10                 4143.7 ops/s  p50=  0.618ms p99=  66.409ms  errors=0
    q01_section_map@100                    3762.3 ops/s  p50=  0.673ms p99=  67.068ms  errors=0
    q02_event_sections@100                 3178.1 ops/s  p50=  0.781ms p99=  68.595ms  errors=0
    q03_event_available@100                3937.9 ops/s  p50=  0.655ms p99=  66.545ms  errors=0
    q01_section_map@1000                   2279.0 ops/s  p50=  1.067ms p99=  69.971ms  errors=0
    q02_event_sections@1000                1852.5 ops/s  p50=  1.254ms p99=  72.102ms  errors=0
    q03_event_available@1000               2411.8 ops/s  p50=  0.989ms p99=  70.275ms  errors=0
    q01_section_map@10000                   518.3 ops/s  p50=  3.988ms p99=  80.297ms  errors=0
    q02_event_sections@10000                268.3 ops/s  p50=  8.469ms p99=  84.970ms  errors=0
    q03_event_available@10000               517.0 ops/s  p50=  4.076ms p99=  80.506ms  errors=0
    q01_section_map@100000                   62.7 ops/s  p50=107.504ms p99= 192.006ms  errors=0
    q02_event_sections@100000                28.4 ops/s  p50=293.182ms p99= 308.201ms  errors=0
    q03_event_available@100000               59.2 ops/s  p50=109.008ms p99= 196.278ms  errors=0
    q04_hold_seats                           89.7 ops/s  p50=103.826ms p99= 193.285ms  errors=0
    q05_customer_tickets                   2930.3 ops/s  p50=  0.878ms p99=  67.704ms  errors=0
    q06_ticket_by_id                       5056.2 ops/s  p50=  0.540ms p99=  64.147ms  errors=0
    r01_holds_expiring_soon                3497.2 ops/s  p50=  0.649ms p99=  67.149ms  errors=0
    r02_seat_status_lookup                 4864.4 ops/s  p50=  0.557ms p99=  63.681ms  errors=0
    r03_section_sales_window@trailing      1446.8 ops/s  p50=  1.107ms p99=  72.762ms  errors=0
    r03_section_sales_window@historical     1540.0 ops/s  p50=  1.111ms p99=  72.249ms  errors=0
    r04_event_recent_confirmations         1710.0 ops/s  p50=  1.061ms p99=  71.706ms  errors=0
    r05_customers_last_purchase_window@trailing       57.7 ops/s  p50=112.203ms p99= 195.350ms  errors=0
    r05_customers_last_purchase_window@historical       60.1 ops/s  p50=110.901ms p99= 189.272ms  errors=0
  wrote /results/s1r_confirm_retry.json
