  engine: PostgreSQL 15.12-YB-2025.2.6.0-b0 on x86_64-pc-linux-gnu, compiled by clang version 19.1.0 (https://github.com/yugabyte/llvm-project.git a2a6b655e14e7fa1fcf1011a6cb29cb8575249c0), 64-bit
  effective isolation for READ COMMITTED requests: read committed
  database clock minus client clock: 0.001 ms
  dataset: 5 venues, 658 events, 56103 tickets and 2217 holds at load
  loading s2_lock_then_update ...
  loaded in 16.6s (copy 5.3s, index 7.7s)
  verifying answers against ground truth ...
    65/65 checks passed (margin 584s); audit on load: consistent (658 events, 56103 tickets; rejections late=0 boundary=0)
  capturing plans ...
  read benchmark:
    q01_section_map@10                     2708.2 ops/s  p50=  0.940ms p99=  68.538ms  errors=0
    q02_event_sections@10                  3567.0 ops/s  p50=  0.725ms p99=  66.447ms  errors=0
    q03_event_available@10                 4047.5 ops/s  p50=  0.628ms p99=  66.550ms  errors=0
    q01_section_map@100                    1639.5 ops/s  p50=  1.492ms p99=  71.038ms  errors=0
    q02_event_sections@100                 3133.3 ops/s  p50=  0.777ms p99=  68.717ms  errors=0
    q03_event_available@100                3960.9 ops/s  p50=  0.644ms p99=  66.710ms  errors=0
    q01_section_map@1000                   1332.3 ops/s  p50=  1.866ms p99=  71.600ms  errors=0
    q02_event_sections@1000                1819.6 ops/s  p50=  1.285ms p99=  71.874ms  errors=0
    q03_event_available@1000               2402.9 ops/s  p50=  1.000ms p99=  70.079ms  errors=0
    q01_section_map@10000                  1000.6 ops/s  p50=  2.320ms p99=  74.303ms  errors=0
    q02_event_sections@10000                267.7 ops/s  p50=  8.636ms p99=  84.712ms  errors=0
    q03_event_available@10000               520.9 ops/s  p50=  3.993ms p99=  80.772ms  errors=0
    q01_section_map@100000                  683.9 ops/s  p50=  3.358ms p99=  76.659ms  errors=0
    q02_event_sections@100000                28.3 ops/s  p50=293.806ms p99= 377.970ms  errors=0
    q03_event_available@100000               60.3 ops/s  p50=108.652ms p99= 193.085ms  errors=0
    q04_hold_seats                          845.8 ops/s  p50=  2.756ms p99=  75.463ms  errors=0
    q05_customer_tickets                   2903.6 ops/s  p50=  0.873ms p99=  67.959ms  errors=0
    q06_ticket_by_id                       5051.9 ops/s  p50=  0.523ms p99=  65.133ms  errors=0
    r01_holds_expiring_soon                3450.8 ops/s  p50=  0.636ms p99=  68.106ms  errors=0
    r02_seat_status_lookup                 4940.7 ops/s  p50=  0.536ms p99=  64.842ms  errors=0
    r03_section_sales_window@trailing      1673.6 ops/s  p50=  1.142ms p99=  71.412ms  errors=0
    r03_section_sales_window@historical     1583.2 ops/s  p50=  1.145ms p99=  72.107ms  errors=0
    r04_event_recent_confirmations         1796.0 ops/s  p50=  1.068ms p99=  71.543ms  errors=0
    r05_customers_last_purchase_window@trailing       59.8 ops/s  p50=110.833ms p99= 188.765ms  errors=0
    r05_customers_last_purchase_window@historical       60.3 ops/s  p50=109.959ms p99= 189.739ms  errors=0
  wrote /results/s2_lock_then_update.json
