  engine: PostgreSQL 15.12-YB-2025.2.6.0-b0 on x86_64-pc-linux-gnu, compiled by clang version 19.1.0 (https://github.com/yugabyte/llvm-project.git a2a6b655e14e7fa1fcf1011a6cb29cb8575249c0), 64-bit
  effective isolation for READ COMMITTED requests: read committed
  database clock minus client clock: 0.002 ms
  dataset: 5 venues, 658 events, 56103 tickets and 2217 holds at load
  loading s3_lock_nowait ...
  loaded in 18.0s (copy 5.9s, index 8.2s)
  verifying answers against ground truth ...
    65/65 checks passed (margin 583s); audit on load: consistent (658 events, 56103 tickets; rejections late=0 boundary=0)
  capturing plans ...
  read benchmark:
    q01_section_map@10                     2638.3 ops/s  p50=  0.952ms p99=  69.076ms  errors=0
    q02_event_sections@10                  3403.5 ops/s  p50=  0.731ms p99=  67.730ms  errors=0
    q03_event_available@10                 4297.4 ops/s  p50=  0.623ms p99=  64.434ms  errors=0
    q01_section_map@100                    1643.4 ops/s  p50=  1.498ms p99=  71.048ms  errors=0
    q02_event_sections@100                 3233.3 ops/s  p50=  0.776ms p99=  67.907ms  errors=0
    q03_event_available@100                3940.8 ops/s  p50=  0.647ms p99=  66.887ms  errors=0
    q01_section_map@1000                   1319.7 ops/s  p50=  1.804ms p99=  72.680ms  errors=0
    q02_event_sections@1000                1840.5 ops/s  p50=  1.271ms p99=  72.180ms  errors=0
    q03_event_available@1000               2354.4 ops/s  p50=  1.017ms p99=  70.234ms  errors=0
    q01_section_map@10000                  1012.4 ops/s  p50=  2.294ms p99=  74.336ms  errors=0
    q02_event_sections@10000                267.1 ops/s  p50=  8.365ms p99=  85.139ms  errors=0
    q03_event_available@10000               513.7 ops/s  p50=  4.120ms p99=  80.571ms  errors=0
    q01_section_map@100000                  690.9 ops/s  p50=  3.290ms p99=  76.800ms  errors=0
    q02_event_sections@100000                28.5 ops/s  p50=294.420ms p99= 376.357ms  errors=0
    q03_event_available@100000               59.8 ops/s  p50=109.070ms p99= 194.770ms  errors=0
    q04_hold_seats                          850.4 ops/s  p50=  2.743ms p99=  75.460ms  errors=0
    q05_customer_tickets                   2905.8 ops/s  p50=  0.885ms p99=  67.786ms  errors=0
    q06_ticket_by_id                       4988.5 ops/s  p50=  0.530ms p99=  65.090ms  errors=0
    r01_holds_expiring_soon                3561.6 ops/s  p50=  0.634ms p99=  67.866ms  errors=0
    r02_seat_status_lookup                 4887.7 ops/s  p50=  0.539ms p99=  64.902ms  errors=0
    r03_section_sales_window@trailing      1595.7 ops/s  p50=  1.124ms p99=  72.339ms  errors=0
    r03_section_sales_window@historical     1563.7 ops/s  p50=  1.114ms p99=  72.417ms  errors=0
    r04_event_recent_confirmations         1568.1 ops/s  p50=  1.060ms p99=  72.510ms  errors=0
    r05_customers_last_purchase_window@trailing       59.8 ops/s  p50=110.865ms p99= 188.926ms  errors=0
    r05_customers_last_purchase_window@historical       59.9 ops/s  p50=110.222ms p99= 189.158ms  errors=0
  wrote /results/s3_lock_nowait.json
