  engine: PostgreSQL 15.12-YB-2025.2.6.0-b0 on x86_64-pc-linux-gnu, compiled by clang version 19.1.0 (https://github.com/yugabyte/llvm-project.git a2a6b655e14e7fa1fcf1011a6cb29cb8575249c0), 64-bit
  effective isolation for READ COMMITTED requests: read committed
  database clock minus client clock: 0.001 ms
  dataset: 5 venues, 658 events, 56103 tickets and 2217 holds at load
  loading s4_check_then_hold_serializable ...
  loaded in 16.2s (copy 5.0s, index 7.6s)
  verifying answers against ground truth ...
    65/65 checks passed (margin 584s); audit on load: consistent (658 events, 56103 tickets; rejections late=0 boundary=0)
  capturing plans ...
  read benchmark:
    q01_section_map@10                     2657.6 ops/s  p50=  0.952ms p99=  68.787ms  errors=0
    q02_event_sections@10                  3408.2 ops/s  p50=  0.739ms p99=  67.749ms  errors=0
    q03_event_available@10                 4179.5 ops/s  p50=  0.619ms p99=  66.395ms  errors=0
    q01_section_map@100                    1464.1 ops/s  p50=  1.598ms p99=  72.971ms  errors=0
    q02_event_sections@100                 3182.3 ops/s  p50=  0.776ms p99=  68.490ms  errors=0
    q03_event_available@100                3771.8 ops/s  p50=  0.662ms p99=  67.365ms  errors=0
    q01_section_map@1000                   1295.6 ops/s  p50=  1.799ms p99=  73.182ms  errors=0
    q02_event_sections@1000                1735.9 ops/s  p50=  1.326ms p99=  72.486ms  errors=0
    q03_event_available@1000               2222.0 ops/s  p50=  1.067ms p99=  70.548ms  errors=0
    q01_section_map@10000                   935.8 ops/s  p50=  2.472ms p99=  74.709ms  errors=0
    q02_event_sections@10000                256.1 ops/s  p50=  8.799ms p99=  85.621ms  errors=0
    q03_event_available@10000               490.2 ops/s  p50=  4.146ms p99=  80.798ms  errors=0
    q01_section_map@100000                  657.4 ops/s  p50=  3.354ms p99=  77.037ms  errors=0
    q02_event_sections@100000                28.0 ops/s  p50=295.509ms p99= 380.297ms  errors=0
    q03_event_available@100000               58.2 ops/s  p50=110.456ms p99= 194.136ms  errors=0
    q04_hold_seats                          851.3 ops/s  p50=  2.711ms p99=  75.938ms  errors=0
    q05_customer_tickets                   2962.2 ops/s  p50=  0.853ms p99=  68.237ms  errors=0
    q06_ticket_by_id                       4948.4 ops/s  p50=  0.531ms p99=  65.290ms  errors=0
    r01_holds_expiring_soon                3463.1 ops/s  p50=  0.646ms p99=  68.371ms  errors=0
    r02_seat_status_lookup                 4737.6 ops/s  p50=  0.557ms p99=  65.253ms  errors=0
    r03_section_sales_window@trailing      1687.0 ops/s  p50=  1.120ms p99=  72.083ms  errors=0
    r03_section_sales_window@historical     1693.3 ops/s  p50=  1.072ms p99=  72.428ms  errors=0
    r04_event_recent_confirmations         1538.8 ops/s  p50=  1.063ms p99=  72.712ms  errors=0
    r05_customers_last_purchase_window@trailing       58.4 ops/s  p50=111.550ms p99= 190.118ms  errors=0
    r05_customers_last_purchase_window@historical       58.6 ops/s  p50=111.635ms p99= 193.432ms  errors=0
  wrote /results/s4_check_then_hold_serializable.json
