  engine: PostgreSQL 17.11 (Debian 17.11-1.pgdg13+2) on x86_64-pc-linux-gnu, compiled by gcc (Debian 14.2.0-19) 14.2.0, 64-bit
  dataset: 10 bands, 90 events, 26100 seats, 6880 sold at load
  loading c1_count_naive ...
  loaded in 0.1s (copy 0.1s, index 0.0s)
  verifying answers against ground truth ...
    38/38 checks passed; audit on load: consistent (90 events, 6880 seats sold)
  capturing plans ...
  read benchmark:
    q01_event_availability@10             40360.1 ops/s  p50=  0.114ms p99=   0.363ms  errors=0
    q01_event_availability@100            37938.2 ops/s  p50=  0.117ms p99=   0.352ms  errors=0
    q01_event_availability@1000           25061.1 ops/s  p50=  0.146ms p99=   0.456ms  errors=0
    q01_event_availability@10000           8771.7 ops/s  p50=  0.294ms p99=   1.420ms  errors=0
    q02_band_events                       21885.8 ops/s  p50=  0.152ms p99=   0.559ms  errors=0
    q03_customer_tickets                  40874.6 ops/s  p50=  0.114ms p99=   0.338ms  errors=0
    q04_ticket_by_id                      50171.8 ops/s  p50=  0.102ms p99=   0.303ms  errors=0
    q05_band_tickets_sold                 22316.9 ops/s  p50=  0.145ms p99=   0.608ms  errors=0
  write benchmark (fresh load per op):
    book                                   3743.4 ops/s  p50=  1.680ms p99=  24.463ms  rejected=0 retries=0 errors=0
      audit after book: consistent (90 events, 9612 seats sold)
    cancel                                 7509.8 ops/s  p50=  1.034ms p99=   1.622ms  rejected=0 retries=0 errors=0
      audit after cancel: consistent (90 events, 2965 seats sold)
    publish@10                             4330.3 ops/s  p50=  0.877ms p99=   1.574ms  rejected=0 retries=0 errors=0
    publish@100                            4227.8 ops/s  p50=  0.889ms p99=   1.378ms  rejected=0 retries=0 errors=0
    publish@1000                           3754.9 ops/s  p50=  0.855ms p99=   1.465ms  rejected=0 retries=0 errors=0
    publish@10000                          1511.7 ops/s  p50=  0.914ms p99=   0.914ms  rejected=0 retries=0 errors=0
    publish@100000                         1918.4 ops/s  p50=  0.648ms p99=   0.648ms  rejected=0 retries=0 errors=0
      audit after publish: consistent (2319 events, 6880 seats sold)
  race (32 buyers per event, fresh load):
    race       10 seats x20      2320.0 sold/s  p50=  3.676ms p99=  29.082ms  attempts/sale=1.00 errors=0  editor p99=23.40ms  OVERBOOKED 20 events (+442 seats)
      audit: VIOLATIONS — 20 overbooked events (+442 seats), 0 duplicate seats, 0 derived-state drifts, 0 ledger mismatches
    race      100 seats x4       8823.7 sold/s  p50=  2.307ms p99=  11.114ms  attempts/sale=1.00 errors=0  editor p99=1.98ms  OVERBOOKED 4 events (+112 seats)
      audit: VIOLATIONS — 24 overbooked events (+554 seats), 0 duplicate seats, 0 derived-state drifts, 0 ledger mismatches
    race     1000 seats x1       4734.1 sold/s  p50=  2.812ms p99=  62.000ms  attempts/sale=1.00 errors=0  editor p99=2.48ms  OVERBOOKED 1 events (+29 seats)
      audit: VIOLATIONS — 25 overbooked events (+583 seats), 0 duplicate seats, 0 derived-state drifts, 0 ledger mismatches
    race    10000 seats x1       2047.8 sold/s  p50=  4.576ms p99=  83.230ms  attempts/sale=1.00 errors=0  editor p99=76.39ms  OVERBOOKED 1 events (+31 seats)
      audit: VIOLATIONS — 26 overbooked events (+614 seats), 0 duplicate seats, 0 derived-state drifts, 0 ledger mismatches
  churn (32 buyers per event, fresh load):
    churn      10 seats x10      5210.2 sold/s  p50=  2.992ms p99=   7.057ms  attempts/sale=1.00 errors=0  editor p99=3.82ms  OVERBOOKED 10 events (+189 seats)
      audit: VIOLATIONS — 10 overbooked events (+189 seats), 0 duplicate seats, 0 derived-state drifts, 0 ledger mismatches
    churn     100 seats x2       9162.1 sold/s  p50=  2.713ms p99=   4.621ms  attempts/sale=1.00 errors=0  editor p99=2.69ms  OVERBOOKED 2 events (+44 seats)
      audit: VIOLATIONS — 12 overbooked events (+233 seats), 0 duplicate seats, 0 derived-state drifts, 0 ledger mismatches
    churn    1000 seats x1       5288.5 sold/s  p50=  2.706ms p99=  58.670ms  attempts/sale=1.00 errors=0  editor p99=32.26ms  OVERBOOKED 1 events (+19 seats)
      audit: VIOLATIONS — 13 overbooked events (+252 seats), 0 duplicate seats, 0 derived-state drifts, 0 ledger mismatches
  wrote /results/c1_count_naive.json
