  engine: PostgreSQL 17.11 (Debian 17.11-1.pgdg13+2) on x86_64-pc-linux-gnu, compiled by gcc (Debian 14.2.0-19) 14.2.0, 64-bit
  dataset: 10 bands, 90 events, 26100 seats, 6880 sold at load
  loading h1_hold_checked_confirm ...
  loaded in 0.1s (copy 0.1s, index 0.0s)
  verifying answers against ground truth ...
    38/38 checks passed; audit on load: consistent (90 events, 6880 seats sold)
  capturing plans ...
  read benchmark:
    q01_event_availability@10             51254.1 ops/s  p50=  0.102ms p99=   0.303ms  errors=0
    q01_event_availability@100            51308.4 ops/s  p50=  0.103ms p99=   0.299ms  errors=0
    q01_event_availability@1000           52059.9 ops/s  p50=  0.103ms p99=   0.303ms  errors=0
    q01_event_availability@10000          50859.7 ops/s  p50=  0.103ms p99=   0.320ms  errors=0
    q02_band_events                       39440.0 ops/s  p50=  0.119ms p99=   0.346ms  errors=0
    q03_customer_tickets                  40238.5 ops/s  p50=  0.116ms p99=   0.362ms  errors=0
    q04_ticket_by_id                      49551.9 ops/s  p50=  0.102ms p99=   0.330ms  errors=0
    q05_band_tickets_sold                 22816.0 ops/s  p50=  0.139ms p99=   0.585ms  errors=0
  write benchmark (fresh load per op):
    book                                   1524.0 ops/s  p50=  4.425ms p99=  15.463ms  rejected=0 retries=0 errors=0
      audit after book: consistent (90 events, 8736 seats sold)
    cancel                                 1870.5 ops/s  p50=  3.449ms p99=  15.258ms  rejected=0 retries=0 errors=0
      audit after cancel: consistent (90 events, 4615 seats sold)
    publish@10                             4109.2 ops/s  p50=  0.919ms p99=   1.736ms  rejected=0 retries=0 errors=0
    publish@100                            4280.3 ops/s  p50=  0.886ms p99=   1.381ms  rejected=0 retries=0 errors=0
    publish@1000                           3359.8 ops/s  p50=  1.081ms p99=   1.503ms  rejected=0 retries=0 errors=0
    publish@10000                          1189.7 ops/s  p50=  1.116ms p99=   1.116ms  rejected=0 retries=0 errors=0
    publish@100000                         1454.1 ops/s  p50=  0.925ms p99=   0.925ms  rejected=0 retries=0 errors=0
      audit after publish: consistent (2319 events, 6880 seats sold)
  race (32 buyers per event, fresh load):
    race       10 seats x20       486.8 sold/s  p50=  7.820ms p99=  31.490ms  attempts/sale=1.00 errors=0  editor p99=17.20ms  ok
      audit: consistent (90 events, 7080 seats sold)
    race      100 seats x4        783.4 sold/s  p50= 20.254ms p99= 127.637ms  attempts/sale=1.00 errors=0  editor p99=52.05ms  ok
      audit: consistent (90 events, 7480 seats sold)
    race     1000 seats x1        791.1 sold/s  p50= 28.459ms p99= 167.397ms  attempts/sale=1.00 errors=0  editor p99=150.12ms  ok
      audit: consistent (90 events, 8480 seats sold)
    race    10000 seats x1        655.2 sold/s  p50= 31.847ms p99= 232.567ms  attempts/sale=1.00 errors=0  editor p99=214.29ms  ok
      audit: consistent (90 events, 18480 seats sold)
  churn (32 buyers per event, fresh load):
    churn      10 seats x10       622.7 sold/s  p50=  7.853ms p99=  16.707ms  attempts/sale=1.00 errors=0  editor p99=14.36ms  ok
      audit: consistent (90 events, 6980 seats sold)
    churn     100 seats x2        807.1 sold/s  p50= 20.647ms p99= 101.518ms  attempts/sale=1.00 errors=0  editor p99=28.22ms  ok
      audit: consistent (90 events, 7180 seats sold)
    churn    1000 seats x1        673.4 sold/s  p50= 30.553ms p99= 199.077ms  attempts/sale=1.00 errors=0  editor p99=81.90ms  ok
      audit: consistent (90 events, 8180 seats sold)
  holds (32 buyers per event, TTL 250ms, fresh load):
    holds      10 seats x10      11.1 confirmed/s  holds=154 abandoned=42 late-rejected=11 swept=54 errors=0  ok
      audit: consistent (90 events, 6980 seats sold)
    holds     100 seats x4       59.1 confirmed/s  holds=611 abandoned=170 late-rejected=41 swept=211 errors=0  ok
      audit: consistent (90 events, 7380 seats sold)
    holds    1000 seats x1      123.9 confirmed/s  holds=1527 abandoned=424 late-rejected=103 swept=527 errors=0  ok
      audit: consistent (90 events, 8380 seats sold)
  wrote /results/h1_hold_checked_confirm.json
