  engine: PostgreSQL 17.11 (Debian 17.11-1.pgdg13+2) on x86_64-pc-linux-gnu, compiled by gcc (Debian 14.2.0-19) 14.2.0, 64-bit
  dataset: 10 bands, 90 events, 26100 seats, 6880 sold at load
  loading p2_precreated_skip_locked ...
  loaded in 0.1s (copy 0.1s, index 0.0s)
  verifying answers against ground truth ...
    38/38 checks passed; audit on load: consistent (90 events, 6880 seats sold)
  capturing plans ...
  read benchmark:
    q01_event_availability@10             25502.9 ops/s  p50=  0.145ms p99=   0.474ms  errors=0
    q01_event_availability@100            23014.9 ops/s  p50=  0.154ms p99=   0.514ms  errors=0
    q01_event_availability@1000           16878.1 ops/s  p50=  0.185ms p99=   0.594ms  errors=0
    q01_event_availability@10000           5763.3 ops/s  p50=  0.367ms p99=  66.344ms  errors=0
    q02_band_events                       10020.3 ops/s  p50=  0.184ms p99=   2.692ms  errors=0
    q03_customer_tickets                  42639.8 ops/s  p50=  0.108ms p99=   0.457ms  errors=0
    q04_ticket_by_id                      50650.0 ops/s  p50=  0.101ms p99=   0.312ms  errors=0
    q05_band_tickets_sold                  5119.2 ops/s  p50=  0.316ms p99=  65.568ms  errors=0
  write benchmark (fresh load per op):
    book                                   6082.1 ops/s  p50=  1.255ms p99=   1.984ms  rejected=6 retries=0 errors=0
      audit after book: consistent (90 events, 10043 seats sold)
    cancel                                 6412.8 ops/s  p50=  1.092ms p99=   2.014ms  rejected=0 retries=0 errors=0
      audit after cancel: consistent (90 events, 3131 seats sold)
    publish@10                             2703.4 ops/s  p50=  1.309ms p99=   2.393ms  rejected=0 retries=0 errors=0
    publish@100                            1938.9 ops/s  p50=  1.920ms p99=   3.301ms  rejected=0 retries=0 errors=0
    publish@1000                            299.6 ops/s  p50=  8.737ms p99=  32.074ms  rejected=0 retries=0 errors=0
    publish@10000                            28.0 ops/s  p50= 50.492ms p99=  50.492ms  rejected=0 retries=0 errors=0
    publish@100000                            3.2 ops/s  p50=510.359ms p99= 510.359ms  rejected=0 retries=0 errors=0
      audit after publish: consistent (2319 events, 6880 seats sold)
  race (32 buyers per event, fresh load):
    race       10 seats x20       704.7 sold/s  p50=  4.931ms p99=  33.395ms  attempts/sale=20.72 errors=0  editor p99=24.13ms  ok
      audit: consistent (90 events, 7080 seats sold)
    race      100 seats x4       4062.7 sold/s  p50=  3.373ms p99=  40.774ms  attempts/sale=2.13 errors=0  editor p99=4.70ms  ok
      audit: consistent (90 events, 7480 seats sold)
    race     1000 seats x1       3846.1 sold/s  p50=  3.051ms p99=  64.735ms  attempts/sale=1.09 errors=0  editor p99=4.62ms  ok
      audit: consistent (90 events, 8480 seats sold)
    race    10000 seats x1       3964.1 sold/s  p50=  3.161ms p99=  66.223ms  attempts/sale=1.00 errors=0  editor p99=49.61ms  ok
      audit: consistent (90 events, 18480 seats sold)
  churn (32 buyers per event, fresh load):
    churn      10 seats x10      1501.5 sold/s  p50=  4.058ms p99=   6.139ms  attempts/sale=12.17 errors=0  editor p99=4.41ms  ok
      audit: consistent (90 events, 6980 seats sold)
    churn     100 seats x2       5502.5 sold/s  p50=  3.300ms p99=   6.468ms  attempts/sale=2.15 errors=0  editor p99=1.73ms  ok
      audit: consistent (90 events, 7180 seats sold)
    churn    1000 seats x1       4593.5 sold/s  p50=  2.899ms p99=  63.657ms  attempts/sale=1.03 errors=0  editor p99=14.01ms  ok
      audit: consistent (90 events, 8180 seats sold)
  wrote /results/p2_precreated_skip_locked.json
