  engine: PostgreSQL 15.12-YB-2025.2.6.0-b0 on x86_64-pc-linux-gnu, compiled by clang version 19.1.0 (https://github.com/yugabyte/llvm-project.git a2a6b655e14e7fa1fcf1011a6cb29cb8575249c0), 64-bit
  effective isolation for READ COMMITTED requests: read committed
  database clock minus client clock: 0.013 ms
  dataset: 5 venues, 84 events, 5741 tickets and 165 holds at load
  loading s1_conditional_update ...
  loaded in 24.0s (copy 5.3s, index 14.5s)
  verifying answers against ground truth ...
    51/51 checks passed (margin 580s); audit on load: consistent (84 events, 5741 tickets; rejections late=0 boundary=0)
  capturing plans ...
  race trial 1/8 (32 buyers per event, fresh load):
      race event 77: gate 2026-09-14T17:00:46.008624158Z, deadline 2026-09-14T17:01:06.008624158Z
    race  10000 seats x1         36.2 seats/s  conflicts/hold=0.25 reads/hold=1.25  hold p50=193.80ms p99=1487.84ms  deferred 35/35 ok  errors=0  ok, 1 timed out (7% sold)
      audit: consistent (1 events, 743 tickets; rejections late=0 boundary=0)
  race trial 2/8 (32 buyers per event, fresh load):
      race event 77: gate 2026-09-14T17:01:29.489604626Z, deadline 2026-09-14T17:01:49.489604626Z
    race  10000 seats x1         33.1 seats/s  conflicts/hold=0.30 reads/hold=1.30  hold p50=212.74ms p99=600.46ms  deferred 36/36 ok  errors=0  VIOLATIONS, 1 timed out (7% sold)
      audit: VIOLATIONS — thefts 0, grants on sold seats 0, double sales 0, sales without the hold 0, late sales 0, early rejections 1, duplicate seats 0, inventory drift 0, invalid seats 0, partial holds 0, ticket mismatches 0
  race trial 3/8 (32 buyers per event, fresh load):
      race event 77: gate 2026-09-14T17:02:16.413141463Z, deadline 2026-09-14T17:02:36.413141463Z
    race  10000 seats x1         27.0 seats/s  conflicts/hold=0.40 reads/hold=1.40  hold p50=291.18ms p99=698.34ms  deferred 24/24 ok  errors=0  VIOLATIONS, 1 timed out (6% sold)
      audit: VIOLATIONS — thefts 0, grants on sold seats 0, double sales 0, sales without the hold 0, late sales 0, early rejections 1, duplicate seats 0, inventory drift 0, invalid seats 0, partial holds 0, ticket mismatches 0
  race trial 4/8 (32 buyers per event, fresh load):
      race event 77: gate 2026-09-14T17:03:02.192086952Z, deadline 2026-09-14T17:03:22.192086952Z
    race  10000 seats x1         29.0 seats/s  conflicts/hold=0.42 reads/hold=1.42  hold p50=277.24ms p99=705.33ms  deferred 32/32 ok  errors=0  ok, 1 timed out (6% sold)
      audit: consistent (1 events, 603 tickets; rejections late=0 boundary=0)
  race trial 5/8 (32 buyers per event, fresh load):
      race event 77: gate 2026-09-14T17:03:48.393000988Z, deadline 2026-09-14T17:04:08.393000988Z
    race  10000 seats x1         29.4 seats/s  conflicts/hold=0.36 reads/hold=1.36  hold p50=217.83ms p99=797.78ms  deferred 27/27 ok  errors=0  ok, 1 timed out (6% sold)
      audit: consistent (1 events, 613 tickets; rejections late=0 boundary=0)
  race trial 6/8 (32 buyers per event, fresh load):
      race event 77: gate 2026-09-14T17:04:39.221880957Z, deadline 2026-09-14T17:04:59.221880957Z
    race  10000 seats x1         29.9 seats/s  conflicts/hold=0.39 reads/hold=1.39  hold p50=295.95ms p99=711.90ms  deferred 29/29 ok  errors=0  ok, 1 timed out (6% sold)
      audit: consistent (1 events, 614 tickets; rejections late=0 boundary=0)
  race trial 7/8 (32 buyers per event, fresh load):
      race event 77: gate 2026-09-14T17:05:26.262716267Z, deadline 2026-09-14T17:05:46.262716267Z
    race  10000 seats x1         31.4 seats/s  conflicts/hold=0.32 reads/hold=1.32  hold p50=288.43ms p99=822.34ms  deferred 34/34 ok  errors=0  ok, 1 timed out (6% sold)
      audit: consistent (1 events, 649 tickets; rejections late=0 boundary=0)
  race trial 8/8 (32 buyers per event, fresh load):
      race event 77: gate 2026-09-14T17:06:16.012301392Z, deadline 2026-09-14T17:06:36.012301392Z
    race  10000 seats x1         29.4 seats/s  conflicts/hold=0.35 reads/hold=1.35  hold p50=293.13ms p99=792.90ms  deferred 31/31 ok  errors=0  ok, 1 timed out (6% sold)
      audit: consistent (1 events, 600 tickets; rejections late=0 boundary=0)
  wrote /results/s1_conditional_update.json
