  engine: PostgreSQL 17.11 (Debian 17.11-1.pgdg13+2) on x86_64-pc-linux-gnu, compiled by gcc (Debian 14.2.0-19) 14.2.0, 64-bit
  database clock minus client clock: -0.001 ms
  dataset: 5 venues, 84 events, 5741 tickets and 165 holds at load
  loading e1_sweeper_expiry ...
  loaded in 0.4s (copy 0.3s, index 0.0s)
  verifying answers against ground truth ...
    51/51 checks passed (margin 603s); audit on load: consistent (84 events, 5741 tickets; rejections late=0 boundary=0)
  race trial 1/1 (32 buyers per event, fresh load):
    race     10 seats x20       322.3 seats/s  conflicts/hold=8.99 reads/hold=16.55  hold p50=3.31ms p99=46.45ms  deferred 14/14 ok  errors=0  ok
      audit: consistent (20 events, 200 tickets; rejections late=0 boundary=0)
    race    100 seats x4       1174.0 seats/s  conflicts/hold=3.06 reads/hold=5.64  hold p50=3.06ms p99=60.89ms  deferred 11/11 ok  errors=0  ok
      audit: consistent (4 events, 400 tickets; rejections late=0 boundary=0)
    race   1000 seats x1       1164.2 seats/s  conflicts/hold=1.38 reads/hold=4.01  hold p50=3.95ms p99=72.68ms  deferred 49/49 ok  errors=0  ok
      audit: consistent (1 events, 1000 tickets; rejections late=0 boundary=0)
    race  10000 seats x1        663.3 seats/s  conflicts/hold=0.39 reads/hold=3.68  hold p50=5.85ms p99=91.38ms  deferred 436/436 ok  errors=0  ok
      audit: consistent (1 events, 10000 tickets; rejections late=0 boundary=0)
  lifecycle trial 1/1 (32 buyers per event, one human minute = 50ms, fresh load):
    lifecycle    10 seats x2       2.0 confirmed seats/s  holds=22 abandoned=4+3 expired@check=1 rejected late/boundary/early=0/0/0  outage unavailable=0/0  leaked=0 errors=0  ok
      audit: consistent (2 events, 20 tickets; rejections late=0 boundary=0)
    lifecycle   100 seats x2      14.1 confirmed seats/s  holds=145 abandoned=22+13 expired@check=2 rejected late/boundary/early=1/0/0  outage unavailable=4/4  leaked=0 errors=0  ok
      audit: consistent (2 events, 200 tickets; rejections late=1 boundary=0)
    lifecycle  1000 seats x1      71.2 confirmed seats/s  holds=595 abandoned=89+45 expired@check=31 rejected late/boundary/early=10/0/0  outage unavailable=9/9  leaked=0 errors=0  ok
      audit: consistent (1 events, 976 tickets; rejections late=10 boundary=0)
  wrote /results/e1_sweeper_expiry.json
