  engine: PostgreSQL 17.11 (Debian 17.11-1.pgdg13+2) on x86_64-pc-linux-gnu, compiled by gcc (Debian 14.2.0-19) 14.2.0, 64-bit
  database clock minus client clock: 0.004 ms
  dataset: 5 venues, 84 events, 5741 tickets and 165 holds at load
  loading l2_section_document ...
  loaded in 0.4s (copy 0.3s, index 0.0s)
  verifying answers against ground truth ...
    51/51 checks passed (margin 603s); audit on load: consistent (84 events, 5741 tickets; rejections late=0 boundary=0)
  race trial 1/1 (32 buyers per event, fresh load):
    race     10 seats x20       206.5 seats/s  conflicts/hold=11.87 reads/hold=22.87  hold p50=1.51ms p99=27.72ms  deferred 9/9 ok  errors=0  ok
      audit: consistent (20 events, 200 tickets; rejections late=0 boundary=0)
    race    100 seats x4        320.0 seats/s  conflicts/hold=4.34 reads/hold=6.75  hold p50=7.80ms p99=75.26ms  deferred 18/18 ok  errors=0  ok
      audit: consistent (4 events, 400 tickets; rejections late=0 boundary=0)
    race   1000 seats x1        458.2 seats/s  conflicts/hold=1.84 reads/hold=4.24  hold p50=3.30ms p99=178.71ms  deferred 50/50 ok  errors=0  ok
      audit: consistent (1 events, 1000 tickets; rejections late=0 boundary=0)
    race  10000 seats x1        379.1 seats/s  conflicts/hold=0.64 reads/hold=4.53  hold p50=3.27ms p99=305.91ms  deferred 433/433 ok  errors=0  ok
      audit: consistent (1 events, 10000 tickets; rejections late=0 boundary=0)
  lifecycle trial 1/1 (32 buyers per event, one human minute = 50ms, fresh load):
    lifecycle    10 seats x2       1.5 confirmed seats/s  holds=28 abandoned=9+1 expired@check=0 rejected late/boundary/early=0/0/0  outage unavailable=0/0  leaked=0 errors=0  ok
      audit: consistent (2 events, 20 tickets; rejections late=0 boundary=0)
    lifecycle   100 seats x2      16.5 confirmed seats/s  holds=152 abandoned=25+17 expired@check=4 rejected late/boundary/early=2/0/0  outage unavailable=0/0  leaked=0 errors=0  ok
      audit: consistent (2 events, 200 tickets; rejections late=2 boundary=0)
    lifecycle  1000 seats x1      70.7 confirmed seats/s  holds=585 abandoned=71+61 expired@check=17 rejected late/boundary/early=5/0/0  outage unavailable=0/4  leaked=0 errors=0  ok
      audit: consistent (1 events, 980 tickets; rejections late=5 boundary=0)
  wrote /results/l2_section_document.json
