  engine: PostgreSQL 15.12-YB-2025.2.6.0-b0 on x86_64-pc-linux-gnu, compiled by clang version 19.1.0 (https://github.com/yugabyte/llvm-project.git a2a6b655e14e7fa1fcf1011a6cb29cb8575249c0), 64-bit
  effective isolation for READ COMMITTED requests: read committed
  database clock minus client clock: 0.008 ms
  dataset: 5 venues, 84 events, 5741 tickets and 165 holds at load
  loading e1_sweeper_expiry ...
  loaded in 20.3s (copy 5.2s, index 8.2s)
  verifying answers against ground truth ...
    51/51 checks passed (margin 589s); audit on load: consistent (84 events, 5741 tickets; rejections late=0 boundary=0)
  race trial 1/4 (32 buyers per event, fresh load):
      race event 52: gate 2026-09-14T19:16:43.726839337Z, deadline 2026-09-14T19:17:43.726839337Z
      race event 53: gate 2026-09-14T19:16:51.314843949Z, deadline 2026-09-14T19:17:51.314843949Z
      race event 54: gate 2026-09-14T19:16:52.475560983Z, deadline 2026-09-14T19:17:52.475560983Z
      race event 55: gate 2026-09-14T19:16:54.268852484Z, deadline 2026-09-14T19:17:54.268852484Z
      race event 56: gate 2026-09-14T19:16:56.620000572Z, deadline 2026-09-14T19:17:56.620000572Z
      race event 57: gate 2026-09-14T19:16:57.814125353Z, deadline 2026-09-14T19:17:57.814125353Z
      race event 58: gate 2026-09-14T19:16:58.78001201Z, deadline 2026-09-14T19:17:58.78001201Z
      race event 59: gate 2026-09-14T19:16:59.536723354Z, deadline 2026-09-14T19:17:59.536723354Z
      race event 60: gate 2026-09-14T19:17:00.510310737Z, deadline 2026-09-14T19:18:00.510310737Z
      race event 61: gate 2026-09-14T19:17:01.087947723Z, deadline 2026-09-14T19:18:01.087947723Z
      race event 62: gate 2026-09-14T19:17:02.074721355Z, deadline 2026-09-14T19:18:02.074721355Z
      race event 63: gate 2026-09-14T19:17:02.773767003Z, deadline 2026-09-14T19:18:02.773767003Z
      race event 64: gate 2026-09-14T19:17:04.166143232Z, deadline 2026-09-14T19:18:04.166143232Z
      race event 65: gate 2026-09-14T19:17:05.496836606Z, deadline 2026-09-14T19:18:05.496836606Z
      race event 66: gate 2026-09-14T19:17:06.318422453Z, deadline 2026-09-14T19:18:06.318422453Z
      race event 67: gate 2026-09-14T19:17:07.240553406Z, deadline 2026-09-14T19:18:07.240553406Z
      race event 68: gate 2026-09-14T19:17:08.286931247Z, deadline 2026-09-14T19:18:08.286931247Z
      race event 69: gate 2026-09-14T19:17:08.809875849Z, deadline 2026-09-14T19:18:08.809875849Z
      race event 70: gate 2026-09-14T19:17:10.372888477Z, deadline 2026-09-14T19:18:10.372888477Z
      race event 71: gate 2026-09-14T19:17:11.40205588Z, deadline 2026-09-14T19:18:11.40205588Z
    race     10 seats x20        14.0 seats/s  conflicts/hold=6.37 reads/hold=13.36  hold p50=102.27ms p99=917.04ms  deferred 10/10 ok  confirm retries sold/run=0/0  errors=0  ok
      audit: consistent (20 events, 200 tickets; rejections late=0 boundary=0)
      race event 72: gate 2026-09-14T19:17:12.287985912Z, deadline 2026-09-14T19:18:12.287985912Z
      race event 73: gate 2026-09-14T19:17:15.30847727Z, deadline 2026-09-14T19:18:15.30847727Z
      race event 74: gate 2026-09-14T19:17:18.28811401Z, deadline 2026-09-14T19:18:18.28811401Z
      race event 75: gate 2026-09-14T19:17:24.512367405Z, deadline 2026-09-14T19:18:24.512367405Z
    race    100 seats x4         35.1 seats/s  conflicts/hold=2.63 reads/hold=5.01  hold p50=113.26ms p99=603.08ms  deferred 23/23 ok  confirm retries sold/run=0/0  errors=0  ok
      audit: consistent (4 events, 400 tickets; rejections late=0 boundary=0)
      race event 76: gate 2026-09-14T19:17:28.2056678Z, deadline 2026-09-14T19:18:28.2056678Z
    race   1000 seats x1         36.1 seats/s  conflicts/hold=1.09 reads/hold=3.11  hold p50=188.83ms p99=575.87ms  deferred 50/50 ok  confirm retries sold/run=0/0  errors=0  ok
      audit: consistent (1 events, 1000 tickets; rejections late=0 boundary=0)
      race event 77: gate 2026-09-14T19:17:59.904660823Z, deadline 2026-09-14T19:18:59.904660823Z
    race  10000 seats x1         32.5 seats/s  conflicts/hold=0.33 reads/hold=1.39  hold p50=271.34ms p99=702.82ms  deferred 74/74 ok  confirm retries sold/run=0/0  errors=0  VIOLATIONS, 1 timed out (20% sold)
      audit: VIOLATIONS — thefts 0, grants on sold seats 0, double sales 0, sales without the hold 0, late sales 0, early rejections 2 (transient 2), duplicate seats 0, inventory drift 0, invalid seats 0, partial holds 0, ticket mismatches 0
  race trial 2/4 (32 buyers per event, fresh load):
      race event 52: gate 2026-09-14T19:19:29.834797868Z, deadline 2026-09-14T19:20:29.834797868Z
      race event 53: gate 2026-09-14T19:19:31.711897127Z, deadline 2026-09-14T19:20:31.711897127Z
      race event 54: gate 2026-09-14T19:19:32.840903154Z, deadline 2026-09-14T19:20:32.840903154Z
      race event 55: gate 2026-09-14T19:19:33.63865367Z, deadline 2026-09-14T19:20:33.63865367Z
      race event 56: gate 2026-09-14T19:19:35.022599943Z, deadline 2026-09-14T19:20:35.022599943Z
      race event 57: gate 2026-09-14T19:19:35.745140887Z, deadline 2026-09-14T19:20:35.745140887Z
      race event 58: gate 2026-09-14T19:19:36.797227497Z, deadline 2026-09-14T19:20:36.797227497Z
      race event 59: gate 2026-09-14T19:19:38.246655076Z, deadline 2026-09-14T19:20:38.246655076Z
      race event 60: gate 2026-09-14T19:19:38.748417365Z, deadline 2026-09-14T19:20:38.748417365Z
      race event 61: gate 2026-09-14T19:19:39.31417056Z, deadline 2026-09-14T19:20:39.31417056Z
      race event 62: gate 2026-09-14T19:19:39.899343251Z, deadline 2026-09-14T19:20:39.899343251Z
      race event 63: gate 2026-09-14T19:19:41.508864554Z, deadline 2026-09-14T19:20:41.508864554Z
      race event 64: gate 2026-09-14T19:19:45.840835595Z, deadline 2026-09-14T19:20:45.840835595Z
      race event 65: gate 2026-09-14T19:19:46.762315288Z, deadline 2026-09-14T19:20:46.762315288Z
      race event 66: gate 2026-09-14T19:19:47.349469865Z, deadline 2026-09-14T19:20:47.349469865Z
      race event 67: gate 2026-09-14T19:19:47.950908366Z, deadline 2026-09-14T19:20:47.950908366Z
      race event 68: gate 2026-09-14T19:19:49.131417136Z, deadline 2026-09-14T19:20:49.131417136Z
      race event 69: gate 2026-09-14T19:19:50.019658828Z, deadline 2026-09-14T19:20:50.019658828Z
      race event 70: gate 2026-09-14T19:19:51.658532026Z, deadline 2026-09-14T19:20:51.658532026Z
      race event 71: gate 2026-09-14T19:19:52.415080623Z, deadline 2026-09-14T19:20:52.415080623Z
    race     10 seats x20        13.0 seats/s  conflicts/hold=6.47 reads/hold=13.63  hold p50=107.08ms p99=928.36ms  deferred 9/9 ok  confirm retries sold/run=0/0  errors=0  ok
      audit: consistent (20 events, 200 tickets; rejections late=0 boundary=0)
      race event 72: gate 2026-09-14T19:19:53.84046686Z, deadline 2026-09-14T19:20:53.84046686Z
      race event 73: gate 2026-09-14T19:19:56.939317994Z, deadline 2026-09-14T19:20:56.939317994Z
      race event 74: gate 2026-09-14T19:19:59.720760929Z, deadline 2026-09-14T19:20:59.720760929Z
      race event 75: gate 2026-09-14T19:20:02.563109186Z, deadline 2026-09-14T19:21:02.563109186Z
    race    100 seats x4         33.5 seats/s  conflicts/hold=2.46 reads/hold=4.91  hold p50=111.35ms p99=613.48ms  deferred 15/15 ok  confirm retries sold/run=0/0  errors=0  ok
      audit: consistent (4 events, 400 tickets; rejections late=0 boundary=0)
      race event 76: gate 2026-09-14T19:20:07.145230029Z, deadline 2026-09-14T19:21:07.145230029Z
    race   1000 seats x1         36.0 seats/s  conflicts/hold=0.90 reads/hold=2.96  hold p50=194.62ms p99=594.71ms  deferred 51/51 ok  confirm retries sold/run=0/0  errors=0  ok
      audit: consistent (1 events, 1000 tickets; rejections late=0 boundary=0)
      race event 77: gate 2026-09-14T19:20:39.12088237Z, deadline 2026-09-14T19:21:39.12088237Z
    race  10000 seats x1         25.3 seats/s  conflicts/hold=0.34 reads/hold=1.34  hold p50=311.87ms p99=812.73ms  deferred 63/63 ok  confirm retries sold/run=0/0  errors=0  VIOLATIONS, 1 timed out (15% sold)
      audit: VIOLATIONS — thefts 0, grants on sold seats 0, double sales 0, sales without the hold 0, late sales 0, early rejections 1 (transient 1), duplicate seats 0, inventory drift 0, invalid seats 0, partial holds 0, ticket mismatches 0
  race trial 3/4 (32 buyers per event, fresh load):
      race event 52: gate 2026-09-14T19:22:10.132736941Z, deadline 2026-09-14T19:23:10.132736941Z
      race event 53: gate 2026-09-14T19:22:11.229065088Z, deadline 2026-09-14T19:23:11.229065088Z
      race event 54: gate 2026-09-14T19:22:12.256560962Z, deadline 2026-09-14T19:23:12.256560962Z
      race event 55: gate 2026-09-14T19:22:12.960373619Z, deadline 2026-09-14T19:23:12.960373619Z
      race event 56: gate 2026-09-14T19:22:14.462310076Z, deadline 2026-09-14T19:23:14.462310076Z
      race event 57: gate 2026-09-14T19:22:14.937135048Z, deadline 2026-09-14T19:23:14.937135048Z
      race event 58: gate 2026-09-14T19:22:15.641310121Z, deadline 2026-09-14T19:23:15.641310121Z
      race event 59: gate 2026-09-14T19:22:16.004331199Z, deadline 2026-09-14T19:23:16.004331199Z
      race event 60: gate 2026-09-14T19:22:17.059927473Z, deadline 2026-09-14T19:23:17.059927473Z
      race event 61: gate 2026-09-14T19:22:17.514156318Z, deadline 2026-09-14T19:23:17.514156318Z
      race event 62: gate 2026-09-14T19:22:18.422991929Z, deadline 2026-09-14T19:23:18.422991929Z
      race event 63: gate 2026-09-14T19:22:19.361235631Z, deadline 2026-09-14T19:23:19.361235631Z
      race event 64: gate 2026-09-14T19:22:20.345165396Z, deadline 2026-09-14T19:23:20.345165396Z
      race event 65: gate 2026-09-14T19:22:21.897915011Z, deadline 2026-09-14T19:23:21.897915011Z
      race event 66: gate 2026-09-14T19:22:22.830098726Z, deadline 2026-09-14T19:23:22.830098726Z
      race event 67: gate 2026-09-14T19:22:23.950044897Z, deadline 2026-09-14T19:23:23.950044897Z
      race event 68: gate 2026-09-14T19:22:25.057305447Z, deadline 2026-09-14T19:23:25.057305447Z
      race event 69: gate 2026-09-14T19:22:25.550343173Z, deadline 2026-09-14T19:23:25.550343173Z
      race event 70: gate 2026-09-14T19:22:27.937769938Z, deadline 2026-09-14T19:23:27.937769938Z
      race event 71: gate 2026-09-14T19:22:28.548206977Z, deadline 2026-09-14T19:23:28.548206977Z
    race     10 seats x20        14.2 seats/s  conflicts/hold=7.09 reads/hold=15.28  hold p50=100.56ms p99=890.18ms  deferred 17/17 ok  confirm retries sold/run=0/0  errors=0  ok
      audit: consistent (20 events, 200 tickets; rejections late=0 boundary=0)
      race event 72: gate 2026-09-14T19:22:29.755004231Z, deadline 2026-09-14T19:23:29.755004231Z
      race event 73: gate 2026-09-14T19:22:32.256050571Z, deadline 2026-09-14T19:23:32.256050571Z
      race event 74: gate 2026-09-14T19:22:35.705861921Z, deadline 2026-09-14T19:23:35.705861921Z
      race event 75: gate 2026-09-14T19:22:39.039798329Z, deadline 2026-09-14T19:23:39.039798329Z
    race    100 seats x4         36.6 seats/s  conflicts/hold=2.46 reads/hold=4.80  hold p50=118.16ms p99=484.98ms  deferred 25/25 ok  confirm retries sold/run=0/0  errors=0  ok
      audit: consistent (4 events, 400 tickets; rejections late=0 boundary=0)
      race event 76: gate 2026-09-14T19:22:43.511466596Z, deadline 2026-09-14T19:23:43.511466596Z
    race   1000 seats x1         36.4 seats/s  conflicts/hold=0.93 reads/hold=3.35  hold p50=186.51ms p99=487.07ms  deferred 55/55 ok  confirm retries sold/run=0/0  errors=0  VIOLATIONS
      audit: VIOLATIONS — thefts 0, grants on sold seats 0, double sales 0, sales without the hold 0, late sales 0, early rejections 2 (transient 2), duplicate seats 0, inventory drift 0, invalid seats 0, partial holds 0, ticket mismatches 0
      race event 77: gate 2026-09-14T19:23:11.934861306Z, deadline 2026-09-14T19:24:11.934861306Z
    race  10000 seats x1         30.0 seats/s  conflicts/hold=0.32 reads/hold=1.35  hold p50=294.43ms p99=791.34ms  deferred 73/73 ok  confirm retries sold/run=0/0  errors=0  ok, 1 timed out (18% sold)
      audit: consistent (1 events, 1819 tickets; rejections late=0 boundary=0)
  race trial 4/4 (32 buyers per event, fresh load):
      race event 52: gate 2026-09-14T19:24:45.533994612Z, deadline 2026-09-14T19:25:45.533994612Z
      race event 53: gate 2026-09-14T19:24:46.886385775Z, deadline 2026-09-14T19:25:46.886385775Z
      race event 54: gate 2026-09-14T19:24:48.009997107Z, deadline 2026-09-14T19:25:48.009997107Z
      race event 55: gate 2026-09-14T19:24:49.130730765Z, deadline 2026-09-14T19:25:49.130730765Z
      race event 56: gate 2026-09-14T19:24:49.979578066Z, deadline 2026-09-14T19:25:49.979578066Z
      race event 57: gate 2026-09-14T19:24:51.157230463Z, deadline 2026-09-14T19:25:51.157230463Z
      race event 58: gate 2026-09-14T19:24:51.92056198Z, deadline 2026-09-14T19:25:51.92056198Z
      race event 59: gate 2026-09-14T19:24:52.21773261Z, deadline 2026-09-14T19:25:52.21773261Z
      race event 60: gate 2026-09-14T19:24:52.798957805Z, deadline 2026-09-14T19:25:52.798957805Z
      race event 61: gate 2026-09-14T19:24:53.327300492Z, deadline 2026-09-14T19:25:53.327300492Z
      race event 62: gate 2026-09-14T19:24:54.420887229Z, deadline 2026-09-14T19:25:54.420887229Z
      race event 63: gate 2026-09-14T19:24:55.170747204Z, deadline 2026-09-14T19:25:55.170747204Z
      race event 64: gate 2026-09-14T19:24:56.597446244Z, deadline 2026-09-14T19:25:56.597446244Z
      race event 65: gate 2026-09-14T19:24:57.615525547Z, deadline 2026-09-14T19:25:57.615525547Z
      race event 66: gate 2026-09-14T19:24:58.072887207Z, deadline 2026-09-14T19:25:58.072887207Z
      race event 67: gate 2026-09-14T19:24:58.698247632Z, deadline 2026-09-14T19:25:58.698247632Z
      race event 68: gate 2026-09-14T19:24:59.309417303Z, deadline 2026-09-14T19:25:59.309417303Z
      race event 69: gate 2026-09-14T19:25:02.865441063Z, deadline 2026-09-14T19:26:02.865441063Z
      race event 70: gate 2026-09-14T19:25:03.450020243Z, deadline 2026-09-14T19:26:03.450020243Z
      race event 71: gate 2026-09-14T19:25:04.039481465Z, deadline 2026-09-14T19:26:04.039481465Z
    race     10 seats x20        16.9 seats/s  conflicts/hold=6.58 reads/hold=13.90  hold p50=91.14ms p99=705.45ms  deferred 14/14 ok  confirm retries sold/run=0/0  errors=0  ok
      audit: consistent (20 events, 200 tickets; rejections late=0 boundary=0)
      race event 72: gate 2026-09-14T19:25:05.591998264Z, deadline 2026-09-14T19:26:05.591998264Z
      race event 73: gate 2026-09-14T19:25:09.047138459Z, deadline 2026-09-14T19:26:09.047138459Z
      race event 74: gate 2026-09-14T19:25:11.774451138Z, deadline 2026-09-14T19:26:11.774451138Z
      race event 75: gate 2026-09-14T19:25:15.361225239Z, deadline 2026-09-14T19:26:15.361225239Z
    race    100 seats x4         33.8 seats/s  conflicts/hold=2.51 reads/hold=4.70  hold p50=167.04ms p99=707.51ms  deferred 17/17 ok  confirm retries sold/run=0/0  errors=0  ok
      audit: consistent (4 events, 400 tickets; rejections late=0 boundary=0)
      race event 76: gate 2026-09-14T19:25:18.870842973Z, deadline 2026-09-14T19:26:18.870842973Z
    race   1000 seats x1         34.5 seats/s  conflicts/hold=1.02 reads/hold=3.00  hold p50=196.80ms p99=518.53ms  deferred 47/47 ok  confirm retries sold/run=0/0  errors=0  ok
      audit: consistent (1 events, 1000 tickets; rejections late=0 boundary=0)
      race event 77: gate 2026-09-14T19:25:51.802174954Z, deadline 2026-09-14T19:26:51.802174954Z
    race  10000 seats x1         26.3 seats/s  conflicts/hold=0.35 reads/hold=1.36  hold p50=304.54ms p99=780.78ms  deferred 64/64 ok  confirm retries sold/run=0/0  errors=0  ok, 1 timed out (16% sold)
      audit: consistent (1 events, 1586 tickets; rejections late=0 boundary=0)
  wrote /results/e1_sweeper_expiry.json
