  engine: PostgreSQL 15.12-YB-2025.2.6.0-b0 on x86_64-pc-linux-gnu, compiled by clang version 19.1.0 (https://github.com/yugabyte/llvm-project.git a2a6b655e14e7fa1fcf1011a6cb29cb8575249c0), 64-bit
  effective isolation for READ COMMITTED requests: read committed
  database clock minus client clock: 0.020 ms
  dataset: 5 venues, 84 events, 5741 tickets and 165 holds at load
  loading k1_payment_window ...
  loaded in 27.2s (copy 6.1s, index 16.0s)
  verifying answers against ground truth ...
    51/51 checks passed (margin 580s); audit on load: consistent (84 events, 5741 tickets; rejections late=0 boundary=0)
  race trial 1/4 (32 buyers per event, fresh load):
      race event 52: gate 2026-09-14T18:43:15.061369904Z, deadline 2026-09-14T18:44:15.061369904Z
      race event 53: gate 2026-09-14T18:43:22.037926058Z, deadline 2026-09-14T18:44:22.037926058Z
      race event 54: gate 2026-09-14T18:43:28.043874814Z, deadline 2026-09-14T18:44:28.043874814Z
      race event 55: gate 2026-09-14T18:43:30.152584725Z, deadline 2026-09-14T18:44:30.152584725Z
      race event 56: gate 2026-09-14T18:43:32.124955505Z, deadline 2026-09-14T18:44:32.124955505Z
      race event 57: gate 2026-09-14T18:43:32.609854948Z, deadline 2026-09-14T18:44:32.609854948Z
      race event 58: gate 2026-09-14T18:43:33.636806418Z, deadline 2026-09-14T18:44:33.636806418Z
      race event 59: gate 2026-09-14T18:43:34.021520044Z, deadline 2026-09-14T18:44:34.021520044Z
      race event 60: gate 2026-09-14T18:43:34.694477801Z, deadline 2026-09-14T18:44:34.694477801Z
      race event 61: gate 2026-09-14T18:43:35.939409429Z, deadline 2026-09-14T18:44:35.939409429Z
      race event 62: gate 2026-09-14T18:43:36.632897815Z, deadline 2026-09-14T18:44:36.632897815Z
      race event 63: gate 2026-09-14T18:43:37.807375044Z, deadline 2026-09-14T18:44:37.807375044Z
      race event 64: gate 2026-09-14T18:43:38.238587289Z, deadline 2026-09-14T18:44:38.238587289Z
      race event 65: gate 2026-09-14T18:43:38.779052415Z, deadline 2026-09-14T18:44:38.779052415Z
      race event 66: gate 2026-09-14T18:43:39.294677512Z, deadline 2026-09-14T18:44:39.294677512Z
      race event 67: gate 2026-09-14T18:43:39.811061965Z, deadline 2026-09-14T18:44:39.811061965Z
      race event 68: gate 2026-09-14T18:43:40.822250021Z, deadline 2026-09-14T18:44:40.822250021Z
      race event 69: gate 2026-09-14T18:43:41.476719737Z, deadline 2026-09-14T18:44:41.476719737Z
      race event 70: gate 2026-09-14T18:43:42.071809708Z, deadline 2026-09-14T18:44:42.071809708Z
      race event 71: gate 2026-09-14T18:43:42.348171168Z, deadline 2026-09-14T18:44:42.348171168Z
    race     10 seats x20        12.8 seats/s  conflicts/hold=6.85 reads/hold=14.57  hold p50=96.63ms p99=941.68ms  deferred 18/18 ok  confirm retries sold/run=0/0  errors=0  ok
      audit: consistent (20 events, 200 tickets; rejections late=0 boundary=0)
      race event 72: gate 2026-09-14T18:43:43.2354969Z, deadline 2026-09-14T18:44:43.2354969Z
      race event 73: gate 2026-09-14T18:43:46.008215042Z, deadline 2026-09-14T18:44:46.008215042Z
      race event 74: gate 2026-09-14T18:43:48.741511184Z, deadline 2026-09-14T18:44:48.741511184Z
      race event 75: gate 2026-09-14T18:43:51.851579788Z, deadline 2026-09-14T18:44:51.851579788Z
    race    100 seats x4         36.4 seats/s  conflicts/hold=2.69 reads/hold=5.05  hold p50=108.71ms p99=584.65ms  deferred 15/15 ok  confirm retries sold/run=0/0  errors=0  ok
      audit: consistent (4 events, 400 tickets; rejections late=0 boundary=0)
      race event 76: gate 2026-09-14T18:43:55.582620932Z, deadline 2026-09-14T18:44:55.582620932Z
    race   1000 seats x1         38.0 seats/s  conflicts/hold=0.87 reads/hold=3.37  hold p50=184.40ms p99=489.73ms  deferred 62/62 ok  confirm retries sold/run=0/0  errors=0  VIOLATIONS
      audit: VIOLATIONS — thefts 0, grants on sold seats 0, double sales 0, sales without the hold 0, late sales 0, early rejections 1 (transient 1), duplicate seats 0, inventory drift 0, invalid seats 0, partial holds 0, ticket mismatches 0
      race event 77: gate 2026-09-14T18:44:26.538651723Z, deadline 2026-09-14T18:45:26.538651723Z
    race  10000 seats x1         27.0 seats/s  conflicts/hold=0.38 reads/hold=1.41  hold p50=291.15ms p99=885.16ms  deferred 70/70 ok  confirm retries sold/run=0/0  errors=0  ok, 1 timed out (16% sold)
      audit: consistent (1 events, 1637 tickets; rejections late=0 boundary=0)
  race trial 2/4 (32 buyers per event, fresh load):
      race event 52: gate 2026-09-14T18:46:00.208771118Z, deadline 2026-09-14T18:47:00.208771118Z
      race event 53: gate 2026-09-14T18:46:02.756276886Z, deadline 2026-09-14T18:47:02.756276886Z
      race event 54: gate 2026-09-14T18:46:04.609267055Z, deadline 2026-09-14T18:47:04.609267055Z
      race event 55: gate 2026-09-14T18:46:05.80620129Z, deadline 2026-09-14T18:47:05.80620129Z
      race event 56: gate 2026-09-14T18:46:06.545772203Z, deadline 2026-09-14T18:47:06.545772203Z
      race event 57: gate 2026-09-14T18:46:08.039592451Z, deadline 2026-09-14T18:47:08.039592451Z
      race event 58: gate 2026-09-14T18:46:09.454295679Z, deadline 2026-09-14T18:47:09.454295679Z
      race event 59: gate 2026-09-14T18:46:10.603740137Z, deadline 2026-09-14T18:47:10.603740137Z
      race event 60: gate 2026-09-14T18:46:11.020888398Z, deadline 2026-09-14T18:47:11.020888398Z
      race event 61: gate 2026-09-14T18:46:11.652029281Z, deadline 2026-09-14T18:47:11.652029281Z
      race event 62: gate 2026-09-14T18:46:12.369006485Z, deadline 2026-09-14T18:47:12.369006485Z
      race event 63: gate 2026-09-14T18:46:13.204419201Z, deadline 2026-09-14T18:47:13.204419201Z
      race event 64: gate 2026-09-14T18:46:14.664950621Z, deadline 2026-09-14T18:47:14.664950621Z
      race event 65: gate 2026-09-14T18:46:15.205744632Z, deadline 2026-09-14T18:47:15.205744632Z
      race event 66: gate 2026-09-14T18:46:16.099781003Z, deadline 2026-09-14T18:47:16.099781003Z
      race event 67: gate 2026-09-14T18:46:16.841212067Z, deadline 2026-09-14T18:47:16.841212067Z
      race event 68: gate 2026-09-14T18:46:17.996065612Z, deadline 2026-09-14T18:47:17.996065612Z
      race event 69: gate 2026-09-14T18:46:22.181757902Z, deadline 2026-09-14T18:47:22.181757902Z
      race event 70: gate 2026-09-14T18:46:23.324490209Z, deadline 2026-09-14T18:47:23.324490209Z
      race event 71: gate 2026-09-14T18:46:23.791981569Z, deadline 2026-09-14T18:47:23.791981569Z
    race     10 seats x20        13.0 seats/s  conflicts/hold=6.82 reads/hold=14.93  hold p50=107.94ms p99=906.03ms  deferred 18/18 ok  confirm retries sold/run=0/0  errors=0  ok
      audit: consistent (20 events, 200 tickets; rejections late=0 boundary=0)
      race event 72: gate 2026-09-14T18:46:24.969460403Z, deadline 2026-09-14T18:47:24.969460403Z
      race event 73: gate 2026-09-14T18:46:28.521346458Z, deadline 2026-09-14T18:47:28.521346458Z
      race event 74: gate 2026-09-14T18:46:31.6940105Z, deadline 2026-09-14T18:47:31.6940105Z
      race event 75: gate 2026-09-14T18:46:34.683964213Z, deadline 2026-09-14T18:47:34.683964213Z
    race    100 seats x4         32.7 seats/s  conflicts/hold=2.45 reads/hold=4.59  hold p50=118.72ms p99=695.35ms  deferred 16/16 ok  confirm retries sold/run=0/0  errors=0  ok
      audit: consistent (4 events, 400 tickets; rejections late=0 boundary=0)
      race event 76: gate 2026-09-14T18:46:38.269370904Z, deadline 2026-09-14T18:47:38.269370904Z
    race   1000 seats x1         37.4 seats/s  conflicts/hold=0.99 reads/hold=2.85  hold p50=192.75ms p99=504.15ms  deferred 53/53 ok  confirm retries sold/run=0/0  errors=0  ok
      audit: consistent (1 events, 1000 tickets; rejections late=0 boundary=0)
      race event 77: gate 2026-09-14T18:47:09.363296828Z, deadline 2026-09-14T18:48:09.363296828Z
    race  10000 seats x1         26.8 seats/s  conflicts/hold=0.33 reads/hold=1.35  hold p50=297.52ms p99=698.08ms  deferred 81/81 ok  confirm retries sold/run=0/0  errors=0  ok, 1 timed out (16% sold)
      audit: consistent (1 events, 1629 tickets; rejections late=0 boundary=0)
  race trial 3/4 (32 buyers per event, fresh load):
      race event 52: gate 2026-09-14T18:48:42.503612916Z, deadline 2026-09-14T18:49:42.503612916Z
      race event 53: gate 2026-09-14T18:48:44.716659422Z, deadline 2026-09-14T18:49:44.716659422Z
      race event 54: gate 2026-09-14T18:48:46.12802318Z, deadline 2026-09-14T18:49:46.12802318Z
      race event 55: gate 2026-09-14T18:48:47.198992219Z, deadline 2026-09-14T18:49:47.198992219Z
      race event 56: gate 2026-09-14T18:48:48.316227132Z, deadline 2026-09-14T18:49:48.316227132Z
      race event 57: gate 2026-09-14T18:48:48.717957565Z, deadline 2026-09-14T18:49:48.717957565Z
      race event 58: gate 2026-09-14T18:48:49.503498568Z, deadline 2026-09-14T18:49:49.503498568Z
      race event 59: gate 2026-09-14T18:48:50.435949365Z, deadline 2026-09-14T18:49:50.435949365Z
      race event 60: gate 2026-09-14T18:48:51.334628332Z, deadline 2026-09-14T18:49:51.334628332Z
      race event 61: gate 2026-09-14T18:48:52.630014141Z, deadline 2026-09-14T18:49:52.630014141Z
      race event 62: gate 2026-09-14T18:48:53.126675944Z, deadline 2026-09-14T18:49:53.126675944Z
      race event 63: gate 2026-09-14T18:48:53.533714649Z, deadline 2026-09-14T18:49:53.533714649Z
      race event 64: gate 2026-09-14T18:48:54.042032076Z, deadline 2026-09-14T18:49:54.042032076Z
      race event 65: gate 2026-09-14T18:48:54.621593457Z, deadline 2026-09-14T18:49:54.621593457Z
      race event 66: gate 2026-09-14T18:48:55.307868654Z, deadline 2026-09-14T18:49:55.307868654Z
      race event 67: gate 2026-09-14T18:48:55.814120098Z, deadline 2026-09-14T18:49:55.814120098Z
      race event 68: gate 2026-09-14T18:48:57.339301862Z, deadline 2026-09-14T18:49:57.339301862Z
      race event 69: gate 2026-09-14T18:48:58.130356554Z, deadline 2026-09-14T18:49:58.130356554Z
      race event 70: gate 2026-09-14T18:48:59.133484302Z, deadline 2026-09-14T18:49:59.133484302Z
      race event 71: gate 2026-09-14T18:48:59.98308563Z, deadline 2026-09-14T18:49:59.98308563Z
    race     10 seats x20        15.1 seats/s  conflicts/hold=7.23 reads/hold=14.96  hold p50=94.34ms p99=685.22ms  deferred 11/11 ok  confirm retries sold/run=0/0  errors=0  VIOLATIONS
      audit: VIOLATIONS — thefts 0, grants on sold seats 0, double sales 0, sales without the hold 0, late sales 0, early rejections 1 (transient 1), duplicate seats 0, inventory drift 0, invalid seats 0, partial holds 0, ticket mismatches 0
      race event 72: gate 2026-09-14T18:49:01.161302823Z, deadline 2026-09-14T18:50:01.161302823Z
      race event 73: gate 2026-09-14T18:49:03.235400425Z, deadline 2026-09-14T18:50:03.235400425Z
      race event 74: gate 2026-09-14T18:49:06.21910119Z, deadline 2026-09-14T18:50:06.21910119Z
      race event 75: gate 2026-09-14T18:49:08.539388838Z, deadline 2026-09-14T18:50:08.539388838Z
    race    100 seats x4         42.1 seats/s  conflicts/hold=2.42 reads/hold=4.84  hold p50=99.50ms p99=501.51ms  deferred 20/20 ok  confirm retries sold/run=0/0  errors=0  VIOLATIONS
      audit: VIOLATIONS — thefts 0, grants on sold seats 0, double sales 0, sales without the hold 0, late sales 0, early rejections 1 (transient 1), duplicate seats 0, inventory drift 0, invalid seats 0, partial holds 0, ticket mismatches 0
      race event 76: gate 2026-09-14T18:49:11.945079536Z, deadline 2026-09-14T18:50:11.945079536Z
    race   1000 seats x1         44.1 seats/s  conflicts/hold=1.05 reads/hold=2.95  hold p50=124.88ms p99=401.73ms  deferred 54/54 ok  confirm retries sold/run=0/0  errors=0  VIOLATIONS
      audit: VIOLATIONS — thefts 0, grants on sold seats 0, double sales 0, sales without the hold 0, late sales 0, early rejections 2 (transient 2), duplicate seats 0, inventory drift 0, invalid seats 0, partial holds 0, ticket mismatches 0
      race event 77: gate 2026-09-14T18:49:38.867593276Z, deadline 2026-09-14T18:50:38.867593276Z
    race  10000 seats x1         30.7 seats/s  conflicts/hold=0.30 reads/hold=1.33  hold p50=289.43ms p99=698.52ms  deferred 81/81 ok  confirm retries sold/run=0/0  errors=0  VIOLATIONS, 1 timed out (19% sold)
      audit: VIOLATIONS — thefts 0, grants on sold seats 0, double sales 0, sales without the hold 0, late sales 0, early rejections 3 (transient 3), duplicate seats 0, inventory drift 0, invalid seats 0, partial holds 0, ticket mismatches 0
  race trial 4/4 (32 buyers per event, fresh load):
      race event 52: gate 2026-09-14T18:51:13.704863975Z, deadline 2026-09-14T18:52:13.704863975Z
      race event 53: gate 2026-09-14T18:51:15.650747235Z, deadline 2026-09-14T18:52:15.650747235Z
      race event 54: gate 2026-09-14T18:51:16.976859445Z, deadline 2026-09-14T18:52:16.976859445Z
      race event 55: gate 2026-09-14T18:51:18.527856962Z, deadline 2026-09-14T18:52:18.527856962Z
      race event 56: gate 2026-09-14T18:51:20.368151826Z, deadline 2026-09-14T18:52:20.368151826Z
      race event 57: gate 2026-09-14T18:51:21.082122019Z, deadline 2026-09-14T18:52:21.082122019Z
      race event 58: gate 2026-09-14T18:51:22.02117489Z, deadline 2026-09-14T18:52:22.02117489Z
      race event 59: gate 2026-09-14T18:51:22.842149237Z, deadline 2026-09-14T18:52:22.842149237Z
      race event 60: gate 2026-09-14T18:51:23.7698187Z, deadline 2026-09-14T18:52:23.7698187Z
      race event 61: gate 2026-09-14T18:51:24.958684416Z, deadline 2026-09-14T18:52:24.958684416Z
      race event 62: gate 2026-09-14T18:51:25.649503508Z, deadline 2026-09-14T18:52:25.649503508Z
      race event 63: gate 2026-09-14T18:51:26.330495604Z, deadline 2026-09-14T18:52:26.330495604Z
      race event 64: gate 2026-09-14T18:51:27.128020263Z, deadline 2026-09-14T18:52:27.128020263Z
      race event 65: gate 2026-09-14T18:51:27.626281017Z, deadline 2026-09-14T18:52:27.626281017Z
      race event 66: gate 2026-09-14T18:51:27.94229345Z, deadline 2026-09-14T18:52:27.94229345Z
      race event 67: gate 2026-09-14T18:51:28.755414504Z, deadline 2026-09-14T18:52:28.755414504Z
      race event 68: gate 2026-09-14T18:51:29.587432668Z, deadline 2026-09-14T18:52:29.587432668Z
      race event 69: gate 2026-09-14T18:51:30.350685752Z, deadline 2026-09-14T18:52:30.350685752Z
      race event 70: gate 2026-09-14T18:51:31.235347402Z, deadline 2026-09-14T18:52:31.235347402Z
      race event 71: gate 2026-09-14T18:51:31.842844089Z, deadline 2026-09-14T18:52:31.842844089Z
    race     10 seats x20        15.1 seats/s  conflicts/hold=6.48 reads/hold=14.30  hold p50=104.29ms p99=711.28ms  deferred 10/10 ok  confirm retries sold/run=0/0  errors=0  ok
      audit: consistent (20 events, 200 tickets; rejections late=0 boundary=0)
      race event 72: gate 2026-09-14T18:51:32.810875559Z, deadline 2026-09-14T18:52:32.810875559Z
      race event 73: gate 2026-09-14T18:51:40.053521024Z, deadline 2026-09-14T18:52:40.053521024Z
      race event 74: gate 2026-09-14T18:51:42.99498754Z, deadline 2026-09-14T18:52:42.99498754Z
      race event 75: gate 2026-09-14T18:51:46.266375266Z, deadline 2026-09-14T18:52:46.266375266Z
    race    100 seats x4         33.9 seats/s  conflicts/hold=2.35 reads/hold=4.88  hold p50=110.37ms p99=601.69ms  deferred 26/26 ok  confirm retries sold/run=0/0  errors=0  ok
      audit: consistent (4 events, 400 tickets; rejections late=0 boundary=0)
      race event 76: gate 2026-09-14T18:51:48.848181171Z, deadline 2026-09-14T18:52:48.848181171Z
    race   1000 seats x1         45.8 seats/s  conflicts/hold=0.91 reads/hold=2.36  hold p50=176.45ms p99=485.86ms  deferred 40/40 ok  confirm retries sold/run=0/0  errors=0  ok
      audit: consistent (1 events, 1000 tickets; rejections late=0 boundary=0)
      race event 77: gate 2026-09-14T18:52:14.711758313Z, deadline 2026-09-14T18:53:14.711758313Z
    race  10000 seats x1         25.9 seats/s  conflicts/hold=0.34 reads/hold=1.36  hold p50=307.73ms p99=884.64ms  deferred 59/59 ok  confirm retries sold/run=0/0  errors=0  VIOLATIONS, 1 timed out (16% sold)
      audit: VIOLATIONS — thefts 0, grants on sold seats 0, double sales 0, sales without the hold 0, late sales 0, early rejections 2 (transient 2), duplicate seats 0, inventory drift 0, invalid seats 0, partial holds 0, ticket mismatches 0
  wrote /results/k1_payment_window.json
