  engine: PostgreSQL 15.12-YB-2025.2.6.0-b0 on x86_64-pc-linux-gnu, compiled by clang version 19.1.0 (https://github.com/yugabyte/llvm-project.git a2a6b655e14e7fa1fcf1011a6cb29cb8575249c0), 64-bit
  effective isolation for READ COMMITTED requests: read committed
  database clock minus client clock: 0.006 ms
  dataset: 5 venues, 84 events, 5741 tickets and 165 holds at load
  loading l1_claim_rows ...
  loaded in 14.4s (copy 4.4s, index 4.0s)
  verifying answers against ground truth ...
    51/51 checks passed (margin 595s); audit on load: consistent (84 events, 5741 tickets; rejections late=0 boundary=0)
  race trial 1/4 (32 buyers per event, fresh load):
      race event 52: gate 2026-09-14T19:04:06.837377438Z, deadline 2026-09-14T19:05:06.837377438Z
      race event 53: gate 2026-09-14T19:04:15.64719322Z, deadline 2026-09-14T19:05:15.64719322Z
      race event 54: gate 2026-09-14T19:04:17.857912472Z, deadline 2026-09-14T19:05:17.857912472Z
      race event 55: gate 2026-09-14T19:04:50.682627928Z, deadline 2026-09-14T19:05:50.682627928Z
      race event 56: gate 2026-09-14T19:04:53.409639682Z, deadline 2026-09-14T19:05:53.409639682Z
      race event 57: gate 2026-09-14T19:04:55.40224785Z, deadline 2026-09-14T19:05:55.40224785Z
      race event 58: gate 2026-09-14T19:04:56.799030891Z, deadline 2026-09-14T19:05:56.799030891Z
      race event 59: gate 2026-09-14T19:04:57.77955455Z, deadline 2026-09-14T19:05:57.77955455Z
      race event 60: gate 2026-09-14T19:04:59.045029012Z, deadline 2026-09-14T19:05:59.045029012Z
      race event 61: gate 2026-09-14T19:05:01.258014932Z, deadline 2026-09-14T19:06:01.258014932Z
      race event 62: gate 2026-09-14T19:05:02.481592425Z, deadline 2026-09-14T19:06:02.481592425Z
      race event 63: gate 2026-09-14T19:05:06.80634808Z, deadline 2026-09-14T19:06:06.80634808Z
      race event 64: gate 2026-09-14T19:05:09.118187169Z, deadline 2026-09-14T19:06:09.118187169Z
      race event 65: gate 2026-09-14T19:05:10.510265763Z, deadline 2026-09-14T19:06:10.510265763Z
      race event 66: gate 2026-09-14T19:05:11.149594843Z, deadline 2026-09-14T19:06:11.149594843Z
      race event 67: gate 2026-09-14T19:05:12.968663914Z, deadline 2026-09-14T19:06:12.968663914Z
      race event 68: gate 2026-09-14T19:05:13.883214679Z, deadline 2026-09-14T19:06:13.883214679Z
      race event 69: gate 2026-09-14T19:05:14.48607097Z, deadline 2026-09-14T19:06:14.48607097Z
      race event 70: gate 2026-09-14T19:05:15.747968942Z, deadline 2026-09-14T19:06:15.747968942Z
      race event 71: gate 2026-09-14T19:05:18.303221541Z, deadline 2026-09-14T19:06:18.303221541Z
    race     10 seats x20         3.6 seats/s  conflicts/hold=7.32 reads/hold=14.80  hold p50=167.79ms p99=2603.86ms  deferred 10/10 ok  confirm retries sold/run=0/0  errors=0  ok
      audit: consistent (20 events, 200 tickets; rejections late=0 boundary=0)
      race event 72: gate 2026-09-14T19:05:24.625227518Z, deadline 2026-09-14T19:06:24.625227518Z
      race event 73: gate 2026-09-14T19:05:29.185882903Z, deadline 2026-09-14T19:06:29.185882903Z
      race event 74: gate 2026-09-14T19:05:34.389450091Z, deadline 2026-09-14T19:06:34.389450091Z
      race event 75: gate 2026-09-14T19:05:38.001501534Z, deadline 2026-09-14T19:06:38.001501534Z
    race    100 seats x4         26.4 seats/s  conflicts/hold=2.28 reads/hold=4.32  hold p50=113.99ms p99=1716.03ms  deferred 22/22 ok  confirm retries sold/run=0/0  errors=0  ok
      audit: consistent (4 events, 400 tickets; rejections late=0 boundary=0)
      race event 76: gate 2026-09-14T19:05:41.294892711Z, deadline 2026-09-14T19:06:41.294892711Z
    race   1000 seats x1         32.6 seats/s  conflicts/hold=0.86 reads/hold=3.67  hold p50=199.68ms p99=884.84ms  deferred 54/54 ok  confirm retries sold/run=0/0  errors=0  ok
      audit: consistent (1 events, 1000 tickets; rejections late=0 boundary=0)
      race event 77: gate 2026-09-14T19:06:16.223000872Z, deadline 2026-09-14T19:07:16.223000872Z
    race  10000 seats x1         47.7 seats/s  conflicts/hold=0.26 reads/hold=1.36  hold p50=209.72ms p99=579.80ms  deferred 135/135 ok  confirm retries sold/run=0/0  errors=0  VIOLATIONS, 1 timed out (29% sold)
      audit: VIOLATIONS — thefts 0, grants on sold seats 0, double sales 0, sales without the hold 0, late sales 0, early rejections 2 (transient 2), duplicate seats 0, inventory drift 0, invalid seats 0, partial holds 0, ticket mismatches 0
  race trial 2/4 (32 buyers per event, fresh load):
      race event 52: gate 2026-09-14T19:07:45.040840912Z, deadline 2026-09-14T19:08:45.040840912Z
      race event 53: gate 2026-09-14T19:07:50.566141647Z, deadline 2026-09-14T19:08:50.566141647Z
      race event 54: gate 2026-09-14T19:07:53.293008247Z, deadline 2026-09-14T19:08:53.293008247Z
      race event 55: gate 2026-09-14T19:07:55.386575066Z, deadline 2026-09-14T19:08:55.386575066Z
      race event 56: gate 2026-09-14T19:07:56.291592241Z, deadline 2026-09-14T19:08:56.291592241Z
      race event 57: gate 2026-09-14T19:08:01.638023823Z, deadline 2026-09-14T19:09:01.638023823Z
      race event 58: gate 2026-09-14T19:08:03.23213564Z, deadline 2026-09-14T19:09:03.23213564Z
      race event 59: gate 2026-09-14T19:08:03.817610782Z, deadline 2026-09-14T19:09:03.817610782Z
      race event 60: gate 2026-09-14T19:08:06.219323564Z, deadline 2026-09-14T19:09:06.219323564Z
      race event 61: gate 2026-09-14T19:08:08.042489354Z, deadline 2026-09-14T19:09:08.042489354Z
      race event 62: gate 2026-09-14T19:08:09.022141013Z, deadline 2026-09-14T19:09:09.022141013Z
      race event 63: gate 2026-09-14T19:08:10.362000731Z, deadline 2026-09-14T19:09:10.362000731Z
      race event 64: gate 2026-09-14T19:08:12.279457774Z, deadline 2026-09-14T19:09:12.279457774Z
      race event 65: gate 2026-09-14T19:08:14.941057888Z, deadline 2026-09-14T19:09:14.941057888Z
      race event 66: gate 2026-09-14T19:08:15.829176991Z, deadline 2026-09-14T19:09:15.829176991Z
      race event 67: gate 2026-09-14T19:08:17.428108751Z, deadline 2026-09-14T19:09:17.428108751Z
      race event 68: gate 2026-09-14T19:08:18.137334251Z, deadline 2026-09-14T19:09:18.137334251Z
      race event 69: gate 2026-09-14T19:08:18.816550794Z, deadline 2026-09-14T19:09:18.816550794Z
      race event 70: gate 2026-09-14T19:08:21.31547269Z, deadline 2026-09-14T19:09:21.31547269Z
      race event 71: gate 2026-09-14T19:08:22.318565998Z, deadline 2026-09-14T19:09:22.318565998Z
    race     10 seats x20         6.9 seats/s  conflicts/hold=7.52 reads/hold=15.35  hold p50=182.96ms p99=1824.08ms  deferred 14/14 ok  confirm retries sold/run=0/0  errors=0  ok
      audit: consistent (20 events, 200 tickets; rejections late=0 boundary=0)
      race event 72: gate 2026-09-14T19:08:24.798808859Z, deadline 2026-09-14T19:09:24.798808859Z
      race event 73: gate 2026-09-14T19:08:28.124254212Z, deadline 2026-09-14T19:09:28.124254212Z
      race event 74: gate 2026-09-14T19:08:32.19540329Z, deadline 2026-09-14T19:09:32.19540329Z
      race event 75: gate 2026-09-14T19:08:38.95595932Z, deadline 2026-09-14T19:09:38.95595932Z
    race    100 seats x4         29.6 seats/s  conflicts/hold=2.05 reads/hold=4.13  hold p50=174.33ms p99=1017.76ms  deferred 15/15 ok  confirm retries sold/run=0/0  errors=0  ok
      audit: consistent (4 events, 400 tickets; rejections late=0 boundary=0)
      race event 76: gate 2026-09-14T19:08:42.848457405Z, deadline 2026-09-14T19:09:42.848457405Z
    race   1000 seats x1         37.3 seats/s  conflicts/hold=0.89 reads/hold=2.82  hold p50=200.04ms p99=499.56ms  deferred 57/57 ok  confirm retries sold/run=0/0  errors=0  ok
      audit: consistent (1 events, 1000 tickets; rejections late=0 boundary=0)
      race event 77: gate 2026-09-14T19:09:13.732835341Z, deadline 2026-09-14T19:10:13.732835341Z
    race  10000 seats x1         49.6 seats/s  conflicts/hold=0.27 reads/hold=1.47  hold p50=203.79ms p99=681.85ms  deferred 123/123 ok  confirm retries sold/run=0/0  errors=0  ok, 1 timed out (30% sold)
      audit: consistent (1 events, 3005 tickets; rejections late=0 boundary=0)
  race trial 3/4 (32 buyers per event, fresh load):
      race event 52: gate 2026-09-14T19:10:42.961928381Z, deadline 2026-09-14T19:11:42.961928381Z
      race event 53: gate 2026-09-14T19:10:46.45222185Z, deadline 2026-09-14T19:11:46.45222185Z
      race event 54: gate 2026-09-14T19:10:50.653664755Z, deadline 2026-09-14T19:11:50.653664755Z
      race event 55: gate 2026-09-14T19:10:51.2563033Z, deadline 2026-09-14T19:11:51.2563033Z
      race event 56: gate 2026-09-14T19:10:53.660403787Z, deadline 2026-09-14T19:11:53.660403787Z
      race event 57: gate 2026-09-14T19:10:57.966202042Z, deadline 2026-09-14T19:11:57.966202042Z
      race event 58: gate 2026-09-14T19:10:59.679272427Z, deadline 2026-09-14T19:11:59.679272427Z
      race event 59: gate 2026-09-14T19:11:01.665018589Z, deadline 2026-09-14T19:12:01.665018589Z
      race event 60: gate 2026-09-14T19:11:03.656572307Z, deadline 2026-09-14T19:12:03.656572307Z
      race event 61: gate 2026-09-14T19:11:06.4249222Z, deadline 2026-09-14T19:12:06.4249222Z
      race event 62: gate 2026-09-14T19:11:07.23361311Z, deadline 2026-09-14T19:12:07.23361311Z
      race event 63: gate 2026-09-14T19:11:09.355178791Z, deadline 2026-09-14T19:12:09.355178791Z
      race event 64: gate 2026-09-14T19:11:10.356379178Z, deadline 2026-09-14T19:12:10.356379178Z
      race event 65: gate 2026-09-14T19:11:12.067057119Z, deadline 2026-09-14T19:12:12.067057119Z
      race event 66: gate 2026-09-14T19:11:12.84563916Z, deadline 2026-09-14T19:12:12.84563916Z
      race event 67: gate 2026-09-14T19:11:14.24072359Z, deadline 2026-09-14T19:12:14.24072359Z
      race event 68: gate 2026-09-14T19:11:15.044608754Z, deadline 2026-09-14T19:12:15.044608754Z
      race event 69: gate 2026-09-14T19:11:17.52095765Z, deadline 2026-09-14T19:12:17.52095765Z
      race event 70: gate 2026-09-14T19:11:20.334352384Z, deadline 2026-09-14T19:12:20.334352384Z
      race event 71: gate 2026-09-14T19:11:22.05836782Z, deadline 2026-09-14T19:12:22.05836782Z
    race     10 seats x20         6.5 seats/s  conflicts/hold=7.13 reads/hold=14.90  hold p50=180.10ms p99=1820.12ms  deferred 10/10 ok  confirm retries sold/run=0/0  errors=0  ok
      audit: consistent (20 events, 200 tickets; rejections late=0 boundary=0)
      race event 72: gate 2026-09-14T19:11:24.361953925Z, deadline 2026-09-14T19:12:24.361953925Z
      race event 73: gate 2026-09-14T19:11:33.117337555Z, deadline 2026-09-14T19:12:33.117337555Z
      race event 74: gate 2026-09-14T19:11:36.710012435Z, deadline 2026-09-14T19:12:36.710012435Z
      race event 75: gate 2026-09-14T19:11:42.612406885Z, deadline 2026-09-14T19:12:42.612406885Z
    race    100 seats x4         22.0 seats/s  conflicts/hold=2.26 reads/hold=4.49  hold p50=185.92ms p99=1198.37ms  deferred 23/23 ok  confirm retries sold/run=0/0  errors=0  ok
      audit: consistent (4 events, 400 tickets; rejections late=0 boundary=0)
      race event 76: gate 2026-09-14T19:11:47.606019363Z, deadline 2026-09-14T19:12:47.606019363Z
    race   1000 seats x1         38.9 seats/s  conflicts/hold=0.79 reads/hold=2.91  hold p50=193.35ms p99=408.46ms  deferred 48/48 ok  confirm retries sold/run=0/0  errors=0  ok
      audit: consistent (1 events, 1000 tickets; rejections late=0 boundary=0)
      race event 77: gate 2026-09-14T19:12:17.1984318Z, deadline 2026-09-14T19:13:17.1984318Z
    race  10000 seats x1         52.3 seats/s  conflicts/hold=0.29 reads/hold=1.49  hold p50=203.53ms p99=685.35ms  deferred 125/125 ok  confirm retries sold/run=0/0  errors=0  VIOLATIONS, 1 timed out (31% sold)
      audit: VIOLATIONS — thefts 0, grants on sold seats 0, double sales 0, sales without the hold 0, late sales 0, early rejections 2 (transient 2), duplicate seats 0, inventory drift 0, invalid seats 0, partial holds 0, ticket mismatches 0
  race trial 4/4 (32 buyers per event, fresh load):
      race event 52: gate 2026-09-14T19:13:43.269197238Z, deadline 2026-09-14T19:14:43.269197238Z
      race event 53: gate 2026-09-14T19:13:46.348106138Z, deadline 2026-09-14T19:14:46.348106138Z
      race event 54: gate 2026-09-14T19:13:49.479055285Z, deadline 2026-09-14T19:14:49.479055285Z
      race event 55: gate 2026-09-14T19:13:55.59152887Z, deadline 2026-09-14T19:14:55.59152887Z
      race event 56: gate 2026-09-14T19:13:57.951009512Z, deadline 2026-09-14T19:14:57.951009512Z
      race event 57: gate 2026-09-14T19:14:00.710803868Z, deadline 2026-09-14T19:15:00.710803868Z
      race event 58: gate 2026-09-14T19:14:02.21138132Z, deadline 2026-09-14T19:15:02.21138132Z
      race event 59: gate 2026-09-14T19:14:03.507433022Z, deadline 2026-09-14T19:15:03.507433022Z
      race event 60: gate 2026-09-14T19:14:04.615674087Z, deadline 2026-09-14T19:15:04.615674087Z
      race event 61: gate 2026-09-14T19:14:07.109247992Z, deadline 2026-09-14T19:15:07.109247992Z
      race event 62: gate 2026-09-14T19:14:08.140692128Z, deadline 2026-09-14T19:15:08.140692128Z
      race event 63: gate 2026-09-14T19:14:10.033709104Z, deadline 2026-09-14T19:15:10.033709104Z
      race event 64: gate 2026-09-14T19:14:11.609505407Z, deadline 2026-09-14T19:15:11.609505407Z
      race event 65: gate 2026-09-14T19:14:12.385090687Z, deadline 2026-09-14T19:15:12.385090687Z
      race event 66: gate 2026-09-14T19:14:13.215673122Z, deadline 2026-09-14T19:15:13.215673122Z
      race event 67: gate 2026-09-14T19:14:14.234544887Z, deadline 2026-09-14T19:15:14.234544887Z
      race event 68: gate 2026-09-14T19:14:15.460579762Z, deadline 2026-09-14T19:15:15.460579762Z
      race event 69: gate 2026-09-14T19:14:16.051278822Z, deadline 2026-09-14T19:15:16.051278822Z
      race event 70: gate 2026-09-14T19:14:17.030496823Z, deadline 2026-09-14T19:15:17.030496823Z
      race event 71: gate 2026-09-14T19:14:18.942014462Z, deadline 2026-09-14T19:15:18.942014462Z
    race     10 seats x20         7.3 seats/s  conflicts/hold=6.62 reads/hold=14.89  hold p50=158.91ms p99=1795.88ms  deferred 14/14 ok  confirm retries sold/run=0/0  errors=0  ok
      audit: consistent (20 events, 200 tickets; rejections late=0 boundary=0)
      race event 72: gate 2026-09-14T19:14:21.25957181Z, deadline 2026-09-14T19:15:21.25957181Z
      race event 73: gate 2026-09-14T19:14:28.968141748Z, deadline 2026-09-14T19:15:28.968141748Z
      race event 74: gate 2026-09-14T19:14:35.737922523Z, deadline 2026-09-14T19:15:35.737922523Z
      race event 75: gate 2026-09-14T19:14:40.280409149Z, deadline 2026-09-14T19:15:40.280409149Z
    race    100 seats x4         23.3 seats/s  conflicts/hold=2.01 reads/hold=4.62  hold p50=127.86ms p99=1508.98ms  deferred 17/17 ok  confirm retries sold/run=0/0  errors=0  ok
      audit: consistent (4 events, 400 tickets; rejections late=0 boundary=0)
      race event 76: gate 2026-09-14T19:14:43.055706326Z, deadline 2026-09-14T19:15:43.055706326Z
    race   1000 seats x1         39.7 seats/s  conflicts/hold=0.87 reads/hold=3.02  hold p50=185.38ms p99=519.95ms  deferred 52/52 ok  confirm retries sold/run=0/0  errors=0  ok
      audit: consistent (1 events, 1000 tickets; rejections late=0 boundary=0)
      race event 77: gate 2026-09-14T19:15:12.522614055Z, deadline 2026-09-14T19:16:12.522614055Z
    race  10000 seats x1         46.5 seats/s  conflicts/hold=0.26 reads/hold=1.36  hold p50=207.71ms p99=591.23ms  deferred 116/116 ok  confirm retries sold/run=0/0  errors=0  ok, 1 timed out (28% sold)
      audit: consistent (1 events, 2822 tickets; rejections late=0 boundary=0)
  wrote /results/l1_claim_rows.json
