  engine: PostgreSQL 15.12-YB-2025.2.6.0-b0 on x86_64-pc-linux-gnu, compiled by clang version 19.1.0 (https://github.com/yugabyte/llvm-project.git a2a6b655e14e7fa1fcf1011a6cb29cb8575249c0), 64-bit
  effective isolation for READ COMMITTED requests: read committed
  database clock minus client clock: -0.013 ms
  dataset: 5 venues, 84 events, 5741 tickets and 165 holds at load
  loading s1_conditional_update ...
  loaded in 18.8s (copy 5.9s, index 7.1s)
  verifying answers against ground truth ...
    51/51 checks passed (margin 590s); audit on load: consistent (84 events, 5741 tickets; rejections late=0 boundary=0)
  race trial 1/4 (32 buyers per event, fresh load):
      race event 52: gate 2026-09-14T18:53:44.681993222Z, deadline 2026-09-14T18:54:44.681993222Z
      race event 53: gate 2026-09-14T18:53:50.271552205Z, deadline 2026-09-14T18:54:50.271552205Z
      race event 54: gate 2026-09-14T18:53:52.634261303Z, deadline 2026-09-14T18:54:52.634261303Z
      race event 55: gate 2026-09-14T18:53:53.696425097Z, deadline 2026-09-14T18:54:53.696425097Z
      race event 56: gate 2026-09-14T18:53:54.754910972Z, deadline 2026-09-14T18:54:54.754910972Z
      race event 57: gate 2026-09-14T18:53:55.466245474Z, deadline 2026-09-14T18:54:55.466245474Z
      race event 58: gate 2026-09-14T18:54:00.328621481Z, deadline 2026-09-14T18:55:00.328621481Z
      race event 59: gate 2026-09-14T18:54:01.122218111Z, deadline 2026-09-14T18:55:01.122218111Z
      race event 60: gate 2026-09-14T18:54:02.357914255Z, deadline 2026-09-14T18:55:02.357914255Z
      race event 61: gate 2026-09-14T18:54:04.112882922Z, deadline 2026-09-14T18:55:04.112882922Z
      race event 62: gate 2026-09-14T18:54:04.892682636Z, deadline 2026-09-14T18:55:04.892682636Z
      race event 63: gate 2026-09-14T18:54:06.844117633Z, deadline 2026-09-14T18:55:06.844117633Z
      race event 64: gate 2026-09-14T18:54:07.586628236Z, deadline 2026-09-14T18:55:07.586628236Z
      race event 65: gate 2026-09-14T18:54:08.914028506Z, deadline 2026-09-14T18:55:08.914028506Z
      race event 66: gate 2026-09-14T18:54:09.930551004Z, deadline 2026-09-14T18:55:09.930551004Z
      race event 67: gate 2026-09-14T18:54:10.817058842Z, deadline 2026-09-14T18:55:10.817058842Z
      race event 68: gate 2026-09-14T18:54:11.13813739Z, deadline 2026-09-14T18:55:11.13813739Z
      race event 69: gate 2026-09-14T18:54:11.812266655Z, deadline 2026-09-14T18:55:11.812266655Z
      race event 70: gate 2026-09-14T18:54:13.2185155Z, deadline 2026-09-14T18:55:13.2185155Z
      race event 71: gate 2026-09-14T18:54:13.832429987Z, deadline 2026-09-14T18:55:13.832429987Z
    race     10 seats x20        11.5 seats/s  conflicts/hold=6.74 reads/hold=14.14  hold p50=110.86ms p99=990.34ms  deferred 16/16 ok  confirm retries sold/run=0/0  errors=0  ok
      audit: consistent (20 events, 200 tickets; rejections late=0 boundary=0)
      race event 72: gate 2026-09-14T18:54:15.723810364Z, deadline 2026-09-14T18:55:15.723810364Z
      race event 73: gate 2026-09-14T18:54:19.934855949Z, deadline 2026-09-14T18:55:19.934855949Z
      race event 74: gate 2026-09-14T18:54:23.117200588Z, deadline 2026-09-14T18:55:23.117200588Z
      race event 75: gate 2026-09-14T18:54:27.593272359Z, deadline 2026-09-14T18:55:27.593272359Z
    race    100 seats x4         27.4 seats/s  conflicts/hold=2.59 reads/hold=4.60  hold p50=132.42ms p99=786.14ms  deferred 21/21 ok  confirm retries sold/run=0/0  errors=0  ok
      audit: consistent (4 events, 400 tickets; rejections late=0 boundary=0)
      race event 76: gate 2026-09-14T18:54:34.727631846Z, deadline 2026-09-14T18:55:34.727631846Z
    race   1000 seats x1         39.7 seats/s  conflicts/hold=0.86 reads/hold=2.88  hold p50=186.51ms p99=500.08ms  deferred 46/46 ok  confirm retries sold/run=0/0  errors=0  VIOLATIONS
      audit: VIOLATIONS — thefts 0, grants on sold seats 0, double sales 0, sales without the hold 0, late sales 0, early rejections 1 (transient 1), duplicate seats 0, inventory drift 0, invalid seats 0, partial holds 0, ticket mismatches 0
      race event 77: gate 2026-09-14T18:55:01.246029054Z, deadline 2026-09-14T18:56:01.246029054Z
    race  10000 seats x1         30.5 seats/s  conflicts/hold=0.33 reads/hold=1.37  hold p50=287.51ms p99=717.36ms  deferred 71/71 ok  confirm retries sold/run=0/0  errors=0  VIOLATIONS, 1 timed out (18% sold)
      audit: VIOLATIONS — thefts 0, grants on sold seats 0, double sales 0, sales without the hold 0, late sales 0, early rejections 1 (transient 1), duplicate seats 0, inventory drift 0, invalid seats 0, partial holds 0, ticket mismatches 0
  race trial 2/4 (32 buyers per event, fresh load):
      race event 52: gate 2026-09-14T18:56:35.418127844Z, deadline 2026-09-14T18:57:35.418127844Z
      race event 53: gate 2026-09-14T18:56:37.005928412Z, deadline 2026-09-14T18:57:37.005928412Z
      race event 54: gate 2026-09-14T18:56:37.310977124Z, deadline 2026-09-14T18:57:37.310977124Z
      race event 55: gate 2026-09-14T18:56:38.771824174Z, deadline 2026-09-14T18:57:38.771824174Z
      race event 56: gate 2026-09-14T18:56:40.813348261Z, deadline 2026-09-14T18:57:40.813348261Z
      race event 57: gate 2026-09-14T18:56:41.593145918Z, deadline 2026-09-14T18:57:41.593145918Z
      race event 58: gate 2026-09-14T18:56:42.704322099Z, deadline 2026-09-14T18:57:42.704322099Z
      race event 59: gate 2026-09-14T18:56:43.76180451Z, deadline 2026-09-14T18:57:43.76180451Z
      race event 60: gate 2026-09-14T18:56:44.26582256Z, deadline 2026-09-14T18:57:44.26582256Z
      race event 61: gate 2026-09-14T18:56:44.879543365Z, deadline 2026-09-14T18:57:44.879543365Z
      race event 62: gate 2026-09-14T18:56:45.79746474Z, deadline 2026-09-14T18:57:45.79746474Z
      race event 63: gate 2026-09-14T18:56:46.80396282Z, deadline 2026-09-14T18:57:46.80396282Z
      race event 64: gate 2026-09-14T18:56:47.496796331Z, deadline 2026-09-14T18:57:47.496796331Z
      race event 65: gate 2026-09-14T18:56:48.990139515Z, deadline 2026-09-14T18:57:48.990139515Z
      race event 66: gate 2026-09-14T18:56:49.395408479Z, deadline 2026-09-14T18:57:49.395408479Z
      race event 67: gate 2026-09-14T18:56:50.368942892Z, deadline 2026-09-14T18:57:50.368942892Z
      race event 68: gate 2026-09-14T18:56:51.181198231Z, deadline 2026-09-14T18:57:51.181198231Z
      race event 69: gate 2026-09-14T18:56:54.473967571Z, deadline 2026-09-14T18:57:54.473967571Z
      race event 70: gate 2026-09-14T18:56:55.238122662Z, deadline 2026-09-14T18:57:55.238122662Z
      race event 71: gate 2026-09-14T18:56:55.859892565Z, deadline 2026-09-14T18:57:55.859892565Z
    race     10 seats x20        15.1 seats/s  conflicts/hold=6.78 reads/hold=14.55  hold p50=104.33ms p99=677.75ms  deferred 12/12 ok  confirm retries sold/run=0/0  errors=0  ok
      audit: consistent (20 events, 200 tickets; rejections late=0 boundary=0)
      race event 72: gate 2026-09-14T18:56:56.852502133Z, deadline 2026-09-14T18:57:56.852502133Z
      race event 73: gate 2026-09-14T18:56:59.957495556Z, deadline 2026-09-14T18:57:59.957495556Z
      race event 74: gate 2026-09-14T18:57:02.763428612Z, deadline 2026-09-14T18:58:02.763428612Z
      race event 75: gate 2026-09-14T18:57:06.383444524Z, deadline 2026-09-14T18:58:06.383444524Z
    race    100 seats x4         38.1 seats/s  conflicts/hold=2.46 reads/hold=4.48  hold p50=104.37ms p99=603.00ms  deferred 18/18 ok  confirm retries sold/run=0/0  errors=0  ok
      audit: consistent (4 events, 400 tickets; rejections late=0 boundary=0)
      race event 76: gate 2026-09-14T18:57:08.433726313Z, deadline 2026-09-14T18:58:08.433726313Z
    race   1000 seats x1         59.5 seats/s  conflicts/hold=0.93 reads/hold=3.30  hold p50=96.04ms p99=310.91ms  deferred 57/57 ok  confirm retries sold/run=0/0  errors=0  ok
      audit: consistent (1 events, 1000 tickets; rejections late=0 boundary=0)
      race event 77: gate 2026-09-14T18:57:26.550452868Z, deadline 2026-09-14T18:58:26.550452868Z
    race  10000 seats x1         28.7 seats/s  conflicts/hold=0.32 reads/hold=1.33  hold p50=301.93ms p99=707.13ms  deferred 75/75 ok  confirm retries sold/run=0/0  errors=0  ok, 1 timed out (17% sold)
      audit: consistent (1 events, 1745 tickets; rejections late=0 boundary=0)
  race trial 3/4 (32 buyers per event, fresh load):
      race event 52: gate 2026-09-14T18:59:01.274192774Z, deadline 2026-09-14T19:00:01.274192774Z
      race event 53: gate 2026-09-14T18:59:03.475892081Z, deadline 2026-09-14T19:00:03.475892081Z
      race event 54: gate 2026-09-14T18:59:04.180746612Z, deadline 2026-09-14T19:00:04.180746612Z
      race event 55: gate 2026-09-14T18:59:06.111318302Z, deadline 2026-09-14T19:00:06.111318302Z
      race event 56: gate 2026-09-14T18:59:07.046825347Z, deadline 2026-09-14T19:00:07.046825347Z
      race event 57: gate 2026-09-14T18:59:07.941755842Z, deadline 2026-09-14T19:00:07.941755842Z
      race event 58: gate 2026-09-14T18:59:09.267981748Z, deadline 2026-09-14T19:00:09.267981748Z
      race event 59: gate 2026-09-14T18:59:09.785219634Z, deadline 2026-09-14T19:00:09.785219634Z
      race event 60: gate 2026-09-14T18:59:11.437661665Z, deadline 2026-09-14T19:00:11.437661665Z
      race event 61: gate 2026-09-14T18:59:11.892026665Z, deadline 2026-09-14T19:00:11.892026665Z
      race event 62: gate 2026-09-14T18:59:15.872967533Z, deadline 2026-09-14T19:00:15.872967533Z
      race event 63: gate 2026-09-14T18:59:16.815319976Z, deadline 2026-09-14T19:00:16.815319976Z
      race event 64: gate 2026-09-14T18:59:17.227463161Z, deadline 2026-09-14T19:00:17.227463161Z
      race event 65: gate 2026-09-14T18:59:17.653080073Z, deadline 2026-09-14T19:00:17.653080073Z
      race event 66: gate 2026-09-14T18:59:18.515923086Z, deadline 2026-09-14T19:00:18.515923086Z
      race event 67: gate 2026-09-14T18:59:19.408256215Z, deadline 2026-09-14T19:00:19.408256215Z
      race event 68: gate 2026-09-14T18:59:20.670028268Z, deadline 2026-09-14T19:00:20.670028268Z
      race event 69: gate 2026-09-14T18:59:21.463269927Z, deadline 2026-09-14T19:00:21.463269927Z
      race event 70: gate 2026-09-14T18:59:22.28602415Z, deadline 2026-09-14T19:00:22.28602415Z
      race event 71: gate 2026-09-14T18:59:23.600325144Z, deadline 2026-09-14T19:00:23.600325144Z
    race     10 seats x20        13.3 seats/s  conflicts/hold=7.20 reads/hold=15.02  hold p50=108.83ms p99=787.40ms  deferred 14/14 ok  confirm retries sold/run=0/0  errors=0  ok
      audit: consistent (20 events, 200 tickets; rejections late=0 boundary=0)
      race event 72: gate 2026-09-14T18:59:25.153786335Z, deadline 2026-09-14T19:00:25.153786335Z
      race event 73: gate 2026-09-14T18:59:27.548361077Z, deadline 2026-09-14T19:00:27.548361077Z
      race event 74: gate 2026-09-14T18:59:29.775757785Z, deadline 2026-09-14T19:00:29.775757785Z
      race event 75: gate 2026-09-14T18:59:32.842483098Z, deadline 2026-09-14T19:00:32.842483098Z
    race    100 seats x4         41.0 seats/s  conflicts/hold=2.55 reads/hold=4.67  hold p50=107.77ms p99=673.35ms  deferred 13/13 ok  confirm retries sold/run=0/0  errors=0  ok
      audit: consistent (4 events, 400 tickets; rejections late=0 boundary=0)
      race event 76: gate 2026-09-14T18:59:36.005841534Z, deadline 2026-09-14T19:00:36.005841534Z
    race   1000 seats x1         35.3 seats/s  conflicts/hold=0.88 reads/hold=2.80  hold p50=199.66ms p99=508.68ms  deferred 54/54 ok  confirm retries sold/run=0/0  errors=0  ok
      audit: consistent (1 events, 1000 tickets; rejections late=0 boundary=0)
      race event 77: gate 2026-09-14T19:00:08.489646584Z, deadline 2026-09-14T19:01:08.489646584Z
    race  10000 seats x1         29.6 seats/s  conflicts/hold=0.31 reads/hold=1.34  hold p50=299.91ms p99=792.34ms  deferred 79/79 ok  confirm retries sold/run=0/0  errors=0  ok, 1 timed out (18% sold)
      audit: consistent (1 events, 1798 tickets; rejections late=0 boundary=0)
  race trial 4/4 (32 buyers per event, fresh load):
      race event 52: gate 2026-09-14T19:01:42.855989655Z, deadline 2026-09-14T19:02:42.855989655Z
      race event 53: gate 2026-09-14T19:01:44.575492233Z, deadline 2026-09-14T19:02:44.575492233Z
      race event 54: gate 2026-09-14T19:01:45.26125515Z, deadline 2026-09-14T19:02:45.26125515Z
      race event 55: gate 2026-09-14T19:01:46.446196364Z, deadline 2026-09-14T19:02:46.446196364Z
      race event 56: gate 2026-09-14T19:01:46.889528081Z, deadline 2026-09-14T19:02:46.889528081Z
      race event 57: gate 2026-09-14T19:01:47.631895751Z, deadline 2026-09-14T19:02:47.631895751Z
      race event 58: gate 2026-09-14T19:01:48.630148677Z, deadline 2026-09-14T19:02:48.630148677Z
      race event 59: gate 2026-09-14T19:01:49.475550897Z, deadline 2026-09-14T19:02:49.475550897Z
      race event 60: gate 2026-09-14T19:01:50.313766899Z, deadline 2026-09-14T19:02:50.313766899Z
      race event 61: gate 2026-09-14T19:01:51.829677184Z, deadline 2026-09-14T19:02:51.829677184Z
      race event 62: gate 2026-09-14T19:01:52.241143911Z, deadline 2026-09-14T19:02:52.241143911Z
      race event 63: gate 2026-09-14T19:01:52.926398975Z, deadline 2026-09-14T19:02:52.926398975Z
      race event 64: gate 2026-09-14T19:01:53.737975213Z, deadline 2026-09-14T19:02:53.737975213Z
      race event 65: gate 2026-09-14T19:01:55.180777229Z, deadline 2026-09-14T19:02:55.180777229Z
      race event 66: gate 2026-09-14T19:01:56.138532937Z, deadline 2026-09-14T19:02:56.138532937Z
      race event 67: gate 2026-09-14T19:01:56.90907492Z, deadline 2026-09-14T19:02:56.90907492Z
      race event 68: gate 2026-09-14T19:01:57.82621795Z, deadline 2026-09-14T19:02:57.82621795Z
      race event 69: gate 2026-09-14T19:01:58.353290898Z, deadline 2026-09-14T19:02:58.353290898Z
      race event 70: gate 2026-09-14T19:01:59.828456724Z, deadline 2026-09-14T19:02:59.828456724Z
      race event 71: gate 2026-09-14T19:02:00.608550533Z, deadline 2026-09-14T19:03:00.608550533Z
    race     10 seats x20        15.8 seats/s  conflicts/hold=7.08 reads/hold=14.87  hold p50=102.01ms p99=787.89ms  deferred 8/8 ok  confirm retries sold/run=0/0  errors=0  ok
      audit: consistent (20 events, 200 tickets; rejections late=0 boundary=0)
      race event 72: gate 2026-09-14T19:02:01.816066686Z, deadline 2026-09-14T19:03:01.816066686Z
      race event 73: gate 2026-09-14T19:02:05.039404892Z, deadline 2026-09-14T19:03:05.039404892Z
      race event 74: gate 2026-09-14T19:02:07.558001694Z, deadline 2026-09-14T19:03:07.558001694Z
      race event 75: gate 2026-09-14T19:02:09.94149623Z, deadline 2026-09-14T19:03:09.94149623Z
    race    100 seats x4         37.2 seats/s  conflicts/hold=2.43 reads/hold=5.05  hold p50=106.50ms p99=595.73ms  deferred 17/17 ok  confirm retries sold/run=0/0  errors=0  ok
      audit: consistent (4 events, 400 tickets; rejections late=0 boundary=0)
      race event 76: gate 2026-09-14T19:02:13.948868164Z, deadline 2026-09-14T19:03:13.948868164Z
    race   1000 seats x1         44.7 seats/s  conflicts/hold=0.83 reads/hold=3.30  hold p50=106.67ms p99=400.40ms  deferred 47/47 ok  confirm retries sold/run=0/0  errors=0  ok
      audit: consistent (1 events, 1000 tickets; rejections late=0 boundary=0)
      race event 77: gate 2026-09-14T19:02:41.823338812Z, deadline 2026-09-14T19:03:41.823338812Z
    race  10000 seats x1         26.1 seats/s  conflicts/hold=0.39 reads/hold=1.41  hold p50=308.94ms p99=790.42ms  deferred 68/68 ok  confirm retries sold/run=0/0  errors=0  ok, 1 timed out (16% sold)
      audit: consistent (1 events, 1589 tickets; rejections late=0 boundary=0)
  wrote /results/s1_conditional_update.json
