  engine: PostgreSQL 15.12-YB-2025.2.6.0-b0 on x86_64-pc-linux-gnu, compiled by clang version 19.1.0 (https://github.com/yugabyte/llvm-project.git a2a6b655e14e7fa1fcf1011a6cb29cb8575249c0), 64-bit
  effective isolation for READ COMMITTED requests: read committed
  database clock minus client clock: 0.009 ms
  dataset: 5 venues, 84 events, 5741 tickets and 165 holds at load
  loading s1r_confirm_retry ...
  loaded in 20.9s (copy 6.1s, index 7.1s)
  verifying answers against ground truth ...
    51/51 checks passed (margin 586s); audit on load: consistent (84 events, 5741 tickets; rejections late=0 boundary=0)
  race trial 1/4 (32 buyers per event, fresh load):
      race event 52: gate 2026-09-14T19:27:25.535744954Z, deadline 2026-09-14T19:28:25.535744954Z
      race event 53: gate 2026-09-14T19:27:30.432633611Z, deadline 2026-09-14T19:28:30.432633611Z
      race event 54: gate 2026-09-14T19:27:32.622613268Z, deadline 2026-09-14T19:28:32.622613268Z
      race event 55: gate 2026-09-14T19:27:34.053844173Z, deadline 2026-09-14T19:28:34.053844173Z
      race event 56: gate 2026-09-14T19:27:35.535193875Z, deadline 2026-09-14T19:28:35.535193875Z
      race event 57: gate 2026-09-14T19:27:37.134874425Z, deadline 2026-09-14T19:28:37.134874425Z
      race event 58: gate 2026-09-14T19:27:38.950234569Z, deadline 2026-09-14T19:28:38.950234569Z
      race event 59: gate 2026-09-14T19:27:39.556009763Z, deadline 2026-09-14T19:28:39.556009763Z
      race event 60: gate 2026-09-14T19:27:40.735898114Z, deadline 2026-09-14T19:28:40.735898114Z
      race event 61: gate 2026-09-14T19:27:41.557298435Z, deadline 2026-09-14T19:28:41.557298435Z
      race event 62: gate 2026-09-14T19:27:42.481277551Z, deadline 2026-09-14T19:28:42.481277551Z
      race event 63: gate 2026-09-14T19:27:43.32106242Z, deadline 2026-09-14T19:28:43.32106242Z
      race event 64: gate 2026-09-14T19:27:44.567915731Z, deadline 2026-09-14T19:28:44.567915731Z
      race event 65: gate 2026-09-14T19:27:45.268808682Z, deadline 2026-09-14T19:28:45.268808682Z
      race event 66: gate 2026-09-14T19:27:46.171756349Z, deadline 2026-09-14T19:28:46.171756349Z
      race event 67: gate 2026-09-14T19:27:46.773619618Z, deadline 2026-09-14T19:28:46.773619618Z
      race event 68: gate 2026-09-14T19:27:47.682376681Z, deadline 2026-09-14T19:28:47.682376681Z
      race event 69: gate 2026-09-14T19:27:48.054476756Z, deadline 2026-09-14T19:28:48.054476756Z
      race event 70: gate 2026-09-14T19:27:48.745642707Z, deadline 2026-09-14T19:28:48.745642707Z
      race event 71: gate 2026-09-14T19:27:49.41577327Z, deadline 2026-09-14T19:28:49.41577327Z
    race     10 seats x20        12.1 seats/s  conflicts/hold=6.25 reads/hold=12.71  hold p50=110.58ms p99=979.98ms  deferred 9/9 ok  confirm retries sold/run=0/0  errors=0  ok
      audit: consistent (20 events, 200 tickets; rejections late=0 boundary=0)
      race event 72: gate 2026-09-14T19:27:50.830849638Z, deadline 2026-09-14T19:28:50.830849638Z
      race event 73: gate 2026-09-14T19:27:53.815789775Z, deadline 2026-09-14T19:28:53.815789775Z
      race event 74: gate 2026-09-14T19:27:56.628681025Z, deadline 2026-09-14T19:28:56.628681025Z
      race event 75: gate 2026-09-14T19:27:59.785607478Z, deadline 2026-09-14T19:28:59.785607478Z
    race    100 seats x4         39.4 seats/s  conflicts/hold=2.46 reads/hold=4.57  hold p50=117.25ms p99=595.19ms  deferred 15/15 ok  confirm retries sold/run=0/0  errors=0  ok
      audit: consistent (4 events, 400 tickets; rejections late=0 boundary=0)
      race event 76: gate 2026-09-14T19:28:02.013054364Z, deadline 2026-09-14T19:29:02.013054364Z
    race   1000 seats x1         37.7 seats/s  conflicts/hold=1.03 reads/hold=3.01  hold p50=187.42ms p99=629.79ms  deferred 56/56 ok  confirm retries sold/run=0/0  errors=0  ok
      audit: consistent (1 events, 1000 tickets; rejections late=0 boundary=0)
      race event 77: gate 2026-09-14T19:28:34.145378547Z, deadline 2026-09-14T19:29:34.145378547Z
    race  10000 seats x1         26.4 seats/s  conflicts/hold=0.44 reads/hold=1.46  hold p50=305.19ms p99=882.52ms  deferred 67/67 ok  confirm retries sold/run=0/0  errors=0  ok, 1 timed out (16% sold)
      audit: consistent (1 events, 1603 tickets; rejections late=0 boundary=0)
  race trial 2/4 (32 buyers per event, fresh load):
      race event 52: gate 2026-09-14T19:30:08.370604089Z, deadline 2026-09-14T19:31:08.370604089Z
      race event 53: gate 2026-09-14T19:30:09.808928573Z, deadline 2026-09-14T19:31:09.808928573Z
      race event 54: gate 2026-09-14T19:30:10.307382393Z, deadline 2026-09-14T19:31:10.307382393Z
      race event 55: gate 2026-09-14T19:30:10.744510905Z, deadline 2026-09-14T19:31:10.744510905Z
      race event 56: gate 2026-09-14T19:30:11.920608193Z, deadline 2026-09-14T19:31:11.920608193Z
      race event 57: gate 2026-09-14T19:30:12.696710858Z, deadline 2026-09-14T19:31:12.696710858Z
      race event 58: gate 2026-09-14T19:30:13.707625597Z, deadline 2026-09-14T19:31:13.707625597Z
      race event 59: gate 2026-09-14T19:30:14.336037636Z, deadline 2026-09-14T19:31:14.336037636Z
      race event 60: gate 2026-09-14T19:30:15.089597965Z, deadline 2026-09-14T19:31:15.089597965Z
      race event 61: gate 2026-09-14T19:30:16.038253928Z, deadline 2026-09-14T19:31:16.038253928Z
      race event 62: gate 2026-09-14T19:30:16.827256188Z, deadline 2026-09-14T19:31:16.827256188Z
      race event 63: gate 2026-09-14T19:30:17.911311812Z, deadline 2026-09-14T19:31:17.911311812Z
      race event 64: gate 2026-09-14T19:30:19.100383301Z, deadline 2026-09-14T19:31:19.100383301Z
      race event 65: gate 2026-09-14T19:30:20.29232849Z, deadline 2026-09-14T19:31:20.29232849Z
      race event 66: gate 2026-09-14T19:30:21.113541362Z, deadline 2026-09-14T19:31:21.113541362Z
      race event 67: gate 2026-09-14T19:30:21.703059532Z, deadline 2026-09-14T19:31:21.703059532Z
      race event 68: gate 2026-09-14T19:30:22.216658841Z, deadline 2026-09-14T19:31:22.216658841Z
      race event 69: gate 2026-09-14T19:30:22.695297107Z, deadline 2026-09-14T19:31:22.695297107Z
      race event 70: gate 2026-09-14T19:30:23.415070426Z, deadline 2026-09-14T19:31:23.415070426Z
      race event 71: gate 2026-09-14T19:30:23.895973847Z, deadline 2026-09-14T19:31:23.895973847Z
    race     10 seats x20        17.7 seats/s  conflicts/hold=6.38 reads/hold=13.85  hold p50=92.31ms p99=609.94ms  deferred 14/14 ok  confirm retries sold/run=0/0  errors=0  ok
      audit: consistent (20 events, 200 tickets; rejections late=0 boundary=0)
      race event 72: gate 2026-09-14T19:30:24.71976236Z, deadline 2026-09-14T19:31:24.71976236Z
      race event 73: gate 2026-09-14T19:30:26.995712174Z, deadline 2026-09-14T19:31:26.995712174Z
      race event 74: gate 2026-09-14T19:30:29.795212493Z, deadline 2026-09-14T19:31:29.795212493Z
      race event 75: gate 2026-09-14T19:30:35.840882636Z, deadline 2026-09-14T19:31:35.840882636Z
    race    100 seats x4         39.0 seats/s  conflicts/hold=2.62 reads/hold=5.11  hold p50=107.40ms p99=786.86ms  deferred 21/21 ok  confirm retries sold/run=0/0  errors=0  ok
      audit: consistent (4 events, 400 tickets; rejections late=0 boundary=0)
      race event 76: gate 2026-09-14T19:30:39.222181465Z, deadline 2026-09-14T19:31:39.222181465Z
    race   1000 seats x1         37.9 seats/s  conflicts/hold=0.96 reads/hold=2.57  hold p50=191.87ms p99=490.49ms  deferred 45/45 ok  confirm retries sold/run=1/1  errors=0  ok
      audit: consistent (1 events, 1000 tickets; rejections late=0 boundary=0)
      race event 77: gate 2026-09-14T19:31:07.547050172Z, deadline 2026-09-14T19:32:07.547050172Z
    race  10000 seats x1         26.5 seats/s  conflicts/hold=0.47 reads/hold=1.51  hold p50=306.00ms p99=815.33ms  deferred 69/69 ok  confirm retries sold/run=1/1  errors=0  ok, 1 timed out (16% sold)
      audit: consistent (1 events, 1605 tickets; rejections late=0 boundary=0)
  race trial 3/4 (32 buyers per event, fresh load):
      race event 52: gate 2026-09-14T19:32:42.727485923Z, deadline 2026-09-14T19:33:42.727485923Z
      race event 53: gate 2026-09-14T19:32:44.083556527Z, deadline 2026-09-14T19:33:44.083556527Z
      race event 54: gate 2026-09-14T19:32:44.584596943Z, deadline 2026-09-14T19:33:44.584596943Z
      race event 55: gate 2026-09-14T19:32:45.978339997Z, deadline 2026-09-14T19:33:45.978339997Z
      race event 56: gate 2026-09-14T19:32:47.531897173Z, deadline 2026-09-14T19:33:47.531897173Z
      race event 57: gate 2026-09-14T19:32:48.641810208Z, deadline 2026-09-14T19:33:48.641810208Z
      race event 58: gate 2026-09-14T19:32:49.237339602Z, deadline 2026-09-14T19:33:49.237339602Z
      race event 59: gate 2026-09-14T19:32:49.817904343Z, deadline 2026-09-14T19:33:49.817904343Z
      race event 60: gate 2026-09-14T19:32:51.213347869Z, deadline 2026-09-14T19:33:51.213347869Z
      race event 61: gate 2026-09-14T19:32:51.965549037Z, deadline 2026-09-14T19:33:51.965549037Z
      race event 62: gate 2026-09-14T19:32:52.978867184Z, deadline 2026-09-14T19:33:52.978867184Z
      race event 63: gate 2026-09-14T19:32:56.397177438Z, deadline 2026-09-14T19:33:56.397177438Z
      race event 64: gate 2026-09-14T19:32:57.46253492Z, deadline 2026-09-14T19:33:57.46253492Z
      race event 65: gate 2026-09-14T19:32:59.167763575Z, deadline 2026-09-14T19:33:59.167763575Z
      race event 66: gate 2026-09-14T19:32:59.958940696Z, deadline 2026-09-14T19:33:59.958940696Z
      race event 67: gate 2026-09-14T19:33:00.930865703Z, deadline 2026-09-14T19:34:00.930865703Z
      race event 68: gate 2026-09-14T19:33:02.456310166Z, deadline 2026-09-14T19:34:02.456310166Z
      race event 69: gate 2026-09-14T19:33:03.42081499Z, deadline 2026-09-14T19:34:03.42081499Z
      race event 70: gate 2026-09-14T19:33:04.631223312Z, deadline 2026-09-14T19:34:04.631223312Z
      race event 71: gate 2026-09-14T19:33:05.239675755Z, deadline 2026-09-14T19:34:05.239675755Z
    race     10 seats x20        13.7 seats/s  conflicts/hold=7.67 reads/hold=15.50  hold p50=99.96ms p99=999.28ms  deferred 12/12 ok  confirm retries sold/run=0/0  errors=0  ok
      audit: consistent (20 events, 200 tickets; rejections late=0 boundary=0)
      race event 72: gate 2026-09-14T19:33:06.199908424Z, deadline 2026-09-14T19:34:06.199908424Z
      race event 73: gate 2026-09-14T19:33:09.047270524Z, deadline 2026-09-14T19:34:09.047270524Z
      race event 74: gate 2026-09-14T19:33:12.966802232Z, deadline 2026-09-14T19:34:12.966802232Z
      race event 75: gate 2026-09-14T19:33:16.429319168Z, deadline 2026-09-14T19:34:16.429319168Z
    race    100 seats x4         32.1 seats/s  conflicts/hold=2.35 reads/hold=4.84  hold p50=109.80ms p99=785.48ms  deferred 16/16 ok  confirm retries sold/run=0/0  errors=0  ok
      audit: consistent (4 events, 400 tickets; rejections late=0 boundary=0)
      race event 76: gate 2026-09-14T19:33:20.33492549Z, deadline 2026-09-14T19:34:20.33492549Z
    race   1000 seats x1         42.5 seats/s  conflicts/hold=0.81 reads/hold=3.00  hold p50=187.40ms p99=523.48ms  deferred 39/39 ok  confirm retries sold/run=0/0  errors=0  ok
      audit: consistent (1 events, 1000 tickets; rejections late=0 boundary=0)
      race event 77: gate 2026-09-14T19:33:47.830455769Z, deadline 2026-09-14T19:34:47.830455769Z
    race  10000 seats x1         27.4 seats/s  conflicts/hold=0.38 reads/hold=1.42  hold p50=299.71ms p99=794.47ms  deferred 87/87 ok  confirm retries sold/run=1/1  errors=0  ok, 1 timed out (16% sold)
      audit: consistent (1 events, 1650 tickets; rejections late=0 boundary=0)
  race trial 4/4 (32 buyers per event, fresh load):
      race event 52: gate 2026-09-14T19:35:24.864318536Z, deadline 2026-09-14T19:36:24.864318536Z
      race event 53: gate 2026-09-14T19:35:26.375920952Z, deadline 2026-09-14T19:36:26.375920952Z
      race event 54: gate 2026-09-14T19:35:27.101013778Z, deadline 2026-09-14T19:36:27.101013778Z
      race event 55: gate 2026-09-14T19:35:27.811444141Z, deadline 2026-09-14T19:36:27.811444141Z
      race event 56: gate 2026-09-14T19:35:29.584128739Z, deadline 2026-09-14T19:36:29.584128739Z
      race event 57: gate 2026-09-14T19:35:30.110720496Z, deadline 2026-09-14T19:36:30.110720496Z
      race event 58: gate 2026-09-14T19:35:31.247722265Z, deadline 2026-09-14T19:36:31.247722265Z
      race event 59: gate 2026-09-14T19:35:31.965933739Z, deadline 2026-09-14T19:36:31.965933739Z
      race event 60: gate 2026-09-14T19:35:32.733717864Z, deadline 2026-09-14T19:36:32.733717864Z
      race event 61: gate 2026-09-14T19:35:33.88244669Z, deadline 2026-09-14T19:36:33.88244669Z
      race event 62: gate 2026-09-14T19:35:34.532551558Z, deadline 2026-09-14T19:36:34.532551558Z
      race event 63: gate 2026-09-14T19:35:36.425924928Z, deadline 2026-09-14T19:36:36.425924928Z
      race event 64: gate 2026-09-14T19:35:37.693915376Z, deadline 2026-09-14T19:36:37.693915376Z
      race event 65: gate 2026-09-14T19:35:38.492976673Z, deadline 2026-09-14T19:36:38.492976673Z
      race event 66: gate 2026-09-14T19:35:39.090257546Z, deadline 2026-09-14T19:36:39.090257546Z
      race event 67: gate 2026-09-14T19:35:40.216179963Z, deadline 2026-09-14T19:36:40.216179963Z
      race event 68: gate 2026-09-14T19:35:40.936422193Z, deadline 2026-09-14T19:36:40.936422193Z
      race event 69: gate 2026-09-14T19:35:41.999201503Z, deadline 2026-09-14T19:36:41.999201503Z
      race event 70: gate 2026-09-14T19:35:42.994996895Z, deadline 2026-09-14T19:36:42.994996895Z
      race event 71: gate 2026-09-14T19:35:43.514402058Z, deadline 2026-09-14T19:36:43.514402058Z
    race     10 seats x20        14.1 seats/s  conflicts/hold=6.04 reads/hold=13.44  hold p50=104.37ms p99=582.65ms  deferred 13/13 ok  confirm retries sold/run=0/0  errors=0  ok
      audit: consistent (20 events, 200 tickets; rejections late=0 boundary=0)
      race event 72: gate 2026-09-14T19:35:44.392712476Z, deadline 2026-09-14T19:36:44.392712476Z
      race event 73: gate 2026-09-14T19:35:46.88144968Z, deadline 2026-09-14T19:36:46.88144968Z
      race event 74: gate 2026-09-14T19:35:52.996838813Z, deadline 2026-09-14T19:36:52.996838813Z
      race event 75: gate 2026-09-14T19:35:55.689567593Z, deadline 2026-09-14T19:36:55.689567593Z
    race    100 seats x4         37.3 seats/s  conflicts/hold=2.27 reads/hold=4.71  hold p50=116.59ms p99=725.30ms  deferred 16/16 ok  confirm retries sold/run=1/1  errors=0  ok
      audit: consistent (4 events, 400 tickets; rejections late=0 boundary=0)
      race event 76: gate 2026-09-14T19:35:59.334730067Z, deadline 2026-09-14T19:36:59.334730067Z
    race   1000 seats x1         34.1 seats/s  conflicts/hold=0.93 reads/hold=2.94  hold p50=197.83ms p99=508.93ms  deferred 46/46 ok  confirm retries sold/run=1/1  errors=0  ok
      audit: consistent (1 events, 1000 tickets; rejections late=0 boundary=0)
      race event 77: gate 2026-09-14T19:36:32.752742807Z, deadline 2026-09-14T19:37:32.752742807Z
    race  10000 seats x1         28.0 seats/s  conflicts/hold=0.27 reads/hold=1.27  hold p50=310.88ms p99=808.53ms  deferred 69/69 ok  confirm retries sold/run=1/1  errors=0  ok, 1 timed out (17% sold)
      audit: consistent (1 events, 1692 tickets; rejections late=0 boundary=0)
  wrote /results/s1r_confirm_retry.json
