  engine: PostgreSQL 15.12-YB-2025.2.6.0-b0 on x86_64-pc-linux-gnu, compiled by clang version 19.1.0 (https://github.com/yugabyte/llvm-project.git a2a6b655e14e7fa1fcf1011a6cb29cb8575249c0), 64-bit
  effective isolation for READ COMMITTED requests: read committed
  database clock minus client clock: 0.006 ms
  dataset: 5 venues, 84 events, 5741 tickets and 165 holds at load
  loading s1_conditional_update ...
  loaded in 26.5s (copy 6.9s, index 15.5s)
  verifying answers against ground truth ...
    51/51 checks passed (margin 580s); audit on load: consistent (84 events, 5741 tickets; rejections late=0 boundary=0)
  capturing plans ...
  race trial 1/8 (32 buyers per event, fresh load):
      race event 77: gate 2026-09-14T17:09:17.330217969Z, deadline 2026-09-14T17:09:37.330217969Z
    race  10000 seats x1         25.8 seats/s  conflicts/hold=0.37 reads/hold=1.37  hold p50=208.58ms p99=2200.21ms  deferred 29/29 ok  errors=0  ok, 1 timed out (5% sold)
      audit: consistent (1 events, 529 tickets; rejections late=0 boundary=0)
  race trial 2/8 (32 buyers per event, fresh load):
      race event 77: gate 2026-09-14T17:10:08.73038677Z, deadline 2026-09-14T17:10:28.73038677Z
    race  10000 seats x1         27.1 seats/s  conflicts/hold=0.39 reads/hold=1.39  hold p50=300.95ms p99=613.21ms  deferred 29/29 ok  errors=0  ok, 1 timed out (6% sold)
      audit: consistent (1 events, 555 tickets; rejections late=0 boundary=0)
  race trial 3/8 (32 buyers per event, fresh load):
      race event 77: gate 2026-09-14T17:10:54.237209362Z, deadline 2026-09-14T17:11:14.237209362Z
    race  10000 seats x1         27.0 seats/s  conflicts/hold=0.26 reads/hold=1.26  hold p50=296.23ms p99=705.75ms  deferred 32/32 ok  errors=0  VIOLATIONS, 1 timed out (6% sold)
      audit: VIOLATIONS — thefts 0, grants on sold seats 0, double sales 0, sales without the hold 0, late sales 0, early rejections 1, duplicate seats 0, inventory drift 0, invalid seats 0, partial holds 0, ticket mismatches 0
  race trial 4/8 (32 buyers per event, fresh load):
      race event 77: gate 2026-09-14T17:11:36.591314456Z, deadline 2026-09-14T17:11:56.591314456Z
    race  10000 seats x1         25.5 seats/s  conflicts/hold=0.41 reads/hold=1.41  hold p50=299.58ms p99=712.72ms  deferred 29/29 ok  errors=0  ok, 1 timed out (5% sold)
      audit: consistent (1 events, 524 tickets; rejections late=0 boundary=0)
  race trial 5/8 (32 buyers per event, fresh load):
      race event 77: gate 2026-09-14T17:12:26.051616067Z, deadline 2026-09-14T17:12:46.051616067Z
    race  10000 seats x1         32.4 seats/s  conflicts/hold=0.24 reads/hold=1.24  hold p50=209.00ms p99=615.28ms  deferred 37/37 ok  errors=0  ok, 1 timed out (7% sold)
      audit: consistent (1 events, 681 tickets; rejections late=0 boundary=0)
  race trial 6/8 (32 buyers per event, fresh load):
      race event 77: gate 2026-09-14T17:13:15.319379073Z, deadline 2026-09-14T17:13:35.319379073Z
    race  10000 seats x1         24.1 seats/s  conflicts/hold=0.36 reads/hold=1.36  hold p50=304.72ms p99=899.68ms  deferred 25/25 ok  errors=0  ok, 1 timed out (5% sold)
      audit: consistent (1 events, 501 tickets; rejections late=0 boundary=0)
  race trial 7/8 (32 buyers per event, fresh load):
      race event 77: gate 2026-09-14T17:14:01.294375828Z, deadline 2026-09-14T17:14:21.294375828Z
    race  10000 seats x1         26.6 seats/s  conflicts/hold=0.46 reads/hold=1.46  hold p50=286.12ms p99=914.90ms  deferred 26/26 ok  errors=0  ok, 1 timed out (6% sold)
      audit: consistent (1 events, 555 tickets; rejections late=0 boundary=0)
  race trial 8/8 (32 buyers per event, fresh load):
      race event 77: gate 2026-09-14T17:14:51.732127435Z, deadline 2026-09-14T17:15:11.732127435Z
    race  10000 seats x1         28.0 seats/s  conflicts/hold=0.31 reads/hold=1.31  hold p50=298.11ms p99=793.95ms  deferred 35/35 ok  errors=0  ok, 1 timed out (6% sold)
      audit: consistent (1 events, 578 tickets; rejections late=0 boundary=0)
  wrote /results/s1_conditional_update.json
