[1;34m==>[0m building benchmark image localhost/ticketbench:1 (context: repository root)
[1;34m==>[0m starting yb-single (docker.io/yugabytedb/yugabyte:2025.2.6.0-b111, 2 cpus, 3g)
[1;34m==>[0m yb-single ready on container port 5433 (host 55433)
    tservers: 1
[1;34m==>[0m [yb-single] c5_seat_unique
  engine: PostgreSQL 15.12-YB-2025.2.6.0-b0 on x86_64-pc-linux-gnu, compiled by clang version 19.1.0 (https://github.com/yugabyte/llvm-project.git a2a6b655e14e7fa1fcf1011a6cb29cb8575249c0), 64-bit
  effective isolation for READ COMMITTED requests: read committed
  dataset: 10 bands, 90 events, 26100 seats, 6880 sold at load
  loading c5_seat_unique ...
  loaded in 23.9s (copy 0.2s, index 22.5s)
  verifying answers against ground truth ...
    38/38 checks passed; audit on load: consistent (90 events, 6880 seats sold)
  capturing plans ...
  write benchmark (fresh load per op):
    book                                    103.9 ops/s  p50= 20.421ms p99= 393.023ms  rejected=0 retries=334 errors=0
      audit after book: consistent (90 events, 7038 seats sold)
    cancel                                  590.2 ops/s  p50=  3.636ms p99=  80.355ms  rejected=0 retries=0 errors=0
      audit after cancel: consistent (90 events, 6088 seats sold)
    publish@10                              565.8 ops/s  p50=  2.465ms p99=  68.191ms  rejected=0 retries=0 errors=0
    publish@100                             486.8 ops/s  p50=  3.051ms p99=  67.536ms  rejected=0 retries=0 errors=0
    publish@1000                            259.4 ops/s  p50=  2.514ms p99=  65.567ms  rejected=0 retries=0 errors=0
    publish@10000                           896.0 ops/s  p50=  2.155ms p99=   2.155ms  rejected=0 retries=0 errors=0
    publish@100000                          901.8 ops/s  p50=  1.973ms p99=   1.973ms  rejected=0 retries=0 errors=0
      audit after publish: consistent (2319 events, 6880 seats sold)
  race trial 1/1 (32 buyers per event, fresh load):
    race       10 seats x20        24.3 sold/s  p50=156.929ms p99= 549.568ms  attempts/sale=20.82 errors=0  editor p99=175.31ms  ok
      audit: consistent (90 events, 7080 seats sold)
    race      100 seats x4         24.2 sold/s  p50=668.355ms p99=3884.612ms  attempts/sale=20.18 errors=0  editor p99=101.68ms  ok
      audit: consistent (90 events, 7480 seats sold)
  churn trial 1/1 (32 buyers per event, fresh load):
    churn      10 seats x10        24.2 sold/s  p50=167.881ms p99= 712.582ms  attempts/sale=21.30 errors=0  editor p99=104.37ms  UNDERBOOKED 3 events (3 seats)
      audit: VIOLATIONS — 0 overbooked events (+0 seats), 0 duplicate seats, 3 derived-state drifts, 0 ledger mismatches
    churn     100 seats x2         23.0 sold/s  p50=640.356ms p99=3219.929ms  attempts/sale=19.26 errors=0  editor p99=93.90ms  UNDERBOOKED 2 events (10 seats)
      audit: VIOLATIONS — 0 overbooked events (+0 seats), 0 duplicate seats, 5 derived-state drifts, 0 ledger mismatches
  wrote /results/c5_seat_unique.json
[1;34m==>[0m [yb-single] r1_inventory_row
  engine: PostgreSQL 15.12-YB-2025.2.6.0-b0 on x86_64-pc-linux-gnu, compiled by clang version 19.1.0 (https://github.com/yugabyte/llvm-project.git a2a6b655e14e7fa1fcf1011a6cb29cb8575249c0), 64-bit
  effective isolation for READ COMMITTED requests: read committed
  dataset: 10 bands, 90 events, 26100 seats, 6880 sold at load
  loading r1_inventory_row ...
  loaded in 4.7s (copy 0.2s, index 2.2s)
  verifying answers against ground truth ...
    38/38 checks passed; audit on load: consistent (90 events, 6880 seats sold)
  capturing plans ...
  write benchmark (fresh load per op):
    book                                     79.7 ops/s  p50=  8.775ms p99= 402.170ms  rejected=0 retries=0 errors=0
      audit after book: consistent (90 events, 7006 seats sold)
    cancel                                   53.8 ops/s  p50=102.758ms p99= 489.252ms  rejected=0 retries=0 errors=0
      audit after cancel: consistent (90 events, 6787 seats sold)
    publish@10                              361.4 ops/s  p50=  4.019ms p99=  68.656ms  rejected=0 retries=0 errors=0
    publish@100                             324.9 ops/s  p50=  4.665ms p99=  69.366ms  rejected=0 retries=0 errors=0
    publish@1000                            246.2 ops/s  p50=  5.324ms p99=  58.516ms  rejected=0 retries=0 errors=0
    publish@10000                           482.0 ops/s  p50=  4.060ms p99=   4.060ms  rejected=0 retries=0 errors=0
    publish@100000                          491.5 ops/s  p50=  3.717ms p99=   3.717ms  rejected=0 retries=0 errors=0
      audit after publish: consistent (2319 events, 6880 seats sold)
  race trial 1/1 (32 buyers per event, fresh load):
    race       10 seats x20        20.0 sold/s  p50=175.077ms p99= 595.064ms  attempts/sale=1.00 errors=0  editor p99=77.24ms  ok
      audit: consistent (90 events, 7080 seats sold)
    race      100 seats x4         18.4 sold/s  p50=1518.712ms p99=2817.039ms  attempts/sale=1.00 errors=0  editor p99=68.25ms  ok
      audit: consistent (90 events, 7480 seats sold)
  churn trial 1/1 (32 buyers per event, fresh load):
    churn      10 seats x10        17.5 sold/s  p50=218.164ms p99= 847.381ms  attempts/sale=1.00 errors=0  editor p99=74.40ms  ok
      audit: consistent (90 events, 6980 seats sold)
    churn     100 seats x2         19.7 sold/s  p50=1140.318ms p99=3034.000ms  attempts/sale=1.00 errors=0  editor p99=57.05ms  ok
      audit: consistent (90 events, 7180 seats sold)
  wrote /results/r1_inventory_row.json
[1;34m==>[0m [yb-single] r2_inventory_buckets
  engine: PostgreSQL 15.12-YB-2025.2.6.0-b0 on x86_64-pc-linux-gnu, compiled by clang version 19.1.0 (https://github.com/yugabyte/llvm-project.git a2a6b655e14e7fa1fcf1011a6cb29cb8575249c0), 64-bit
  effective isolation for READ COMMITTED requests: read committed
  dataset: 10 bands, 90 events, 26100 seats, 6880 sold at load
  loading r2_inventory_buckets ...
  loaded in 5.6s (copy 0.2s, index 2.5s)
  verifying answers against ground truth ...
    38/38 checks passed; audit on load: consistent (90 events, 6880 seats sold)
  capturing plans ...
  write benchmark (fresh load per op):
    book                                    190.1 ops/s  p50= 11.236ms p99= 199.030ms  rejected=0 retries=58 errors=0
      audit after book: consistent (90 events, 7107 seats sold)
    cancel                                  185.1 ops/s  p50= 18.304ms p99= 192.522ms  rejected=0 retries=33 errors=0
      audit after cancel: consistent (90 events, 6626 seats sold)
    publish@10                              301.4 ops/s  p50=  4.644ms p99=  71.664ms  rejected=0 retries=0 errors=0
    publish@100                             275.1 ops/s  p50=  5.375ms p99=  71.931ms  rejected=0 retries=0 errors=0
    publish@1000                            183.6 ops/s  p50=  5.972ms p99=  66.709ms  rejected=0 retries=0 errors=0
    publish@10000                            38.8 ops/s  p50= 51.058ms p99=  51.058ms  rejected=0 retries=0 errors=0
    publish@100000                          507.0 ops/s  p50=  3.869ms p99=   3.869ms  rejected=0 retries=0 errors=0
      audit after publish: consistent (2319 events, 6880 seats sold)
  race trial 1/1 (32 buyers per event, fresh load):
    race       10 seats x20        25.0 sold/s  p50= 83.966ms p99= 869.257ms  attempts/sale=10.30 errors=0  editor p99=194.87ms  ok
      audit: consistent (90 events, 7080 seats sold)
    race      100 seats x4         67.0 sold/s  p50=197.356ms p99=1088.375ms  attempts/sale=3.11 errors=0  editor p99=93.55ms  ok
      audit: consistent (90 events, 7480 seats sold)
  churn trial 1/1 (32 buyers per event, fresh load):
    churn      10 seats x10        18.0 sold/s  p50= 94.474ms p99=1129.779ms  attempts/sale=12.40 errors=0  editor p99=188.35ms  ok
      audit: consistent (90 events, 6980 seats sold)
    churn     100 seats x2         59.1 sold/s  p50=221.680ms p99=1406.989ms  attempts/sale=3.51 errors=0  editor p99=109.46ms  ok
      audit: consistent (90 events, 7180 seats sold)
  wrote /results/r2_inventory_buckets.json
[1;34m==>[0m [yb-single] r3_seat_pool
  engine: PostgreSQL 15.12-YB-2025.2.6.0-b0 on x86_64-pc-linux-gnu, compiled by clang version 19.1.0 (https://github.com/yugabyte/llvm-project.git a2a6b655e14e7fa1fcf1011a6cb29cb8575249c0), 64-bit
  effective isolation for READ COMMITTED requests: read committed
  dataset: 10 bands, 90 events, 26100 seats, 6880 sold at load
  loading r3_seat_pool ...
  loaded in 6.3s (copy 0.4s, index 3.1s)
  verifying answers against ground truth ...
    38/38 checks passed; audit on load: consistent (90 events, 6880 seats sold)
  capturing plans ...
  write benchmark (fresh load per op):
    book                                    206.7 ops/s  p50= 17.354ms p99= 109.192ms  rejected=0 retries=0 errors=0
      audit after book: consistent (90 events, 7130 seats sold)
    cancel                                  357.9 ops/s  p50=  6.702ms p99= 117.691ms  rejected=0 retries=0 errors=0
      audit after cancel: consistent (90 events, 6418 seats sold)
    publish@10                              330.8 ops/s  p50=  4.104ms p99=  72.010ms  rejected=0 retries=0 errors=0
    publish@100                             234.2 ops/s  p50=  5.829ms p99=  74.418ms  rejected=0 retries=0 errors=0
    publish@1000                            100.6 ops/s  p50= 15.527ms p99=  77.768ms  rejected=0 retries=0 errors=0
    publish@10000                            18.1 ops/s  p50= 95.054ms p99=  95.054ms  rejected=0 retries=0 errors=0
    publish@100000                            1.0 ops/s  p50=1916.867ms p99=1916.867ms  rejected=0 retries=0 errors=0
      audit after publish: consistent (2319 events, 6880 seats sold)
  race trial 1/1 (32 buyers per event, fresh load):
    race       10 seats x20        32.3 sold/s  p50= 84.346ms p99= 624.213ms  attempts/sale=7.08 errors=0  editor p99=273.00ms  ok
      audit: consistent (90 events, 7080 seats sold)
    race      100 seats x4         87.0 sold/s  p50=290.783ms p99= 768.270ms  attempts/sale=1.01 errors=0  editor p99=91.62ms  ok
      audit: consistent (90 events, 7480 seats sold)
  churn trial 1/1 (32 buyers per event, fresh load):
    churn      10 seats x10        23.7 sold/s  p50= 87.042ms p99= 712.960ms  attempts/sale=9.58 errors=0  editor p99=191.00ms  ok
      audit: consistent (90 events, 6980 seats sold)
    churn     100 seats x2         94.6 sold/s  p50=266.324ms p99= 720.414ms  attempts/sale=1.19 errors=0  editor p99=92.28ms  ok
      audit: consistent (90 events, 7180 seats sold)
  wrote /results/r3_seat_pool.json
[1;34m==>[0m [yb-single] h0_hold_naive_confirm
  engine: PostgreSQL 15.12-YB-2025.2.6.0-b0 on x86_64-pc-linux-gnu, compiled by clang version 19.1.0 (https://github.com/yugabyte/llvm-project.git a2a6b655e14e7fa1fcf1011a6cb29cb8575249c0), 64-bit
  effective isolation for READ COMMITTED requests: read committed
  dataset: 10 bands, 90 events, 26100 seats, 6880 sold at load
  loading h0_hold_naive_confirm ...
  loaded in 4.8s (copy 0.2s, index 2.5s)
  verifying answers against ground truth ...
    38/38 checks passed; audit on load: consistent (90 events, 6880 seats sold)
  capturing plans ...
  write benchmark (fresh load per op):
    book                                     96.7 ops/s  p50= 65.966ms p99= 352.548ms  rejected=0 retries=0 errors=0
      audit after book: consistent (90 events, 7002 seats sold)
    cancel                                   48.3 ops/s  p50=100.362ms p99= 493.497ms  rejected=0 retries=0 errors=0
      audit after cancel: consistent (90 events, 6809 seats sold)
    publish@10                              590.3 ops/s  p50=  2.294ms p99=  69.451ms  rejected=0 retries=0 errors=0
    publish@100                             522.7 ops/s  p50=  2.452ms p99=  68.242ms  rejected=0 retries=0 errors=0
    publish@1000                           1636.1 ops/s  p50=  2.128ms p99=   3.360ms  rejected=0 retries=0 errors=0
    publish@10000                          1007.5 ops/s  p50=  1.844ms p99=   1.844ms  rejected=0 retries=0 errors=0
    publish@100000                          961.1 ops/s  p50=  1.735ms p99=   1.735ms  rejected=0 retries=0 errors=0
      audit after publish: consistent (2319 events, 6880 seats sold)
  race trial 1/1 (32 buyers per event, fresh load):
    race       10 seats x20        16.7 sold/s  p50=260.390ms p99=1285.979ms  attempts/sale=1.00 errors=0  editor p99=633.21ms  ok
      audit: consistent (90 events, 7080 seats sold)
    race      100 seats x4         15.7 sold/s  p50=1940.712ms p99=2827.909ms  attempts/sale=1.00 errors=0  editor p99=1614.69ms  ok
      audit: consistent (90 events, 7480 seats sold)
  churn trial 1/1 (32 buyers per event, fresh load):
    churn      10 seats x10        20.6 sold/s  p50=270.636ms p99= 586.855ms  attempts/sale=1.00 errors=0  editor p99=477.98ms  ok
      audit: consistent (90 events, 6980 seats sold)
    churn     100 seats x2         14.9 sold/s  p50=2115.027ms p99=2823.760ms  attempts/sale=1.00 errors=0  editor p99=1003.02ms  ok
      audit: consistent (90 events, 7180 seats sold)
  holds (32 buyers per event, TTL 250ms, fresh load):
    holds      10 seats x4        6.8 confirmed/s  holds=84 abandoned=19 late-rejected=0 swept=44 errors=0  OVERBOOKED 2 events (+2 seats)
      audit: VIOLATIONS — 2 overbooked events (+2 seats), 0 duplicate seats, 2 derived-state drifts, 0 ledger mismatches
    holds     100 seats x4        0.7 confirmed/s  holds=2478 abandoned=600 late-rejected=0 swept=2388 errors=0  ok
      audit: VIOLATIONS — 2 overbooked events (+2 seats), 0 duplicate seats, 3 derived-state drifts, 0 ledger mismatches
  wrote /results/h0_hold_naive_confirm.json
[1;34m==>[0m [yb-single] h1_hold_checked_confirm
  engine: PostgreSQL 15.12-YB-2025.2.6.0-b0 on x86_64-pc-linux-gnu, compiled by clang version 19.1.0 (https://github.com/yugabyte/llvm-project.git a2a6b655e14e7fa1fcf1011a6cb29cb8575249c0), 64-bit
  effective isolation for READ COMMITTED requests: read committed
  dataset: 10 bands, 90 events, 26100 seats, 6880 sold at load
  loading h1_hold_checked_confirm ...
  loaded in 5.0s (copy 0.2s, index 2.4s)
  verifying answers against ground truth ...
    38/38 checks passed; audit on load: consistent (90 events, 6880 seats sold)
  capturing plans ...
  write benchmark (fresh load per op):
    book                                     86.5 ops/s  p50= 72.474ms p99= 381.066ms  rejected=0 retries=0 errors=0
      audit after book: consistent (90 events, 6990 seats sold)
    cancel                                   47.6 ops/s  p50=131.576ms p99= 402.349ms  rejected=0 retries=0 errors=0
      audit after cancel: consistent (90 events, 6790 seats sold)
    publish@10                              573.4 ops/s  p50=  2.338ms p99=  69.234ms  rejected=0 retries=0 errors=0
    publish@100                             627.3 ops/s  p50=  2.340ms p99=  69.971ms  rejected=0 retries=0 errors=0
    publish@1000                            266.4 ops/s  p50=  2.097ms p99=  65.196ms  rejected=0 retries=0 errors=0
    publish@10000                          1242.6 ops/s  p50=  1.563ms p99=   1.563ms  rejected=0 retries=0 errors=0
    publish@100000                         1042.8 ops/s  p50=  1.765ms p99=   1.765ms  rejected=0 retries=0 errors=0
      audit after publish: consistent (2319 events, 6880 seats sold)
  race trial 1/1 (32 buyers per event, fresh load):
    race       10 seats x20        16.8 sold/s  p50=286.127ms p99= 814.922ms  attempts/sale=1.00 errors=0  editor p99=563.29ms  ok
      audit: consistent (90 events, 7080 seats sold)
    race      100 seats x4         15.5 sold/s  p50=1991.948ms p99=3153.540ms  attempts/sale=1.00 errors=0  editor p99=1162.31ms  ok
      audit: consistent (90 events, 7480 seats sold)
  churn trial 1/1 (32 buyers per event, fresh load):
    churn      10 seats x10        16.7 sold/s  p50=279.251ms p99= 765.963ms  attempts/sale=1.00 errors=0  editor p99=524.10ms  ok
      audit: consistent (90 events, 6980 seats sold)
    churn     100 seats x2         15.4 sold/s  p50=1915.754ms p99=2730.589ms  attempts/sale=1.00 errors=0  editor p99=915.01ms  ok
      audit: consistent (90 events, 7180 seats sold)
  holds (32 buyers per event, TTL 250ms, fresh load):
    holds      10 seats x4        4.5 confirmed/s  holds=147 abandoned=46 late-rejected=17 swept=107 errors=0  ok
      audit: consistent (90 events, 6920 seats sold)
    holds     100 seats x4        0.4 confirmed/s  holds=2485 abandoned=629 late-rejected=35 swept=2437 errors=0  ok
      audit: consistent (90 events, 6968 seats sold)
  wrote /results/h1_hold_checked_confirm.json
[1;34m==>[0m [yb-single] c2_count_serializable
  engine: PostgreSQL 15.12-YB-2025.2.6.0-b0 on x86_64-pc-linux-gnu, compiled by clang version 19.1.0 (https://github.com/yugabyte/llvm-project.git a2a6b655e14e7fa1fcf1011a6cb29cb8575249c0), 64-bit
  effective isolation for READ COMMITTED requests: read committed
  dataset: 10 bands, 90 events, 26100 seats, 6880 sold at load
  loading c2_count_serializable ...
  loaded in 4.6s (copy 0.2s, index 2.1s)
  verifying answers against ground truth ...
    38/38 checks passed; audit on load: consistent (90 events, 6880 seats sold)
  capturing plans ...
  write benchmark (fresh load per op):
    book                                      4.6 ops/s  p50=1816.155ms p99=2808.424ms  rejected=0 retries=141 errors=0
      audit after book: consistent (90 events, 6911 seats sold)
    cancel                                  530.4 ops/s  p50=  4.632ms p99=  78.609ms  rejected=0 retries=0 errors=0
      audit after cancel: consistent (90 events, 6177 seats sold)
    publish@10                              454.2 ops/s  p50=  2.937ms p99=  69.151ms  rejected=0 retries=0 errors=0
    publish@100                             476.1 ops/s  p50=  2.863ms p99=  72.863ms  rejected=0 retries=0 errors=0
    publish@1000                            247.3 ops/s  p50=  2.854ms p99=  67.578ms  rejected=0 retries=0 errors=0
    publish@10000                           833.7 ops/s  p50=  2.342ms p99=   2.342ms  rejected=0 retries=0 errors=0
    publish@100000                          922.8 ops/s  p50=  1.949ms p99=   1.949ms  rejected=0 retries=0 errors=0
      audit after publish: consistent (2319 events, 6880 seats sold)
  race trial 1/1 (32 buyers per event, fresh load):
ERROR: race race event 52: final count: failed to connect to `user=yugabyte database=yugabyte`:
	10.89.0.146:5433 (yb-single): server error: FATAL: the database system is shutting down (SQLSTATE 57P03)
	10.89.0.146:5433 (yb-single): server error: FATAL: the database system is shutting down (SQLSTATE 57P03)
  wrote /results/c2_count_serializable.json
[1;33m warn[0m [yb-single] c2_count_serializable FAILED -- continuing with the rest of the matrix
[1;34m==>[0m yb-single removed (including its data volume)
[1;34m==>[0m generating report
wrote /study/reports/devcheck-3.md
[1;34m==>[0m results in /c/extra/code/architecture_design_studies/studies/02-ticket-booking/results/devcheck-3
[1;33m warn[0m 1 cell(s) failed: yb-single/c2_count_serializable
