  engine: PostgreSQL 17.11 (Debian 17.11-1.pgdg13+2) on x86_64-pc-linux-gnu, compiled by gcc (Debian 14.2.0-19) 14.2.0, 64-bit
  dataset: 40 bands, 690 events, 289500 seats, 65388 sold at load
  loading p1_precreated_lock_first ...
  loaded in 0.9s (copy 0.7s, index 0.2s)
  verifying answers against ground truth ...
    40/40 checks passed; audit on load: consistent (690 events, 65388 seats sold)
  capturing plans ...
  read benchmark:
    q01_event_availability@10             21255.8 ops/s  p50=  0.162ms p99=   0.975ms  errors=0
    q01_event_availability@100            21131.9 ops/s  p50=  0.162ms p99=   0.840ms  errors=0
    q01_event_availability@1000               0.0 ops/s  p50=  0.000ms p99=   0.000ms  errors=0
    q01_event_availability@10000              0.0 ops/s  p50=  0.000ms p99=   0.000ms  errors=0
    q01_event_availability@100000             0.0 ops/s  p50=  0.000ms p99=   0.000ms  errors=0
    q02_band_events                           0.0 ops/s  p50=  0.000ms p99=   0.000ms  errors=0
    q03_customer_tickets                      0.0 ops/s  p50=  0.000ms p99=   0.000ms  errors=0
    q04_ticket_by_id                          0.0 ops/s  p50=  0.000ms p99=   0.000ms  errors=0
    q05_band_tickets_sold                     0.0 ops/s  p50=  0.000ms p99=   0.000ms  errors=0
  write benchmark (fresh load per op):
    book                                      0.0 ops/s  p50=  0.000ms p99=   0.000ms  rejected=0 retries=0 errors=0
ERROR: a_sold_per_event: context canceled
  wrote /results/p1_precreated_lock_first.json
