  engine: PostgreSQL 17.11 (Debian 17.11-1.pgdg13+2) on x86_64-pc-linux-gnu, compiled by gcc (Debian 14.2.0-19) 14.2.0, 64-bit
  dataset: 40 bands, 690 events, 289500 seats, 65388 sold at load
  loading p3_precreated_cas ...
  loaded in 0.9s (copy 0.7s, index 0.1s)
  verifying answers against ground truth ...
    46/46 checks passed; audit on load: consistent (690 events, 65388 seats sold)
  write benchmark (fresh load per op):
    book                                   4054.4 ops/s  p50=  1.326ms p99=   9.379ms  rejected=2 retries=4713 errors=0
      audit after book: consistent (690 events, 94899 seats sold)
    cancel                                 4594.8 ops/s  p50=  1.599ms p99=   2.949ms  rejected=0 retries=0 errors=0
      audit after cancel: consistent (690 events, 38204 seats sold)
      report check r01_event_sales_window@write:cancel event 500 (booked=0, cancelled=17073): ok
  race trial 1/3 (128 buyers per event, fresh load):
    race       10 seats x100     1582.5 sold/s  p50=  4.617ms p99=  19.254ms  attempts/sale=13.11 errors=0  editor p99=18.84ms  ok
      audit: consistent (690 events, 66388 seats sold)
    race      100 seats x20      3869.9 sold/s  p50=  6.176ms p99=  31.246ms  attempts/sale=3.41 errors=0  editor p99=27.93ms  ok
      audit: consistent (690 events, 68388 seats sold)
    race     1000 seats x5       5472.0 sold/s  p50=  6.075ms p99=  85.190ms  attempts/sale=1.59 errors=0  editor p99=64.72ms  ok
      audit: consistent (690 events, 73388 seats sold)
    race    10000 seats x2       6964.2 sold/s  p50=  5.719ms p99=  86.322ms  attempts/sale=1.18 errors=0  editor p99=69.15ms  ok
      audit: consistent (690 events, 93388 seats sold)
    race   100000 seats x1       7862.9 sold/s  p50=  5.648ms p99=  78.395ms  attempts/sale=1.06 errors=0  editor p99=67.51ms  ok
      audit: consistent (690 events, 193388 seats sold)
  churn trial 1/3 (128 buyers per event, fresh load):
    churn      10 seats x50       641.7 sold/s  p50=  4.423ms p99=  24.989ms  attempts/sale=12.72 errors=0  editor p99=11.29ms  ok
      audit: consistent (690 events, 65888 seats sold)
    churn     100 seats x10      2854.4 sold/s  p50=  6.684ms p99=  45.852ms  attempts/sale=3.73 errors=0  editor p99=28.69ms  ok
      audit: consistent (690 events, 66888 seats sold)
    churn    1000 seats x2       4443.9 sold/s  p50=  6.181ms p99=  89.355ms  attempts/sale=1.56 errors=0  editor p99=52.04ms  ok
      audit: consistent (690 events, 68888 seats sold)
      report check r01_event_sales_window@churn#1 event 689 (booked=1115, cancelled=115): ok
  race trial 2/3 (128 buyers per event, fresh load):
    race       10 seats x100     1975.6 sold/s  p50=  4.335ms p99=   6.451ms  attempts/sale=13.06 errors=0  editor p99=5.62ms  ok
      audit: consistent (690 events, 66388 seats sold)
    race      100 seats x20      5629.2 sold/s  p50=  5.438ms p99=  22.533ms  attempts/sale=3.32 errors=0  editor p99=23.27ms  ok
      audit: consistent (690 events, 68388 seats sold)
    race     1000 seats x5       5737.7 sold/s  p50=  5.699ms p99=  82.970ms  attempts/sale=1.58 errors=0  editor p99=65.02ms  ok
      audit: consistent (690 events, 73388 seats sold)
    race    10000 seats x2       7033.2 sold/s  p50=  5.693ms p99=  86.870ms  attempts/sale=1.19 errors=0  editor p99=68.33ms  ok
      audit: consistent (690 events, 93388 seats sold)
    race   100000 seats x1       7981.8 sold/s  p50=  5.595ms p99=  78.958ms  attempts/sale=1.06 errors=0  editor p99=65.89ms  ok
      audit: consistent (690 events, 193388 seats sold)
  churn trial 2/3 (128 buyers per event, fresh load):
    churn      10 seats x50       748.1 sold/s  p50=  4.335ms p99=  18.870ms  attempts/sale=12.46 errors=0  editor p99=5.57ms  ok
      audit: consistent (690 events, 65888 seats sold)
    churn     100 seats x10      2914.1 sold/s  p50=  6.026ms p99=  54.192ms  attempts/sale=3.71 errors=0  editor p99=33.22ms  ok
      audit: consistent (690 events, 66888 seats sold)
    churn    1000 seats x2       4643.2 sold/s  p50=  6.269ms p99=  90.046ms  attempts/sale=1.59 errors=0  editor p99=66.47ms  ok
      audit: consistent (690 events, 68888 seats sold)
      report check r01_event_sales_window@churn#2 event 689 (booked=1100, cancelled=100): ok
  race trial 3/3 (128 buyers per event, fresh load):
    race       10 seats x100     1896.0 sold/s  p50=  4.344ms p99=   8.890ms  attempts/sale=13.04 errors=0  editor p99=5.35ms  ok
      audit: consistent (690 events, 66388 seats sold)
    race      100 seats x20      4772.0 sold/s  p50=  5.445ms p99=  23.434ms  attempts/sale=3.41 errors=0  editor p99=19.10ms  ok
      audit: consistent (690 events, 68388 seats sold)
    race     1000 seats x5       6007.5 sold/s  p50=  5.691ms p99=  84.503ms  attempts/sale=1.58 errors=0  editor p99=65.46ms  ok
      audit: consistent (690 events, 73388 seats sold)
    race    10000 seats x2       7375.6 sold/s  p50=  5.491ms p99=  86.918ms  attempts/sale=1.19 errors=0  editor p99=64.56ms  ok
      audit: consistent (690 events, 93388 seats sold)
    race   100000 seats x1       8204.9 sold/s  p50=  5.586ms p99=  77.913ms  attempts/sale=1.06 errors=0  editor p99=60.00ms  ok
      audit: consistent (690 events, 193388 seats sold)
  churn trial 3/3 (128 buyers per event, fresh load):
    churn      10 seats x50       788.4 sold/s  p50=  4.363ms p99=  20.921ms  attempts/sale=12.59 errors=0  editor p99=11.16ms  ok
      audit: consistent (690 events, 65888 seats sold)
    churn     100 seats x10      3167.4 sold/s  p50=  5.748ms p99=  47.803ms  attempts/sale=3.65 errors=0  editor p99=25.20ms  ok
      audit: consistent (690 events, 66888 seats sold)
    churn    1000 seats x2       5238.0 sold/s  p50=  6.498ms p99=  87.242ms  attempts/sale=1.56 errors=0  editor p99=56.54ms  ok
      audit: consistent (690 events, 68888 seats sold)
      report check r01_event_sales_window@churn#3 event 689 (booked=1098, cancelled=98): ok
  wrote /results/p3_precreated_cas.json
