  engine: PostgreSQL 17.11 (Debian 17.11-1.pgdg13+2) on x86_64-pc-linux-gnu, compiled by gcc (Debian 14.2.0-19) 14.2.0, 64-bit
  dataset: 40 bands, 690 events, 289500 seats, 65388 sold at load
  loading x1_cas_ledger ...
  loaded in 1.1s (copy 0.8s, index 0.3s)
  verifying answers against ground truth ...
    48/48 checks passed; audit on load: consistent (690 events, 65388 seats sold)
    ledger audit on load: consistent (289500 seats checked)
  write benchmark (fresh load per op):
    book                                   4273.1 ops/s  p50=  1.239ms p99=   8.857ms  rejected=1 retries=4930 errors=0
      audit after book: consistent (690 events, 95334 seats sold)
      ledger audit after book: consistent (289500 seats checked)
    cancel                                 5231.6 ops/s  p50=  1.333ms p99=   7.668ms  rejected=0 retries=0 errors=0
      audit after cancel: consistent (690 events, 38465 seats sold)
      ledger audit after cancel: consistent (289500 seats checked)
      report check r01_event_sales_window@write:cancel event 500 (booked=0, cancelled=16914): ok
      report check r05_refunds_window@write:cancel every event (harness cancelled=26923, tolerance=0): ok
  race trial 1/3 (128 buyers per event, fresh load):
    race       10 seats x100     1318.1 sold/s  p50=  4.583ms p99=  15.279ms  attempts/sale=13.19 errors=0  editor p99=16.41ms  ok
      audit: consistent (690 events, 66388 seats sold)
      ledger audit: consistent (289500 seats checked)
    race      100 seats x20      3349.8 sold/s  p50=  7.190ms p99=  57.158ms  attempts/sale=3.48 errors=0  editor p99=38.26ms  ok
      audit: consistent (690 events, 68388 seats sold)
      ledger audit: consistent (289500 seats checked)
    race     1000 seats x5       3988.2 sold/s  p50= 10.067ms p99= 103.638ms  attempts/sale=1.63 errors=0  editor p99=75.93ms  ok
      audit: consistent (690 events, 73388 seats sold)
      ledger audit: consistent (289500 seats checked)
    race    10000 seats x2       3913.7 sold/s  p50= 11.737ms p99= 162.128ms  attempts/sale=1.19 errors=0  editor p99=85.83ms  ok
      audit: consistent (690 events, 93388 seats sold)
      ledger audit: consistent (289500 seats checked)
    race   100000 seats x1       3413.5 sold/s  p50= 17.652ms p99= 177.557ms  attempts/sale=1.06 errors=0  editor p99=99.01ms  ok
      audit: consistent (690 events, 193388 seats sold)
      ledger audit: consistent (289500 seats checked)
  churn trial 1/3 (128 buyers per event, fresh load):
    churn      10 seats x50       631.1 sold/s  p50=  4.511ms p99=  21.395ms  attempts/sale=12.58 errors=0  editor p99=5.89ms  ok
      audit: consistent (690 events, 65888 seats sold)
      ledger audit: consistent (289500 seats checked)
    churn     100 seats x10      1917.9 sold/s  p50=  8.741ms p99=  55.374ms  attempts/sale=3.80 errors=0  editor p99=27.65ms  ok
      audit: consistent (690 events, 66888 seats sold)
      ledger audit: consistent (289500 seats checked)
    churn    1000 seats x2       3429.3 sold/s  p50= 10.825ms p99= 102.011ms  attempts/sale=1.65 errors=0  editor p99=71.77ms  ok
      audit: consistent (690 events, 68888 seats sold)
      ledger audit: consistent (289500 seats checked)
      report check r01_event_sales_window@churn#1 event 689 (booked=1122, cancelled=122): ok
      report check r05_refunds_window@churn#1     every event (harness cancelled=389, tolerance=0): ok
  race trial 2/3 (128 buyers per event, fresh load):
    race       10 seats x100     1794.3 sold/s  p50=  4.508ms p99=  15.316ms  attempts/sale=13.14 errors=0  editor p99=5.89ms  ok
      audit: consistent (690 events, 66388 seats sold)
      ledger audit: consistent (289500 seats checked)
    race      100 seats x20      3755.5 sold/s  p50=  6.823ms p99=  32.341ms  attempts/sale=3.48 errors=0  editor p99=29.59ms  ok
      audit: consistent (690 events, 68388 seats sold)
      ledger audit: consistent (289500 seats checked)
    race     1000 seats x5       3972.9 sold/s  p50=  9.242ms p99= 100.468ms  attempts/sale=1.62 errors=0  editor p99=69.27ms  ok
      audit: consistent (690 events, 73388 seats sold)
      ledger audit: consistent (289500 seats checked)
    race    10000 seats x2       4047.6 sold/s  p50= 11.488ms p99= 117.448ms  attempts/sale=1.19 errors=0  editor p99=92.27ms  ok
      audit: consistent (690 events, 93388 seats sold)
      ledger audit: consistent (289500 seats checked)
    race   100000 seats x1       3274.9 sold/s  p50= 18.568ms p99= 187.425ms  attempts/sale=1.07 errors=0  editor p99=93.07ms  ok
      audit: consistent (690 events, 193388 seats sold)
      ledger audit: consistent (289500 seats checked)
  churn trial 2/3 (128 buyers per event, fresh load):
    churn      10 seats x50       727.3 sold/s  p50=  4.516ms p99=  20.875ms  attempts/sale=12.70 errors=0  editor p99=8.97ms  ok
      audit: consistent (690 events, 65888 seats sold)
      ledger audit: consistent (289500 seats checked)
    churn     100 seats x10      2389.8 sold/s  p50=  7.360ms p99=  48.677ms  attempts/sale=3.74 errors=0  editor p99=29.97ms  ok
      audit: consistent (690 events, 66888 seats sold)
      ledger audit: consistent (289500 seats checked)
    churn    1000 seats x2       3620.2 sold/s  p50= 11.804ms p99= 100.567ms  attempts/sale=1.61 errors=0  editor p99=51.30ms  ok
      audit: consistent (690 events, 68888 seats sold)
      ledger audit: consistent (289500 seats checked)
      report check r01_event_sales_window@churn#2 event 689 (booked=1107, cancelled=107): ok
      report check r05_refunds_window@churn#2     every event (harness cancelled=366, tolerance=0): ok
  race trial 3/3 (128 buyers per event, fresh load):
    race       10 seats x100     1808.4 sold/s  p50=  4.666ms p99=   9.572ms  attempts/sale=13.14 errors=0  editor p99=5.35ms  ok
      audit: consistent (690 events, 66388 seats sold)
      ledger audit: consistent (289500 seats checked)
    race      100 seats x20      3704.7 sold/s  p50=  6.846ms p99=  55.285ms  attempts/sale=3.30 errors=0  editor p99=42.96ms  ok
      audit: consistent (690 events, 68388 seats sold)
      ledger audit: consistent (289500 seats checked)
    race     1000 seats x5       3875.1 sold/s  p50=  9.218ms p99=  98.106ms  attempts/sale=1.62 errors=0  editor p99=67.19ms  ok
      audit: consistent (690 events, 73388 seats sold)
      ledger audit: consistent (289500 seats checked)
    race    10000 seats x2       3892.5 sold/s  p50= 11.688ms p99= 150.306ms  attempts/sale=1.20 errors=0  editor p99=86.12ms  ok
      audit: consistent (690 events, 93388 seats sold)
      ledger audit: consistent (289500 seats checked)
    race   100000 seats x1       3416.5 sold/s  p50= 17.958ms p99= 189.452ms  attempts/sale=1.07 errors=0  editor p99=97.00ms  ok
      audit: consistent (690 events, 193388 seats sold)
      ledger audit: consistent (289500 seats checked)
  churn trial 3/3 (128 buyers per event, fresh load):
    churn      10 seats x50       171.3 sold/s  p50=  9.369ms p99=  93.482ms  attempts/sale=12.37 errors=0  editor p99=11.23ms  ok
      audit: consistent (690 events, 65888 seats sold)
      ledger audit: consistent (289500 seats checked)
    churn     100 seats x10      1012.8 sold/s  p50= 12.401ms p99=  61.339ms  attempts/sale=3.39 errors=0  editor p99=11.82ms  ok
      audit: consistent (690 events, 66888 seats sold)
      ledger audit: consistent (289500 seats checked)
    churn    1000 seats x2       3254.6 sold/s  p50= 10.969ms p99= 105.020ms  attempts/sale=1.58 errors=0  editor p99=74.01ms  ok
      audit: consistent (690 events, 68888 seats sold)
      ledger audit: consistent (289500 seats checked)
      report check r01_event_sales_window@churn#3 event 690 (booked=1112, cancelled=112): ok
      report check r05_refunds_window@churn#3     every event (harness cancelled=378, tolerance=0): ok
  wrote /results/x1_cas_ledger.json
