  engine: PostgreSQL 15.12-YB-2025.2.6.0-b0 on x86_64-pc-linux-gnu, compiled by clang version 19.1.0 (https://github.com/yugabyte/llvm-project.git a2a6b655e14e7fa1fcf1011a6cb29cb8575249c0), 64-bit
  effective isolation for READ COMMITTED requests: read committed
  database clock minus client clock: 0.001 ms
  dataset: 5 venues, 658 events, 56103 tickets and 2217 holds at load
  loading s1_conditional_update ...
  loaded in 30.6s (copy 6.2s, index 21.8s)
  verifying answers against ground truth ...
    58/58 checks passed (margin 569s); audit on load: consistent (658 events, 56103 tickets; rejections late=0 boundary=0)
  capturing plans ...
  read benchmark:
    q01_section_map@10                     2405.1 ops/s  p50=  1.021ms p99=  68.963ms  errors=0
    q02_event_sections@10                  3262.1 ops/s  p50=  0.774ms p99=  67.427ms  errors=0
    q03_event_available@10                 3880.9 ops/s  p50=  0.656ms p99=  66.354ms  errors=0
    q01_section_map@100                    1530.8 ops/s  p50=  1.556ms p99=  71.633ms  errors=0
    q02_event_sections@100                 3002.3 ops/s  p50=  0.826ms p99=  67.947ms  errors=0
    q03_event_available@100                3664.5 ops/s  p50=  0.689ms p99=  66.867ms  errors=0
    q01_section_map@1000                   1228.6 ops/s  p50=  1.907ms p99=  73.095ms  errors=0
    q02_event_sections@1000                1639.3 ops/s  p50=  1.362ms p99=  72.378ms  errors=0
    q03_event_available@1000               2220.9 ops/s  p50=  1.054ms p99=  70.310ms  errors=0
    q01_section_map@10000                   929.7 ops/s  p50=  2.555ms p99=  74.350ms  errors=0
    q02_event_sections@10000                239.7 ops/s  p50= 11.295ms p99=  86.104ms  errors=0
    q03_event_available@10000               471.7 ops/s  p50=  4.519ms p99=  80.949ms  errors=0
    q01_section_map@100000                  631.3 ops/s  p50=  3.579ms p99=  77.810ms  errors=0
    q02_event_sections@100000                25.8 ops/s  p50=300.774ms p99= 388.846ms  errors=0
    q03_event_available@100000               52.0 ops/s  p50=176.806ms p99= 211.240ms  errors=0
    q04_hold_seats                          763.8 ops/s  p50=  2.982ms p99=  77.177ms  errors=0
    q05_customer_tickets                   2711.4 ops/s  p50=  0.920ms p99=  68.100ms  errors=0
    q06_ticket_by_id                       4658.9 ops/s  p50=  0.557ms p99=  65.200ms  errors=0
  write benchmark (fresh load per op):
    hold                                     16.4 ops/s  p50=488.959ms p99=1398.952ms  rejected=0 retries=0 errors=0
      audit after hold: consistent (658 events, 80701 tickets; rejections late=0 boundary=0)
    release                                 556.6 ops/s  p50=  4.238ms p99=  76.974ms  rejected=0 retries=0 errors=0
      audit after release: consistent (658 events, 56103 tickets; rejections late=0 boundary=0)
    cancel                                  335.4 ops/s  p50=  7.355ms p99=  83.183ms  rejected=0 retries=0 errors=0
      audit after cancel: consistent (658 events, 40399 tickets; rejections late=0 boundary=0)
    publish@10                              297.5 ops/s  p50=  4.726ms p99=  71.615ms  rejected=0 retries=0 errors=0
    publish@100                             198.5 ops/s  p50=  7.382ms p99=  74.178ms  rejected=0 retries=0 errors=0
    publish@1000                             47.5 ops/s  p50= 95.750ms p99= 115.467ms  rejected=0 retries=0 errors=0
    publish@10000                             4.0 ops/s  p50=332.671ms p99= 332.671ms  rejected=0 retries=0 errors=0
    publish@100000                            0.6 ops/s  p50=3097.963ms p99=3097.963ms  rejected=0 retries=0 errors=0
      audit after publish: consistent (2887 events, 56103 tickets; rejections late=0 boundary=0)
  race trial 1/1 (32 buyers per event, fresh load):
      race event 501: gate 2026-09-14T23:43:17.748091407Z, deadline 2026-09-14T23:44:17.748091407Z
      race event 502: gate 2026-09-14T23:43:19.122731987Z, deadline 2026-09-14T23:44:19.122731987Z
      race event 503: gate 2026-09-14T23:43:19.733272191Z, deadline 2026-09-14T23:44:19.733272191Z
      race event 504: gate 2026-09-14T23:43:20.027652209Z, deadline 2026-09-14T23:44:20.027652209Z
      race event 505: gate 2026-09-14T23:43:20.236119529Z, deadline 2026-09-14T23:44:20.236119529Z
      race event 506: gate 2026-09-14T23:43:20.63402733Z, deadline 2026-09-14T23:44:20.63402733Z
      race event 507: gate 2026-09-14T23:43:20.829871583Z, deadline 2026-09-14T23:44:20.829871583Z
      race event 508: gate 2026-09-14T23:43:21.217693138Z, deadline 2026-09-14T23:44:21.217693138Z
      race event 509: gate 2026-09-14T23:43:21.554434814Z, deadline 2026-09-14T23:44:21.554434814Z
      race event 510: gate 2026-09-14T23:43:21.845842745Z, deadline 2026-09-14T23:44:21.845842745Z
      race event 511: gate 2026-09-14T23:43:22.219756552Z, deadline 2026-09-14T23:44:22.219756552Z
      race event 512: gate 2026-09-14T23:43:22.740163254Z, deadline 2026-09-14T23:44:22.740163254Z
      race event 513: gate 2026-09-14T23:43:23.016512028Z, deadline 2026-09-14T23:44:23.016512028Z
      race event 514: gate 2026-09-14T23:43:23.337609931Z, deadline 2026-09-14T23:44:23.337609931Z
      race event 515: gate 2026-09-14T23:43:23.546161368Z, deadline 2026-09-14T23:44:23.546161368Z
      race event 516: gate 2026-09-14T23:43:23.923642788Z, deadline 2026-09-14T23:44:23.923642788Z
      race event 517: gate 2026-09-14T23:43:24.256439721Z, deadline 2026-09-14T23:44:24.256439721Z
      race event 518: gate 2026-09-14T23:43:24.63954804Z, deadline 2026-09-14T23:44:24.63954804Z
      race event 519: gate 2026-09-14T23:43:24.960295583Z, deadline 2026-09-14T23:44:24.960295583Z
      race event 520: gate 2026-09-14T23:43:25.13568552Z, deadline 2026-09-14T23:44:25.13568552Z
      race event 521: gate 2026-09-14T23:43:25.373300343Z, deadline 2026-09-14T23:44:25.373300343Z
      race event 522: gate 2026-09-14T23:43:25.874232149Z, deadline 2026-09-14T23:44:25.874232149Z
      race event 523: gate 2026-09-14T23:43:26.045676224Z, deadline 2026-09-14T23:44:26.045676224Z
      race event 524: gate 2026-09-14T23:43:26.520990445Z, deadline 2026-09-14T23:44:26.520990445Z
      race event 525: gate 2026-09-14T23:43:26.932266398Z, deadline 2026-09-14T23:44:26.932266398Z
      race event 526: gate 2026-09-14T23:43:27.238085787Z, deadline 2026-09-14T23:44:27.238085787Z
      race event 527: gate 2026-09-14T23:43:27.632283918Z, deadline 2026-09-14T23:44:27.632283918Z
      race event 528: gate 2026-09-14T23:43:27.949816613Z, deadline 2026-09-14T23:44:27.949816613Z
      race event 529: gate 2026-09-14T23:43:28.31884192Z, deadline 2026-09-14T23:44:28.31884192Z
      race event 530: gate 2026-09-14T23:43:28.567158925Z, deadline 2026-09-14T23:44:28.567158925Z
      race event 531: gate 2026-09-14T23:43:28.730720689Z, deadline 2026-09-14T23:44:28.730720689Z
      race event 532: gate 2026-09-14T23:43:29.029151437Z, deadline 2026-09-14T23:44:29.029151437Z
      race event 533: gate 2026-09-14T23:43:29.224709397Z, deadline 2026-09-14T23:44:29.224709397Z
      race event 534: gate 2026-09-14T23:43:29.543165427Z, deadline 2026-09-14T23:44:29.543165427Z
      race event 535: gate 2026-09-14T23:43:29.777600864Z, deadline 2026-09-14T23:44:29.777600864Z
      race event 536: gate 2026-09-14T23:43:30.134799186Z, deadline 2026-09-14T23:44:30.134799186Z
      race event 537: gate 2026-09-14T23:43:30.3713321Z, deadline 2026-09-14T23:44:30.3713321Z
      race event 538: gate 2026-09-14T23:43:30.529339617Z, deadline 2026-09-14T23:44:30.529339617Z
      race event 539: gate 2026-09-14T23:43:30.740912782Z, deadline 2026-09-14T23:44:30.740912782Z
      race event 540: gate 2026-09-14T23:43:31.139794976Z, deadline 2026-09-14T23:44:31.139794976Z
      race event 541: gate 2026-09-14T23:43:31.515702985Z, deadline 2026-09-14T23:44:31.515702985Z
      race event 542: gate 2026-09-14T23:43:31.818369056Z, deadline 2026-09-14T23:44:31.818369056Z
      race event 543: gate 2026-09-14T23:43:32.17260221Z, deadline 2026-09-14T23:44:32.17260221Z
      race event 544: gate 2026-09-14T23:43:32.364990431Z, deadline 2026-09-14T23:44:32.364990431Z
      race event 545: gate 2026-09-14T23:43:32.567546652Z, deadline 2026-09-14T23:44:32.567546652Z
      race event 546: gate 2026-09-14T23:43:32.748367379Z, deadline 2026-09-14T23:44:32.748367379Z
      race event 547: gate 2026-09-14T23:43:33.126498161Z, deadline 2026-09-14T23:44:33.126498161Z
      race event 548: gate 2026-09-14T23:43:33.424735486Z, deadline 2026-09-14T23:44:33.424735486Z
      race event 549: gate 2026-09-14T23:43:33.720291549Z, deadline 2026-09-14T23:44:33.720291549Z
      race event 550: gate 2026-09-14T23:43:34.058804044Z, deadline 2026-09-14T23:44:34.058804044Z
      race event 551: gate 2026-09-14T23:43:34.427188658Z, deadline 2026-09-14T23:44:34.427188658Z
      race event 552: gate 2026-09-14T23:43:34.733651473Z, deadline 2026-09-14T23:44:34.733651473Z
      race event 553: gate 2026-09-14T23:43:34.925957755Z, deadline 2026-09-14T23:44:34.925957755Z
      race event 554: gate 2026-09-14T23:43:35.2423027Z, deadline 2026-09-14T23:44:35.2423027Z
      race event 555: gate 2026-09-14T23:43:35.642262963Z, deadline 2026-09-14T23:44:35.642262963Z
      race event 556: gate 2026-09-14T23:43:36.028806445Z, deadline 2026-09-14T23:44:36.028806445Z
      race event 557: gate 2026-09-14T23:43:36.431958075Z, deadline 2026-09-14T23:44:36.431958075Z
      race event 558: gate 2026-09-14T23:43:36.626735221Z, deadline 2026-09-14T23:44:36.626735221Z
      race event 559: gate 2026-09-14T23:43:36.935478402Z, deadline 2026-09-14T23:44:36.935478402Z
      race event 560: gate 2026-09-14T23:43:37.301480721Z, deadline 2026-09-14T23:44:37.301480721Z
      race event 561: gate 2026-09-14T23:43:37.643602572Z, deadline 2026-09-14T23:44:37.643602572Z
      race event 562: gate 2026-09-14T23:43:37.858965531Z, deadline 2026-09-14T23:44:37.858965531Z
      race event 563: gate 2026-09-14T23:43:38.044364514Z, deadline 2026-09-14T23:44:38.044364514Z
      race event 564: gate 2026-09-14T23:43:38.43322929Z, deadline 2026-09-14T23:44:38.43322929Z
      race event 565: gate 2026-09-14T23:43:38.667303674Z, deadline 2026-09-14T23:44:38.667303674Z
      race event 566: gate 2026-09-14T23:43:39.028832565Z, deadline 2026-09-14T23:44:39.028832565Z
      race event 567: gate 2026-09-14T23:43:39.324147839Z, deadline 2026-09-14T23:44:39.324147839Z
      race event 568: gate 2026-09-14T23:43:39.571360474Z, deadline 2026-09-14T23:44:39.571360474Z
      race event 569: gate 2026-09-14T23:43:39.845325748Z, deadline 2026-09-14T23:44:39.845325748Z
      race event 570: gate 2026-09-14T23:43:40.126812082Z, deadline 2026-09-14T23:44:40.126812082Z
      race event 571: gate 2026-09-14T23:43:40.33445033Z, deadline 2026-09-14T23:44:40.33445033Z
      race event 572: gate 2026-09-14T23:43:44.219194981Z, deadline 2026-09-14T23:44:44.219194981Z
      race event 573: gate 2026-09-14T23:43:44.409394109Z, deadline 2026-09-14T23:44:44.409394109Z
      race event 574: gate 2026-09-14T23:43:44.65366067Z, deadline 2026-09-14T23:44:44.65366067Z
      race event 575: gate 2026-09-14T23:43:44.915852296Z, deadline 2026-09-14T23:44:44.915852296Z
      race event 576: gate 2026-09-14T23:43:45.214456964Z, deadline 2026-09-14T23:44:45.214456964Z
      race event 577: gate 2026-09-14T23:43:45.409922133Z, deadline 2026-09-14T23:44:45.409922133Z
      race event 578: gate 2026-09-14T23:43:45.815480451Z, deadline 2026-09-14T23:44:45.815480451Z
      race event 579: gate 2026-09-14T23:43:46.220837311Z, deadline 2026-09-14T23:44:46.220837311Z
      race event 580: gate 2026-09-14T23:43:46.518944447Z, deadline 2026-09-14T23:44:46.518944447Z
      race event 581: gate 2026-09-14T23:43:46.760728955Z, deadline 2026-09-14T23:44:46.760728955Z
      race event 582: gate 2026-09-14T23:43:47.141657611Z, deadline 2026-09-14T23:44:47.141657611Z
      race event 583: gate 2026-09-14T23:43:47.301169249Z, deadline 2026-09-14T23:44:47.301169249Z
      race event 584: gate 2026-09-14T23:43:47.524860991Z, deadline 2026-09-14T23:44:47.524860991Z
      race event 585: gate 2026-09-14T23:43:47.759795775Z, deadline 2026-09-14T23:44:47.759795775Z
      race event 586: gate 2026-09-14T23:43:48.128473224Z, deadline 2026-09-14T23:44:48.128473224Z
      race event 587: gate 2026-09-14T23:43:48.326117917Z, deadline 2026-09-14T23:44:48.326117917Z
      race event 588: gate 2026-09-14T23:43:48.661693786Z, deadline 2026-09-14T23:44:48.661693786Z
      race event 589: gate 2026-09-14T23:43:48.907532271Z, deadline 2026-09-14T23:44:48.907532271Z
      race event 590: gate 2026-09-14T23:43:49.056647666Z, deadline 2026-09-14T23:44:49.056647666Z
      race event 591: gate 2026-09-14T23:43:49.260460554Z, deadline 2026-09-14T23:44:49.260460554Z
      race event 592: gate 2026-09-14T23:43:49.545587032Z, deadline 2026-09-14T23:44:49.545587032Z
      race event 593: gate 2026-09-14T23:43:49.81413123Z, deadline 2026-09-14T23:44:49.81413123Z
      race event 594: gate 2026-09-14T23:43:50.2200614Z, deadline 2026-09-14T23:44:50.2200614Z
      race event 595: gate 2026-09-14T23:43:50.412283627Z, deadline 2026-09-14T23:44:50.412283627Z
      race event 596: gate 2026-09-14T23:43:50.709777801Z, deadline 2026-09-14T23:44:50.709777801Z
      race event 597: gate 2026-09-14T23:43:51.01341416Z, deadline 2026-09-14T23:44:51.01341416Z
      race event 598: gate 2026-09-14T23:43:51.301376417Z, deadline 2026-09-14T23:44:51.301376417Z
      race event 599: gate 2026-09-14T23:43:51.624893508Z, deadline 2026-09-14T23:44:51.624893508Z
      race event 600: gate 2026-09-14T23:43:51.95152117Z, deadline 2026-09-14T23:44:51.95152117Z
    race     10 seats x100       48.1 seats/s  conflicts/hold=7.25 reads/hold=15.20  hold p50=14.84ms p99=210.29ms  deferred 63/63 ok  confirm retries sold/run=0/0  errors=0  ok
      audit: consistent (100 events, 1000 tickets; rejections late=0 boundary=0)
      race event 601: gate 2026-09-14T23:43:52.733622877Z, deadline 2026-09-14T23:44:52.733622877Z
      race event 602: gate 2026-09-14T23:43:53.911767154Z, deadline 2026-09-14T23:44:53.911767154Z
      race event 603: gate 2026-09-14T23:43:54.900392967Z, deadline 2026-09-14T23:44:54.900392967Z
      race event 604: gate 2026-09-14T23:43:55.988300659Z, deadline 2026-09-14T23:44:55.988300659Z
      race event 605: gate 2026-09-14T23:43:57.158433935Z, deadline 2026-09-14T23:44:57.158433935Z
      race event 606: gate 2026-09-14T23:43:58.135579603Z, deadline 2026-09-14T23:44:58.135579603Z
      race event 607: gate 2026-09-14T23:43:59.302207048Z, deadline 2026-09-14T23:44:59.302207048Z
      race event 608: gate 2026-09-14T23:44:00.248451782Z, deadline 2026-09-14T23:45:00.248451782Z
      race event 609: gate 2026-09-14T23:44:01.318862671Z, deadline 2026-09-14T23:45:01.318862671Z
      race event 610: gate 2026-09-14T23:44:02.405194081Z, deadline 2026-09-14T23:45:02.405194081Z
      race event 611: gate 2026-09-14T23:44:03.334765435Z, deadline 2026-09-14T23:45:03.334765435Z
      race event 612: gate 2026-09-14T23:44:04.420269527Z, deadline 2026-09-14T23:45:04.420269527Z
      race event 613: gate 2026-09-14T23:44:05.606932316Z, deadline 2026-09-14T23:45:05.606932316Z
      race event 614: gate 2026-09-14T23:44:06.523427443Z, deadline 2026-09-14T23:45:06.523427443Z
      race event 615: gate 2026-09-14T23:44:07.625734595Z, deadline 2026-09-14T23:45:07.625734595Z
      race event 616: gate 2026-09-14T23:44:08.826379024Z, deadline 2026-09-14T23:45:08.826379024Z
      race event 617: gate 2026-09-14T23:44:09.929284523Z, deadline 2026-09-14T23:45:09.929284523Z
      race event 618: gate 2026-09-14T23:44:11.027442921Z, deadline 2026-09-14T23:45:11.027442921Z
      race event 619: gate 2026-09-14T23:44:12.109689063Z, deadline 2026-09-14T23:45:12.109689063Z
      race event 620: gate 2026-09-14T23:44:13.118417448Z, deadline 2026-09-14T23:45:13.118417448Z
    race    100 seats x20        98.8 seats/s  conflicts/hold=2.74 reads/hold=5.13  hold p50=15.34ms p99=208.40ms  deferred 100/100 ok  confirm retries sold/run=0/0  errors=0  VIOLATIONS
      audit: VIOLATIONS — thefts 0, grants on sold seats 0, double sales 0, sales without the hold 0, late sales 0, early rejections 1 (transient 1), duplicate seats 0, inventory drift 0, invalid seats 0, partial holds 0, ticket mismatches 0
      race event 621: gate 2026-09-14T23:44:14.866604915Z, deadline 2026-09-14T23:45:14.866604915Z
      race event 622: gate 2026-09-14T23:44:26.098362013Z, deadline 2026-09-14T23:45:26.098362013Z
      race event 623: gate 2026-09-14T23:44:33.803246182Z, deadline 2026-09-14T23:45:33.803246182Z
      race event 624: gate 2026-09-14T23:44:41.706914983Z, deadline 2026-09-14T23:45:41.706914983Z
      race event 625: gate 2026-09-14T23:44:50.294423001Z, deadline 2026-09-14T23:45:50.294423001Z
    race   1000 seats x5        126.8 seats/s  conflicts/hold=0.96 reads/hold=3.20  hold p50=83.84ms p99=177.29ms  deferred 206/206 ok  confirm retries sold/run=0/0  errors=0  VIOLATIONS
      audit: VIOLATIONS — thefts 0, grants on sold seats 0, double sales 0, sales without the hold 0, late sales 0, early rejections 1 (transient 1), duplicate seats 0, inventory drift 0, invalid seats 0, partial holds 0, ticket mismatches 0
      race event 626: gate 2026-09-14T23:45:03.148817287Z, deadline 2026-09-14T23:46:03.148817287Z
      race event 627: gate 2026-09-14T23:46:11.351259109Z, deadline 2026-09-14T23:47:11.351259109Z
    race  10000 seats x2        114.3 seats/s  conflicts/hold=0.18 reads/hold=1.55  hold p50=93.81ms p99=196.00ms  deferred 531/531 ok  confirm retries sold/run=0/0  errors=0  VIOLATIONS, 2 timed out (69% sold)
      audit: VIOLATIONS — thefts 0, grants on sold seats 0, double sales 0, sales without the hold 0, late sales 0, early rejections 1 (transient 1), duplicate seats 0, inventory drift 0, invalid seats 0, partial holds 0, ticket mismatches 0
      race event 628: gate 2026-09-14T23:47:20.250199555Z, deadline 2026-09-14T23:48:20.250199555Z
    race 100000 seats x1         36.8 seats/s  conflicts/hold=0.04 reads/hold=1.04  hold p50=94.08ms p99=197.04ms  deferred 78/78 ok  confirm retries sold/run=0/0  errors=0  VIOLATIONS, 1 timed out (2% sold)
      audit: VIOLATIONS — thefts 0, grants on sold seats 0, double sales 0, sales without the hold 0, late sales 0, early rejections 1 (transient 1), duplicate seats 0, inventory drift 0, invalid seats 0, partial holds 0, ticket mismatches 0
  lifecycle trial 1/1 (32 buyers per event, one human minute = 500ms, fresh load):
    lifecycle    10 seats x3       0.2 confirmed seats/s  holds=39 abandoned=7+2 expired@check=4 rejected late/boundary/early(transient)=0/0/0(0)  confirm retries sold/run=0/0  outage unavailable=0/0  leaked=0 errors=0  ok
      audit: consistent (3 events, 30 tickets; rejections late=0 boundary=0)
    lifecycle   100 seats x3       2.0 confirmed seats/s  holds=233 abandoned=31+37 expired@check=6 rejected late/boundary/early(transient)=2/0/0(0)  confirm retries sold/run=0/0  outage unavailable=0/0  leaked=0 errors=0  ok
      audit: consistent (3 events, 300 tickets; rejections late=2 boundary=0)
  wrote /results/s1_conditional_update.json
