The files belonging to this database system will be owned by user "postgres".
This user must also own the server process.

initdb: warning: enabling "trust" authentication for local connections
The database cluster will be initialized with locale "en_US.utf8".
The default database encoding has accordingly been set to "UTF8".
The default text search configuration will be set to "english".

Data page checksums are disabled.

fixing permissions on existing directory /var/lib/postgresql/data/pgdata ... ok
creating subdirectories ... ok
selecting dynamic shared memory implementation ... posix
initdb: hint: You can change this by editing pg_hba.conf or using the option -A, or --auth-local and --auth-host, the next time you run initdb.
selecting default "max_connections" ... 100
2026-09-21 14:51:01.303 UTC [1] LOG:  starting PostgreSQL 17.11 (Debian 17.11-1.pgdg13+2) on x86_64-pc-linux-gnu, compiled by gcc (Debian 14.2.0-19) 14.2.0, 64-bit
selecting default "shared_buffers" ... 128MB
2026-09-21 14:51:01.304 UTC [1] LOG:  listening on IPv4 address "0.0.0.0", port 5432
2026-09-21 14:51:01.304 UTC [1] LOG:  listening on IPv6 address "::", port 5432
2026-09-21 14:51:01.318 UTC [1] LOG:  listening on Unix socket "/var/run/postgresql/.s.PGSQL.5432"
selecting default time zone ... Etc/UTC
creating configuration files ... ok
2026-09-21 14:51:01.331 UTC [63] LOG:  database system was shut down at 2026-09-21 14:51:01 UTC
running bootstrap script ... ok
2026-09-21 14:51:01.360 UTC [1] LOG:  database system is ready to accept connections
2026-09-21 14:51:45.468 UTC [77] ERROR:  duplicate key value violates unique constraint "donation_pkey"
performing post-bootstrap initialization ... ok
syncing data to disk ... ok


2026-09-21 14:51:45.468 UTC [77] DETAIL:  Key (donation_id)=(23585) already exists.
2026-09-21 14:51:45.468 UTC [77] STATEMENT:  INSERT INTO donation (donation_id, person_id, charity_id, amount_cents, currency, donated_at, note)
	VALUES ($1, $2, $3, $4, $5, $6, $7)
Success. You can now start the database server using:
2026-09-21 14:52:22.311 UTC [95] ERROR:  duplicate key value violates unique constraint "donation_pkey"
2026-09-21 14:52:22.311 UTC [95] DETAIL:  Key (donation_id)=(22182) already exists.
2026-09-21 14:52:22.311 UTC [95] STATEMENT:  INSERT INTO donation (donation_id, person_id, charity_id, amount_cents, currency, donated_at, note)
	VALUES ($1, $2, $3, $4, $5, $6, $7)

    pg_ctl -D /var/lib/postgresql/data/pgdata -l logfile start

2026-09-21 14:52:59.129 UTC [118] ERROR:  duplicate key value violates unique constraint "donation_pkey"
waiting for server to start....2026-09-21 14:51:00.742 UTC [47] LOG:  starting PostgreSQL 17.11 (Debian 17.11-1.pgdg13+2) on x86_64-pc-linux-gnu, compiled by gcc (Debian 14.2.0-19) 14.2.0, 64-bit
2026-09-21 14:52:59.129 UTC [118] DETAIL:  Key (donation_id)=(23263) already exists.
2026-09-21 14:51:00.747 UTC [47] LOG:  listening on Unix socket "/var/run/postgresql/.s.PGSQL.5432"
2026-09-21 14:52:59.129 UTC [118] STATEMENT:  INSERT INTO donation (donation_id, person_id, charity_id, amount_cents, currency, donated_at, note)
2026-09-21 14:51:00.764 UTC [50] LOG:  database system was shut down at 2026-09-21 14:51:00 UTC
2026-09-21 14:51:00.820 UTC [47] LOG:  database system is ready to accept connections
 done
server started
CREATE DATABASE
	VALUES ($1, $2, $3, $4, $5, $6, $7)

2026-09-21 14:53:36.044 UTC [139] ERROR:  duplicate key value violates unique constraint "donation_pkey"

2026-09-21 14:53:36.044 UTC [139] DETAIL:  Key (donation_id)=(22536) already exists.
/usr/local/bin/docker-entrypoint.sh: ignoring /docker-entrypoint-initdb.d/*

waiting for server to shut down....2026-09-21 14:51:00.998 UTC [47] LOG:  received fast shutdown request
2026-09-21 14:51:01.001 UTC [47] LOG:  aborting any active transactions
2026-09-21 14:51:01.004 UTC [47] LOG:  background worker "logical replication launcher" (PID 53) exited with exit code 1
2026-09-21 14:51:01.004 UTC [48] LOG:  shutting down
2026-09-21 14:51:01.028 UTC [48] LOG:  checkpoint starting: shutdown immediate
2026-09-21 14:51:01.180 UTC [48] LOG:  checkpoint complete: wrote 925 buffers (0.9%); 0 WAL file(s) added, 0 removed, 0 recycled; write=0.025 s, sync=0.094 s, total=0.177 s; sync files=301, longest=0.004 s, average=0.001 s; distance=4256 kB, estimate=4256 kB; lsn=0/19179D8, redo lsn=0/19179D8
2026-09-21 14:53:36.044 UTC [139] STATEMENT:  INSERT INTO donation (donation_id, person_id, charity_id, amount_cents, currency, donated_at, note)
	VALUES ($1, $2, $3, $4, $5, $6, $7)
2026-09-21 14:54:16.758 UTC [166] ERROR:  duplicate key value violates unique constraint "donation_pkey"
2026-09-21 14:54:16.758 UTC [166] DETAIL:  Key (donation_id)=(22125) already exists.
2026-09-21 14:51:01.189 UTC [47] LOG:  database system is shut down
2026-09-21 14:54:16.758 UTC [166] STATEMENT:  INSERT INTO donation (donation_id, person_id, charity_id, amount_cents, currency, donated_at, note)
	VALUES ($1, $2, $3, $4, $5, $6, $7)
2026-09-21 14:55:16.590 UTC [201] ERROR:  duplicate key value violates unique constraint "donation_pkey"
2026-09-21 14:55:16.590 UTC [201] DETAIL:  Key (donation_id)=(22613) already exists.
2026-09-21 14:55:16.590 UTC [201] STATEMENT:  INSERT INTO donation (donation_id, person_id, charity_id, amount_cents, currency, donated_at, note)
 done
	VALUES ($1, $2, $3, $4, $5, $6, $7)
2026-09-21 14:55:52.757 UTC [217] ERROR:  duplicate key value violates unique constraint "donation_pkey"
2026-09-21 14:55:52.757 UTC [217] DETAIL:  Key (donation_id)=(24000) already exists.
2026-09-21 14:55:52.757 UTC [217] STATEMENT:  INSERT INTO donation (donation_id, person_id, charity_id, amount_cents, currency, donated_at, note)
	VALUES ($1, $2, $3, $4, $5, $6, $7)
server stopped

PostgreSQL init process complete; ready for start up.

2026-09-21 14:56:30.760 UTC [61] LOG:  checkpoint starting: time
2026-09-21 14:56:58.740 UTC [261] ERROR:  duplicate key value violates unique constraint "donation_pkey"
2026-09-21 14:56:58.740 UTC [261] DETAIL:  Key (donation_id)=(22410) already exists.
2026-09-21 14:56:58.740 UTC [261] STATEMENT:  INSERT INTO donation (donation_id, person_id, charity_id, amount_cents, currency, donated_at, note)
	VALUES ($1, $2, $3, $4, $5, $6, $7)
2026-09-21 14:57:35.026 UTC [285] ERROR:  duplicate key value violates unique constraint "donation_pkey"
2026-09-21 14:57:35.026 UTC [285] DETAIL:  Key (donation_id)=(21896) already exists.
2026-09-21 14:57:35.026 UTC [285] STATEMENT:  INSERT INTO donation (donation_id, person_id, charity_id, amount_cents, currency, donated_at, note)
	VALUES ($1, $2, $3, $4, $5, $6, $7)
