The files belonging to this database system will be owned by user "postgres".
This user must also own the server process.

The database cluster will be initialized with locale "en_US.utf8".
The default database encoding has accordingly been set to "UTF8".
The default text search configuration will be set to "english".
initdb: warning: enabling "trust" authentication for local connections

initdb: hint: You can change this by editing pg_hba.conf or using the option -A, or --auth-local and --auth-host, the next time you run initdb.
Data page checksums are disabled.

fixing permissions on existing directory /var/lib/postgresql/data/pgdata ... ok
creating subdirectories ... ok
selecting dynamic shared memory implementation ... posix
selecting default "max_connections" ... 100
selecting default "shared_buffers" ... 128MB
2026-09-21 14:31:42.737 UTC [1] LOG:  starting PostgreSQL 17.11 (Debian 17.11-1.pgdg13+2) on x86_64-pc-linux-gnu, compiled by gcc (Debian 14.2.0-19) 14.2.0, 64-bit
selecting default time zone ... Etc/UTC
creating configuration files ... ok
2026-09-21 14:31:42.738 UTC [1] LOG:  listening on IPv4 address "0.0.0.0", port 5432
running bootstrap script ... ok
performing post-bootstrap initialization ... ok
syncing data to disk ... ok

2026-09-21 14:31:42.738 UTC [1] LOG:  listening on IPv6 address "::", port 5432

Success. You can now start the database server using:
2026-09-21 14:31:42.747 UTC [1] LOG:  listening on Unix socket "/var/run/postgresql/.s.PGSQL.5432"
2026-09-21 14:31:42.763 UTC [63] LOG:  database system was shut down at 2026-09-21 14:31:42 UTC

    pg_ctl -D /var/lib/postgresql/data/pgdata -l logfile start

2026-09-21 14:31:42.794 UTC [1] LOG:  database system is ready to accept connections
2026-09-21 14:32:23.008 UTC [80] ERROR:  duplicate key value violates unique constraint "donation_pkey"
2026-09-21 14:32:23.008 UTC [80] DETAIL:  Key (donation_id)=(22703) already exists.
2026-09-21 14:32:23.008 UTC [80] STATEMENT:  INSERT INTO donation (donation_id, person_id, charity_id, amount_cents, currency, donated_at, note)
waiting for server to start....2026-09-21 14:31:41.701 UTC [47] LOG:  starting PostgreSQL 17.11 (Debian 17.11-1.pgdg13+2) on x86_64-pc-linux-gnu, compiled by gcc (Debian 14.2.0-19) 14.2.0, 64-bit
	VALUES ($1, $2, $3, $4, $5, $6, $7)
2026-09-21 14:32:59.856 UTC [101] ERROR:  duplicate key value violates unique constraint "donation_pkey"
2026-09-21 14:32:59.856 UTC [101] DETAIL:  Key (donation_id)=(23188) already exists.
2026-09-21 14:32:59.856 UTC [101] STATEMENT:  INSERT INTO donation (donation_id, person_id, charity_id, amount_cents, currency, donated_at, note)
	VALUES ($1, $2, $3, $4, $5, $6, $7)
2026-09-21 14:31:41.708 UTC [47] LOG:  listening on Unix socket "/var/run/postgresql/.s.PGSQL.5432"
2026-09-21 14:31:41.730 UTC [50] LOG:  database system was shut down at 2026-09-21 14:31:40 UTC
2026-09-21 14:31:41.781 UTC [47] LOG:  database system is ready to accept connections
 done
2026-09-21 14:33:36.220 UTC [117] ERROR:  duplicate key value violates unique constraint "donation_pkey"
server started
2026-09-21 14:33:36.220 UTC [117] DETAIL:  Key (donation_id)=(21962) already exists.
2026-09-21 14:33:36.220 UTC [117] STATEMENT:  INSERT INTO donation (donation_id, person_id, charity_id, amount_cents, currency, donated_at, note)
	VALUES ($1, $2, $3, $4, $5, $6, $7)
2026-09-21 14:34:13.953 UTC [136] ERROR:  duplicate key value violates unique constraint "donation_pkey"
2026-09-21 14:34:13.953 UTC [136] DETAIL:  Key (donation_id)=(22782) already exists.
2026-09-21 14:34:13.953 UTC [136] STATEMENT:  INSERT INTO donation (donation_id, person_id, charity_id, amount_cents, currency, donated_at, note)
	VALUES ($1, $2, $3, $4, $5, $6, $7)
2026-09-21 14:34:58.638 UTC [164] ERROR:  duplicate key value violates unique constraint "donation_pkey"
2026-09-21 14:34:58.638 UTC [164] DETAIL:  Key (donation_id)=(22283) already exists.
2026-09-21 14:34:58.638 UTC [164] STATEMENT:  INSERT INTO donation (donation_id, person_id, charity_id, amount_cents, currency, donated_at, note)
	VALUES ($1, $2, $3, $4, $5, $6, $7)
2026-09-21 14:35:55.845 UTC [196] ERROR:  duplicate key value violates unique constraint "donation_pkey"
2026-09-21 14:35:55.845 UTC [196] DETAIL:  Key (donation_id)=(23080) already exists.
2026-09-21 14:35:55.845 UTC [196] STATEMENT:  INSERT INTO donation (donation_id, person_id, charity_id, amount_cents, currency, donated_at, note)
	VALUES ($1, $2, $3, $4, $5, $6, $7)
2026-09-21 14:36:31.666 UTC [222] ERROR:  duplicate key value violates unique constraint "donation_pkey"
CREATE DATABASE
2026-09-21 14:36:31.666 UTC [222] DETAIL:  Key (donation_id)=(23412) already exists.


2026-09-21 14:36:31.666 UTC [222] STATEMENT:  INSERT INTO donation (donation_id, person_id, charity_id, amount_cents, currency, donated_at, note)
	VALUES ($1, $2, $3, $4, $5, $6, $7)
2026-09-21 14:37:09.342 UTC [61] LOG:  checkpoint starting: time
/usr/local/bin/docker-entrypoint.sh: ignoring /docker-entrypoint-initdb.d/*
2026-09-21 14:37:35.063 UTC [262] ERROR:  duplicate key value violates unique constraint "donation_pkey"

2026-09-21 14:37:35.063 UTC [262] DETAIL:  Key (donation_id)=(22484) already exists.
waiting for server to shut down....2026-09-21 14:31:42.020 UTC [47] LOG:  received fast shutdown request
2026-09-21 14:37:35.063 UTC [262] STATEMENT:  INSERT INTO donation (donation_id, person_id, charity_id, amount_cents, currency, donated_at, note)
2026-09-21 14:31:42.026 UTC [47] LOG:  aborting any active transactions
	VALUES ($1, $2, $3, $4, $5, $6, $7)
2026-09-21 14:31:42.028 UTC [47] LOG:  background worker "logical replication launcher" (PID 53) exited with exit code 1
2026-09-21 14:31:42.031 UTC [48] LOG:  shutting down
2026-09-21 14:31:42.058 UTC [48] LOG:  checkpoint starting: shutdown immediate
2026-09-21 14:31:42.543 UTC [48] LOG:  checkpoint complete: wrote 925 buffers (0.9%); 0 WAL file(s) added, 0 removed, 0 recycled; write=0.044 s, sync=0.397 s, total=0.512 s; sync files=301, longest=0.008 s, average=0.002 s; distance=4256 kB, estimate=4256 kB; lsn=0/19179D8, redo lsn=0/19179D8
2026-09-21 14:31:42.561 UTC [47] LOG:  database system is shut down
 done
server stopped

PostgreSQL init process complete; ready for start up.

