  engine: PostgreSQL 17.11 (Debian 17.11-1.pgdg13+2) on x86_64-pc-linux-gnu, compiled by gcc (Debian 14.2.0-19) 14.2.0, 64-bit
  database clock minus client clock: 0.001 ms
  dataset: 5 venues, 84 events, 5741 tickets and 165 holds at load
  loading s1_conditional_update ...
  loaded in 0.4s (copy 0.3s, index 0.0s)
  verifying answers against ground truth ...
    58/58 checks passed (margin 603s); audit on load: consistent (84 events, 5741 tickets; rejections late=0 boundary=0)
  capturing plans ...
  read benchmark:
    q01_section_map@10                    20257.6 ops/s  p50=  0.167ms p99=   0.785ms  errors=0
    q02_event_sections@10                 21326.7 ops/s  p50=  0.162ms p99=   0.742ms  errors=0
    q03_event_available@10                20979.3 ops/s  p50=  0.166ms p99=   0.777ms  errors=0
    q01_section_map@100                   16852.0 ops/s  p50=  0.194ms p99=   0.874ms  errors=0
    q02_event_sections@100                16744.0 ops/s  p50=  0.198ms p99=   0.900ms  errors=0
    q03_event_available@100               17112.7 ops/s  p50=  0.194ms p99=   0.865ms  errors=0
    q01_section_map@1000                  19289.4 ops/s  p50=  0.184ms p99=   0.863ms  errors=0
    q02_event_sections@1000                8023.3 ops/s  p50=  0.317ms p99=  25.398ms  errors=0
    q03_event_available@1000               7671.8 ops/s  p50=  0.340ms p99=  53.655ms  errors=0
    q01_section_map@10000                 12552.5 ops/s  p50=  0.249ms p99=   1.437ms  errors=0
    q02_event_sections@10000               1242.8 ops/s  p50=  1.433ms p99=  78.509ms  errors=0
    q03_event_available@10000              1338.4 ops/s  p50=  1.329ms p99=  78.215ms  errors=0
    q04_hold_seats                        19859.2 ops/s  p50=  0.184ms p99=   0.971ms  errors=0
    q05_customer_tickets                  29337.5 ops/s  p50=  0.147ms p99=   0.765ms  errors=0
    q06_ticket_by_id                      35584.6 ops/s  p50=  0.133ms p99=   0.667ms  errors=0
    r01_holds_expiring_soon               15209.7 ops/s  p50=  0.213ms p99=   1.278ms  errors=0
    r02_seat_status_lookup                33219.6 ops/s  p50=  0.142ms p99=   0.768ms  errors=0
    r03_section_sales_window@trailing     15973.6 ops/s  p50=  0.202ms p99=   1.237ms  errors=0
    r03_section_sales_window@historical    15332.4 ops/s  p50=  0.207ms p99=   1.485ms  errors=0
    r04_event_recent_confirmations        16777.1 ops/s  p50=  0.184ms p99=   1.247ms  errors=0
    r05_customers_last_purchase_window@trailing     2166.7 ops/s  p50=  0.909ms p99=  73.567ms  errors=0
    r05_customers_last_purchase_window@historical     2244.7 ops/s  p50=  0.881ms p99=  73.643ms  errors=0
  wrote /results/s1-full.json
