  engine: PostgreSQL 15.12-YB-2025.2.6.0-b0 on x86_64-pc-linux-gnu, compiled by clang version 19.1.0 (https://github.com/yugabyte/llvm-project.git a2a6b655e14e7fa1fcf1011a6cb29cb8575249c0), 64-bit
  effective isolation for READ COMMITTED requests: read committed
  dataset: 40 bands, 690 events, 289500 seats, 65388 sold at load
  loading p3_precreated_cas ...
  loaded in 35.0s (copy 21.2s, index 11.5s)
  verifying answers against ground truth ...
    46/46 checks passed; audit on load: consistent (690 events, 65388 seats sold)
  write benchmark (fresh load per op):
    book                                    379.5 ops/s  p50=  5.368ms p99=  94.743ms  rejected=0 retries=410 errors=0
      audit after book: consistent (690 events, 67959 seats sold)
    cancel                                  574.8 ops/s  p50=  4.226ms p99=  76.417ms  rejected=0 retries=0 errors=0
      audit after cancel: consistent (690 events, 61386 seats sold)
      report check r01_event_sales_window@write:cancel event 500 (booked=0, cancelled=2510): ok
  race trial 1/3 (128 buyers per event, fresh load):
    race       10 seats x100       35.5 sold/s  p50=150.434ms p99= 471.145ms  attempts/sale=16.99 errors=0  editor p99=510.94ms  ok
      audit: consistent (690 events, 66388 seats sold)
    race      100 seats x20       146.1 sold/s  p50=191.618ms p99= 589.663ms  attempts/sale=3.65 errors=0  editor p99=902.26ms  ok
      audit: consistent (690 events, 68388 seats sold)
    race     1000 seats x5        266.0 sold/s  p50=288.097ms p99=1090.417ms  attempts/sale=1.81 errors=0  editor p99=903.16ms  ok
      audit: consistent (690 events, 73388 seats sold)
    race    10000 seats x2        374.3 sold/s  p50=287.210ms p99=1113.465ms  attempts/sale=1.23 errors=0  editor p99=396.69ms  ok
      audit: consistent (690 events, 93388 seats sold)
    race   100000 seats x1        495.2 sold/s  p50=280.805ms p99= 415.570ms  attempts/sale=1.00 errors=0  editor p99=205.26ms  ok, 1 timed out (30% sold)
      audit: consistent (690 events, 123202 seats sold)
  churn trial 1/3 (128 buyers per event, fresh load):
    churn      10 seats x50        26.9 sold/s  p50=114.507ms p99= 843.367ms  attempts/sale=19.65 errors=0  editor p99=563.86ms  ok
      audit: consistent (690 events, 65888 seats sold)
    churn     100 seats x10       115.9 sold/s  p50=191.046ms p99= 784.545ms  attempts/sale=4.60 errors=0  editor p99=780.85ms  ok
      audit: consistent (690 events, 66888 seats sold)
    churn    1000 seats x2        252.7 sold/s  p50=285.546ms p99=1276.373ms  attempts/sale=1.88 errors=0  editor p99=914.44ms  ok
      audit: consistent (690 events, 68888 seats sold)
      report check r01_event_sales_window@churn#1 event 690 (booked=1128, cancelled=128): ok
  race trial 2/3 (128 buyers per event, fresh load):
    race       10 seats x100       35.5 sold/s  p50=102.997ms p99= 803.866ms  attempts/sale=18.00 errors=0  editor p99=402.55ms  ok
      audit: consistent (690 events, 66388 seats sold)
    race      100 seats x20       152.0 sold/s  p50=195.133ms p99= 580.454ms  attempts/sale=3.73 errors=0  editor p99=791.11ms  ok
      audit: consistent (690 events, 68388 seats sold)
    race     1000 seats x5        271.1 sold/s  p50=290.110ms p99=1177.355ms  attempts/sale=1.75 errors=0  editor p99=195.68ms  ok
      audit: consistent (690 events, 73388 seats sold)
    race    10000 seats x2        385.5 sold/s  p50=285.437ms p99=1098.707ms  attempts/sale=1.22 errors=0  editor p99=299.30ms  ok
      audit: consistent (690 events, 93388 seats sold)
    race   100000 seats x1        496.9 sold/s  p50=279.123ms p99= 419.582ms  attempts/sale=1.00 errors=0  editor p99=216.59ms  ok, 1 timed out (30% sold)
      audit: consistent (690 events, 123310 seats sold)
  churn trial 2/3 (128 buyers per event, fresh load):
    churn      10 seats x50        29.7 sold/s  p50=105.422ms p99=1014.682ms  attempts/sale=18.18 errors=0  editor p99=562.80ms  ok
      audit: consistent (690 events, 65888 seats sold)
    churn     100 seats x10       114.0 sold/s  p50=189.600ms p99= 791.911ms  attempts/sale=4.44 errors=0  editor p99=843.60ms  ok
      audit: consistent (690 events, 66888 seats sold)
    churn    1000 seats x2        265.0 sold/s  p50=285.713ms p99=1206.344ms  attempts/sale=1.74 errors=0  editor p99=195.13ms  ok
      audit: consistent (690 events, 68888 seats sold)
      report check r01_event_sales_window@churn#2 event 690 (booked=1110, cancelled=110): ok
  race trial 3/3 (128 buyers per event, fresh load):
    race       10 seats x100       31.9 sold/s  p50=107.920ms p99= 898.176ms  attempts/sale=19.04 errors=0  editor p99=500.92ms  ok
      audit: consistent (690 events, 66388 seats sold)
    race      100 seats x20       160.7 sold/s  p50=192.675ms p99= 584.230ms  attempts/sale=3.41 errors=0  editor p99=586.16ms  ok
      audit: consistent (690 events, 68388 seats sold)
    race     1000 seats x5        271.9 sold/s  p50=290.544ms p99=1198.394ms  attempts/sale=1.75 errors=0  editor p99=727.40ms  ok
      audit: consistent (690 events, 73388 seats sold)
    race    10000 seats x2        372.9 sold/s  p50=284.821ms p99=1200.992ms  attempts/sale=1.25 errors=0  editor p99=303.17ms  ok
      audit: consistent (690 events, 93388 seats sold)
    race   100000 seats x1        488.3 sold/s  p50=284.375ms p99= 478.601ms  attempts/sale=1.00 errors=0  editor p99=208.86ms  ok, 1 timed out (29% sold)
      audit: consistent (690 events, 122776 seats sold)
  churn trial 3/3 (128 buyers per event, fresh load):
    churn      10 seats x50        29.3 sold/s  p50=104.338ms p99= 974.174ms  attempts/sale=18.52 errors=0  editor p99=502.08ms  ok
      audit: consistent (690 events, 65888 seats sold)
    churn     100 seats x10       110.5 sold/s  p50=191.172ms p99= 788.288ms  attempts/sale=5.00 errors=0  editor p99=911.85ms  ok
      audit: consistent (690 events, 66888 seats sold)
    churn    1000 seats x2        254.7 sold/s  p50=286.925ms p99=1286.263ms  attempts/sale=1.87 errors=0  editor p99=300.41ms  ok
      audit: consistent (690 events, 68888 seats sold)
      report check r01_event_sales_window@churn#3 event 689 (booked=1111, cancelled=111): ok
  wrote /results/p3_precreated_cas.json
