  engine: PostgreSQL 15.12-YB-2025.2.6.0-b0 on x86_64-pc-linux-gnu, compiled by clang version 19.1.0 (https://github.com/yugabyte/llvm-project.git a2a6b655e14e7fa1fcf1011a6cb29cb8575249c0), 64-bit
  effective isolation for READ COMMITTED requests: read committed
  dataset: 40 bands, 690 events, 289500 seats, 65388 sold at load
  loading x1_cas_ledger ...
  loaded in 40.5s (copy 5.5s, index 33.2s)
  verifying answers against ground truth ...
    48/48 checks passed; audit on load: consistent (690 events, 65388 seats sold)
    ledger audit on load: consistent (289500 seats checked)
  write benchmark (fresh load per op):
    book                                    250.3 ops/s  p50=  8.884ms p99= 116.044ms  rejected=0 retries=278 errors=0
      audit after book: consistent (690 events, 67025 seats sold)
      ledger audit after book: consistent (289500 seats checked)
    cancel                                  270.6 ops/s  p50=  9.233ms p99=  86.092ms  rejected=0 retries=0 errors=0
      audit after cancel: consistent (690 events, 63526 seats sold)
      ledger audit after cancel: consistent (289500 seats checked)
      report check r01_event_sales_window@write:cancel event 500 (booked=0, cancelled=1167): ok
      report check r05_refunds_window@write:cancel every event (harness cancelled=1862, tolerance=0): ok
  race trial 1/3 (128 buyers per event, fresh load):
    race       10 seats x100       13.5 sold/s  p50=277.279ms p99=1376.624ms  attempts/sale=20.80 errors=0  editor p99=881.56ms  ok
      audit: consistent (690 events, 66388 seats sold)
      ledger audit: consistent (289500 seats checked)
    race      100 seats x20        85.6 sold/s  p50=290.452ms p99= 982.022ms  attempts/sale=4.28 errors=1  editor p99=981.23ms  ok
      audit: consistent (690 events, 68388 seats sold)
      ledger audit: consistent (289500 seats checked)
      first error: ERROR: Restart of completed transaction c54b3dee-6899-4b24-92f5-9cf64bd060d3: kAborted (SQLSTATE XX000)
    race     1000 seats x5        162.6 sold/s  p50=411.395ms p99=1980.213ms  attempts/sale=1.80 errors=0  editor p99=1000.88ms  ok
      audit: consistent (690 events, 73388 seats sold)
      ledger audit: consistent (289500 seats checked)
    race    10000 seats x2        206.2 sold/s  p50=415.027ms p99=2319.978ms  attempts/sale=1.24 errors=0  editor p99=1300.83ms  ok
      audit: consistent (690 events, 93388 seats sold)
      ledger audit: consistent (289500 seats checked)
    race   100000 seats x1        259.9 sold/s  p50=408.223ms p99=1214.093ms  attempts/sale=1.00 errors=0  editor p99=1006.60ms  ok, 1 timed out (16% sold)
      audit: consistent (690 events, 109041 seats sold)
      ledger audit: consistent (289500 seats checked)
  churn trial 1/3 (128 buyers per event, fresh load):
    churn      10 seats x50        14.2 sold/s  p50=203.998ms p99=2118.576ms  attempts/sale=21.89 errors=0  editor p99=686.96ms  ok
      audit: consistent (690 events, 65888 seats sold)
      ledger audit: consistent (289500 seats checked)
    churn     100 seats x10        60.3 sold/s  p50=297.363ms p99=1587.863ms  attempts/sale=5.11 errors=0  editor p99=1136.89ms  ok
      audit: consistent (690 events, 66888 seats sold)
      ledger audit: consistent (289500 seats checked)
    churn    1000 seats x2        149.2 sold/s  p50=408.484ms p99=2116.663ms  attempts/sale=1.79 errors=0  editor p99=1017.49ms  ok
      audit: consistent (690 events, 68888 seats sold)
      ledger audit: consistent (289500 seats checked)
      report check r01_event_sales_window@churn#1 event 690 (booked=1117, cancelled=117): ok
      report check r05_refunds_window@churn#1     every event (harness cancelled=381, tolerance=0): ok
  race trial 2/3 (128 buyers per event, fresh load):
    race       10 seats x100       16.9 sold/s  p50=197.083ms p99=1381.990ms  attempts/sale=22.16 errors=0  editor p99=583.73ms  ok
      audit: consistent (690 events, 66388 seats sold)
      ledger audit: consistent (289500 seats checked)
    race      100 seats x20        84.2 sold/s  p50=310.889ms p99=1017.709ms  attempts/sale=4.27 errors=0  editor p99=773.68ms  ok
      audit: consistent (690 events, 68388 seats sold)
      ledger audit: consistent (289500 seats checked)
    race     1000 seats x5        160.8 sold/s  p50=405.179ms p99=2001.886ms  attempts/sale=1.88 errors=0  editor p99=699.42ms  ok
      audit: consistent (690 events, 73388 seats sold)
      ledger audit: consistent (289500 seats checked)
    race    10000 seats x2        206.4 sold/s  p50=405.630ms p99=2291.057ms  attempts/sale=1.30 errors=0  editor p99=1099.21ms  ok
      audit: consistent (690 events, 93388 seats sold)
      ledger audit: consistent (289500 seats checked)
    race   100000 seats x1        263.0 sold/s  p50=407.148ms p99=1298.776ms  attempts/sale=1.00 errors=0  editor p99=1008.02ms  ok, 1 timed out (16% sold)
      audit: consistent (690 events, 109226 seats sold)
      ledger audit: consistent (289500 seats checked)
  churn trial 2/3 (128 buyers per event, fresh load):
    churn      10 seats x50        14.9 sold/s  p50=197.115ms p99=1981.167ms  attempts/sale=22.53 errors=0  editor p99=598.80ms  ok
      audit: consistent (690 events, 65888 seats sold)
      ledger audit: consistent (289500 seats checked)
    churn     100 seats x10        57.5 sold/s  p50=391.758ms p99=1578.272ms  attempts/sale=5.26 errors=0  editor p99=867.46ms  ok
      audit: consistent (690 events, 66888 seats sold)
      ledger audit: consistent (289500 seats checked)
    churn    1000 seats x2        133.5 sold/s  p50=420.554ms p99=2496.235ms  attempts/sale=1.97 errors=0  editor p99=1019.32ms  ok
      audit: consistent (690 events, 68888 seats sold)
      ledger audit: consistent (289500 seats checked)
      report check r01_event_sales_window@churn#2 event 689 (booked=1129, cancelled=129): ok
      report check r05_refunds_window@churn#2     every event (harness cancelled=378, tolerance=0): ok
  race trial 3/3 (128 buyers per event, fresh load):
    race       10 seats x100       17.0 sold/s  p50=202.505ms p99=1539.569ms  attempts/sale=21.91 errors=0  editor p99=584.94ms  ok
      audit: consistent (690 events, 66388 seats sold)
      ledger audit: consistent (289500 seats checked)
    race      100 seats x20        86.3 sold/s  p50=298.779ms p99= 993.213ms  attempts/sale=4.01 errors=0  editor p99=696.85ms  ok
      audit: consistent (690 events, 68388 seats sold)
      ledger audit: consistent (289500 seats checked)
    race     1000 seats x5        149.2 sold/s  p50=488.353ms p99=2087.912ms  attempts/sale=1.88 errors=0  editor p99=886.37ms  ok
      audit: consistent (690 events, 73388 seats sold)
      ledger audit: consistent (289500 seats checked)
    race    10000 seats x2        218.1 sold/s  p50=409.262ms p99=2107.138ms  attempts/sale=1.21 errors=0  editor p99=1014.44ms  ok
      audit: consistent (690 events, 93388 seats sold)
      ledger audit: consistent (289500 seats checked)
    race   100000 seats x1        267.1 sold/s  p50=404.984ms p99=1263.958ms  attempts/sale=1.00 errors=0  editor p99=1588.95ms  ok, 1 timed out (16% sold)
      audit: consistent (690 events, 109482 seats sold)
      ledger audit: consistent (289500 seats checked)
  churn trial 3/3 (128 buyers per event, fresh load):
    churn      10 seats x50        13.6 sold/s  p50=204.647ms p99=2028.552ms  attempts/sale=22.89 errors=0  editor p99=571.92ms  ok
      audit: consistent (690 events, 65888 seats sold)
      ledger audit: consistent (289500 seats checked)
    churn     100 seats x10        60.8 sold/s  p50=309.893ms p99=1478.708ms  attempts/sale=5.11 errors=0  editor p99=778.02ms  ok
      audit: consistent (690 events, 66888 seats sold)
      ledger audit: consistent (289500 seats checked)
    churn    1000 seats x2        145.2 sold/s  p50=411.617ms p99=2197.268ms  attempts/sale=1.78 errors=0  editor p99=905.72ms  ok
      audit: consistent (690 events, 68888 seats sold)
      ledger audit: consistent (289500 seats checked)
      report check r01_event_sales_window@churn#3 event 690 (booked=1114, cancelled=114): ok
      report check r05_refunds_window@churn#3     every event (harness cancelled=372, tolerance=0): ok
  wrote /results/x1_cas_ledger.json
