  engine: PostgreSQL 17.11 (Debian 17.11-1.pgdg13+2) on x86_64-pc-linux-gnu, compiled by gcc (Debian 14.2.0-19) 14.2.0, 64-bit
  dataset: 10 bands, 90 events, 26100 seats, 6880 sold at load
  loading c1_count_naive ...
  loaded in 0.1s (copy 0.1s, index 0.0s)
  verifying answers against ground truth ...
    38/38 checks passed; audit on load: consistent (90 events, 6880 seats sold)
  capturing plans ...
  read benchmark:
    q01_event_availability@10             40840.9 ops/s  p50=  0.114ms p99=   0.346ms  errors=0
    q01_event_availability@100            35721.4 ops/s  p50=  0.127ms p99=   0.379ms  errors=0
    q01_event_availability@1000           23523.4 ops/s  p50=  0.155ms p99=   0.492ms  errors=0
    q01_event_availability@10000           2152.5 ops/s  p50=  0.846ms p99=  73.961ms  errors=0
    q02_band_events                       15956.3 ops/s  p50=  0.158ms p99=   1.017ms  errors=0
    q03_customer_tickets                  40482.0 ops/s  p50=  0.114ms p99=   0.364ms  errors=0
    q04_ticket_by_id                      50039.0 ops/s  p50=  0.103ms p99=   0.313ms  errors=0
    q05_band_tickets_sold                 22666.9 ops/s  p50=  0.142ms p99=   0.600ms  errors=0
  write benchmark (fresh load per op):
    book                                   3764.9 ops/s  p50=  1.614ms p99=  26.787ms  rejected=0 retries=0 errors=0
      audit after book: consistent (90 events, 9671 seats sold)
    cancel                                 6714.9 ops/s  p50=  1.155ms p99=   1.759ms  rejected=0 retries=0 errors=0
      audit after cancel: consistent (90 events, 3178 seats sold)
    publish@10                             3834.1 ops/s  p50=  0.988ms p99=   1.698ms  rejected=0 retries=0 errors=0
    publish@100                            3359.5 ops/s  p50=  1.084ms p99=   2.515ms  rejected=0 retries=0 errors=0
    publish@1000                           3583.8 ops/s  p50=  1.061ms p99=   1.322ms  rejected=0 retries=0 errors=0
    publish@10000                          1013.7 ops/s  p50=  1.257ms p99=   1.257ms  rejected=0 retries=0 errors=0
    publish@100000                         1002.9 ops/s  p50=  1.534ms p99=   1.534ms  rejected=0 retries=0 errors=0
      audit after publish: consistent (2319 events, 6880 seats sold)
  race (32 buyers per event, fresh load):
    race       10 seats x20      2615.8 sold/s  p50=  3.646ms p99=  44.381ms  attempts/sale=1.00 errors=0  editor p99=40.45ms  OVERBOOKED 20 events (+445 seats)
      audit: VIOLATIONS — 20 overbooked events (+445 seats), 0 duplicate seats, 0 derived-state drifts, 0 ledger mismatches
    race      100 seats x4       9931.2 sold/s  p50=  2.378ms p99=   3.758ms  attempts/sale=1.00 errors=0  editor p99=2.59ms  OVERBOOKED 4 events (+96 seats)
      audit: VIOLATIONS — 24 overbooked events (+541 seats), 0 duplicate seats, 0 derived-state drifts, 0 ledger mismatches
    race     1000 seats x1       6743.5 sold/s  p50=  2.717ms p99=  56.707ms  attempts/sale=1.00 errors=0  editor p99=3.21ms  OVERBOOKED 1 events (+26 seats)
      audit: VIOLATIONS — 25 overbooked events (+567 seats), 0 duplicate seats, 0 derived-state drifts, 0 ledger mismatches
    race    10000 seats x1       2403.1 sold/s  p50=  4.227ms p99=  79.221ms  attempts/sale=1.00 errors=0  editor p99=73.14ms  OVERBOOKED 1 events (+31 seats)
      audit: VIOLATIONS — 26 overbooked events (+598 seats), 0 duplicate seats, 0 derived-state drifts, 0 ledger mismatches
  churn (32 buyers per event, fresh load):
    churn      10 seats x10      5995.9 sold/s  p50=  3.144ms p99=  16.215ms  attempts/sale=1.00 errors=0  editor p99=2.78ms  OVERBOOKED 10 events (+187 seats)
      audit: VIOLATIONS — 10 overbooked events (+187 seats), 0 duplicate seats, 0 derived-state drifts, 0 ledger mismatches
    churn     100 seats x2       9807.7 sold/s  p50=  2.453ms p99=   7.599ms  attempts/sale=1.00 errors=0  editor p99=1.83ms  OVERBOOKED 2 events (+37 seats)
      audit: VIOLATIONS — 12 overbooked events (+224 seats), 0 duplicate seats, 0 derived-state drifts, 0 ledger mismatches
    churn    1000 seats x1       4474.6 sold/s  p50=  2.592ms p99=  61.204ms  attempts/sale=1.00 errors=0  editor p99=35.08ms  OVERBOOKED 1 events (+23 seats)
      audit: VIOLATIONS — 13 overbooked events (+247 seats), 0 duplicate seats, 0 derived-state drifts, 0 ledger mismatches
  wrote /results/c1_count_naive.json
