  engine: PostgreSQL 17.11 (Debian 17.11-1.pgdg13+2) on x86_64-pc-linux-gnu, compiled by gcc (Debian 14.2.0-19) 14.2.0, 64-bit
  dataset: 10 bands, 90 events, 26100 seats, 6880 sold at load
  loading c2_count_serializable ...
  loaded in 0.1s (copy 0.1s, index 0.0s)
  verifying answers against ground truth ...
    38/38 checks passed; audit on load: consistent (90 events, 6880 seats sold)
  capturing plans ...
  read benchmark:
    q01_event_availability@10             39710.4 ops/s  p50=  0.117ms p99=   0.377ms  errors=0
    q01_event_availability@100            38531.8 ops/s  p50=  0.115ms p99=   0.352ms  errors=0
    q01_event_availability@1000           23602.8 ops/s  p50=  0.149ms p99=   0.462ms  errors=0
    q01_event_availability@10000           2260.8 ops/s  p50=  0.817ms p99=  73.868ms  errors=0
    q02_band_events                       15878.2 ops/s  p50=  0.154ms p99=   0.995ms  errors=0
    q03_customer_tickets                  40635.2 ops/s  p50=  0.113ms p99=   0.373ms  errors=0
    q04_ticket_by_id                      49268.4 ops/s  p50=  0.102ms p99=   0.330ms  errors=0
    q05_band_tickets_sold                 15264.2 ops/s  p50=  0.160ms p99=   1.153ms  errors=0
  write benchmark (fresh load per op):
    book                                    385.0 ops/s  p50=  4.690ms p99= 106.571ms  rejected=0 retries=2490 errors=0
      audit after book: consistent (90 events, 7398 seats sold)
    cancel                                 6556.7 ops/s  p50=  1.173ms p99=   2.003ms  rejected=0 retries=0 errors=0
      audit after cancel: consistent (90 events, 3120 seats sold)
    publish@10                             3790.3 ops/s  p50=  1.004ms p99=   1.765ms  rejected=0 retries=0 errors=0
    publish@100                            3665.3 ops/s  p50=  0.958ms p99=   4.861ms  rejected=0 retries=0 errors=0
    publish@1000                           3323.0 ops/s  p50=  1.058ms p99=   1.364ms  rejected=0 retries=0 errors=0
    publish@10000                          1318.2 ops/s  p50=  1.110ms p99=   1.110ms  rejected=0 retries=0 errors=0
    publish@100000                         1605.4 ops/s  p50=  0.813ms p99=   0.813ms  rejected=0 retries=0 errors=0
      audit after publish: consistent (2319 events, 6880 seats sold)
  race (32 buyers per event, fresh load):
    race       10 seats x20       271.3 sold/s  p50= 12.967ms p99=  85.814ms  attempts/sale=24.42 errors=0  editor p99=32.63ms  ok
      audit: consistent (90 events, 7080 seats sold)
    race      100 seats x4        315.4 sold/s  p50= 61.458ms p99= 282.966ms  attempts/sale=16.28 errors=0  editor p99=50.03ms  ok
      audit: consistent (90 events, 7480 seats sold)
    race     1000 seats x1        237.2 sold/s  p50= 91.395ms p99= 612.543ms  attempts/sale=14.81 errors=0  editor p99=43.86ms  ok
      audit: consistent (90 events, 8480 seats sold)
    race    10000 seats x1        127.5 sold/s  p50=170.312ms p99=1387.602ms  attempts/sale=15.22 errors=0  editor p99=63.84ms  ok, 1 timed out (77% sold)
      audit: consistent (90 events, 16166 seats sold)
  churn (32 buyers per event, fresh load):
    churn      10 seats x10       440.9 sold/s  p50= 10.373ms p99=  35.275ms  attempts/sale=20.82 errors=0  editor p99=3.18ms  ok
      audit: consistent (90 events, 6980 seats sold)
    churn     100 seats x2        317.3 sold/s  p50= 47.958ms p99= 267.574ms  attempts/sale=16.03 errors=0  editor p99=39.58ms  ok
      audit: consistent (90 events, 7180 seats sold)
    churn    1000 seats x1        230.6 sold/s  p50= 93.722ms p99= 607.747ms  attempts/sale=14.52 errors=0  editor p99=53.69ms  ok
      audit: consistent (90 events, 8180 seats sold)
  wrote /results/c2_count_serializable.json
