  engine: PostgreSQL 17.11 (Debian 17.11-1.pgdg13+2) on x86_64-pc-linux-gnu, compiled by gcc (Debian 14.2.0-19) 14.2.0, 64-bit
  dataset: 10 bands, 90 events, 26100 seats, 6880 sold at load
  loading c3_count_lock_event ...
  loaded in 0.1s (copy 0.1s, index 0.0s)
  verifying answers against ground truth ...
    38/38 checks passed; audit on load: consistent (90 events, 6880 seats sold)
  capturing plans ...
  read benchmark:
    q01_event_availability@10             37787.9 ops/s  p50=  0.121ms p99=   0.382ms  errors=0
    q01_event_availability@100            34084.5 ops/s  p50=  0.135ms p99=   0.393ms  errors=0
    q01_event_availability@1000           22232.0 ops/s  p50=  0.164ms p99=   0.493ms  errors=0
    q01_event_availability@10000           2178.7 ops/s  p50=  0.806ms p99=  74.808ms  errors=0
    q02_band_events                       14813.1 ops/s  p50=  0.171ms p99=   1.111ms  errors=0
    q03_customer_tickets                  39676.3 ops/s  p50=  0.114ms p99=   0.423ms  errors=0
    q04_ticket_by_id                      37649.2 ops/s  p50=  0.121ms p99=   0.372ms  errors=0
    q05_band_tickets_sold                 15126.5 ops/s  p50=  0.157ms p99=   1.105ms  errors=0
  write benchmark (fresh load per op):
    book                                   1433.2 ops/s  p50=  7.290ms p99=  10.168ms  rejected=0 retries=0 errors=0
      audit after book: consistent (90 events, 8553 seats sold)
    cancel                                 6710.3 ops/s  p50=  1.147ms p99=   1.878ms  rejected=0 retries=0 errors=0
      audit after cancel: consistent (90 events, 3121 seats sold)
    publish@10                             3601.1 ops/s  p50=  1.056ms p99=   1.808ms  rejected=0 retries=0 errors=0
    publish@100                            3654.1 ops/s  p50=  1.038ms p99=   1.659ms  rejected=0 retries=0 errors=0
    publish@1000                           3671.7 ops/s  p50=  0.973ms p99=   1.417ms  rejected=0 retries=0 errors=0
    publish@10000                          1463.9 ops/s  p50=  0.895ms p99=   0.895ms  rejected=0 retries=0 errors=0
    publish@100000                         1475.0 ops/s  p50=  0.825ms p99=   0.825ms  rejected=0 retries=0 errors=0
      audit after publish: consistent (2319 events, 6880 seats sold)
  race (32 buyers per event, fresh load):
    race       10 seats x20       854.4 sold/s  p50=  5.658ms p99=  29.153ms  attempts/sale=1.00 errors=0  editor p99=29.85ms  ok
      audit: consistent (90 events, 7080 seats sold)
    race      100 seats x4       1128.2 sold/s  p50= 27.569ms p99=  44.911ms  attempts/sale=1.00 errors=0  editor p99=27.89ms  ok
      audit: consistent (90 events, 7480 seats sold)
    race     1000 seats x1       1035.5 sold/s  p50= 33.104ms p99=  37.653ms  attempts/sale=1.00 errors=0  editor p99=31.06ms  ok
      audit: consistent (90 events, 8480 seats sold)
    race    10000 seats x1        872.2 sold/s  p50= 37.417ms p99=  51.598ms  attempts/sale=1.00 errors=0  editor p99=46.59ms  ok
      audit: consistent (90 events, 18480 seats sold)
  churn (32 buyers per event, fresh load):
    churn      10 seats x10      1017.3 sold/s  p50=  5.448ms p99=  13.634ms  attempts/sale=1.00 errors=0  editor p99=13.83ms  ok
      audit: consistent (90 events, 6980 seats sold)
    churn     100 seats x2       1262.6 sold/s  p50= 24.544ms p99=  38.480ms  attempts/sale=1.00 errors=0  editor p99=25.00ms  ok
      audit: consistent (90 events, 7180 seats sold)
    churn    1000 seats x1       1139.3 sold/s  p50= 28.531ms p99=  38.942ms  attempts/sale=1.00 errors=0  editor p99=32.83ms  ok
      audit: consistent (90 events, 8180 seats sold)
  wrote /results/c3_count_lock_event.json
