  engine: PostgreSQL 17.11 (Debian 17.11-1.pgdg13+2) on x86_64-pc-linux-gnu, compiled by gcc (Debian 14.2.0-19) 14.2.0, 64-bit
  dataset: 10 bands, 90 events, 26100 seats, 6880 sold at load
  loading c4_counter_guard ...
  loaded in 0.1s (copy 0.0s, index 0.0s)
  verifying answers against ground truth ...
    38/38 checks passed; audit on load: consistent (90 events, 6880 seats sold)
  capturing plans ...
  read benchmark:
    q01_event_availability@10             46068.5 ops/s  p50=  0.112ms p99=   0.357ms  errors=0
    q01_event_availability@100            46264.4 ops/s  p50=  0.114ms p99=   0.347ms  errors=0
    q01_event_availability@1000           45675.0 ops/s  p50=  0.115ms p99=   0.370ms  errors=0
    q01_event_availability@10000          45443.2 ops/s  p50=  0.115ms p99=   0.368ms  errors=0
    q02_band_events                       35121.1 ops/s  p50=  0.135ms p99=   0.399ms  errors=0
    q03_customer_tickets                  36474.9 ops/s  p50=  0.128ms p99=   0.392ms  errors=0
    q04_ticket_by_id                      39521.0 ops/s  p50=  0.133ms p99=   0.459ms  errors=0
    q05_band_tickets_sold                 37939.3 ops/s  p50=  0.128ms p99=   0.367ms  errors=0
  write benchmark (fresh load per op):
    book                                   1600.3 ops/s  p50=  3.461ms p99=  21.340ms  rejected=0 retries=0 errors=0
      audit after book: consistent (90 events, 8838 seats sold)
    cancel                                 1620.8 ops/s  p50=  3.731ms p99=  21.258ms  rejected=0 retries=0 errors=0
      audit after cancel: consistent (90 events, 4745 seats sold)
    publish@10                             3888.1 ops/s  p50=  0.977ms p99=   1.685ms  rejected=0 retries=0 errors=0
    publish@100                            3885.1 ops/s  p50=  0.970ms p99=   1.869ms  rejected=0 retries=0 errors=0
    publish@1000                           3769.7 ops/s  p50=  1.032ms p99=   1.282ms  rejected=0 retries=0 errors=0
    publish@10000                          1461.7 ops/s  p50=  0.849ms p99=   0.849ms  rejected=0 retries=0 errors=0
    publish@100000                         1588.6 ops/s  p50=  0.845ms p99=   0.845ms  rejected=0 retries=0 errors=0
      audit after publish: consistent (2319 events, 6880 seats sold)
  race (32 buyers per event, fresh load):
    race       10 seats x20       648.4 sold/s  p50=  5.819ms p99=  33.072ms  attempts/sale=1.00 errors=0  editor p99=33.83ms  ok
      audit: consistent (90 events, 7080 seats sold)
    race      100 seats x4       1140.3 sold/s  p50= 16.810ms p99=  67.221ms  attempts/sale=1.00 errors=0  editor p99=54.43ms  ok
      audit: consistent (90 events, 7480 seats sold)
    race     1000 seats x1       1086.0 sold/s  p50= 20.567ms p99= 121.707ms  attempts/sale=1.00 errors=0  editor p99=71.17ms  ok
      audit: consistent (90 events, 8480 seats sold)
    race    10000 seats x1        977.4 sold/s  p50= 23.222ms p99= 143.772ms  attempts/sale=1.00 errors=0  editor p99=112.80ms  ok
      audit: consistent (90 events, 18480 seats sold)
  churn (32 buyers per event, fresh load):
    churn      10 seats x10       657.3 sold/s  p50=  7.357ms p99=  19.949ms  attempts/sale=1.00 errors=0  editor p99=16.62ms  ok
      audit: consistent (90 events, 6980 seats sold)
    churn     100 seats x2        903.7 sold/s  p50= 17.999ms p99=  85.447ms  attempts/sale=1.00 errors=0  editor p99=23.68ms  ok
      audit: consistent (90 events, 7180 seats sold)
    churn    1000 seats x1        966.3 sold/s  p50= 19.886ms p99= 127.993ms  attempts/sale=1.00 errors=0  editor p99=103.84ms  ok
      audit: consistent (90 events, 8180 seats sold)
  wrote /results/c4_counter_guard.json
