  engine: PostgreSQL 17.11 (Debian 17.11-1.pgdg13+2) on x86_64-pc-linux-gnu, compiled by gcc (Debian 14.2.0-19) 14.2.0, 64-bit
  dataset: 10 bands, 90 events, 26100 seats, 6880 sold at load
  loading c5_seat_unique ...
  loaded in 0.0s (copy 0.0s, index 0.0s)
  verifying answers against ground truth ...
    38/38 checks passed; audit on load: consistent (90 events, 6880 seats sold)
  capturing plans ...
  read benchmark:
    q01_event_availability@10             37562.3 ops/s  p50=  0.123ms p99=   0.386ms  errors=0
    q01_event_availability@100            28507.7 ops/s  p50=  0.154ms p99=   0.516ms  errors=0
    q01_event_availability@1000           23297.9 ops/s  p50=  0.175ms p99=   0.577ms  errors=0
    q01_event_availability@10000           4691.4 ops/s  p50=  0.530ms p99=  65.590ms  errors=0
    q02_band_events                       16758.1 ops/s  p50=  0.170ms p99=   0.809ms  errors=0
    q03_customer_tickets                  37340.6 ops/s  p50=  0.125ms p99=   0.449ms  errors=0
    q04_ticket_by_id                      45596.1 ops/s  p50=  0.114ms p99=   0.337ms  errors=0
    q05_band_tickets_sold                 17697.7 ops/s  p50=  0.158ms p99=   0.787ms  errors=0
  write benchmark (fresh load per op):
    book                                   1432.8 ops/s  p50=  1.551ms p99=  37.419ms  rejected=0 retries=6113 errors=0
      audit after book: consistent (90 events, 8768 seats sold)
    cancel                                 6519.5 ops/s  p50=  1.189ms p99=   1.904ms  rejected=0 retries=0 errors=0
      audit after cancel: consistent (90 events, 3189 seats sold)
    publish@10                             3326.8 ops/s  p50=  1.132ms p99=   1.866ms  rejected=0 retries=0 errors=0
    publish@100                            2439.3 ops/s  p50=  1.150ms p99=  21.960ms  rejected=0 retries=0 errors=0
    publish@1000                           3067.7 ops/s  p50=  1.075ms p99=   1.812ms  rejected=0 retries=0 errors=0
    publish@10000                          1480.3 ops/s  p50=  0.873ms p99=   0.873ms  rejected=0 retries=0 errors=0
    publish@100000                         1528.3 ops/s  p50=  0.799ms p99=   0.799ms  rejected=0 retries=0 errors=0
      audit after publish: consistent (2319 events, 6880 seats sold)
  race (32 buyers per event, fresh load):
    race       10 seats x20       370.8 sold/s  p50=  8.032ms p99=  80.715ms  attempts/sale=27.52 errors=0  editor p99=32.83ms  ok
      audit: consistent (90 events, 7080 seats sold)
    race      100 seats x4        408.9 sold/s  p50= 33.110ms p99= 217.351ms  attempts/sale=26.86 errors=0  editor p99=52.35ms  ok
      audit: consistent (90 events, 7480 seats sold)
    race     1000 seats x1        383.9 sold/s  p50= 58.915ms p99= 428.479ms  attempts/sale=26.38 errors=0  editor p99=45.70ms  ok
      audit: consistent (90 events, 8480 seats sold)
    race    10000 seats x1        329.4 sold/s  p50= 73.517ms p99= 487.892ms  attempts/sale=26.67 errors=0  editor p99=39.97ms  ok
      audit: consistent (90 events, 18480 seats sold)
  churn (32 buyers per event, fresh load):
    churn      10 seats x10       506.2 sold/s  p50=  8.420ms p99=  39.595ms  attempts/sale=26.88 errors=0  editor p99=9.52ms  UNDERBOOKED 2 events (2 seats)
      audit: VIOLATIONS — 0 overbooked events (+0 seats), 0 duplicate seats, 2 derived-state drifts, 0 ledger mismatches
    churn     100 seats x2        389.8 sold/s  p50= 43.657ms p99= 235.518ms  attempts/sale=24.30 errors=0  editor p99=42.05ms  UNDERBOOKED 2 events (13 seats)
      audit: VIOLATIONS — 0 overbooked events (+0 seats), 0 duplicate seats, 4 derived-state drifts, 0 ledger mismatches
    churn    1000 seats x1        352.0 sold/s  p50= 69.970ms p99= 465.192ms  attempts/sale=23.96 errors=0  editor p99=54.67ms  UNDERBOOKED 1 events (32 seats)
      audit: VIOLATIONS — 0 overbooked events (+0 seats), 0 duplicate seats, 5 derived-state drifts, 0 ledger mismatches
  wrote /results/c5_seat_unique.json
