  engine: PostgreSQL 17.11 (Debian 17.11-1.pgdg13+2) on x86_64-pc-linux-gnu, compiled by gcc (Debian 14.2.0-19) 14.2.0, 64-bit
  dataset: 10 bands, 90 events, 26100 seats, 6880 sold at load
  loading h0_hold_naive_confirm ...
  loaded in 0.0s (copy 0.0s, index 0.0s)
  verifying answers against ground truth ...
    38/38 checks passed; audit on load: consistent (90 events, 6880 seats sold)
  capturing plans ...
  read benchmark:
    q01_event_availability@10             44987.6 ops/s  p50=  0.118ms p99=   0.384ms  errors=0
    q01_event_availability@100            44952.4 ops/s  p50=  0.120ms p99=   0.377ms  errors=0
    q01_event_availability@1000           44693.8 ops/s  p50=  0.121ms p99=   0.370ms  errors=0
    q01_event_availability@10000          43582.4 ops/s  p50=  0.121ms p99=   0.369ms  errors=0
    q02_band_events                       35379.9 ops/s  p50=  0.137ms p99=   0.403ms  errors=0
    q03_customer_tickets                  35887.5 ops/s  p50=  0.132ms p99=   0.401ms  errors=0
    q04_ticket_by_id                      42608.9 ops/s  p50=  0.122ms p99=   0.410ms  errors=0
    q05_band_tickets_sold                 20848.4 ops/s  p50=  0.160ms p99=   0.631ms  errors=0
  write benchmark (fresh load per op):
    book                                   1299.8 ops/s  p50=  5.153ms p99=  20.166ms  rejected=0 retries=0 errors=0
      audit after book: consistent (90 events, 8547 seats sold)
    cancel                                 1670.4 ops/s  p50=  3.956ms p99=  15.737ms  rejected=0 retries=0 errors=0
      audit after cancel: consistent (90 events, 4724 seats sold)
    publish@10                             3834.0 ops/s  p50=  0.988ms p99=   1.838ms  rejected=0 retries=0 errors=0
    publish@100                            3840.7 ops/s  p50=  0.981ms p99=   1.643ms  rejected=0 retries=0 errors=0
    publish@1000                           2888.1 ops/s  p50=  1.205ms p99=   1.709ms  rejected=0 retries=0 errors=0
    publish@10000                          1586.0 ops/s  p50=  0.823ms p99=   0.823ms  rejected=0 retries=0 errors=0
    publish@100000                         1400.4 ops/s  p50=  0.969ms p99=   0.969ms  rejected=0 retries=0 errors=0
      audit after publish: consistent (2319 events, 6880 seats sold)
  race (32 buyers per event, fresh load):
    race       10 seats x20       485.8 sold/s  p50=  9.954ms p99=  36.652ms  attempts/sale=1.00 errors=0  editor p99=18.88ms  ok
      audit: consistent (90 events, 7080 seats sold)
    race      100 seats x4        758.1 sold/s  p50= 22.206ms p99= 116.954ms  attempts/sale=1.00 errors=0  editor p99=71.15ms  ok
      audit: consistent (90 events, 7480 seats sold)
    race     1000 seats x1        694.9 sold/s  p50= 29.816ms p99= 183.827ms  attempts/sale=1.00 errors=0  editor p99=134.61ms  ok
      audit: consistent (90 events, 8480 seats sold)
    race    10000 seats x1        568.6 sold/s  p50= 37.358ms p99= 271.186ms  attempts/sale=1.00 errors=0  editor p99=241.02ms  ok
      audit: consistent (90 events, 18480 seats sold)
  churn (32 buyers per event, fresh load):
    churn      10 seats x10       609.9 sold/s  p50=  8.962ms p99=  17.730ms  attempts/sale=1.00 errors=0  editor p99=18.73ms  ok
      audit: consistent (90 events, 6980 seats sold)
    churn     100 seats x2        693.9 sold/s  p50= 24.992ms p99= 130.641ms  attempts/sale=1.00 errors=0  editor p99=57.73ms  ok
      audit: consistent (90 events, 7180 seats sold)
    churn    1000 seats x1        643.0 sold/s  p50= 32.295ms p99= 179.342ms  attempts/sale=1.00 errors=0  editor p99=115.18ms  ok
      audit: consistent (90 events, 8180 seats sold)
  holds (32 buyers per event, TTL 250ms, fresh load):
    holds      10 seats x10      17.2 confirmed/s  holds=143 abandoned=40 late-rejected=0 swept=46 errors=0  OVERBOOKED 3 events (+3 seats)
      audit: VIOLATIONS — 3 overbooked events (+3 seats), 0 duplicate seats, 4 derived-state drifts, 0 ledger mismatches
    holds     100 seats x4       72.4 confirmed/s  holds=553 abandoned=149 late-rejected=0 swept=158 errors=0  OVERBOOKED 2 events (+4 seats)
      audit: VIOLATIONS — 5 overbooked events (+7 seats), 0 duplicate seats, 7 derived-state drifts, 0 ledger mismatches
    holds    1000 seats x1      158.6 confirmed/s  holds=1367 abandoned=349 late-rejected=0 swept=378 errors=0  OVERBOOKED 1 events (+18 seats)
      audit: VIOLATIONS — 6 overbooked events (+25 seats), 0 duplicate seats, 8 derived-state drifts, 0 ledger mismatches
  wrote /results/h0_hold_naive_confirm.json
