  engine: PostgreSQL 17.11 (Debian 17.11-1.pgdg13+2) on x86_64-pc-linux-gnu, compiled by gcc (Debian 14.2.0-19) 14.2.0, 64-bit
  dataset: 10 bands, 90 events, 26100 seats, 6880 sold at load
  loading h1_hold_checked_confirm ...
  loaded in 0.0s (copy 0.0s, index 0.0s)
  verifying answers against ground truth ...
    38/38 checks passed; audit on load: consistent (90 events, 6880 seats sold)
  capturing plans ...
  read benchmark:
    q01_event_availability@10             48455.0 ops/s  p50=  0.106ms p99=   0.352ms  errors=0
    q01_event_availability@100            50466.8 ops/s  p50=  0.104ms p99=   0.319ms  errors=0
    q01_event_availability@1000           51642.6 ops/s  p50=  0.102ms p99=   0.292ms  errors=0
    q01_event_availability@10000          50543.4 ops/s  p50=  0.103ms p99=   0.315ms  errors=0
    q02_band_events                       39086.9 ops/s  p50=  0.122ms p99=   0.428ms  errors=0
    q03_customer_tickets                  38610.3 ops/s  p50=  0.123ms p99=   0.457ms  errors=0
    q04_ticket_by_id                      48228.8 ops/s  p50=  0.106ms p99=   0.327ms  errors=0
    q05_band_tickets_sold                 15226.0 ops/s  p50=  0.159ms p99=   1.149ms  errors=0
  write benchmark (fresh load per op):
    book                                   1394.8 ops/s  p50=  4.994ms p99=  17.363ms  rejected=0 retries=0 errors=0
      audit after book: consistent (90 events, 8670 seats sold)
    cancel                                 1291.4 ops/s  p50=  4.263ms p99=  28.815ms  rejected=0 retries=0 errors=0
      audit after cancel: consistent (90 events, 5112 seats sold)
    publish@10                             3297.1 ops/s  p50=  1.108ms p99=   1.914ms  rejected=0 retries=0 errors=0
    publish@100                            3364.6 ops/s  p50=  1.038ms p99=   5.121ms  rejected=0 retries=0 errors=0
    publish@1000                           2874.5 ops/s  p50=  1.124ms p99=   1.750ms  rejected=0 retries=0 errors=0
    publish@10000                          1352.1 ops/s  p50=  0.974ms p99=   0.974ms  rejected=0 retries=0 errors=0
    publish@100000                         1522.4 ops/s  p50=  0.897ms p99=   0.897ms  rejected=0 retries=0 errors=0
      audit after publish: consistent (2319 events, 6880 seats sold)
  race (32 buyers per event, fresh load):
    race       10 seats x20       534.0 sold/s  p50=  8.548ms p99=  50.270ms  attempts/sale=1.00 errors=0  editor p99=34.79ms  ok
      audit: consistent (90 events, 7080 seats sold)
    race      100 seats x4        577.2 sold/s  p50= 27.050ms p99= 156.529ms  attempts/sale=1.00 errors=0  editor p99=151.88ms  ok
      audit: consistent (90 events, 7480 seats sold)
    race     1000 seats x1        531.0 sold/s  p50= 38.377ms p99= 273.268ms  attempts/sale=1.00 errors=0  editor p99=151.53ms  ok
      audit: consistent (90 events, 8480 seats sold)
    race    10000 seats x1        497.8 sold/s  p50= 42.190ms p99= 312.715ms  attempts/sale=1.00 errors=0  editor p99=307.70ms  ok
      audit: consistent (90 events, 18480 seats sold)
  churn (32 buyers per event, fresh load):
    churn      10 seats x10       610.2 sold/s  p50=  8.064ms p99=  19.695ms  attempts/sale=1.00 errors=0  editor p99=18.43ms  ok
      audit: consistent (90 events, 6980 seats sold)
    churn     100 seats x2        764.0 sold/s  p50= 18.489ms p99= 103.577ms  attempts/sale=1.00 errors=0  editor p99=29.70ms  ok
      audit: consistent (90 events, 7180 seats sold)
    churn    1000 seats x1        610.5 sold/s  p50= 31.334ms p99= 219.258ms  attempts/sale=1.00 errors=0  editor p99=137.77ms  ok
      audit: consistent (90 events, 8180 seats sold)
  holds (32 buyers per event, TTL 250ms, fresh load):
    holds      10 seats x10      14.3 confirmed/s  holds=145 abandoned=31 late-rejected=14 swept=45 errors=0  ok
      audit: consistent (90 events, 6980 seats sold)
    holds     100 seats x4       72.6 confirmed/s  holds=580 abandoned=132 late-rejected=48 swept=180 errors=0  ok
      audit: consistent (90 events, 7380 seats sold)
    holds    1000 seats x1      129.7 confirmed/s  holds=1459 abandoned=358 late-rejected=101 swept=459 errors=0  ok
      audit: consistent (90 events, 8380 seats sold)
  wrote /results/h1_hold_checked_confirm.json
