  engine: PostgreSQL 17.11 (Debian 17.11-1.pgdg13+2) on x86_64-pc-linux-gnu, compiled by gcc (Debian 14.2.0-19) 14.2.0, 64-bit
  dataset: 10 bands, 90 events, 26100 seats, 6880 sold at load
  loading p1_precreated_lock_first ...
  loaded in 0.1s (copy 0.0s, index 0.0s)
  verifying answers against ground truth ...
    38/38 checks passed; audit on load: consistent (90 events, 6880 seats sold)
  capturing plans ...
  read benchmark:
    q01_event_availability@10             25303.2 ops/s  p50=  0.147ms p99=   0.484ms  errors=0
    q01_event_availability@100            23432.1 ops/s  p50=  0.156ms p99=   0.521ms  errors=0
    q01_event_availability@1000           16288.0 ops/s  p50=  0.187ms p99=   0.632ms  errors=0
    q01_event_availability@10000           5449.6 ops/s  p50=  0.371ms p99=  68.127ms  errors=0
    q02_band_events                       11071.5 ops/s  p50=  0.173ms p99=   1.466ms  errors=0
    q03_customer_tickets                  42823.1 ops/s  p50=  0.110ms p99=   0.382ms  errors=0
    q04_ticket_by_id                      50612.4 ops/s  p50=  0.101ms p99=   0.306ms  errors=0
    q05_band_tickets_sold                  4805.6 ops/s  p50=  0.355ms p99=  67.216ms  errors=0
  write benchmark (fresh load per op):
    book                                   1749.1 ops/s  p50=  1.629ms p99=  46.474ms  rejected=0 retries=0 errors=0
      audit after book: consistent (90 events, 8979 seats sold)
    cancel                                 6316.2 ops/s  p50=  1.111ms p99=   1.973ms  rejected=0 retries=0 errors=0
      audit after cancel: consistent (90 events, 3190 seats sold)
    publish@10                             2873.4 ops/s  p50=  1.322ms p99=   2.041ms  rejected=0 retries=0 errors=0
    publish@100                            1929.2 ops/s  p50=  1.940ms p99=   3.380ms  rejected=0 retries=0 errors=0
    publish@1000                            271.2 ops/s  p50= 15.566ms p99=  22.445ms  rejected=0 retries=0 errors=0
    publish@10000                            41.0 ops/s  p50= 46.680ms p99=  46.680ms  rejected=0 retries=0 errors=0
    publish@100000                            3.2 ops/s  p50=521.615ms p99= 521.615ms  rejected=0 retries=0 errors=0
      audit after publish: consistent (2319 events, 6880 seats sold)
  race (32 buyers per event, fresh load):
    race       10 seats x20       559.8 sold/s  p50=  1.814ms p99=  63.412ms  attempts/sale=1.00 errors=0  editor p99=40.46ms  ok
      audit: consistent (90 events, 7080 seats sold)
    race      100 seats x4       1220.7 sold/s  p50=  1.261ms p99=  42.668ms  attempts/sale=1.00 errors=0  editor p99=14.17ms  ok
      audit: consistent (90 events, 7480 seats sold)
    race     1000 seats x1       1158.4 sold/s  p50=  1.337ms p99=  85.437ms  attempts/sale=1.00 errors=0  editor p99=16.14ms  ok
      audit: consistent (90 events, 8480 seats sold)
    race    10000 seats x1       1272.5 sold/s  p50=  1.324ms p99=  46.847ms  attempts/sale=1.00 errors=0  editor p99=20.87ms  ok
      audit: consistent (90 events, 18480 seats sold)
  churn (32 buyers per event, fresh load):
    churn      10 seats x10       828.2 sold/s  p50=  2.096ms p99=  31.904ms  attempts/sale=1.00 errors=0  editor p99=2.82ms  ok
      audit: consistent (90 events, 6980 seats sold)
    churn     100 seats x2       1345.4 sold/s  p50=  1.620ms p99=  36.305ms  attempts/sale=1.00 errors=0  editor p99=1.43ms  ok
      audit: consistent (90 events, 7180 seats sold)
    churn    1000 seats x1       1325.3 sold/s  p50=  1.581ms p99=  82.436ms  attempts/sale=1.00 errors=0  editor p99=2.25ms  ok
      audit: consistent (90 events, 8180 seats sold)
  wrote /results/p1_precreated_lock_first.json
