  engine: PostgreSQL 17.11 (Debian 17.11-1.pgdg13+2) on x86_64-pc-linux-gnu, compiled by gcc (Debian 14.2.0-19) 14.2.0, 64-bit
  dataset: 10 bands, 90 events, 26100 seats, 6880 sold at load
  loading p2_precreated_skip_locked ...
  loaded in 0.1s (copy 0.1s, index 0.0s)
  verifying answers against ground truth ...
    38/38 checks passed; audit on load: consistent (90 events, 6880 seats sold)
  capturing plans ...
  read benchmark:
    q01_event_availability@10             24975.2 ops/s  p50=  0.152ms p99=   0.490ms  errors=0
    q01_event_availability@100            22903.3 ops/s  p50=  0.160ms p99=   0.504ms  errors=0
    q01_event_availability@1000           16936.1 ops/s  p50=  0.186ms p99=   0.616ms  errors=0
    q01_event_availability@10000           4782.8 ops/s  p50=  0.396ms p99=  69.149ms  errors=0
    q02_band_events                       11333.1 ops/s  p50=  0.169ms p99=   1.469ms  errors=0
    q03_customer_tickets                  43510.2 ops/s  p50=  0.110ms p99=   0.380ms  errors=0
    q04_ticket_by_id                      48505.8 ops/s  p50=  0.104ms p99=   0.319ms  errors=0
    q05_band_tickets_sold                  5204.6 ops/s  p50=  0.282ms p99=  65.903ms  errors=0
  write benchmark (fresh load per op):
    book                                   6096.9 ops/s  p50=  1.294ms p99=   2.080ms  rejected=2 retries=0 errors=0
      audit after book: consistent (90 events, 9860 seats sold)
    cancel                                 4457.4 ops/s  p50=  1.334ms p99=  21.310ms  rejected=0 retries=0 errors=0
      audit after cancel: consistent (90 events, 3511 seats sold)
    publish@10                             1943.8 ops/s  p50=  1.769ms p99=   5.668ms  rejected=0 retries=0 errors=0
    publish@100                            1662.2 ops/s  p50=  2.158ms p99=   5.651ms  rejected=0 retries=0 errors=0
    publish@1000                            341.0 ops/s  p50=  9.966ms p99=  20.296ms  rejected=0 retries=0 errors=0
    publish@10000                            36.3 ops/s  p50= 46.766ms p99=  46.766ms  rejected=0 retries=0 errors=0
    publish@100000                            3.3 ops/s  p50=517.472ms p99= 517.472ms  rejected=0 retries=0 errors=0
      audit after publish: consistent (2319 events, 6880 seats sold)
  race (32 buyers per event, fresh load):
    race       10 seats x20       735.7 sold/s  p50= 10.054ms p99=  42.212ms  attempts/sale=29.49 errors=0  editor p99=27.32ms  ok
      audit: consistent (90 events, 7080 seats sold)
    race      100 seats x4       7138.0 sold/s  p50=  3.216ms p99=   8.527ms  attempts/sale=1.55 errors=0  editor p99=1.81ms  ok
      audit: consistent (90 events, 7480 seats sold)
    race     1000 seats x1       3751.4 sold/s  p50=  3.266ms p99=  63.916ms  attempts/sale=1.05 errors=0  editor p99=59.09ms  ok
      audit: consistent (90 events, 8480 seats sold)
    race    10000 seats x1       3984.0 sold/s  p50=  3.221ms p99=  65.370ms  attempts/sale=1.00 errors=0  editor p99=53.88ms  ok
      audit: consistent (90 events, 18480 seats sold)
  churn (32 buyers per event, fresh load):
    churn      10 seats x10      1634.1 sold/s  p50=  4.290ms p99=   5.671ms  attempts/sale=9.33 errors=0  editor p99=4.98ms  ok
      audit: consistent (90 events, 6980 seats sold)
    churn     100 seats x2       3051.9 sold/s  p50=  3.206ms p99=  36.793ms  attempts/sale=2.93 errors=0  editor p99=2.78ms  ok
      audit: consistent (90 events, 7180 seats sold)
    churn    1000 seats x1       3902.9 sold/s  p50=  2.995ms p99=  62.886ms  attempts/sale=1.05 errors=0  editor p99=42.63ms  ok
      audit: consistent (90 events, 8180 seats sold)
  wrote /results/p2_precreated_skip_locked.json
