  engine: PostgreSQL 17.11 (Debian 17.11-1.pgdg13+2) on x86_64-pc-linux-gnu, compiled by gcc (Debian 14.2.0-19) 14.2.0, 64-bit
  dataset: 10 bands, 90 events, 26100 seats, 6880 sold at load
  loading p3_precreated_cas ...
  loaded in 0.1s (copy 0.1s, index 0.0s)
  verifying answers against ground truth ...
    38/38 checks passed; audit on load: consistent (90 events, 6880 seats sold)
  capturing plans ...
  read benchmark:
    q01_event_availability@10             25217.2 ops/s  p50=  0.148ms p99=   0.472ms  errors=0
    q01_event_availability@100            22662.9 ops/s  p50=  0.160ms p99=   1.053ms  errors=0
    q01_event_availability@1000           15299.1 ops/s  p50=  0.198ms p99=   0.871ms  errors=0
    q01_event_availability@10000           5549.4 ops/s  p50=  0.391ms p99=  66.303ms  errors=0
    q02_band_events                       10858.9 ops/s  p50=  0.174ms p99=   1.640ms  errors=0
    q03_customer_tickets                  44242.2 ops/s  p50=  0.108ms p99=   0.340ms  errors=0
    q04_ticket_by_id                      50678.7 ops/s  p50=  0.100ms p99=   0.303ms  errors=0
    q05_band_tickets_sold                  6077.4 ops/s  p50=  0.257ms p99=  62.906ms  errors=0
  write benchmark (fresh load per op):
    book                                   3483.0 ops/s  p50=  1.097ms p99=  12.623ms  rejected=3 retries=770 errors=0
      audit after book: consistent (90 events, 9564 seats sold)
    cancel                                 6529.8 ops/s  p50=  1.139ms p99=   2.092ms  rejected=0 retries=0 errors=0
      audit after cancel: consistent (90 events, 3190 seats sold)
    publish@10                             2795.4 ops/s  p50=  1.403ms p99=   2.347ms  rejected=0 retries=0 errors=0
    publish@100                            1858.9 ops/s  p50=  1.984ms p99=   4.064ms  rejected=0 retries=0 errors=0
    publish@1000                            379.5 ops/s  p50=  9.537ms p99=  11.013ms  rejected=0 retries=0 errors=0
    publish@10000                            37.0 ops/s  p50= 51.822ms p99=  51.822ms  rejected=0 retries=0 errors=0
    publish@100000                            3.3 ops/s  p50=519.743ms p99= 519.743ms  rejected=0 retries=0 errors=0
      audit after publish: consistent (2319 events, 6880 seats sold)
  race (32 buyers per event, fresh load):
    race       10 seats x20      2884.5 sold/s  p50=  2.198ms p99=   4.478ms  attempts/sale=3.67 errors=0  editor p99=3.45ms  ok
      audit: consistent (90 events, 7080 seats sold)
    race      100 seats x4       7616.7 sold/s  p50=  1.998ms p99=   8.006ms  attempts/sale=1.82 errors=0  editor p99=2.27ms  ok
      audit: consistent (90 events, 7480 seats sold)
    race     1000 seats x1       9707.7 sold/s  p50=  1.793ms p99=  31.100ms  attempts/sale=1.22 errors=0  editor p99=8.61ms  ok
      audit: consistent (90 events, 8480 seats sold)
    race    10000 seats x1       7803.8 sold/s  p50=  1.799ms p99=  53.954ms  attempts/sale=1.08 errors=0  editor p99=52.73ms  ok
      audit: consistent (90 events, 18480 seats sold)
  churn (32 buyers per event, fresh load):
    churn      10 seats x10      1407.6 sold/s  p50=  2.125ms p99=   4.487ms  attempts/sale=3.76 errors=0  editor p99=2.80ms  ok
      audit: consistent (90 events, 6980 seats sold)
    churn     100 seats x2       6240.0 sold/s  p50=  1.913ms p99=   8.281ms  attempts/sale=1.71 errors=0  editor p99=1.89ms  ok
      audit: consistent (90 events, 7180 seats sold)
    churn    1000 seats x1       5593.9 sold/s  p50=  1.990ms p99=  41.086ms  attempts/sale=1.26 errors=0  editor p99=23.78ms  ok
      audit: consistent (90 events, 8180 seats sold)
  wrote /results/p3_precreated_cas.json
