  engine: PostgreSQL 17.11 (Debian 17.11-1.pgdg13+2) on x86_64-pc-linux-gnu, compiled by gcc (Debian 14.2.0-19) 14.2.0, 64-bit
  dataset: 10 bands, 90 events, 26100 seats, 6880 sold at load
  loading p4_precreated_counter ...
  loaded in 0.1s (copy 0.0s, index 0.0s)
  verifying answers against ground truth ...
    38/38 checks passed; audit on load: consistent (90 events, 6880 seats sold)
  capturing plans ...
  read benchmark:
    q01_event_availability@10             52798.7 ops/s  p50=  0.098ms p99=   0.303ms  errors=0
    q01_event_availability@100            52723.3 ops/s  p50=  0.098ms p99=   0.301ms  errors=0
    q01_event_availability@1000           52852.8 ops/s  p50=  0.099ms p99=   0.288ms  errors=0
    q01_event_availability@10000          52314.2 ops/s  p50=  0.100ms p99=   0.306ms  errors=0
    q02_band_events                       40408.4 ops/s  p50=  0.116ms p99=   0.361ms  errors=0
    q03_customer_tickets                  44167.6 ops/s  p50=  0.109ms p99=   0.334ms  errors=0
    q04_ticket_by_id                      48692.6 ops/s  p50=  0.102ms p99=   0.316ms  errors=0
    q05_band_tickets_sold                 42951.1 ops/s  p50=  0.110ms p99=   0.336ms  errors=0
  write benchmark (fresh load per op):
    book                                   1895.6 ops/s  p50=  2.924ms p99=  18.646ms  rejected=0 retries=0 errors=0
      audit after book: consistent (90 events, 8951 seats sold)
    cancel                                 1633.9 ops/s  p50=  3.488ms p99=  24.978ms  rejected=0 retries=0 errors=0
      audit after cancel: consistent (90 events, 4714 seats sold)
    publish@10                             2625.0 ops/s  p50=  1.546ms p99=   2.369ms  rejected=0 retries=0 errors=0
    publish@100                            1595.2 ops/s  p50=  2.139ms p99=  14.710ms  rejected=0 retries=0 errors=0
    publish@1000                            408.8 ops/s  p50=  9.226ms p99=  11.055ms  rejected=0 retries=0 errors=0
    publish@10000                            28.8 ops/s  p50= 68.848ms p99=  68.848ms  rejected=0 retries=0 errors=0
    publish@100000                            3.2 ops/s  p50=565.294ms p99= 565.294ms  rejected=0 retries=0 errors=0
      audit after publish: consistent (2319 events, 6880 seats sold)
  race (32 buyers per event, fresh load):
    race       10 seats x20       177.2 sold/s  p50= 13.810ms p99= 258.627ms  attempts/sale=74.41 errors=0  editor p99=135.58ms  ok
      audit: consistent (90 events, 7080 seats sold)
    race      100 seats x4        861.5 sold/s  p50= 18.997ms p99= 103.881ms  attempts/sale=7.51 errors=0  editor p99=53.53ms  ok
      audit: consistent (90 events, 7480 seats sold)
    race     1000 seats x1       1179.5 sold/s  p50= 16.095ms p99= 123.525ms  attempts/sale=1.59 errors=0  editor p99=76.11ms  ok
      audit: consistent (90 events, 8480 seats sold)
    race    10000 seats x1       1191.8 sold/s  p50= 16.528ms p99= 138.453ms  attempts/sale=1.06 errors=0  editor p99=119.40ms  ok
      audit: consistent (90 events, 18480 seats sold)
  churn (32 buyers per event, fresh load):
    churn      10 seats x10       353.0 sold/s  p50=  9.369ms p99=  46.304ms  attempts/sale=35.56 errors=0  editor p99=23.28ms  ok
      audit: consistent (90 events, 6980 seats sold)
    churn     100 seats x2        627.8 sold/s  p50= 18.780ms p99= 147.185ms  attempts/sale=7.15 errors=0  editor p99=47.38ms  ok
      audit: consistent (90 events, 7180 seats sold)
    churn    1000 seats x1       1018.2 sold/s  p50= 16.204ms p99= 139.115ms  attempts/sale=1.80 errors=0  editor p99=100.89ms  ok
      audit: consistent (90 events, 8180 seats sold)
  wrote /results/p4_precreated_counter.json
