  engine: PostgreSQL 17.11 (Debian 17.11-1.pgdg13+2) on x86_64-pc-linux-gnu, compiled by gcc (Debian 14.2.0-19) 14.2.0, 64-bit
  dataset: 10 bands, 90 events, 26100 seats, 6880 sold at load
  loading r1_inventory_row ...
  loaded in 0.1s (copy 0.0s, index 0.0s)
  verifying answers against ground truth ...
    38/38 checks passed; audit on load: consistent (90 events, 6880 seats sold)
  capturing plans ...
  read benchmark:
    q01_event_availability@10             39821.0 ops/s  p50=  0.123ms p99=   0.492ms  errors=0
    q01_event_availability@100            37934.6 ops/s  p50=  0.130ms p99=   0.501ms  errors=0
    q01_event_availability@1000           40822.1 ops/s  p50=  0.123ms p99=   0.405ms  errors=0
    q01_event_availability@10000          39656.4 ops/s  p50=  0.126ms p99=   0.469ms  errors=0
    q02_band_events                       27678.2 ops/s  p50=  0.149ms p99=   0.456ms  errors=0
    q03_customer_tickets                  37503.2 ops/s  p50=  0.124ms p99=   0.380ms  errors=0
    q04_ticket_by_id                      44816.5 ops/s  p50=  0.115ms p99=   0.355ms  errors=0
    q05_band_tickets_sold                 29052.0 ops/s  p50=  0.145ms p99=   0.456ms  errors=0
  write benchmark (fresh load per op):
    book                                   1628.3 ops/s  p50=  3.469ms p99=  22.507ms  rejected=4 retries=0 errors=0
      audit after book: consistent (90 events, 8943 seats sold)
    cancel                                 1715.7 ops/s  p50=  3.775ms p99=  16.202ms  rejected=0 retries=0 errors=0
      audit after cancel: consistent (90 events, 4656 seats sold)
    publish@10                             2972.6 ops/s  p50=  1.254ms p99=   2.140ms  rejected=0 retries=0 errors=0
    publish@100                            2965.4 ops/s  p50=  1.259ms p99=   1.976ms  rejected=0 retries=0 errors=0
    publish@1000                           2672.0 ops/s  p50=  1.201ms p99=   1.793ms  rejected=0 retries=0 errors=0
    publish@10000                          1405.8 ops/s  p50=  0.949ms p99=   0.949ms  rejected=0 retries=0 errors=0
    publish@100000                         1024.7 ops/s  p50=  1.348ms p99=   1.348ms  rejected=0 retries=0 errors=0
      audit after publish: consistent (2319 events, 6880 seats sold)
  race (32 buyers per event, fresh load):
    race       10 seats x20       573.4 sold/s  p50=  6.265ms p99=  93.972ms  attempts/sale=1.00 errors=0  editor p99=23.19ms  ok
      audit: consistent (90 events, 7080 seats sold)
    race      100 seats x4       1022.8 sold/s  p50= 17.336ms p99=  74.100ms  attempts/sale=1.00 errors=0  editor p99=1.85ms  ok
      audit: consistent (90 events, 7480 seats sold)
    race     1000 seats x1       1022.2 sold/s  p50= 21.389ms p99= 134.655ms  attempts/sale=1.00 errors=0  editor p99=7.84ms  ok
      audit: consistent (90 events, 8480 seats sold)
    race    10000 seats x1        998.7 sold/s  p50= 22.762ms p99= 143.966ms  attempts/sale=1.00 errors=0  editor p99=1.73ms  ok
      audit: consistent (90 events, 18480 seats sold)
  churn (32 buyers per event, fresh load):
    churn      10 seats x10       781.1 sold/s  p50=  6.615ms p99=  15.866ms  attempts/sale=1.00 errors=0  editor p99=2.72ms  ok
      audit: consistent (90 events, 6980 seats sold)
    churn     100 seats x2        962.4 sold/s  p50= 16.669ms p99=  72.524ms  attempts/sale=1.00 errors=0  editor p99=1.64ms  ok
      audit: consistent (90 events, 7180 seats sold)
    churn    1000 seats x1        994.2 sold/s  p50= 21.674ms p99= 119.443ms  attempts/sale=1.00 errors=0  editor p99=5.32ms  ok
      audit: consistent (90 events, 8180 seats sold)
  wrote /results/r1_inventory_row.json
