  engine: PostgreSQL 17.11 (Debian 17.11-1.pgdg13+2) on x86_64-pc-linux-gnu, compiled by gcc (Debian 14.2.0-19) 14.2.0, 64-bit
  dataset: 10 bands, 90 events, 26100 seats, 6880 sold at load
  loading r2_inventory_buckets ...
  loaded in 0.0s (copy 0.0s, index 0.0s)
  verifying answers against ground truth ...
    38/38 checks passed; audit on load: consistent (90 events, 6880 seats sold)
  capturing plans ...
  read benchmark:
    q01_event_availability@10             43401.6 ops/s  p50=  0.113ms p99=   0.336ms  errors=0
    q01_event_availability@100            42045.7 ops/s  p50=  0.118ms p99=   0.348ms  errors=0
    q01_event_availability@1000           42127.7 ops/s  p50=  0.119ms p99=   0.346ms  errors=0
    q01_event_availability@10000          41808.6 ops/s  p50=  0.118ms p99=   0.344ms  errors=0
    q02_band_events                       23144.3 ops/s  p50=  0.160ms p99=   0.501ms  errors=0
    q03_customer_tickets                  37654.7 ops/s  p50=  0.123ms p99=   0.377ms  errors=0
    q04_ticket_by_id                      44901.7 ops/s  p50=  0.114ms p99=   0.357ms  errors=0
    q05_band_tickets_sold                 20377.8 ops/s  p50=  0.171ms p99=   0.520ms  errors=0
  write benchmark (fresh load per op):
    book                                   2385.8 ops/s  p50=  2.157ms p99=  24.796ms  rejected=1 retries=1503 errors=0
      audit after book: consistent (90 events, 9239 seats sold)
    cancel                                 2631.7 ops/s  p50=  2.272ms p99=  20.952ms  rejected=0 retries=1086 errors=0
      audit after cancel: consistent (90 events, 4319 seats sold)
    publish@10                             2488.6 ops/s  p50=  1.602ms p99=   2.458ms  rejected=0 retries=0 errors=0
    publish@100                            2483.1 ops/s  p50=  1.605ms p99=   2.217ms  rejected=0 retries=0 errors=0
    publish@1000                           2453.9 ops/s  p50=  1.330ms p99=   1.973ms  rejected=0 retries=0 errors=0
    publish@10000                          1231.5 ops/s  p50=  1.127ms p99=   1.127ms  rejected=0 retries=0 errors=0
    publish@100000                         1259.8 ops/s  p50=  1.107ms p99=   1.107ms  rejected=0 retries=0 errors=0
      audit after publish: consistent (2319 events, 6880 seats sold)
  race (32 buyers per event, fresh load):
    race       10 seats x20       430.1 sold/s  p50=  6.426ms p99=  70.328ms  attempts/sale=33.01 errors=0  editor p99=38.97ms  ok
      audit: consistent (90 events, 7080 seats sold)
    race      100 seats x4       1157.2 sold/s  p50= 10.085ms p99=  76.683ms  attempts/sale=9.66 errors=0  editor p99=47.69ms  ok
      audit: consistent (90 events, 7480 seats sold)
    race     1000 seats x1       1040.9 sold/s  p50=  9.847ms p99= 101.108ms  attempts/sale=8.49 errors=0  editor p99=62.63ms  ok
      audit: consistent (90 events, 8480 seats sold)
    race    10000 seats x1       1063.1 sold/s  p50= 10.386ms p99= 109.202ms  attempts/sale=8.30 errors=0  editor p99=60.58ms  ok
      audit: consistent (90 events, 18480 seats sold)
  churn (32 buyers per event, fresh load):
    churn      10 seats x10      1063.3 sold/s  p50=  4.220ms p99=  15.864ms  attempts/sale=18.87 errors=0  editor p99=4.48ms  ok
      audit: consistent (90 events, 6980 seats sold)
    churn     100 seats x2        965.7 sold/s  p50= 10.356ms p99=  80.098ms  attempts/sale=10.53 errors=0  editor p99=34.67ms  ok
      audit: consistent (90 events, 7180 seats sold)
    churn    1000 seats x1       1025.0 sold/s  p50=  9.674ms p99=  99.929ms  attempts/sale=8.81 errors=0  editor p99=49.97ms  ok
      audit: consistent (90 events, 8180 seats sold)
  wrote /results/r2_inventory_buckets.json
