  engine: PostgreSQL 17.11 (Debian 17.11-1.pgdg13+2) on x86_64-pc-linux-gnu, compiled by gcc (Debian 14.2.0-19) 14.2.0, 64-bit
  dataset: 10 bands, 90 events, 26100 seats, 6880 sold at load
  loading r3_seat_pool ...
  loaded in 0.1s (copy 0.0s, index 0.0s)
  verifying answers against ground truth ...
    38/38 checks passed; audit on load: consistent (90 events, 6880 seats sold)
  capturing plans ...
  read benchmark:
    q01_event_availability@10             29777.4 ops/s  p50=  0.137ms p99=   0.448ms  errors=0
    q01_event_availability@100            26162.0 ops/s  p50=  0.152ms p99=   0.476ms  errors=0
    q01_event_availability@1000           10843.7 ops/s  p50=  0.250ms p99=   1.113ms  errors=0
    q01_event_availability@10000           2216.4 ops/s  p50=  0.772ms p99=  74.740ms  errors=0
    q02_band_events                        6104.8 ops/s  p50=  0.212ms p99=  66.479ms  errors=0
    q03_customer_tickets                  41150.4 ops/s  p50=  0.111ms p99=   0.361ms  errors=0
    q04_ticket_by_id                      50644.2 ops/s  p50=  0.101ms p99=   0.315ms  errors=0
    q05_band_tickets_sold                 15673.3 ops/s  p50=  0.151ms p99=   1.032ms  errors=0
  write benchmark (fresh load per op):
    book                                   4547.0 ops/s  p50=  1.736ms p99=   3.357ms  rejected=3 retries=0 errors=0
      audit after book: consistent (90 events, 9733 seats sold)
    cancel                                 5291.6 ops/s  p50=  1.431ms p99=   2.453ms  rejected=0 retries=0 errors=0
      audit after cancel: consistent (90 events, 3529 seats sold)
    publish@10                             2492.5 ops/s  p50=  1.585ms p99=   2.403ms  rejected=0 retries=0 errors=0
    publish@100                            1682.8 ops/s  p50=  2.290ms p99=   3.552ms  rejected=0 retries=0 errors=0
    publish@1000                            440.2 ops/s  p50=  7.369ms p99=  12.063ms  rejected=0 retries=0 errors=0
    publish@10000                            40.6 ops/s  p50= 48.729ms p99=  48.729ms  rejected=0 retries=0 errors=0
    publish@100000                            4.8 ops/s  p50=385.249ms p99= 385.249ms  rejected=0 retries=0 errors=0
      audit after publish: consistent (2319 events, 6880 seats sold)
  race (32 buyers per event, fresh load):
    race       10 seats x20      1043.2 sold/s  p50=  4.688ms p99=  44.636ms  attempts/sale=15.70 errors=0  editor p99=20.01ms  ok
      audit: consistent (90 events, 7080 seats sold)
    race      100 seats x4       5443.4 sold/s  p50=  3.514ms p99=  19.114ms  attempts/sale=1.48 errors=0  editor p99=2.93ms  ok
      audit: consistent (90 events, 7480 seats sold)
    race     1000 seats x1       4267.3 sold/s  p50=  3.370ms p99=  61.582ms  attempts/sale=1.03 errors=0  editor p99=41.52ms  ok
      audit: consistent (90 events, 8480 seats sold)
    race    10000 seats x1       3997.7 sold/s  p50=  3.305ms p99=  64.166ms  attempts/sale=1.00 errors=0  editor p99=53.36ms  ok
      audit: consistent (90 events, 18480 seats sold)
  churn (32 buyers per event, fresh load):
    churn      10 seats x10      1284.3 sold/s  p50=  4.460ms p99=  14.003ms  attempts/sale=10.28 errors=0  editor p99=4.72ms  ok
      audit: consistent (90 events, 6980 seats sold)
    churn     100 seats x2       6008.0 sold/s  p50=  3.216ms p99=   6.034ms  attempts/sale=1.95 errors=0  editor p99=1.82ms  ok
      audit: consistent (90 events, 7180 seats sold)
    churn    1000 seats x1       3820.0 sold/s  p50=  3.481ms p99=  63.576ms  attempts/sale=1.13 errors=0  editor p99=45.33ms  ok
      audit: consistent (90 events, 8180 seats sold)
  wrote /results/r3_seat_pool.json
