  engine: PostgreSQL 15.12-YB-2025.2.6.0-b0 on x86_64-pc-linux-gnu, compiled by clang version 19.1.0 (https://github.com/yugabyte/llvm-project.git a2a6b655e14e7fa1fcf1011a6cb29cb8575249c0), 64-bit
  effective isolation for READ COMMITTED requests: read committed
  database clock minus client clock: 0.015 ms
  dataset: 5 venues, 658 events, 56103 tickets and 2217 holds at load
  loading s1_conditional_update ...
  loaded in 31.5s (copy 4.3s, index 19.3s)
  verifying answers against ground truth ...
    58/58 checks passed (margin 571s); audit on load: consistent (658 events, 56103 tickets; rejections late=0 boundary=0)
  capturing plans ...
  read benchmark:
    q01_section_map@10                     3165.2 ops/s  p50=  1.582ms p99=  36.262ms  errors=0
    q02_event_sections@10                  4926.2 ops/s  p50=  1.118ms p99=  25.919ms  errors=0
    q03_event_available@10                 5458.8 ops/s  p50=  0.979ms p99=  29.073ms  errors=0
    q01_section_map@100                    2155.3 ops/s  p50=  2.276ms p99=  40.757ms  errors=0
    q02_event_sections@100                 4357.0 ops/s  p50=  1.222ms p99=  30.734ms  errors=0
    q03_event_available@100                4685.8 ops/s  p50=  1.055ms p99=  34.345ms  errors=0
    q01_section_map@1000                   1619.6 ops/s  p50=  2.897ms p99=  46.681ms  errors=0
    q02_event_sections@1000                2470.2 ops/s  p50=  1.873ms p99=  42.690ms  errors=0
    q03_event_available@1000               2623.4 ops/s  p50=  1.438ms p99=  52.585ms  errors=0
    q01_section_map@10000                  1149.0 ops/s  p50=  3.573ms p99=  53.346ms  errors=0
    q02_event_sections@10000                280.6 ops/s  p50= 16.812ms p99=  70.357ms  errors=0
    q03_event_available@10000               514.1 ops/s  p50=  4.849ms p99=  76.763ms  errors=0
    q01_section_map@100000                  863.9 ops/s  p50=  5.132ms p99=  52.399ms  errors=0
    q02_event_sections@100000                31.4 ops/s  p50=275.057ms p99= 312.501ms  errors=0
    q03_event_available@100000               58.0 ops/s  p50=111.489ms p99= 193.334ms  errors=0
    q04_hold_seats                         1038.8 ops/s  p50=  4.412ms p99=  50.244ms  errors=0
    q05_customer_tickets                   2654.4 ops/s  p50=  1.777ms p99=  36.149ms  errors=0
    q06_ticket_by_id                       5370.9 ops/s  p50=  1.005ms p99=  27.573ms  errors=0
  write benchmark (fresh load per op):
    hold                                     17.6 ops/s  p50=438.574ms p99=1503.050ms  rejected=0 retries=0 errors=0
      audit after hold: consistent (658 events, 80478 tickets; rejections late=0 boundary=0)
    release                                 527.1 ops/s  p50= 11.950ms p99=  41.929ms  rejected=0 retries=0 errors=0
      audit after release: consistent (658 events, 56103 tickets; rejections late=0 boundary=0)
    cancel                                  262.6 ops/s  p50= 27.147ms p99=  58.309ms  rejected=0 retries=0 errors=0
      audit after cancel: consistent (658 events, 40760 tickets; rejections late=0 boundary=0)
    publish@10                              188.0 ops/s  p50= 17.412ms p99=  52.600ms  rejected=0 retries=0 errors=0
    publish@100                             138.2 ops/s  p50= 27.444ms p99=  46.819ms  rejected=0 retries=0 errors=0
    publish@1000                             44.4 ops/s  p50= 76.943ms p99= 163.090ms  rejected=0 retries=0 errors=0
    publish@10000                             5.8 ops/s  p50=316.427ms p99= 316.427ms  rejected=0 retries=0 errors=0
    publish@100000                            0.6 ops/s  p50=3464.983ms p99=3464.983ms  rejected=0 retries=0 errors=0
      audit after publish: consistent (2887 events, 56103 tickets; rejections late=0 boundary=0)
  race trial 1/1 (32 buyers per event, fresh load):
      race event 501: gate 2026-09-15T00:11:29.896051642Z, deadline 2026-09-15T00:12:29.896051642Z
      race event 502: gate 2026-09-15T00:11:30.680433303Z, deadline 2026-09-15T00:12:30.680433303Z
      race event 503: gate 2026-09-15T00:11:31.015639772Z, deadline 2026-09-15T00:12:31.015639772Z
      race event 504: gate 2026-09-15T00:11:31.333109993Z, deadline 2026-09-15T00:12:31.333109993Z
      race event 505: gate 2026-09-15T00:11:32.073364575Z, deadline 2026-09-15T00:12:32.073364575Z
      race event 506: gate 2026-09-15T00:11:32.293784753Z, deadline 2026-09-15T00:12:32.293784753Z
      race event 507: gate 2026-09-15T00:11:32.475115558Z, deadline 2026-09-15T00:12:32.475115558Z
      race event 508: gate 2026-09-15T00:11:32.752958223Z, deadline 2026-09-15T00:12:32.752958223Z
      race event 509: gate 2026-09-15T00:11:33.038724619Z, deadline 2026-09-15T00:12:33.038724619Z
      race event 510: gate 2026-09-15T00:11:33.190331329Z, deadline 2026-09-15T00:12:33.190331329Z
      race event 511: gate 2026-09-15T00:11:33.451896648Z, deadline 2026-09-15T00:12:33.451896648Z
      race event 512: gate 2026-09-15T00:11:33.779857562Z, deadline 2026-09-15T00:12:33.779857562Z
      race event 513: gate 2026-09-15T00:11:34.089316833Z, deadline 2026-09-15T00:12:34.089316833Z
      race event 514: gate 2026-09-15T00:11:34.363466766Z, deadline 2026-09-15T00:12:34.363466766Z
      race event 515: gate 2026-09-15T00:11:34.68835764Z, deadline 2026-09-15T00:12:34.68835764Z
      race event 516: gate 2026-09-15T00:11:34.99436533Z, deadline 2026-09-15T00:12:34.99436533Z
      race event 517: gate 2026-09-15T00:11:35.182390049Z, deadline 2026-09-15T00:12:35.182390049Z
      race event 518: gate 2026-09-15T00:11:35.587338281Z, deadline 2026-09-15T00:12:35.587338281Z
      race event 519: gate 2026-09-15T00:11:35.891130757Z, deadline 2026-09-15T00:12:35.891130757Z
      race event 520: gate 2026-09-15T00:11:36.303396582Z, deadline 2026-09-15T00:12:36.303396582Z
      race event 521: gate 2026-09-15T00:11:36.813767256Z, deadline 2026-09-15T00:12:36.813767256Z
      race event 522: gate 2026-09-15T00:11:37.233914076Z, deadline 2026-09-15T00:12:37.233914076Z
      race event 523: gate 2026-09-15T00:11:37.677681401Z, deadline 2026-09-15T00:12:37.677681401Z
      race event 524: gate 2026-09-15T00:11:38.102483668Z, deadline 2026-09-15T00:12:38.102483668Z
      race event 525: gate 2026-09-15T00:11:38.593023431Z, deadline 2026-09-15T00:12:38.593023431Z
      race event 526: gate 2026-09-15T00:11:39.010502217Z, deadline 2026-09-15T00:12:39.010502217Z
      race event 527: gate 2026-09-15T00:11:39.489902871Z, deadline 2026-09-15T00:12:39.489902871Z
      race event 528: gate 2026-09-15T00:11:39.732237458Z, deadline 2026-09-15T00:12:39.732237458Z
      race event 529: gate 2026-09-15T00:11:40.086958881Z, deadline 2026-09-15T00:12:40.086958881Z
      race event 530: gate 2026-09-15T00:11:40.512983624Z, deadline 2026-09-15T00:12:40.512983624Z
      race event 531: gate 2026-09-15T00:11:40.691062321Z, deadline 2026-09-15T00:12:40.691062321Z
      race event 532: gate 2026-09-15T00:11:40.928546044Z, deadline 2026-09-15T00:12:40.928546044Z
      race event 533: gate 2026-09-15T00:11:41.241882809Z, deadline 2026-09-15T00:12:41.241882809Z
      race event 534: gate 2026-09-15T00:11:41.459639549Z, deadline 2026-09-15T00:12:41.459639549Z
      race event 535: gate 2026-09-15T00:11:41.911580214Z, deadline 2026-09-15T00:12:41.911580214Z
      race event 536: gate 2026-09-15T00:11:42.363865132Z, deadline 2026-09-15T00:12:42.363865132Z
      race event 537: gate 2026-09-15T00:11:42.545107062Z, deadline 2026-09-15T00:12:42.545107062Z
      race event 538: gate 2026-09-15T00:11:42.810988889Z, deadline 2026-09-15T00:12:42.810988889Z
      race event 539: gate 2026-09-15T00:11:43.005170586Z, deadline 2026-09-15T00:12:43.005170586Z
      race event 540: gate 2026-09-15T00:11:43.383871684Z, deadline 2026-09-15T00:12:43.383871684Z
      race event 541: gate 2026-09-15T00:11:43.634618157Z, deadline 2026-09-15T00:12:43.634618157Z
      race event 542: gate 2026-09-15T00:11:44.020610267Z, deadline 2026-09-15T00:12:44.020610267Z
      race event 543: gate 2026-09-15T00:11:44.400952436Z, deadline 2026-09-15T00:12:44.400952436Z
      race event 544: gate 2026-09-15T00:11:48.465726612Z, deadline 2026-09-15T00:12:48.465726612Z
      race event 545: gate 2026-09-15T00:11:48.70392054Z, deadline 2026-09-15T00:12:48.70392054Z
      race event 546: gate 2026-09-15T00:11:48.988322425Z, deadline 2026-09-15T00:12:48.988322425Z
      race event 547: gate 2026-09-15T00:11:49.299692335Z, deadline 2026-09-15T00:12:49.299692335Z
      race event 548: gate 2026-09-15T00:11:49.611634267Z, deadline 2026-09-15T00:12:49.611634267Z
      race event 549: gate 2026-09-15T00:11:49.899264457Z, deadline 2026-09-15T00:12:49.899264457Z
      race event 550: gate 2026-09-15T00:11:50.084315876Z, deadline 2026-09-15T00:12:50.084315876Z
      race event 551: gate 2026-09-15T00:11:50.270654285Z, deadline 2026-09-15T00:12:50.270654285Z
      race event 552: gate 2026-09-15T00:11:50.600181737Z, deadline 2026-09-15T00:12:50.600181737Z
      race event 553: gate 2026-09-15T00:11:50.79878064Z, deadline 2026-09-15T00:12:50.79878064Z
      race event 554: gate 2026-09-15T00:11:50.948273725Z, deadline 2026-09-15T00:12:50.948273725Z
      race event 555: gate 2026-09-15T00:11:51.243803219Z, deadline 2026-09-15T00:12:51.243803219Z
      race event 556: gate 2026-09-15T00:11:51.485751849Z, deadline 2026-09-15T00:12:51.485751849Z
      race event 557: gate 2026-09-15T00:11:51.704728633Z, deadline 2026-09-15T00:12:51.704728633Z
      race event 558: gate 2026-09-15T00:11:52.12905576Z, deadline 2026-09-15T00:12:52.12905576Z
      race event 559: gate 2026-09-15T00:11:52.510624552Z, deadline 2026-09-15T00:12:52.510624552Z
      race event 560: gate 2026-09-15T00:11:52.802856459Z, deadline 2026-09-15T00:12:52.802856459Z
      race event 561: gate 2026-09-15T00:11:53.111025051Z, deadline 2026-09-15T00:12:53.111025051Z
      race event 562: gate 2026-09-15T00:11:53.538853642Z, deadline 2026-09-15T00:12:53.538853642Z
      race event 563: gate 2026-09-15T00:11:53.82318442Z, deadline 2026-09-15T00:12:53.82318442Z
      race event 564: gate 2026-09-15T00:11:54.081802888Z, deadline 2026-09-15T00:12:54.081802888Z
      race event 565: gate 2026-09-15T00:11:54.348930058Z, deadline 2026-09-15T00:12:54.348930058Z
      race event 566: gate 2026-09-15T00:11:54.594458368Z, deadline 2026-09-15T00:12:54.594458368Z
      race event 567: gate 2026-09-15T00:11:54.966886775Z, deadline 2026-09-15T00:12:54.966886775Z
      race event 568: gate 2026-09-15T00:11:55.194551242Z, deadline 2026-09-15T00:12:55.194551242Z
      race event 569: gate 2026-09-15T00:11:55.571021919Z, deadline 2026-09-15T00:12:55.571021919Z
      race event 570: gate 2026-09-15T00:11:55.908895527Z, deadline 2026-09-15T00:12:55.908895527Z
      race event 571: gate 2026-09-15T00:11:56.302598564Z, deadline 2026-09-15T00:12:56.302598564Z
      race event 572: gate 2026-09-15T00:11:56.653282989Z, deadline 2026-09-15T00:12:56.653282989Z
      race event 573: gate 2026-09-15T00:11:56.829405722Z, deadline 2026-09-15T00:12:56.829405722Z
      race event 574: gate 2026-09-15T00:11:57.162446143Z, deadline 2026-09-15T00:12:57.162446143Z
      race event 575: gate 2026-09-15T00:11:57.490801246Z, deadline 2026-09-15T00:12:57.490801246Z
      race event 576: gate 2026-09-15T00:11:57.770323615Z, deadline 2026-09-15T00:12:57.770323615Z
      race event 577: gate 2026-09-15T00:11:58.362579376Z, deadline 2026-09-15T00:12:58.362579376Z
      race event 578: gate 2026-09-15T00:11:58.772672246Z, deadline 2026-09-15T00:12:58.772672246Z
      race event 579: gate 2026-09-15T00:11:59.133194735Z, deadline 2026-09-15T00:12:59.133194735Z
      race event 580: gate 2026-09-15T00:11:59.297211208Z, deadline 2026-09-15T00:12:59.297211208Z
      race event 581: gate 2026-09-15T00:11:59.638853481Z, deadline 2026-09-15T00:12:59.638853481Z
      race event 582: gate 2026-09-15T00:11:59.954222719Z, deadline 2026-09-15T00:12:59.954222719Z
      race event 583: gate 2026-09-15T00:12:00.191693447Z, deadline 2026-09-15T00:13:00.191693447Z
      race event 584: gate 2026-09-15T00:12:00.381443464Z, deadline 2026-09-15T00:13:00.381443464Z
      race event 585: gate 2026-09-15T00:12:00.771399122Z, deadline 2026-09-15T00:13:00.771399122Z
      race event 586: gate 2026-09-15T00:12:01.180390994Z, deadline 2026-09-15T00:13:01.180390994Z
      race event 587: gate 2026-09-15T00:12:01.446740487Z, deadline 2026-09-15T00:13:01.446740487Z
      race event 588: gate 2026-09-15T00:12:01.697856114Z, deadline 2026-09-15T00:13:01.697856114Z
      race event 589: gate 2026-09-15T00:12:01.984321323Z, deadline 2026-09-15T00:13:01.984321323Z
      race event 590: gate 2026-09-15T00:12:02.139792864Z, deadline 2026-09-15T00:13:02.139792864Z
      race event 591: gate 2026-09-15T00:12:02.339200941Z, deadline 2026-09-15T00:13:02.339200941Z
      race event 592: gate 2026-09-15T00:12:02.572337412Z, deadline 2026-09-15T00:13:02.572337412Z
      race event 593: gate 2026-09-15T00:12:02.770950613Z, deadline 2026-09-15T00:13:02.770950613Z
      race event 594: gate 2026-09-15T00:12:03.263871839Z, deadline 2026-09-15T00:13:03.263871839Z
      race event 595: gate 2026-09-15T00:12:03.5508097Z, deadline 2026-09-15T00:13:03.5508097Z
      race event 596: gate 2026-09-15T00:12:03.910298638Z, deadline 2026-09-15T00:13:03.910298638Z
      race event 597: gate 2026-09-15T00:12:04.26115987Z, deadline 2026-09-15T00:13:04.26115987Z
      race event 598: gate 2026-09-15T00:12:04.505061282Z, deadline 2026-09-15T00:13:04.505061282Z
      race event 599: gate 2026-09-15T00:12:04.866572274Z, deadline 2026-09-15T00:13:04.866572274Z
      race event 600: gate 2026-09-15T00:12:05.101222161Z, deadline 2026-09-15T00:13:05.101222161Z
    race     10 seats x100       46.2 seats/s  conflicts/hold=7.53 reads/hold=15.41  hold p50=28.82ms p99=252.32ms  deferred 59/59 ok  confirm retries sold/run=0/0  errors=0  VIOLATIONS
      audit: VIOLATIONS — thefts 0, grants on sold seats 0, double sales 0, sales without the hold 0, late sales 0, early rejections 1 (transient 1), duplicate seats 0, inventory drift 0, invalid seats 0, partial holds 0, ticket mismatches 0
      race event 601: gate 2026-09-15T00:12:06.244866392Z, deadline 2026-09-15T00:13:06.244866392Z
      race event 602: gate 2026-09-15T00:12:07.453728406Z, deadline 2026-09-15T00:13:07.453728406Z
      race event 603: gate 2026-09-15T00:12:08.802771737Z, deadline 2026-09-15T00:13:08.802771737Z
      race event 604: gate 2026-09-15T00:12:10.053685345Z, deadline 2026-09-15T00:13:10.053685345Z
      race event 605: gate 2026-09-15T00:12:11.853816108Z, deadline 2026-09-15T00:13:11.853816108Z
      race event 606: gate 2026-09-15T00:12:13.528973653Z, deadline 2026-09-15T00:13:13.528973653Z
      race event 607: gate 2026-09-15T00:12:14.582400206Z, deadline 2026-09-15T00:13:14.582400206Z
      race event 608: gate 2026-09-15T00:12:15.609002464Z, deadline 2026-09-15T00:13:15.609002464Z
      race event 609: gate 2026-09-15T00:12:16.717880585Z, deadline 2026-09-15T00:13:16.717880585Z
      race event 610: gate 2026-09-15T00:12:17.850253078Z, deadline 2026-09-15T00:13:17.850253078Z
      race event 611: gate 2026-09-15T00:12:19.353151631Z, deadline 2026-09-15T00:13:19.353151631Z
      race event 612: gate 2026-09-15T00:12:20.486579013Z, deadline 2026-09-15T00:13:20.486579013Z
      race event 613: gate 2026-09-15T00:12:21.889576031Z, deadline 2026-09-15T00:13:21.889576031Z
      race event 614: gate 2026-09-15T00:12:22.879708714Z, deadline 2026-09-15T00:13:22.879708714Z
      race event 615: gate 2026-09-15T00:12:23.918236418Z, deadline 2026-09-15T00:13:23.918236418Z
      race event 616: gate 2026-09-15T00:12:25.282195494Z, deadline 2026-09-15T00:13:25.282195494Z
      race event 617: gate 2026-09-15T00:12:26.205949396Z, deadline 2026-09-15T00:13:26.205949396Z
      race event 618: gate 2026-09-15T00:12:27.280196249Z, deadline 2026-09-15T00:13:27.280196249Z
      race event 619: gate 2026-09-15T00:12:28.301222182Z, deadline 2026-09-15T00:13:28.301222182Z
      race event 620: gate 2026-09-15T00:12:29.570438833Z, deadline 2026-09-15T00:13:29.570438833Z
    race    100 seats x20        89.8 seats/s  conflicts/hold=2.87 reads/hold=5.32  hold p50=36.85ms p99=272.69ms  deferred 99/99 ok  confirm retries sold/run=0/0  errors=0  VIOLATIONS
      audit: VIOLATIONS — thefts 0, grants on sold seats 0, double sales 0, sales without the hold 0, late sales 0, early rejections 3 (transient 3), duplicate seats 0, inventory drift 0, invalid seats 0, partial holds 0, ticket mismatches 0
      race event 621: gate 2026-09-15T00:12:31.281579844Z, deadline 2026-09-15T00:13:31.281579844Z
      race event 622: gate 2026-09-15T00:12:44.496974548Z, deadline 2026-09-15T00:13:44.496974548Z
      race event 623: gate 2026-09-15T00:12:52.23025765Z, deadline 2026-09-15T00:13:52.23025765Z
      race event 624: gate 2026-09-15T00:13:00.33757208Z, deadline 2026-09-15T00:14:00.33757208Z
      race event 625: gate 2026-09-15T00:13:08.258259028Z, deadline 2026-09-15T00:14:08.258259028Z
    race   1000 seats x5        132.1 seats/s  conflicts/hold=1.04 reads/hold=3.17  hold p50=44.10ms p99=176.39ms  deferred 206/206 ok  confirm retries sold/run=0/0  errors=0  VIOLATIONS
      audit: VIOLATIONS — thefts 0, grants on sold seats 0, double sales 0, sales without the hold 0, late sales 0, early rejections 11 (transient 11), duplicate seats 0, inventory drift 0, invalid seats 0, partial holds 0, ticket mismatches 0
      race event 626: gate 2026-09-15T00:13:20.031685885Z, deadline 2026-09-15T00:14:20.031685885Z
      race event 627: gate 2026-09-15T00:14:24.648960832Z, deadline 2026-09-15T00:15:24.648960832Z
    race  10000 seats x2        122.2 seats/s  conflicts/hold=0.17 reads/hold=1.48  hold p50=75.81ms p99=175.55ms  deferred 613/613 ok  confirm retries sold/run=0/0  errors=0  VIOLATIONS, 2 timed out (73% sold)
      audit: VIOLATIONS — thefts 0, grants on sold seats 0, double sales 0, sales without the hold 0, late sales 0, early rejections 28 (transient 28), duplicate seats 0, inventory drift 0, invalid seats 0, partial holds 0, ticket mismatches 0
      race event 628: gate 2026-09-15T00:15:33.851658066Z, deadline 2026-09-15T00:16:33.851658066Z
    race 100000 seats x1         45.1 seats/s  conflicts/hold=0.03 reads/hold=1.03  hold p50=70.70ms p99=164.12ms  deferred 106/106 ok  confirm retries sold/run=0/0  errors=0  ok, 1 timed out (3% sold)
      audit: consistent (1 events, 2709 tickets; rejections late=0 boundary=0)
  lifecycle trial 1/1 (32 buyers per event, one human minute = 500ms, fresh load):
    lifecycle    10 seats x3       0.3 confirmed seats/s  holds=21 abandoned=2+0 expired@check=1 rejected late/boundary/early(transient)=0/0/0(0)  confirm retries sold/run=0/0  outage unavailable=0/0  leaked=0 errors=0  ok
      audit: consistent (3 events, 30 tickets; rejections late=0 boundary=0)
    lifecycle   100 seats x3       1.6 confirmed seats/s  holds=244 abandoned=32+33 expired@check=13 rejected late/boundary/early(transient)=3/0/0(0)  confirm retries sold/run=0/0  outage unavailable=0/0  leaked=0 errors=0  ok
      audit: consistent (3 events, 300 tickets; rejections late=3 boundary=0)
  wrote /results/s1_conditional_update.json
