  engine: PostgreSQL 15.12-YB-2025.2.6.0-b0 on x86_64-pc-linux-gnu, compiled by clang version 19.1.0 (https://github.com/yugabyte/llvm-project.git a2a6b655e14e7fa1fcf1011a6cb29cb8575249c0), 64-bit
  effective isolation for READ COMMITTED requests: read committed
  dataset: 10 bands, 90 events, 26100 seats, 6880 sold at load
  loading p3_precreated_cas ...
  loaded in 6.1s (copy 0.4s, index 3.4s)
  verifying answers against ground truth ...
    44/44 checks passed; audit on load: consistent (90 events, 6880 seats sold)
  capturing plans ...
  read benchmark:
    q01_event_availability@10              3874.2 ops/s  p50=  0.664ms p99=  62.646ms  errors=0
    q01_event_availability@100             3333.0 ops/s  p50=  0.787ms p99=  62.156ms  errors=0
    q01_event_availability@1000            2328.3 ops/s  p50=  1.070ms p99=  66.277ms  errors=0
    q01_event_availability@10000           1108.0 ops/s  p50=  2.071ms p99=  72.284ms  errors=0
    q02_band_events                         533.6 ops/s  p50=  4.079ms p99=  84.116ms  errors=0
    q03_customer_tickets                   2469.1 ops/s  p50=  1.008ms p99=  67.040ms  errors=0
    q04_ticket_by_id                       4280.0 ops/s  p50=  0.615ms p99=  63.393ms  errors=0
    q05_band_tickets_sold                   192.4 ops/s  p50=  4.666ms p99= 202.011ms  errors=0
  operational reports:
    r01_event_sales_window@trailing              1140.2 ops/s  p50=  1.403ms p99=  98.517ms  errors=0
    r01_event_sales_window@historical            1154.9 ops/s  p50=  1.377ms p99=  98.925ms  errors=0
    r02_event_recent_buyers                      1032.3 ops/s  p50=  1.348ms p99= 102.533ms  errors=0
    r03_customers_last_purchase_window@trailing      136.8 ops/s  p50= 85.314ms p99= 100.138ms  errors=0
    r03_customers_last_purchase_window@historical      128.7 ops/s  p50= 86.696ms p99= 101.582ms  errors=0
    r04_band_sellthrough                          164.2 ops/s  p50=  4.844ms p99= 285.434ms  errors=0
  write benchmark (fresh load per op):
    book                                    283.4 ops/s  p50=  5.853ms p99= 184.187ms  rejected=0 retries=739 errors=0
      audit after book: consistent (90 events, 8914 seats sold)
    cancel                                  476.2 ops/s  p50=  4.829ms p99=  80.898ms  rejected=0 retries=0 errors=0
      audit after cancel: consistent (90 events, 4164 seats sold)
      report check r01_event_sales_window@write:cancel event 51 (booked=0, cancelled=2338): ok
  race trial 1/1 (32 buyers per event, fresh load):
    race       10 seats x20       125.8 sold/s  p50= 15.722ms p99= 271.065ms  attempts/sale=4.69 errors=0  editor p99=108.60ms  ok
      audit: consistent (90 events, 7080 seats sold)
    race      100 seats x4        255.9 sold/s  p50= 79.124ms p99= 211.503ms  attempts/sale=2.04 errors=0  editor p99=204.98ms  ok
      audit: consistent (90 events, 7480 seats sold)
    race     1000 seats x1        354.4 sold/s  p50= 89.323ms p99= 290.831ms  attempts/sale=1.29 errors=0  editor p99=203.83ms  ok
      audit: consistent (90 events, 8480 seats sold)
    race    10000 seats x1        389.5 sold/s  p50= 91.919ms p99= 213.842ms  attempts/sale=1.07 errors=0  editor p99=196.10ms  ok
      audit: consistent (90 events, 18480 seats sold)
  churn trial 1/1 (32 buyers per event, fresh load):
    churn      10 seats x10        97.4 sold/s  p50= 11.683ms p99= 317.730ms  attempts/sale=4.48 errors=0  editor p99=99.33ms  ok
      audit: consistent (90 events, 6980 seats sold)
    churn     100 seats x2        272.4 sold/s  p50= 53.304ms p99= 216.444ms  attempts/sale=2.06 errors=0  editor p99=87.56ms  ok
      audit: consistent (90 events, 7180 seats sold)
    churn    1000 seats x1        317.9 sold/s  p50= 90.729ms p99= 292.821ms  attempts/sale=1.30 errors=0  editor p99=210.24ms  ok
      audit: consistent (90 events, 8180 seats sold)
      report check r01_event_sales_window@churn#1 event 90 (booked=1106, cancelled=106): ok
  wrote /results/p3_precreated_cas-full.json
