The files belonging to this database system will be owned by user "postgres".
This user must also own the server process.

The database cluster will be initialized with locale "en_US.utf8".
The default database encoding has accordingly been set to "UTF8".
The default text search configuration will be set to "english".

Data page checksums are disabled.

fixing permissions on existing directory /var/lib/postgresql/data/pgdata ... ok
creating subdirectories ... ok
selecting dynamic shared memory implementation ... posix
selecting default "max_connections" ... 100
selecting default "shared_buffers" ... 128MB
selecting default time zone ... Etc/UTC
creating configuration files ... ok
running bootstrap script ... ok
performing post-bootstrap initialization ... ok
syncing data to disk ... ok


Success. You can now start the database server using:

    pg_ctl -D /var/lib/postgresql/data/pgdata -l logfile start

initdb: warning: enabling "trust" authentication for local connections
initdb: hint: You can change this by editing pg_hba.conf or using the option -A, or --auth-local and --auth-host, the next time you run initdb.
waiting for server to start....2026-09-14 11:31:05.542 UTC [46] LOG:  starting PostgreSQL 17.11 (Debian 17.11-1.pgdg13+2) on x86_64-pc-linux-gnu, compiled by gcc (Debian 14.2.0-19) 14.2.0, 64-bit
2026-09-14 11:31:05.543 UTC [46] LOG:  listening on Unix socket "/var/run/postgresql/.s.PGSQL.5432"
2026-09-14 11:31:05.549 UTC [49] LOG:  database system was shut down at 2026-09-14 11:31:05 UTC
2026-09-14 11:31:05.594 UTC [46] LOG:  database system is ready to accept connections
 done
server started
CREATE DATABASE


/usr/local/bin/docker-entrypoint.sh: ignoring /docker-entrypoint-initdb.d/*

waiting for server to shut down....2026-09-14 11:31:05.782 UTC [46] LOG:  received fast shutdown request
2026-09-14 11:31:05.784 UTC [46] LOG:  aborting any active transactions
2026-09-14 11:31:05.785 UTC [46] LOG:  background worker "logical replication launcher" (PID 52) exited with exit code 1
2026-09-14 11:31:05.786 UTC [47] LOG:  shutting down
2026-09-14 11:31:05.807 UTC [47] LOG:  checkpoint starting: shutdown immediate
2026-09-14 11:31:05.889 UTC [47] LOG:  checkpoint complete: wrote 925 buffers (0.9%); 0 WAL file(s) added, 0 removed, 0 recycled; write=0.013 s, sync=0.043 s, total=0.103 s; sync files=301, longest=0.003 s, average=0.001 s; distance=4256 kB, estimate=4256 kB; lsn=0/19179D8, redo lsn=0/19179D8
2026-09-14 11:31:05.895 UTC [46] LOG:  database system is shut down
 done
server stopped

PostgreSQL init process complete; ready for start up.

2026-09-14 11:31:06.030 UTC [1] LOG:  starting PostgreSQL 17.11 (Debian 17.11-1.pgdg13+2) on x86_64-pc-linux-gnu, compiled by gcc (Debian 14.2.0-19) 14.2.0, 64-bit
2026-09-14 11:31:06.031 UTC [1] LOG:  listening on IPv4 address "0.0.0.0", port 5432
2026-09-14 11:31:06.031 UTC [1] LOG:  listening on IPv6 address "::", port 5432
2026-09-14 11:31:06.034 UTC [1] LOG:  listening on Unix socket "/var/run/postgresql/.s.PGSQL.5432"
2026-09-14 11:31:06.038 UTC [62] LOG:  database system was shut down at 2026-09-14 11:31:05 UTC
2026-09-14 11:31:06.062 UTC [1] LOG:  database system is ready to accept connections
