  engine: PostgreSQL 15.12-YB-2025.2.6.0-b0 on x86_64-pc-linux-gnu, compiled by clang version 19.1.0 (https://github.com/yugabyte/llvm-project.git a2a6b655e14e7fa1fcf1011a6cb29cb8575249c0), 64-bit
  effective isolation for READ COMMITTED requests: read committed
  database clock minus client clock: 0.003 ms
  dataset: 5 venues, 84 events, 5741 tickets and 165 holds at load
  loading e0_app_clock_expiry ...
  loaded in 21.8s (copy 1.2s, index 10.8s)
  verifying answers against ground truth ...
    51/51 checks passed (margin 589s); audit on load: consistent (84 events, 5741 tickets; rejections late=0 boundary=0)
  capturing plans ...
  read benchmark:
    q01_section_map@10                     5453.0 ops/s  p50=  0.995ms p99=  25.351ms  errors=0
    q02_event_sections@10                  5386.8 ops/s  p50=  1.033ms p99=  26.334ms  errors=0
    q03_event_available@10                 6078.1 ops/s  p50=  0.890ms p99=  28.774ms  errors=0
    q01_section_map@100                    5272.4 ops/s  p50=  0.959ms p99=  34.509ms  errors=0
    q02_event_sections@100                 5042.4 ops/s  p50=  1.093ms p99=  28.338ms  errors=0
    q03_event_available@100                4985.5 ops/s  p50=  1.004ms p99=  32.442ms  errors=0
    q01_section_map@1000                   2958.6 ops/s  p50=  1.320ms p99=  50.951ms  errors=0
    q02_event_sections@1000                3054.8 ops/s  p50=  1.507ms p99=  42.496ms  errors=0
    q03_event_available@1000               3007.4 ops/s  p50=  1.274ms p99=  52.025ms  errors=0
    q01_section_map@10000                   590.2 ops/s  p50=  4.203ms p99=  76.083ms  errors=0
    q02_event_sections@10000                375.1 ops/s  p50= 11.410ms p99=  64.602ms  errors=0
    q03_event_available@10000               577.8 ops/s  p50=  4.185ms p99=  76.300ms  errors=0
    q04_hold_seats                          837.5 ops/s  p50=  3.518ms p99=  72.871ms  errors=0
    q05_customer_tickets                   5087.5 ops/s  p50=  1.376ms p99=  10.331ms  errors=0
    q06_ticket_by_id                       7207.1 ops/s  p50=  0.792ms p99=  21.331ms  errors=0
  write benchmark (fresh load per op):
    hold                                     54.5 ops/s  p50=134.340ms p99= 297.956ms  rejected=2 retries=1 errors=0
      audit after hold: VIOLATIONS — thefts 5, grants on sold seats 0, double sales 0, sales without the hold 0, late sales 0, early rejections 1, duplicate seats 0, inventory drift 0, invalid seats 0, partial holds 0, ticket mismatches 0
    release                                 498.3 ops/s  p50= 10.076ms p99=  34.592ms  rejected=0 retries=0 errors=0
      audit after release: consistent (84 events, 5741 tickets; rejections late=0 boundary=0)
    cancel                                  349.9 ops/s  p50= 18.073ms p99=  74.064ms  rejected=0 retries=0 errors=0
      audit after cancel: consistent (84 events, 3601 tickets; rejections late=0 boundary=0)
    publish@10                              253.1 ops/s  p50= 12.579ms p99=  43.270ms  rejected=0 retries=0 errors=0
    publish@100                             213.1 ops/s  p50= 16.768ms p99=  35.712ms  rejected=0 retries=0 errors=0
    publish@1000                             84.4 ops/s  p50= 39.745ms p99=  63.307ms  rejected=0 retries=0 errors=0
    publish@10000                             8.3 ops/s  p50=221.734ms p99= 221.734ms  rejected=0 retries=0 errors=0
    publish@100000                            0.6 ops/s  p50=3141.860ms p99=3141.860ms  rejected=0 retries=0 errors=0
      audit after publish: consistent (2313 events, 5741 tickets; rejections late=0 boundary=0)
  race trial 1/1 (32 buyers per event, fresh load):
      race event 52: gate 2026-09-14T15:19:06.519209012Z, deadline 2026-09-14T15:19:26.519209012Z
      race event 53: gate 2026-09-14T15:19:07.404826998Z, deadline 2026-09-14T15:19:27.404826998Z
      race event 54: gate 2026-09-14T15:19:07.917312304Z, deadline 2026-09-14T15:19:27.917312304Z
      race event 55: gate 2026-09-14T15:19:08.58730772Z, deadline 2026-09-14T15:19:28.58730772Z
      race event 56: gate 2026-09-14T15:19:08.836694728Z, deadline 2026-09-14T15:19:28.836694728Z
      race event 57: gate 2026-09-14T15:19:09.041536936Z, deadline 2026-09-14T15:19:29.041536936Z
      race event 58: gate 2026-09-14T15:19:09.338589544Z, deadline 2026-09-14T15:19:29.338589544Z
      race event 59: gate 2026-09-14T15:19:09.608160403Z, deadline 2026-09-14T15:19:29.608160403Z
      race event 60: gate 2026-09-14T15:19:09.830014372Z, deadline 2026-09-14T15:19:29.830014372Z
      race event 61: gate 2026-09-14T15:19:10.10908832Z, deadline 2026-09-14T15:19:30.10908832Z
      race event 62: gate 2026-09-14T15:19:10.274151378Z, deadline 2026-09-14T15:19:30.274151378Z
      race event 63: gate 2026-09-14T15:19:10.582132543Z, deadline 2026-09-14T15:19:30.582132543Z
      race event 64: gate 2026-09-14T15:19:10.795014854Z, deadline 2026-09-14T15:19:30.795014854Z
      race event 65: gate 2026-09-14T15:19:11.134068773Z, deadline 2026-09-14T15:19:31.134068773Z
      race event 66: gate 2026-09-14T15:19:11.250978925Z, deadline 2026-09-14T15:19:31.250978925Z
      race event 67: gate 2026-09-14T15:19:11.489279613Z, deadline 2026-09-14T15:19:31.489279613Z
      race event 68: gate 2026-09-14T15:19:11.74279875Z, deadline 2026-09-14T15:19:31.74279875Z
      race event 69: gate 2026-09-14T15:19:11.859487728Z, deadline 2026-09-14T15:19:31.859487728Z
      race event 70: gate 2026-09-14T15:19:12.156068458Z, deadline 2026-09-14T15:19:32.156068458Z
      race event 71: gate 2026-09-14T15:19:12.330827972Z, deadline 2026-09-14T15:19:32.330827972Z
    race     10 seats x20        60.4 seats/s  conflicts/hold=6.59 reads/hold=13.72  hold p50=20.78ms p99=140.57ms  deferred 13/13 ok  errors=0  ok
      audit: consistent (20 events, 200 tickets; rejections late=0 boundary=0)
      race event 72: gate 2026-09-14T15:19:12.659933479Z, deadline 2026-09-14T15:19:32.659933479Z
      race event 73: gate 2026-09-14T15:19:13.50417718Z, deadline 2026-09-14T15:19:33.50417718Z
      race event 74: gate 2026-09-14T15:19:14.108177667Z, deadline 2026-09-14T15:19:34.108177667Z
      race event 75: gate 2026-09-14T15:19:14.772187885Z, deadline 2026-09-14T15:19:34.772187885Z
    race    100 seats x4        158.3 seats/s  conflicts/hold=2.62 reads/hold=4.87  hold p50=19.17ms p99=170.77ms  deferred 16/16 ok  errors=0  ok
      audit: consistent (4 events, 400 tickets; rejections late=0 boundary=0)
      race event 76: gate 2026-09-14T15:19:15.68559941Z, deadline 2026-09-14T15:19:35.68559941Z
    race   1000 seats x1        144.4 seats/s  conflicts/hold=1.07 reads/hold=3.23  hold p50=27.60ms p99=110.16ms  deferred 45/45 ok  errors=0  VIOLATIONS
      audit: VIOLATIONS — thefts 0, grants on sold seats 0, double sales 0, sales without the hold 0, late sales 0, early rejections 2, duplicate seats 0, inventory drift 0, invalid seats 0, partial holds 0, ticket mismatches 0
      race event 77: gate 2026-09-14T15:19:22.944867237Z, deadline 2026-09-14T15:19:42.944867237Z
    race  10000 seats x1        114.0 seats/s  conflicts/hold=0.34 reads/hold=1.40  hold p50=75.62ms p99=174.33ms  deferred 109/109 ok  errors=0  VIOLATIONS, 1 timed out (23% sold)
      audit: VIOLATIONS — thefts 0, grants on sold seats 0, double sales 0, sales without the hold 0, late sales 0, early rejections 10, duplicate seats 0, inventory drift 0, invalid seats 0, partial holds 0, ticket mismatches 0
  lifecycle trial 1/1 (32 buyers per event, one human minute = 500ms, fresh load):
    lifecycle    10 seats x2       0.2 confirmed seats/s  holds=31 abandoned=7+6 expired@check=2 rejected late/boundary/early=0/0/0  outage unavailable=0/0  leaked=0 errors=0  VIOLATIONS
      audit: VIOLATIONS — thefts 13, grants on sold seats 0, double sales 0, sales without the hold 0, late sales 0, early rejections 0, duplicate seats 0, inventory drift 0, invalid seats 0, partial holds 0, ticket mismatches 0
    lifecycle   100 seats x2       1.6 confirmed seats/s  holds=158 abandoned=26+12 expired@check=12 rejected late/boundary/early=0/0/2  outage unavailable=0/0  leaked=0 errors=0  VIOLATIONS
      audit: VIOLATIONS — thefts 60, grants on sold seats 0, double sales 0, sales without the hold 0, late sales 0, early rejections 2, duplicate seats 0, inventory drift 0, invalid seats 0, partial holds 0, ticket mismatches 0
  wrote /results/e0_app_clock_expiry.json
