  engine: PostgreSQL 15.12-YB-2025.2.6.0-b0 on x86_64-pc-linux-gnu, compiled by clang version 19.1.0 (https://github.com/yugabyte/llvm-project.git a2a6b655e14e7fa1fcf1011a6cb29cb8575249c0), 64-bit
  effective isolation for READ COMMITTED requests: read committed
  database clock minus client clock: 0.004 ms
  dataset: 5 venues, 84 events, 5741 tickets and 165 holds at load
  loading e1_sweeper_expiry ...
  loaded in 20.4s (copy 1.2s, index 9.7s)
  verifying answers against ground truth ...
    51/51 checks passed (margin 586s); audit on load: consistent (84 events, 5741 tickets; rejections late=0 boundary=0)
  capturing plans ...
  read benchmark:
    q01_section_map@10                     5344.0 ops/s  p50=  1.004ms p99=  24.744ms  errors=0
    q02_event_sections@10                  5476.2 ops/s  p50=  1.001ms p99=  26.994ms  errors=0
    q03_event_available@10                 6048.2 ops/s  p50=  0.877ms p99=  28.063ms  errors=0
    q01_section_map@100                    5392.4 ops/s  p50=  0.942ms p99=  33.758ms  errors=0
    q02_event_sections@100                 4940.6 ops/s  p50=  1.093ms p99=  28.277ms  errors=0
    q03_event_available@100                5744.5 ops/s  p50=  0.892ms p99=  33.243ms  errors=0
    q01_section_map@1000                   2895.5 ops/s  p50=  1.313ms p99=  52.187ms  errors=0
    q02_event_sections@1000                3124.2 ops/s  p50=  1.457ms p99=  42.355ms  errors=0
    q03_event_available@1000               3212.9 ops/s  p50=  1.212ms p99=  50.632ms  errors=0
    q01_section_map@10000                   544.3 ops/s  p50=  4.398ms p99=  77.659ms  errors=0
    q02_event_sections@10000                364.0 ops/s  p50= 11.849ms p99=  65.526ms  errors=0
    q03_event_available@10000               649.4 ops/s  p50=  3.786ms p99=  74.831ms  errors=0
    q04_hold_seats                          790.3 ops/s  p50=  3.662ms p99=  73.003ms  errors=0
    q05_customer_tickets                   3678.8 ops/s  p50=  1.416ms p99=  34.212ms  errors=0
    q06_ticket_by_id                       7186.1 ops/s  p50=  0.787ms p99=  23.849ms  errors=0
  write benchmark (fresh load per op):
    hold                                     60.2 ops/s  p50=116.279ms p99= 281.086ms  rejected=0 retries=2 errors=0
      audit after hold: consistent (84 events, 7811 tickets; rejections late=0 boundary=0)
    release                                 746.6 ops/s  p50=  9.066ms p99=  14.012ms  rejected=0 retries=0 errors=0
      audit after release: consistent (84 events, 5741 tickets; rejections late=0 boundary=0)
    cancel                                  341.9 ops/s  p50= 19.165ms p99=  53.008ms  rejected=0 retries=0 errors=0
      audit after cancel: consistent (84 events, 3619 tickets; rejections late=0 boundary=0)
    publish@10                              243.6 ops/s  p50= 12.632ms p99=  52.090ms  rejected=0 retries=0 errors=0
    publish@100                             151.0 ops/s  p50= 23.827ms p99=  65.506ms  rejected=0 retries=0 errors=0
    publish@1000                             58.7 ops/s  p50= 58.538ms p99=  89.795ms  rejected=0 retries=0 errors=0
    publish@10000                             6.4 ops/s  p50=296.986ms p99= 296.986ms  rejected=0 retries=0 errors=0
    publish@100000                            0.6 ops/s  p50=3000.070ms p99=3000.070ms  rejected=0 retries=0 errors=0
      audit after publish: consistent (2313 events, 5741 tickets; rejections late=0 boundary=0)
  race trial 1/1 (32 buyers per event, fresh load):
      race event 52: gate 2026-09-14T16:20:31.837762144Z, deadline 2026-09-14T16:20:51.837762144Z
      race event 53: gate 2026-09-14T16:20:37.853321063Z, deadline 2026-09-14T16:20:57.853321063Z
      race event 54: gate 2026-09-14T16:20:38.420431647Z, deadline 2026-09-14T16:20:58.420431647Z
      race event 55: gate 2026-09-14T16:20:39.336126195Z, deadline 2026-09-14T16:20:59.336126195Z
      race event 56: gate 2026-09-14T16:20:40.779150288Z, deadline 2026-09-14T16:21:00.779150288Z
      race event 57: gate 2026-09-14T16:20:41.254639248Z, deadline 2026-09-14T16:21:01.254639248Z
      race event 58: gate 2026-09-14T16:20:42.019753284Z, deadline 2026-09-14T16:21:02.019753284Z
      race event 59: gate 2026-09-14T16:20:42.274363997Z, deadline 2026-09-14T16:21:02.274363997Z
      race event 60: gate 2026-09-14T16:20:42.580506597Z, deadline 2026-09-14T16:21:02.580506597Z
      race event 61: gate 2026-09-14T16:20:43.365837195Z, deadline 2026-09-14T16:21:03.365837195Z
      race event 62: gate 2026-09-14T16:20:43.586114712Z, deadline 2026-09-14T16:21:03.586114712Z
      race event 63: gate 2026-09-14T16:20:44.006008866Z, deadline 2026-09-14T16:21:04.006008866Z
      race event 64: gate 2026-09-14T16:20:44.300227214Z, deadline 2026-09-14T16:21:04.300227214Z
      race event 65: gate 2026-09-14T16:20:44.646459095Z, deadline 2026-09-14T16:21:04.646459095Z
      race event 66: gate 2026-09-14T16:20:45.05580997Z, deadline 2026-09-14T16:21:05.05580997Z
      race event 67: gate 2026-09-14T16:20:45.354988238Z, deadline 2026-09-14T16:21:05.354988238Z
      race event 68: gate 2026-09-14T16:20:45.833617664Z, deadline 2026-09-14T16:21:05.833617664Z
      race event 69: gate 2026-09-14T16:20:46.12213647Z, deadline 2026-09-14T16:21:06.12213647Z
      race event 70: gate 2026-09-14T16:20:46.911022348Z, deadline 2026-09-14T16:21:06.911022348Z
      race event 71: gate 2026-09-14T16:20:47.294829577Z, deadline 2026-09-14T16:21:07.294829577Z
    race     10 seats x20        28.5 seats/s  conflicts/hold=6.60 reads/hold=14.32  hold p50=39.91ms p99=476.01ms  deferred 16/16 ok  errors=0  VIOLATIONS
      audit: VIOLATIONS — thefts 0, grants on sold seats 0, double sales 0, sales without the hold 0, late sales 0, early rejections 1, duplicate seats 0, inventory drift 0, invalid seats 0, partial holds 0, ticket mismatches 0
      race event 72: gate 2026-09-14T16:20:48.397417864Z, deadline 2026-09-14T16:21:08.397417864Z
      race event 73: gate 2026-09-14T16:20:49.805436212Z, deadline 2026-09-14T16:21:09.805436212Z
      race event 74: gate 2026-09-14T16:20:51.045598503Z, deadline 2026-09-14T16:21:11.045598503Z
      race event 75: gate 2026-09-14T16:20:52.602044134Z, deadline 2026-09-14T16:21:12.602044134Z
    race    100 seats x4         76.6 seats/s  conflicts/hold=2.47 reads/hold=4.91  hold p50=50.17ms p99=407.40ms  deferred 21/21 ok  errors=0  ok
      audit: consistent (4 events, 400 tickets; rejections late=0 boundary=0)
      race event 76: gate 2026-09-14T16:20:54.555496287Z, deadline 2026-09-14T16:21:14.555496287Z
    race   1000 seats x1         59.6 seats/s  conflicts/hold=1.08 reads/hold=3.09  hold p50=96.58ms p99=257.28ms  deferred 58/58 ok  errors=0  VIOLATIONS
      audit: VIOLATIONS — thefts 0, grants on sold seats 0, double sales 0, sales without the hold 0, late sales 0, early rejections 6, duplicate seats 0, inventory drift 0, invalid seats 0, partial holds 0, ticket mismatches 0
      race event 77: gate 2026-09-14T16:21:15.553792683Z, deadline 2026-09-14T16:21:35.553792683Z
    race  10000 seats x1         51.7 seats/s  conflicts/hold=0.38 reads/hold=1.38  hold p50=127.95ms p99=364.55ms  deferred 40/40 ok  errors=0  VIOLATIONS, 1 timed out (10% sold)
      audit: VIOLATIONS — thefts 0, grants on sold seats 0, double sales 0, sales without the hold 0, late sales 0, early rejections 5, duplicate seats 0, inventory drift 0, invalid seats 0, partial holds 0, ticket mismatches 0
  lifecycle trial 1/1 (32 buyers per event, one human minute = 500ms, fresh load):
    lifecycle    10 seats x2       0.2 confirmed seats/s  holds=21 abandoned=4+1 expired@check=1 rejected late/boundary/early=2/0/0  outage unavailable=3/3  leaked=0 errors=0  ok
      audit: consistent (2 events, 20 tickets; rejections late=2 boundary=0)
    lifecycle   100 seats x2       1.4 confirmed seats/s  holds=135 abandoned=17+10 expired@check=9 rejected late/boundary/early=1/0/0  outage unavailable=3/3  leaked=0 errors=0  ok
      audit: consistent (2 events, 200 tickets; rejections late=1 boundary=0)
  wrote /results/e1_sweeper_expiry.json
