  engine: PostgreSQL 15.12-YB-2025.2.6.0-b0 on x86_64-pc-linux-gnu, compiled by clang version 19.1.0 (https://github.com/yugabyte/llvm-project.git a2a6b655e14e7fa1fcf1011a6cb29cb8575249c0), 64-bit
  effective isolation for READ COMMITTED requests: read committed
  database clock minus client clock: 0.017 ms
  dataset: 5 venues, 84 events, 5741 tickets and 165 holds at load
  loading k0_naive_confirm ...
  loaded in 24.7s (copy 1.5s, index 12.5s)
  verifying answers against ground truth ...
    51/51 checks passed (margin 583s); audit on load: consistent (84 events, 5741 tickets; rejections late=0 boundary=0)
  capturing plans ...
  read benchmark:
    q01_section_map@10                     4631.3 ops/s  p50=  1.135ms p99=  24.669ms  errors=0
    q02_event_sections@10                  4553.7 ops/s  p50=  1.219ms p99=  21.115ms  errors=0
    q03_event_available@10                 5371.5 ops/s  p50=  0.981ms p99=  27.318ms  errors=0
    q01_section_map@100                    4498.7 ops/s  p50=  1.088ms p99=  33.079ms  errors=0
    q02_event_sections@100                 4382.0 ops/s  p50=  1.241ms p99=  26.209ms  errors=0
    q03_event_available@100                4794.2 ops/s  p50=  1.044ms p99=  31.521ms  errors=0
    q01_section_map@1000                   2498.7 ops/s  p50=  1.501ms p99=  50.385ms  errors=0
    q02_event_sections@1000                2609.4 ops/s  p50=  1.779ms p99=  40.559ms  errors=0
    q03_event_available@1000               2438.3 ops/s  p50=  1.568ms p99=  50.211ms  errors=0
    q01_section_map@10000                   549.0 ops/s  p50=  4.779ms p99=  74.916ms  errors=0
    q02_event_sections@10000                310.6 ops/s  p50= 14.471ms p99=  69.185ms  errors=0
    q03_event_available@10000               520.0 ops/s  p50=  4.874ms p99=  77.130ms  errors=0
    q04_hold_seats                          724.3 ops/s  p50=  4.105ms p99=  72.262ms  errors=0
    q05_customer_tickets                   3481.1 ops/s  p50=  1.873ms p99=  11.539ms  errors=0
    q06_ticket_by_id                       5498.8 ops/s  p50=  0.986ms p99=  24.440ms  errors=0
  write benchmark (fresh load per op):
    hold                                     43.3 ops/s  p50=184.258ms p99= 352.649ms  rejected=0 retries=1 errors=0
      audit after hold: consistent (84 events, 7777 tickets; rejections late=0 boundary=0)
    release                                 523.8 ops/s  p50= 12.577ms p99=  21.730ms  rejected=0 retries=0 errors=0
      audit after release: consistent (84 events, 5741 tickets; rejections late=0 boundary=0)
    cancel                                  265.5 ops/s  p50= 26.714ms p99=  53.819ms  rejected=0 retries=0 errors=0
      audit after cancel: consistent (84 events, 3771 tickets; rejections late=0 boundary=0)
    publish@10                              237.0 ops/s  p50= 13.515ms p99=  45.507ms  rejected=0 retries=0 errors=0
    publish@100                             150.7 ops/s  p50= 24.901ms p99=  48.742ms  rejected=0 retries=0 errors=0
    publish@1000                             55.4 ops/s  p50= 70.648ms p99=  93.037ms  rejected=0 retries=0 errors=0
    publish@10000                             6.4 ops/s  p50=277.200ms p99= 277.200ms  rejected=0 retries=0 errors=0
    publish@100000                            0.6 ops/s  p50=2948.297ms p99=2948.297ms  rejected=0 retries=0 errors=0
      audit after publish: consistent (2313 events, 5741 tickets; rejections late=0 boundary=0)
  race trial 1/1 (32 buyers per event, fresh load):
      race event 52: gate 2026-09-14T16:04:15.567654434Z, deadline 2026-09-14T16:04:35.567654434Z
      race event 53: gate 2026-09-14T16:04:16.39315002Z, deadline 2026-09-14T16:04:36.39315002Z
      race event 54: gate 2026-09-14T16:04:16.939905601Z, deadline 2026-09-14T16:04:36.939905601Z
      race event 55: gate 2026-09-14T16:04:17.217434513Z, deadline 2026-09-14T16:04:37.217434513Z
      race event 56: gate 2026-09-14T16:04:17.682056763Z, deadline 2026-09-14T16:04:37.682056763Z
      race event 57: gate 2026-09-14T16:04:18.122386653Z, deadline 2026-09-14T16:04:38.122386653Z
      race event 58: gate 2026-09-14T16:04:18.411106855Z, deadline 2026-09-14T16:04:38.411106855Z
      race event 59: gate 2026-09-14T16:04:18.645107988Z, deadline 2026-09-14T16:04:38.645107988Z
      race event 60: gate 2026-09-14T16:04:18.936346379Z, deadline 2026-09-14T16:04:38.936346379Z
      race event 61: gate 2026-09-14T16:04:19.218489478Z, deadline 2026-09-14T16:04:39.218489478Z
      race event 62: gate 2026-09-14T16:04:19.376811513Z, deadline 2026-09-14T16:04:39.376811513Z
      race event 63: gate 2026-09-14T16:04:19.546914609Z, deadline 2026-09-14T16:04:39.546914609Z
      race event 64: gate 2026-09-14T16:04:19.716683141Z, deadline 2026-09-14T16:04:39.716683141Z
      race event 65: gate 2026-09-14T16:04:19.893543586Z, deadline 2026-09-14T16:04:39.893543586Z
      race event 66: gate 2026-09-14T16:04:20.081152892Z, deadline 2026-09-14T16:04:40.081152892Z
      race event 67: gate 2026-09-14T16:04:20.317559578Z, deadline 2026-09-14T16:04:40.317559578Z
      race event 68: gate 2026-09-14T16:04:20.4955856Z, deadline 2026-09-14T16:04:40.4955856Z
      race event 69: gate 2026-09-14T16:04:20.627292407Z, deadline 2026-09-14T16:04:40.627292407Z
      race event 70: gate 2026-09-14T16:04:20.882021474Z, deadline 2026-09-14T16:04:40.882021474Z
      race event 71: gate 2026-09-14T16:04:21.023678151Z, deadline 2026-09-14T16:04:41.023678151Z
    race     10 seats x20        68.5 seats/s  conflicts/hold=6.84 reads/hold=13.77  hold p50=19.69ms p99=136.70ms  deferred 14/14 ok  errors=0  ok
      audit: consistent (20 events, 200 tickets; rejections late=0 boundary=0)
      race event 72: gate 2026-09-14T16:04:21.456011453Z, deadline 2026-09-14T16:04:41.456011453Z
      race event 73: gate 2026-09-14T16:04:22.201526375Z, deadline 2026-09-14T16:04:42.201526375Z
      race event 74: gate 2026-09-14T16:04:23.075168088Z, deadline 2026-09-14T16:04:43.075168088Z
      race event 75: gate 2026-09-14T16:04:23.865797853Z, deadline 2026-09-14T16:04:43.865797853Z
    race    100 seats x4        129.2 seats/s  conflicts/hold=2.69 reads/hold=5.10  hold p50=22.74ms p99=212.36ms  deferred 20/20 ok  errors=0  ok
      audit: consistent (4 events, 400 tickets; rejections late=0 boundary=0)
      race event 76: gate 2026-09-14T16:04:25.077480888Z, deadline 2026-09-14T16:04:45.077480888Z
    race   1000 seats x1        131.0 seats/s  conflicts/hold=1.10 reads/hold=3.00  hold p50=33.26ms p99=133.68ms  deferred 45/45 ok  errors=0  ok
      audit: consistent (1 events, 1000 tickets; rejections late=0 boundary=0)
      race event 77: gate 2026-09-14T16:04:36.719489903Z, deadline 2026-09-14T16:04:56.719489903Z
    race  10000 seats x1        104.7 seats/s  conflicts/hold=0.33 reads/hold=1.35  hold p50=80.87ms p99=182.99ms  deferred 85/85 ok  errors=0  ok, 1 timed out (21% sold)
      audit: consistent (1 events, 2123 tickets; rejections late=0 boundary=0)
  lifecycle trial 1/1 (32 buyers per event, one human minute = 500ms, fresh load):
    lifecycle    10 seats x2       0.3 confirmed seats/s  holds=20 abandoned=2+1 expired@check=2 rejected late/boundary/early=0/0/0  outage unavailable=0/0  leaked=0 errors=0  ok
      audit: consistent (2 events, 20 tickets; rejections late=0 boundary=0)
    lifecycle   100 seats x2       1.7 confirmed seats/s  holds=154 abandoned=29+8 expired@check=12 rejected late/boundary/early=0/0/0  outage unavailable=0/0  leaked=0 errors=0  VIOLATIONS
      audit: VIOLATIONS — thefts 0, grants on sold seats 0, double sales 0, sales without the hold 5, late sales 6, early rejections 0, duplicate seats 0, inventory drift 0, invalid seats 0, partial holds 0, ticket mismatches 0
  wrote /results/k0_naive_confirm.json
