  engine: PostgreSQL 15.12-YB-2025.2.6.0-b0 on x86_64-pc-linux-gnu, compiled by clang version 19.1.0 (https://github.com/yugabyte/llvm-project.git a2a6b655e14e7fa1fcf1011a6cb29cb8575249c0), 64-bit
  effective isolation for READ COMMITTED requests: read committed
  database clock minus client clock: 0.009 ms
  dataset: 5 venues, 84 events, 5741 tickets and 165 holds at load
  loading k1_payment_window ...
  loaded in 22.5s (copy 1.2s, index 10.8s)
  verifying answers against ground truth ...
    51/51 checks passed (margin 589s); audit on load: consistent (84 events, 5741 tickets; rejections late=0 boundary=0)
  capturing plans ...
  read benchmark:
    q01_section_map@10                     4636.5 ops/s  p50=  1.161ms p99=  25.285ms  errors=0
    q02_event_sections@10                  5214.4 ops/s  p50=  1.050ms p99=  25.401ms  errors=0
    q03_event_available@10                 3752.2 ops/s  p50=  1.139ms p99=  23.259ms  errors=0
    q01_section_map@100                    2959.4 ops/s  p50=  1.638ms p99=  21.220ms  errors=0
    q02_event_sections@100                 4238.9 ops/s  p50=  1.274ms p99=  26.111ms  errors=0
    q03_event_available@100                4530.4 ops/s  p50=  1.087ms p99=  32.052ms  errors=0
    q01_section_map@1000                   2632.3 ops/s  p50=  1.482ms p99=  49.839ms  errors=0
    q02_event_sections@1000                2374.1 ops/s  p50=  1.945ms p99=  41.123ms  errors=0
    q03_event_available@1000               2476.8 ops/s  p50=  1.544ms p99=  49.779ms  errors=0
    q01_section_map@10000                   536.8 ops/s  p50=  5.070ms p99=  74.807ms  errors=0
    q02_event_sections@10000                319.4 ops/s  p50= 13.977ms p99=  67.217ms  errors=0
    q03_event_available@10000               521.0 ops/s  p50=  5.034ms p99=  76.545ms  errors=0
    q04_hold_seats                          724.8 ops/s  p50=  4.116ms p99=  72.602ms  errors=0
    q05_customer_tickets                   3183.8 ops/s  p50=  1.641ms p99=  34.516ms  errors=0
    q06_ticket_by_id                       5772.3 ops/s  p50=  0.970ms p99=  24.327ms  errors=0
  write benchmark (fresh load per op):
    hold                                     49.9 ops/s  p50=148.497ms p99= 359.698ms  rejected=3 retries=1 errors=0
      audit after hold: consistent (84 events, 7735 tickets; rejections late=0 boundary=0)
    release                                 513.1 ops/s  p50= 12.919ms p99=  25.220ms  rejected=0 retries=0 errors=0
      audit after release: consistent (84 events, 5741 tickets; rejections late=0 boundary=0)
    cancel                                  231.1 ops/s  p50= 31.803ms p99=  61.195ms  rejected=0 retries=0 errors=0
      audit after cancel: consistent (84 events, 3840 tickets; rejections late=0 boundary=0)
    publish@10                              178.5 ops/s  p50= 19.576ms p99=  62.977ms  rejected=0 retries=0 errors=0
    publish@100                             123.1 ops/s  p50= 30.300ms p99=  55.257ms  rejected=0 retries=0 errors=0
    publish@1000                             50.9 ops/s  p50= 75.425ms p99= 107.785ms  rejected=0 retries=0 errors=0
    publish@10000                             4.4 ops/s  p50=437.421ms p99= 437.421ms  rejected=0 retries=0 errors=0
    publish@100000                            0.5 ops/s  p50=3703.621ms p99=3703.621ms  rejected=0 retries=0 errors=0
      audit after publish: consistent (2313 events, 5741 tickets; rejections late=0 boundary=0)
  race trial 1/1 (32 buyers per event, fresh load):
      race event 52: gate 2026-09-14T15:54:07.23801047Z, deadline 2026-09-14T15:54:27.23801047Z
      race event 53: gate 2026-09-14T15:54:08.26329999Z, deadline 2026-09-14T15:54:28.26329999Z
      race event 54: gate 2026-09-14T15:54:08.703568354Z, deadline 2026-09-14T15:54:28.703568354Z
      race event 55: gate 2026-09-14T15:54:09.30497491Z, deadline 2026-09-14T15:54:29.30497491Z
      race event 56: gate 2026-09-14T15:54:09.590676305Z, deadline 2026-09-14T15:54:29.590676305Z
      race event 57: gate 2026-09-14T15:54:10.031345527Z, deadline 2026-09-14T15:54:30.031345527Z
      race event 58: gate 2026-09-14T15:54:10.359895746Z, deadline 2026-09-14T15:54:30.359895746Z
      race event 59: gate 2026-09-14T15:54:10.707647756Z, deadline 2026-09-14T15:54:30.707647756Z
      race event 60: gate 2026-09-14T15:54:11.342020401Z, deadline 2026-09-14T15:54:31.342020401Z
      race event 61: gate 2026-09-14T15:54:11.696642915Z, deadline 2026-09-14T15:54:31.696642915Z
      race event 62: gate 2026-09-14T15:54:11.912600182Z, deadline 2026-09-14T15:54:31.912600182Z
      race event 63: gate 2026-09-14T15:54:12.192714656Z, deadline 2026-09-14T15:54:32.192714656Z
      race event 64: gate 2026-09-14T15:54:12.554218998Z, deadline 2026-09-14T15:54:32.554218998Z
      race event 65: gate 2026-09-14T15:54:12.996501088Z, deadline 2026-09-14T15:54:32.996501088Z
      race event 66: gate 2026-09-14T15:54:13.289101063Z, deadline 2026-09-14T15:54:33.289101063Z
      race event 67: gate 2026-09-14T15:54:13.574437526Z, deadline 2026-09-14T15:54:33.574437526Z
      race event 68: gate 2026-09-14T15:54:13.814885109Z, deadline 2026-09-14T15:54:33.814885109Z
      race event 69: gate 2026-09-14T15:54:14.061647757Z, deadline 2026-09-14T15:54:34.061647757Z
      race event 70: gate 2026-09-14T15:54:14.491379386Z, deadline 2026-09-14T15:54:34.491379386Z
      race event 71: gate 2026-09-14T15:54:14.838636564Z, deadline 2026-09-14T15:54:34.838636564Z
    race     10 seats x20        42.7 seats/s  conflicts/hold=6.96 reads/hold=14.60  hold p50=28.88ms p99=235.45ms  deferred 15/15 ok  errors=0  ok
      audit: consistent (20 events, 200 tickets; rejections late=0 boundary=0)
      race event 72: gate 2026-09-14T15:54:15.276492939Z, deadline 2026-09-14T15:54:35.276492939Z
      race event 73: gate 2026-09-14T15:54:20.021891904Z, deadline 2026-09-14T15:54:40.021891904Z
      race event 74: gate 2026-09-14T15:54:21.275423371Z, deadline 2026-09-14T15:54:41.275423371Z
      race event 75: gate 2026-09-14T15:54:22.414510199Z, deadline 2026-09-14T15:54:42.414510199Z
    race    100 seats x4         97.2 seats/s  conflicts/hold=2.55 reads/hold=4.91  hold p50=31.31ms p99=279.06ms  deferred 20/20 ok  errors=0  VIOLATIONS
      audit: VIOLATIONS — thefts 0, grants on sold seats 0, double sales 0, sales without the hold 0, late sales 0, early rejections 1, duplicate seats 0, inventory drift 0, invalid seats 0, partial holds 0, ticket mismatches 0
      race event 76: gate 2026-09-14T15:54:23.66327074Z, deadline 2026-09-14T15:54:43.66327074Z
    race   1000 seats x1        125.8 seats/s  conflicts/hold=1.00 reads/hold=3.15  hold p50=40.89ms p99=156.15ms  deferred 45/45 ok  errors=0  VIOLATIONS
      audit: VIOLATIONS — thefts 0, grants on sold seats 0, double sales 0, sales without the hold 0, late sales 0, early rejections 1, duplicate seats 0, inventory drift 0, invalid seats 0, partial holds 0, ticket mismatches 0
      race event 77: gate 2026-09-14T15:54:32.137233949Z, deadline 2026-09-14T15:54:52.137233949Z
    race  10000 seats x1         82.6 seats/s  conflicts/hold=0.34 reads/hold=1.35  hold p50=88.85ms p99=252.86ms  deferred 70/70 ok  errors=0  VIOLATIONS, 1 timed out (17% sold)
      audit: VIOLATIONS — thefts 0, grants on sold seats 0, double sales 0, sales without the hold 0, late sales 0, early rejections 4, duplicate seats 0, inventory drift 0, invalid seats 0, partial holds 0, ticket mismatches 0
  lifecycle trial 1/1 (32 buyers per event, one human minute = 500ms, fresh load):
    lifecycle    10 seats x2       0.2 confirmed seats/s  holds=20 abandoned=5+2 expired@check=0 rejected late/boundary/early=0/0/0  outage unavailable=0/0  leaked=0 errors=0  ok
      audit: consistent (2 events, 20 tickets; rejections late=0 boundary=0)
    lifecycle   100 seats x2       1.2 confirmed seats/s  holds=147 abandoned=32+8 expired@check=3 rejected late/boundary/early=0/0/0  outage unavailable=0/0  leaked=0 errors=0  ok
      audit: consistent (2 events, 200 tickets; rejections late=0 boundary=0)
  wrote /results/k1_payment_window.json
