  engine: PostgreSQL 15.12-YB-2025.2.6.0-b0 on x86_64-pc-linux-gnu, compiled by clang version 19.1.0 (https://github.com/yugabyte/llvm-project.git a2a6b655e14e7fa1fcf1011a6cb29cb8575249c0), 64-bit
  effective isolation for READ COMMITTED requests: read committed
  database clock minus client clock: 0.004 ms
  dataset: 5 venues, 84 events, 5741 tickets and 165 holds at load
  loading l1_claim_rows ...
  loaded in 17.5s (copy 1.2s, index 5.7s)
  verifying answers against ground truth ...
    51/51 checks passed (margin 590s); audit on load: consistent (84 events, 5741 tickets; rejections late=0 boundary=0)
  capturing plans ...
  read benchmark:
    q01_section_map@10                     5509.2 ops/s  p50=  0.972ms p99=  26.055ms  errors=0
    q02_event_sections@10                  3028.5 ops/s  p50=  2.487ms p99=   5.954ms  errors=0
    q03_event_available@10                 3172.3 ops/s  p50=  2.009ms p99=  20.967ms  errors=0
    q01_section_map@100                    5948.7 ops/s  p50=  0.904ms p99=  29.206ms  errors=0
    q02_event_sections@100                 2984.7 ops/s  p50=  2.453ms p99=   9.525ms  errors=0
    q03_event_available@100                3185.4 ops/s  p50=  2.060ms p99=  19.298ms  errors=0
    q01_section_map@1000                   4218.3 ops/s  p50=  1.090ms p99=  41.528ms  errors=0
    q02_event_sections@1000                2376.3 ops/s  p50=  2.698ms p99=  21.434ms  errors=0
    q03_event_available@1000               2861.0 ops/s  p50=  2.215ms p99=  22.333ms  errors=0
    q01_section_map@10000                  1101.7 ops/s  p50=  2.551ms p99=  67.586ms  errors=0
    q02_event_sections@10000                554.6 ops/s  p50=  7.833ms p99=  57.848ms  errors=0
    q03_event_available@10000               986.0 ops/s  p50=  3.770ms p99=  58.854ms  errors=0
    q04_hold_seats                         1400.9 ops/s  p50=  2.177ms p99=  66.260ms  errors=0
    q05_customer_tickets                   4912.9 ops/s  p50=  1.403ms p99=  11.959ms  errors=0
    q06_ticket_by_id                       6228.6 ops/s  p50=  0.920ms p99=  23.993ms  errors=0
  write benchmark (fresh load per op):
    hold                                     67.2 ops/s  p50=111.877ms p99= 281.772ms  rejected=0 retries=3 errors=0
      audit after hold: consistent (84 events, 7898 tickets; rejections late=0 boundary=0)
    release                                 526.5 ops/s  p50= 10.834ms p99=  26.051ms  rejected=0 retries=0 errors=0
      audit after release: consistent (84 events, 5741 tickets; rejections late=0 boundary=0)
    cancel                                  273.8 ops/s  p50= 23.544ms p99=  62.451ms  rejected=0 retries=0 errors=0
      audit after cancel: consistent (84 events, 3752 tickets; rejections late=0 boundary=0)
    publish@10                              382.5 ops/s  p50=  6.953ms p99=  45.385ms  rejected=0 retries=0 errors=0
    publish@100                             413.4 ops/s  p50=  6.501ms p99=  41.770ms  rejected=0 retries=0 errors=0
    publish@1000                            587.1 ops/s  p50=  6.059ms p99=   8.060ms  rejected=0 retries=0 errors=0
    publish@10000                           359.8 ops/s  p50=  3.869ms p99=   3.869ms  rejected=0 retries=0 errors=0
    publish@100000                          499.0 ops/s  p50=  3.883ms p99=   3.883ms  rejected=0 retries=0 errors=0
      audit after publish: consistent (2313 events, 5741 tickets; rejections late=0 boundary=0)
  race trial 1/1 (32 buyers per event, fresh load):
      race event 52: gate 2026-09-14T16:12:00.206642647Z, deadline 2026-09-14T16:12:20.206642647Z
      race event 53: gate 2026-09-14T16:12:01.62099337Z, deadline 2026-09-14T16:12:21.62099337Z
      race event 54: gate 2026-09-14T16:12:03.237727962Z, deadline 2026-09-14T16:12:23.237727962Z
      race event 55: gate 2026-09-14T16:12:04.4252154Z, deadline 2026-09-14T16:12:24.4252154Z
      race event 56: gate 2026-09-14T16:12:05.253068615Z, deadline 2026-09-14T16:12:25.253068615Z
      race event 57: gate 2026-09-14T16:12:05.501389053Z, deadline 2026-09-14T16:12:25.501389053Z
      race event 58: gate 2026-09-14T16:12:06.34883932Z, deadline 2026-09-14T16:12:26.34883932Z
      race event 59: gate 2026-09-14T16:12:06.839442461Z, deadline 2026-09-14T16:12:26.839442461Z
      race event 60: gate 2026-09-14T16:12:07.250405281Z, deadline 2026-09-14T16:12:27.250405281Z
      race event 61: gate 2026-09-14T16:12:07.851062642Z, deadline 2026-09-14T16:12:27.851062642Z
      race event 62: gate 2026-09-14T16:12:08.011917646Z, deadline 2026-09-14T16:12:28.011917646Z
      race event 63: gate 2026-09-14T16:12:09.706706712Z, deadline 2026-09-14T16:12:29.706706712Z
      race event 64: gate 2026-09-14T16:12:09.96929302Z, deadline 2026-09-14T16:12:29.96929302Z
      race event 65: gate 2026-09-14T16:12:10.934996526Z, deadline 2026-09-14T16:12:30.934996526Z
      race event 66: gate 2026-09-14T16:12:11.520532722Z, deadline 2026-09-14T16:12:31.520532722Z
      race event 67: gate 2026-09-14T16:12:15.536293216Z, deadline 2026-09-14T16:12:35.536293216Z
      race event 68: gate 2026-09-14T16:12:15.846085563Z, deadline 2026-09-14T16:12:35.846085563Z
      race event 69: gate 2026-09-14T16:12:16.05817316Z, deadline 2026-09-14T16:12:36.05817316Z
      race event 70: gate 2026-09-14T16:12:16.256185582Z, deadline 2026-09-14T16:12:36.256185582Z
      race event 71: gate 2026-09-14T16:12:16.889315022Z, deadline 2026-09-14T16:12:36.889315022Z
    race     10 seats x20        19.6 seats/s  conflicts/hold=6.37 reads/hold=14.09  hold p50=29.71ms p99=898.90ms  deferred 17/17 ok  errors=0  ok
      audit: consistent (20 events, 200 tickets; rejections late=0 boundary=0)
      race event 72: gate 2026-09-14T16:12:17.735911083Z, deadline 2026-09-14T16:12:37.735911083Z
      race event 73: gate 2026-09-14T16:12:18.737498391Z, deadline 2026-09-14T16:12:38.737498391Z
      race event 74: gate 2026-09-14T16:12:20.060690085Z, deadline 2026-09-14T16:12:40.060690085Z
      race event 75: gate 2026-09-14T16:12:21.475063332Z, deadline 2026-09-14T16:12:41.475063332Z
    race    100 seats x4         93.6 seats/s  conflicts/hold=2.39 reads/hold=4.63  hold p50=28.26ms p99=507.66ms  deferred 16/16 ok  errors=0  ok
      audit: consistent (4 events, 400 tickets; rejections late=0 boundary=0)
      race event 76: gate 2026-09-14T16:12:22.538124475Z, deadline 2026-09-14T16:12:42.538124475Z
    race   1000 seats x1        155.7 seats/s  conflicts/hold=0.94 reads/hold=2.41  hold p50=38.47ms p99=146.49ms  deferred 62/62 ok  errors=0  VIOLATIONS
      audit: VIOLATIONS — thefts 0, grants on sold seats 0, double sales 0, sales without the hold 0, late sales 0, early rejections 1, duplicate seats 0, inventory drift 0, invalid seats 0, partial holds 0, ticket mismatches 0
      race event 77: gate 2026-09-14T16:12:29.534315164Z, deadline 2026-09-14T16:12:49.534315164Z
    race  10000 seats x1        165.6 seats/s  conflicts/hold=0.30 reads/hold=1.42  hold p50=46.89ms p99=204.40ms  deferred 127/127 ok  errors=0  VIOLATIONS, 1 timed out (33% sold)
      audit: VIOLATIONS — thefts 0, grants on sold seats 0, double sales 0, sales without the hold 0, late sales 0, early rejections 6, duplicate seats 0, inventory drift 0, invalid seats 0, partial holds 0, ticket mismatches 0
  lifecycle trial 1/1 (32 buyers per event, one human minute = 500ms, fresh load):
    lifecycle    10 seats x2       0.2 confirmed seats/s  holds=17 abandoned=1+1 expired@check=2 rejected late/boundary/early=0/0/0  outage unavailable=0/0  leaked=0 errors=0  ok
      audit: consistent (2 events, 20 tickets; rejections late=0 boundary=0)
    lifecycle   100 seats x2       1.8 confirmed seats/s  holds=160 abandoned=28+17 expired@check=3 rejected late/boundary/early=1/0/0  outage unavailable=0/0  leaked=0 errors=0  ok
      audit: consistent (2 events, 200 tickets; rejections late=1 boundary=0)
  wrote /results/l1_claim_rows.json
