  engine: PostgreSQL 15.12-YB-2025.2.6.0-b0 on x86_64-pc-linux-gnu, compiled by clang version 19.1.0 (https://github.com/yugabyte/llvm-project.git a2a6b655e14e7fa1fcf1011a6cb29cb8575249c0), 64-bit
  effective isolation for READ COMMITTED requests: read committed
  database clock minus client clock: 0.007 ms
  dataset: 5 venues, 84 events, 5741 tickets and 165 holds at load
  loading l2_section_document ...
  loaded in 19.6s (copy 1.1s, index 8.2s)
  verifying answers against ground truth ...
    51/51 checks passed (margin 591s); audit on load: consistent (84 events, 5741 tickets; rejections late=0 boundary=0)
  capturing plans ...
  read benchmark:
    q01_section_map@10                     5626.3 ops/s  p50=  0.998ms p99=  20.987ms  errors=0
    q02_event_sections@10                  6242.0 ops/s  p50=  0.884ms p99=  25.028ms  errors=0
    q03_event_available@10                 6486.5 ops/s  p50=  0.886ms p99=  24.689ms  errors=0
    q01_section_map@100                    6398.7 ops/s  p50=  0.903ms p99=  23.828ms  errors=0
    q02_event_sections@100                 5908.7 ops/s  p50=  0.997ms p99=  20.948ms  errors=0
    q03_event_available@100                6156.4 ops/s  p50=  0.929ms p99=  24.826ms  errors=0
    q01_section_map@1000                   6150.8 ops/s  p50=  0.951ms p99=  22.835ms  errors=0
    q02_event_sections@1000                4750.8 ops/s  p50=  1.160ms p99=  27.032ms  errors=0
    q03_event_available@1000               4748.0 ops/s  p50=  1.161ms p99=  26.553ms  errors=0
    q01_section_map@10000                  5467.4 ops/s  p50=  1.064ms p99=  23.586ms  errors=0
    q02_event_sections@10000               2163.9 ops/s  p50=  2.574ms p99=  32.103ms  errors=0
    q03_event_available@10000              1908.7 ops/s  p50=  2.848ms p99=  34.916ms  errors=0
    q04_hold_seats                         5416.0 ops/s  p50=  0.976ms p99=  26.557ms  errors=0
    q05_customer_tickets                   4368.5 ops/s  p50=  1.570ms p99=  12.255ms  errors=0
    q06_ticket_by_id                       6714.1 ops/s  p50=  0.836ms p99=  24.881ms  errors=0
  write benchmark (fresh load per op):
    hold                                     96.8 ops/s  p50= 59.097ms p99= 294.049ms  rejected=2 retries=195 errors=0
      audit after hold: consistent (84 events, 8031 tickets; rejections late=0 boundary=0)
    release                                 379.3 ops/s  p50= 10.543ms p99=  49.946ms  rejected=0 retries=0 errors=0
      audit after release: consistent (84 events, 5741 tickets; rejections late=0 boundary=0)
    cancel                                  218.2 ops/s  p50= 22.768ms p99= 139.788ms  rejected=0 retries=0 errors=0
      audit after cancel: consistent (84 events, 3861 tickets; rejections late=0 boundary=0)
    publish@10                              267.5 ops/s  p50= 11.864ms p99=  46.651ms  rejected=0 retries=0 errors=0
    publish@100                             233.3 ops/s  p50= 12.766ms p99=  46.506ms  rejected=0 retries=0 errors=0
    publish@1000                            337.4 ops/s  p50= 10.290ms p99=  15.316ms  rejected=0 retries=0 errors=0
    publish@10000                           175.4 ops/s  p50= 10.145ms p99=  10.145ms  rejected=0 retries=0 errors=0
    publish@100000                          172.4 ops/s  p50= 10.592ms p99=  10.592ms  rejected=0 retries=0 errors=0
      audit after publish: consistent (2313 events, 5741 tickets; rejections late=0 boundary=0)
  race trial 1/1 (32 buyers per event, fresh load):
      race event 52: gate 2026-09-14T15:36:35.316483013Z, deadline 2026-09-14T15:36:55.316483013Z
      race event 53: gate 2026-09-14T15:36:36.717727861Z, deadline 2026-09-14T15:36:56.717727861Z
      race event 54: gate 2026-09-14T15:36:37.570540945Z, deadline 2026-09-14T15:36:57.570540945Z
      race event 55: gate 2026-09-14T15:36:38.011307682Z, deadline 2026-09-14T15:36:58.011307682Z
      race event 56: gate 2026-09-14T15:36:38.265172658Z, deadline 2026-09-14T15:36:58.265172658Z
      race event 57: gate 2026-09-14T15:36:38.774386647Z, deadline 2026-09-14T15:36:58.774386647Z
      race event 58: gate 2026-09-14T15:36:39.73806421Z, deadline 2026-09-14T15:36:59.73806421Z
      race event 59: gate 2026-09-14T15:36:40.032129807Z, deadline 2026-09-14T15:37:00.032129807Z
      race event 60: gate 2026-09-14T15:36:40.396077143Z, deadline 2026-09-14T15:37:00.396077143Z
      race event 61: gate 2026-09-14T15:36:40.799928191Z, deadline 2026-09-14T15:37:00.799928191Z
      race event 62: gate 2026-09-14T15:36:41.191571965Z, deadline 2026-09-14T15:37:01.191571965Z
      race event 63: gate 2026-09-14T15:36:41.463565178Z, deadline 2026-09-14T15:37:01.463565178Z
      race event 64: gate 2026-09-14T15:36:41.763092912Z, deadline 2026-09-14T15:37:01.763092912Z
      race event 65: gate 2026-09-14T15:36:42.244070726Z, deadline 2026-09-14T15:37:02.244070726Z
      race event 66: gate 2026-09-14T15:36:42.520740568Z, deadline 2026-09-14T15:37:02.520740568Z
      race event 67: gate 2026-09-14T15:36:43.092551338Z, deadline 2026-09-14T15:37:03.092551338Z
      race event 68: gate 2026-09-14T15:36:43.454045642Z, deadline 2026-09-14T15:37:03.454045642Z
      race event 69: gate 2026-09-14T15:36:43.932969962Z, deadline 2026-09-14T15:37:03.932969962Z
      race event 70: gate 2026-09-14T15:36:44.149024077Z, deadline 2026-09-14T15:37:04.149024077Z
      race event 71: gate 2026-09-14T15:36:44.479884132Z, deadline 2026-09-14T15:37:04.479884132Z
    race     10 seats x20        30.2 seats/s  conflicts/hold=14.52 reads/hold=25.64  hold p50=43.66ms p99=268.11ms  deferred 7/7 ok  errors=0  ok
      audit: consistent (20 events, 200 tickets; rejections late=0 boundary=0)
      race event 72: gate 2026-09-14T15:36:44.900246954Z, deadline 2026-09-14T15:37:04.900246954Z
      race event 73: gate 2026-09-14T15:36:47.049902302Z, deadline 2026-09-14T15:37:07.049902302Z
      race event 74: gate 2026-09-14T15:36:49.802180277Z, deadline 2026-09-14T15:37:09.802180277Z
      race event 75: gate 2026-09-14T15:36:52.209558948Z, deadline 2026-09-14T15:37:12.209558948Z
    race    100 seats x4         41.3 seats/s  conflicts/hold=6.08 reads/hold=9.37  hold p50=94.59ms p99=514.58ms  deferred 12/12 ok  errors=0  ok
      audit: consistent (4 events, 400 tickets; rejections late=0 boundary=0)
      race event 76: gate 2026-09-14T15:36:56.076516314Z, deadline 2026-09-14T15:37:16.076516314Z
    race   1000 seats x1         76.1 seats/s  conflicts/hold=2.03 reads/hold=4.06  hold p50=56.09ms p99=1034.04ms  deferred 52/52 ok  errors=0  ok
      audit: consistent (1 events, 1000 tickets; rejections late=0 boundary=0)
      race event 77: gate 2026-09-14T15:37:13.955537032Z, deadline 2026-09-14T15:37:33.955537032Z
    race  10000 seats x1        106.1 seats/s  conflicts/hold=0.94 reads/hold=2.01  hold p50=40.88ms p99=1000.61ms  deferred 80/80 ok  errors=0  ok, 1 timed out (21% sold)
      audit: consistent (1 events, 2126 tickets; rejections late=0 boundary=0)
  lifecycle trial 1/1 (32 buyers per event, one human minute = 500ms, fresh load):
    lifecycle    10 seats x2       0.3 confirmed seats/s  holds=15 abandoned=0+0 expired@check=1 rejected late/boundary/early=1/0/0  outage unavailable=0/0  leaked=0 errors=0  ok
      audit: consistent (2 events, 20 tickets; rejections late=1 boundary=0)
    lifecycle   100 seats x2       1.7 confirmed seats/s  holds=164 abandoned=32+11 expired@check=5 rejected late/boundary/early=3/0/0  outage unavailable=0/0  leaked=0 errors=0  ok
      audit: consistent (2 events, 200 tickets; rejections late=3 boundary=0)
  wrote /results/l2_section_document.json
