  engine: PostgreSQL 15.12-YB-2025.2.6.0-b0 on x86_64-pc-linux-gnu, compiled by clang version 19.1.0 (https://github.com/yugabyte/llvm-project.git a2a6b655e14e7fa1fcf1011a6cb29cb8575249c0), 64-bit
  effective isolation for READ COMMITTED requests: read committed
  database clock minus client clock: 0.004 ms
  dataset: 5 venues, 84 events, 5741 tickets and 165 holds at load
  loading l3_section_sharded ...
  loaded in 19.9s (copy 1.7s, index 7.4s)
  verifying answers against ground truth ...
    51/51 checks passed (margin 591s); audit on load: consistent (84 events, 5741 tickets; rejections late=0 boundary=0)
  capturing plans ...
  read benchmark:
    q01_section_map@10                     4923.5 ops/s  p50=  1.004ms p99=  29.134ms  errors=0
    q02_event_sections@10                   308.6 ops/s  p50=  7.966ms p99=  83.043ms  errors=0
    q03_event_available@10                  152.9 ops/s  p50= 74.536ms p99=  85.990ms  errors=0
    q01_section_map@100                    5338.8 ops/s  p50=  0.967ms p99=  32.350ms  errors=0
    q02_event_sections@100                  317.3 ops/s  p50=  7.447ms p99=  84.220ms  errors=0
    q03_event_available@100                 146.8 ops/s  p50= 75.570ms p99=  86.474ms  errors=0
    q01_section_map@1000                   4609.0 ops/s  p50=  1.047ms p99=  38.243ms  errors=0
    q02_event_sections@1000                 305.1 ops/s  p50=  7.609ms p99=  83.511ms  errors=0
    q03_event_available@1000                147.1 ops/s  p50= 75.081ms p99=  88.196ms  errors=0
    q01_section_map@10000                  3630.5 ops/s  p50=  1.217ms p99=  43.048ms  errors=0
    q02_event_sections@10000                208.1 ops/s  p50= 17.189ms p99=  80.986ms  errors=0
    q03_event_available@10000               152.8 ops/s  p50= 74.430ms p99=  86.454ms  errors=0
    q04_hold_seats                         4292.5 ops/s  p50=  1.053ms p99=  41.058ms  errors=0
    q05_customer_tickets                   5019.0 ops/s  p50=  1.378ms p99=  10.463ms  errors=0
    q06_ticket_by_id                       7124.7 ops/s  p50=  0.803ms p99=  22.852ms  errors=0
  write benchmark (fresh load per op):
    hold                                     59.4 ops/s  p50=118.261ms p99= 270.196ms  rejected=3 retries=1 errors=0
      audit after hold: consistent (84 events, 7790 tickets; rejections late=0 boundary=0)
    release                                 548.9 ops/s  p50= 10.989ms p99=  17.777ms  rejected=0 retries=0 errors=0
      audit after release: consistent (84 events, 5741 tickets; rejections late=0 boundary=0)
    cancel                                  356.5 ops/s  p50= 18.454ms p99=  50.025ms  rejected=0 retries=0 errors=0
      audit after cancel: consistent (84 events, 3588 tickets; rejections late=0 boundary=0)
    publish@10                              287.4 ops/s  p50= 10.567ms p99=  44.303ms  rejected=0 retries=0 errors=0
    publish@100                             248.3 ops/s  p50= 13.233ms p99=  36.229ms  rejected=0 retries=0 errors=0
    publish@1000                            101.0 ops/s  p50= 35.254ms p99=  51.514ms  rejected=0 retries=0 errors=0
    publish@10000                            12.7 ops/s  p50=133.528ms p99= 133.528ms  rejected=0 retries=0 errors=0
    publish@100000                            1.1 ops/s  p50=1504.079ms p99=1504.079ms  rejected=0 retries=0 errors=0
      audit after publish: consistent (2313 events, 5741 tickets; rejections late=0 boundary=0)
  race trial 1/1 (32 buyers per event, fresh load):
      race event 52: gate 2026-09-14T15:44:58.969635737Z, deadline 2026-09-14T15:45:18.969635737Z
      race event 53: gate 2026-09-14T15:45:00.362843819Z, deadline 2026-09-14T15:45:20.362843819Z
      race event 54: gate 2026-09-14T15:45:01.343918058Z, deadline 2026-09-14T15:45:21.343918058Z
      race event 55: gate 2026-09-14T15:45:02.608674993Z, deadline 2026-09-14T15:45:22.608674993Z
      race event 56: gate 2026-09-14T15:45:04.171613593Z, deadline 2026-09-14T15:45:24.171613593Z
      race event 57: gate 2026-09-14T15:45:04.929974884Z, deadline 2026-09-14T15:45:24.929974884Z
      race event 58: gate 2026-09-14T15:45:05.718308572Z, deadline 2026-09-14T15:45:25.718308572Z
      race event 59: gate 2026-09-14T15:45:06.85462305Z, deadline 2026-09-14T15:45:26.85462305Z
      race event 60: gate 2026-09-14T15:45:07.713280063Z, deadline 2026-09-14T15:45:27.713280063Z
      race event 61: gate 2026-09-14T15:45:08.851907538Z, deadline 2026-09-14T15:45:28.851907538Z
      race event 62: gate 2026-09-14T15:45:09.511458579Z, deadline 2026-09-14T15:45:29.511458579Z
      race event 63: gate 2026-09-14T15:45:10.200380099Z, deadline 2026-09-14T15:45:30.200380099Z
      race event 64: gate 2026-09-14T15:45:10.715551898Z, deadline 2026-09-14T15:45:30.715551898Z
      race event 65: gate 2026-09-14T15:45:11.2526366Z, deadline 2026-09-14T15:45:31.2526366Z
      race event 66: gate 2026-09-14T15:45:11.942551079Z, deadline 2026-09-14T15:45:31.942551079Z
      race event 67: gate 2026-09-14T15:45:13.0356695Z, deadline 2026-09-14T15:45:33.0356695Z
      race event 68: gate 2026-09-14T15:45:13.985697167Z, deadline 2026-09-14T15:45:33.985697167Z
      race event 69: gate 2026-09-14T15:45:14.728690379Z, deadline 2026-09-14T15:45:34.728690379Z
      race event 70: gate 2026-09-14T15:45:15.537382791Z, deadline 2026-09-14T15:45:35.537382791Z
      race event 71: gate 2026-09-14T15:45:16.325686675Z, deadline 2026-09-14T15:45:36.325686675Z
    race     10 seats x20        23.8 seats/s  conflicts/hold=5.03 reads/hold=10.77  hold p50=32.31ms p99=410.30ms  deferred 12/12 ok  errors=0  ok
      audit: consistent (20 events, 200 tickets; rejections late=0 boundary=0)
      race event 72: gate 2026-09-14T15:45:17.383364233Z, deadline 2026-09-14T15:45:37.383364233Z
      race event 73: gate 2026-09-14T15:45:22.515911812Z, deadline 2026-09-14T15:45:42.515911812Z
      race event 74: gate 2026-09-14T15:45:24.516086209Z, deadline 2026-09-14T15:45:44.516086209Z
      race event 75: gate 2026-09-14T15:45:26.587288052Z, deadline 2026-09-14T15:45:46.587288052Z
    race    100 seats x4         66.7 seats/s  conflicts/hold=1.96 reads/hold=3.94  hold p50=27.94ms p99=295.83ms  deferred 15/15 ok  errors=0  VIOLATIONS
      audit: VIOLATIONS — thefts 0, grants on sold seats 0, double sales 0, sales without the hold 0, late sales 0, early rejections 1, duplicate seats 0, inventory drift 0, invalid seats 0, partial holds 0, ticket mismatches 0
      race event 76: gate 2026-09-14T15:45:29.095853214Z, deadline 2026-09-14T15:45:49.095853214Z
    race   1000 seats x1         73.2 seats/s  conflicts/hold=0.62 reads/hold=2.61  hold p50=82.82ms p99=188.69ms  deferred 39/39 ok  errors=0  VIOLATIONS
      audit: VIOLATIONS — thefts 0, grants on sold seats 0, double sales 0, sales without the hold 0, late sales 0, early rejections 2, duplicate seats 0, inventory drift 0, invalid seats 0, partial holds 0, ticket mismatches 0
      race event 77: gate 2026-09-14T15:45:43.576111291Z, deadline 2026-09-14T15:46:03.576111291Z
    race  10000 seats x1        134.4 seats/s  conflicts/hold=0.16 reads/hold=1.27  hold p50=76.10ms p99=173.82ms  deferred 114/114 ok  errors=0  VIOLATIONS, 1 timed out (27% sold)
      audit: VIOLATIONS — thefts 0, grants on sold seats 0, double sales 0, sales without the hold 0, late sales 0, early rejections 4, duplicate seats 0, inventory drift 0, invalid seats 0, partial holds 0, ticket mismatches 0
  lifecycle trial 1/1 (32 buyers per event, one human minute = 500ms, fresh load):
    lifecycle    10 seats x2       0.3 confirmed seats/s  holds=21 abandoned=3+2 expired@check=0 rejected late/boundary/early=0/0/0  outage unavailable=0/0  leaked=0 errors=0  ok
      audit: consistent (2 events, 20 tickets; rejections late=0 boundary=0)
    lifecycle   100 seats x2       1.6 confirmed seats/s  holds=154 abandoned=29+11 expired@check=5 rejected late/boundary/early=2/0/0  outage unavailable=0/0  leaked=0 errors=0  ok
      audit: consistent (2 events, 200 tickets; rejections late=2 boundary=0)
  wrote /results/l3_section_sharded.json
