  engine: PostgreSQL 15.12-YB-2025.2.6.0-b0 on x86_64-pc-linux-gnu, compiled by clang version 19.1.0 (https://github.com/yugabyte/llvm-project.git a2a6b655e14e7fa1fcf1011a6cb29cb8575249c0), 64-bit
  effective isolation for READ COMMITTED requests: read committed
  database clock minus client clock: 0.005 ms
  dataset: 5 venues, 84 events, 5741 tickets and 165 holds at load
  loading s0_check_then_hold_rc ...
  loaded in 20.0s (copy 1.1s, index 9.2s)
  verifying answers against ground truth ...
    51/51 checks passed (margin 590s); audit on load: consistent (84 events, 5741 tickets; rejections late=0 boundary=0)
  capturing plans ...
  read benchmark:
    q01_section_map@10                     5341.4 ops/s  p50=  0.994ms p99=  26.729ms  errors=0
    q02_event_sections@10                  5586.0 ops/s  p50=  1.028ms p99=  24.854ms  errors=0
    q03_event_available@10                 6060.0 ops/s  p50=  0.895ms p99=  28.001ms  errors=0
    q01_section_map@100                    5381.6 ops/s  p50=  0.975ms p99=  32.659ms  errors=0
    q02_event_sections@100                 5131.9 ops/s  p50=  1.071ms p99=  28.071ms  errors=0
    q03_event_available@100                5436.9 ops/s  p50=  0.949ms p99=  33.042ms  errors=0
    q01_section_map@1000                   2900.0 ops/s  p50=  1.345ms p99=  51.377ms  errors=0
    q02_event_sections@1000                3117.1 ops/s  p50=  1.533ms p99=  40.722ms  errors=0
    q03_event_available@1000               3015.6 ops/s  p50=  1.268ms p99=  51.910ms  errors=0
    q01_section_map@10000                   586.3 ops/s  p50=  4.144ms p99=  75.541ms  errors=0
    q02_event_sections@10000                366.5 ops/s  p50= 11.850ms p99=  64.992ms  errors=0
    q03_event_available@10000               582.3 ops/s  p50=  4.127ms p99=  76.928ms  errors=0
    q04_hold_seats                          816.1 ops/s  p50=  3.563ms p99=  72.805ms  errors=0
    q05_customer_tickets                   3803.0 ops/s  p50=  1.404ms p99=  33.931ms  errors=0
    q06_ticket_by_id                       7159.3 ops/s  p50=  0.791ms p99=  24.525ms  errors=0
  write benchmark (fresh load per op):
    hold                                     57.4 ops/s  p50=118.709ms p99= 281.560ms  rejected=1 retries=2 errors=4
      first error: a 40m0s hold was refused at its immediate confirmation (early)
      audit after hold: VIOLATIONS — thefts 3, grants on sold seats 0, double sales 0, sales without the hold 0, late sales 0, early rejections 1, duplicate seats 0, inventory drift 0, invalid seats 0, partial holds 0, ticket mismatches 0
    release                                 401.2 ops/s  p50= 11.114ms p99=  35.436ms  rejected=0 retries=0 errors=0
      audit after release: consistent (84 events, 5741 tickets; rejections late=0 boundary=0)
    cancel                                  311.4 ops/s  p50= 22.845ms p99=  49.788ms  rejected=0 retries=0 errors=0
      audit after cancel: consistent (84 events, 3679 tickets; rejections late=0 boundary=0)
    publish@10                              248.8 ops/s  p50= 12.550ms p99=  53.262ms  rejected=0 retries=0 errors=0
    publish@100                             216.7 ops/s  p50= 16.014ms p99=  42.954ms  rejected=0 retries=0 errors=0
    publish@1000                             78.1 ops/s  p50= 49.606ms p99=  65.999ms  rejected=0 retries=0 errors=0
    publish@10000                             9.1 ops/s  p50=213.299ms p99= 213.299ms  rejected=0 retries=0 errors=0
    publish@100000                            0.7 ops/s  p50=2505.411ms p99=2505.411ms  rejected=0 retries=0 errors=0
      audit after publish: consistent (2313 events, 5741 tickets; rejections late=0 boundary=0)
  race trial 1/1 (32 buyers per event, fresh load):
      race event 52: gate 2026-09-14T15:27:57.180748417Z, deadline 2026-09-14T15:28:17.180748417Z
      race event 53: gate 2026-09-14T15:27:58.218627579Z, deadline 2026-09-14T15:28:18.218627579Z
      race event 54: gate 2026-09-14T15:27:58.541256773Z, deadline 2026-09-14T15:28:18.541256773Z
      race event 55: gate 2026-09-14T15:27:59.021871678Z, deadline 2026-09-14T15:28:19.021871678Z
      race event 56: gate 2026-09-14T15:27:59.324837455Z, deadline 2026-09-14T15:28:19.324837455Z
      race event 57: gate 2026-09-14T15:27:59.690724045Z, deadline 2026-09-14T15:28:19.690724045Z
      race event 58: gate 2026-09-14T15:28:03.694778406Z, deadline 2026-09-14T15:28:23.694778406Z
      race event 59: gate 2026-09-14T15:28:04.005374379Z, deadline 2026-09-14T15:28:24.005374379Z
      race event 60: gate 2026-09-14T15:28:04.230133002Z, deadline 2026-09-14T15:28:24.230133002Z
      race event 61: gate 2026-09-14T15:28:04.536435388Z, deadline 2026-09-14T15:28:24.536435388Z
      race event 62: gate 2026-09-14T15:28:04.752527145Z, deadline 2026-09-14T15:28:24.752527145Z
      race event 63: gate 2026-09-14T15:28:05.109998469Z, deadline 2026-09-14T15:28:25.109998469Z
      race event 64: gate 2026-09-14T15:28:05.336786808Z, deadline 2026-09-14T15:28:25.336786808Z
      race event 65: gate 2026-09-14T15:28:05.562307419Z, deadline 2026-09-14T15:28:25.562307419Z
      race event 66: gate 2026-09-14T15:28:05.898506279Z, deadline 2026-09-14T15:28:25.898506279Z
      race event 67: gate 2026-09-14T15:28:06.290381495Z, deadline 2026-09-14T15:28:26.290381495Z
      race event 68: gate 2026-09-14T15:28:06.615118135Z, deadline 2026-09-14T15:28:26.615118135Z
      race event 69: gate 2026-09-14T15:28:07.112343641Z, deadline 2026-09-14T15:28:27.112343641Z
      race event 70: gate 2026-09-14T15:28:07.390614644Z, deadline 2026-09-14T15:28:27.390614644Z
      race event 71: gate 2026-09-14T15:28:07.70876356Z, deadline 2026-09-14T15:28:27.70876356Z
    race     10 seats x20        57.8 seats/s  conflicts/hold=1.09 reads/hold=5.14  hold p50=25.02ms p99=361.10ms  deferred 10/23 ok  errors=329  VIOLATIONS
      audit: VIOLATIONS — thefts 87, grants on sold seats 0, double sales 0, sales without the hold 0, late sales 0, early rejections 52, duplicate seats 0, inventory drift 0, invalid seats 0, partial holds 0, ticket mismatches 0
      first error: ERROR: new row for relation "event_seat" violates check constraint "event_seat_held_has_holder" (SQLSTATE 23514)
      race event 72: gate 2026-09-14T15:28:08.275305818Z, deadline 2026-09-14T15:28:28.275305818Z
      race event 73: gate 2026-09-14T15:28:08.975243777Z, deadline 2026-09-14T15:28:28.975243777Z
      race event 74: gate 2026-09-14T15:28:09.763912381Z, deadline 2026-09-14T15:28:29.763912381Z
      race event 75: gate 2026-09-14T15:28:10.467084962Z, deadline 2026-09-14T15:28:30.467084962Z
    race    100 seats x4        178.8 seats/s  conflicts/hold=0.65 reads/hold=2.92  hold p50=26.13ms p99=195.90ms  deferred 9/17 ok  errors=166  VIOLATIONS
      audit: VIOLATIONS — thefts 78, grants on sold seats 0, double sales 0, sales without the hold 0, late sales 0, early rejections 38, duplicate seats 0, inventory drift 0, invalid seats 0, partial holds 0, ticket mismatches 0
      first error: ERROR: new row for relation "event_seat" violates check constraint "event_seat_held_has_holder" (SQLSTATE 23514)
      race event 76: gate 2026-09-14T15:28:11.459416383Z, deadline 2026-09-14T15:28:31.459416383Z
    race   1000 seats x1        155.6 seats/s  conflicts/hold=0.45 reads/hold=2.27  hold p50=42.32ms p99=188.13ms  deferred 34/44 ok  errors=161  VIOLATIONS
      audit: VIOLATIONS — thefts 63, grants on sold seats 0, double sales 0, sales without the hold 0, late sales 0, early rejections 32, duplicate seats 0, inventory drift 0, invalid seats 0, partial holds 0, ticket mismatches 0
      first error: ERROR: new row for relation "event_seat" violates check constraint "event_seat_held_has_holder" (SQLSTATE 23514)
      race event 77: gate 2026-09-14T15:28:18.762532176Z, deadline 2026-09-14T15:28:38.762532176Z
    race  10000 seats x1        112.9 seats/s  conflicts/hold=0.18 reads/hold=1.28  hold p50=87.80ms p99=201.05ms  deferred 87/99 ok  errors=73  VIOLATIONS, 1 timed out (22% sold)
      audit: VIOLATIONS — thefts 50, grants on sold seats 0, double sales 0, sales without the hold 0, late sales 0, early rejections 30, duplicate seats 0, inventory drift 0, invalid seats 0, partial holds 0, ticket mismatches 0
      first error: ERROR: new row for relation "event_seat" violates check constraint "event_seat_held_has_holder" (SQLSTATE 23514)
  lifecycle trial 1/1 (32 buyers per event, one human minute = 500ms, fresh load):
    lifecycle    10 seats x2       0.2 confirmed seats/s  holds=59 abandoned=11+5 expired@check=28 rejected late/boundary/early=1/0/0  outage unavailable=0/0  leaked=0 errors=0  VIOLATIONS
      audit: VIOLATIONS — thefts 70, grants on sold seats 0, double sales 0, sales without the hold 0, late sales 0, early rejections 0, duplicate seats 0, inventory drift 0, invalid seats 0, partial holds 0, ticket mismatches 0
    lifecycle   100 seats x2       1.4 confirmed seats/s  holds=216 abandoned=39+29 expired@check=39 rejected late/boundary/early=1/0/0  outage unavailable=0/0  leaked=0 errors=0  VIOLATIONS
      audit: VIOLATIONS — thefts 94, grants on sold seats 0, double sales 0, sales without the hold 0, late sales 0, early rejections 0, duplicate seats 0, inventory drift 0, invalid seats 0, partial holds 0, ticket mismatches 0
  wrote /results/s0_check_then_hold_rc.json
