  engine: PostgreSQL 15.12-YB-2025.2.6.0-b0 on x86_64-pc-linux-gnu, compiled by clang version 19.1.0 (https://github.com/yugabyte/llvm-project.git a2a6b655e14e7fa1fcf1011a6cb29cb8575249c0), 64-bit
  effective isolation for READ COMMITTED requests: read committed
  database clock minus client clock: 0.001 ms
  dataset: 5 venues, 84 events, 5741 tickets and 165 holds at load
  loading s1_conditional_update ...
  loaded in 24.3s (copy 1.2s, index 14.5s)
  verifying answers against ground truth ...
    51/51 checks passed (margin 581s); audit on load: consistent (84 events, 5741 tickets; rejections late=0 boundary=0)
  capturing plans ...
  read benchmark:
    q01_section_map@10                     5575.3 ops/s  p50=  0.991ms p99=  22.280ms  errors=0
    q02_event_sections@10                  5727.4 ops/s  p50=  0.984ms p99=  26.204ms  errors=0
    q03_event_available@10                 6182.5 ops/s  p50=  0.894ms p99=  26.788ms  errors=0
    q01_section_map@100                    5327.2 ops/s  p50=  0.938ms p99=  33.885ms  errors=0
    q02_event_sections@100                 5155.7 ops/s  p50=  1.082ms p99=  27.118ms  errors=0
    q03_event_available@100                5688.1 ops/s  p50=  0.900ms p99=  33.061ms  errors=0
    q01_section_map@1000                   2998.3 ops/s  p50=  1.276ms p99=  51.820ms  errors=0
    q02_event_sections@1000                3201.3 ops/s  p50=  1.459ms p99=  41.578ms  errors=0
    q03_event_available@1000               3085.2 ops/s  p50=  1.257ms p99=  51.826ms  errors=0
    q01_section_map@10000                   579.6 ops/s  p50=  4.517ms p99=  74.643ms  errors=0
    q02_event_sections@10000                378.4 ops/s  p50= 11.474ms p99=  65.182ms  errors=0
    q03_event_available@10000               565.2 ops/s  p50=  4.175ms p99=  75.887ms  errors=0
    q04_hold_seats                          820.3 ops/s  p50=  3.536ms p99=  73.387ms  errors=0
    q05_customer_tickets                   3914.3 ops/s  p50=  1.360ms p99=  33.890ms  errors=0
    q06_ticket_by_id                       7459.0 ops/s  p50=  0.761ms p99=  24.064ms  errors=0
  write benchmark (fresh load per op):
    hold                                     61.6 ops/s  p50=112.637ms p99= 295.052ms  rejected=0 retries=2 errors=0
      audit after hold: consistent (84 events, 7835 tickets; rejections late=0 boundary=0)
    release                                 460.0 ops/s  p50=  9.837ms p99=  35.524ms  rejected=0 retries=0 errors=0
      audit after release: consistent (84 events, 5741 tickets; rejections late=0 boundary=0)
    cancel                                  347.1 ops/s  p50= 17.339ms p99=  51.721ms  rejected=0 retries=0 errors=0
      audit after cancel: consistent (84 events, 3608 tickets; rejections late=0 boundary=0)
    publish@10                              259.8 ops/s  p50= 12.315ms p99=  40.301ms  rejected=0 retries=0 errors=0
    publish@100                             211.4 ops/s  p50= 16.390ms p99=  36.549ms  rejected=0 retries=0 errors=0
    publish@1000                             81.3 ops/s  p50= 44.632ms p99=  58.310ms  rejected=0 retries=0 errors=0
    publish@10000                             7.8 ops/s  p50=223.596ms p99= 223.596ms  rejected=0 retries=0 errors=0
    publish@100000                            0.6 ops/s  p50=2954.422ms p99=2954.422ms  rejected=0 retries=0 errors=0
      audit after publish: consistent (2313 events, 5741 tickets; rejections late=0 boundary=0)
  race trial 1/1 (32 buyers per event, fresh load):
      race event 52: gate 2026-09-14T15:11:00.086648275Z, deadline 2026-09-14T15:11:20.086648275Z
      race event 53: gate 2026-09-14T15:11:00.86606267Z, deadline 2026-09-14T15:11:20.86606267Z
      race event 54: gate 2026-09-14T15:11:01.57288223Z, deadline 2026-09-14T15:11:21.57288223Z
      race event 55: gate 2026-09-14T15:11:01.997865053Z, deadline 2026-09-14T15:11:21.997865053Z
      race event 56: gate 2026-09-14T15:11:02.642409695Z, deadline 2026-09-14T15:11:22.642409695Z
      race event 57: gate 2026-09-14T15:11:02.920916171Z, deadline 2026-09-14T15:11:22.920916171Z
      race event 58: gate 2026-09-14T15:11:03.145203807Z, deadline 2026-09-14T15:11:23.145203807Z
      race event 59: gate 2026-09-14T15:11:03.294584915Z, deadline 2026-09-14T15:11:23.294584915Z
      race event 60: gate 2026-09-14T15:11:03.48798386Z, deadline 2026-09-14T15:11:23.48798386Z
      race event 61: gate 2026-09-14T15:11:03.620760432Z, deadline 2026-09-14T15:11:23.620760432Z
      race event 62: gate 2026-09-14T15:11:03.892006294Z, deadline 2026-09-14T15:11:23.892006294Z
      race event 63: gate 2026-09-14T15:11:04.065247527Z, deadline 2026-09-14T15:11:24.065247527Z
      race event 64: gate 2026-09-14T15:11:04.265805872Z, deadline 2026-09-14T15:11:24.265805872Z
      race event 65: gate 2026-09-14T15:11:04.490395993Z, deadline 2026-09-14T15:11:24.490395993Z
      race event 66: gate 2026-09-14T15:11:04.667053458Z, deadline 2026-09-14T15:11:24.667053458Z
      race event 67: gate 2026-09-14T15:11:04.933035433Z, deadline 2026-09-14T15:11:24.933035433Z
      race event 68: gate 2026-09-14T15:11:05.07578992Z, deadline 2026-09-14T15:11:25.07578992Z
      race event 69: gate 2026-09-14T15:11:05.18483276Z, deadline 2026-09-14T15:11:25.18483276Z
      race event 70: gate 2026-09-14T15:11:05.510934031Z, deadline 2026-09-14T15:11:25.510934031Z
      race event 71: gate 2026-09-14T15:11:05.88561738Z, deadline 2026-09-14T15:11:25.88561738Z
    race     10 seats x20        61.5 seats/s  conflicts/hold=6.64 reads/hold=13.54  hold p50=21.30ms p99=144.68ms  deferred 17/17 ok  errors=0  ok
      audit: consistent (20 events, 200 tickets; rejections late=0 boundary=0)
      race event 72: gate 2026-09-14T15:11:06.195171686Z, deadline 2026-09-14T15:11:26.195171686Z
      race event 73: gate 2026-09-14T15:11:06.797973055Z, deadline 2026-09-14T15:11:26.797973055Z
      race event 74: gate 2026-09-14T15:11:07.529755933Z, deadline 2026-09-14T15:11:27.529755933Z
      race event 75: gate 2026-09-14T15:11:08.215092656Z, deadline 2026-09-14T15:11:28.215092656Z
    race    100 seats x4        161.5 seats/s  conflicts/hold=2.40 reads/hold=4.74  hold p50=20.00ms p99=155.46ms  deferred 23/23 ok  errors=0  ok
      audit: consistent (4 events, 400 tickets; rejections late=0 boundary=0)
      race event 76: gate 2026-09-14T15:11:09.123208089Z, deadline 2026-09-14T15:11:29.123208089Z
    race   1000 seats x1        158.6 seats/s  conflicts/hold=0.97 reads/hold=2.75  hold p50=25.34ms p99=106.39ms  deferred 53/53 ok  errors=0  VIOLATIONS
      audit: VIOLATIONS — thefts 0, grants on sold seats 0, double sales 0, sales without the hold 0, late sales 0, early rejections 2, duplicate seats 0, inventory drift 0, invalid seats 0, partial holds 0, ticket mismatches 0
      race event 77: gate 2026-09-14T15:11:15.876211766Z, deadline 2026-09-14T15:11:35.876211766Z
    race  10000 seats x1        116.4 seats/s  conflicts/hold=0.33 reads/hold=1.36  hold p50=74.66ms p99=171.71ms  deferred 91/91 ok  errors=0  VIOLATIONS, 1 timed out (23% sold)
      audit: VIOLATIONS — thefts 0, grants on sold seats 0, double sales 0, sales without the hold 0, late sales 0, early rejections 1, duplicate seats 0, inventory drift 0, invalid seats 0, partial holds 0, ticket mismatches 0
  lifecycle trial 1/1 (32 buyers per event, one human minute = 500ms, fresh load):
    lifecycle    10 seats x2       0.3 confirmed seats/s  holds=18 abandoned=1+1 expired@check=3 rejected late/boundary/early=0/0/0  outage unavailable=0/0  leaked=0 errors=0  ok
      audit: consistent (2 events, 20 tickets; rejections late=0 boundary=0)
    lifecycle   100 seats x2       2.0 confirmed seats/s  holds=168 abandoned=24+23 expired@check=11 rejected late/boundary/early=0/0/0  outage unavailable=0/0  leaked=0 errors=0  ok
      audit: consistent (2 events, 200 tickets; rejections late=0 boundary=0)
  wrote /results/s1_conditional_update.json
