  engine: PostgreSQL 15.12-YB-2025.2.6.0-b0 on x86_64-pc-linux-gnu, compiled by clang version 19.1.0 (https://github.com/yugabyte/llvm-project.git a2a6b655e14e7fa1fcf1011a6cb29cb8575249c0), 64-bit
  effective isolation for READ COMMITTED requests: read committed
  dataset: 10 bands, 90 events, 26100 seats, 6880 sold at load
  loading x1_cas_ledger ...
  loaded in 27.6s (copy 0.6s, index 25.2s)
  verifying answers against ground truth ...
    46/46 checks passed; audit on load: consistent (90 events, 6880 seats sold)
    ledger audit on load: consistent (26100 seats checked)
  capturing plans ...
  read benchmark:
    q01_event_availability@10              4492.5 ops/s  p50=  0.563ms p99=  64.730ms  errors=0
    q01_event_availability@100             4531.7 ops/s  p50=  0.579ms p99=  64.427ms  errors=0
    q01_event_availability@1000            3482.2 ops/s  p50=  0.741ms p99=  67.160ms  errors=0
    q01_event_availability@10000           1599.2 ops/s  p50=  1.445ms p99=  72.174ms  errors=0
    q02_band_events                         661.6 ops/s  p50=  3.331ms p99=  81.962ms  errors=0
    q03_customer_tickets                   2984.5 ops/s  p50=  0.864ms p99=  67.486ms  errors=0
    q04_ticket_by_id                       4883.5 ops/s  p50=  0.546ms p99=  63.719ms  errors=0
    q05_band_tickets_sold                   205.0 ops/s  p50=  3.710ms p99= 191.682ms  errors=0
  operational reports:
    r01_event_sales_window@trailing              3309.2 ops/s  p50=  0.755ms p99=  66.671ms  errors=0
    r01_event_sales_window@historical            3209.2 ops/s  p50=  0.772ms p99=  66.751ms  errors=0
    r02_event_recent_buyers                      1367.7 ops/s  p50=  1.249ms p99=  83.903ms  errors=0
    r03_customers_last_purchase_window@trailing      349.7 ops/s  p50=  6.923ms p99=  81.633ms  errors=0
    r03_customers_last_purchase_window@historical      351.8 ops/s  p50=  6.839ms p99=  81.483ms  errors=0
    r04_band_sellthrough                          187.1 ops/s  p50=  4.408ms p99= 199.483ms  errors=0
    r05_refunds_window@trailing                  4284.6 ops/s  p50=  0.604ms p99=  64.169ms  errors=0
    r05_refunds_window@historical                4515.0 ops/s  p50=  0.580ms p99=  64.251ms  errors=0
  write benchmark (fresh load per op):
    book                                    196.3 ops/s  p50= 10.940ms p99= 192.173ms  rejected=0 retries=466 errors=0
      audit after book: consistent (90 events, 8238 seats sold)
      ledger audit after book: consistent (26100 seats checked)
    cancel                                  246.4 ops/s  p50= 11.102ms p99=  90.470ms  rejected=0 retries=0 errors=0
      audit after cancel: consistent (90 events, 5165 seats sold)
      ledger audit after cancel: consistent (26100 seats checked)
      report check r01_event_sales_window@write:cancel event 51 (booked=0, cancelled=1473): ok
      report check r05_refunds_window@write:cancel every event (harness cancelled=1715, tolerance=0): ok
  race trial 1/1 (32 buyers per event, fresh load):
    race       10 seats x20        36.7 sold/s  p50= 75.240ms p99= 593.729ms  attempts/sale=6.45 errors=0  editor p99=179.57ms  ok
      audit: consistent (90 events, 7080 seats sold)
      ledger audit: consistent (26100 seats checked)
    race      100 seats x4        159.2 sold/s  p50= 95.750ms p99= 403.512ms  attempts/sale=2.06 errors=0  editor p99=98.29ms  ok
      audit: consistent (90 events, 7480 seats sold)
      ledger audit: consistent (26100 seats checked)
    race     1000 seats x1        230.3 sold/s  p50=102.237ms p99= 404.192ms  attempts/sale=1.25 errors=0  editor p99=224.19ms  ok
      audit: consistent (90 events, 8480 seats sold)
      ledger audit: consistent (26100 seats checked)
    race    10000 seats x1        229.7 sold/s  p50=105.124ms p99= 409.877ms  attempts/sale=1.09 errors=0  editor p99=201.63ms  ok
      audit: consistent (90 events, 18480 seats sold)
      ledger audit: consistent (26100 seats checked)
  churn trial 1/1 (32 buyers per event, fresh load):
    churn      10 seats x10        38.9 sold/s  p50= 46.107ms p99= 918.572ms  attempts/sale=5.85 errors=0  editor p99=143.67ms  ok
      audit: consistent (90 events, 6980 seats sold)
      ledger audit: consistent (26100 seats checked)
    churn     100 seats x2        101.2 sold/s  p50=107.796ms p99= 492.262ms  attempts/sale=2.42 errors=0  editor p99=112.81ms  ok
      audit: consistent (90 events, 7180 seats sold)
      ledger audit: consistent (26100 seats checked)
    churn    1000 seats x1        195.3 sold/s  p50=101.756ms p99= 591.794ms  attempts/sale=1.31 errors=0  editor p99=390.01ms  ok
      audit: consistent (90 events, 8180 seats sold)
      ledger audit: consistent (26100 seats checked)
      report check r01_event_sales_window@churn#1 event 90 (booked=1101, cancelled=101): ok
      report check r05_refunds_window@churn#1     every event (harness cancelled=133, tolerance=0): ok
  wrote /results/full.json
