  engine: PostgreSQL 15.12-YB-2025.2.6.0-b0 on x86_64-pc-linux-gnu, compiled by clang version 19.1.0 (https://github.com/yugabyte/llvm-project.git a2a6b655e14e7fa1fcf1011a6cb29cb8575249c0), 64-bit
  effective isolation for READ COMMITTED requests: read committed
  dataset: 10 bands, 90 events, 26100 seats, 6880 sold at load
  loading c2_count_serializable ...
  loaded in 4.6s (copy 0.2s, index 2.1s)
  verifying answers against ground truth ...
    38/38 checks passed; audit on load: consistent (90 events, 6880 seats sold)
  capturing plans ...
  write benchmark (fresh load per op):
    book                                      4.6 ops/s  p50=1816.155ms p99=2808.424ms  rejected=0 retries=141 errors=0
      audit after book: consistent (90 events, 6911 seats sold)
    cancel                                  530.4 ops/s  p50=  4.632ms p99=  78.609ms  rejected=0 retries=0 errors=0
      audit after cancel: consistent (90 events, 6177 seats sold)
    publish@10                              454.2 ops/s  p50=  2.937ms p99=  69.151ms  rejected=0 retries=0 errors=0
    publish@100                             476.1 ops/s  p50=  2.863ms p99=  72.863ms  rejected=0 retries=0 errors=0
    publish@1000                            247.3 ops/s  p50=  2.854ms p99=  67.578ms  rejected=0 retries=0 errors=0
    publish@10000                           833.7 ops/s  p50=  2.342ms p99=   2.342ms  rejected=0 retries=0 errors=0
    publish@100000                          922.8 ops/s  p50=  1.949ms p99=   1.949ms  rejected=0 retries=0 errors=0
      audit after publish: consistent (2319 events, 6880 seats sold)
  race trial 1/1 (32 buyers per event, fresh load):
ERROR: race race event 52: final count: failed to connect to `user=yugabyte database=yugabyte`:
	10.89.0.146:5433 (yb-single): server error: FATAL: the database system is shutting down (SQLSTATE 57P03)
	10.89.0.146:5433 (yb-single): server error: FATAL: the database system is shutting down (SQLSTATE 57P03)
  wrote /results/c2_count_serializable.json
