  engine: PostgreSQL 15.12-YB-2025.2.6.0-b0 on x86_64-pc-linux-gnu, compiled by clang version 19.1.0 (https://github.com/yugabyte/llvm-project.git a2a6b655e14e7fa1fcf1011a6cb29cb8575249c0), 64-bit
  effective isolation for READ COMMITTED requests: read committed
  dataset: 10 bands, 90 events, 26100 seats, 6880 sold at load
  loading h1_hold_checked_confirm ...
  loaded in 5.0s (copy 0.2s, index 2.4s)
  verifying answers against ground truth ...
    38/38 checks passed; audit on load: consistent (90 events, 6880 seats sold)
  capturing plans ...
  write benchmark (fresh load per op):
    book                                     86.5 ops/s  p50= 72.474ms p99= 381.066ms  rejected=0 retries=0 errors=0
      audit after book: consistent (90 events, 6990 seats sold)
    cancel                                   47.6 ops/s  p50=131.576ms p99= 402.349ms  rejected=0 retries=0 errors=0
      audit after cancel: consistent (90 events, 6790 seats sold)
    publish@10                              573.4 ops/s  p50=  2.338ms p99=  69.234ms  rejected=0 retries=0 errors=0
    publish@100                             627.3 ops/s  p50=  2.340ms p99=  69.971ms  rejected=0 retries=0 errors=0
    publish@1000                            266.4 ops/s  p50=  2.097ms p99=  65.196ms  rejected=0 retries=0 errors=0
    publish@10000                          1242.6 ops/s  p50=  1.563ms p99=   1.563ms  rejected=0 retries=0 errors=0
    publish@100000                         1042.8 ops/s  p50=  1.765ms p99=   1.765ms  rejected=0 retries=0 errors=0
      audit after publish: consistent (2319 events, 6880 seats sold)
  race trial 1/1 (32 buyers per event, fresh load):
    race       10 seats x20        16.8 sold/s  p50=286.127ms p99= 814.922ms  attempts/sale=1.00 errors=0  editor p99=563.29ms  ok
      audit: consistent (90 events, 7080 seats sold)
    race      100 seats x4         15.5 sold/s  p50=1991.948ms p99=3153.540ms  attempts/sale=1.00 errors=0  editor p99=1162.31ms  ok
      audit: consistent (90 events, 7480 seats sold)
  churn trial 1/1 (32 buyers per event, fresh load):
    churn      10 seats x10        16.7 sold/s  p50=279.251ms p99= 765.963ms  attempts/sale=1.00 errors=0  editor p99=524.10ms  ok
      audit: consistent (90 events, 6980 seats sold)
    churn     100 seats x2         15.4 sold/s  p50=1915.754ms p99=2730.589ms  attempts/sale=1.00 errors=0  editor p99=915.01ms  ok
      audit: consistent (90 events, 7180 seats sold)
  holds (32 buyers per event, TTL 250ms, fresh load):
    holds      10 seats x4        4.5 confirmed/s  holds=147 abandoned=46 late-rejected=17 swept=107 errors=0  ok
      audit: consistent (90 events, 6920 seats sold)
    holds     100 seats x4        0.4 confirmed/s  holds=2485 abandoned=629 late-rejected=35 swept=2437 errors=0  ok
      audit: consistent (90 events, 6968 seats sold)
  wrote /results/h1_hold_checked_confirm.json
