  engine: PostgreSQL 15.12-YB-2025.2.6.0-b0 on x86_64-pc-linux-gnu, compiled by clang version 19.1.0 (https://github.com/yugabyte/llvm-project.git a2a6b655e14e7fa1fcf1011a6cb29cb8575249c0), 64-bit
  effective isolation for READ COMMITTED requests: read committed
  dataset: 10 bands, 90 events, 26100 seats, 6880 sold at load
  loading r1_inventory_row ...
  loaded in 4.7s (copy 0.2s, index 2.2s)
  verifying answers against ground truth ...
    38/38 checks passed; audit on load: consistent (90 events, 6880 seats sold)
  capturing plans ...
  write benchmark (fresh load per op):
    book                                     79.7 ops/s  p50=  8.775ms p99= 402.170ms  rejected=0 retries=0 errors=0
      audit after book: consistent (90 events, 7006 seats sold)
    cancel                                   53.8 ops/s  p50=102.758ms p99= 489.252ms  rejected=0 retries=0 errors=0
      audit after cancel: consistent (90 events, 6787 seats sold)
    publish@10                              361.4 ops/s  p50=  4.019ms p99=  68.656ms  rejected=0 retries=0 errors=0
    publish@100                             324.9 ops/s  p50=  4.665ms p99=  69.366ms  rejected=0 retries=0 errors=0
    publish@1000                            246.2 ops/s  p50=  5.324ms p99=  58.516ms  rejected=0 retries=0 errors=0
    publish@10000                           482.0 ops/s  p50=  4.060ms p99=   4.060ms  rejected=0 retries=0 errors=0
    publish@100000                          491.5 ops/s  p50=  3.717ms p99=   3.717ms  rejected=0 retries=0 errors=0
      audit after publish: consistent (2319 events, 6880 seats sold)
  race trial 1/1 (32 buyers per event, fresh load):
    race       10 seats x20        20.0 sold/s  p50=175.077ms p99= 595.064ms  attempts/sale=1.00 errors=0  editor p99=77.24ms  ok
      audit: consistent (90 events, 7080 seats sold)
    race      100 seats x4         18.4 sold/s  p50=1518.712ms p99=2817.039ms  attempts/sale=1.00 errors=0  editor p99=68.25ms  ok
      audit: consistent (90 events, 7480 seats sold)
  churn trial 1/1 (32 buyers per event, fresh load):
    churn      10 seats x10        17.5 sold/s  p50=218.164ms p99= 847.381ms  attempts/sale=1.00 errors=0  editor p99=74.40ms  ok
      audit: consistent (90 events, 6980 seats sold)
    churn     100 seats x2         19.7 sold/s  p50=1140.318ms p99=3034.000ms  attempts/sale=1.00 errors=0  editor p99=57.05ms  ok
      audit: consistent (90 events, 7180 seats sold)
  wrote /results/r1_inventory_row.json
