  engine: PostgreSQL 15.12-YB-2025.2.6.0-b0 on x86_64-pc-linux-gnu, compiled by clang version 19.1.0 (https://github.com/yugabyte/llvm-project.git a2a6b655e14e7fa1fcf1011a6cb29cb8575249c0), 64-bit
  effective isolation for READ COMMITTED requests: read committed
  dataset: 10 bands, 90 events, 26100 seats, 6880 sold at load
  loading r2_inventory_buckets ...
  loaded in 5.6s (copy 0.2s, index 2.5s)
  verifying answers against ground truth ...
    38/38 checks passed; audit on load: consistent (90 events, 6880 seats sold)
  capturing plans ...
  write benchmark (fresh load per op):
    book                                    190.1 ops/s  p50= 11.236ms p99= 199.030ms  rejected=0 retries=58 errors=0
      audit after book: consistent (90 events, 7107 seats sold)
    cancel                                  185.1 ops/s  p50= 18.304ms p99= 192.522ms  rejected=0 retries=33 errors=0
      audit after cancel: consistent (90 events, 6626 seats sold)
    publish@10                              301.4 ops/s  p50=  4.644ms p99=  71.664ms  rejected=0 retries=0 errors=0
    publish@100                             275.1 ops/s  p50=  5.375ms p99=  71.931ms  rejected=0 retries=0 errors=0
    publish@1000                            183.6 ops/s  p50=  5.972ms p99=  66.709ms  rejected=0 retries=0 errors=0
    publish@10000                            38.8 ops/s  p50= 51.058ms p99=  51.058ms  rejected=0 retries=0 errors=0
    publish@100000                          507.0 ops/s  p50=  3.869ms p99=   3.869ms  rejected=0 retries=0 errors=0
      audit after publish: consistent (2319 events, 6880 seats sold)
  race trial 1/1 (32 buyers per event, fresh load):
    race       10 seats x20        25.0 sold/s  p50= 83.966ms p99= 869.257ms  attempts/sale=10.30 errors=0  editor p99=194.87ms  ok
      audit: consistent (90 events, 7080 seats sold)
    race      100 seats x4         67.0 sold/s  p50=197.356ms p99=1088.375ms  attempts/sale=3.11 errors=0  editor p99=93.55ms  ok
      audit: consistent (90 events, 7480 seats sold)
  churn trial 1/1 (32 buyers per event, fresh load):
    churn      10 seats x10        18.0 sold/s  p50= 94.474ms p99=1129.779ms  attempts/sale=12.40 errors=0  editor p99=188.35ms  ok
      audit: consistent (90 events, 6980 seats sold)
    churn     100 seats x2         59.1 sold/s  p50=221.680ms p99=1406.989ms  attempts/sale=3.51 errors=0  editor p99=109.46ms  ok
      audit: consistent (90 events, 7180 seats sold)
  wrote /results/r2_inventory_buckets.json
