  engine: PostgreSQL 15.12-YB-2025.2.6.0-b0 on x86_64-pc-linux-gnu, compiled by clang version 19.1.0 (https://github.com/yugabyte/llvm-project.git a2a6b655e14e7fa1fcf1011a6cb29cb8575249c0), 64-bit
  effective isolation for READ COMMITTED requests: read committed
  dataset: 10 bands, 90 events, 26100 seats, 6880 sold at load
  loading r3_seat_pool ...
  loaded in 6.3s (copy 0.4s, index 3.1s)
  verifying answers against ground truth ...
    38/38 checks passed; audit on load: consistent (90 events, 6880 seats sold)
  capturing plans ...
  write benchmark (fresh load per op):
    book                                    206.7 ops/s  p50= 17.354ms p99= 109.192ms  rejected=0 retries=0 errors=0
      audit after book: consistent (90 events, 7130 seats sold)
    cancel                                  357.9 ops/s  p50=  6.702ms p99= 117.691ms  rejected=0 retries=0 errors=0
      audit after cancel: consistent (90 events, 6418 seats sold)
    publish@10                              330.8 ops/s  p50=  4.104ms p99=  72.010ms  rejected=0 retries=0 errors=0
    publish@100                             234.2 ops/s  p50=  5.829ms p99=  74.418ms  rejected=0 retries=0 errors=0
    publish@1000                            100.6 ops/s  p50= 15.527ms p99=  77.768ms  rejected=0 retries=0 errors=0
    publish@10000                            18.1 ops/s  p50= 95.054ms p99=  95.054ms  rejected=0 retries=0 errors=0
    publish@100000                            1.0 ops/s  p50=1916.867ms p99=1916.867ms  rejected=0 retries=0 errors=0
      audit after publish: consistent (2319 events, 6880 seats sold)
  race trial 1/1 (32 buyers per event, fresh load):
    race       10 seats x20        32.3 sold/s  p50= 84.346ms p99= 624.213ms  attempts/sale=7.08 errors=0  editor p99=273.00ms  ok
      audit: consistent (90 events, 7080 seats sold)
    race      100 seats x4         87.0 sold/s  p50=290.783ms p99= 768.270ms  attempts/sale=1.01 errors=0  editor p99=91.62ms  ok
      audit: consistent (90 events, 7480 seats sold)
  churn trial 1/1 (32 buyers per event, fresh load):
    churn      10 seats x10        23.7 sold/s  p50= 87.042ms p99= 712.960ms  attempts/sale=9.58 errors=0  editor p99=191.00ms  ok
      audit: consistent (90 events, 6980 seats sold)
    churn     100 seats x2         94.6 sold/s  p50=266.324ms p99= 720.414ms  attempts/sale=1.19 errors=0  editor p99=92.28ms  ok
      audit: consistent (90 events, 7180 seats sold)
  wrote /results/r3_seat_pool.json
