The files belonging to this database system will be owned by user "postgres".
This user must also own the server process.

The database cluster will be initialized with locale "en_US.utf8".
The default database encoding has accordingly been set to "UTF8".
The default text search configuration will be set to "english".

Data page checksums are disabled.

fixing permissions on existing directory /var/lib/postgresql/data/pgdata ... ok
creating subdirectories ... ok
selecting dynamic shared memory implementation ... posix
selecting default "max_connections" ... 100
selecting default "shared_buffers" ... 128MB
selecting default time zone ... Etc/UTC
creating configuration files ... ok
running bootstrap script ... ok
performing post-bootstrap initialization ... ok
syncing data to disk ... ok


Success. You can now start the database server using:

    pg_ctl -D /var/lib/postgresql/data/pgdata -l logfile start

initdb: warning: enabling "trust" authentication for local connections
initdb: hint: You can change this by editing pg_hba.conf or using the option -A, or --auth-local and --auth-host, the next time you run initdb.
waiting for server to start....2026-09-14 10:47:45.448 UTC [47] LOG:  starting PostgreSQL 17.11 (Debian 17.11-1.pgdg13+2) on x86_64-pc-linux-gnu, compiled by gcc (Debian 14.2.0-19) 14.2.0, 64-bit
2026-09-14 10:47:45.449 UTC [47] LOG:  listening on Unix socket "/var/run/postgresql/.s.PGSQL.5432"
2026-09-14 10:47:45.452 UTC [50] LOG:  database system was shut down at 2026-09-14 10:47:45 UTC
2026-09-14 10:47:45.498 UTC [47] LOG:  database system is ready to accept connections
 done
server started
CREATE DATABASE


/usr/local/bin/docker-entrypoint.sh: ignoring /docker-entrypoint-initdb.d/*

waiting for server to shut down...2026-09-14 10:47:45.694 UTC [47] LOG:  received fast shutdown request
.2026-09-14 10:47:45.696 UTC [47] LOG:  aborting any active transactions
2026-09-14 10:47:45.697 UTC [47] LOG:  background worker "logical replication launcher" (PID 53) exited with exit code 1
2026-09-14 10:47:45.698 UTC [48] LOG:  shutting down
2026-09-14 10:47:45.719 UTC [48] LOG:  checkpoint starting: shutdown immediate
2026-09-14 10:47:45.811 UTC [48] LOG:  checkpoint complete: wrote 925 buffers (11.3%); 0 WAL file(s) added, 0 removed, 0 recycled; write=0.015 s, sync=0.052 s, total=0.113 s; sync files=301, longest=0.004 s, average=0.001 s; distance=4256 kB, estimate=4256 kB; lsn=0/19179D8, redo lsn=0/19179D8
2026-09-14 10:47:45.814 UTC [47] LOG:  database system is shut down
 done
server stopped

PostgreSQL init process complete; ready for start up.

2026-09-14 10:47:45.950 UTC [1] LOG:  starting PostgreSQL 17.11 (Debian 17.11-1.pgdg13+2) on x86_64-pc-linux-gnu, compiled by gcc (Debian 14.2.0-19) 14.2.0, 64-bit
2026-09-14 10:47:45.951 UTC [1] LOG:  listening on IPv4 address "0.0.0.0", port 5432
2026-09-14 10:47:45.951 UTC [1] LOG:  listening on IPv6 address "::", port 5432
2026-09-14 10:47:45.953 UTC [1] LOG:  listening on Unix socket "/var/run/postgresql/.s.PGSQL.5432"
2026-09-14 10:47:45.957 UTC [63] LOG:  database system was shut down at 2026-09-14 10:47:45 UTC
2026-09-14 10:47:45.982 UTC [1] LOG:  database system is ready to accept connections
2026-09-14 10:48:01.026 UTC [79] LOG:  skipping vacuum of "donation" --- lock not available
2026-09-14 10:49:54.341 UTC [2065] LOG:  skipping vacuum of "person" --- lock not available
2026-09-14 10:52:45.325 UTC [61] LOG:  checkpoint starting: time
2026-09-14 10:52:47.305 UTC [61] LOG:  checkpoint complete: wrote 17 buffers (0.2%); 0 WAL file(s) added, 0 removed, 53 recycled; write=1.729 s, sync=0.053 s, total=1.983 s; sync files=91, longest=0.029 s, average=0.001 s; distance=874970 kB, estimate=874970 kB; lsn=0/3ACB6DB8, redo lsn=0/36F8E2D8
2026-09-14 10:53:14.308 UTC [2927] LOG:  skipping vacuum of "person" --- lock not available
2026-09-14 10:57:52.875 UTC [61] LOG:  checkpoint starting: time
2026-09-14 10:57:55.837 UTC [61] LOG:  checkpoint complete: wrote 15 buffers (0.2%); 0 WAL file(s) added, 0 removed, 65 recycled; write=0.990 s, sync=0.220 s, total=2.964 s; sync files=80, longest=0.086 s, average=0.003 s; distance=1051542 kB, estimate=1051542 kB; lsn=0/77273CE0, redo lsn=0/77273C88
2026-09-14 10:59:01.084 UTC [5968] LOG:  skipping vacuum of "donation" --- lock not available
