  engine: PostgreSQL 15.12-YB-2025.2.6.0-b0 on x86_64-pc-linux-gnu, compiled by clang version 19.1.0 (https://github.com/yugabyte/llvm-project.git a2a6b655e14e7fa1fcf1011a6cb29cb8575249c0), 64-bit
  effective isolation for READ COMMITTED requests: read committed
  dataset: 40 bands, 690 events, 289500 seats, 65388 sold at load
  loading c2_count_serializable ...
  loaded in 5.2s (copy 0.9s, index 2.8s)
  verifying answers against ground truth ...
    40/40 checks passed; audit on load: consistent (690 events, 65388 seats sold)
  capturing plans ...
  read benchmark:
    q01_event_availability@10              2444.6 ops/s  p50=  1.015ms p99=  69.231ms  errors=0
    q01_event_availability@100             2525.4 ops/s  p50=  0.996ms p99=  68.549ms  errors=0
    q01_event_availability@1000            1915.1 ops/s  p50=  1.199ms p99=  71.847ms  errors=0
    q01_event_availability@10000           1047.2 ops/s  p50=  2.090ms p99=  75.327ms  errors=0
    q01_event_availability@100000           202.8 ops/s  p50= 13.855ms p99=  97.439ms  errors=0
    q02_band_events                         345.6 ops/s  p50=  4.100ms p99= 188.997ms  errors=0
    q03_customer_tickets                   2639.7 ops/s  p50=  0.950ms p99=  68.498ms  errors=0
    q04_ticket_by_id                       4683.7 ops/s  p50=  0.563ms p99=  65.140ms  errors=0
    q05_band_tickets_sold                   668.8 ops/s  p50=  2.134ms p99= 105.959ms  errors=0
  write benchmark (fresh load per op):
    book                                      4.9 ops/s  p50=1199.175ms p99=4614.929ms  rejected=0 retries=284 errors=0
      audit after book: consistent (690 events, 65428 seats sold)
    cancel                                  470.2 ops/s  p50=  4.733ms p99=  81.545ms  rejected=0 retries=0 errors=0
      audit after cancel: consistent (690 events, 61985 seats sold)
    publish@10                              558.8 ops/s  p50=  2.488ms p99=  69.488ms  rejected=0 retries=0 errors=0
    publish@100                             514.5 ops/s  p50=  2.568ms p99=  68.674ms  rejected=0 retries=0 errors=0
    publish@1000                            254.5 ops/s  p50=  2.431ms p99=  67.908ms  rejected=0 retries=0 errors=0
    publish@10000                          1003.3 ops/s  p50=  1.968ms p99=   1.968ms  rejected=0 retries=0 errors=0
    publish@100000                         1257.8 ops/s  p50=  1.563ms p99=   1.563ms  rejected=0 retries=0 errors=0
      audit after publish: consistent (2919 events, 65388 seats sold)
  race trial 1/1 (32 buyers per event, fresh load):
ERROR: race race event 503: final count: failed to connect to `user=yugabyte database=yugabyte`:
	10.89.0.171:5433 (yb-single): server error: FATAL: the database system is shutting down (SQLSTATE 57P03)
	10.89.0.171:5433 (yb-single): server error: FATAL: the database system is shutting down (SQLSTATE 57P03)
  wrote /results/c2_count_serializable.json
