  engine: PostgreSQL 15.12-YB-2025.2.6.0-b0 on x86_64-pc-linux-gnu, compiled by clang version 19.1.0 (https://github.com/yugabyte/llvm-project.git a2a6b655e14e7fa1fcf1011a6cb29cb8575249c0), 64-bit
  effective isolation for READ COMMITTED requests: read committed
  dataset: 40 bands, 690 events, 289500 seats, 65388 sold at load
  loading c3_count_lock_event ...
  loaded in 6.5s (copy 1.0s, index 3.8s)
  verifying answers against ground truth ...
    40/40 checks passed; audit on load: consistent (690 events, 65388 seats sold)
  capturing plans ...
  read benchmark:
    q01_event_availability@10              2458.2 ops/s  p50=  1.005ms p99=  68.547ms  errors=0
    q01_event_availability@100             2386.6 ops/s  p50=  1.008ms p99=  69.394ms  errors=0
    q01_event_availability@1000            2015.1 ops/s  p50=  1.187ms p99=  70.138ms  errors=0
    q01_event_availability@10000            998.2 ops/s  p50=  2.254ms p99=  75.218ms  errors=0
    q01_event_availability@100000           221.6 ops/s  p50= 10.691ms p99=  94.519ms  errors=0
    q02_band_events                         326.6 ops/s  p50=  4.450ms p99= 194.286ms  errors=0
    q03_customer_tickets                   2616.1 ops/s  p50=  0.961ms p99=  68.497ms  errors=0
    q04_ticket_by_id                       4672.9 ops/s  p50=  0.564ms p99=  65.005ms  errors=0
    q05_band_tickets_sold                   656.0 ops/s  p50=  2.141ms p99= 106.272ms  errors=0
  write benchmark (fresh load per op):
    book                                    165.1 ops/s  p50= 62.299ms p99= 109.010ms  rejected=0 retries=0 errors=0
      audit after book: consistent (690 events, 66517 seats sold)
    cancel                                  470.9 ops/s  p50=  4.816ms p99=  81.299ms  rejected=0 retries=0 errors=0
      audit after cancel: consistent (690 events, 61989 seats sold)
    publish@10                              549.2 ops/s  p50=  2.500ms p99=  69.073ms  rejected=0 retries=0 errors=0
    publish@100                             624.6 ops/s  p50=  2.461ms p99=  70.176ms  rejected=0 retries=0 errors=0
    publish@1000                            262.2 ops/s  p50=  2.286ms p99=  66.853ms  rejected=0 retries=0 errors=0
    publish@10000                          1083.5 ops/s  p50=  1.652ms p99=   1.652ms  rejected=0 retries=0 errors=0
    publish@100000                          809.2 ops/s  p50=  2.222ms p99=   2.222ms  rejected=0 retries=0 errors=0
      audit after publish: consistent (2919 events, 65388 seats sold)
  race trial 1/1 (32 buyers per event, fresh load):
    race       10 seats x100      113.7 sold/s  p50= 51.001ms p99= 173.998ms  attempts/sale=1.00 errors=0  editor p99=260.77ms  ok
      audit: consistent (690 events, 66388 seats sold)
    race      100 seats x20       125.3 sold/s  p50=220.765ms p99= 383.680ms  attempts/sale=1.00 errors=0  editor p99=331.56ms  ok
      audit: consistent (690 events, 68388 seats sold)
    race     1000 seats x5        121.8 sold/s  p50=263.896ms p99= 397.137ms  attempts/sale=1.00 errors=0  editor p99=407.91ms  ok
      audit: consistent (690 events, 73388 seats sold)
    race    10000 seats x2        117.9 sold/s  p50=274.289ms p99= 403.060ms  attempts/sale=1.00 errors=0  editor p99=387.20ms  ok, 2 timed out (71% sold)
      audit: consistent (690 events, 87572 seats sold)
    race   100000 seats x1        120.5 sold/s  p50=270.187ms p99= 385.542ms  attempts/sale=1.00 errors=0  editor p99=370.11ms  ok, 1 timed out (7% sold)
      audit: consistent (690 events, 94832 seats sold)
  churn trial 1/1 (32 buyers per event, fresh load):
    churn      10 seats x50       108.0 sold/s  p50= 54.106ms p99= 248.594ms  attempts/sale=1.00 errors=0  editor p99=254.47ms  ok
      audit: consistent (690 events, 65888 seats sold)
    churn     100 seats x10       122.9 sold/s  p50=225.184ms p99= 376.910ms  attempts/sale=1.00 errors=0  editor p99=377.91ms  ok
      audit: consistent (690 events, 66888 seats sold)
    churn    1000 seats x2        119.8 sold/s  p50=270.083ms p99= 380.024ms  attempts/sale=1.00 errors=0  editor p99=375.27ms  ok
      audit: consistent (690 events, 68888 seats sold)
  wrote /results/c3_count_lock_event.json
