  engine: PostgreSQL 15.12-YB-2025.2.6.0-b0 on x86_64-pc-linux-gnu, compiled by clang version 19.1.0 (https://github.com/yugabyte/llvm-project.git a2a6b655e14e7fa1fcf1011a6cb29cb8575249c0), 64-bit
  effective isolation for READ COMMITTED requests: read committed
  dataset: 40 bands, 690 events, 289500 seats, 65388 sold at load
  loading c4_counter_guard ...
  loaded in 6.8s (copy 1.2s, index 3.9s)
  verifying answers against ground truth ...
    40/40 checks passed; audit on load: consistent (690 events, 65388 seats sold)
  capturing plans ...
  read benchmark:
    q01_event_availability@10              4399.5 ops/s  p50=  0.582ms p99=  65.443ms  errors=0
    q01_event_availability@100             4755.3 ops/s  p50=  0.554ms p99=  65.308ms  errors=0
    q01_event_availability@1000            4601.7 ops/s  p50=  0.565ms p99=  65.377ms  errors=0
    q01_event_availability@10000           4711.1 ops/s  p50=  0.562ms p99=  65.196ms  errors=0
    q01_event_availability@100000          4740.5 ops/s  p50=  0.555ms p99=  65.235ms  errors=0
    q02_band_events                        2435.1 ops/s  p50=  1.016ms p99=  68.792ms  errors=0
    q03_customer_tickets                   2500.7 ops/s  p50=  0.976ms p99=  68.594ms  errors=0
    q04_ticket_by_id                       4656.7 ops/s  p50=  0.563ms p99=  65.226ms  errors=0
    q05_band_tickets_sold                  2590.0 ops/s  p50=  0.973ms p99=  68.322ms  errors=0
  write benchmark (fresh load per op):
    book                                    147.9 ops/s  p50=  4.329ms p99= 412.936ms  rejected=0 retries=0 errors=0
      audit after book: consistent (690 events, 66407 seats sold)
    cancel                                   73.0 ops/s  p50= 24.381ms p99= 505.169ms  rejected=0 retries=0 errors=0
      audit after cancel: consistent (690 events, 64882 seats sold)
    publish@10                              525.5 ops/s  p50=  2.600ms p99=  70.526ms  rejected=0 retries=0 errors=0
    publish@100                             398.3 ops/s  p50=  2.925ms p99=  73.983ms  rejected=0 retries=0 errors=0
    publish@1000                            263.9 ops/s  p50=  2.852ms p99=  64.062ms  rejected=0 retries=0 errors=0
    publish@10000                           847.8 ops/s  p50=  2.314ms p99=   2.314ms  rejected=0 retries=0 errors=0
    publish@100000                          940.7 ops/s  p50=  2.101ms p99=   2.101ms  rejected=0 retries=0 errors=0
      audit after publish: consistent (2919 events, 65388 seats sold)
  race trial 1/1 (32 buyers per event, fresh load):
    race       10 seats x100       18.5 sold/s  p50=193.979ms p99= 709.432ms  attempts/sale=1.00 errors=0  editor p99=683.79ms  ok
      audit: consistent (690 events, 66388 seats sold)
    race      100 seats x20        16.1 sold/s  p50=1811.800ms p99=3027.526ms  attempts/sale=1.00 errors=0  editor p99=2117.32ms  ok
      audit: consistent (690 events, 68388 seats sold)
    race     1000 seats x3         16.5 sold/s  p50=2416.878ms p99=3049.916ms  attempts/sale=1.00 errors=0  editor p99=2414.12ms  ok, 2 timed out (100% sold)
      audit: consistent (690 events, 71388 seats sold)
    race    10000 seats x2         16.4 sold/s  p50=2491.349ms p99=3108.780ms  attempts/sale=1.00 errors=0  editor p99=2311.04ms  ok, 2 timed out (10% sold)
      audit: consistent (690 events, 73398 seats sold)
    race   100000 seats x1         16.5 sold/s  p50=2451.878ms p99=3026.831ms  attempts/sale=1.00 errors=0  editor p99=2019.40ms  ok, 1 timed out (1% sold)
      audit: consistent (690 events, 74409 seats sold)
  churn trial 1/1 (32 buyers per event, fresh load):
    churn      10 seats x50        18.7 sold/s  p50=175.450ms p99= 690.570ms  attempts/sale=1.00 errors=0  editor p99=659.51ms  ok
      audit: consistent (690 events, 65888 seats sold)
    churn     100 seats x10        15.5 sold/s  p50=1875.972ms p99=3011.080ms  attempts/sale=1.00 errors=0  editor p99=1711.17ms  ok
      audit: consistent (690 events, 66888 seats sold)
    churn    1000 seats x2         14.8 sold/s  p50=2407.080ms p99=3023.470ms  attempts/sale=1.00 errors=0  editor p99=2022.18ms  ok, 2 timed out (81% sold)
      audit: consistent (690 events, 68514 seats sold)
  wrote /results/c4_counter_guard.json
