  engine: PostgreSQL 15.12-YB-2025.2.6.0-b0 on x86_64-pc-linux-gnu, compiled by clang version 19.1.0 (https://github.com/yugabyte/llvm-project.git a2a6b655e14e7fa1fcf1011a6cb29cb8575249c0), 64-bit
  effective isolation for READ COMMITTED requests: read committed
  dataset: 40 bands, 690 events, 289500 seats, 65388 sold at load
  loading h0_hold_naive_confirm ...
  loaded in 12.5s (copy 1.0s, index 5.3s)
  verifying answers against ground truth ...
    40/40 checks passed; audit on load: consistent (690 events, 65388 seats sold)
  capturing plans ...
  read benchmark:
    q01_event_availability@10              4042.1 ops/s  p50=  0.605ms p99=  67.044ms  errors=0
    q01_event_availability@100             4668.0 ops/s  p50=  0.563ms p99=  65.120ms  errors=0
    q01_event_availability@1000            4635.6 ops/s  p50=  0.560ms p99=  65.525ms  errors=0
    q01_event_availability@10000           4617.4 ops/s  p50=  0.564ms p99=  65.345ms  errors=0
    q01_event_availability@100000          4617.9 ops/s  p50=  0.565ms p99=  65.138ms  errors=0
    q02_band_events                        2444.0 ops/s  p50=  1.013ms p99=  68.743ms  errors=0
    q03_customer_tickets                   2569.1 ops/s  p50=  0.970ms p99=  68.527ms  errors=0
    q04_ticket_by_id                       4608.2 ops/s  p50=  0.573ms p99=  65.244ms  errors=0
    q05_band_tickets_sold                   732.7 ops/s  p50=  2.124ms p99= 103.441ms  errors=0
  write benchmark (fresh load per op):
    book                                     97.8 ops/s  p50= 73.605ms p99= 335.374ms  rejected=0 retries=0 errors=0
      audit after book: consistent (690 events, 66066 seats sold)
    cancel                                   74.5 ops/s  p50= 26.120ms p99= 482.321ms  rejected=0 retries=0 errors=0
      audit after cancel: consistent (690 events, 64851 seats sold)
    publish@10                              536.8 ops/s  p50=  2.573ms p99=  68.688ms  rejected=0 retries=0 errors=0
    publish@100                             450.0 ops/s  p50=  2.661ms p99=  69.172ms  rejected=0 retries=0 errors=0
    publish@1000                           1410.8 ops/s  p50=  2.429ms p99=   3.467ms  rejected=0 retries=0 errors=0
    publish@10000                           794.2 ops/s  p50=  2.160ms p99=   2.160ms  rejected=0 retries=0 errors=0
    publish@100000                          779.0 ops/s  p50=  2.301ms p99=   2.301ms  rejected=0 retries=0 errors=0
      audit after publish: consistent (2919 events, 65388 seats sold)
  race trial 1/1 (32 buyers per event, fresh load):
    race       10 seats x100       17.2 sold/s  p50=275.850ms p99= 783.940ms  attempts/sale=1.00 errors=0  editor p99=593.20ms  ok
      audit: consistent (690 events, 66388 seats sold)
    race      100 seats x20        15.7 sold/s  p50=1921.439ms p99=2909.870ms  attempts/sale=1.00 errors=0  editor p99=1486.76ms  ok
      audit: consistent (690 events, 68388 seats sold)
    race     1000 seats x3         15.9 sold/s  p50=2314.537ms p99=2918.373ms  attempts/sale=1.00 errors=0  editor p99=1625.50ms  ok, 3 timed out (98% sold)
      audit: consistent (690 events, 71313 seats sold)
    race    10000 seats x2         15.7 sold/s  p50=2313.322ms p99=2921.358ms  attempts/sale=1.00 errors=0  editor p99=1827.42ms  ok, 2 timed out (10% sold)
      audit: consistent (690 events, 73231 seats sold)
    race   100000 seats x1         15.7 sold/s  p50=2312.847ms p99=2911.328ms  attempts/sale=1.00 errors=0  editor p99=1518.40ms  ok, 1 timed out (1% sold)
      audit: consistent (690 events, 74203 seats sold)
  churn trial 1/1 (32 buyers per event, fresh load):
    churn      10 seats x50        18.2 sold/s  p50=239.166ms p99= 747.587ms  attempts/sale=1.00 errors=0  editor p99=590.19ms  ok
      audit: consistent (690 events, 65888 seats sold)
    churn     100 seats x10        15.2 sold/s  p50=1915.340ms p99=2836.765ms  attempts/sale=1.00 errors=0  editor p99=1511.65ms  ok
      audit: consistent (690 events, 66888 seats sold)
    churn    1000 seats x2         14.7 sold/s  p50=2294.919ms p99=2911.341ms  attempts/sale=1.00 errors=0  editor p99=1607.91ms  ok, 2 timed out (82% sold)
      audit: consistent (690 events, 68520 seats sold)
  holds (32 buyers per event, TTL 2.5s, fresh load):
    holds      10 seats x4        1.8 confirmed/s  holds=52 abandoned=10 late-rejected=0 swept=13 errors=0  OVERBOOKED 1 events (+2 seats)
      audit: VIOLATIONS — 1 overbooked events (+2 seats), 0 duplicate seats, 2 derived-state drifts, 0 ledger mismatches
    holds     100 seats x4        9.2 confirmed/s  holds=595 abandoned=160 late-rejected=0 swept=210 errors=1  OVERBOOKED 3 events (+9 seats)
      audit: VIOLATIONS — 4 overbooked events (+11 seats), 0 duplicate seats, 6 derived-state drifts, 0 ledger mismatches
      first error: sweeper: ERROR: deadlock detected (query layer retry isn't possible, READ COMMITTED transaction was aborted to break a deadlock cycle and some data was already sent to the user) (SQLSTATE 40P01)
  wrote /results/h0_hold_naive_confirm.json
