  engine: PostgreSQL 15.12-YB-2025.2.6.0-b0 on x86_64-pc-linux-gnu, compiled by clang version 19.1.0 (https://github.com/yugabyte/llvm-project.git a2a6b655e14e7fa1fcf1011a6cb29cb8575249c0), 64-bit
  effective isolation for READ COMMITTED requests: read committed
  dataset: 40 bands, 690 events, 289500 seats, 65388 sold at load
  loading p1_precreated_lock_first ...
  loaded in 36.8s (copy 4.8s, index 30.4s)
  verifying answers against ground truth ...
    40/40 checks passed; audit on load: consistent (690 events, 65388 seats sold)
  capturing plans ...
  read benchmark:
    q01_event_availability@10              3772.6 ops/s  p50=  0.680ms p99=  65.131ms  errors=0
    q01_event_availability@100             4011.3 ops/s  p50=  0.630ms p99=  65.578ms  errors=0
    q01_event_availability@1000            2949.8 ops/s  p50=  0.838ms p99=  67.961ms  errors=0
    q01_event_availability@10000            908.8 ops/s  p50=  2.453ms p99=  76.028ms  errors=0
    q01_event_availability@100000           115.0 ops/s  p50= 89.226ms p99= 110.269ms  errors=0
    q02_band_events                         266.5 ops/s  p50=  5.441ms p99= 198.311ms  errors=0
    q03_customer_tickets                   2321.3 ops/s  p50=  1.065ms p99=  67.532ms  errors=0
    q04_ticket_by_id                       4508.8 ops/s  p50=  0.578ms p99=  65.075ms  errors=0
    q05_band_tickets_sold                    66.2 ops/s  p50=  7.167ms p99=2208.664ms  errors=0
  write benchmark (fresh load per op):
    book                                    139.1 ops/s  p50=  5.542ms p99= 398.242ms  rejected=0 retries=0 errors=0
      audit after book: consistent (690 events, 66362 seats sold)
    cancel                                  506.6 ops/s  p50=  4.546ms p99=  80.473ms  rejected=0 retries=0 errors=0
      audit after cancel: consistent (690 events, 61765 seats sold)
    publish@10                              272.3 ops/s  p50=  4.889ms p99=  74.828ms  rejected=0 retries=0 errors=0
    publish@100                             154.8 ops/s  p50=  8.826ms p99=  84.315ms  rejected=0 retries=0 errors=0
    publish@1000                             30.8 ops/s  p50=107.603ms p99= 179.060ms  rejected=0 retries=0 errors=0
    publish@10000                             3.2 ops/s  p50=598.378ms p99= 598.378ms  rejected=0 retries=0 errors=0
    publish@100000                            0.2 ops/s  p50=9075.081ms p99=9075.081ms  rejected=0 retries=0 errors=0
      audit after publish: consistent (2919 events, 65388 seats sold)
  race trial 1/1 (32 buyers per event, fresh load):
    race       10 seats x100       36.1 sold/s  p50= 86.075ms p99= 302.226ms  attempts/sale=1.00 errors=0  editor p99=101.49ms  ok
      audit: consistent (690 events, 66388 seats sold)
    race      100 seats x20        33.0 sold/s  p50=403.552ms p99=2690.537ms  attempts/sale=1.09 errors=0  editor p99=85.22ms  ok
      audit: consistent (690 events, 68388 seats sold)
    race     1000 seats x5         28.6 sold/s  p50=710.865ms p99=5085.437ms  attempts/sale=1.14 errors=0  editor p99=86.63ms  ok
      audit: consistent (690 events, 73388 seats sold)
    race    10000 seats x2         26.3 sold/s  p50=818.888ms p99=5814.766ms  attempts/sale=1.13 errors=0  editor p99=88.50ms  ok, 2 timed out (16% sold)
      audit: consistent (690 events, 76586 seats sold)
    race   100000 seats x1         26.3 sold/s  p50=813.699ms p99=5208.518ms  attempts/sale=1.13 errors=0  editor p99=86.55ms  ok, 1 timed out (2% sold)
      audit: consistent (690 events, 78180 seats sold)
  churn trial 1/1 (32 buyers per event, fresh load):
    churn      10 seats x50        37.1 sold/s  p50= 87.357ms p99= 473.552ms  attempts/sale=1.00 errors=0  editor p99=162.69ms  ok
      audit: consistent (690 events, 65888 seats sold)
    churn     100 seats x10        32.6 sold/s  p50=476.109ms p99=2767.576ms  attempts/sale=1.07 errors=0  editor p99=84.04ms  ok
      audit: consistent (690 events, 66888 seats sold)
    churn    1000 seats x2         28.2 sold/s  p50=785.250ms p99=4712.282ms  attempts/sale=1.12 errors=0  editor p99=87.20ms  ok
      audit: consistent (690 events, 68888 seats sold)
  wrote /results/p1_precreated_lock_first.json
