  engine: PostgreSQL 15.12-YB-2025.2.6.0-b0 on x86_64-pc-linux-gnu, compiled by clang version 19.1.0 (https://github.com/yugabyte/llvm-project.git a2a6b655e14e7fa1fcf1011a6cb29cb8575249c0), 64-bit
  effective isolation for READ COMMITTED requests: read committed
  dataset: 40 bands, 690 events, 289500 seats, 65388 sold at load
  loading p2_precreated_skip_locked ...
  loaded in 20.5s (copy 4.5s, index 14.2s)
  verifying answers against ground truth ...
    40/40 checks passed; audit on load: consistent (690 events, 65388 seats sold)
  capturing plans ...
  read benchmark:
    q01_event_availability@10              4269.8 ops/s  p50=  0.607ms p99=  65.077ms  errors=0
    q01_event_availability@100             4021.5 ops/s  p50=  0.638ms p99=  66.110ms  errors=0
    q01_event_availability@1000            2893.4 ops/s  p50=  0.841ms p99=  68.942ms  errors=0
    q01_event_availability@10000            789.8 ops/s  p50=  2.613ms p99=  77.934ms  errors=0
    q01_event_availability@100000           109.3 ops/s  p50= 90.197ms p99= 182.701ms  errors=0
    q02_band_events                         263.3 ops/s  p50=  5.257ms p99= 202.743ms  errors=0
    q03_customer_tickets                   2577.1 ops/s  p50=  0.972ms p99=  68.169ms  errors=0
    q04_ticket_by_id                       4502.8 ops/s  p50=  0.578ms p99=  65.228ms  errors=0
    q05_band_tickets_sold                    29.7 ops/s  p50= 10.976ms p99=3026.041ms  errors=0
  write benchmark (fresh load per op):
    book                                    157.5 ops/s  p50= 32.659ms p99= 152.535ms  rejected=0 retries=0 errors=0
      audit after book: consistent (690 events, 66491 seats sold)
    cancel                                  478.9 ops/s  p50=  4.958ms p99=  79.036ms  rejected=0 retries=0 errors=0
      audit after cancel: consistent (690 events, 61960 seats sold)
    publish@10                              262.2 ops/s  p50=  4.964ms p99=  74.875ms  rejected=0 retries=0 errors=0
    publish@100                             154.5 ops/s  p50=  9.150ms p99=  78.105ms  rejected=0 retries=0 errors=0
    publish@1000                             34.4 ops/s  p50=104.137ms p99= 180.403ms  rejected=0 retries=0 errors=0
    publish@10000                             3.3 ops/s  p50=600.207ms p99= 600.207ms  rejected=0 retries=0 errors=0
    publish@100000                            0.2 ops/s  p50=8796.827ms p99=8796.827ms  rejected=0 retries=0 errors=0
      audit after publish: consistent (2919 events, 65388 seats sold)
  race trial 1/1 (32 buyers per event, fresh load):
    race       10 seats x100       80.9 sold/s  p50= 76.731ms p99= 321.613ms  attempts/sale=1.56 errors=0  editor p99=183.44ms  ok
      audit: consistent (690 events, 66388 seats sold)
    race      100 seats x20        93.3 sold/s  p50=264.733ms p99= 788.850ms  attempts/sale=1.01 errors=0  editor p99=88.50ms  ok
      audit: consistent (690 events, 68388 seats sold)
    race     1000 seats x5         71.6 sold/s  p50=399.878ms p99=1112.336ms  attempts/sale=1.00 errors=0  editor p99=97.00ms  ok
      audit: consistent (690 events, 73388 seats sold)
    race    10000 seats x2         52.8 sold/s  p50=593.042ms p99=1200.912ms  attempts/sale=1.00 errors=0  editor p99=107.44ms  ok, 2 timed out (32% sold)
      audit: consistent (690 events, 79756 seats sold)
    race   100000 seats x1         52.7 sold/s  p50=594.804ms p99=1206.495ms  attempts/sale=1.00 errors=0  editor p99=106.13ms  ok, 1 timed out (3% sold)
      audit: consistent (690 events, 82936 seats sold)
  churn trial 1/1 (32 buyers per event, fresh load):
    churn      10 seats x50        70.4 sold/s  p50= 72.680ms p99= 343.074ms  attempts/sale=2.21 errors=0  editor p99=212.52ms  ok
      audit: consistent (690 events, 65888 seats sold)
    churn     100 seats x10        95.7 sold/s  p50=223.771ms p99= 713.144ms  attempts/sale=1.06 errors=0  editor p99=91.22ms  ok
      audit: consistent (690 events, 66888 seats sold)
    churn    1000 seats x2         73.3 sold/s  p50=399.940ms p99=1102.183ms  attempts/sale=1.01 errors=0  editor p99=99.92ms  ok
      audit: consistent (690 events, 68888 seats sold)
  wrote /results/p2_precreated_skip_locked.json
