  engine: PostgreSQL 15.12-YB-2025.2.6.0-b0 on x86_64-pc-linux-gnu, compiled by clang version 19.1.0 (https://github.com/yugabyte/llvm-project.git a2a6b655e14e7fa1fcf1011a6cb29cb8575249c0), 64-bit
  effective isolation for READ COMMITTED requests: read committed
  dataset: 40 bands, 690 events, 289500 seats, 65388 sold at load
  loading p3_precreated_cas ...
  loaded in 21.3s (copy 4.8s, index 14.7s)
  verifying answers against ground truth ...
    40/40 checks passed; audit on load: consistent (690 events, 65388 seats sold)
  capturing plans ...
  read benchmark:
    q01_event_availability@10              4010.6 ops/s  p50=  0.671ms p99=  63.688ms  errors=0
    q01_event_availability@100             3909.0 ops/s  p50=  0.659ms p99=  65.227ms  errors=0
    q01_event_availability@1000            3008.9 ops/s  p50=  0.806ms p99=  68.735ms  errors=0
    q01_event_availability@10000            815.6 ops/s  p50=  2.564ms p99=  77.588ms  errors=0
    q01_event_availability@100000            97.8 ops/s  p50= 92.971ms p99= 184.873ms  errors=0
    q02_band_events                         250.8 ops/s  p50=  5.200ms p99= 202.417ms  errors=0
    q03_customer_tickets                   2612.2 ops/s  p50=  0.957ms p99=  68.417ms  errors=0
    q04_ticket_by_id                       4631.6 ops/s  p50=  0.574ms p99=  64.850ms  errors=0
    q05_band_tickets_sold                    29.6 ops/s  p50= 12.339ms p99=3209.927ms  errors=0
  write benchmark (fresh load per op):
    book                                    324.4 ops/s  p50=  5.811ms p99= 103.476ms  rejected=0 retries=396 errors=0
      audit after book: consistent (690 events, 67724 seats sold)
    cancel                                  492.7 ops/s  p50=  4.653ms p99=  79.732ms  rejected=0 retries=0 errors=0
      audit after cancel: consistent (690 events, 61873 seats sold)
    publish@10                              246.5 ops/s  p50=  5.293ms p99=  76.849ms  rejected=0 retries=0 errors=0
    publish@100                             154.2 ops/s  p50=  9.281ms p99=  78.132ms  rejected=0 retries=0 errors=0
    publish@1000                             33.1 ops/s  p50=106.032ms p99= 185.011ms  rejected=0 retries=0 errors=0
    publish@10000                             2.9 ops/s  p50=575.896ms p99= 575.896ms  rejected=0 retries=0 errors=0
    publish@100000                            0.2 ops/s  p50=8947.763ms p99=8947.763ms  rejected=0 retries=0 errors=0
      audit after publish: consistent (2919 events, 65388 seats sold)
  race trial 1/1 (32 buyers per event, fresh load):
    race       10 seats x100      194.3 sold/s  p50= 14.172ms p99= 167.044ms  attempts/sale=4.53 errors=0  editor p99=85.34ms  ok
      audit: consistent (690 events, 66388 seats sold)
    race      100 seats x20       241.8 sold/s  p50= 71.000ms p99= 281.368ms  attempts/sale=2.00 errors=0  editor p99=92.34ms  ok
      audit: consistent (690 events, 68388 seats sold)
    race     1000 seats x5        306.4 sold/s  p50= 93.510ms p99= 386.433ms  attempts/sale=1.31 errors=0  editor p99=103.40ms  ok
      audit: consistent (690 events, 73388 seats sold)
    race    10000 seats x2        363.6 sold/s  p50= 92.230ms p99= 295.296ms  attempts/sale=1.09 errors=0  editor p99=101.30ms  ok
      audit: consistent (690 events, 93388 seats sold)
    race   100000 seats x1        399.8 sold/s  p50= 93.295ms p99= 187.585ms  attempts/sale=1.00 errors=0  editor p99=97.61ms  ok, 1 timed out (24% sold)
      audit: consistent (690 events, 117396 seats sold)
  churn trial 1/1 (32 buyers per event, fresh load):
    churn      10 seats x50       122.5 sold/s  p50= 15.324ms p99= 289.103ms  attempts/sale=4.86 errors=0  editor p99=94.95ms  ok
      audit: consistent (690 events, 65888 seats sold)
    churn     100 seats x10       255.1 sold/s  p50= 79.526ms p99= 290.640ms  attempts/sale=1.92 errors=0  editor p99=92.97ms  ok
      audit: consistent (690 events, 66888 seats sold)
    churn    1000 seats x2        298.0 sold/s  p50= 91.391ms p99= 377.363ms  attempts/sale=1.30 errors=0  editor p99=94.93ms  ok
      audit: consistent (690 events, 68888 seats sold)
  wrote /results/p3_precreated_cas.json
