  engine: PostgreSQL 15.12-YB-2025.2.6.0-b0 on x86_64-pc-linux-gnu, compiled by clang version 19.1.0 (https://github.com/yugabyte/llvm-project.git a2a6b655e14e7fa1fcf1011a6cb29cb8575249c0), 64-bit
  effective isolation for READ COMMITTED requests: read committed
  dataset: 40 bands, 690 events, 289500 seats, 65388 sold at load
  loading p4_precreated_counter ...
  loaded in 19.4s (copy 5.1s, index 12.4s)
  verifying answers against ground truth ...
    40/40 checks passed; audit on load: consistent (690 events, 65388 seats sold)
  capturing plans ...
  read benchmark:
    q01_event_availability@10              4312.5 ops/s  p50=  0.604ms p99=  65.113ms  errors=0
    q01_event_availability@100             4593.1 ops/s  p50=  0.570ms p99=  65.292ms  errors=0
    q01_event_availability@1000            4534.8 ops/s  p50=  0.573ms p99=  65.430ms  errors=0
    q01_event_availability@10000           4621.0 ops/s  p50=  0.571ms p99=  65.204ms  errors=0
    q01_event_availability@100000          4608.5 ops/s  p50=  0.571ms p99=  65.474ms  errors=0
    q02_band_events                        2354.8 ops/s  p50=  1.054ms p99=  68.833ms  errors=0
    q03_customer_tickets                   2579.4 ops/s  p50=  0.971ms p99=  68.507ms  errors=0
    q04_ticket_by_id                       4526.0 ops/s  p50=  0.581ms p99=  65.302ms  errors=0
    q05_band_tickets_sold                  2501.0 ops/s  p50=  1.002ms p99=  68.626ms  errors=0
  write benchmark (fresh load per op):
    book                                     41.6 ops/s  p50=106.290ms p99= 582.827ms  rejected=0 retries=0 errors=0
      audit after book: consistent (690 events, 65659 seats sold)
    cancel                                   82.0 ops/s  p50= 12.339ms p99= 482.008ms  rejected=0 retries=0 errors=0
      audit after cancel: consistent (690 events, 64794 seats sold)
    publish@10                              261.7 ops/s  p50=  4.921ms p99=  77.394ms  rejected=0 retries=0 errors=0
    publish@100                             154.1 ops/s  p50=  9.143ms p99=  81.903ms  rejected=0 retries=0 errors=0
    publish@1000                             26.0 ops/s  p50=123.784ms p99= 201.127ms  rejected=0 retries=0 errors=0
    publish@10000                             3.2 ops/s  p50=598.852ms p99= 598.852ms  rejected=0 retries=0 errors=0
    publish@100000                            0.2 ops/s  p50=9555.406ms p99=9555.406ms  rejected=0 retries=0 errors=0
      audit after publish: consistent (2919 events, 65388 seats sold)
  race trial 1/1 (32 buyers per event, fresh load):
    race       10 seats x100       19.6 sold/s  p50=197.183ms p99= 826.913ms  attempts/sale=9.03 errors=0  editor p99=307.81ms  ok
      audit: consistent (690 events, 66388 seats sold)
    race      100 seats x20        17.5 sold/s  p50=1715.978ms p99=2691.916ms  attempts/sale=2.75 errors=0  editor p99=1903.42ms  ok
      audit: consistent (690 events, 68388 seats sold)
    race     1000 seats x4         16.9 sold/s  p50=2105.546ms p99=2710.679ms  attempts/sale=1.15 errors=0  editor p99=2112.67ms  ok, 1 timed out (100% sold)
      audit: consistent (690 events, 72388 seats sold)
    race    10000 seats x2         17.2 sold/s  p50=2110.736ms p99=2713.657ms  attempts/sale=1.00 errors=0  editor p99=2105.24ms  ok, 2 timed out (11% sold)
      audit: consistent (690 events, 74498 seats sold)
    race   100000 seats x1         16.8 sold/s  p50=2109.789ms p99=2809.177ms  attempts/sale=1.00 errors=0  editor p99=1609.65ms  ok, 1 timed out (1% sold)
      audit: consistent (690 events, 75531 seats sold)
  churn trial 1/1 (32 buyers per event, fresh load):
    churn      10 seats x50        18.6 sold/s  p50=216.828ms p99= 864.647ms  attempts/sale=10.37 errors=0  editor p99=310.95ms  ok
      audit: consistent (690 events, 65888 seats sold)
    churn     100 seats x10        16.1 sold/s  p50=1679.888ms p99=2672.796ms  attempts/sale=3.19 errors=0  editor p99=1607.90ms  ok
      audit: consistent (690 events, 66888 seats sold)
    churn    1000 seats x2         15.8 sold/s  p50=2013.071ms p99=2693.461ms  attempts/sale=1.00 errors=0  editor p99=1812.09ms  ok, 2 timed out (88% sold)
      audit: consistent (690 events, 68640 seats sold)
  wrote /results/p4_precreated_counter.json
