  engine: PostgreSQL 15.12-YB-2025.2.6.0-b0 on x86_64-pc-linux-gnu, compiled by clang version 19.1.0 (https://github.com/yugabyte/llvm-project.git a2a6b655e14e7fa1fcf1011a6cb29cb8575249c0), 64-bit
  effective isolation for READ COMMITTED requests: read committed
  dataset: 40 bands, 690 events, 289500 seats, 65388 sold at load
  loading r1_inventory_row ...
  loaded in 6.1s (copy 0.9s, index 3.3s)
  verifying answers against ground truth ...
    40/40 checks passed; audit on load: consistent (690 events, 65388 seats sold)
  capturing plans ...
  read benchmark:
    q01_event_availability@10              4431.7 ops/s  p50=  0.576ms p99=  65.263ms  errors=0
    q01_event_availability@100             4662.7 ops/s  p50=  0.561ms p99=  65.011ms  errors=0
    q01_event_availability@1000            4848.2 ops/s  p50=  0.552ms p99=  64.803ms  errors=0
    q01_event_availability@10000           4803.7 ops/s  p50=  0.553ms p99=  64.980ms  errors=0
    q01_event_availability@100000          4828.5 ops/s  p50=  0.549ms p99=  64.996ms  errors=0
    q02_band_events                        1375.2 ops/s  p50=  1.744ms p99=  71.801ms  errors=0
    q03_customer_tickets                   2534.0 ops/s  p50=  0.976ms p99=  68.567ms  errors=0
    q04_ticket_by_id                       4618.8 ops/s  p50=  0.569ms p99=  65.327ms  errors=0
    q05_band_tickets_sold                  1372.2 ops/s  p50=  1.719ms p99=  72.147ms  errors=0
  write benchmark (fresh load per op):
    book                                    138.8 ops/s  p50=  4.697ms p99= 368.452ms  rejected=0 retries=0 errors=0
      audit after book: consistent (690 events, 66345 seats sold)
    cancel                                   82.4 ops/s  p50= 11.350ms p99= 495.403ms  rejected=0 retries=0 errors=0
      audit after cancel: consistent (690 events, 64815 seats sold)
    publish@10                              408.9 ops/s  p50=  3.512ms p99=  69.094ms  rejected=0 retries=0 errors=0
    publish@100                             400.8 ops/s  p50=  3.462ms p99=  69.187ms  rejected=0 retries=0 errors=0
    publish@1000                            255.6 ops/s  p50=  3.569ms p99=  64.005ms  rejected=0 retries=0 errors=0
    publish@10000                           532.3 ops/s  p50=  3.594ms p99=   3.594ms  rejected=0 retries=0 errors=0
    publish@100000                          671.3 ops/s  p50=  2.501ms p99=   2.501ms  rejected=0 retries=0 errors=0
      audit after publish: consistent (2919 events, 65388 seats sold)
  race trial 1/1 (32 buyers per event, fresh load):
    race       10 seats x100       21.5 sold/s  p50=149.728ms p99= 594.608ms  attempts/sale=1.00 errors=0  editor p99=62.05ms  ok
      audit: consistent (690 events, 66388 seats sold)
    race      100 seats x20        19.7 sold/s  p50=1298.079ms p99=2783.645ms  attempts/sale=1.00 errors=0  editor p99=34.10ms  ok
      audit: consistent (690 events, 68388 seats sold)
    race     1000 seats x4         19.2 sold/s  p50=2119.588ms p99=2930.720ms  attempts/sale=1.00 errors=0  editor p99=35.96ms  ok
      audit: consistent (690 events, 72388 seats sold)
    race    10000 seats x2         18.9 sold/s  p50=2212.080ms p99=3013.260ms  attempts/sale=1.00 errors=0  editor p99=27.09ms  ok, 2 timed out (11% sold)
      audit: consistent (690 events, 74683 seats sold)
    race   100000 seats x1         19.8 sold/s  p50=2196.931ms p99=3010.288ms  attempts/sale=1.00 errors=0  editor p99=23.38ms  ok, 1 timed out (1% sold)
      audit: consistent (690 events, 75881 seats sold)
  churn trial 1/1 (32 buyers per event, fresh load):
    churn      10 seats x50        22.6 sold/s  p50=142.285ms p99= 632.169ms  attempts/sale=1.00 errors=0  editor p99=65.04ms  ok
      audit: consistent (690 events, 65888 seats sold)
    churn     100 seats x10        19.3 sold/s  p50=1199.290ms p99=2817.677ms  attempts/sale=1.00 errors=0  editor p99=40.16ms  ok
      audit: consistent (690 events, 66888 seats sold)
    churn    1000 seats x2         18.5 sold/s  p50=1959.790ms p99=2906.503ms  attempts/sale=1.00 errors=0  editor p99=40.12ms  ok, 1 timed out (99% sold)
      audit: consistent (690 events, 68881 seats sold)
  wrote /results/r1_inventory_row.json
