  engine: PostgreSQL 15.12-YB-2025.2.6.0-b0 on x86_64-pc-linux-gnu, compiled by clang version 19.1.0 (https://github.com/yugabyte/llvm-project.git a2a6b655e14e7fa1fcf1011a6cb29cb8575249c0), 64-bit
  effective isolation for READ COMMITTED requests: read committed
  dataset: 40 bands, 690 events, 289500 seats, 65388 sold at load
  loading r2_inventory_buckets ...
  loaded in 7.2s (copy 1.2s, index 3.8s)
  verifying answers against ground truth ...
    40/40 checks passed; audit on load: consistent (690 events, 65388 seats sold)
  capturing plans ...
  read benchmark:
    q01_event_availability@10              4138.6 ops/s  p50=  0.615ms p99=  65.948ms  errors=0
    q01_event_availability@100             4377.6 ops/s  p50=  0.591ms p99=  65.636ms  errors=0
    q01_event_availability@1000            4298.3 ops/s  p50=  0.594ms p99=  66.075ms  errors=0
    q01_event_availability@10000           4455.2 ops/s  p50=  0.590ms p99=  65.606ms  errors=0
    q01_event_availability@100000          4387.7 ops/s  p50=  0.590ms p99=  65.622ms  errors=0
    q02_band_events                         362.6 ops/s  p50=  4.097ms p99= 184.980ms  errors=0
    q03_customer_tickets                   2534.3 ops/s  p50=  0.977ms p99=  68.602ms  errors=0
    q04_ticket_by_id                       4700.9 ops/s  p50=  0.561ms p99=  65.363ms  errors=0
    q05_band_tickets_sold                  1293.8 ops/s  p50=  1.821ms p99=  72.516ms  errors=0
  write benchmark (fresh load per op):
    book                                    215.0 ops/s  p50= 10.231ms p99= 112.952ms  rejected=0 retries=160 errors=0
      audit after book: consistent (690 events, 66936 seats sold)
    cancel                                  216.7 ops/s  p50= 10.430ms p99= 127.333ms  rejected=0 retries=142 errors=0
      audit after cancel: consistent (690 events, 63858 seats sold)
    publish@10                              347.3 ops/s  p50=  3.958ms p99=  72.869ms  rejected=0 retries=0 errors=0
    publish@100                             332.5 ops/s  p50=  4.120ms p99=  70.940ms  rejected=0 retries=0 errors=0
    publish@1000                            230.6 ops/s  p50=  4.039ms p99=  66.807ms  rejected=0 retries=0 errors=0
    publish@10000                           701.3 ops/s  p50=  2.585ms p99=   2.585ms  rejected=0 retries=0 errors=0
    publish@100000                          659.0 ops/s  p50=  2.980ms p99=   2.980ms  rejected=0 retries=0 errors=0
      audit after publish: consistent (2919 events, 65388 seats sold)
  race trial 1/1 (32 buyers per event, fresh load):
    race       10 seats x100       45.0 sold/s  p50= 72.522ms p99= 598.159ms  attempts/sale=6.12 errors=0  editor p99=203.22ms  ok
      audit: consistent (690 events, 66388 seats sold)
    race      100 seats x20        73.8 sold/s  p50=184.880ms p99=1165.269ms  attempts/sale=3.04 errors=0  editor p99=96.01ms  ok
      audit: consistent (690 events, 68388 seats sold)
    race     1000 seats x5         74.8 sold/s  p50=212.183ms p99=2010.434ms  attempts/sale=2.87 errors=0  editor p99=98.59ms  ok
      audit: consistent (690 events, 73388 seats sold)
    race    10000 seats x2         75.5 sold/s  p50=246.679ms p99=2197.307ms  attempts/sale=2.83 errors=0  editor p99=99.41ms  ok, 2 timed out (45% sold)
      audit: consistent (690 events, 82463 seats sold)
    race   100000 seats x1         77.5 sold/s  p50=208.734ms p99=2090.620ms  attempts/sale=2.79 errors=0  editor p99=98.16ms  ok, 1 timed out (5% sold)
      audit: consistent (690 events, 87115 seats sold)
  churn trial 1/1 (32 buyers per event, fresh load):
    churn      10 seats x50        42.2 sold/s  p50= 69.930ms p99= 694.405ms  attempts/sale=6.46 errors=0  editor p99=188.97ms  ok
      audit: consistent (690 events, 65888 seats sold)
    churn     100 seats x10        63.3 sold/s  p50=196.377ms p99=1285.353ms  attempts/sale=3.56 errors=0  editor p99=95.33ms  ok
      audit: consistent (690 events, 66888 seats sold)
    churn    1000 seats x2         66.8 sold/s  p50=218.398ms p99=1915.121ms  attempts/sale=3.19 errors=0  editor p99=98.32ms  ok
      audit: consistent (690 events, 68888 seats sold)
  wrote /results/r2_inventory_buckets.json
