  engine: PostgreSQL 15.12-YB-2025.2.6.0-b0 on x86_64-pc-linux-gnu, compiled by clang version 19.1.0 (https://github.com/yugabyte/llvm-project.git a2a6b655e14e7fa1fcf1011a6cb29cb8575249c0), 64-bit
  effective isolation for READ COMMITTED requests: read committed
  dataset: 40 bands, 690 events, 289500 seats, 65388 sold at load
  loading r3_seat_pool ...
  loaded in 8.6s (copy 3.1s, index 3.2s)
  verifying answers against ground truth ...
    40/40 checks passed; audit on load: consistent (690 events, 65388 seats sold)
  capturing plans ...
  read benchmark:
    q01_event_availability@10              4204.0 ops/s  p50=  0.613ms p99=  65.982ms  errors=0
    q01_event_availability@100             4187.6 ops/s  p50=  0.623ms p99=  65.739ms  errors=0
    q01_event_availability@1000            3489.3 ops/s  p50=  0.716ms p99=  67.477ms  errors=0
    q01_event_availability@10000           1084.6 ops/s  p50=  1.842ms p99=  76.168ms  errors=0
    q01_event_availability@100000           141.8 ops/s  p50= 82.575ms p99= 102.733ms  errors=0
    q02_band_events                         292.6 ops/s  p50=  5.036ms p99= 193.504ms  errors=0
    q03_customer_tickets                   2592.8 ops/s  p50=  0.965ms p99=  68.441ms  errors=0
    q04_ticket_by_id                       4650.5 ops/s  p50=  0.566ms p99=  65.295ms  errors=0
    q05_band_tickets_sold                   659.1 ops/s  p50=  2.139ms p99= 105.561ms  errors=0
  write benchmark (fresh load per op):
    book                                    207.6 ops/s  p50= 14.614ms p99= 106.619ms  rejected=0 retries=0 errors=0
      audit after book: consistent (690 events, 66806 seats sold)
    cancel                                  317.6 ops/s  p50=  7.223ms p99=  86.620ms  rejected=0 retries=0 errors=0
      audit after cancel: consistent (690 events, 63164 seats sold)
    publish@10                              385.9 ops/s  p50=  3.714ms p99=  69.440ms  rejected=0 retries=0 errors=0
    publish@100                             286.3 ops/s  p50=  5.131ms p99=  70.840ms  rejected=0 retries=0 errors=0
    publish@1000                            109.0 ops/s  p50= 14.260ms p99=  73.609ms  rejected=0 retries=0 errors=0
    publish@10000                            17.3 ops/s  p50=114.763ms p99= 114.763ms  rejected=0 retries=0 errors=0
    publish@100000                            1.0 ops/s  p50=1803.391ms p99=1803.391ms  rejected=0 retries=0 errors=0
      audit after publish: consistent (2919 events, 65388 seats sold)
  race trial 1/1 (32 buyers per event, fresh load):
    race       10 seats x100       60.3 sold/s  p50= 78.034ms p99= 598.802ms  attempts/sale=2.54 errors=0  editor p99=184.71ms  ok
      audit: consistent (690 events, 66388 seats sold)
    race      100 seats x20        86.4 sold/s  p50=284.995ms p99= 796.812ms  attempts/sale=1.05 errors=0  editor p99=91.10ms  ok
      audit: consistent (690 events, 68388 seats sold)
    race     1000 seats x5         79.7 sold/s  p50=316.944ms p99=1204.868ms  attempts/sale=1.00 errors=0  editor p99=93.95ms  ok
      audit: consistent (690 events, 73388 seats sold)
    race    10000 seats x2         71.3 sold/s  p50=399.528ms p99=1205.017ms  attempts/sale=1.00 errors=0  editor p99=98.41ms  ok, 2 timed out (43% sold)
      audit: consistent (690 events, 82000 seats sold)
    race   100000 seats x1         74.4 sold/s  p50=395.388ms p99=1173.161ms  attempts/sale=1.00 errors=0  editor p99=98.80ms  ok, 1 timed out (4% sold)
      audit: consistent (690 events, 86482 seats sold)
  churn trial 1/1 (32 buyers per event, fresh load):
    churn      10 seats x50        51.1 sold/s  p50= 80.773ms p99= 532.536ms  attempts/sale=3.52 errors=0  editor p99=174.89ms  ok
      audit: consistent (690 events, 65888 seats sold)
    churn     100 seats x10        86.6 sold/s  p50=287.010ms p99= 708.898ms  attempts/sale=1.21 errors=0  editor p99=92.12ms  ok
      audit: consistent (690 events, 66888 seats sold)
    churn    1000 seats x2         76.9 sold/s  p50=388.192ms p99=1117.928ms  attempts/sale=1.04 errors=0  editor p99=95.49ms  ok
      audit: consistent (690 events, 68888 seats sold)
  wrote /results/r3_seat_pool.json
