The files belonging to this database system will be owned by user "postgres".
This user must also own the server process.

The database cluster will be initialized with locale "en_US.utf8".
The default database encoding has accordingly been set to "UTF8".
The default text search configuration will be set to "english".

Data page checksums are disabled.

fixing permissions on existing directory /var/lib/postgresql/data/pgdata ... ok
creating subdirectories ... ok
selecting dynamic shared memory implementation ... posix
selecting default "max_connections" ... 100
selecting default "shared_buffers" ... 128MB
selecting default time zone ... Etc/UTC
creating configuration files ... ok
running bootstrap script ... ok
performing post-bootstrap initialization ... ok
syncing data to disk ... ok


Success. You can now start the database server using:

    pg_ctl -D /var/lib/postgresql/data/pgdata -l logfile start

initdb: warning: enabling "trust" authentication for local connections
initdb: hint: You can change this by editing pg_hba.conf or using the option -A, or --auth-local and --auth-host, the next time you run initdb.
waiting for server to start....2026-09-13 17:26:36.465 UTC [47] LOG:  starting PostgreSQL 17.11 (Debian 17.11-1.pgdg13+2) on x86_64-pc-linux-gnu, compiled by gcc (Debian 14.2.0-19) 14.2.0, 64-bit
2026-09-13 17:26:36.467 UTC [47] LOG:  listening on Unix socket "/var/run/postgresql/.s.PGSQL.5432"
2026-09-13 17:26:36.471 UTC [50] LOG:  database system was shut down at 2026-09-13 17:26:36 UTC
2026-09-13 17:26:36.517 UTC [47] LOG:  database system is ready to accept connections
 done
server started
CREATE DATABASE


/usr/local/bin/docker-entrypoint.sh: ignoring /docker-entrypoint-initdb.d/*

waiting for server to shut down....2026-09-13 17:26:36.713 UTC [47] LOG:  received fast shutdown request
2026-09-13 17:26:36.715 UTC [47] LOG:  aborting any active transactions
2026-09-13 17:26:36.716 UTC [47] LOG:  background worker "logical replication launcher" (PID 53) exited with exit code 1
2026-09-13 17:26:36.716 UTC [48] LOG:  shutting down
2026-09-13 17:26:36.737 UTC [48] LOG:  checkpoint starting: shutdown immediate
2026-09-13 17:26:36.821 UTC [48] LOG:  checkpoint complete: wrote 925 buffers (11.3%); 0 WAL file(s) added, 0 removed, 0 recycled; write=0.019 s, sync=0.041 s, total=0.105 s; sync files=301, longest=0.005 s, average=0.001 s; distance=4256 kB, estimate=4256 kB; lsn=0/19179D8, redo lsn=0/19179D8
2026-09-13 17:26:36.824 UTC [47] LOG:  database system is shut down
 done
server stopped

PostgreSQL init process complete; ready for start up.

2026-09-13 17:26:36.931 UTC [1] LOG:  starting PostgreSQL 17.11 (Debian 17.11-1.pgdg13+2) on x86_64-pc-linux-gnu, compiled by gcc (Debian 14.2.0-19) 14.2.0, 64-bit
2026-09-13 17:26:36.932 UTC [1] LOG:  listening on IPv4 address "0.0.0.0", port 5432
2026-09-13 17:26:36.932 UTC [1] LOG:  listening on IPv6 address "::", port 5432
2026-09-13 17:26:36.934 UTC [1] LOG:  listening on Unix socket "/var/run/postgresql/.s.PGSQL.5432"
2026-09-13 17:26:36.938 UTC [63] LOG:  database system was shut down at 2026-09-13 17:26:36 UTC
2026-09-13 17:26:36.941 UTC [1] LOG:  database system is ready to accept connections
2026-09-13 17:26:55.096 UTC [79] LOG:  skipping vacuum of "donation" --- lock not available
2026-09-13 17:28:51.122 UTC [2222] LOG:  skipping vacuum of "person" --- lock not available
2026-09-13 17:29:04.152 UTC [2225] LOG:  skipping vacuum of "person" --- lock not available
2026-09-13 17:31:36.088 UTC [61] LOG:  checkpoint starting: time
2026-09-13 17:32:36.090 UTC [3109] LOG:  skipping vacuum of "person" --- lock not available
