  engine: PostgreSQL 15.12-YB-2025.2.6.0-b0 on x86_64-pc-linux-gnu, compiled by clang version 19.1.0 (https://github.com/yugabyte/llvm-project.git a2a6b655e14e7fa1fcf1011a6cb29cb8575249c0), 64-bit
  effective isolation for READ COMMITTED requests: read committed
  database clock minus client clock: 0.003 ms
  dataset: 5 venues, 658 events, 56103 tickets and 2217 holds at load
  loading e0_app_clock_expiry ...
  loaded in 18.9s (copy 6.1s, index 8.7s)
  verifying answers against ground truth ...
    58/58 checks passed (margin 582s); audit on load: consistent (658 events, 56103 tickets; rejections late=0 boundary=0)
  capturing plans ...
  read benchmark:
    q01_section_map@10                     2162.0 ops/s  p50=  1.085ms p99=  69.629ms  errors=0
    q02_event_sections@10                  3037.0 ops/s  p50=  0.796ms p99=  68.093ms  errors=0
    q03_event_available@10                 3772.8 ops/s  p50=  0.650ms p99=  67.215ms  errors=0
    q01_section_map@100                    1335.3 ops/s  p50=  1.686ms p99=  72.838ms  errors=0
    q02_event_sections@100                 2786.3 ops/s  p50=  0.847ms p99=  69.065ms  errors=0
    q03_event_available@100                3363.4 ops/s  p50=  0.741ms p99=  66.898ms  errors=0
    q01_section_map@1000                   1062.5 ops/s  p50=  2.042ms p99=  74.626ms  errors=0
    q02_event_sections@1000                1455.0 ops/s  p50=  1.406ms p99=  74.093ms  errors=0
    q03_event_available@1000               1955.1 ops/s  p50=  1.095ms p99=  71.839ms  errors=0
    q01_section_map@10000                   847.5 ops/s  p50=  2.692ms p99=  76.033ms  errors=0
    q02_event_sections@10000                209.1 ops/s  p50= 10.376ms p99=  93.671ms  errors=0
    q03_event_available@10000               374.3 ops/s  p50=  5.173ms p99=  88.051ms  errors=0
    q01_section_map@100000                  510.9 ops/s  p50=  4.003ms p99=  81.621ms  errors=0
    q02_event_sections@100000                23.0 ops/s  p50=313.034ms p99= 482.138ms  errors=0
    q03_event_available@100000               47.0 ops/s  p50=190.502ms p99= 289.509ms  errors=0
    q04_hold_seats                          648.1 ops/s  p50=  3.198ms p99=  80.471ms  errors=0
    q05_customer_tickets                   2581.9 ops/s  p50=  0.952ms p99=  68.783ms  errors=0
    q06_ticket_by_id                       4553.8 ops/s  p50=  0.562ms p99=  65.845ms  errors=0
  write benchmark (fresh load per op):
    hold                                     13.9 ops/s  p50=500.472ms p99=1808.213ms  rejected=0 retries=0 errors=0
      audit after hold: VIOLATIONS — thefts 271, grants on sold seats 0, double sales 0, sales without the hold 0, late sales 0, early rejections 0 (transient 0), duplicate seats 0, inventory drift 0, invalid seats 0, partial holds 0, ticket mismatches 0
    release                                 497.8 ops/s  p50=  4.553ms p99=  79.691ms  rejected=0 retries=0 errors=0
      audit after release: consistent (658 events, 56103 tickets; rejections late=0 boundary=0)
    cancel                                  295.7 ops/s  p50=  7.708ms p99=  87.220ms  rejected=0 retries=0 errors=0
      audit after cancel: consistent (658 events, 40598 tickets; rejections late=0 boundary=0)
    publish@10                              115.2 ops/s  p50= 18.907ms p99=  97.725ms  rejected=0 retries=0 errors=0
    publish@100                              54.5 ops/s  p50= 82.642ms p99= 172.041ms  rejected=0 retries=0 errors=0
    publish@1000                              8.7 ops/s  p50=415.107ms p99= 626.089ms  rejected=0 retries=0 errors=0
    publish@10000                             2.7 ops/s  p50=678.008ms p99= 678.008ms  rejected=0 retries=0 errors=0
    publish@100000                            0.2 ops/s  p50=10496.443ms p99=10496.443ms  rejected=0 retries=0 errors=0
      audit after publish: consistent (2887 events, 56103 tickets; rejections late=0 boundary=0)
  race trial 1/1 (32 buyers per event, fresh load):
      race event 501: gate 2026-09-15T09:39:59.385300596Z, deadline 2026-09-15T09:40:59.385300596Z
      race event 502: gate 2026-09-15T09:40:05.387248563Z, deadline 2026-09-15T09:41:05.387248563Z
      race event 503: gate 2026-09-15T09:40:10.175074625Z, deadline 2026-09-15T09:41:10.175074625Z
      race event 504: gate 2026-09-15T09:40:11.195930173Z, deadline 2026-09-15T09:41:11.195930173Z
      race event 505: gate 2026-09-15T09:40:12.481129306Z, deadline 2026-09-15T09:41:12.481129306Z
      race event 506: gate 2026-09-15T09:40:13.993811905Z, deadline 2026-09-15T09:41:13.993811905Z
      race event 507: gate 2026-09-15T09:40:15.341538409Z, deadline 2026-09-15T09:41:15.341538409Z
      race event 508: gate 2026-09-15T09:40:16.457180264Z, deadline 2026-09-15T09:41:16.457180264Z
      race event 509: gate 2026-09-15T09:40:17.232429469Z, deadline 2026-09-15T09:41:17.232429469Z
      race event 510: gate 2026-09-15T09:40:18.632830719Z, deadline 2026-09-15T09:41:18.632830719Z
      race event 511: gate 2026-09-15T09:40:19.94085516Z, deadline 2026-09-15T09:41:19.94085516Z
      race event 512: gate 2026-09-15T09:40:21.456141231Z, deadline 2026-09-15T09:41:21.456141231Z
      race event 513: gate 2026-09-15T09:40:22.534974716Z, deadline 2026-09-15T09:41:22.534974716Z
      race event 514: gate 2026-09-15T09:40:23.564081767Z, deadline 2026-09-15T09:41:23.564081767Z
      race event 515: gate 2026-09-15T09:40:24.48049885Z, deadline 2026-09-15T09:41:24.48049885Z
      race event 516: gate 2026-09-15T09:40:25.409160129Z, deadline 2026-09-15T09:41:25.409160129Z
      race event 517: gate 2026-09-15T09:40:26.437880134Z, deadline 2026-09-15T09:41:26.437880134Z
      race event 518: gate 2026-09-15T09:40:27.469463723Z, deadline 2026-09-15T09:41:27.469463723Z
      race event 519: gate 2026-09-15T09:40:28.052797001Z, deadline 2026-09-15T09:41:28.052797001Z
      race event 520: gate 2026-09-15T09:40:28.757614143Z, deadline 2026-09-15T09:41:28.757614143Z
      race event 521: gate 2026-09-15T09:40:29.549935919Z, deadline 2026-09-15T09:41:29.549935919Z
      race event 522: gate 2026-09-15T09:40:30.751895555Z, deadline 2026-09-15T09:41:30.751895555Z
      race event 523: gate 2026-09-15T09:40:31.237148123Z, deadline 2026-09-15T09:41:31.237148123Z
      race event 524: gate 2026-09-15T09:40:32.755902058Z, deadline 2026-09-15T09:41:32.755902058Z
      race event 525: gate 2026-09-15T09:40:33.958803725Z, deadline 2026-09-15T09:41:33.958803725Z
      race event 526: gate 2026-09-15T09:40:34.891533439Z, deadline 2026-09-15T09:41:34.891533439Z
      race event 527: gate 2026-09-15T09:40:35.861987231Z, deadline 2026-09-15T09:41:35.861987231Z
      race event 528: gate 2026-09-15T09:40:36.495822827Z, deadline 2026-09-15T09:41:36.495822827Z
      race event 529: gate 2026-09-15T09:40:36.943819011Z, deadline 2026-09-15T09:41:36.943819011Z
      race event 530: gate 2026-09-15T09:40:37.852338671Z, deadline 2026-09-15T09:41:37.852338671Z
      race event 531: gate 2026-09-15T09:40:39.022601131Z, deadline 2026-09-15T09:41:39.022601131Z
      race event 532: gate 2026-09-15T09:40:39.854929321Z, deadline 2026-09-15T09:41:39.854929321Z
      race event 533: gate 2026-09-15T09:40:40.840414317Z, deadline 2026-09-15T09:41:40.840414317Z
      race event 534: gate 2026-09-15T09:40:45.241015157Z, deadline 2026-09-15T09:41:45.241015157Z
      race event 535: gate 2026-09-15T09:40:46.494175098Z, deadline 2026-09-15T09:41:46.494175098Z
      race event 536: gate 2026-09-15T09:40:47.835408289Z, deadline 2026-09-15T09:41:47.835408289Z
      race event 537: gate 2026-09-15T09:40:48.399095679Z, deadline 2026-09-15T09:41:48.399095679Z
      race event 538: gate 2026-09-15T09:40:49.413066833Z, deadline 2026-09-15T09:41:49.413066833Z
      race event 539: gate 2026-09-15T09:40:50.131706406Z, deadline 2026-09-15T09:41:50.131706406Z
      race event 540: gate 2026-09-15T09:40:51.516504152Z, deadline 2026-09-15T09:41:51.516504152Z
      race event 541: gate 2026-09-15T09:40:51.897905642Z, deadline 2026-09-15T09:41:51.897905642Z
      race event 542: gate 2026-09-15T09:40:52.753331415Z, deadline 2026-09-15T09:41:52.753331415Z
      race event 543: gate 2026-09-15T09:40:53.992949228Z, deadline 2026-09-15T09:41:53.992949228Z
      race event 544: gate 2026-09-15T09:40:54.813066285Z, deadline 2026-09-15T09:41:54.813066285Z
      race event 545: gate 2026-09-15T09:40:55.787534643Z, deadline 2026-09-15T09:41:55.787534643Z
      race event 546: gate 2026-09-15T09:40:56.501124452Z, deadline 2026-09-15T09:41:56.501124452Z
      race event 547: gate 2026-09-15T09:40:57.420341319Z, deadline 2026-09-15T09:41:57.420341319Z
      race event 548: gate 2026-09-15T09:40:58.700895567Z, deadline 2026-09-15T09:41:58.700895567Z
      race event 549: gate 2026-09-15T09:40:59.607252294Z, deadline 2026-09-15T09:41:59.607252294Z
      race event 550: gate 2026-09-15T09:41:00.320619529Z, deadline 2026-09-15T09:42:00.320619529Z
      race event 551: gate 2026-09-15T09:41:01.006424746Z, deadline 2026-09-15T09:42:01.006424746Z
      race event 552: gate 2026-09-15T09:41:01.386155327Z, deadline 2026-09-15T09:42:01.386155327Z
      race event 553: gate 2026-09-15T09:41:02.60468221Z, deadline 2026-09-15T09:42:02.60468221Z
      race event 554: gate 2026-09-15T09:41:03.720428605Z, deadline 2026-09-15T09:42:03.720428605Z
      race event 555: gate 2026-09-15T09:41:04.520259922Z, deadline 2026-09-15T09:42:04.520259922Z
      race event 556: gate 2026-09-15T09:41:05.905043803Z, deadline 2026-09-15T09:42:05.905043803Z
      race event 557: gate 2026-09-15T09:41:06.621397615Z, deadline 2026-09-15T09:42:06.621397615Z
      race event 558: gate 2026-09-15T09:41:07.523566838Z, deadline 2026-09-15T09:42:07.523566838Z
      race event 559: gate 2026-09-15T09:41:08.026157665Z, deadline 2026-09-15T09:42:08.026157665Z
      race event 560: gate 2026-09-15T09:41:08.798738094Z, deadline 2026-09-15T09:42:08.798738094Z
      race event 561: gate 2026-09-15T09:41:09.383284912Z, deadline 2026-09-15T09:42:09.383284912Z
      race event 562: gate 2026-09-15T09:41:10.498474144Z, deadline 2026-09-15T09:42:10.498474144Z
      race event 563: gate 2026-09-15T09:41:11.516726131Z, deadline 2026-09-15T09:42:11.516726131Z
      race event 564: gate 2026-09-15T09:41:12.519539192Z, deadline 2026-09-15T09:42:12.519539192Z
      race event 565: gate 2026-09-15T09:41:13.33818077Z, deadline 2026-09-15T09:42:13.33818077Z
      race event 566: gate 2026-09-15T09:41:14.393493553Z, deadline 2026-09-15T09:42:14.393493553Z
      race event 567: gate 2026-09-15T09:41:15.344263803Z, deadline 2026-09-15T09:42:15.344263803Z
      race event 568: gate 2026-09-15T09:41:16.349159275Z, deadline 2026-09-15T09:42:16.349159275Z
      race event 569: gate 2026-09-15T09:41:20.762349023Z, deadline 2026-09-15T09:42:20.762349023Z
      race event 570: gate 2026-09-15T09:41:21.526990566Z, deadline 2026-09-15T09:42:21.526990566Z
      race event 571: gate 2026-09-15T09:41:22.403952461Z, deadline 2026-09-15T09:42:22.403952461Z
      race event 572: gate 2026-09-15T09:41:23.235295866Z, deadline 2026-09-15T09:42:23.235295866Z
      race event 573: gate 2026-09-15T09:41:23.509985727Z, deadline 2026-09-15T09:42:23.509985727Z
      race event 574: gate 2026-09-15T09:41:23.997989463Z, deadline 2026-09-15T09:42:23.997989463Z
      race event 575: gate 2026-09-15T09:41:24.801932767Z, deadline 2026-09-15T09:42:24.801932767Z
      race event 576: gate 2026-09-15T09:41:25.394281349Z, deadline 2026-09-15T09:42:25.394281349Z
      race event 577: gate 2026-09-15T09:41:26.394953756Z, deadline 2026-09-15T09:42:26.394953756Z
      race event 578: gate 2026-09-15T09:41:27.022044495Z, deadline 2026-09-15T09:42:27.022044495Z
      race event 579: gate 2026-09-15T09:41:27.56165941Z, deadline 2026-09-15T09:42:27.56165941Z
      race event 580: gate 2026-09-15T09:41:28.20448834Z, deadline 2026-09-15T09:42:28.20448834Z
      race event 581: gate 2026-09-15T09:41:29.013828459Z, deadline 2026-09-15T09:42:29.013828459Z
      race event 582: gate 2026-09-15T09:41:30.701296956Z, deadline 2026-09-15T09:42:30.701296956Z
      race event 583: gate 2026-09-15T09:41:32.236197754Z, deadline 2026-09-15T09:42:32.236197754Z
      race event 584: gate 2026-09-15T09:41:32.832768528Z, deadline 2026-09-15T09:42:32.832768528Z
      race event 585: gate 2026-09-15T09:41:33.814652298Z, deadline 2026-09-15T09:42:33.814652298Z
      race event 586: gate 2026-09-15T09:41:34.742646531Z, deadline 2026-09-15T09:42:34.742646531Z
      race event 587: gate 2026-09-15T09:41:35.62172737Z, deadline 2026-09-15T09:42:35.62172737Z
      race event 588: gate 2026-09-15T09:41:36.209728811Z, deadline 2026-09-15T09:42:36.209728811Z
      race event 589: gate 2026-09-15T09:41:37.331184781Z, deadline 2026-09-15T09:42:37.331184781Z
      race event 590: gate 2026-09-15T09:41:37.727216367Z, deadline 2026-09-15T09:42:37.727216367Z
      race event 591: gate 2026-09-15T09:41:38.640385977Z, deadline 2026-09-15T09:42:38.640385977Z
      race event 592: gate 2026-09-15T09:41:39.219592954Z, deadline 2026-09-15T09:42:39.219592954Z
      race event 593: gate 2026-09-15T09:41:39.7245157Z, deadline 2026-09-15T09:42:39.7245157Z
      race event 594: gate 2026-09-15T09:41:40.217865674Z, deadline 2026-09-15T09:42:40.217865674Z
      race event 595: gate 2026-09-15T09:41:41.001119697Z, deadline 2026-09-15T09:42:41.001119697Z
      race event 596: gate 2026-09-15T09:41:41.620424895Z, deadline 2026-09-15T09:42:41.620424895Z
      race event 597: gate 2026-09-15T09:41:42.713743366Z, deadline 2026-09-15T09:42:42.713743366Z
      race event 598: gate 2026-09-15T09:41:44.114904757Z, deadline 2026-09-15T09:42:44.114904757Z
      race event 599: gate 2026-09-15T09:41:46.417796204Z, deadline 2026-09-15T09:42:46.417796204Z
      race event 600: gate 2026-09-15T09:41:47.020149444Z, deadline 2026-09-15T09:42:47.020149444Z
    race     10 seats x100       14.1 seats/s  conflicts/hold=7.60 reads/hold=15.76  hold p50=100.91ms p99=882.54ms  deferred 54/54 ok  confirm retries sold/run=0/0  errors=0  ok
      audit: consistent (100 events, 1000 tickets; rejections late=0 boundary=0)
      race event 601: gate 2026-09-15T09:41:48.72053282Z, deadline 2026-09-15T09:42:48.72053282Z
      race event 602: gate 2026-09-15T09:41:52.10989845Z, deadline 2026-09-15T09:42:52.10989845Z
      race event 603: gate 2026-09-15T09:41:58.498140822Z, deadline 2026-09-15T09:42:58.498140822Z
      race event 604: gate 2026-09-15T09:42:00.174347071Z, deadline 2026-09-15T09:43:00.174347071Z
      race event 605: gate 2026-09-15T09:42:02.703265424Z, deadline 2026-09-15T09:43:02.703265424Z
      race event 606: gate 2026-09-15T09:42:06.127655713Z, deadline 2026-09-15T09:43:06.127655713Z
      race event 607: gate 2026-09-15T09:42:09.877210912Z, deadline 2026-09-15T09:43:09.877210912Z
      race event 608: gate 2026-09-15T09:42:13.008779132Z, deadline 2026-09-15T09:43:13.008779132Z
      race event 609: gate 2026-09-15T09:42:16.41050948Z, deadline 2026-09-15T09:43:16.41050948Z
      race event 610: gate 2026-09-15T09:42:19.904936255Z, deadline 2026-09-15T09:43:19.904936255Z
      race event 611: gate 2026-09-15T09:42:23.826663591Z, deadline 2026-09-15T09:43:23.826663591Z
      race event 612: gate 2026-09-15T09:42:27.318511563Z, deadline 2026-09-15T09:43:27.318511563Z
      race event 613: gate 2026-09-15T09:42:33.177675896Z, deadline 2026-09-15T09:43:33.177675896Z
      race event 614: gate 2026-09-15T09:42:36.558926804Z, deadline 2026-09-15T09:43:36.558926804Z
      race event 615: gate 2026-09-15T09:42:39.166087985Z, deadline 2026-09-15T09:43:39.166087985Z
      race event 616: gate 2026-09-15T09:42:41.981046446Z, deadline 2026-09-15T09:43:41.981046446Z
      race event 617: gate 2026-09-15T09:42:44.682791629Z, deadline 2026-09-15T09:43:44.682791629Z
      race event 618: gate 2026-09-15T09:42:49.101879005Z, deadline 2026-09-15T09:43:49.101879005Z
      race event 619: gate 2026-09-15T09:42:52.287420209Z, deadline 2026-09-15T09:43:52.287420209Z
      race event 620: gate 2026-09-15T09:42:54.516205206Z, deadline 2026-09-15T09:43:54.516205206Z
    race    100 seats x20        35.1 seats/s  conflicts/hold=2.50 reads/hold=4.86  hold p50=106.07ms p99=784.36ms  deferred 99/99 ok  confirm retries sold/run=0/0  errors=0  ok
      audit: consistent (20 events, 2000 tickets; rejections late=0 boundary=0)
      race event 621: gate 2026-09-15T09:42:58.201446943Z, deadline 2026-09-15T09:43:58.201446943Z
      race event 622: gate 2026-09-15T09:43:23.24103048Z, deadline 2026-09-15T09:44:23.24103048Z
      race event 623: gate 2026-09-15T09:43:48.048140911Z, deadline 2026-09-15T09:44:48.048140911Z
      race event 624: gate 2026-09-15T09:44:15.055380002Z, deadline 2026-09-15T09:45:15.055380002Z
      race event 625: gate 2026-09-15T09:44:45.839234368Z, deadline 2026-09-15T09:45:45.839234368Z
    race   1000 seats x5         41.1 seats/s  conflicts/hold=0.96 reads/hold=3.38  hold p50=179.83ms p99=494.02ms  deferred 195/195 ok  confirm retries sold/run=0/0  errors=0  VIOLATIONS
      audit: VIOLATIONS — thefts 0, grants on sold seats 0, double sales 0, sales without the hold 0, late sales 0, early rejections 1 (transient 1), duplicate seats 0, inventory drift 0, invalid seats 0, partial holds 0, ticket mismatches 0
      race event 626: gate 2026-09-15T09:45:18.283831172Z, deadline 2026-09-15T09:46:18.283831172Z
      race event 627: gate 2026-09-15T09:46:27.675897059Z, deadline 2026-09-15T09:47:27.675897059Z
    race  10000 seats x2         45.6 seats/s  conflicts/hold=0.24 reads/hold=1.33  hold p50=202.07ms p99=678.05ms  deferred 219/219 ok  confirm retries sold/run=0/0  errors=0  VIOLATIONS, 2 timed out (28% sold)
      audit: VIOLATIONS — thefts 0, grants on sold seats 0, double sales 0, sales without the hold 0, late sales 0, early rejections 1 (transient 1), duplicate seats 0, inventory drift 0, invalid seats 0, partial holds 0, ticket mismatches 0
  lifecycle trial 1/1 (32 buyers per event, one human minute = 500ms, fresh load):
    lifecycle    10 seats x3       0.3 confirmed seats/s  holds=31 abandoned=5+3 expired@check=2 rejected late/boundary/early(transient)=0/0/1(0)  confirm retries sold/run=0/0  outage unavailable=0/0  leaked=0 errors=0  VIOLATIONS
      audit: VIOLATIONS — thefts 8, grants on sold seats 0, double sales 0, sales without the hold 0, late sales 0, early rejections 1 (transient 0), duplicate seats 0, inventory drift 0, invalid seats 0, partial holds 0, ticket mismatches 0
    lifecycle   100 seats x3       1.6 confirmed seats/s  holds=239 abandoned=33+32 expired@check=15 rejected late/boundary/early(transient)=0/0/5(0)  confirm retries sold/run=0/0  outage unavailable=0/0  leaked=0 errors=0  VIOLATIONS
      audit: VIOLATIONS — thefts 70, grants on sold seats 0, double sales 0, sales without the hold 0, late sales 0, early rejections 5 (transient 0), duplicate seats 0, inventory drift 0, invalid seats 0, partial holds 0, ticket mismatches 0
  wrote /results/e0_app_clock_expiry.json
