  engine: PostgreSQL 15.12-YB-2025.2.6.0-b0 on x86_64-pc-linux-gnu, compiled by clang version 19.1.0 (https://github.com/yugabyte/llvm-project.git a2a6b655e14e7fa1fcf1011a6cb29cb8575249c0), 64-bit
  effective isolation for READ COMMITTED requests: read committed
  database clock minus client clock: 0.001 ms
  dataset: 5 venues, 658 events, 56103 tickets and 2217 holds at load
  loading e1_sweeper_expiry ...
  loaded in 19.1s (copy 6.6s, index 8.2s)
  verifying answers against ground truth ...
    58/58 checks passed (margin 582s); audit on load: consistent (658 events, 56103 tickets; rejections late=0 boundary=0)
  capturing plans ...
  read benchmark:
    q01_section_map@10                     2351.0 ops/s  p50=  1.015ms p99=  69.456ms  errors=0
    q02_event_sections@10                  2818.8 ops/s  p50=  0.794ms p99=  69.816ms  errors=0
    q03_event_available@10                 3856.8 ops/s  p50=  0.634ms p99=  67.174ms  errors=0
    q01_section_map@100                    1610.3 ops/s  p50=  1.337ms p99=  73.389ms  errors=0
    q02_event_sections@100                 2550.6 ops/s  p50=  0.847ms p99=  70.852ms  errors=0
    q03_event_available@100                3588.2 ops/s  p50=  0.673ms p99=  67.586ms  errors=0
    q01_section_map@1000                    987.7 ops/s  p50=  2.031ms p99=  75.964ms  errors=0
    q02_event_sections@1000                1581.8 ops/s  p50=  1.357ms p99=  73.289ms  errors=0
    q03_event_available@1000               2148.7 ops/s  p50=  1.032ms p99=  71.286ms  errors=0
    q01_section_map@10000                   769.8 ops/s  p50=  2.626ms p99=  77.871ms  errors=0
    q02_event_sections@10000                208.4 ops/s  p50= 10.787ms p99=  93.549ms  errors=0
    q03_event_available@10000               493.7 ops/s  p50=  3.942ms p99=  84.928ms  errors=0
    q01_section_map@100000                  522.5 ops/s  p50=  3.745ms p99=  82.427ms  errors=0
    q02_event_sections@100000                20.3 ops/s  p50=400.334ms p99= 490.518ms  errors=0
    q03_event_available@100000               50.5 ops/s  p50=179.281ms p99= 288.741ms  errors=0
    q04_hold_seats                          641.1 ops/s  p50=  3.255ms p99=  79.995ms  errors=0
    q05_customer_tickets                   2540.9 ops/s  p50=  0.947ms p99=  69.284ms  errors=0
    q06_ticket_by_id                       4473.1 ops/s  p50=  0.565ms p99=  65.876ms  errors=0
  write benchmark (fresh load per op):
    hold                                     14.3 ops/s  p50=500.852ms p99=1703.613ms  rejected=0 retries=0 errors=0
      audit after hold: consistent (658 events, 80640 tickets; rejections late=0 boundary=0)
    release                                 500.7 ops/s  p50=  4.323ms p99=  79.181ms  rejected=0 retries=0 errors=0
      audit after release: consistent (658 events, 56103 tickets; rejections late=0 boundary=0)
    cancel                                  298.7 ops/s  p50=  7.640ms p99=  87.595ms  rejected=0 retries=0 errors=0
      audit after cancel: consistent (658 events, 40583 tickets; rejections late=0 boundary=0)
    publish@10                              281.3 ops/s  p50=  4.684ms p99=  76.277ms  rejected=0 retries=0 errors=0
    publish@100                             193.9 ops/s  p50=  7.492ms p99=  77.333ms  rejected=0 retries=0 errors=0
    publish@1000                             40.4 ops/s  p50= 96.907ms p99= 112.313ms  rejected=0 retries=0 errors=0
    publish@10000                             7.1 ops/s  p50=257.925ms p99= 257.925ms  rejected=0 retries=0 errors=0
    publish@100000                            0.6 ops/s  p50=3213.624ms p99=3213.624ms  rejected=0 retries=0 errors=0
      audit after publish: consistent (2887 events, 56103 tickets; rejections late=0 boundary=0)
  race trial 1/1 (32 buyers per event, fresh load):
      race event 501: gate 2026-09-15T07:51:29.272771065Z, deadline 2026-09-15T07:52:29.272771065Z
      race event 502: gate 2026-09-15T07:51:30.855237061Z, deadline 2026-09-15T07:52:30.855237061Z
      race event 503: gate 2026-09-15T07:51:31.156335278Z, deadline 2026-09-15T07:52:31.156335278Z
      race event 504: gate 2026-09-15T07:51:31.662351752Z, deadline 2026-09-15T07:52:31.662351752Z
      race event 505: gate 2026-09-15T07:51:31.938544837Z, deadline 2026-09-15T07:52:31.938544837Z
      race event 506: gate 2026-09-15T07:51:32.452723085Z, deadline 2026-09-15T07:52:32.452723085Z
      race event 507: gate 2026-09-15T07:51:32.858324322Z, deadline 2026-09-15T07:52:32.858324322Z
      race event 508: gate 2026-09-15T07:51:33.142770931Z, deadline 2026-09-15T07:52:33.142770931Z
      race event 509: gate 2026-09-15T07:51:33.479654284Z, deadline 2026-09-15T07:52:33.479654284Z
      race event 510: gate 2026-09-15T07:51:33.745859671Z, deadline 2026-09-15T07:52:33.745859671Z
      race event 511: gate 2026-09-15T07:51:34.039571185Z, deadline 2026-09-15T07:52:34.039571185Z
      race event 512: gate 2026-09-15T07:51:34.363794507Z, deadline 2026-09-15T07:52:34.363794507Z
      race event 513: gate 2026-09-15T07:51:34.623601349Z, deadline 2026-09-15T07:52:34.623601349Z
      race event 514: gate 2026-09-15T07:51:34.951503811Z, deadline 2026-09-15T07:52:34.951503811Z
      race event 515: gate 2026-09-15T07:51:35.078640479Z, deadline 2026-09-15T07:52:35.078640479Z
      race event 516: gate 2026-09-15T07:51:35.381008495Z, deadline 2026-09-15T07:52:35.381008495Z
      race event 517: gate 2026-09-15T07:51:35.54942183Z, deadline 2026-09-15T07:52:35.54942183Z
      race event 518: gate 2026-09-15T07:51:35.849516884Z, deadline 2026-09-15T07:52:35.849516884Z
      race event 519: gate 2026-09-15T07:51:36.028281002Z, deadline 2026-09-15T07:52:36.028281002Z
      race event 520: gate 2026-09-15T07:51:36.366527516Z, deadline 2026-09-15T07:52:36.366527516Z
      race event 521: gate 2026-09-15T07:51:36.5824414Z, deadline 2026-09-15T07:52:36.5824414Z
      race event 522: gate 2026-09-15T07:51:36.834304057Z, deadline 2026-09-15T07:52:36.834304057Z
      race event 523: gate 2026-09-15T07:51:36.97234258Z, deadline 2026-09-15T07:52:36.97234258Z
      race event 524: gate 2026-09-15T07:51:37.427327398Z, deadline 2026-09-15T07:52:37.427327398Z
      race event 525: gate 2026-09-15T07:51:37.788810033Z, deadline 2026-09-15T07:52:37.788810033Z
      race event 526: gate 2026-09-15T07:51:38.318832714Z, deadline 2026-09-15T07:52:38.318832714Z
      race event 527: gate 2026-09-15T07:51:38.623992374Z, deadline 2026-09-15T07:52:38.623992374Z
      race event 528: gate 2026-09-15T07:51:38.823008567Z, deadline 2026-09-15T07:52:38.823008567Z
      race event 529: gate 2026-09-15T07:51:39.01763425Z, deadline 2026-09-15T07:52:39.01763425Z
      race event 530: gate 2026-09-15T07:51:39.223166119Z, deadline 2026-09-15T07:52:39.223166119Z
      race event 531: gate 2026-09-15T07:51:39.443641523Z, deadline 2026-09-15T07:52:39.443641523Z
      race event 532: gate 2026-09-15T07:51:39.627897069Z, deadline 2026-09-15T07:52:39.627897069Z
      race event 533: gate 2026-09-15T07:51:39.91937131Z, deadline 2026-09-15T07:52:39.91937131Z
      race event 534: gate 2026-09-15T07:51:40.147196307Z, deadline 2026-09-15T07:52:40.147196307Z
      race event 535: gate 2026-09-15T07:51:40.333962189Z, deadline 2026-09-15T07:52:40.333962189Z
      race event 536: gate 2026-09-15T07:51:40.647335037Z, deadline 2026-09-15T07:52:40.647335037Z
      race event 537: gate 2026-09-15T07:51:40.946741457Z, deadline 2026-09-15T07:52:40.946741457Z
      race event 538: gate 2026-09-15T07:51:41.237914149Z, deadline 2026-09-15T07:52:41.237914149Z
      race event 539: gate 2026-09-15T07:51:41.631005803Z, deadline 2026-09-15T07:52:41.631005803Z
      race event 540: gate 2026-09-15T07:51:42.0520834Z, deadline 2026-09-15T07:52:42.0520834Z
      race event 541: gate 2026-09-15T07:51:42.42237429Z, deadline 2026-09-15T07:52:42.42237429Z
      race event 542: gate 2026-09-15T07:51:42.737487141Z, deadline 2026-09-15T07:52:42.737487141Z
      race event 543: gate 2026-09-15T07:51:43.136193853Z, deadline 2026-09-15T07:52:43.136193853Z
      race event 544: gate 2026-09-15T07:51:43.544314925Z, deadline 2026-09-15T07:52:43.544314925Z
      race event 545: gate 2026-09-15T07:51:43.636453203Z, deadline 2026-09-15T07:52:43.636453203Z
      race event 546: gate 2026-09-15T07:51:43.835007027Z, deadline 2026-09-15T07:52:43.835007027Z
      race event 547: gate 2026-09-15T07:51:44.083429588Z, deadline 2026-09-15T07:52:44.083429588Z
      race event 548: gate 2026-09-15T07:51:44.334151504Z, deadline 2026-09-15T07:52:44.334151504Z
      race event 549: gate 2026-09-15T07:51:44.544733828Z, deadline 2026-09-15T07:52:44.544733828Z
      race event 550: gate 2026-09-15T07:51:45.016207974Z, deadline 2026-09-15T07:52:45.016207974Z
      race event 551: gate 2026-09-15T07:51:45.249380548Z, deadline 2026-09-15T07:52:45.249380548Z
      race event 552: gate 2026-09-15T07:51:45.657717433Z, deadline 2026-09-15T07:52:45.657717433Z
      race event 553: gate 2026-09-15T07:51:45.887259798Z, deadline 2026-09-15T07:52:45.887259798Z
      race event 554: gate 2026-09-15T07:51:46.127275254Z, deadline 2026-09-15T07:52:46.127275254Z
      race event 555: gate 2026-09-15T07:51:46.318394348Z, deadline 2026-09-15T07:52:46.318394348Z
      race event 556: gate 2026-09-15T07:51:46.628665001Z, deadline 2026-09-15T07:52:46.628665001Z
      race event 557: gate 2026-09-15T07:51:46.932521135Z, deadline 2026-09-15T07:52:46.932521135Z
      race event 558: gate 2026-09-15T07:51:47.331265186Z, deadline 2026-09-15T07:52:47.331265186Z
      race event 559: gate 2026-09-15T07:51:47.583425027Z, deadline 2026-09-15T07:52:47.583425027Z
      race event 560: gate 2026-09-15T07:51:48.075412671Z, deadline 2026-09-15T07:52:48.075412671Z
      race event 561: gate 2026-09-15T07:51:48.239576075Z, deadline 2026-09-15T07:52:48.239576075Z
      race event 562: gate 2026-09-15T07:51:48.541568216Z, deadline 2026-09-15T07:52:48.541568216Z
      race event 563: gate 2026-09-15T07:51:49.129240133Z, deadline 2026-09-15T07:52:49.129240133Z
      race event 564: gate 2026-09-15T07:51:49.442581989Z, deadline 2026-09-15T07:52:49.442581989Z
      race event 565: gate 2026-09-15T07:51:49.847812367Z, deadline 2026-09-15T07:52:49.847812367Z
      race event 566: gate 2026-09-15T07:51:50.118719099Z, deadline 2026-09-15T07:52:50.118719099Z
      race event 567: gate 2026-09-15T07:51:50.419677283Z, deadline 2026-09-15T07:52:50.419677283Z
      race event 568: gate 2026-09-15T07:51:50.6605255Z, deadline 2026-09-15T07:52:50.6605255Z
      race event 569: gate 2026-09-15T07:51:51.027118462Z, deadline 2026-09-15T07:52:51.027118462Z
      race event 570: gate 2026-09-15T07:51:51.273878928Z, deadline 2026-09-15T07:52:51.273878928Z
      race event 571: gate 2026-09-15T07:51:51.642535511Z, deadline 2026-09-15T07:52:51.642535511Z
      race event 572: gate 2026-09-15T07:51:51.925118659Z, deadline 2026-09-15T07:52:51.925118659Z
      race event 573: gate 2026-09-15T07:51:52.232727609Z, deadline 2026-09-15T07:52:52.232727609Z
      race event 574: gate 2026-09-15T07:51:52.437750931Z, deadline 2026-09-15T07:52:52.437750931Z
      race event 575: gate 2026-09-15T07:51:52.674170501Z, deadline 2026-09-15T07:52:52.674170501Z
      race event 576: gate 2026-09-15T07:51:53.116223921Z, deadline 2026-09-15T07:52:53.116223921Z
      race event 577: gate 2026-09-15T07:51:53.343881668Z, deadline 2026-09-15T07:52:53.343881668Z
      race event 578: gate 2026-09-15T07:51:53.488348694Z, deadline 2026-09-15T07:52:53.488348694Z
      race event 579: gate 2026-09-15T07:51:53.728467447Z, deadline 2026-09-15T07:52:53.728467447Z
      race event 580: gate 2026-09-15T07:51:54.029905099Z, deadline 2026-09-15T07:52:54.029905099Z
      race event 581: gate 2026-09-15T07:51:54.275519981Z, deadline 2026-09-15T07:52:54.275519981Z
      race event 582: gate 2026-09-15T07:51:54.727395905Z, deadline 2026-09-15T07:52:54.727395905Z
      race event 583: gate 2026-09-15T07:51:55.231302872Z, deadline 2026-09-15T07:52:55.231302872Z
      race event 584: gate 2026-09-15T07:51:55.742259834Z, deadline 2026-09-15T07:52:55.742259834Z
      race event 585: gate 2026-09-15T07:51:56.033304554Z, deadline 2026-09-15T07:52:56.033304554Z
      race event 586: gate 2026-09-15T07:51:56.440836109Z, deadline 2026-09-15T07:52:56.440836109Z
      race event 587: gate 2026-09-15T07:51:56.839784591Z, deadline 2026-09-15T07:52:56.839784591Z
      race event 588: gate 2026-09-15T07:51:57.34098141Z, deadline 2026-09-15T07:52:57.34098141Z
      race event 589: gate 2026-09-15T07:51:57.639482931Z, deadline 2026-09-15T07:52:57.639482931Z
      race event 590: gate 2026-09-15T07:51:57.736999788Z, deadline 2026-09-15T07:52:57.736999788Z
      race event 591: gate 2026-09-15T07:51:57.942158145Z, deadline 2026-09-15T07:52:57.942158145Z
      race event 592: gate 2026-09-15T07:51:58.375275829Z, deadline 2026-09-15T07:52:58.375275829Z
      race event 593: gate 2026-09-15T07:51:58.744703664Z, deadline 2026-09-15T07:52:58.744703664Z
      race event 594: gate 2026-09-15T07:51:59.1861251Z, deadline 2026-09-15T07:52:59.1861251Z
      race event 595: gate 2026-09-15T07:51:59.451124307Z, deadline 2026-09-15T07:52:59.451124307Z
      race event 596: gate 2026-09-15T07:52:03.35710801Z, deadline 2026-09-15T07:53:03.35710801Z
      race event 597: gate 2026-09-15T07:52:03.516590424Z, deadline 2026-09-15T07:53:03.516590424Z
      race event 598: gate 2026-09-15T07:52:03.719712578Z, deadline 2026-09-15T07:53:03.719712578Z
      race event 599: gate 2026-09-15T07:52:04.105998968Z, deadline 2026-09-15T07:53:04.105998968Z
      race event 600: gate 2026-09-15T07:52:04.303638133Z, deadline 2026-09-15T07:53:04.303638133Z
    race     10 seats x100       46.2 seats/s  conflicts/hold=7.08 reads/hold=15.02  hold p50=13.76ms p99=293.92ms  deferred 73/73 ok  confirm retries sold/run=0/0  errors=0  ok
      audit: consistent (100 events, 1000 tickets; rejections late=0 boundary=0)
      race event 601: gate 2026-09-15T07:52:04.88825493Z, deadline 2026-09-15T07:53:04.88825493Z
      race event 602: gate 2026-09-15T07:52:05.923016415Z, deadline 2026-09-15T07:53:05.923016415Z
      race event 603: gate 2026-09-15T07:52:07.008954641Z, deadline 2026-09-15T07:53:07.008954641Z
      race event 604: gate 2026-09-15T07:52:08.171301717Z, deadline 2026-09-15T07:53:08.171301717Z
      race event 605: gate 2026-09-15T07:52:09.325433444Z, deadline 2026-09-15T07:53:09.325433444Z
      race event 606: gate 2026-09-15T07:52:10.525386506Z, deadline 2026-09-15T07:53:10.525386506Z
      race event 607: gate 2026-09-15T07:52:11.906759668Z, deadline 2026-09-15T07:53:11.906759668Z
      race event 608: gate 2026-09-15T07:52:13.215590125Z, deadline 2026-09-15T07:53:13.215590125Z
      race event 609: gate 2026-09-15T07:52:14.419173072Z, deadline 2026-09-15T07:53:14.419173072Z
      race event 610: gate 2026-09-15T07:52:15.611702677Z, deadline 2026-09-15T07:53:15.611702677Z
      race event 611: gate 2026-09-15T07:52:17.01972101Z, deadline 2026-09-15T07:53:17.01972101Z
      race event 612: gate 2026-09-15T07:52:18.022232542Z, deadline 2026-09-15T07:53:18.022232542Z
      race event 613: gate 2026-09-15T07:52:19.212469102Z, deadline 2026-09-15T07:53:19.212469102Z
      race event 614: gate 2026-09-15T07:52:20.418023948Z, deadline 2026-09-15T07:53:20.418023948Z
      race event 615: gate 2026-09-15T07:52:21.533129793Z, deadline 2026-09-15T07:53:21.533129793Z
      race event 616: gate 2026-09-15T07:52:22.721186563Z, deadline 2026-09-15T07:53:22.721186563Z
      race event 617: gate 2026-09-15T07:52:23.730506085Z, deadline 2026-09-15T07:53:23.730506085Z
      race event 618: gate 2026-09-15T07:52:24.816163671Z, deadline 2026-09-15T07:53:24.816163671Z
      race event 619: gate 2026-09-15T07:52:25.908527681Z, deadline 2026-09-15T07:53:25.908527681Z
      race event 620: gate 2026-09-15T07:52:27.206856332Z, deadline 2026-09-15T07:53:27.206856332Z
    race    100 seats x20        92.3 seats/s  conflicts/hold=2.54 reads/hold=5.07  hold p50=26.69ms p99=286.77ms  deferred 90/90 ok  confirm retries sold/run=0/0  errors=0  ok
      audit: consistent (20 events, 2000 tickets; rejections late=0 boundary=0)
      race event 621: gate 2026-09-15T07:52:28.676244335Z, deadline 2026-09-15T07:53:28.676244335Z
      race event 622: gate 2026-09-15T07:52:40.615645288Z, deadline 2026-09-15T07:53:40.615645288Z
      race event 623: gate 2026-09-15T07:52:50.710212787Z, deadline 2026-09-15T07:53:50.710212787Z
      race event 624: gate 2026-09-15T07:52:59.616960363Z, deadline 2026-09-15T07:53:59.616960363Z
      race event 625: gate 2026-09-15T07:53:10.722157823Z, deadline 2026-09-15T07:54:10.722157823Z
    race   1000 seats x5        106.6 seats/s  conflicts/hold=0.92 reads/hold=3.40  hold p50=88.04ms p99=193.94ms  deferred 190/190 ok  confirm retries sold/run=0/0  errors=0  VIOLATIONS
      audit: VIOLATIONS — thefts 0, grants on sold seats 0, double sales 0, sales without the hold 0, late sales 0, early rejections 1 (transient 1), duplicate seats 0, inventory drift 0, invalid seats 0, partial holds 0, ticket mismatches 0
      race event 626: gate 2026-09-15T07:53:24.259980461Z, deadline 2026-09-15T07:54:24.259980461Z
      race event 627: gate 2026-09-15T07:54:32.744530113Z, deadline 2026-09-15T07:55:32.744530113Z
    race  10000 seats x2        101.0 seats/s  conflicts/hold=0.19 reads/hold=1.49  hold p50=97.39ms p99=200.29ms  deferred 472/472 ok  confirm retries sold/run=0/0  errors=0  ok, 2 timed out (61% sold)
      audit: consistent (2 events, 12140 tickets; rejections late=0 boundary=0)
  lifecycle trial 1/1 (32 buyers per event, one human minute = 500ms, fresh load):
    lifecycle    10 seats x3       0.2 confirmed seats/s  holds=34 abandoned=8+4 expired@check=1 rejected late/boundary/early(transient)=0/0/0(0)  confirm retries sold/run=0/0  outage unavailable=0/0  leaked=0 errors=0  ok
      audit: consistent (3 events, 30 tickets; rejections late=0 boundary=0)
    lifecycle   100 seats x3       1.5 confirmed seats/s  holds=227 abandoned=28+29 expired@check=8 rejected late/boundary/early(transient)=5/0/0(0)  confirm retries sold/run=0/0  outage unavailable=8/8  leaked=0 errors=0  ok
      audit: consistent (3 events, 300 tickets; rejections late=5 boundary=0)
  wrote /results/e1_sweeper_expiry.json
