  engine: PostgreSQL 15.12-YB-2025.2.6.0-b0 on x86_64-pc-linux-gnu, compiled by clang version 19.1.0 (https://github.com/yugabyte/llvm-project.git a2a6b655e14e7fa1fcf1011a6cb29cb8575249c0), 64-bit
  effective isolation for READ COMMITTED requests: read committed
  database clock minus client clock: 0.006 ms
  dataset: 5 venues, 658 events, 56103 tickets and 2217 holds at load
  loading e2_cart_expiry ...
  loaded in 19.4s (copy 6.5s, index 8.5s)
  verifying answers against ground truth ...
    58/58 checks passed (margin 585s); audit on load: consistent (658 events, 56103 tickets; rejections late=0 boundary=0)
  capturing plans ...
  read benchmark:
    q01_section_map@10                     1700.6 ops/s  p50=  1.308ms p99=  72.017ms  errors=0
    q02_event_sections@10                  1693.0 ops/s  p50=  1.288ms p99=  72.327ms  errors=0
    q03_event_available@10                 1480.1 ops/s  p50=  1.385ms p99=  73.566ms  errors=0
    q01_section_map@100                     846.9 ops/s  p50=  2.454ms p99=  76.944ms  errors=0
    q02_event_sections@100                 1043.1 ops/s  p50=  1.993ms p99=  75.413ms  errors=0
    q03_event_available@100                1188.6 ops/s  p50=  1.893ms p99=  74.121ms  errors=0
    q01_section_map@1000                    712.9 ops/s  p50=  3.015ms p99=  78.031ms  errors=0
    q02_event_sections@1000                 476.0 ops/s  p50=  3.638ms p99=  85.201ms  errors=0
    q03_event_available@1000                524.1 ops/s  p50=  3.587ms p99=  83.008ms  errors=0
    q01_section_map@10000                   464.9 ops/s  p50=  4.445ms p99=  83.915ms  errors=0
    q02_event_sections@10000                126.4 ops/s  p50= 84.203ms p99= 399.434ms  errors=0
    q03_event_available@10000               129.7 ops/s  p50= 84.520ms p99= 304.629ms  errors=0
    q01_section_map@100000                  205.9 ops/s  p50= 12.781ms p99= 100.941ms  errors=0
    q02_event_sections@100000                15.7 ops/s  p50=397.552ms p99=1619.124ms  errors=0
    q03_event_available@100000               19.1 ops/s  p50=388.214ms p99=2507.490ms  errors=0
    q04_hold_seats                         1264.5 ops/s  p50=  1.825ms p99=  73.160ms  errors=0
    q05_customer_tickets                   2460.4 ops/s  p50=  0.961ms p99=  69.322ms  errors=0
    q06_ticket_by_id                       4592.6 ops/s  p50=  0.562ms p99=  65.660ms  errors=0
  write benchmark (fresh load per op):
    hold                                      1.2 ops/s  p50=7633.129ms p99=7781.855ms  rejected=0 retries=0 errors=0
      audit after hold: consistent (658 events, 62881 tickets; rejections late=0 boundary=0)
    release                                 274.7 ops/s  p50=  8.024ms p99=  88.662ms  rejected=0 retries=0 errors=0
      audit after release: consistent (658 events, 56103 tickets; rejections late=0 boundary=0)
    cancel                                  265.8 ops/s  p50=  8.221ms p99=  91.735ms  rejected=0 retries=0 errors=0
      audit after cancel: consistent (658 events, 40748 tickets; rejections late=0 boundary=0)
    publish@10                              284.7 ops/s  p50=  4.665ms p99=  74.655ms  rejected=0 retries=0 errors=0
    publish@100                             165.2 ops/s  p50=  8.160ms p99=  78.804ms  rejected=0 retries=0 errors=0
    publish@1000                             40.5 ops/s  p50=102.293ms p99= 109.148ms  rejected=0 retries=0 errors=0
    publish@10000                             7.4 ops/s  p50=267.424ms p99= 267.424ms  rejected=0 retries=0 errors=0
    publish@100000                            0.7 ops/s  p50=2925.107ms p99=2925.107ms  rejected=0 retries=0 errors=0
      audit after publish: consistent (2887 events, 56103 tickets; rejections late=0 boundary=0)
  race trial 1/1 (32 buyers per event, fresh load):
      race event 501: gate 2026-09-15T09:10:36.901230412Z, deadline 2026-09-15T09:11:36.901230412Z
      race event 502: gate 2026-09-15T09:10:38.906857883Z, deadline 2026-09-15T09:11:38.906857883Z
      race event 503: gate 2026-09-15T09:10:39.762127127Z, deadline 2026-09-15T09:11:39.762127127Z
      race event 504: gate 2026-09-15T09:10:40.461022079Z, deadline 2026-09-15T09:11:40.461022079Z
      race event 505: gate 2026-09-15T09:10:41.044044564Z, deadline 2026-09-15T09:11:41.044044564Z
      race event 506: gate 2026-09-15T09:10:41.40209202Z, deadline 2026-09-15T09:11:41.40209202Z
      race event 507: gate 2026-09-15T09:10:42.061689601Z, deadline 2026-09-15T09:11:42.061689601Z
      race event 508: gate 2026-09-15T09:10:42.96324588Z, deadline 2026-09-15T09:11:42.96324588Z
      race event 509: gate 2026-09-15T09:10:43.846261818Z, deadline 2026-09-15T09:11:43.846261818Z
      race event 510: gate 2026-09-15T09:10:44.049271663Z, deadline 2026-09-15T09:11:44.049271663Z
      race event 511: gate 2026-09-15T09:10:45.046135043Z, deadline 2026-09-15T09:11:45.046135043Z
      race event 512: gate 2026-09-15T09:10:45.757212963Z, deadline 2026-09-15T09:11:45.757212963Z
      race event 513: gate 2026-09-15T09:10:46.155112861Z, deadline 2026-09-15T09:11:46.155112861Z
      race event 514: gate 2026-09-15T09:10:46.554512256Z, deadline 2026-09-15T09:11:46.554512256Z
      race event 515: gate 2026-09-15T09:10:47.163910485Z, deadline 2026-09-15T09:11:47.163910485Z
      race event 516: gate 2026-09-15T09:10:48.056605898Z, deadline 2026-09-15T09:11:48.056605898Z
      race event 517: gate 2026-09-15T09:10:48.845249991Z, deadline 2026-09-15T09:11:48.845249991Z
      race event 518: gate 2026-09-15T09:10:49.371274136Z, deadline 2026-09-15T09:11:49.371274136Z
      race event 519: gate 2026-09-15T09:10:53.248897486Z, deadline 2026-09-15T09:11:53.248897486Z
      race event 520: gate 2026-09-15T09:10:53.553782147Z, deadline 2026-09-15T09:11:53.553782147Z
      race event 521: gate 2026-09-15T09:10:54.142013653Z, deadline 2026-09-15T09:11:54.142013653Z
      race event 522: gate 2026-09-15T09:10:55.183962107Z, deadline 2026-09-15T09:11:55.183962107Z
      race event 523: gate 2026-09-15T09:10:55.591631905Z, deadline 2026-09-15T09:11:55.591631905Z
      race event 524: gate 2026-09-15T09:10:56.162939917Z, deadline 2026-09-15T09:11:56.162939917Z
      race event 525: gate 2026-09-15T09:10:56.831886097Z, deadline 2026-09-15T09:11:56.831886097Z
      race event 526: gate 2026-09-15T09:10:57.277979815Z, deadline 2026-09-15T09:11:57.277979815Z
      race event 527: gate 2026-09-15T09:10:57.842981334Z, deadline 2026-09-15T09:11:57.842981334Z
      race event 528: gate 2026-09-15T09:10:58.746931371Z, deadline 2026-09-15T09:11:58.746931371Z
      race event 529: gate 2026-09-15T09:10:59.525659741Z, deadline 2026-09-15T09:11:59.525659741Z
      race event 530: gate 2026-09-15T09:11:00.44582379Z, deadline 2026-09-15T09:12:00.44582379Z
      race event 531: gate 2026-09-15T09:11:01.449418398Z, deadline 2026-09-15T09:12:01.449418398Z
      race event 532: gate 2026-09-15T09:11:01.75675005Z, deadline 2026-09-15T09:12:01.75675005Z
      race event 533: gate 2026-09-15T09:11:02.180862931Z, deadline 2026-09-15T09:12:02.180862931Z
      race event 534: gate 2026-09-15T09:11:02.946659198Z, deadline 2026-09-15T09:12:02.946659198Z
      race event 535: gate 2026-09-15T09:11:04.182507003Z, deadline 2026-09-15T09:12:04.182507003Z
      race event 536: gate 2026-09-15T09:11:04.843212668Z, deadline 2026-09-15T09:12:04.843212668Z
      race event 537: gate 2026-09-15T09:11:05.648081517Z, deadline 2026-09-15T09:12:05.648081517Z
      race event 538: gate 2026-09-15T09:11:06.24171925Z, deadline 2026-09-15T09:12:06.24171925Z
      race event 539: gate 2026-09-15T09:11:07.245334878Z, deadline 2026-09-15T09:12:07.245334878Z
      race event 540: gate 2026-09-15T09:11:08.040654267Z, deadline 2026-09-15T09:12:08.040654267Z
      race event 541: gate 2026-09-15T09:11:08.758998945Z, deadline 2026-09-15T09:12:08.758998945Z
      race event 542: gate 2026-09-15T09:11:09.194826106Z, deadline 2026-09-15T09:12:09.194826106Z
      race event 543: gate 2026-09-15T09:11:09.945561319Z, deadline 2026-09-15T09:12:09.945561319Z
      race event 544: gate 2026-09-15T09:11:10.759322497Z, deadline 2026-09-15T09:12:10.759322497Z
      race event 545: gate 2026-09-15T09:11:11.544071686Z, deadline 2026-09-15T09:12:11.544071686Z
      race event 546: gate 2026-09-15T09:11:12.148021799Z, deadline 2026-09-15T09:12:12.148021799Z
      race event 547: gate 2026-09-15T09:11:12.577619687Z, deadline 2026-09-15T09:12:12.577619687Z
      race event 548: gate 2026-09-15T09:11:12.95106713Z, deadline 2026-09-15T09:12:12.95106713Z
      race event 549: gate 2026-09-15T09:11:13.835158669Z, deadline 2026-09-15T09:12:13.835158669Z
      race event 550: gate 2026-09-15T09:11:14.654356504Z, deadline 2026-09-15T09:12:14.654356504Z
      race event 551: gate 2026-09-15T09:11:14.943773354Z, deadline 2026-09-15T09:12:14.943773354Z
      race event 552: gate 2026-09-15T09:11:15.34608878Z, deadline 2026-09-15T09:12:15.34608878Z
      race event 553: gate 2026-09-15T09:11:16.138248561Z, deadline 2026-09-15T09:12:16.138248561Z
      race event 554: gate 2026-09-15T09:11:16.824229826Z, deadline 2026-09-15T09:12:16.824229826Z
      race event 555: gate 2026-09-15T09:11:17.435196454Z, deadline 2026-09-15T09:12:17.435196454Z
      race event 556: gate 2026-09-15T09:11:18.233601825Z, deadline 2026-09-15T09:12:18.233601825Z
      race event 557: gate 2026-09-15T09:11:18.782427991Z, deadline 2026-09-15T09:12:18.782427991Z
      race event 558: gate 2026-09-15T09:11:19.139118442Z, deadline 2026-09-15T09:12:19.139118442Z
      race event 559: gate 2026-09-15T09:11:19.744079189Z, deadline 2026-09-15T09:12:19.744079189Z
      race event 560: gate 2026-09-15T09:11:20.047966733Z, deadline 2026-09-15T09:12:20.047966733Z
      race event 561: gate 2026-09-15T09:11:20.867719104Z, deadline 2026-09-15T09:12:20.867719104Z
      race event 562: gate 2026-09-15T09:11:21.341715576Z, deadline 2026-09-15T09:12:21.341715576Z
      race event 563: gate 2026-09-15T09:11:21.635067861Z, deadline 2026-09-15T09:12:21.635067861Z
      race event 564: gate 2026-09-15T09:11:22.736938509Z, deadline 2026-09-15T09:12:22.736938509Z
      race event 565: gate 2026-09-15T09:11:23.335773942Z, deadline 2026-09-15T09:12:23.335773942Z
      race event 566: gate 2026-09-15T09:11:24.04355095Z, deadline 2026-09-15T09:12:24.04355095Z
      race event 567: gate 2026-09-15T09:11:24.635213329Z, deadline 2026-09-15T09:12:24.635213329Z
      race event 568: gate 2026-09-15T09:11:25.24604316Z, deadline 2026-09-15T09:12:25.24604316Z
      race event 569: gate 2026-09-15T09:11:29.819762852Z, deadline 2026-09-15T09:12:29.819762852Z
      race event 570: gate 2026-09-15T09:11:30.328955214Z, deadline 2026-09-15T09:12:30.328955214Z
      race event 571: gate 2026-09-15T09:11:30.83899041Z, deadline 2026-09-15T09:12:30.83899041Z
      race event 572: gate 2026-09-15T09:11:31.433161247Z, deadline 2026-09-15T09:12:31.433161247Z
      race event 573: gate 2026-09-15T09:11:31.83059856Z, deadline 2026-09-15T09:12:31.83059856Z
      race event 574: gate 2026-09-15T09:11:32.576968494Z, deadline 2026-09-15T09:12:32.576968494Z
      race event 575: gate 2026-09-15T09:11:33.02227718Z, deadline 2026-09-15T09:12:33.02227718Z
      race event 576: gate 2026-09-15T09:11:33.622580294Z, deadline 2026-09-15T09:12:33.622580294Z
      race event 577: gate 2026-09-15T09:11:34.467607451Z, deadline 2026-09-15T09:12:34.467607451Z
      race event 578: gate 2026-09-15T09:11:34.926664832Z, deadline 2026-09-15T09:12:34.926664832Z
      race event 579: gate 2026-09-15T09:11:35.425505169Z, deadline 2026-09-15T09:12:35.425505169Z
      race event 580: gate 2026-09-15T09:11:35.808725667Z, deadline 2026-09-15T09:12:35.808725667Z
      race event 581: gate 2026-09-15T09:11:36.539740694Z, deadline 2026-09-15T09:12:36.539740694Z
      race event 582: gate 2026-09-15T09:11:37.242603902Z, deadline 2026-09-15T09:12:37.242603902Z
      race event 583: gate 2026-09-15T09:11:38.013585963Z, deadline 2026-09-15T09:12:38.013585963Z
      race event 584: gate 2026-09-15T09:11:38.521584861Z, deadline 2026-09-15T09:12:38.521584861Z
      race event 585: gate 2026-09-15T09:11:39.356901217Z, deadline 2026-09-15T09:12:39.356901217Z
      race event 586: gate 2026-09-15T09:11:40.119000185Z, deadline 2026-09-15T09:12:40.119000185Z
      race event 587: gate 2026-09-15T09:11:40.727615472Z, deadline 2026-09-15T09:12:40.727615472Z
      race event 588: gate 2026-09-15T09:11:41.402855539Z, deadline 2026-09-15T09:12:41.402855539Z
      race event 589: gate 2026-09-15T09:11:41.968859771Z, deadline 2026-09-15T09:12:41.968859771Z
      race event 590: gate 2026-09-15T09:11:42.907834055Z, deadline 2026-09-15T09:12:42.907834055Z
      race event 591: gate 2026-09-15T09:11:43.932248882Z, deadline 2026-09-15T09:12:43.932248882Z
      race event 592: gate 2026-09-15T09:11:44.712567805Z, deadline 2026-09-15T09:12:44.712567805Z
      race event 593: gate 2026-09-15T09:11:45.02811928Z, deadline 2026-09-15T09:12:45.02811928Z
      race event 594: gate 2026-09-15T09:11:45.922903462Z, deadline 2026-09-15T09:12:45.922903462Z
      race event 595: gate 2026-09-15T09:11:46.326514382Z, deadline 2026-09-15T09:12:46.326514382Z
      race event 596: gate 2026-09-15T09:11:46.811812046Z, deadline 2026-09-15T09:12:46.811812046Z
      race event 597: gate 2026-09-15T09:11:47.161134671Z, deadline 2026-09-15T09:12:47.161134671Z
      race event 598: gate 2026-09-15T09:11:47.927918113Z, deadline 2026-09-15T09:12:47.927918113Z
      race event 599: gate 2026-09-15T09:11:48.415767683Z, deadline 2026-09-15T09:12:48.415767683Z
      race event 600: gate 2026-09-15T09:11:48.763061948Z, deadline 2026-09-15T09:12:48.763061948Z
    race     10 seats x100       20.6 seats/s  conflicts/hold=7.97 reads/hold=16.44  hold p50=84.64ms p99=602.36ms  deferred 68/68 ok  confirm retries sold/run=0/0  errors=0  ok
      audit: consistent (100 events, 1000 tickets; rejections late=0 boundary=0)
      race event 601: gate 2026-09-15T09:11:49.953958092Z, deadline 2026-09-15T09:12:49.953958092Z
      race event 602: gate 2026-09-15T09:11:52.426974412Z, deadline 2026-09-15T09:12:52.426974412Z
      race event 603: gate 2026-09-15T09:11:54.72249924Z, deadline 2026-09-15T09:12:54.72249924Z
      race event 604: gate 2026-09-15T09:11:57.014478762Z, deadline 2026-09-15T09:12:57.014478762Z
      race event 605: gate 2026-09-15T09:11:59.503183462Z, deadline 2026-09-15T09:12:59.503183462Z
      race event 606: gate 2026-09-15T09:12:05.709501178Z, deadline 2026-09-15T09:13:05.709501178Z
      race event 607: gate 2026-09-15T09:12:08.297618532Z, deadline 2026-09-15T09:13:08.297618532Z
      race event 608: gate 2026-09-15T09:12:10.313890987Z, deadline 2026-09-15T09:13:10.313890987Z
      race event 609: gate 2026-09-15T09:12:12.596794136Z, deadline 2026-09-15T09:13:12.596794136Z
      race event 610: gate 2026-09-15T09:12:14.692565907Z, deadline 2026-09-15T09:13:14.692565907Z
      race event 611: gate 2026-09-15T09:12:16.699022124Z, deadline 2026-09-15T09:13:16.699022124Z
      race event 612: gate 2026-09-15T09:12:19.020111798Z, deadline 2026-09-15T09:13:19.020111798Z
      race event 613: gate 2026-09-15T09:12:21.113121408Z, deadline 2026-09-15T09:13:21.113121408Z
      race event 614: gate 2026-09-15T09:12:23.119589738Z, deadline 2026-09-15T09:13:23.119589738Z
      race event 615: gate 2026-09-15T09:12:25.823060919Z, deadline 2026-09-15T09:13:25.823060919Z
      race event 616: gate 2026-09-15T09:12:28.415146589Z, deadline 2026-09-15T09:13:28.415146589Z
      race event 617: gate 2026-09-15T09:12:30.898741398Z, deadline 2026-09-15T09:13:30.898741398Z
      race event 618: gate 2026-09-15T09:12:32.971381198Z, deadline 2026-09-15T09:13:32.971381198Z
      race event 619: gate 2026-09-15T09:12:34.907355863Z, deadline 2026-09-15T09:13:34.907355863Z
      race event 620: gate 2026-09-15T09:12:40.887955778Z, deadline 2026-09-15T09:13:40.887955778Z
    race    100 seats x20        46.7 seats/s  conflicts/hold=2.85 reads/hold=5.41  hold p50=94.28ms p99=495.18ms  deferred 91/91 ok  confirm retries sold/run=0/0  errors=0  ok
      audit: consistent (20 events, 2000 tickets; rejections late=0 boundary=0)
      race event 621: gate 2026-09-15T09:12:43.942436591Z, deadline 2026-09-15T09:13:43.942436591Z
      race event 622: gate 2026-09-15T09:13:02.29304788Z, deadline 2026-09-15T09:14:02.29304788Z
      race event 623: gate 2026-09-15T09:13:22.770655287Z, deadline 2026-09-15T09:14:22.770655287Z
      race event 624: gate 2026-09-15T09:13:42.782629966Z, deadline 2026-09-15T09:14:42.782629966Z
      race event 625: gate 2026-09-15T09:14:07.071156244Z, deadline 2026-09-15T09:15:07.071156244Z
    race   1000 seats x5         52.4 seats/s  conflicts/hold=0.91 reads/hold=3.26  hold p50=102.11ms p99=298.59ms  deferred 223/223 ok  confirm retries sold/run=0/0  errors=0  ok
      audit: consistent (5 events, 5000 tickets; rejections late=0 boundary=0)
      race event 626: gate 2026-09-15T09:14:32.763122906Z, deadline 2026-09-15T09:15:32.763122906Z
      race event 627: gate 2026-09-15T09:15:41.099070964Z, deadline 2026-09-15T09:16:41.099070964Z
    race  10000 seats x2         38.6 seats/s  conflicts/hold=0.18 reads/hold=1.24  hold p50=184.98ms p99=388.64ms  deferred 160/160 ok  confirm retries sold/run=0/0  errors=0  ok, 2 timed out (23% sold)
      audit: consistent (2 events, 4664 tickets; rejections late=0 boundary=0)
  lifecycle trial 1/1 (32 buyers per event, one human minute = 500ms, fresh load):
    lifecycle    10 seats x3       0.3 confirmed seats/s  holds=29 abandoned=4+1 expired@check=2 rejected late/boundary/early(transient)=1/0/0(0)  confirm retries sold/run=0/0  outage unavailable=0/0  leaked=0 errors=0  ok
      audit: consistent (3 events, 30 tickets; rejections late=1 boundary=0)
ERROR: lifecycle monitor event 641: ERROR: Timed out waiting kResponseSent, state: kProcessingRequest (SQLSTATE XX000)
  wrote /results/e2_cart_expiry.json
