  engine: PostgreSQL 15.12-YB-2025.2.6.0-b0 on x86_64-pc-linux-gnu, compiled by clang version 19.1.0 (https://github.com/yugabyte/llvm-project.git a2a6b655e14e7fa1fcf1011a6cb29cb8575249c0), 64-bit
  effective isolation for READ COMMITTED requests: read committed
  database clock minus client clock: 0.001 ms
  dataset: 5 venues, 658 events, 56103 tickets and 2217 holds at load
  loading k0_naive_confirm ...
  loaded in 19.3s (copy 6.7s, index 8.5s)
  verifying answers against ground truth ...
    58/58 checks passed (margin 582s); audit on load: consistent (658 events, 56103 tickets; rejections late=0 boundary=0)
  capturing plans ...
  read benchmark:
    q01_section_map@10                     2263.7 ops/s  p50=  1.061ms p99=  69.860ms  errors=0
    q02_event_sections@10                  3100.6 ops/s  p50=  0.767ms p99=  68.637ms  errors=0
    q03_event_available@10                 3681.0 ops/s  p50=  0.664ms p99=  67.481ms  errors=0
    q01_section_map@100                    1355.6 ops/s  p50=  1.628ms p99=  73.484ms  errors=0
    q02_event_sections@100                 2724.2 ops/s  p50=  0.850ms p99=  69.567ms  errors=0
    q03_event_available@100                3307.4 ops/s  p50=  0.720ms p99=  68.063ms  errors=0
    q01_section_map@1000                   1019.6 ops/s  p50=  2.036ms p99=  76.166ms  errors=0
    q02_event_sections@1000                1511.1 ops/s  p50=  1.387ms p99=  73.870ms  errors=0
    q03_event_available@1000               2002.3 ops/s  p50=  1.091ms p99=  71.490ms  errors=0
    q01_section_map@10000                   755.8 ops/s  p50=  2.666ms p99=  77.807ms  errors=0
    q02_event_sections@10000                194.5 ops/s  p50= 11.455ms p99=  94.401ms  errors=0
    q03_event_available@10000               407.9 ops/s  p50=  4.680ms p99=  86.344ms  errors=0
    q01_section_map@100000                  530.4 ops/s  p50=  3.863ms p99=  81.686ms  errors=0
    q02_event_sections@100000                20.7 ops/s  p50=396.759ms p99= 497.332ms  errors=0
    q03_event_available@100000               40.9 ops/s  p50=198.599ms p99= 290.423ms  errors=0
    q04_hold_seats                          649.4 ops/s  p50=  3.186ms p99=  80.125ms  errors=0
    q05_customer_tickets                   2510.4 ops/s  p50=  0.966ms p99=  68.919ms  errors=0
    q06_ticket_by_id                       4609.7 ops/s  p50=  0.559ms p99=  65.806ms  errors=0
  write benchmark (fresh load per op):
    hold                                     14.8 ops/s  p50=501.697ms p99=1788.887ms  rejected=1 retries=1 errors=0
      audit after hold: consistent (658 events, 80419 tickets; rejections late=0 boundary=0)
    release                                 549.5 ops/s  p50=  4.045ms p99=  80.852ms  rejected=0 retries=0 errors=0
      audit after release: consistent (658 events, 56103 tickets; rejections late=0 boundary=0)
    cancel                                  319.1 ops/s  p50=  7.433ms p99=  87.918ms  rejected=0 retries=0 errors=0
      audit after cancel: consistent (658 events, 40452 tickets; rejections late=0 boundary=0)
    publish@10                              265.0 ops/s  p50=  4.889ms p99=  78.429ms  rejected=0 retries=0 errors=0
    publish@100                             196.4 ops/s  p50=  6.982ms p99=  74.485ms  rejected=0 retries=0 errors=0
    publish@1000                             47.1 ops/s  p50= 97.388ms p99= 105.490ms  rejected=0 retries=0 errors=0
    publish@10000                             6.8 ops/s  p50=283.702ms p99= 283.702ms  rejected=0 retries=0 errors=0
    publish@100000                            0.5 ops/s  p50=3556.173ms p99=3556.173ms  rejected=0 retries=0 errors=0
      audit after publish: consistent (2887 events, 56103 tickets; rejections late=0 boundary=0)
  race trial 1/1 (32 buyers per event, fresh load):
      race event 501: gate 2026-09-15T07:24:28.071926422Z, deadline 2026-09-15T07:25:28.071926422Z
      race event 502: gate 2026-09-15T07:24:29.499083667Z, deadline 2026-09-15T07:25:29.499083667Z
      race event 503: gate 2026-09-15T07:24:30.198476363Z, deadline 2026-09-15T07:25:30.198476363Z
      race event 504: gate 2026-09-15T07:24:30.890262223Z, deadline 2026-09-15T07:25:30.890262223Z
      race event 505: gate 2026-09-15T07:24:35.075749663Z, deadline 2026-09-15T07:25:35.075749663Z
      race event 506: gate 2026-09-15T07:24:35.365466125Z, deadline 2026-09-15T07:25:35.365466125Z
      race event 507: gate 2026-09-15T07:24:35.885514648Z, deadline 2026-09-15T07:25:35.885514648Z
      race event 508: gate 2026-09-15T07:24:36.170775327Z, deadline 2026-09-15T07:25:36.170775327Z
      race event 509: gate 2026-09-15T07:24:36.581852657Z, deadline 2026-09-15T07:25:36.581852657Z
      race event 510: gate 2026-09-15T07:24:36.978058511Z, deadline 2026-09-15T07:25:36.978058511Z
      race event 511: gate 2026-09-15T07:24:37.515097726Z, deadline 2026-09-15T07:25:37.515097726Z
      race event 512: gate 2026-09-15T07:24:37.780638546Z, deadline 2026-09-15T07:25:37.780638546Z
      race event 513: gate 2026-09-15T07:24:38.08969057Z, deadline 2026-09-15T07:25:38.08969057Z
      race event 514: gate 2026-09-15T07:24:38.483588449Z, deadline 2026-09-15T07:25:38.483588449Z
      race event 515: gate 2026-09-15T07:24:39.00843028Z, deadline 2026-09-15T07:25:39.00843028Z
      race event 516: gate 2026-09-15T07:24:39.288039979Z, deadline 2026-09-15T07:25:39.288039979Z
      race event 517: gate 2026-09-15T07:24:39.563232134Z, deadline 2026-09-15T07:25:39.563232134Z
      race event 518: gate 2026-09-15T07:24:39.767541459Z, deadline 2026-09-15T07:25:39.767541459Z
      race event 519: gate 2026-09-15T07:24:39.992341767Z, deadline 2026-09-15T07:25:39.992341767Z
      race event 520: gate 2026-09-15T07:24:40.235083386Z, deadline 2026-09-15T07:25:40.235083386Z
      race event 521: gate 2026-09-15T07:24:40.425070911Z, deadline 2026-09-15T07:25:40.425070911Z
      race event 522: gate 2026-09-15T07:24:40.48939635Z, deadline 2026-09-15T07:25:40.48939635Z
      race event 523: gate 2026-09-15T07:24:40.687005279Z, deadline 2026-09-15T07:25:40.687005279Z
      race event 524: gate 2026-09-15T07:24:41.295660435Z, deadline 2026-09-15T07:25:41.295660435Z
      race event 525: gate 2026-09-15T07:24:41.769893871Z, deadline 2026-09-15T07:25:41.769893871Z
      race event 526: gate 2026-09-15T07:24:42.178313727Z, deadline 2026-09-15T07:25:42.178313727Z
      race event 527: gate 2026-09-15T07:24:42.522965514Z, deadline 2026-09-15T07:25:42.522965514Z
      race event 528: gate 2026-09-15T07:24:42.771818293Z, deadline 2026-09-15T07:25:42.771818293Z
      race event 529: gate 2026-09-15T07:24:42.971820779Z, deadline 2026-09-15T07:25:42.971820779Z
      race event 530: gate 2026-09-15T07:24:43.28891133Z, deadline 2026-09-15T07:25:43.28891133Z
      race event 531: gate 2026-09-15T07:24:43.695603158Z, deadline 2026-09-15T07:25:43.695603158Z
      race event 532: gate 2026-09-15T07:24:43.981963779Z, deadline 2026-09-15T07:25:43.981963779Z
      race event 533: gate 2026-09-15T07:24:44.387626722Z, deadline 2026-09-15T07:25:44.387626722Z
      race event 534: gate 2026-09-15T07:24:44.766605337Z, deadline 2026-09-15T07:25:44.766605337Z
      race event 535: gate 2026-09-15T07:24:45.058595267Z, deadline 2026-09-15T07:25:45.058595267Z
      race event 536: gate 2026-09-15T07:24:45.281043154Z, deadline 2026-09-15T07:25:45.281043154Z
      race event 537: gate 2026-09-15T07:24:45.576801568Z, deadline 2026-09-15T07:25:45.576801568Z
      race event 538: gate 2026-09-15T07:24:45.717265367Z, deadline 2026-09-15T07:25:45.717265367Z
      race event 539: gate 2026-09-15T07:24:46.115978719Z, deadline 2026-09-15T07:25:46.115978719Z
      race event 540: gate 2026-09-15T07:24:46.258199898Z, deadline 2026-09-15T07:25:46.258199898Z
      race event 541: gate 2026-09-15T07:24:46.586436969Z, deadline 2026-09-15T07:25:46.586436969Z
      race event 542: gate 2026-09-15T07:24:46.972016629Z, deadline 2026-09-15T07:25:46.972016629Z
      race event 543: gate 2026-09-15T07:24:47.268201701Z, deadline 2026-09-15T07:25:47.268201701Z
      race event 544: gate 2026-09-15T07:24:47.474915201Z, deadline 2026-09-15T07:25:47.474915201Z
      race event 545: gate 2026-09-15T07:24:47.777111886Z, deadline 2026-09-15T07:25:47.777111886Z
      race event 546: gate 2026-09-15T07:24:48.025307075Z, deadline 2026-09-15T07:25:48.025307075Z
      race event 547: gate 2026-09-15T07:24:48.175431148Z, deadline 2026-09-15T07:25:48.175431148Z
      race event 548: gate 2026-09-15T07:24:48.477480909Z, deadline 2026-09-15T07:25:48.477480909Z
      race event 549: gate 2026-09-15T07:24:48.768678194Z, deadline 2026-09-15T07:25:48.768678194Z
      race event 550: gate 2026-09-15T07:24:49.266866958Z, deadline 2026-09-15T07:25:49.266866958Z
      race event 551: gate 2026-09-15T07:24:49.559075884Z, deadline 2026-09-15T07:25:49.559075884Z
      race event 552: gate 2026-09-15T07:24:49.81061667Z, deadline 2026-09-15T07:25:49.81061667Z
      race event 553: gate 2026-09-15T07:24:50.078511726Z, deadline 2026-09-15T07:25:50.078511726Z
      race event 554: gate 2026-09-15T07:24:50.374018401Z, deadline 2026-09-15T07:25:50.374018401Z
      race event 555: gate 2026-09-15T07:24:50.7694605Z, deadline 2026-09-15T07:25:50.7694605Z
      race event 556: gate 2026-09-15T07:24:51.217684431Z, deadline 2026-09-15T07:25:51.217684431Z
      race event 557: gate 2026-09-15T07:24:51.288803329Z, deadline 2026-09-15T07:25:51.288803329Z
      race event 558: gate 2026-09-15T07:24:51.684840911Z, deadline 2026-09-15T07:25:51.684840911Z
      race event 559: gate 2026-09-15T07:24:52.070569692Z, deadline 2026-09-15T07:25:52.070569692Z
      race event 560: gate 2026-09-15T07:24:52.278255435Z, deadline 2026-09-15T07:25:52.278255435Z
      race event 561: gate 2026-09-15T07:24:52.719812256Z, deadline 2026-09-15T07:25:52.719812256Z
      race event 562: gate 2026-09-15T07:24:53.07882197Z, deadline 2026-09-15T07:25:53.07882197Z
      race event 563: gate 2026-09-15T07:24:53.514995567Z, deadline 2026-09-15T07:25:53.514995567Z
      race event 564: gate 2026-09-15T07:24:53.981571979Z, deadline 2026-09-15T07:25:53.981571979Z
      race event 565: gate 2026-09-15T07:24:54.260759588Z, deadline 2026-09-15T07:25:54.260759588Z
      race event 566: gate 2026-09-15T07:24:54.589280747Z, deadline 2026-09-15T07:25:54.589280747Z
      race event 567: gate 2026-09-15T07:24:54.889577512Z, deadline 2026-09-15T07:25:54.889577512Z
      race event 568: gate 2026-09-15T07:24:55.36495007Z, deadline 2026-09-15T07:25:55.36495007Z
      race event 569: gate 2026-09-15T07:24:55.556799878Z, deadline 2026-09-15T07:25:55.556799878Z
      race event 570: gate 2026-09-15T07:24:55.746787534Z, deadline 2026-09-15T07:25:55.746787534Z
      race event 571: gate 2026-09-15T07:24:55.971448825Z, deadline 2026-09-15T07:25:55.971448825Z
      race event 572: gate 2026-09-15T07:24:56.124153328Z, deadline 2026-09-15T07:25:56.124153328Z
      race event 573: gate 2026-09-15T07:24:56.470046812Z, deadline 2026-09-15T07:25:56.470046812Z
      race event 574: gate 2026-09-15T07:24:56.604426618Z, deadline 2026-09-15T07:25:56.604426618Z
      race event 575: gate 2026-09-15T07:24:56.980793155Z, deadline 2026-09-15T07:25:56.980793155Z
      race event 576: gate 2026-09-15T07:24:57.366096793Z, deadline 2026-09-15T07:25:57.366096793Z
      race event 577: gate 2026-09-15T07:24:57.672535865Z, deadline 2026-09-15T07:25:57.672535865Z
      race event 578: gate 2026-09-15T07:24:57.863986052Z, deadline 2026-09-15T07:25:57.863986052Z
      race event 579: gate 2026-09-15T07:24:58.279330277Z, deadline 2026-09-15T07:25:58.279330277Z
      race event 580: gate 2026-09-15T07:24:58.586902291Z, deadline 2026-09-15T07:25:58.586902291Z
      race event 581: gate 2026-09-15T07:24:59.013790427Z, deadline 2026-09-15T07:25:59.013790427Z
      race event 582: gate 2026-09-15T07:24:59.392495824Z, deadline 2026-09-15T07:25:59.392495824Z
      race event 583: gate 2026-09-15T07:24:59.771390627Z, deadline 2026-09-15T07:25:59.771390627Z
      race event 584: gate 2026-09-15T07:24:59.962361217Z, deadline 2026-09-15T07:25:59.962361217Z
      race event 585: gate 2026-09-15T07:25:00.082717838Z, deadline 2026-09-15T07:26:00.082717838Z
      race event 586: gate 2026-09-15T07:25:00.529451254Z, deadline 2026-09-15T07:26:00.529451254Z
      race event 587: gate 2026-09-15T07:25:00.615783813Z, deadline 2026-09-15T07:26:00.615783813Z
      race event 588: gate 2026-09-15T07:25:00.881939645Z, deadline 2026-09-15T07:26:00.881939645Z
      race event 589: gate 2026-09-15T07:25:01.265801068Z, deadline 2026-09-15T07:26:01.265801068Z
      race event 590: gate 2026-09-15T07:25:01.578340907Z, deadline 2026-09-15T07:26:01.578340907Z
      race event 591: gate 2026-09-15T07:25:01.982776539Z, deadline 2026-09-15T07:26:01.982776539Z
      race event 592: gate 2026-09-15T07:25:02.583062098Z, deadline 2026-09-15T07:26:02.583062098Z
      race event 593: gate 2026-09-15T07:25:02.881686536Z, deadline 2026-09-15T07:26:02.881686536Z
      race event 594: gate 2026-09-15T07:25:03.171076186Z, deadline 2026-09-15T07:26:03.171076186Z
      race event 595: gate 2026-09-15T07:25:03.386099624Z, deadline 2026-09-15T07:26:03.386099624Z
      race event 596: gate 2026-09-15T07:25:03.584178663Z, deadline 2026-09-15T07:26:03.584178663Z
      race event 597: gate 2026-09-15T07:25:03.979786271Z, deadline 2026-09-15T07:26:03.979786271Z
      race event 598: gate 2026-09-15T07:25:04.27236021Z, deadline 2026-09-15T07:26:04.27236021Z
      race event 599: gate 2026-09-15T07:25:04.572221305Z, deadline 2026-09-15T07:26:04.572221305Z
      race event 600: gate 2026-09-15T07:25:04.978792433Z, deadline 2026-09-15T07:26:04.978792433Z
    race     10 seats x100       42.4 seats/s  conflicts/hold=7.13 reads/hold=14.99  hold p50=16.30ms p99=287.87ms  deferred 56/56 ok  confirm retries sold/run=0/0  errors=0  ok
      audit: consistent (100 events, 1000 tickets; rejections late=0 boundary=0)
      race event 601: gate 2026-09-15T07:25:05.725135706Z, deadline 2026-09-15T07:26:05.725135706Z
      race event 602: gate 2026-09-15T07:25:06.873596028Z, deadline 2026-09-15T07:26:06.873596028Z
      race event 603: gate 2026-09-15T07:25:11.669969186Z, deadline 2026-09-15T07:26:11.669969186Z
      race event 604: gate 2026-09-15T07:25:13.150937516Z, deadline 2026-09-15T07:26:13.150937516Z
      race event 605: gate 2026-09-15T07:25:14.561670433Z, deadline 2026-09-15T07:26:14.561670433Z
      race event 606: gate 2026-09-15T07:25:15.87071234Z, deadline 2026-09-15T07:26:15.87071234Z
      race event 607: gate 2026-09-15T07:25:17.206064061Z, deadline 2026-09-15T07:26:17.206064061Z
      race event 608: gate 2026-09-15T07:25:18.463303934Z, deadline 2026-09-15T07:26:18.463303934Z
      race event 609: gate 2026-09-15T07:25:19.749065481Z, deadline 2026-09-15T07:26:19.749065481Z
      race event 610: gate 2026-09-15T07:25:20.952730843Z, deadline 2026-09-15T07:26:20.952730843Z
      race event 611: gate 2026-09-15T07:25:22.247982457Z, deadline 2026-09-15T07:26:22.247982457Z
      race event 612: gate 2026-09-15T07:25:23.707200519Z, deadline 2026-09-15T07:26:23.707200519Z
      race event 613: gate 2026-09-15T07:25:24.955982717Z, deadline 2026-09-15T07:26:24.955982717Z
      race event 614: gate 2026-09-15T07:25:26.156370521Z, deadline 2026-09-15T07:26:26.156370521Z
      race event 615: gate 2026-09-15T07:25:27.304446654Z, deadline 2026-09-15T07:26:27.304446654Z
      race event 616: gate 2026-09-15T07:25:28.354602778Z, deadline 2026-09-15T07:26:28.354602778Z
      race event 617: gate 2026-09-15T07:25:29.554860394Z, deadline 2026-09-15T07:26:29.554860394Z
      race event 618: gate 2026-09-15T07:25:30.868745626Z, deadline 2026-09-15T07:26:30.868745626Z
      race event 619: gate 2026-09-15T07:25:31.971459796Z, deadline 2026-09-15T07:26:31.971459796Z
      race event 620: gate 2026-09-15T07:25:33.674870158Z, deadline 2026-09-15T07:26:33.674870158Z
    race    100 seats x20        84.4 seats/s  conflicts/hold=2.76 reads/hold=5.16  hold p50=28.13ms p99=301.82ms  deferred 103/103 ok  confirm retries sold/run=0/0  errors=0  ok
      audit: consistent (20 events, 2000 tickets; rejections late=0 boundary=0)
      race event 621: gate 2026-09-15T07:25:35.448624373Z, deadline 2026-09-15T07:26:35.448624373Z
      race event 622: gate 2026-09-15T07:25:48.736338489Z, deadline 2026-09-15T07:26:48.736338489Z
      race event 623: gate 2026-09-15T07:25:58.85276203Z, deadline 2026-09-15T07:26:58.85276203Z
      race event 624: gate 2026-09-15T07:26:09.244785308Z, deadline 2026-09-15T07:27:09.244785308Z
      race event 625: gate 2026-09-15T07:26:23.926504128Z, deadline 2026-09-15T07:27:23.926504128Z
    race   1000 seats x5         99.0 seats/s  conflicts/hold=1.01 reads/hold=3.34  hold p50=88.57ms p99=197.41ms  deferred 230/230 ok  confirm retries sold/run=0/0  errors=0  ok
      audit: consistent (5 events, 5000 tickets; rejections late=0 boundary=0)
      race event 626: gate 2026-09-15T07:26:34.872445726Z, deadline 2026-09-15T07:27:34.872445726Z
      race event 627: gate 2026-09-15T07:27:43.39536788Z, deadline 2026-09-15T07:28:43.39536788Z
    race  10000 seats x2         97.2 seats/s  conflicts/hold=0.18 reads/hold=1.45  hold p50=97.66ms p99=203.69ms  deferred 467/467 ok  confirm retries sold/run=0/0  errors=0  ok, 2 timed out (58% sold)
      audit: consistent (2 events, 11700 tickets; rejections late=0 boundary=0)
  lifecycle trial 1/1 (32 buyers per event, one human minute = 500ms, fresh load):
    lifecycle    10 seats x3       0.3 confirmed seats/s  holds=25 abandoned=2+1 expired@check=1 rejected late/boundary/early(transient)=0/0/0(0)  confirm retries sold/run=0/0  outage unavailable=0/0  leaked=0 errors=0  ok
      audit: consistent (3 events, 30 tickets; rejections late=0 boundary=0)
    lifecycle   100 seats x3       1.6 confirmed seats/s  holds=238 abandoned=31+33 expired@check=16 rejected late/boundary/early(transient)=0/0/0(0)  confirm retries sold/run=0/0  outage unavailable=0/0  leaked=0 errors=0  VIOLATIONS
      audit: VIOLATIONS — thefts 0, grants on sold seats 0, double sales 0, sales without the hold 6, late sales 6, early rejections 0 (transient 0), duplicate seats 0, inventory drift 0, invalid seats 0, partial holds 0, ticket mismatches 0
  wrote /results/k0_naive_confirm.json
