  engine: PostgreSQL 15.12-YB-2025.2.6.0-b0 on x86_64-pc-linux-gnu, compiled by clang version 19.1.0 (https://github.com/yugabyte/llvm-project.git a2a6b655e14e7fa1fcf1011a6cb29cb8575249c0), 64-bit
  effective isolation for READ COMMITTED requests: read committed
  database clock minus client clock: 0.001 ms
  dataset: 5 venues, 658 events, 56103 tickets and 2217 holds at load
  loading k1_payment_window ...
  loaded in 18.8s (copy 6.9s, index 8.3s)
  verifying answers against ground truth ...
    58/58 checks passed (margin 585s); audit on load: consistent (658 events, 56103 tickets; rejections late=0 boundary=0)
  capturing plans ...
  read benchmark:
    q01_section_map@10                     2326.2 ops/s  p50=  1.039ms p99=  69.496ms  errors=0
    q02_event_sections@10                  2902.9 ops/s  p50=  0.790ms p99=  69.064ms  errors=0
    q03_event_available@10                 2396.9 ops/s  p50=  0.896ms p99=  71.630ms  errors=0
    q01_section_map@100                    1322.7 ops/s  p50=  1.615ms p99=  73.744ms  errors=0
    q02_event_sections@100                 2734.3 ops/s  p50=  0.876ms p99=  69.096ms  errors=0
    q03_event_available@100                2713.9 ops/s  p50=  0.854ms p99=  69.404ms  errors=0
    q01_section_map@1000                    999.0 ops/s  p50=  2.057ms p99=  75.772ms  errors=0
    q02_event_sections@1000                1455.9 ops/s  p50=  1.401ms p99=  74.483ms  errors=0
    q03_event_available@1000               1973.7 ops/s  p50=  1.117ms p99=  71.828ms  errors=0
    q01_section_map@10000                   735.1 ops/s  p50=  2.733ms p99=  78.496ms  errors=0
    q02_event_sections@10000                185.0 ops/s  p50= 13.373ms p99=  94.643ms  errors=0
    q03_event_available@10000               365.8 ops/s  p50=  4.944ms p99=  88.295ms  errors=0
    q01_section_map@100000                  565.6 ops/s  p50=  3.880ms p99=  80.768ms  errors=0
    q02_event_sections@100000                20.4 ops/s  p50=398.687ms p99= 494.893ms  errors=0
    q03_event_available@100000               40.3 ops/s  p50=199.194ms p99= 299.908ms  errors=0
    q04_hold_seats                          605.8 ops/s  p50=  3.262ms p99=  81.314ms  errors=0
    q05_customer_tickets                   2527.2 ops/s  p50=  0.957ms p99=  68.846ms  errors=0
    q06_ticket_by_id                       4529.5 ops/s  p50=  0.565ms p99=  65.853ms  errors=0
  write benchmark (fresh load per op):
    hold                                     13.8 ops/s  p50=496.621ms p99=1900.136ms  rejected=0 retries=0 errors=0
      audit after hold: consistent (658 events, 80465 tickets; rejections late=0 boundary=0)
    release                                 564.4 ops/s  p50=  4.265ms p99=  75.766ms  rejected=0 retries=0 errors=0
      audit after release: consistent (658 events, 56103 tickets; rejections late=0 boundary=0)
    cancel                                  303.1 ops/s  p50=  7.697ms p99=  87.335ms  rejected=0 retries=0 errors=0
      audit after cancel: consistent (658 events, 40561 tickets; rejections late=0 boundary=0)
    publish@10                              276.6 ops/s  p50=  4.845ms p99=  76.127ms  rejected=0 retries=0 errors=0
    publish@100                             184.3 ops/s  p50=  7.384ms p99=  81.775ms  rejected=0 retries=0 errors=0
    publish@1000                             42.2 ops/s  p50= 94.819ms p99= 100.913ms  rejected=0 retries=0 errors=0
    publish@10000                             7.6 ops/s  p50=258.581ms p99= 258.581ms  rejected=0 retries=0 errors=0
    publish@100000                            0.6 ops/s  p50=2894.511ms p99=2894.511ms  rejected=0 retries=0 errors=0
      audit after publish: consistent (2887 events, 56103 tickets; rejections late=0 boundary=0)
  race trial 1/1 (32 buyers per event, fresh load):
      race event 501: gate 2026-09-15T03:56:50.128243221Z, deadline 2026-09-15T03:57:50.128243221Z
      race event 502: gate 2026-09-15T03:56:51.684178562Z, deadline 2026-09-15T03:57:51.684178562Z
      race event 503: gate 2026-09-15T03:56:52.404843371Z, deadline 2026-09-15T03:57:52.404843371Z
      race event 504: gate 2026-09-15T03:56:52.91833456Z, deadline 2026-09-15T03:57:52.91833456Z
      race event 505: gate 2026-09-15T03:56:53.322734773Z, deadline 2026-09-15T03:57:53.322734773Z
      race event 506: gate 2026-09-15T03:56:53.684782016Z, deadline 2026-09-15T03:57:53.684782016Z
      race event 507: gate 2026-09-15T03:56:54.099302565Z, deadline 2026-09-15T03:57:54.099302565Z
      race event 508: gate 2026-09-15T03:56:54.457479794Z, deadline 2026-09-15T03:57:54.457479794Z
      race event 509: gate 2026-09-15T03:56:54.893896562Z, deadline 2026-09-15T03:57:54.893896562Z
      race event 510: gate 2026-09-15T03:56:55.204154668Z, deadline 2026-09-15T03:57:55.204154668Z
      race event 511: gate 2026-09-15T03:56:55.876780406Z, deadline 2026-09-15T03:57:55.876780406Z
      race event 512: gate 2026-09-15T03:56:56.296595089Z, deadline 2026-09-15T03:57:56.296595089Z
      race event 513: gate 2026-09-15T03:56:56.516094788Z, deadline 2026-09-15T03:57:56.516094788Z
      race event 514: gate 2026-09-15T03:56:56.81505977Z, deadline 2026-09-15T03:57:56.81505977Z
      race event 515: gate 2026-09-15T03:56:57.103081117Z, deadline 2026-09-15T03:57:57.103081117Z
      race event 516: gate 2026-09-15T03:56:57.596762948Z, deadline 2026-09-15T03:57:57.596762948Z
      race event 517: gate 2026-09-15T03:56:58.007775722Z, deadline 2026-09-15T03:57:58.007775722Z
      race event 518: gate 2026-09-15T03:56:58.432247959Z, deadline 2026-09-15T03:57:58.432247959Z
      race event 519: gate 2026-09-15T03:56:58.731876031Z, deadline 2026-09-15T03:57:58.731876031Z
      race event 520: gate 2026-09-15T03:56:58.883384992Z, deadline 2026-09-15T03:57:58.883384992Z
      race event 521: gate 2026-09-15T03:56:59.409924571Z, deadline 2026-09-15T03:57:59.409924571Z
      race event 522: gate 2026-09-15T03:56:59.812157544Z, deadline 2026-09-15T03:57:59.812157544Z
      race event 523: gate 2026-09-15T03:57:00.009191786Z, deadline 2026-09-15T03:58:00.009191786Z
      race event 524: gate 2026-09-15T03:57:00.286517038Z, deadline 2026-09-15T03:58:00.286517038Z
      race event 525: gate 2026-09-15T03:57:00.432439286Z, deadline 2026-09-15T03:58:00.432439286Z
      race event 526: gate 2026-09-15T03:57:00.643468833Z, deadline 2026-09-15T03:58:00.643468833Z
      race event 527: gate 2026-09-15T03:57:00.810988163Z, deadline 2026-09-15T03:58:00.810988163Z
      race event 528: gate 2026-09-15T03:57:01.091139608Z, deadline 2026-09-15T03:58:01.091139608Z
      race event 529: gate 2026-09-15T03:57:01.204938622Z, deadline 2026-09-15T03:58:01.204938622Z
      race event 530: gate 2026-09-15T03:57:01.597931096Z, deadline 2026-09-15T03:58:01.597931096Z
      race event 531: gate 2026-09-15T03:57:02.186012603Z, deadline 2026-09-15T03:58:02.186012603Z
      race event 532: gate 2026-09-15T03:57:02.597395833Z, deadline 2026-09-15T03:58:02.597395833Z
      race event 533: gate 2026-09-15T03:57:02.805734401Z, deadline 2026-09-15T03:58:02.805734401Z
      race event 534: gate 2026-09-15T03:57:02.979629793Z, deadline 2026-09-15T03:58:02.979629793Z
      race event 535: gate 2026-09-15T03:57:03.387420346Z, deadline 2026-09-15T03:58:03.387420346Z
      race event 536: gate 2026-09-15T03:57:03.584146684Z, deadline 2026-09-15T03:58:03.584146684Z
      race event 537: gate 2026-09-15T03:57:03.807394855Z, deadline 2026-09-15T03:58:03.807394855Z
      race event 538: gate 2026-09-15T03:57:04.088078356Z, deadline 2026-09-15T03:58:04.088078356Z
      race event 539: gate 2026-09-15T03:57:04.390159268Z, deadline 2026-09-15T03:58:04.390159268Z
      race event 540: gate 2026-09-15T03:57:04.591166814Z, deadline 2026-09-15T03:58:04.591166814Z
      race event 541: gate 2026-09-15T03:57:04.91389557Z, deadline 2026-09-15T03:58:04.91389557Z
      race event 542: gate 2026-09-15T03:57:05.183266173Z, deadline 2026-09-15T03:58:05.183266173Z
      race event 543: gate 2026-09-15T03:57:05.696402087Z, deadline 2026-09-15T03:58:05.696402087Z
      race event 544: gate 2026-09-15T03:57:05.998880095Z, deadline 2026-09-15T03:58:05.998880095Z
      race event 545: gate 2026-09-15T03:57:06.300236756Z, deadline 2026-09-15T03:58:06.300236756Z
      race event 546: gate 2026-09-15T03:57:06.734748846Z, deadline 2026-09-15T03:58:06.734748846Z
      race event 547: gate 2026-09-15T03:57:06.942923467Z, deadline 2026-09-15T03:58:06.942923467Z
      race event 548: gate 2026-09-15T03:57:07.196909834Z, deadline 2026-09-15T03:58:07.196909834Z
      race event 549: gate 2026-09-15T03:57:07.498648165Z, deadline 2026-09-15T03:58:07.498648165Z
      race event 550: gate 2026-09-15T03:57:07.740180736Z, deadline 2026-09-15T03:58:07.740180736Z
      race event 551: gate 2026-09-15T03:57:07.882420554Z, deadline 2026-09-15T03:58:07.882420554Z
      race event 552: gate 2026-09-15T03:57:08.199311985Z, deadline 2026-09-15T03:58:08.199311985Z
      race event 553: gate 2026-09-15T03:57:08.586180844Z, deadline 2026-09-15T03:58:08.586180844Z
      race event 554: gate 2026-09-15T03:57:08.888736991Z, deadline 2026-09-15T03:58:08.888736991Z
      race event 555: gate 2026-09-15T03:57:09.047015714Z, deadline 2026-09-15T03:58:09.047015714Z
      race event 556: gate 2026-09-15T03:57:09.413435913Z, deadline 2026-09-15T03:58:09.413435913Z
      race event 557: gate 2026-09-15T03:57:09.692305241Z, deadline 2026-09-15T03:58:09.692305241Z
      race event 558: gate 2026-09-15T03:57:10.298411102Z, deadline 2026-09-15T03:58:10.298411102Z
      race event 559: gate 2026-09-15T03:57:10.699883516Z, deadline 2026-09-15T03:58:10.699883516Z
      race event 560: gate 2026-09-15T03:57:11.009167995Z, deadline 2026-09-15T03:58:11.009167995Z
      race event 561: gate 2026-09-15T03:57:11.395990593Z, deadline 2026-09-15T03:58:11.395990593Z
      race event 562: gate 2026-09-15T03:57:11.531351096Z, deadline 2026-09-15T03:58:11.531351096Z
      race event 563: gate 2026-09-15T03:57:11.902250795Z, deadline 2026-09-15T03:58:11.902250795Z
      race event 564: gate 2026-09-15T03:57:12.342029542Z, deadline 2026-09-15T03:58:12.342029542Z
      race event 565: gate 2026-09-15T03:57:12.792053809Z, deadline 2026-09-15T03:58:12.792053809Z
      race event 566: gate 2026-09-15T03:57:12.992571548Z, deadline 2026-09-15T03:58:12.992571548Z
      race event 567: gate 2026-09-15T03:57:13.209036008Z, deadline 2026-09-15T03:58:13.209036008Z
      race event 568: gate 2026-09-15T03:57:13.608630455Z, deadline 2026-09-15T03:58:13.608630455Z
      race event 569: gate 2026-09-15T03:57:13.799976021Z, deadline 2026-09-15T03:58:13.799976021Z
      race event 570: gate 2026-09-15T03:57:14.282027568Z, deadline 2026-09-15T03:58:14.282027568Z
      race event 571: gate 2026-09-15T03:57:14.64046196Z, deadline 2026-09-15T03:58:14.64046196Z
      race event 572: gate 2026-09-15T03:57:14.896084976Z, deadline 2026-09-15T03:58:14.896084976Z
      race event 573: gate 2026-09-15T03:57:15.187770207Z, deadline 2026-09-15T03:58:15.187770207Z
      race event 574: gate 2026-09-15T03:57:15.528044865Z, deadline 2026-09-15T03:58:15.528044865Z
      race event 575: gate 2026-09-15T03:57:15.906028006Z, deadline 2026-09-15T03:58:15.906028006Z
      race event 576: gate 2026-09-15T03:57:16.297221431Z, deadline 2026-09-15T03:58:16.297221431Z
      race event 577: gate 2026-09-15T03:57:16.502867634Z, deadline 2026-09-15T03:58:16.502867634Z
      race event 578: gate 2026-09-15T03:57:16.818175161Z, deadline 2026-09-15T03:58:16.818175161Z
      race event 579: gate 2026-09-15T03:57:17.101234063Z, deadline 2026-09-15T03:58:17.101234063Z
      race event 580: gate 2026-09-15T03:57:17.503128771Z, deadline 2026-09-15T03:58:17.503128771Z
      race event 581: gate 2026-09-15T03:57:17.810809805Z, deadline 2026-09-15T03:58:17.810809805Z
      race event 582: gate 2026-09-15T03:57:21.826608795Z, deadline 2026-09-15T03:58:21.826608795Z
      race event 583: gate 2026-09-15T03:57:22.480077605Z, deadline 2026-09-15T03:58:22.480077605Z
      race event 584: gate 2026-09-15T03:57:22.870011651Z, deadline 2026-09-15T03:58:22.870011651Z
      race event 585: gate 2026-09-15T03:57:23.079439786Z, deadline 2026-09-15T03:58:23.079439786Z
      race event 586: gate 2026-09-15T03:57:23.278732437Z, deadline 2026-09-15T03:58:23.278732437Z
      race event 587: gate 2026-09-15T03:57:23.680142642Z, deadline 2026-09-15T03:58:23.680142642Z
      race event 588: gate 2026-09-15T03:57:23.896307402Z, deadline 2026-09-15T03:58:23.896307402Z
      race event 589: gate 2026-09-15T03:57:24.173103088Z, deadline 2026-09-15T03:58:24.173103088Z
      race event 590: gate 2026-09-15T03:57:24.477465233Z, deadline 2026-09-15T03:58:24.477465233Z
      race event 591: gate 2026-09-15T03:57:24.677339485Z, deadline 2026-09-15T03:58:24.677339485Z
      race event 592: gate 2026-09-15T03:57:25.086381714Z, deadline 2026-09-15T03:58:25.086381714Z
      race event 593: gate 2026-09-15T03:57:25.36558876Z, deadline 2026-09-15T03:58:25.36558876Z
      race event 594: gate 2026-09-15T03:57:25.669998193Z, deadline 2026-09-15T03:58:25.669998193Z
      race event 595: gate 2026-09-15T03:57:26.091064817Z, deadline 2026-09-15T03:58:26.091064817Z
      race event 596: gate 2026-09-15T03:57:26.472074719Z, deadline 2026-09-15T03:58:26.472074719Z
      race event 597: gate 2026-09-15T03:57:26.588574121Z, deadline 2026-09-15T03:58:26.588574121Z
      race event 598: gate 2026-09-15T03:57:27.068172929Z, deadline 2026-09-15T03:58:27.068172929Z
      race event 599: gate 2026-09-15T03:57:27.234945212Z, deadline 2026-09-15T03:58:27.234945212Z
      race event 600: gate 2026-09-15T03:57:27.610188328Z, deadline 2026-09-15T03:58:27.610188328Z
    race     10 seats x100       41.9 seats/s  conflicts/hold=7.31 reads/hold=15.51  hold p50=14.63ms p99=282.93ms  deferred 54/54 ok  confirm retries sold/run=0/0  errors=0  ok
      audit: consistent (100 events, 1000 tickets; rejections late=0 boundary=0)
      race event 601: gate 2026-09-15T03:57:28.27977769Z, deadline 2026-09-15T03:58:28.27977769Z
      race event 602: gate 2026-09-15T03:57:29.285850054Z, deadline 2026-09-15T03:58:29.285850054Z
      race event 603: gate 2026-09-15T03:57:30.48522522Z, deadline 2026-09-15T03:58:30.48522522Z
      race event 604: gate 2026-09-15T03:57:31.71831371Z, deadline 2026-09-15T03:58:31.71831371Z
      race event 605: gate 2026-09-15T03:57:32.868101104Z, deadline 2026-09-15T03:58:32.868101104Z
      race event 606: gate 2026-09-15T03:57:34.087997495Z, deadline 2026-09-15T03:58:34.087997495Z
      race event 607: gate 2026-09-15T03:57:35.091659622Z, deadline 2026-09-15T03:58:35.091659622Z
      race event 608: gate 2026-09-15T03:57:36.480452633Z, deadline 2026-09-15T03:58:36.480452633Z
      race event 609: gate 2026-09-15T03:57:37.384567425Z, deadline 2026-09-15T03:58:37.384567425Z
      race event 610: gate 2026-09-15T03:57:38.475398818Z, deadline 2026-09-15T03:58:38.475398818Z
      race event 611: gate 2026-09-15T03:57:39.698636563Z, deadline 2026-09-15T03:58:39.698636563Z
      race event 612: gate 2026-09-15T03:57:40.984093964Z, deadline 2026-09-15T03:58:40.984093964Z
      race event 613: gate 2026-09-15T03:57:42.17142449Z, deadline 2026-09-15T03:58:42.17142449Z
      race event 614: gate 2026-09-15T03:57:43.47424729Z, deadline 2026-09-15T03:58:43.47424729Z
      race event 615: gate 2026-09-15T03:57:44.488864459Z, deadline 2026-09-15T03:58:44.488864459Z
      race event 616: gate 2026-09-15T03:57:45.919079463Z, deadline 2026-09-15T03:58:45.919079463Z
      race event 617: gate 2026-09-15T03:57:47.278657321Z, deadline 2026-09-15T03:58:47.278657321Z
      race event 618: gate 2026-09-15T03:57:48.587740724Z, deadline 2026-09-15T03:58:48.587740724Z
      race event 619: gate 2026-09-15T03:57:49.86929454Z, deadline 2026-09-15T03:58:49.86929454Z
      race event 620: gate 2026-09-15T03:57:51.183127057Z, deadline 2026-09-15T03:58:51.183127057Z
    race    100 seats x20        87.5 seats/s  conflicts/hold=2.63 reads/hold=5.15  hold p50=23.22ms p99=296.71ms  deferred 91/91 ok  confirm retries sold/run=0/0  errors=0  ok
      audit: consistent (20 events, 2000 tickets; rejections late=0 boundary=0)
      race event 621: gate 2026-09-15T03:57:52.866258343Z, deadline 2026-09-15T03:58:52.866258343Z
      race event 622: gate 2026-09-15T03:58:01.191772486Z, deadline 2026-09-15T03:59:01.191772486Z
      race event 623: gate 2026-09-15T03:58:16.658010208Z, deadline 2026-09-15T03:59:16.658010208Z
      race event 624: gate 2026-09-15T03:58:26.060922574Z, deadline 2026-09-15T03:59:26.060922574Z
      race event 625: gate 2026-09-15T03:58:36.915964491Z, deadline 2026-09-15T03:59:36.915964491Z
    race   1000 seats x5        106.8 seats/s  conflicts/hold=1.01 reads/hold=3.39  hold p50=88.41ms p99=196.01ms  deferred 198/198 ok  confirm retries sold/run=0/0  errors=0  VIOLATIONS
      audit: VIOLATIONS — thefts 0, grants on sold seats 0, double sales 0, sales without the hold 0, late sales 0, early rejections 1 (transient 1), duplicate seats 0, inventory drift 0, invalid seats 0, partial holds 0, ticket mismatches 0
      race event 626: gate 2026-09-15T03:58:50.524096804Z, deadline 2026-09-15T03:59:50.524096804Z
      race event 627: gate 2026-09-15T03:59:55.331395461Z, deadline 2026-09-15T04:00:55.331395461Z
    race  10000 seats x2        102.2 seats/s  conflicts/hold=0.19 reads/hold=1.43  hold p50=96.71ms p99=198.96ms  deferred 487/487 ok  confirm retries sold/run=0/0  errors=0  VIOLATIONS, 2 timed out (61% sold)
      audit: VIOLATIONS — thefts 0, grants on sold seats 0, double sales 0, sales without the hold 0, late sales 0, early rejections 1 (transient 1), duplicate seats 0, inventory drift 0, invalid seats 0, partial holds 0, ticket mismatches 0
  lifecycle trial 1/1 (32 buyers per event, one human minute = 500ms, fresh load):
    lifecycle    10 seats x3       0.2 confirmed seats/s  holds=33 abandoned=5+5 expired@check=1 rejected late/boundary/early(transient)=0/0/0(0)  confirm retries sold/run=0/0  outage unavailable=0/0  leaked=0 errors=0  ok
      audit: consistent (3 events, 30 tickets; rejections late=0 boundary=0)
    lifecycle   100 seats x3       1.6 confirmed seats/s  holds=219 abandoned=34+27 expired@check=9 rejected late/boundary/early(transient)=0/0/0(0)  confirm retries sold/run=0/0  outage unavailable=0/0  leaked=0 errors=0  ok
      audit: consistent (3 events, 300 tickets; rejections late=0 boundary=0)
  wrote /results/k1_payment_window.json
