  engine: PostgreSQL 15.12-YB-2025.2.6.0-b0 on x86_64-pc-linux-gnu, compiled by clang version 19.1.0 (https://github.com/yugabyte/llvm-project.git a2a6b655e14e7fa1fcf1011a6cb29cb8575249c0), 64-bit
  effective isolation for READ COMMITTED requests: read committed
  database clock minus client clock: 0.001 ms
  dataset: 5 venues, 658 events, 56103 tickets and 2217 holds at load
  loading l1_claim_rows ...
  loaded in 12.0s (copy 4.2s, index 3.6s)
  verifying answers against ground truth ...
    58/58 checks passed (margin 593s); audit on load: consistent (658 events, 56103 tickets; rejections late=0 boundary=0)
  capturing plans ...
  read benchmark:
    q01_section_map@10                     3534.5 ops/s  p50=  0.675ms p99=  68.059ms  errors=0
    q02_event_sections@10                  1394.1 ops/s  p50=  1.696ms p99=  72.044ms  errors=0
    q03_event_available@10                 1823.6 ops/s  p50=  1.346ms p99=  70.155ms  errors=0
    q01_section_map@100                    3791.9 ops/s  p50=  0.675ms p99=  66.684ms  errors=0
    q02_event_sections@100                 1317.1 ops/s  p50=  1.752ms p99=  72.434ms  errors=0
    q03_event_available@100                1768.2 ops/s  p50=  1.378ms p99=  70.585ms  errors=0
    q01_section_map@1000                   2631.6 ops/s  p50=  0.917ms p99=  69.014ms  errors=0
    q02_event_sections@1000                1049.1 ops/s  p50=  2.089ms p99=  74.828ms  errors=0
    q03_event_available@1000               1490.2 ops/s  p50=  1.610ms p99=  71.428ms  errors=0
    q01_section_map@10000                   959.6 ops/s  p50=  2.101ms p99=  76.906ms  errors=0
    q02_event_sections@10000                428.1 ops/s  p50=  5.040ms p99=  84.240ms  errors=0
    q03_event_available@10000               770.8 ops/s  p50=  2.787ms p99=  77.311ms  errors=0
    q01_section_map@100000                  100.2 ops/s  p50= 92.554ms p99= 184.663ms  errors=0
    q02_event_sections@100000                44.5 ops/s  p50=194.874ms p99= 284.992ms  errors=0
    q03_event_available@100000              116.8 ops/s  p50= 88.026ms p99= 178.910ms  errors=0
    q04_hold_seats                          157.5 ops/s  p50= 21.489ms p99= 114.190ms  errors=0
    q05_customer_tickets                   2608.7 ops/s  p50=  0.947ms p99=  68.111ms  errors=0
    q06_ticket_by_id                       4724.5 ops/s  p50=  0.556ms p99=  64.907ms  errors=0
  write benchmark (fresh load per op):
    hold                                     11.5 ops/s  p50=498.611ms p99=2103.719ms  rejected=2 retries=0 errors=0
      audit after hold: consistent (658 events, 80370 tickets; rejections late=0 boundary=0)
    release                                 442.1 ops/s  p50=  4.925ms p99=  82.569ms  rejected=0 retries=0 errors=0
      audit after release: consistent (658 events, 56103 tickets; rejections late=0 boundary=0)
    cancel                                  273.8 ops/s  p50=  8.381ms p99=  88.556ms  rejected=0 retries=0 errors=0
      audit after cancel: consistent (658 events, 40708 tickets; rejections late=0 boundary=0)
    publish@10                              537.0 ops/s  p50=  2.556ms p99=  69.198ms  rejected=0 retries=0 errors=0
    publish@100                             514.1 ops/s  p50=  2.510ms p99=  68.300ms  rejected=0 retries=0 errors=0
    publish@1000                           1511.0 ops/s  p50=  2.412ms p99=   3.143ms  rejected=0 retries=0 errors=0
    publish@10000                           924.0 ops/s  p50=  1.581ms p99=   1.581ms  rejected=0 retries=0 errors=0
    publish@100000                         1212.4 ops/s  p50=  1.564ms p99=   1.564ms  rejected=0 retries=0 errors=0
      audit after publish: consistent (2887 events, 56103 tickets; rejections late=0 boundary=0)
  race trial 1/1 (32 buyers per event, fresh load):
      race event 501: gate 2026-09-15T04:22:53.360691175Z, deadline 2026-09-15T04:23:53.360691175Z
      race event 502: gate 2026-09-15T04:22:55.868587269Z, deadline 2026-09-15T04:23:55.868587269Z
      race event 503: gate 2026-09-15T04:22:56.966028738Z, deadline 2026-09-15T04:23:56.966028738Z
      race event 504: gate 2026-09-15T04:22:57.572115455Z, deadline 2026-09-15T04:23:57.572115455Z
      race event 505: gate 2026-09-15T04:22:58.655909756Z, deadline 2026-09-15T04:23:58.655909756Z
      race event 506: gate 2026-09-15T04:23:04.077531136Z, deadline 2026-09-15T04:24:04.077531136Z
      race event 507: gate 2026-09-15T04:23:04.665879613Z, deadline 2026-09-15T04:24:04.665879613Z
      race event 508: gate 2026-09-15T04:23:05.410158939Z, deadline 2026-09-15T04:24:05.410158939Z
      race event 509: gate 2026-09-15T04:23:05.764196971Z, deadline 2026-09-15T04:24:05.764196971Z
      race event 510: gate 2026-09-15T04:23:05.965583776Z, deadline 2026-09-15T04:24:05.965583776Z
      race event 511: gate 2026-09-15T04:23:06.589221565Z, deadline 2026-09-15T04:24:06.589221565Z
      race event 512: gate 2026-09-15T04:23:07.174845694Z, deadline 2026-09-15T04:24:07.174845694Z
      race event 513: gate 2026-09-15T04:23:07.65680799Z, deadline 2026-09-15T04:24:07.65680799Z
      race event 514: gate 2026-09-15T04:23:08.462820455Z, deadline 2026-09-15T04:24:08.462820455Z
      race event 515: gate 2026-09-15T04:23:08.676824068Z, deadline 2026-09-15T04:24:08.676824068Z
      race event 516: gate 2026-09-15T04:23:08.873286034Z, deadline 2026-09-15T04:24:08.873286034Z
      race event 517: gate 2026-09-15T04:23:09.454716859Z, deadline 2026-09-15T04:24:09.454716859Z
      race event 518: gate 2026-09-15T04:23:10.145301339Z, deadline 2026-09-15T04:24:10.145301339Z
      race event 519: gate 2026-09-15T04:23:10.345968171Z, deadline 2026-09-15T04:24:10.345968171Z
      race event 520: gate 2026-09-15T04:23:10.860125026Z, deadline 2026-09-15T04:24:10.860125026Z
      race event 521: gate 2026-09-15T04:23:12.269531357Z, deadline 2026-09-15T04:24:12.269531357Z
      race event 522: gate 2026-09-15T04:23:12.91026455Z, deadline 2026-09-15T04:24:12.91026455Z
      race event 523: gate 2026-09-15T04:23:13.502554636Z, deadline 2026-09-15T04:24:13.502554636Z
      race event 524: gate 2026-09-15T04:23:13.865906278Z, deadline 2026-09-15T04:24:13.865906278Z
      race event 525: gate 2026-09-15T04:23:14.208520395Z, deadline 2026-09-15T04:24:14.208520395Z
      race event 526: gate 2026-09-15T04:23:14.550863963Z, deadline 2026-09-15T04:24:14.550863963Z
      race event 527: gate 2026-09-15T04:23:15.143075459Z, deadline 2026-09-15T04:24:15.143075459Z
      race event 528: gate 2026-09-15T04:23:15.566174744Z, deadline 2026-09-15T04:24:15.566174744Z
      race event 529: gate 2026-09-15T04:23:15.840629049Z, deadline 2026-09-15T04:24:15.840629049Z
      race event 530: gate 2026-09-15T04:23:16.165064852Z, deadline 2026-09-15T04:24:16.165064852Z
      race event 531: gate 2026-09-15T04:23:16.667039315Z, deadline 2026-09-15T04:24:16.667039315Z
      race event 532: gate 2026-09-15T04:23:17.36001945Z, deadline 2026-09-15T04:24:17.36001945Z
      race event 533: gate 2026-09-15T04:23:17.650170903Z, deadline 2026-09-15T04:24:17.650170903Z
      race event 534: gate 2026-09-15T04:23:18.174631542Z, deadline 2026-09-15T04:24:18.174631542Z
      race event 535: gate 2026-09-15T04:23:18.37495934Z, deadline 2026-09-15T04:24:18.37495934Z
      race event 536: gate 2026-09-15T04:23:18.566924079Z, deadline 2026-09-15T04:24:18.566924079Z
      race event 537: gate 2026-09-15T04:23:19.09863504Z, deadline 2026-09-15T04:24:19.09863504Z
      race event 538: gate 2026-09-15T04:23:19.652684272Z, deadline 2026-09-15T04:24:19.652684272Z
      race event 539: gate 2026-09-15T04:23:19.862677366Z, deadline 2026-09-15T04:24:19.862677366Z
      race event 540: gate 2026-09-15T04:23:20.143027045Z, deadline 2026-09-15T04:24:20.143027045Z
      race event 541: gate 2026-09-15T04:23:20.482688632Z, deadline 2026-09-15T04:24:20.482688632Z
      race event 542: gate 2026-09-15T04:23:21.198287321Z, deadline 2026-09-15T04:24:21.198287321Z
      race event 543: gate 2026-09-15T04:23:21.999841837Z, deadline 2026-09-15T04:24:21.999841837Z
      race event 544: gate 2026-09-15T04:23:22.456299782Z, deadline 2026-09-15T04:24:22.456299782Z
      race event 545: gate 2026-09-15T04:23:22.960202132Z, deadline 2026-09-15T04:24:22.960202132Z
      race event 546: gate 2026-09-15T04:23:23.453023874Z, deadline 2026-09-15T04:24:23.453023874Z
      race event 547: gate 2026-09-15T04:23:23.767076261Z, deadline 2026-09-15T04:24:23.767076261Z
      race event 548: gate 2026-09-15T04:23:24.166597806Z, deadline 2026-09-15T04:24:24.166597806Z
      race event 549: gate 2026-09-15T04:23:24.465289395Z, deadline 2026-09-15T04:24:24.465289395Z
      race event 550: gate 2026-09-15T04:23:24.86150238Z, deadline 2026-09-15T04:24:24.86150238Z
      race event 551: gate 2026-09-15T04:23:25.097636124Z, deadline 2026-09-15T04:24:25.097636124Z
      race event 552: gate 2026-09-15T04:23:25.572734656Z, deadline 2026-09-15T04:24:25.572734656Z
      race event 553: gate 2026-09-15T04:23:25.882221349Z, deadline 2026-09-15T04:24:25.882221349Z
      race event 554: gate 2026-09-15T04:23:26.00613874Z, deadline 2026-09-15T04:24:26.00613874Z
      race event 555: gate 2026-09-15T04:23:26.593817944Z, deadline 2026-09-15T04:24:26.593817944Z
      race event 556: gate 2026-09-15T04:23:26.949124552Z, deadline 2026-09-15T04:24:26.949124552Z
      race event 557: gate 2026-09-15T04:23:27.365227644Z, deadline 2026-09-15T04:24:27.365227644Z
      race event 558: gate 2026-09-15T04:23:27.769204Z, deadline 2026-09-15T04:24:27.769204Z
      race event 559: gate 2026-09-15T04:23:28.381035445Z, deadline 2026-09-15T04:24:28.381035445Z
      race event 560: gate 2026-09-15T04:23:28.753372075Z, deadline 2026-09-15T04:24:28.753372075Z
      race event 561: gate 2026-09-15T04:23:29.270201409Z, deadline 2026-09-15T04:24:29.270201409Z
      race event 562: gate 2026-09-15T04:23:29.869572969Z, deadline 2026-09-15T04:24:29.869572969Z
      race event 563: gate 2026-09-15T04:23:30.459730955Z, deadline 2026-09-15T04:24:30.459730955Z
      race event 564: gate 2026-09-15T04:23:31.248086785Z, deadline 2026-09-15T04:24:31.248086785Z
      race event 565: gate 2026-09-15T04:23:34.053492163Z, deadline 2026-09-15T04:24:34.053492163Z
      race event 566: gate 2026-09-15T04:23:34.262331172Z, deadline 2026-09-15T04:24:34.262331172Z
      race event 567: gate 2026-09-15T04:23:34.483697685Z, deadline 2026-09-15T04:24:34.483697685Z
      race event 568: gate 2026-09-15T04:23:35.258852978Z, deadline 2026-09-15T04:24:35.258852978Z
      race event 569: gate 2026-09-15T04:23:35.769798353Z, deadline 2026-09-15T04:24:35.769798353Z
      race event 570: gate 2026-09-15T04:23:39.470659631Z, deadline 2026-09-15T04:24:39.470659631Z
      race event 571: gate 2026-09-15T04:23:39.876582295Z, deadline 2026-09-15T04:24:39.876582295Z
      race event 572: gate 2026-09-15T04:23:40.187299458Z, deadline 2026-09-15T04:24:40.187299458Z
      race event 573: gate 2026-09-15T04:23:40.689647325Z, deadline 2026-09-15T04:24:40.689647325Z
      race event 574: gate 2026-09-15T04:23:40.878706496Z, deadline 2026-09-15T04:24:40.878706496Z
      race event 575: gate 2026-09-15T04:23:41.78050697Z, deadline 2026-09-15T04:24:41.78050697Z
      race event 576: gate 2026-09-15T04:23:42.200227106Z, deadline 2026-09-15T04:24:42.200227106Z
      race event 577: gate 2026-09-15T04:23:42.586428944Z, deadline 2026-09-15T04:24:42.586428944Z
      race event 578: gate 2026-09-15T04:23:43.182074148Z, deadline 2026-09-15T04:24:43.182074148Z
      race event 579: gate 2026-09-15T04:23:43.346089319Z, deadline 2026-09-15T04:24:43.346089319Z
      race event 580: gate 2026-09-15T04:23:43.796392622Z, deadline 2026-09-15T04:24:43.796392622Z
      race event 581: gate 2026-09-15T04:23:44.200901407Z, deadline 2026-09-15T04:24:44.200901407Z
      race event 582: gate 2026-09-15T04:23:44.786387519Z, deadline 2026-09-15T04:24:44.786387519Z
      race event 583: gate 2026-09-15T04:23:45.432294463Z, deadline 2026-09-15T04:24:45.432294463Z
      race event 584: gate 2026-09-15T04:23:45.79207032Z, deadline 2026-09-15T04:24:45.79207032Z
      race event 585: gate 2026-09-15T04:23:46.204038203Z, deadline 2026-09-15T04:24:46.204038203Z
      race event 586: gate 2026-09-15T04:23:46.798145605Z, deadline 2026-09-15T04:24:46.798145605Z
      race event 587: gate 2026-09-15T04:23:47.286785948Z, deadline 2026-09-15T04:24:47.286785948Z
      race event 588: gate 2026-09-15T04:23:47.69529882Z, deadline 2026-09-15T04:24:47.69529882Z
      race event 589: gate 2026-09-15T04:23:47.973974436Z, deadline 2026-09-15T04:24:47.973974436Z
      race event 590: gate 2026-09-15T04:23:48.181812827Z, deadline 2026-09-15T04:24:48.181812827Z
      race event 591: gate 2026-09-15T04:23:48.387949211Z, deadline 2026-09-15T04:24:48.387949211Z
      race event 592: gate 2026-09-15T04:23:48.629918281Z, deadline 2026-09-15T04:24:48.629918281Z
      race event 593: gate 2026-09-15T04:23:48.897205822Z, deadline 2026-09-15T04:24:48.897205822Z
      race event 594: gate 2026-09-15T04:23:49.183363565Z, deadline 2026-09-15T04:24:49.183363565Z
      race event 595: gate 2026-09-15T04:23:49.742009587Z, deadline 2026-09-15T04:24:49.742009587Z
      race event 596: gate 2026-09-15T04:23:49.987972774Z, deadline 2026-09-15T04:24:49.987972774Z
      race event 597: gate 2026-09-15T04:23:50.24376829Z, deadline 2026-09-15T04:24:50.24376829Z
      race event 598: gate 2026-09-15T04:23:50.42591414Z, deadline 2026-09-15T04:24:50.42591414Z
      race event 599: gate 2026-09-15T04:23:50.591186031Z, deadline 2026-09-15T04:24:50.591186031Z
      race event 600: gate 2026-09-15T04:23:50.884088314Z, deadline 2026-09-15T04:24:50.884088314Z
    race     10 seats x100       24.7 seats/s  conflicts/hold=7.46 reads/hold=15.79  hold p50=37.90ms p99=624.80ms  deferred 59/59 ok  confirm retries sold/run=0/0  errors=0  ok
      audit: consistent (100 events, 1000 tickets; rejections late=0 boundary=0)
      race event 601: gate 2026-09-15T04:23:51.63012255Z, deadline 2026-09-15T04:24:51.63012255Z
      race event 602: gate 2026-09-15T04:23:52.510872499Z, deadline 2026-09-15T04:24:52.510872499Z
      race event 603: gate 2026-09-15T04:23:53.4911284Z, deadline 2026-09-15T04:24:53.4911284Z
      race event 604: gate 2026-09-15T04:23:55.334861077Z, deadline 2026-09-15T04:24:55.334861077Z
      race event 605: gate 2026-09-15T04:23:56.396055912Z, deadline 2026-09-15T04:24:56.396055912Z
      race event 606: gate 2026-09-15T04:23:58.102617955Z, deadline 2026-09-15T04:24:58.102617955Z
      race event 607: gate 2026-09-15T04:23:59.496447751Z, deadline 2026-09-15T04:24:59.496447751Z
      race event 608: gate 2026-09-15T04:24:00.794185968Z, deadline 2026-09-15T04:25:00.794185968Z
      race event 609: gate 2026-09-15T04:24:01.87781987Z, deadline 2026-09-15T04:25:01.87781987Z
      race event 610: gate 2026-09-15T04:24:02.889579211Z, deadline 2026-09-15T04:25:02.889579211Z
      race event 611: gate 2026-09-15T04:24:04.490568115Z, deadline 2026-09-15T04:25:04.490568115Z
      race event 612: gate 2026-09-15T04:24:05.783908757Z, deadline 2026-09-15T04:25:05.783908757Z
      race event 613: gate 2026-09-15T04:24:06.800526205Z, deadline 2026-09-15T04:25:06.800526205Z
      race event 614: gate 2026-09-15T04:24:07.695691616Z, deadline 2026-09-15T04:25:07.695691616Z
      race event 615: gate 2026-09-15T04:24:08.987870974Z, deadline 2026-09-15T04:25:08.987870974Z
      race event 616: gate 2026-09-15T04:24:10.185353533Z, deadline 2026-09-15T04:25:10.185353533Z
      race event 617: gate 2026-09-15T04:24:14.524661473Z, deadline 2026-09-15T04:25:14.524661473Z
      race event 618: gate 2026-09-15T04:24:16.719471854Z, deadline 2026-09-15T04:25:16.719471854Z
      race event 619: gate 2026-09-15T04:24:17.538160496Z, deadline 2026-09-15T04:25:17.538160496Z
      race event 620: gate 2026-09-15T04:24:18.835660245Z, deadline 2026-09-15T04:25:18.835660245Z
    race    100 seats x20        85.4 seats/s  conflicts/hold=2.26 reads/hold=4.68  hold p50=42.53ms p99=511.41ms  deferred 99/99 ok  confirm retries sold/run=0/0  errors=0  ok
      audit: consistent (20 events, 2000 tickets; rejections late=0 boundary=0)
      race event 621: gate 2026-09-15T04:24:20.218459471Z, deadline 2026-09-15T04:25:20.218459471Z
      race event 622: gate 2026-09-15T04:24:28.923050673Z, deadline 2026-09-15T04:25:28.923050673Z
      race event 623: gate 2026-09-15T04:24:38.232364656Z, deadline 2026-09-15T04:25:38.232364656Z
      race event 624: gate 2026-09-15T04:24:50.042295498Z, deadline 2026-09-15T04:25:50.042295498Z
      race event 625: gate 2026-09-15T04:24:59.542908553Z, deadline 2026-09-15T04:25:59.542908553Z
    race   1000 seats x5        111.6 seats/s  conflicts/hold=0.84 reads/hold=3.16  hold p50=87.07ms p99=195.84ms  deferred 212/212 ok  confirm retries sold/run=0/0  errors=0  ok
      audit: consistent (5 events, 5000 tickets; rejections late=0 boundary=0)
      race event 626: gate 2026-09-15T04:25:09.414850466Z, deadline 2026-09-15T04:26:09.414850466Z
      race event 627: gate 2026-09-15T04:26:16.228032372Z, deadline 2026-09-15T04:27:16.228032372Z
    race  10000 seats x2        106.8 seats/s  conflicts/hold=0.20 reads/hold=1.54  hold p50=95.06ms p99=200.08ms  deferred 512/512 ok  confirm retries sold/run=0/0  errors=0  VIOLATIONS, 2 timed out (64% sold)
      audit: VIOLATIONS — thefts 0, grants on sold seats 0, double sales 0, sales without the hold 0, late sales 0, early rejections 1 (transient 1), duplicate seats 0, inventory drift 0, invalid seats 0, partial holds 0, ticket mismatches 0
  lifecycle trial 1/1 (32 buyers per event, one human minute = 500ms, fresh load):
    lifecycle    10 seats x3       0.3 confirmed seats/s  holds=26 abandoned=2+2 expired@check=2 rejected late/boundary/early(transient)=0/0/0(0)  confirm retries sold/run=0/0  outage unavailable=0/0  leaked=0 errors=0  ok
      audit: consistent (3 events, 30 tickets; rejections late=0 boundary=0)
    lifecycle   100 seats x3       1.5 confirmed seats/s  holds=241 abandoned=37+30 expired@check=7 rejected late/boundary/early(transient)=5/0/0(0)  confirm retries sold/run=0/0  outage unavailable=0/0  leaked=0 errors=0  ok
      audit: consistent (3 events, 300 tickets; rejections late=5 boundary=0)
  wrote /results/l1_claim_rows.json
