  engine: PostgreSQL 15.12-YB-2025.2.6.0-b0 on x86_64-pc-linux-gnu, compiled by clang version 19.1.0 (https://github.com/yugabyte/llvm-project.git a2a6b655e14e7fa1fcf1011a6cb29cb8575249c0), 64-bit
  effective isolation for READ COMMITTED requests: read committed
  database clock minus client clock: -0.001 ms
  dataset: 5 venues, 658 events, 56103 tickets and 2217 holds at load
  loading l2_section_document ...
  loaded in 9.5s (copy 2.9s, index 2.7s)
  verifying answers against ground truth ...
    58/58 checks passed (margin 591s); audit on load: consistent (658 events, 56103 tickets; rejections late=0 boundary=0)
  capturing plans ...
  read benchmark:
    q01_section_map@10                     3905.0 ops/s  p50=  0.631ms p99=  66.892ms  errors=0
    q02_event_sections@10                  3383.8 ops/s  p50=  0.681ms p99=  69.017ms  errors=0
    q03_event_available@10                 3788.8 ops/s  p50=  0.654ms p99=  66.548ms  errors=0
    q01_section_map@100                    3074.2 ops/s  p50=  0.727ms p99=  69.365ms  errors=0
    q02_event_sections@100                 3607.3 ops/s  p50=  0.662ms p99=  67.629ms  errors=0
    q03_event_available@100                3396.6 ops/s  p50=  0.701ms p99=  67.440ms  errors=0
    q01_section_map@1000                   3383.8 ops/s  p50=  0.726ms p99=  67.123ms  errors=0
    q02_event_sections@1000                3078.7 ops/s  p50=  0.819ms p99=  68.563ms  errors=0
    q03_event_available@1000               2886.6 ops/s  p50=  0.824ms p99=  69.107ms  errors=0
    q01_section_map@10000                  3281.2 ops/s  p50=  0.752ms p99=  67.839ms  errors=0
    q02_event_sections@10000               1355.8 ops/s  p50=  1.614ms p99=  74.062ms  errors=0
    q03_event_available@10000              1280.0 ops/s  p50=  1.680ms p99=  75.017ms  errors=0
    q01_section_map@100000                 2683.3 ops/s  p50=  0.926ms p99=  68.167ms  errors=0
    q02_event_sections@100000               137.6 ops/s  p50= 84.923ms p99= 104.178ms  errors=0
    q03_event_available@100000              126.9 ops/s  p50= 86.796ms p99= 174.994ms  errors=0
    q04_hold_seats                         3600.5 ops/s  p50=  0.679ms p99=  67.510ms  errors=0
    q05_customer_tickets                   2572.6 ops/s  p50=  0.943ms p99=  68.870ms  errors=0
    q06_ticket_by_id                       4654.2 ops/s  p50=  0.551ms p99=  65.803ms  errors=0
  write benchmark (fresh load per op):
    hold                                     54.2 ops/s  p50=108.635ms p99= 400.593ms  rejected=3 retries=10 errors=0
      audit after hold: consistent (658 events, 81192 tickets; rejections late=0 boundary=0)
    release                                 477.9 ops/s  p50=  5.369ms p99=  79.573ms  rejected=0 retries=0 errors=0
      audit after release: consistent (658 events, 56103 tickets; rejections late=0 boundary=0)
    cancel                                  208.8 ops/s  p50= 12.375ms p99= 110.646ms  rejected=0 retries=0 errors=0
      audit after cancel: consistent (658 events, 41018 tickets; rejections late=0 boundary=0)
    publish@10                              276.3 ops/s  p50=  4.530ms p99=  78.726ms  rejected=0 retries=0 errors=0
    publish@100                             333.6 ops/s  p50=  4.068ms p99=  74.327ms  rejected=0 retries=0 errors=0
    publish@1000                            962.7 ops/s  p50=  3.965ms p99=   5.285ms  rejected=0 retries=0 errors=0
    publish@10000                           609.9 ops/s  p50=  2.989ms p99=   2.989ms  rejected=0 retries=0 errors=0
    publish@100000                           32.5 ops/s  p50= 60.826ms p99=  60.826ms  rejected=0 retries=0 errors=0
      audit after publish: consistent (2887 events, 56103 tickets; rejections late=0 boundary=0)
  race trial 1/1 (32 buyers per event, fresh load):
      race event 501: gate 2026-09-15T03:29:06.391373286Z, deadline 2026-09-15T03:30:06.391373286Z
      race event 502: gate 2026-09-15T03:29:08.203902765Z, deadline 2026-09-15T03:30:08.203902765Z
      race event 503: gate 2026-09-15T03:29:08.551759448Z, deadline 2026-09-15T03:30:08.551759448Z
      race event 504: gate 2026-09-15T03:29:09.239712093Z, deadline 2026-09-15T03:30:09.239712093Z
      race event 505: gate 2026-09-15T03:29:09.358883418Z, deadline 2026-09-15T03:30:09.358883418Z
      race event 506: gate 2026-09-15T03:29:09.819084313Z, deadline 2026-09-15T03:30:09.819084313Z
      race event 507: gate 2026-09-15T03:29:10.416374441Z, deadline 2026-09-15T03:30:10.416374441Z
      race event 508: gate 2026-09-15T03:29:10.709846991Z, deadline 2026-09-15T03:30:10.709846991Z
      race event 509: gate 2026-09-15T03:29:10.816132414Z, deadline 2026-09-15T03:30:10.816132414Z
      race event 510: gate 2026-09-15T03:29:11.054086103Z, deadline 2026-09-15T03:30:11.054086103Z
      race event 511: gate 2026-09-15T03:29:11.398930419Z, deadline 2026-09-15T03:30:11.398930419Z
      race event 512: gate 2026-09-15T03:29:11.813292084Z, deadline 2026-09-15T03:30:11.813292084Z
      race event 513: gate 2026-09-15T03:29:12.300921805Z, deadline 2026-09-15T03:30:12.300921805Z
      race event 514: gate 2026-09-15T03:29:12.505276961Z, deadline 2026-09-15T03:30:12.505276961Z
      race event 515: gate 2026-09-15T03:29:12.802674995Z, deadline 2026-09-15T03:30:12.802674995Z
      race event 516: gate 2026-09-15T03:29:13.106025535Z, deadline 2026-09-15T03:30:13.106025535Z
      race event 517: gate 2026-09-15T03:29:13.277987915Z, deadline 2026-09-15T03:30:13.277987915Z
      race event 518: gate 2026-09-15T03:29:13.706913571Z, deadline 2026-09-15T03:30:13.706913571Z
      race event 519: gate 2026-09-15T03:29:14.079987637Z, deadline 2026-09-15T03:30:14.079987637Z
      race event 520: gate 2026-09-15T03:29:14.769493733Z, deadline 2026-09-15T03:30:14.769493733Z
      race event 521: gate 2026-09-15T03:29:15.088868041Z, deadline 2026-09-15T03:30:15.088868041Z
      race event 522: gate 2026-09-15T03:29:15.556581975Z, deadline 2026-09-15T03:30:15.556581975Z
      race event 523: gate 2026-09-15T03:29:16.105281134Z, deadline 2026-09-15T03:30:16.105281134Z
      race event 524: gate 2026-09-15T03:29:16.473927014Z, deadline 2026-09-15T03:30:16.473927014Z
      race event 525: gate 2026-09-15T03:29:16.89656745Z, deadline 2026-09-15T03:30:16.89656745Z
      race event 526: gate 2026-09-15T03:29:17.207637361Z, deadline 2026-09-15T03:30:17.207637361Z
      race event 527: gate 2026-09-15T03:29:17.767625229Z, deadline 2026-09-15T03:30:17.767625229Z
      race event 528: gate 2026-09-15T03:29:18.376608551Z, deadline 2026-09-15T03:30:18.376608551Z
      race event 529: gate 2026-09-15T03:29:18.816686659Z, deadline 2026-09-15T03:30:18.816686659Z
      race event 530: gate 2026-09-15T03:29:19.19321801Z, deadline 2026-09-15T03:30:19.19321801Z
      race event 531: gate 2026-09-15T03:29:19.736919324Z, deadline 2026-09-15T03:30:19.736919324Z
      race event 532: gate 2026-09-15T03:29:20.206508563Z, deadline 2026-09-15T03:30:20.206508563Z
      race event 533: gate 2026-09-15T03:29:20.494961966Z, deadline 2026-09-15T03:30:20.494961966Z
      race event 534: gate 2026-09-15T03:29:20.838196796Z, deadline 2026-09-15T03:30:20.838196796Z
      race event 535: gate 2026-09-15T03:29:20.986599182Z, deadline 2026-09-15T03:30:20.986599182Z
      race event 536: gate 2026-09-15T03:29:21.504699586Z, deadline 2026-09-15T03:30:21.504699586Z
      race event 537: gate 2026-09-15T03:29:21.806752818Z, deadline 2026-09-15T03:30:21.806752818Z
      race event 538: gate 2026-09-15T03:29:22.069975111Z, deadline 2026-09-15T03:30:22.069975111Z
      race event 539: gate 2026-09-15T03:29:22.611409194Z, deadline 2026-09-15T03:30:22.611409194Z
      race event 540: gate 2026-09-15T03:29:23.238442633Z, deadline 2026-09-15T03:30:23.238442633Z
      race event 541: gate 2026-09-15T03:29:23.609236003Z, deadline 2026-09-15T03:30:23.609236003Z
      race event 542: gate 2026-09-15T03:29:23.898223625Z, deadline 2026-09-15T03:30:23.898223625Z
      race event 543: gate 2026-09-15T03:29:24.15562634Z, deadline 2026-09-15T03:30:24.15562634Z
      race event 544: gate 2026-09-15T03:29:24.516313576Z, deadline 2026-09-15T03:30:24.516313576Z
      race event 545: gate 2026-09-15T03:29:24.962486318Z, deadline 2026-09-15T03:30:24.962486318Z
      race event 546: gate 2026-09-15T03:29:25.462959149Z, deadline 2026-09-15T03:30:25.462959149Z
      race event 547: gate 2026-09-15T03:29:25.876279531Z, deadline 2026-09-15T03:30:25.876279531Z
      race event 548: gate 2026-09-15T03:29:26.075766259Z, deadline 2026-09-15T03:30:26.075766259Z
      race event 549: gate 2026-09-15T03:29:26.393219804Z, deadline 2026-09-15T03:30:26.393219804Z
      race event 550: gate 2026-09-15T03:29:26.66794174Z, deadline 2026-09-15T03:30:26.66794174Z
      race event 551: gate 2026-09-15T03:29:26.981237004Z, deadline 2026-09-15T03:30:26.981237004Z
      race event 552: gate 2026-09-15T03:29:27.545052205Z, deadline 2026-09-15T03:30:27.545052205Z
      race event 553: gate 2026-09-15T03:29:27.889103707Z, deadline 2026-09-15T03:30:27.889103707Z
      race event 554: gate 2026-09-15T03:29:28.497743519Z, deadline 2026-09-15T03:30:28.497743519Z
      race event 555: gate 2026-09-15T03:29:28.858067712Z, deadline 2026-09-15T03:30:28.858067712Z
      race event 556: gate 2026-09-15T03:29:29.065657636Z, deadline 2026-09-15T03:30:29.065657636Z
      race event 557: gate 2026-09-15T03:29:29.60801595Z, deadline 2026-09-15T03:30:29.60801595Z
      race event 558: gate 2026-09-15T03:29:29.887298105Z, deadline 2026-09-15T03:30:29.887298105Z
      race event 559: gate 2026-09-15T03:29:30.171186454Z, deadline 2026-09-15T03:30:30.171186454Z
      race event 560: gate 2026-09-15T03:29:30.599685197Z, deadline 2026-09-15T03:30:30.599685197Z
      race event 561: gate 2026-09-15T03:29:30.894577351Z, deadline 2026-09-15T03:30:30.894577351Z
      race event 562: gate 2026-09-15T03:29:31.099049774Z, deadline 2026-09-15T03:30:31.099049774Z
      race event 563: gate 2026-09-15T03:29:31.277076883Z, deadline 2026-09-15T03:30:31.277076883Z
      race event 564: gate 2026-09-15T03:29:31.967023074Z, deadline 2026-09-15T03:30:31.967023074Z
      race event 565: gate 2026-09-15T03:29:32.177547669Z, deadline 2026-09-15T03:30:32.177547669Z
      race event 566: gate 2026-09-15T03:29:32.496187245Z, deadline 2026-09-15T03:30:32.496187245Z
      race event 567: gate 2026-09-15T03:29:36.441212669Z, deadline 2026-09-15T03:30:36.441212669Z
      race event 568: gate 2026-09-15T03:29:36.88438609Z, deadline 2026-09-15T03:30:36.88438609Z
      race event 569: gate 2026-09-15T03:29:37.484333754Z, deadline 2026-09-15T03:30:37.484333754Z
      race event 570: gate 2026-09-15T03:29:37.64636579Z, deadline 2026-09-15T03:30:37.64636579Z
      race event 571: gate 2026-09-15T03:29:37.996970434Z, deadline 2026-09-15T03:30:37.996970434Z
      race event 572: gate 2026-09-15T03:29:38.357494666Z, deadline 2026-09-15T03:30:38.357494666Z
      race event 573: gate 2026-09-15T03:29:39.135284961Z, deadline 2026-09-15T03:30:39.135284961Z
      race event 574: gate 2026-09-15T03:29:39.392600456Z, deadline 2026-09-15T03:30:39.392600456Z
      race event 575: gate 2026-09-15T03:29:39.9363332Z, deadline 2026-09-15T03:30:39.9363332Z
      race event 576: gate 2026-09-15T03:29:40.341345371Z, deadline 2026-09-15T03:30:40.341345371Z
      race event 577: gate 2026-09-15T03:29:40.459190852Z, deadline 2026-09-15T03:30:40.459190852Z
      race event 578: gate 2026-09-15T03:29:40.866840074Z, deadline 2026-09-15T03:30:40.866840074Z
      race event 579: gate 2026-09-15T03:29:41.283968037Z, deadline 2026-09-15T03:30:41.283968037Z
      race event 580: gate 2026-09-15T03:29:41.667722845Z, deadline 2026-09-15T03:30:41.667722845Z
      race event 581: gate 2026-09-15T03:29:42.032751038Z, deadline 2026-09-15T03:30:42.032751038Z
      race event 582: gate 2026-09-15T03:29:42.604842541Z, deadline 2026-09-15T03:30:42.604842541Z
      race event 583: gate 2026-09-15T03:29:42.941011496Z, deadline 2026-09-15T03:30:42.941011496Z
      race event 584: gate 2026-09-15T03:29:43.36545556Z, deadline 2026-09-15T03:30:43.36545556Z
      race event 585: gate 2026-09-15T03:29:43.636417189Z, deadline 2026-09-15T03:30:43.636417189Z
      race event 586: gate 2026-09-15T03:29:44.311347168Z, deadline 2026-09-15T03:30:44.311347168Z
      race event 587: gate 2026-09-15T03:29:45.090078982Z, deadline 2026-09-15T03:30:45.090078982Z
      race event 588: gate 2026-09-15T03:29:45.44261566Z, deadline 2026-09-15T03:30:45.44261566Z
      race event 589: gate 2026-09-15T03:29:45.742002656Z, deadline 2026-09-15T03:30:45.742002656Z
      race event 590: gate 2026-09-15T03:29:46.12262866Z, deadline 2026-09-15T03:30:46.12262866Z
      race event 591: gate 2026-09-15T03:29:46.489772455Z, deadline 2026-09-15T03:30:46.489772455Z
      race event 592: gate 2026-09-15T03:29:46.839597614Z, deadline 2026-09-15T03:30:46.839597614Z
      race event 593: gate 2026-09-15T03:29:47.198758813Z, deadline 2026-09-15T03:30:47.198758813Z
      race event 594: gate 2026-09-15T03:29:47.484846901Z, deadline 2026-09-15T03:30:47.484846901Z
      race event 595: gate 2026-09-15T03:29:47.99782658Z, deadline 2026-09-15T03:30:47.99782658Z
      race event 596: gate 2026-09-15T03:29:48.358936905Z, deadline 2026-09-15T03:30:48.358936905Z
      race event 597: gate 2026-09-15T03:29:48.688767273Z, deadline 2026-09-15T03:30:48.688767273Z
      race event 598: gate 2026-09-15T03:29:49.258785659Z, deadline 2026-09-15T03:30:49.258785659Z
      race event 599: gate 2026-09-15T03:29:49.780627507Z, deadline 2026-09-15T03:30:49.780627507Z
      race event 600: gate 2026-09-15T03:29:50.051448571Z, deadline 2026-09-15T03:30:50.051448571Z
    race     10 seats x100       33.3 seats/s  conflicts/hold=14.96 reads/hold=26.34  hold p50=42.09ms p99=302.93ms  deferred 55/55 ok  confirm retries sold/run=0/0  errors=0  ok
      audit: consistent (100 events, 1000 tickets; rejections late=0 boundary=0)
      race event 601: gate 2026-09-15T03:29:50.822303352Z, deadline 2026-09-15T03:30:50.822303352Z
      race event 602: gate 2026-09-15T03:29:52.876680021Z, deadline 2026-09-15T03:30:52.876680021Z
      race event 603: gate 2026-09-15T03:29:55.102191119Z, deadline 2026-09-15T03:30:55.102191119Z
      race event 604: gate 2026-09-15T03:29:57.530978781Z, deadline 2026-09-15T03:30:57.530978781Z
      race event 605: gate 2026-09-15T03:29:59.522104348Z, deadline 2026-09-15T03:30:59.522104348Z
      race event 606: gate 2026-09-15T03:30:02.066287375Z, deadline 2026-09-15T03:31:02.066287375Z
      race event 607: gate 2026-09-15T03:30:04.270728469Z, deadline 2026-09-15T03:31:04.270728469Z
      race event 608: gate 2026-09-15T03:30:06.059033612Z, deadline 2026-09-15T03:31:06.059033612Z
      race event 609: gate 2026-09-15T03:30:07.84988874Z, deadline 2026-09-15T03:31:07.84988874Z
      race event 610: gate 2026-09-15T03:30:14.067284622Z, deadline 2026-09-15T03:31:14.067284622Z
      race event 611: gate 2026-09-15T03:30:16.136072993Z, deadline 2026-09-15T03:31:16.136072993Z
      race event 612: gate 2026-09-15T03:30:18.594685002Z, deadline 2026-09-15T03:31:18.594685002Z
      race event 613: gate 2026-09-15T03:30:20.559825222Z, deadline 2026-09-15T03:31:20.559825222Z
      race event 614: gate 2026-09-15T03:30:22.974204815Z, deadline 2026-09-15T03:31:22.974204815Z
      race event 615: gate 2026-09-15T03:30:25.110020535Z, deadline 2026-09-15T03:31:25.110020535Z
      race event 616: gate 2026-09-15T03:30:27.535259714Z, deadline 2026-09-15T03:31:27.535259714Z
      race event 617: gate 2026-09-15T03:30:29.677213066Z, deadline 2026-09-15T03:31:29.677213066Z
      race event 618: gate 2026-09-15T03:30:31.801477976Z, deadline 2026-09-15T03:31:31.801477976Z
      race event 619: gate 2026-09-15T03:30:34.253615528Z, deadline 2026-09-15T03:31:34.253615528Z
      race event 620: gate 2026-09-15T03:30:36.57015049Z, deadline 2026-09-15T03:31:36.57015049Z
    race    100 seats x20        53.1 seats/s  conflicts/hold=5.15 reads/hold=8.18  hold p50=73.00ms p99=343.69ms  deferred 93/93 ok  confirm retries sold/run=0/0  errors=0  ok
      audit: consistent (20 events, 2000 tickets; rejections late=0 boundary=0)
      race event 621: gate 2026-09-15T03:30:38.710534475Z, deadline 2026-09-15T03:31:38.710534475Z
      race event 622: gate 2026-09-15T03:30:54.89472558Z, deadline 2026-09-15T03:31:54.89472558Z
      race event 623: gate 2026-09-15T03:31:06.432808264Z, deadline 2026-09-15T03:32:06.432808264Z
      race event 624: gate 2026-09-15T03:31:17.972429781Z, deadline 2026-09-15T03:32:17.972429781Z
      race event 625: gate 2026-09-15T03:31:33.468596819Z, deadline 2026-09-15T03:32:33.468596819Z
    race   1000 seats x5         88.2 seats/s  conflicts/hold=1.56 reads/hold=4.12  hold p50=24.46ms p99=588.97ms  deferred 196/196 ok  confirm retries sold/run=0/0  errors=0  ok
      audit: consistent (5 events, 5000 tickets; rejections late=0 boundary=0)
      race event 626: gate 2026-09-15T03:31:46.392403558Z, deadline 2026-09-15T03:32:46.392403558Z
      race event 627: gate 2026-09-15T03:32:56.579997134Z, deadline 2026-09-15T03:33:56.579997134Z
    race  10000 seats x2        131.4 seats/s  conflicts/hold=0.51 reads/hold=1.90  hold p50=80.61ms p99=897.07ms  deferred 621/621 ok  confirm retries sold/run=0/0  errors=0  VIOLATIONS, 2 timed out (79% sold)
      audit: VIOLATIONS — thefts 0, grants on sold seats 0, double sales 0, sales without the hold 0, late sales 0, early rejections 4 (transient 0), duplicate seats 0, inventory drift 0, invalid seats 0, partial holds 0, ticket mismatches 0
  lifecycle trial 1/1 (32 buyers per event, one human minute = 500ms, fresh load):
    lifecycle    10 seats x3       0.3 confirmed seats/s  holds=25 abandoned=4+3 expired@check=0 rejected late/boundary/early(transient)=1/0/0(0)  confirm retries sold/run=0/0  outage unavailable=0/0  leaked=0 errors=0  ok
      audit: consistent (3 events, 30 tickets; rejections late=1 boundary=0)
    lifecycle   100 seats x3       1.6 confirmed seats/s  holds=216 abandoned=30+24 expired@check=9 rejected late/boundary/early(transient)=4/0/0(0)  confirm retries sold/run=0/0  outage unavailable=0/0  leaked=0 errors=0  ok
      audit: consistent (3 events, 300 tickets; rejections late=4 boundary=0)
  wrote /results/l2_section_document.json
