  engine: PostgreSQL 15.12-YB-2025.2.6.0-b0 on x86_64-pc-linux-gnu, compiled by clang version 19.1.0 (https://github.com/yugabyte/llvm-project.git a2a6b655e14e7fa1fcf1011a6cb29cb8575249c0), 64-bit
  effective isolation for READ COMMITTED requests: read committed
  database clock minus client clock: 0.000 ms
  dataset: 5 venues, 658 events, 56103 tickets and 2217 holds at load
  loading l3_section_sharded ...
  loaded in 15.4s (copy 7.4s, index 4.2s)
  verifying answers against ground truth ...
    58/58 checks passed (margin 585s); audit on load: consistent (658 events, 56103 tickets; rejections late=0 boundary=0)
  capturing plans ...
  read benchmark:
    q01_section_map@10                     3477.9 ops/s  p50=  0.677ms p99=  68.208ms  errors=0
    q02_event_sections@10                    20.8 ops/s  p50=391.367ms p99= 504.365ms  errors=0
    q03_event_available@10                   16.2 ops/s  p50=495.877ms p99= 698.207ms  errors=0
    q01_section_map@100                    3532.4 ops/s  p50=  0.694ms p99=  67.754ms  errors=0
    q02_event_sections@100                   20.1 ops/s  p50=397.218ms p99= 596.641ms  errors=0
    q03_event_available@100                  17.9 ops/s  p50=416.854ms p99= 599.443ms  errors=0
    q01_section_map@1000                   2983.9 ops/s  p50=  0.794ms p99=  69.193ms  errors=0
    q02_event_sections@1000                  20.2 ops/s  p50=400.368ms p99= 583.338ms  errors=0
    q03_event_available@1000                 17.0 ops/s  p50=482.942ms p99= 694.495ms  errors=0
    q01_section_map@10000                  2524.2 ops/s  p50=  0.914ms p99=  69.919ms  errors=0
    q02_event_sections@10000                 17.4 ops/s  p50=486.455ms p99= 600.439ms  errors=0
    q03_event_available@10000                18.6 ops/s  p50=396.893ms p99= 697.594ms  errors=0
    q01_section_map@100000                 1902.0 ops/s  p50=  1.244ms p99=  71.068ms  errors=0
    q02_event_sections@100000                12.6 ops/s  p50=605.184ms p99= 794.132ms  errors=0
    q03_event_available@100000               17.4 ops/s  p50=482.292ms p99= 618.117ms  errors=0
    q04_hold_seats                         2479.5 ops/s  p50=  0.940ms p99=  70.010ms  errors=0
    q05_customer_tickets                   2431.4 ops/s  p50=  0.953ms p99=  69.107ms  errors=0
    q06_ticket_by_id                       4578.7 ops/s  p50=  0.561ms p99=  65.439ms  errors=0
  write benchmark (fresh load per op):
    hold                                      6.9 ops/s  p50=924.767ms p99=2478.977ms  rejected=0 retries=0 errors=0
      audit after hold: consistent (658 events, 80683 tickets; rejections late=0 boundary=0)
    release                                 494.5 ops/s  p50=  4.460ms p99=  78.686ms  rejected=0 retries=0 errors=0
      audit after release: consistent (658 events, 56103 tickets; rejections late=0 boundary=0)
    cancel                                  284.4 ops/s  p50=  7.898ms p99=  87.954ms  rejected=0 retries=0 errors=0
      audit after cancel: consistent (658 events, 40655 tickets; rejections late=0 boundary=0)
    publish@10                              321.7 ops/s  p50=  4.350ms p99=  72.749ms  rejected=0 retries=0 errors=0
    publish@100                             199.8 ops/s  p50=  6.750ms p99=  77.508ms  rejected=0 retries=0 errors=0
    publish@1000                             53.4 ops/s  p50= 75.913ms p99=  94.373ms  rejected=0 retries=0 errors=0
    publish@10000                            10.7 ops/s  p50=173.852ms p99= 173.852ms  rejected=0 retries=0 errors=0
    publish@100000                            1.1 ops/s  p50=1693.676ms p99=1693.676ms  rejected=0 retries=0 errors=0
      audit after publish: consistent (2887 events, 56103 tickets; rejections late=0 boundary=0)
  race trial 1/1 (32 buyers per event, fresh load):
      race event 501: gate 2026-09-15T05:54:42.156922159Z, deadline 2026-09-15T05:55:42.156922159Z
      race event 502: gate 2026-09-15T05:54:48.619633737Z, deadline 2026-09-15T05:55:48.619633737Z
      race event 503: gate 2026-09-15T05:54:59.842250098Z, deadline 2026-09-15T05:55:59.842250098Z
      race event 504: gate 2026-09-15T05:55:07.609261983Z, deadline 2026-09-15T05:56:07.609261983Z
      race event 505: gate 2026-09-15T05:55:13.564083257Z, deadline 2026-09-15T05:56:13.564083257Z
      race event 506: gate 2026-09-15T05:55:18.751604102Z, deadline 2026-09-15T05:56:18.751604102Z
      race event 507: gate 2026-09-15T05:55:23.36631717Z, deadline 2026-09-15T05:56:23.36631717Z
      race event 508: gate 2026-09-15T05:55:30.964340288Z, deadline 2026-09-15T05:56:30.964340288Z
      race event 509: gate 2026-09-15T05:55:40.670206448Z, deadline 2026-09-15T05:56:40.670206448Z
      race event 510: gate 2026-09-15T05:55:47.8163525Z, deadline 2026-09-15T05:56:47.8163525Z
      race event 511: gate 2026-09-15T05:55:53.315524774Z, deadline 2026-09-15T05:56:53.315524774Z
      race event 512: gate 2026-09-15T05:55:57.929675279Z, deadline 2026-09-15T05:56:57.929675279Z
      race event 513: gate 2026-09-15T05:56:03.272098322Z, deadline 2026-09-15T05:57:03.272098322Z
      race event 514: gate 2026-09-15T05:56:13.511500814Z, deadline 2026-09-15T05:57:13.511500814Z
      race event 515: gate 2026-09-15T05:56:19.7979044Z, deadline 2026-09-15T05:57:19.7979044Z
      race event 516: gate 2026-09-15T05:56:24.024707838Z, deadline 2026-09-15T05:57:24.024707838Z
      race event 517: gate 2026-09-15T05:56:31.380218595Z, deadline 2026-09-15T05:57:31.380218595Z
      race event 518: gate 2026-09-15T05:56:36.623268583Z, deadline 2026-09-15T05:57:36.623268583Z
      race event 519: gate 2026-09-15T05:56:42.004516759Z, deadline 2026-09-15T05:57:42.004516759Z
      race event 520: gate 2026-09-15T05:56:52.383893733Z, deadline 2026-09-15T05:57:52.383893733Z
      race event 521: gate 2026-09-15T05:56:59.035870013Z, deadline 2026-09-15T05:57:59.035870013Z
      race event 522: gate 2026-09-15T05:57:03.895470935Z, deadline 2026-09-15T05:58:03.895470935Z
      race event 523: gate 2026-09-15T05:57:10.775929048Z, deadline 2026-09-15T05:58:10.775929048Z
      race event 524: gate 2026-09-15T05:57:17.358269071Z, deadline 2026-09-15T05:58:17.358269071Z
      race event 525: gate 2026-09-15T05:57:27.300216768Z, deadline 2026-09-15T05:58:27.300216768Z
      race event 526: gate 2026-09-15T05:57:32.155125025Z, deadline 2026-09-15T05:58:32.155125025Z
      race event 527: gate 2026-09-15T05:57:37.158633198Z, deadline 2026-09-15T05:58:37.158633198Z
      race event 528: gate 2026-09-15T05:57:42.992442001Z, deadline 2026-09-15T05:58:42.992442001Z
      race event 529: gate 2026-09-15T05:57:48.195015389Z, deadline 2026-09-15T05:58:48.195015389Z
      race event 530: gate 2026-09-15T05:57:53.054869197Z, deadline 2026-09-15T05:58:53.054869197Z
      race event 531: gate 2026-09-15T05:58:03.204631698Z, deadline 2026-09-15T05:59:03.204631698Z
    race     10 seats x31         6.2 seats/s  conflicts/hold=0.98 reads/hold=7.16  hold p50=101.58ms p99=382.27ms  deferred 27/27 ok  confirm retries sold/run=0/0  errors=0  ok
      audit: consistent (31 events, 310 tickets; rejections late=0 boundary=0)
      race event 601: gate 2026-09-15T05:58:09.820710065Z, deadline 2026-09-15T05:59:09.820710065Z
      race event 602: gate 2026-09-15T05:58:21.110992574Z, deadline 2026-09-15T05:59:21.110992574Z
      race event 603: gate 2026-09-15T05:58:41.716557496Z, deadline 2026-09-15T05:59:41.716557496Z
      race event 604: gate 2026-09-15T05:58:53.457794329Z, deadline 2026-09-15T05:59:53.457794329Z
      race event 605: gate 2026-09-15T05:59:12.405867806Z, deadline 2026-09-15T06:00:12.405867806Z
      race event 606: gate 2026-09-15T05:59:25.532834261Z, deadline 2026-09-15T06:00:25.532834261Z
      race event 607: gate 2026-09-15T05:59:37.877887139Z, deadline 2026-09-15T06:00:37.877887139Z
      race event 608: gate 2026-09-15T05:59:55.080267889Z, deadline 2026-09-15T06:00:55.080267889Z
      race event 609: gate 2026-09-15T06:00:08.883841761Z, deadline 2026-09-15T06:01:08.883841761Z
      race event 610: gate 2026-09-15T06:00:23.425128371Z, deadline 2026-09-15T06:01:23.425128371Z
      race event 611: gate 2026-09-15T06:00:38.432929611Z, deadline 2026-09-15T06:01:38.432929611Z
      race event 612: gate 2026-09-15T06:00:50.56820556Z, deadline 2026-09-15T06:01:50.56820556Z
      race event 613: gate 2026-09-15T06:01:08.359648732Z, deadline 2026-09-15T06:02:08.359648732Z
      race event 614: gate 2026-09-15T06:01:23.081914889Z, deadline 2026-09-15T06:02:23.081914889Z
    race    100 seats x14        11.1 seats/s  conflicts/hold=0.53 reads/hold=2.42  hold p50=99.80ms p99=299.09ms  deferred 69/69 ok  confirm retries sold/run=0/0  errors=0  ok
      audit: consistent (14 events, 1400 tickets; rejections late=0 boundary=0)
      race event 621: gate 2026-09-15T06:01:41.610617632Z, deadline 2026-09-15T06:02:41.610617632Z
      race event 622: gate 2026-09-15T06:02:50.482522739Z, deadline 2026-09-15T06:03:50.482522739Z
      race event 623: gate 2026-09-15T06:03:59.354024415Z, deadline 2026-09-15T06:04:59.354024415Z
    race   1000 seats x3         16.4 seats/s  conflicts/hold=0.13 reads/hold=1.96  hold p50=98.69ms p99=313.18ms  deferred 111/111 ok  confirm retries sold/run=0/0  errors=0  ok, 3 timed out (98% sold)
      audit: consistent (3 events, 2934 tickets; rejections late=0 boundary=0)
      race event 626: gate 2026-09-15T06:05:10.235904394Z, deadline 2026-09-15T06:06:10.235904394Z
      race event 627: gate 2026-09-15T06:06:15.408427878Z, deadline 2026-09-15T06:07:15.408427878Z
    race  10000 seats x2         23.8 seats/s  conflicts/hold=0.06 reads/hold=1.06  hold p50=107.96ms p99=388.13ms  deferred 107/107 ok  confirm retries sold/run=0/0  errors=0  ok, 2 timed out (14% sold)
      audit: consistent (2 events, 2859 tickets; rejections late=0 boundary=0)
  lifecycle trial 1/1 (32 buyers per event, one human minute = 500ms, fresh load):
    lifecycle    10 seats x3       0.2 confirmed seats/s  holds=25 abandoned=3+1 expired@check=1 rejected late/boundary/early(transient)=1/0/0(0)  confirm retries sold/run=0/0  outage unavailable=0/0  leaked=0 errors=0  ok
      audit: consistent (3 events, 30 tickets; rejections late=1 boundary=0)
    lifecycle   100 seats x3       1.5 confirmed seats/s  holds=210 abandoned=24+20 expired@check=10 rejected late/boundary/early(transient)=2/0/0(0)  confirm retries sold/run=0/0  outage unavailable=0/0  leaked=0 errors=0  ok
      audit: consistent (3 events, 300 tickets; rejections late=2 boundary=0)
  wrote /results/l3_section_sharded.json
