  engine: PostgreSQL 15.12-YB-2025.2.6.0-b0 on x86_64-pc-linux-gnu, compiled by clang version 19.1.0 (https://github.com/yugabyte/llvm-project.git a2a6b655e14e7fa1fcf1011a6cb29cb8575249c0), 64-bit
  effective isolation for READ COMMITTED requests: read committed
  database clock minus client clock: 0.000 ms
  dataset: 5 venues, 658 events, 56103 tickets and 2217 holds at load
  loading s0_check_then_hold_rc ...
  loaded in 19.9s (copy 7.7s, index 8.4s)
  verifying answers against ground truth ...
    58/58 checks passed (margin 581s); audit on load: consistent (658 events, 56103 tickets; rejections late=0 boundary=0)
  capturing plans ...
  read benchmark:
    q01_section_map@10                     2362.1 ops/s  p50=  1.021ms p99=  69.390ms  errors=0
    q02_event_sections@10                  2926.5 ops/s  p50=  0.795ms p99=  69.737ms  errors=0
    q03_event_available@10                 3945.7 ops/s  p50=  0.671ms p99=  66.199ms  errors=0
    q01_section_map@100                    1481.9 ops/s  p50=  1.628ms p99=  72.045ms  errors=0
    q02_event_sections@100                 2807.3 ops/s  p50=  0.841ms p99=  69.141ms  errors=0
    q03_event_available@100                3431.6 ops/s  p50=  0.699ms p99=  68.069ms  errors=0
    q01_section_map@1000                   1075.4 ops/s  p50=  2.035ms p99=  74.975ms  errors=0
    q02_event_sections@1000                1535.5 ops/s  p50=  1.388ms p99=  73.583ms  errors=0
    q03_event_available@1000               2002.8 ops/s  p50=  1.094ms p99=  71.691ms  errors=0
    q01_section_map@10000                   717.7 ops/s  p50=  2.673ms p99=  79.055ms  errors=0
    q02_event_sections@10000                191.1 ops/s  p50= 12.097ms p99=  93.939ms  errors=0
    q03_event_available@10000               410.9 ops/s  p50=  4.693ms p99=  86.867ms  errors=0
    q01_section_map@100000                  522.6 ops/s  p50=  3.993ms p99=  81.162ms  errors=0
    q02_event_sections@100000                21.5 ops/s  p50=391.149ms p99= 495.625ms  errors=0
    q03_event_available@100000               40.3 ops/s  p50=197.756ms p99= 300.081ms  errors=0
    q04_hold_seats                          679.7 ops/s  p50=  3.147ms p99=  79.104ms  errors=0
    q05_customer_tickets                   2588.3 ops/s  p50=  0.945ms p99=  68.738ms  errors=0
    q06_ticket_by_id                       4596.1 ops/s  p50=  0.561ms p99=  65.578ms  errors=0
  write benchmark (fresh load per op):
    hold                                     13.7 ops/s  p50=513.257ms p99=1813.026ms  rejected=1 retries=0 errors=0
      audit after hold: VIOLATIONS — thefts 3, grants on sold seats 0, double sales 0, sales without the hold 0, late sales 0, early rejections 2 (transient 1), duplicate seats 0, inventory drift 0, invalid seats 0, partial holds 0, ticket mismatches 0
    release                                 552.3 ops/s  p50=  4.391ms p99=  78.075ms  rejected=0 retries=0 errors=0
      audit after release: consistent (658 events, 56103 tickets; rejections late=0 boundary=0)
    cancel                                  285.1 ops/s  p50=  7.975ms p99=  87.731ms  rejected=0 retries=0 errors=0
      audit after cancel: consistent (658 events, 40651 tickets; rejections late=0 boundary=0)
    publish@10                              259.4 ops/s  p50=  4.914ms p99=  78.642ms  rejected=0 retries=0 errors=0
    publish@100                             191.4 ops/s  p50=  7.252ms p99=  80.078ms  rejected=0 retries=0 errors=0
    publish@1000                             47.5 ops/s  p50= 94.118ms p99= 165.566ms  rejected=0 retries=0 errors=0
    publish@10000                             7.0 ops/s  p50=263.361ms p99= 263.361ms  rejected=0 retries=0 errors=0
    publish@100000                            0.6 ops/s  p50=3277.912ms p99=3277.912ms  rejected=0 retries=0 errors=0
      audit after publish: consistent (2887 events, 56103 tickets; rejections late=0 boundary=0)
  race trial 1/1 (32 buyers per event, fresh load):
      race event 501: gate 2026-09-15T08:18:48.426956785Z, deadline 2026-09-15T08:19:48.426956785Z
      race event 502: gate 2026-09-15T08:18:49.890093008Z, deadline 2026-09-15T08:19:49.890093008Z
      race event 503: gate 2026-09-15T08:18:50.507162243Z, deadline 2026-09-15T08:19:50.507162243Z
      race event 504: gate 2026-09-15T08:18:50.997237006Z, deadline 2026-09-15T08:19:50.997237006Z
      race event 505: gate 2026-09-15T08:18:51.294338969Z, deadline 2026-09-15T08:19:51.294338969Z
      race event 506: gate 2026-09-15T08:18:51.615763101Z, deadline 2026-09-15T08:19:51.615763101Z
      race event 507: gate 2026-09-15T08:18:51.911410799Z, deadline 2026-09-15T08:19:51.911410799Z
      race event 508: gate 2026-09-15T08:18:56.000642901Z, deadline 2026-09-15T08:19:56.000642901Z
      race event 509: gate 2026-09-15T08:18:56.204363737Z, deadline 2026-09-15T08:19:56.204363737Z
      race event 510: gate 2026-09-15T08:18:56.484849228Z, deadline 2026-09-15T08:19:56.484849228Z
      race event 511: gate 2026-09-15T08:18:56.878714671Z, deadline 2026-09-15T08:19:56.878714671Z
      race event 512: gate 2026-09-15T08:18:57.179889008Z, deadline 2026-09-15T08:19:57.179889008Z
      race event 513: gate 2026-09-15T08:18:57.481115557Z, deadline 2026-09-15T08:19:57.481115557Z
      race event 514: gate 2026-09-15T08:18:57.774536048Z, deadline 2026-09-15T08:19:57.774536048Z
      race event 515: gate 2026-09-15T08:18:58.090196643Z, deadline 2026-09-15T08:19:58.090196643Z
      race event 516: gate 2026-09-15T08:18:58.508210037Z, deadline 2026-09-15T08:19:58.508210037Z
      race event 517: gate 2026-09-15T08:18:58.926032016Z, deadline 2026-09-15T08:19:58.926032016Z
      race event 518: gate 2026-09-15T08:18:59.271524536Z, deadline 2026-09-15T08:19:59.271524536Z
      race event 519: gate 2026-09-15T08:18:59.519162004Z, deadline 2026-09-15T08:19:59.519162004Z
      race event 520: gate 2026-09-15T08:18:59.772052004Z, deadline 2026-09-15T08:19:59.772052004Z
      race event 521: gate 2026-09-15T08:19:00.071704023Z, deadline 2026-09-15T08:20:00.071704023Z
      race event 522: gate 2026-09-15T08:19:00.397792625Z, deadline 2026-09-15T08:20:00.397792625Z
      race event 523: gate 2026-09-15T08:19:00.830565814Z, deadline 2026-09-15T08:20:00.830565814Z
      race event 524: gate 2026-09-15T08:19:00.985606488Z, deadline 2026-09-15T08:20:00.985606488Z
      race event 525: gate 2026-09-15T08:19:01.265545318Z, deadline 2026-09-15T08:20:01.265545318Z
      race event 526: gate 2026-09-15T08:19:01.577626632Z, deadline 2026-09-15T08:20:01.577626632Z
      race event 527: gate 2026-09-15T08:19:01.769443486Z, deadline 2026-09-15T08:20:01.769443486Z
      race event 528: gate 2026-09-15T08:19:02.095468898Z, deadline 2026-09-15T08:20:02.095468898Z
      race event 529: gate 2026-09-15T08:19:02.389326206Z, deadline 2026-09-15T08:20:02.389326206Z
      race event 530: gate 2026-09-15T08:19:02.578779199Z, deadline 2026-09-15T08:20:02.578779199Z
      race event 531: gate 2026-09-15T08:19:03.183996865Z, deadline 2026-09-15T08:20:03.183996865Z
      race event 532: gate 2026-09-15T08:19:03.469952728Z, deadline 2026-09-15T08:20:03.469952728Z
      race event 533: gate 2026-09-15T08:19:03.703351154Z, deadline 2026-09-15T08:20:03.703351154Z
      race event 534: gate 2026-09-15T08:19:03.890743122Z, deadline 2026-09-15T08:20:03.890743122Z
      race event 535: gate 2026-09-15T08:19:04.181392097Z, deadline 2026-09-15T08:20:04.181392097Z
      race event 536: gate 2026-09-15T08:19:04.4803209Z, deadline 2026-09-15T08:20:04.4803209Z
      race event 537: gate 2026-09-15T08:19:04.7979502Z, deadline 2026-09-15T08:20:04.7979502Z
      race event 538: gate 2026-09-15T08:19:05.009989427Z, deadline 2026-09-15T08:20:05.009989427Z
      race event 539: gate 2026-09-15T08:19:05.292462906Z, deadline 2026-09-15T08:20:05.292462906Z
      race event 540: gate 2026-09-15T08:19:05.621222769Z, deadline 2026-09-15T08:20:05.621222769Z
      race event 541: gate 2026-09-15T08:19:06.104543354Z, deadline 2026-09-15T08:20:06.104543354Z
      race event 542: gate 2026-09-15T08:19:06.396939077Z, deadline 2026-09-15T08:20:06.396939077Z
      race event 543: gate 2026-09-15T08:19:06.890908422Z, deadline 2026-09-15T08:20:06.890908422Z
      race event 544: gate 2026-09-15T08:19:07.085505754Z, deadline 2026-09-15T08:20:07.085505754Z
      race event 545: gate 2026-09-15T08:19:07.834860174Z, deadline 2026-09-15T08:20:07.834860174Z
      race event 546: gate 2026-09-15T08:19:08.026736883Z, deadline 2026-09-15T08:20:08.026736883Z
      race event 547: gate 2026-09-15T08:19:08.214150904Z, deadline 2026-09-15T08:20:08.214150904Z
      race event 548: gate 2026-09-15T08:19:08.470325879Z, deadline 2026-09-15T08:20:08.470325879Z
      race event 549: gate 2026-09-15T08:19:08.77449906Z, deadline 2026-09-15T08:20:08.77449906Z
      race event 550: gate 2026-09-15T08:19:09.089152903Z, deadline 2026-09-15T08:20:09.089152903Z
      race event 551: gate 2026-09-15T08:19:09.320336094Z, deadline 2026-09-15T08:20:09.320336094Z
      race event 552: gate 2026-09-15T08:19:09.525921381Z, deadline 2026-09-15T08:20:09.525921381Z
      race event 553: gate 2026-09-15T08:19:09.767077474Z, deadline 2026-09-15T08:20:09.767077474Z
      race event 554: gate 2026-09-15T08:19:09.978245604Z, deadline 2026-09-15T08:20:09.978245604Z
      race event 555: gate 2026-09-15T08:19:10.283174059Z, deadline 2026-09-15T08:20:10.283174059Z
      race event 556: gate 2026-09-15T08:19:10.522414492Z, deadline 2026-09-15T08:20:10.522414492Z
      race event 557: gate 2026-09-15T08:19:10.87466291Z, deadline 2026-09-15T08:20:10.87466291Z
      race event 558: gate 2026-09-15T08:19:11.204239662Z, deadline 2026-09-15T08:20:11.204239662Z
      race event 559: gate 2026-09-15T08:19:11.373616976Z, deadline 2026-09-15T08:20:11.373616976Z
      race event 560: gate 2026-09-15T08:19:11.66676962Z, deadline 2026-09-15T08:20:11.66676962Z
      race event 561: gate 2026-09-15T08:19:11.89096549Z, deadline 2026-09-15T08:20:11.89096549Z
      race event 562: gate 2026-09-15T08:19:12.089373431Z, deadline 2026-09-15T08:20:12.089373431Z
      race event 563: gate 2026-09-15T08:19:12.397659798Z, deadline 2026-09-15T08:20:12.397659798Z
      race event 564: gate 2026-09-15T08:19:12.663674464Z, deadline 2026-09-15T08:20:12.663674464Z
      race event 565: gate 2026-09-15T08:19:12.874898027Z, deadline 2026-09-15T08:20:12.874898027Z
      race event 566: gate 2026-09-15T08:19:13.119920014Z, deadline 2026-09-15T08:20:13.119920014Z
      race event 567: gate 2026-09-15T08:19:13.502898461Z, deadline 2026-09-15T08:20:13.502898461Z
      race event 568: gate 2026-09-15T08:19:13.766423391Z, deadline 2026-09-15T08:20:13.766423391Z
      race event 569: gate 2026-09-15T08:19:14.074224913Z, deadline 2026-09-15T08:20:14.074224913Z
      race event 570: gate 2026-09-15T08:19:14.384354597Z, deadline 2026-09-15T08:20:14.384354597Z
      race event 571: gate 2026-09-15T08:19:15.144821228Z, deadline 2026-09-15T08:20:15.144821228Z
      race event 572: gate 2026-09-15T08:19:15.319678727Z, deadline 2026-09-15T08:20:15.319678727Z
      race event 573: gate 2026-09-15T08:19:15.676996705Z, deadline 2026-09-15T08:20:15.676996705Z
      race event 574: gate 2026-09-15T08:19:15.925366784Z, deadline 2026-09-15T08:20:15.925366784Z
      race event 575: gate 2026-09-15T08:19:16.207789119Z, deadline 2026-09-15T08:20:16.207789119Z
      race event 576: gate 2026-09-15T08:19:16.46102774Z, deadline 2026-09-15T08:20:16.46102774Z
      race event 577: gate 2026-09-15T08:19:16.765862851Z, deadline 2026-09-15T08:20:16.765862851Z
      race event 578: gate 2026-09-15T08:19:17.083584234Z, deadline 2026-09-15T08:20:17.083584234Z
      race event 579: gate 2026-09-15T08:19:17.292485308Z, deadline 2026-09-15T08:20:17.292485308Z
      race event 580: gate 2026-09-15T08:19:17.567318054Z, deadline 2026-09-15T08:20:17.567318054Z
      race event 581: gate 2026-09-15T08:19:17.767928669Z, deadline 2026-09-15T08:20:17.767928669Z
      race event 582: gate 2026-09-15T08:19:17.996696847Z, deadline 2026-09-15T08:20:17.996696847Z
      race event 583: gate 2026-09-15T08:19:18.305789781Z, deadline 2026-09-15T08:20:18.305789781Z
      race event 584: gate 2026-09-15T08:19:18.805392888Z, deadline 2026-09-15T08:20:18.805392888Z
      race event 585: gate 2026-09-15T08:19:19.218927746Z, deadline 2026-09-15T08:20:19.218927746Z
      race event 586: gate 2026-09-15T08:19:19.685619269Z, deadline 2026-09-15T08:20:19.685619269Z
      race event 587: gate 2026-09-15T08:19:20.094984287Z, deadline 2026-09-15T08:20:20.094984287Z
      race event 588: gate 2026-09-15T08:19:20.261317024Z, deadline 2026-09-15T08:20:20.261317024Z
      race event 589: gate 2026-09-15T08:19:20.473629309Z, deadline 2026-09-15T08:20:20.473629309Z
      race event 590: gate 2026-09-15T08:19:20.776876789Z, deadline 2026-09-15T08:20:20.776876789Z
      race event 591: gate 2026-09-15T08:19:21.031485423Z, deadline 2026-09-15T08:20:21.031485423Z
      race event 592: gate 2026-09-15T08:19:21.280069251Z, deadline 2026-09-15T08:20:21.280069251Z
      race event 593: gate 2026-09-15T08:19:21.522646502Z, deadline 2026-09-15T08:20:21.522646502Z
      race event 594: gate 2026-09-15T08:19:21.913545692Z, deadline 2026-09-15T08:20:21.913545692Z
      race event 595: gate 2026-09-15T08:19:22.302700139Z, deadline 2026-09-15T08:20:22.302700139Z
      race event 596: gate 2026-09-15T08:19:22.688763826Z, deadline 2026-09-15T08:20:22.688763826Z
      race event 597: gate 2026-09-15T08:19:23.003911962Z, deadline 2026-09-15T08:20:23.003911962Z
      race event 598: gate 2026-09-15T08:19:23.185417096Z, deadline 2026-09-15T08:20:23.185417096Z
      race event 599: gate 2026-09-15T08:19:23.886056157Z, deadline 2026-09-15T08:20:23.886056157Z
      race event 600: gate 2026-09-15T08:19:24.176776488Z, deadline 2026-09-15T08:20:24.176776488Z
    race     10 seats x100       70.0 seats/s  conflicts/hold=1.57 reads/hold=5.77  hold p50=42.21ms p99=329.81ms  deferred 21/75 ok  confirm retries sold/run=0/0  errors=1521  VIOLATIONS
      audit: VIOLATIONS — thefts 539, grants on sold seats 0, double sales 0, sales without the hold 0, late sales 0, early rejections 314 (transient 0), duplicate seats 0, inventory drift 0, invalid seats 0, partial holds 0, ticket mismatches 0
      first error: ERROR: new row for relation "event_seat" violates check constraint "event_seat_held_has_holder" (SQLSTATE 23514)
      race event 601: gate 2026-09-15T08:19:25.000037914Z, deadline 2026-09-15T08:20:25.000037914Z
      race event 602: gate 2026-09-15T08:19:26.365674839Z, deadline 2026-09-15T08:20:26.365674839Z
      race event 603: gate 2026-09-15T08:19:27.713629499Z, deadline 2026-09-15T08:20:27.713629499Z
      race event 604: gate 2026-09-15T08:19:32.382565878Z, deadline 2026-09-15T08:20:32.382565878Z
      race event 605: gate 2026-09-15T08:19:33.748986424Z, deadline 2026-09-15T08:20:33.748986424Z
      race event 606: gate 2026-09-15T08:19:34.745807165Z, deadline 2026-09-15T08:20:34.745807165Z
      race event 607: gate 2026-09-15T08:19:35.871504421Z, deadline 2026-09-15T08:20:35.871504421Z
      race event 608: gate 2026-09-15T08:19:37.165330666Z, deadline 2026-09-15T08:20:37.165330666Z
      race event 609: gate 2026-09-15T08:19:38.347866811Z, deadline 2026-09-15T08:20:38.347866811Z
      race event 610: gate 2026-09-15T08:19:39.479237369Z, deadline 2026-09-15T08:20:39.479237369Z
      race event 611: gate 2026-09-15T08:19:40.570188379Z, deadline 2026-09-15T08:20:40.570188379Z
      race event 612: gate 2026-09-15T08:19:41.86268256Z, deadline 2026-09-15T08:20:41.86268256Z
      race event 613: gate 2026-09-15T08:19:43.065248378Z, deadline 2026-09-15T08:20:43.065248378Z
      race event 614: gate 2026-09-15T08:19:44.255154154Z, deadline 2026-09-15T08:20:44.255154154Z
      race event 615: gate 2026-09-15T08:19:45.645596682Z, deadline 2026-09-15T08:20:45.645596682Z
      race event 616: gate 2026-09-15T08:19:46.869465557Z, deadline 2026-09-15T08:20:46.869465557Z
      race event 617: gate 2026-09-15T08:20:17.30035791Z, deadline 2026-09-15T08:21:17.30035791Z
      race event 618: gate 2026-09-15T08:20:18.153197699Z, deadline 2026-09-15T08:21:18.153197699Z
      race event 619: gate 2026-09-15T08:20:19.250311241Z, deadline 2026-09-15T08:21:19.250311241Z
      race event 620: gate 2026-09-15T08:20:20.583976488Z, deadline 2026-09-15T08:21:20.583976488Z
    race    100 seats x20        52.7 seats/s  conflicts/hold=1.08 reads/hold=3.28  hold p50=82.37ms p99=299.37ms  deferred 71/122 ok  confirm retries sold/run=0/0  errors=581  VIOLATIONS
      audit: VIOLATIONS — thefts 527, grants on sold seats 0, double sales 0, sales without the hold 0, late sales 0, early rejections 278 (transient 0), duplicate seats 0, inventory drift 0, invalid seats 0, partial holds 0, ticket mismatches 0
      first error: ERROR: new row for relation "event_seat" violates check constraint "event_seat_held_has_holder" (SQLSTATE 23514)
      race event 621: gate 2026-09-15T08:20:22.266649065Z, deadline 2026-09-15T08:21:22.266649065Z
      race event 622: gate 2026-09-15T08:20:30.747880039Z, deadline 2026-09-15T08:21:30.747880039Z
      race event 623: gate 2026-09-15T08:20:39.338025436Z, deadline 2026-09-15T08:21:39.338025436Z
      race event 624: gate 2026-09-15T08:20:52.236011338Z, deadline 2026-09-15T08:21:52.236011338Z
      race event 625: gate 2026-09-15T08:21:02.138582447Z, deadline 2026-09-15T08:22:02.138582447Z
    race   1000 seats x5        122.5 seats/s  conflicts/hold=0.46 reads/hold=2.28  hold p50=93.97ms p99=282.89ms  deferred 152/225 ok  confirm retries sold/run=0/0  errors=545  VIOLATIONS
      audit: VIOLATIONS — thefts 600, grants on sold seats 0, double sales 0, sales without the hold 0, late sales 0, early rejections 306 (transient 0), duplicate seats 0, inventory drift 0, invalid seats 0, partial holds 0, ticket mismatches 0
      first error: ERROR: new row for relation "event_seat" violates check constraint "event_seat_held_has_holder" (SQLSTATE 23514)
      race event 626: gate 2026-09-15T08:21:13.186154271Z, deadline 2026-09-15T08:22:13.186154271Z
      race event 627: gate 2026-09-15T08:22:21.698215126Z, deadline 2026-09-15T08:23:21.698215126Z
    race  10000 seats x2        100.9 seats/s  conflicts/hold=0.08 reads/hold=1.39  hold p50=101.15ms p99=278.21ms  deferred 445/487 ok  confirm retries sold/run=0/0  errors=270  VIOLATIONS, 2 timed out (59% sold)
      audit: VIOLATIONS — thefts 253, grants on sold seats 0, double sales 0, sales without the hold 0, late sales 0, early rejections 138 (transient 1), duplicate seats 0, inventory drift 0, invalid seats 0, partial holds 0, ticket mismatches 0
      first error: ERROR: new row for relation "event_seat" violates check constraint "event_seat_held_has_holder" (SQLSTATE 23514)
  lifecycle trial 1/1 (32 buyers per event, one human minute = 500ms, fresh load):
    lifecycle    10 seats x3       0.2 confirmed seats/s  holds=112 abandoned=20+12 expired@check=56 rejected late/boundary/early(transient)=1/0/0(0)  confirm retries sold/run=0/0  outage unavailable=0/0  leaked=0 errors=0  VIOLATIONS
      audit: VIOLATIONS — thefts 133, grants on sold seats 0, double sales 0, sales without the hold 0, late sales 0, early rejections 0 (transient 0), duplicate seats 0, inventory drift 0, invalid seats 0, partial holds 0, ticket mismatches 0
    lifecycle   100 seats x3       1.4 confirmed seats/s  holds=298 abandoned=44+34 expired@check=70 rejected late/boundary/early(transient)=5/0/0(0)  confirm retries sold/run=0/0  outage unavailable=0/0  leaked=0 errors=0  VIOLATIONS
      audit: VIOLATIONS — thefts 149, grants on sold seats 0, double sales 0, sales without the hold 0, late sales 0, early rejections 0 (transient 0), duplicate seats 0, inventory drift 0, invalid seats 0, partial holds 0, ticket mismatches 0
  wrote /results/s0_check_then_hold_rc.json
