  engine: PostgreSQL 15.12-YB-2025.2.6.0-b0 on x86_64-pc-linux-gnu, compiled by clang version 19.1.0 (https://github.com/yugabyte/llvm-project.git a2a6b655e14e7fa1fcf1011a6cb29cb8575249c0), 64-bit
  effective isolation for READ COMMITTED requests: read committed
  database clock minus client clock: 0.001 ms
  dataset: 5 venues, 658 events, 56103 tickets and 2217 holds at load
  loading s1_conditional_update ...
  loaded in 19.7s (copy 6.9s, index 8.7s)
  verifying answers against ground truth ...
    58/58 checks passed (margin 585s); audit on load: consistent (658 events, 56103 tickets; rejections late=0 boundary=0)
  capturing plans ...
  read benchmark:
    q01_section_map@10                     2429.0 ops/s  p50=  1.008ms p99=  69.601ms  errors=0
    q02_event_sections@10                  2999.1 ops/s  p50=  0.774ms p99=  69.315ms  errors=0
    q03_event_available@10                 3735.7 ops/s  p50=  0.653ms p99=  67.511ms  errors=0
    q01_section_map@100                    1309.1 ops/s  p50=  1.654ms p99=  73.895ms  errors=0
    q02_event_sections@100                 2585.1 ops/s  p50=  0.881ms p99=  69.947ms  errors=0
    q03_event_available@100                3479.9 ops/s  p50=  0.702ms p99=  68.021ms  errors=0
    q01_section_map@1000                   1046.3 ops/s  p50=  2.023ms p99=  75.498ms  errors=0
    q02_event_sections@1000                1458.5 ops/s  p50=  1.383ms p99=  74.634ms  errors=0
    q03_event_available@1000               2104.1 ops/s  p50=  1.078ms p99=  71.182ms  errors=0
    q01_section_map@10000                   752.9 ops/s  p50=  2.671ms p99=  78.672ms  errors=0
    q02_event_sections@10000                202.6 ops/s  p50= 10.525ms p99=  93.573ms  errors=0
    q03_event_available@10000               384.4 ops/s  p50=  4.795ms p99=  87.112ms  errors=0
    q01_section_map@100000                  546.8 ops/s  p50=  3.872ms p99=  81.439ms  errors=0
    q02_event_sections@100000                19.8 ops/s  p50=400.104ms p99= 498.370ms  errors=0
    q03_event_available@100000               46.5 ops/s  p50=188.379ms p99= 296.548ms  errors=0
    q04_hold_seats                          658.2 ops/s  p50=  3.199ms p99=  79.788ms  errors=0
    q05_customer_tickets                   2604.7 ops/s  p50=  0.947ms p99=  68.835ms  errors=0
    q06_ticket_by_id                       4623.8 ops/s  p50=  0.555ms p99=  65.793ms  errors=0
  write benchmark (fresh load per op):
    hold                                     14.4 ops/s  p50=516.938ms p99=1707.461ms  rejected=1 retries=0 errors=0
      audit after hold: consistent (658 events, 80641 tickets; rejections late=0 boundary=0)
    release                                 555.9 ops/s  p50=  4.115ms p99=  76.178ms  rejected=0 retries=0 errors=0
      audit after release: consistent (658 events, 56103 tickets; rejections late=0 boundary=0)
    cancel                                  297.7 ops/s  p50=  7.605ms p99=  87.010ms  rejected=0 retries=0 errors=0
      audit after cancel: consistent (658 events, 40588 tickets; rejections late=0 boundary=0)
    publish@10                              276.3 ops/s  p50=  4.867ms p99=  75.392ms  rejected=0 retries=0 errors=0
    publish@100                             184.7 ops/s  p50=  7.701ms p99=  74.175ms  rejected=0 retries=0 errors=0
    publish@1000                             41.7 ops/s  p50= 91.795ms p99= 115.676ms  rejected=0 retries=0 errors=0
    publish@10000                             7.4 ops/s  p50=253.426ms p99= 253.426ms  rejected=0 retries=0 errors=0
    publish@100000                            0.6 ops/s  p50=3216.401ms p99=3216.401ms  rejected=0 retries=0 errors=0
      audit after publish: consistent (2887 events, 56103 tickets; rejections late=0 boundary=0)
  race trial 1/1 (32 buyers per event, fresh load):
      race event 501: gate 2026-09-15T06:58:03.176206121Z, deadline 2026-09-15T06:59:03.176206121Z
      race event 502: gate 2026-09-15T06:58:04.416182165Z, deadline 2026-09-15T06:59:04.416182165Z
      race event 503: gate 2026-09-15T06:58:05.02507771Z, deadline 2026-09-15T06:59:05.02507771Z
      race event 504: gate 2026-09-15T06:58:05.332257986Z, deadline 2026-09-15T06:59:05.332257986Z
      race event 505: gate 2026-09-15T06:58:05.608486816Z, deadline 2026-09-15T06:59:05.608486816Z
      race event 506: gate 2026-09-15T06:58:06.12410708Z, deadline 2026-09-15T06:59:06.12410708Z
      race event 507: gate 2026-09-15T06:58:06.404017347Z, deadline 2026-09-15T06:59:06.404017347Z
      race event 508: gate 2026-09-15T06:58:06.831052251Z, deadline 2026-09-15T06:59:06.831052251Z
      race event 509: gate 2026-09-15T06:58:07.424182845Z, deadline 2026-09-15T06:59:07.424182845Z
      race event 510: gate 2026-09-15T06:58:07.630399697Z, deadline 2026-09-15T06:59:07.630399697Z
      race event 511: gate 2026-09-15T06:58:07.921986559Z, deadline 2026-09-15T06:59:07.921986559Z
      race event 512: gate 2026-09-15T06:58:08.349779172Z, deadline 2026-09-15T06:59:08.349779172Z
      race event 513: gate 2026-09-15T06:58:08.527432153Z, deadline 2026-09-15T06:59:08.527432153Z
      race event 514: gate 2026-09-15T06:58:08.707271585Z, deadline 2026-09-15T06:59:08.707271585Z
      race event 515: gate 2026-09-15T06:58:08.922330281Z, deadline 2026-09-15T06:59:08.922330281Z
      race event 516: gate 2026-09-15T06:58:09.226548823Z, deadline 2026-09-15T06:59:09.226548823Z
      race event 517: gate 2026-09-15T06:58:09.446388038Z, deadline 2026-09-15T06:59:09.446388038Z
      race event 518: gate 2026-09-15T06:58:09.81735527Z, deadline 2026-09-15T06:59:09.81735527Z
      race event 519: gate 2026-09-15T06:58:10.035665112Z, deadline 2026-09-15T06:59:10.035665112Z
      race event 520: gate 2026-09-15T06:58:10.41742114Z, deadline 2026-09-15T06:59:10.41742114Z
      race event 521: gate 2026-09-15T06:58:10.835789944Z, deadline 2026-09-15T06:59:10.835789944Z
      race event 522: gate 2026-09-15T06:58:11.311129488Z, deadline 2026-09-15T06:59:11.311129488Z
      race event 523: gate 2026-09-15T06:58:11.816120342Z, deadline 2026-09-15T06:59:11.816120342Z
      race event 524: gate 2026-09-15T06:58:11.919496476Z, deadline 2026-09-15T06:59:11.919496476Z
      race event 525: gate 2026-09-15T06:58:12.214584799Z, deadline 2026-09-15T06:59:12.214584799Z
      race event 526: gate 2026-09-15T06:58:12.413035343Z, deadline 2026-09-15T06:59:12.413035343Z
      race event 527: gate 2026-09-15T06:58:12.613954829Z, deadline 2026-09-15T06:59:12.613954829Z
      race event 528: gate 2026-09-15T06:58:12.810851569Z, deadline 2026-09-15T06:59:12.810851569Z
      race event 529: gate 2026-09-15T06:58:13.218241407Z, deadline 2026-09-15T06:59:13.218241407Z
      race event 530: gate 2026-09-15T06:58:13.513969254Z, deadline 2026-09-15T06:59:13.513969254Z
      race event 531: gate 2026-09-15T06:58:13.929915983Z, deadline 2026-09-15T06:59:13.929915983Z
      race event 532: gate 2026-09-15T06:58:14.322593056Z, deadline 2026-09-15T06:59:14.322593056Z
      race event 533: gate 2026-09-15T06:58:14.51757159Z, deadline 2026-09-15T06:59:14.51757159Z
      race event 534: gate 2026-09-15T06:58:18.294247815Z, deadline 2026-09-15T06:59:18.294247815Z
      race event 535: gate 2026-09-15T06:58:18.790097398Z, deadline 2026-09-15T06:59:18.790097398Z
      race event 536: gate 2026-09-15T06:58:19.200826441Z, deadline 2026-09-15T06:59:19.200826441Z
      race event 537: gate 2026-09-15T06:58:19.594168473Z, deadline 2026-09-15T06:59:19.594168473Z
      race event 538: gate 2026-09-15T06:58:19.789347095Z, deadline 2026-09-15T06:59:19.789347095Z
      race event 539: gate 2026-09-15T06:58:20.087556362Z, deadline 2026-09-15T06:59:20.087556362Z
      race event 540: gate 2026-09-15T06:58:20.313736679Z, deadline 2026-09-15T06:59:20.313736679Z
      race event 541: gate 2026-09-15T06:58:20.697399979Z, deadline 2026-09-15T06:59:20.697399979Z
      race event 542: gate 2026-09-15T06:58:20.893596146Z, deadline 2026-09-15T06:59:20.893596146Z
      race event 543: gate 2026-09-15T06:58:21.298343916Z, deadline 2026-09-15T06:59:21.298343916Z
      race event 544: gate 2026-09-15T06:58:21.658721795Z, deadline 2026-09-15T06:59:21.658721795Z
      race event 545: gate 2026-09-15T06:58:21.803424876Z, deadline 2026-09-15T06:59:21.803424876Z
      race event 546: gate 2026-09-15T06:58:21.986700752Z, deadline 2026-09-15T06:59:21.986700752Z
      race event 547: gate 2026-09-15T06:58:22.151561821Z, deadline 2026-09-15T06:59:22.151561821Z
      race event 548: gate 2026-09-15T06:58:22.406170693Z, deadline 2026-09-15T06:59:22.406170693Z
      race event 549: gate 2026-09-15T06:58:22.905998174Z, deadline 2026-09-15T06:59:22.905998174Z
      race event 550: gate 2026-09-15T06:58:23.201816104Z, deadline 2026-09-15T06:59:23.201816104Z
      race event 551: gate 2026-09-15T06:58:23.344455697Z, deadline 2026-09-15T06:59:23.344455697Z
      race event 552: gate 2026-09-15T06:58:23.547873307Z, deadline 2026-09-15T06:59:23.547873307Z
      race event 553: gate 2026-09-15T06:58:23.72367737Z, deadline 2026-09-15T06:59:23.72367737Z
      race event 554: gate 2026-09-15T06:58:23.891063783Z, deadline 2026-09-15T06:59:23.891063783Z
      race event 555: gate 2026-09-15T06:58:24.041075568Z, deadline 2026-09-15T06:59:24.041075568Z
      race event 556: gate 2026-09-15T06:58:24.495197433Z, deadline 2026-09-15T06:59:24.495197433Z
      race event 557: gate 2026-09-15T06:58:24.892700959Z, deadline 2026-09-15T06:59:24.892700959Z
      race event 558: gate 2026-09-15T06:58:25.296492633Z, deadline 2026-09-15T06:59:25.296492633Z
      race event 559: gate 2026-09-15T06:58:25.698062179Z, deadline 2026-09-15T06:59:25.698062179Z
      race event 560: gate 2026-09-15T06:58:25.93202898Z, deadline 2026-09-15T06:59:25.93202898Z
      race event 561: gate 2026-09-15T06:58:26.204918399Z, deadline 2026-09-15T06:59:26.204918399Z
      race event 562: gate 2026-09-15T06:58:26.518082939Z, deadline 2026-09-15T06:59:26.518082939Z
      race event 563: gate 2026-09-15T06:58:26.806491506Z, deadline 2026-09-15T06:59:26.806491506Z
      race event 564: gate 2026-09-15T06:58:27.108659821Z, deadline 2026-09-15T06:59:27.108659821Z
      race event 565: gate 2026-09-15T06:58:27.347352676Z, deadline 2026-09-15T06:59:27.347352676Z
      race event 566: gate 2026-09-15T06:58:27.497759815Z, deadline 2026-09-15T06:59:27.497759815Z
      race event 567: gate 2026-09-15T06:58:27.802417301Z, deadline 2026-09-15T06:59:27.802417301Z
      race event 568: gate 2026-09-15T06:58:28.305658513Z, deadline 2026-09-15T06:59:28.305658513Z
      race event 569: gate 2026-09-15T06:58:28.494502757Z, deadline 2026-09-15T06:59:28.494502757Z
      race event 570: gate 2026-09-15T06:58:28.691982196Z, deadline 2026-09-15T06:59:28.691982196Z
      race event 571: gate 2026-09-15T06:58:28.810271471Z, deadline 2026-09-15T06:59:28.810271471Z
      race event 572: gate 2026-09-15T06:58:29.098431285Z, deadline 2026-09-15T06:59:29.098431285Z
      race event 573: gate 2026-09-15T06:58:29.307723576Z, deadline 2026-09-15T06:59:29.307723576Z
      race event 574: gate 2026-09-15T06:58:29.486213306Z, deadline 2026-09-15T06:59:29.486213306Z
      race event 575: gate 2026-09-15T06:58:29.696747278Z, deadline 2026-09-15T06:59:29.696747278Z
      race event 576: gate 2026-09-15T06:58:29.913946132Z, deadline 2026-09-15T06:59:29.913946132Z
      race event 577: gate 2026-09-15T06:58:30.304618558Z, deadline 2026-09-15T06:59:30.304618558Z
      race event 578: gate 2026-09-15T06:58:30.916603818Z, deadline 2026-09-15T06:59:30.916603818Z
      race event 579: gate 2026-09-15T06:58:31.392589847Z, deadline 2026-09-15T06:59:31.392589847Z
      race event 580: gate 2026-09-15T06:58:31.689920448Z, deadline 2026-09-15T06:59:31.689920448Z
      race event 581: gate 2026-09-15T06:58:32.095958378Z, deadline 2026-09-15T06:59:32.095958378Z
      race event 582: gate 2026-09-15T06:58:32.437129583Z, deadline 2026-09-15T06:59:32.437129583Z
      race event 583: gate 2026-09-15T06:58:32.833751347Z, deadline 2026-09-15T06:59:32.833751347Z
      race event 584: gate 2026-09-15T06:58:33.293406948Z, deadline 2026-09-15T06:59:33.293406948Z
      race event 585: gate 2026-09-15T06:58:33.550977439Z, deadline 2026-09-15T06:59:33.550977439Z
      race event 586: gate 2026-09-15T06:58:33.899499479Z, deadline 2026-09-15T06:59:33.899499479Z
      race event 587: gate 2026-09-15T06:58:34.212667505Z, deadline 2026-09-15T06:59:34.212667505Z
      race event 588: gate 2026-09-15T06:58:34.595906409Z, deadline 2026-09-15T06:59:34.595906409Z
      race event 589: gate 2026-09-15T06:58:34.888603422Z, deadline 2026-09-15T06:59:34.888603422Z
      race event 590: gate 2026-09-15T06:58:35.006660252Z, deadline 2026-09-15T06:59:35.006660252Z
      race event 591: gate 2026-09-15T06:58:35.219437088Z, deadline 2026-09-15T06:59:35.219437088Z
      race event 592: gate 2026-09-15T06:58:35.349398154Z, deadline 2026-09-15T06:59:35.349398154Z
      race event 593: gate 2026-09-15T06:58:35.488787991Z, deadline 2026-09-15T06:59:35.488787991Z
      race event 594: gate 2026-09-15T06:58:35.808588658Z, deadline 2026-09-15T06:59:35.808588658Z
      race event 595: gate 2026-09-15T06:58:36.204416515Z, deadline 2026-09-15T06:59:36.204416515Z
      race event 596: gate 2026-09-15T06:58:36.383893952Z, deadline 2026-09-15T06:59:36.383893952Z
      race event 597: gate 2026-09-15T06:58:36.73735157Z, deadline 2026-09-15T06:59:36.73735157Z
      race event 598: gate 2026-09-15T06:58:36.808822968Z, deadline 2026-09-15T06:59:36.808822968Z
      race event 599: gate 2026-09-15T06:58:37.106388904Z, deadline 2026-09-15T06:59:37.106388904Z
      race event 600: gate 2026-09-15T06:58:37.400690161Z, deadline 2026-09-15T06:59:37.400690161Z
    race     10 seats x100       46.8 seats/s  conflicts/hold=7.31 reads/hold=15.21  hold p50=12.00ms p99=292.73ms  deferred 59/59 ok  confirm retries sold/run=0/0  errors=0  ok
      audit: consistent (100 events, 1000 tickets; rejections late=0 boundary=0)
      race event 601: gate 2026-09-15T06:58:38.40083844Z, deadline 2026-09-15T06:59:38.40083844Z
      race event 602: gate 2026-09-15T06:58:39.598264435Z, deadline 2026-09-15T06:59:39.598264435Z
      race event 603: gate 2026-09-15T06:58:40.691518698Z, deadline 2026-09-15T06:59:40.691518698Z
      race event 604: gate 2026-09-15T06:58:42.088537601Z, deadline 2026-09-15T06:59:42.088537601Z
      race event 605: gate 2026-09-15T06:58:43.411010147Z, deadline 2026-09-15T06:59:43.411010147Z
      race event 606: gate 2026-09-15T06:58:44.705503586Z, deadline 2026-09-15T06:59:44.705503586Z
      race event 607: gate 2026-09-15T06:58:45.909609095Z, deadline 2026-09-15T06:59:45.909609095Z
      race event 608: gate 2026-09-15T06:58:47.004122608Z, deadline 2026-09-15T06:59:47.004122608Z
      race event 609: gate 2026-09-15T06:58:48.44150615Z, deadline 2026-09-15T06:59:48.44150615Z
      race event 610: gate 2026-09-15T06:58:49.505635464Z, deadline 2026-09-15T06:59:49.505635464Z
      race event 611: gate 2026-09-15T06:58:54.177662752Z, deadline 2026-09-15T06:59:54.177662752Z
      race event 612: gate 2026-09-15T06:58:55.271426321Z, deadline 2026-09-15T06:59:55.271426321Z
      race event 613: gate 2026-09-15T06:58:56.380781145Z, deadline 2026-09-15T06:59:56.380781145Z
      race event 614: gate 2026-09-15T06:58:57.426090312Z, deadline 2026-09-15T06:59:57.426090312Z
      race event 615: gate 2026-09-15T06:58:58.677627481Z, deadline 2026-09-15T06:59:58.677627481Z
      race event 616: gate 2026-09-15T06:59:00.085754298Z, deadline 2026-09-15T07:00:00.085754298Z
      race event 617: gate 2026-09-15T06:59:01.485561358Z, deadline 2026-09-15T07:00:01.485561358Z
      race event 618: gate 2026-09-15T06:59:02.470884737Z, deadline 2026-09-15T07:00:02.470884737Z
      race event 619: gate 2026-09-15T06:59:03.694009007Z, deadline 2026-09-15T07:00:03.694009007Z
      race event 620: gate 2026-09-15T06:59:04.878928324Z, deadline 2026-09-15T07:00:04.878928324Z
    race    100 seats x20        90.2 seats/s  conflicts/hold=2.76 reads/hold=5.18  hold p50=21.92ms p99=282.85ms  deferred 96/96 ok  confirm retries sold/run=0/0  errors=0  ok
      audit: consistent (20 events, 2000 tickets; rejections late=0 boundary=0)
      race event 621: gate 2026-09-15T06:59:06.434668105Z, deadline 2026-09-15T07:00:06.434668105Z
      race event 622: gate 2026-09-15T06:59:14.59158037Z, deadline 2026-09-15T07:00:14.59158037Z
      race event 623: gate 2026-09-15T06:59:23.669818273Z, deadline 2026-09-15T07:00:23.669818273Z
      race event 624: gate 2026-09-15T06:59:37.082048832Z, deadline 2026-09-15T07:00:37.082048832Z
      race event 625: gate 2026-09-15T06:59:46.27670232Z, deadline 2026-09-15T07:00:46.27670232Z
    race   1000 seats x5        112.6 seats/s  conflicts/hold=1.05 reads/hold=3.45  hold p50=86.73ms p99=193.19ms  deferred 211/211 ok  confirm retries sold/run=0/0  errors=0  ok
      audit: consistent (5 events, 5000 tickets; rejections late=0 boundary=0)
      race event 626: gate 2026-09-15T06:59:56.018957743Z, deadline 2026-09-15T07:00:56.018957743Z
      race event 627: gate 2026-09-15T07:01:04.365171555Z, deadline 2026-09-15T07:02:04.365171555Z
    race  10000 seats x2        105.4 seats/s  conflicts/hold=0.18 reads/hold=1.43  hold p50=96.86ms p99=199.68ms  deferred 509/509 ok  confirm retries sold/run=0/0  errors=0  ok, 2 timed out (63% sold)
      audit: consistent (2 events, 12678 tickets; rejections late=0 boundary=0)
  lifecycle trial 1/1 (32 buyers per event, one human minute = 500ms, fresh load):
    lifecycle    10 seats x3       0.3 confirmed seats/s  holds=33 abandoned=7+3 expired@check=0 rejected late/boundary/early(transient)=0/0/0(0)  confirm retries sold/run=0/0  outage unavailable=0/0  leaked=0 errors=0  ok
      audit: consistent (3 events, 30 tickets; rejections late=0 boundary=0)
    lifecycle   100 seats x3       1.8 confirmed seats/s  holds=227 abandoned=36+25 expired@check=9 rejected late/boundary/early(transient)=1/0/0(0)  confirm retries sold/run=0/0  outage unavailable=0/0  leaked=0 errors=0  ok
      audit: consistent (3 events, 300 tickets; rejections late=1 boundary=0)
  wrote /results/s1_conditional_update.json
