  engine: PostgreSQL 15.12-YB-2025.2.6.0-b0 on x86_64-pc-linux-gnu, compiled by clang version 19.1.0 (https://github.com/yugabyte/llvm-project.git a2a6b655e14e7fa1fcf1011a6cb29cb8575249c0), 64-bit
  effective isolation for READ COMMITTED requests: read committed
  database clock minus client clock: 0.014 ms
  dataset: 5 venues, 658 events, 56103 tickets and 2217 holds at load
  loading s1r_confirm_retry ...
  loaded in 18.7s (copy 6.7s, index 7.9s)
  verifying answers against ground truth ...
    58/58 checks passed (margin 586s); audit on load: consistent (658 events, 56103 tickets; rejections late=0 boundary=0)
  capturing plans ...
  read benchmark:
    q01_section_map@10                     2323.5 ops/s  p50=  1.028ms p99=  69.701ms  errors=0
    q02_event_sections@10                  2984.9 ops/s  p50=  0.776ms p99=  68.954ms  errors=0
    q03_event_available@10                 3699.8 ops/s  p50=  0.661ms p99=  67.322ms  errors=0
    q01_section_map@100                    1444.9 ops/s  p50=  1.613ms p99=  72.467ms  errors=0
    q02_event_sections@100                 2822.9 ops/s  p50=  0.829ms p99=  69.452ms  errors=0
    q03_event_available@100                3352.8 ops/s  p50=  0.703ms p99=  68.094ms  errors=0
    q01_section_map@1000                   1009.3 ops/s  p50=  2.097ms p99=  75.622ms  errors=0
    q02_event_sections@1000                1509.4 ops/s  p50=  1.404ms p99=  73.755ms  errors=0
    q03_event_available@1000               2012.5 ops/s  p50=  1.062ms p99=  71.977ms  errors=0
    q01_section_map@10000                   754.9 ops/s  p50=  2.699ms p99=  78.215ms  errors=0
    q02_event_sections@10000                182.5 ops/s  p50= 14.297ms p99=  95.671ms  errors=0
    q03_event_available@10000               411.1 ops/s  p50=  4.657ms p99=  87.618ms  errors=0
    q01_section_map@100000                  496.3 ops/s  p50=  3.932ms p99=  83.054ms  errors=0
    q02_event_sections@100000                20.1 ops/s  p50=397.111ms p99= 498.231ms  errors=0
    q03_event_available@100000               40.9 ops/s  p50=197.485ms p99= 292.075ms  errors=0
    q04_hold_seats                          660.9 ops/s  p50=  3.213ms p99=  79.030ms  errors=0
    q05_customer_tickets                   2555.3 ops/s  p50=  0.955ms p99=  68.816ms  errors=0
    q06_ticket_by_id                       4585.2 ops/s  p50=  0.560ms p99=  65.725ms  errors=0
  write benchmark (fresh load per op):
    hold                                     15.9 ops/s  p50=481.396ms p99=1490.614ms  rejected=1 retries=0 errors=0
      audit after hold: consistent (658 events, 80516 tickets; rejections late=0 boundary=0)
    release                                 495.6 ops/s  p50=  4.474ms p99=  79.499ms  rejected=0 retries=0 errors=0
      audit after release: consistent (658 events, 56103 tickets; rejections late=0 boundary=0)
    cancel                                  278.9 ops/s  p50=  7.838ms p99=  90.398ms  rejected=0 retries=0 errors=0
      audit after cancel: consistent (658 events, 40682 tickets; rejections late=0 boundary=0)
    publish@10                              276.8 ops/s  p50=  4.796ms p99=  76.567ms  rejected=0 retries=0 errors=0
    publish@100                             197.5 ops/s  p50=  7.513ms p99=  74.363ms  rejected=0 retries=0 errors=0
    publish@1000                             35.8 ops/s  p50=101.306ms p99= 154.397ms  rejected=0 retries=0 errors=0
    publish@10000                             7.6 ops/s  p50=257.541ms p99= 257.541ms  rejected=0 retries=0 errors=0
    publish@100000                            0.7 ops/s  p50=2921.883ms p99=2921.883ms  rejected=0 retries=0 errors=0
      audit after publish: consistent (2887 events, 56103 tickets; rejections late=0 boundary=0)
  race trial 1/1 (32 buyers per event, fresh load):
      race event 501: gate 2026-09-15T06:30:33.681562403Z, deadline 2026-09-15T06:31:33.681562403Z
      race event 502: gate 2026-09-15T06:30:35.075680252Z, deadline 2026-09-15T06:31:35.075680252Z
      race event 503: gate 2026-09-15T06:30:35.673010576Z, deadline 2026-09-15T06:31:35.673010576Z
      race event 504: gate 2026-09-15T06:30:36.168971484Z, deadline 2026-09-15T06:31:36.168971484Z
      race event 505: gate 2026-09-15T06:30:36.569652924Z, deadline 2026-09-15T06:31:36.569652924Z
      race event 506: gate 2026-09-15T06:30:37.193337967Z, deadline 2026-09-15T06:31:37.193337967Z
      race event 507: gate 2026-09-15T06:30:37.486683834Z, deadline 2026-09-15T06:31:37.486683834Z
      race event 508: gate 2026-09-15T06:30:37.986422494Z, deadline 2026-09-15T06:31:37.986422494Z
      race event 509: gate 2026-09-15T06:30:38.489027431Z, deadline 2026-09-15T06:31:38.489027431Z
      race event 510: gate 2026-09-15T06:30:38.684434592Z, deadline 2026-09-15T06:31:38.684434592Z
      race event 511: gate 2026-09-15T06:30:39.172012458Z, deadline 2026-09-15T06:31:39.172012458Z
      race event 512: gate 2026-09-15T06:30:39.458480719Z, deadline 2026-09-15T06:31:39.458480719Z
      race event 513: gate 2026-09-15T06:30:39.571753194Z, deadline 2026-09-15T06:31:39.571753194Z
      race event 514: gate 2026-09-15T06:30:39.762313002Z, deadline 2026-09-15T06:31:39.762313002Z
      race event 515: gate 2026-09-15T06:30:40.021107783Z, deadline 2026-09-15T06:31:40.021107783Z
      race event 516: gate 2026-09-15T06:30:40.264087773Z, deadline 2026-09-15T06:31:40.264087773Z
      race event 517: gate 2026-09-15T06:30:40.413184456Z, deadline 2026-09-15T06:31:40.413184456Z
      race event 518: gate 2026-09-15T06:30:40.658026485Z, deadline 2026-09-15T06:31:40.658026485Z
      race event 519: gate 2026-09-15T06:30:40.871950978Z, deadline 2026-09-15T06:31:40.871950978Z
      race event 520: gate 2026-09-15T06:30:41.131971762Z, deadline 2026-09-15T06:31:41.131971762Z
      race event 521: gate 2026-09-15T06:30:41.385988383Z, deadline 2026-09-15T06:31:41.385988383Z
      race event 522: gate 2026-09-15T06:30:41.687986079Z, deadline 2026-09-15T06:31:41.687986079Z
      race event 523: gate 2026-09-15T06:30:41.909901282Z, deadline 2026-09-15T06:31:41.909901282Z
      race event 524: gate 2026-09-15T06:30:42.068623772Z, deadline 2026-09-15T06:31:42.068623772Z
      race event 525: gate 2026-09-15T06:30:42.461354209Z, deadline 2026-09-15T06:31:42.461354209Z
      race event 526: gate 2026-09-15T06:30:42.769866224Z, deadline 2026-09-15T06:31:42.769866224Z
      race event 527: gate 2026-09-15T06:30:43.017774626Z, deadline 2026-09-15T06:31:43.017774626Z
      race event 528: gate 2026-09-15T06:30:43.370923608Z, deadline 2026-09-15T06:31:43.370923608Z
      race event 529: gate 2026-09-15T06:30:43.570552436Z, deadline 2026-09-15T06:31:43.570552436Z
      race event 530: gate 2026-09-15T06:30:43.877655201Z, deadline 2026-09-15T06:31:43.877655201Z
      race event 531: gate 2026-09-15T06:30:43.984067444Z, deadline 2026-09-15T06:31:43.984067444Z
      race event 532: gate 2026-09-15T06:30:44.275224729Z, deadline 2026-09-15T06:31:44.275224729Z
      race event 533: gate 2026-09-15T06:30:44.600168079Z, deadline 2026-09-15T06:31:44.600168079Z
      race event 534: gate 2026-09-15T06:30:44.712816128Z, deadline 2026-09-15T06:31:44.712816128Z
      race event 535: gate 2026-09-15T06:30:45.028730533Z, deadline 2026-09-15T06:31:45.028730533Z
      race event 536: gate 2026-09-15T06:30:45.371758148Z, deadline 2026-09-15T06:31:45.371758148Z
      race event 537: gate 2026-09-15T06:30:45.759381736Z, deadline 2026-09-15T06:31:45.759381736Z
      race event 538: gate 2026-09-15T06:30:46.017221601Z, deadline 2026-09-15T06:31:46.017221601Z
      race event 539: gate 2026-09-15T06:30:49.978914443Z, deadline 2026-09-15T06:31:49.978914443Z
      race event 540: gate 2026-09-15T06:30:50.374769091Z, deadline 2026-09-15T06:31:50.374769091Z
      race event 541: gate 2026-09-15T06:30:50.720079558Z, deadline 2026-09-15T06:31:50.720079558Z
      race event 542: gate 2026-09-15T06:30:51.262335742Z, deadline 2026-09-15T06:31:51.262335742Z
      race event 543: gate 2026-09-15T06:30:51.569484794Z, deadline 2026-09-15T06:31:51.569484794Z
      race event 544: gate 2026-09-15T06:30:51.853794289Z, deadline 2026-09-15T06:31:51.853794289Z
      race event 545: gate 2026-09-15T06:30:52.358477274Z, deadline 2026-09-15T06:31:52.358477274Z
      race event 546: gate 2026-09-15T06:30:52.485622848Z, deadline 2026-09-15T06:31:52.485622848Z
      race event 547: gate 2026-09-15T06:30:52.717309078Z, deadline 2026-09-15T06:31:52.717309078Z
      race event 548: gate 2026-09-15T06:30:52.868708243Z, deadline 2026-09-15T06:31:52.868708243Z
      race event 549: gate 2026-09-15T06:30:53.208868158Z, deadline 2026-09-15T06:31:53.208868158Z
      race event 550: gate 2026-09-15T06:30:53.463322374Z, deadline 2026-09-15T06:31:53.463322374Z
      race event 551: gate 2026-09-15T06:30:53.562043903Z, deadline 2026-09-15T06:31:53.562043903Z
      race event 552: gate 2026-09-15T06:30:53.906570857Z, deadline 2026-09-15T06:31:53.906570857Z
      race event 553: gate 2026-09-15T06:30:54.069560923Z, deadline 2026-09-15T06:31:54.069560923Z
      race event 554: gate 2026-09-15T06:30:54.272799328Z, deadline 2026-09-15T06:31:54.272799328Z
      race event 555: gate 2026-09-15T06:30:54.774864548Z, deadline 2026-09-15T06:31:54.774864548Z
      race event 556: gate 2026-09-15T06:30:54.963670666Z, deadline 2026-09-15T06:31:54.963670666Z
      race event 557: gate 2026-09-15T06:30:55.275853645Z, deadline 2026-09-15T06:31:55.275853645Z
      race event 558: gate 2026-09-15T06:30:55.398408786Z, deadline 2026-09-15T06:31:55.398408786Z
      race event 559: gate 2026-09-15T06:30:55.673704727Z, deadline 2026-09-15T06:31:55.673704727Z
      race event 560: gate 2026-09-15T06:30:55.981081815Z, deadline 2026-09-15T06:31:55.981081815Z
      race event 561: gate 2026-09-15T06:30:56.279978597Z, deadline 2026-09-15T06:31:56.279978597Z
      race event 562: gate 2026-09-15T06:30:56.569760947Z, deadline 2026-09-15T06:31:56.569760947Z
      race event 563: gate 2026-09-15T06:30:57.065261828Z, deadline 2026-09-15T06:31:57.065261828Z
      race event 564: gate 2026-09-15T06:30:57.569349927Z, deadline 2026-09-15T06:31:57.569349927Z
      race event 565: gate 2026-09-15T06:30:57.785030851Z, deadline 2026-09-15T06:31:57.785030851Z
      race event 566: gate 2026-09-15T06:30:57.995299756Z, deadline 2026-09-15T06:31:57.995299756Z
      race event 567: gate 2026-09-15T06:30:58.270615426Z, deadline 2026-09-15T06:31:58.270615426Z
      race event 568: gate 2026-09-15T06:30:58.455287938Z, deadline 2026-09-15T06:31:58.455287938Z
      race event 569: gate 2026-09-15T06:30:58.585590506Z, deadline 2026-09-15T06:31:58.585590506Z
      race event 570: gate 2026-09-15T06:30:58.880428561Z, deadline 2026-09-15T06:31:58.880428561Z
      race event 571: gate 2026-09-15T06:30:59.27245165Z, deadline 2026-09-15T06:31:59.27245165Z
      race event 572: gate 2026-09-15T06:30:59.464229999Z, deadline 2026-09-15T06:31:59.464229999Z
      race event 573: gate 2026-09-15T06:30:59.612571065Z, deadline 2026-09-15T06:31:59.612571065Z
      race event 574: gate 2026-09-15T06:30:59.913549644Z, deadline 2026-09-15T06:31:59.913549644Z
      race event 575: gate 2026-09-15T06:31:00.279287328Z, deadline 2026-09-15T06:32:00.279287328Z
      race event 576: gate 2026-09-15T06:31:00.659753636Z, deadline 2026-09-15T06:32:00.659753636Z
      race event 577: gate 2026-09-15T06:31:00.955242207Z, deadline 2026-09-15T06:32:00.955242207Z
      race event 578: gate 2026-09-15T06:31:01.262564259Z, deadline 2026-09-15T06:32:01.262564259Z
      race event 579: gate 2026-09-15T06:31:01.653762971Z, deadline 2026-09-15T06:32:01.653762971Z
      race event 580: gate 2026-09-15T06:31:02.006811068Z, deadline 2026-09-15T06:32:02.006811068Z
      race event 581: gate 2026-09-15T06:31:02.36501477Z, deadline 2026-09-15T06:32:02.36501477Z
      race event 582: gate 2026-09-15T06:31:02.668579718Z, deadline 2026-09-15T06:32:02.668579718Z
      race event 583: gate 2026-09-15T06:31:03.057071228Z, deadline 2026-09-15T06:32:03.057071228Z
      race event 584: gate 2026-09-15T06:31:03.264095765Z, deadline 2026-09-15T06:32:03.264095765Z
      race event 585: gate 2026-09-15T06:31:03.422137578Z, deadline 2026-09-15T06:32:03.422137578Z
      race event 586: gate 2026-09-15T06:31:03.577154904Z, deadline 2026-09-15T06:32:03.577154904Z
      race event 587: gate 2026-09-15T06:31:03.96127957Z, deadline 2026-09-15T06:32:03.96127957Z
      race event 588: gate 2026-09-15T06:31:04.165836115Z, deadline 2026-09-15T06:32:04.165836115Z
      race event 589: gate 2026-09-15T06:31:04.378016811Z, deadline 2026-09-15T06:32:04.378016811Z
      race event 590: gate 2026-09-15T06:31:04.673198562Z, deadline 2026-09-15T06:32:04.673198562Z
      race event 591: gate 2026-09-15T06:31:05.083979922Z, deadline 2026-09-15T06:32:05.083979922Z
      race event 592: gate 2026-09-15T06:31:05.393918539Z, deadline 2026-09-15T06:32:05.393918539Z
      race event 593: gate 2026-09-15T06:31:05.67212004Z, deadline 2026-09-15T06:32:05.67212004Z
      race event 594: gate 2026-09-15T06:31:06.165112113Z, deadline 2026-09-15T06:32:06.165112113Z
      race event 595: gate 2026-09-15T06:31:06.309504778Z, deadline 2026-09-15T06:32:06.309504778Z
      race event 596: gate 2026-09-15T06:31:06.402123976Z, deadline 2026-09-15T06:32:06.402123976Z
      race event 597: gate 2026-09-15T06:31:06.871473421Z, deadline 2026-09-15T06:32:06.871473421Z
      race event 598: gate 2026-09-15T06:31:07.128783524Z, deadline 2026-09-15T06:32:07.128783524Z
      race event 599: gate 2026-09-15T06:31:07.363168444Z, deadline 2026-09-15T06:32:07.363168444Z
      race event 600: gate 2026-09-15T06:31:07.465918Z, deadline 2026-09-15T06:32:07.465918Z
    race     10 seats x100       48.9 seats/s  conflicts/hold=7.04 reads/hold=14.64  hold p50=11.34ms p99=288.95ms  deferred 44/44 ok  confirm retries sold/run=0/0  errors=0  ok
      audit: consistent (100 events, 1000 tickets; rejections late=0 boundary=0)
      race event 601: gate 2026-09-15T06:31:08.285002355Z, deadline 2026-09-15T06:32:08.285002355Z
      race event 602: gate 2026-09-15T06:31:09.619758125Z, deadline 2026-09-15T06:32:09.619758125Z
      race event 603: gate 2026-09-15T06:31:11.174891301Z, deadline 2026-09-15T06:32:11.174891301Z
      race event 604: gate 2026-09-15T06:31:12.566577356Z, deadline 2026-09-15T06:32:12.566577356Z
      race event 605: gate 2026-09-15T06:31:14.162270626Z, deadline 2026-09-15T06:32:14.162270626Z
      race event 606: gate 2026-09-15T06:31:15.390311894Z, deadline 2026-09-15T06:32:15.390311894Z
      race event 607: gate 2026-09-15T06:31:16.317544623Z, deadline 2026-09-15T06:32:16.317544623Z
      race event 608: gate 2026-09-15T06:31:17.582146543Z, deadline 2026-09-15T06:32:17.582146543Z
      race event 609: gate 2026-09-15T06:31:18.873797554Z, deadline 2026-09-15T06:32:18.873797554Z
      race event 610: gate 2026-09-15T06:31:20.174903257Z, deadline 2026-09-15T06:32:20.174903257Z
      race event 611: gate 2026-09-15T06:31:21.368677143Z, deadline 2026-09-15T06:32:21.368677143Z
      race event 612: gate 2026-09-15T06:31:26.260239331Z, deadline 2026-09-15T06:32:26.260239331Z
      race event 613: gate 2026-09-15T06:31:27.535064483Z, deadline 2026-09-15T06:32:27.535064483Z
      race event 614: gate 2026-09-15T06:31:29.127666305Z, deadline 2026-09-15T06:32:29.127666305Z
      race event 615: gate 2026-09-15T06:31:30.30988039Z, deadline 2026-09-15T06:32:30.30988039Z
      race event 616: gate 2026-09-15T06:31:31.54260467Z, deadline 2026-09-15T06:32:31.54260467Z
      race event 617: gate 2026-09-15T06:31:32.848942449Z, deadline 2026-09-15T06:32:32.848942449Z
      race event 618: gate 2026-09-15T06:31:34.253114731Z, deadline 2026-09-15T06:32:34.253114731Z
      race event 619: gate 2026-09-15T06:31:35.38168127Z, deadline 2026-09-15T06:32:35.38168127Z
      race event 620: gate 2026-09-15T06:31:36.705076527Z, deadline 2026-09-15T06:32:36.705076527Z
    race    100 seats x20        83.1 seats/s  conflicts/hold=2.71 reads/hold=5.39  hold p50=53.40ms p99=293.13ms  deferred 102/102 ok  confirm retries sold/run=0/0  errors=0  ok
      audit: consistent (20 events, 2000 tickets; rejections late=0 boundary=0)
      race event 621: gate 2026-09-15T06:31:38.335843175Z, deadline 2026-09-15T06:32:38.335843175Z
      race event 622: gate 2026-09-15T06:31:47.52787649Z, deadline 2026-09-15T06:32:47.52787649Z
      race event 623: gate 2026-09-15T06:31:57.23313843Z, deadline 2026-09-15T06:32:57.23313843Z
      race event 624: gate 2026-09-15T06:32:09.638925161Z, deadline 2026-09-15T06:33:09.638925161Z
      race event 625: gate 2026-09-15T06:32:17.518060057Z, deadline 2026-09-15T06:33:17.518060057Z
    race   1000 seats x5        115.2 seats/s  conflicts/hold=0.96 reads/hold=3.24  hold p50=85.24ms p99=190.17ms  deferred 205/205 ok  confirm retries sold/run=0/0  errors=0  ok
      audit: consistent (5 events, 5000 tickets; rejections late=0 boundary=0)
      race event 626: gate 2026-09-15T06:32:26.953531543Z, deadline 2026-09-15T06:33:26.953531543Z
      race event 627: gate 2026-09-15T06:33:35.125431248Z, deadline 2026-09-15T06:34:35.125431248Z
    race  10000 seats x2        101.4 seats/s  conflicts/hold=0.18 reads/hold=1.48  hold p50=96.90ms p99=199.78ms  deferred 445/445 ok  confirm retries sold/run=0/0  errors=0  ok, 2 timed out (61% sold)
      audit: consistent (2 events, 12205 tickets; rejections late=0 boundary=0)
  lifecycle trial 1/1 (32 buyers per event, one human minute = 500ms, fresh load):
    lifecycle    10 seats x3       0.2 confirmed seats/s  holds=39 abandoned=7+3 expired@check=3 rejected late/boundary/early(transient)=1/0/0(0)  confirm retries sold/run=0/1  outage unavailable=0/0  leaked=0 errors=0  ok
      audit: consistent (3 events, 30 tickets; rejections late=1 boundary=0)
    lifecycle   100 seats x3       1.4 confirmed seats/s  holds=244 abandoned=40+37 expired@check=7 rejected late/boundary/early(transient)=3/0/0(0)  confirm retries sold/run=0/3  outage unavailable=0/0  leaked=0 errors=0  ok
      audit: consistent (3 events, 300 tickets; rejections late=3 boundary=0)
  wrote /results/s1r_confirm_retry.json
