  engine: PostgreSQL 15.12-YB-2025.2.6.0-b0 on x86_64-pc-linux-gnu, compiled by clang version 19.1.0 (https://github.com/yugabyte/llvm-project.git a2a6b655e14e7fa1fcf1011a6cb29cb8575249c0), 64-bit
  effective isolation for READ COMMITTED requests: read committed
  database clock minus client clock: 0.000 ms
  dataset: 5 venues, 658 events, 56103 tickets and 2217 holds at load
  loading s2_lock_then_update ...
  loaded in 18.5s (copy 6.9s, index 7.8s)
  verifying answers against ground truth ...
    58/58 checks passed (margin 582s); audit on load: consistent (658 events, 56103 tickets; rejections late=0 boundary=0)
  capturing plans ...
  read benchmark:
    q01_section_map@10                     2242.7 ops/s  p50=  1.033ms p99=  69.922ms  errors=0
    q02_event_sections@10                  2893.6 ops/s  p50=  0.792ms p99=  69.568ms  errors=0
    q03_event_available@10                 3377.3 ops/s  p50=  0.688ms p99=  68.055ms  errors=0
    q01_section_map@100                    1382.1 ops/s  p50=  1.650ms p99=  72.829ms  errors=0
    q02_event_sections@100                 2586.9 ops/s  p50=  0.856ms p99=  70.944ms  errors=0
    q03_event_available@100                3440.6 ops/s  p50=  0.703ms p99=  68.015ms  errors=0
    q01_section_map@1000                   1059.3 ops/s  p50=  2.056ms p99=  74.834ms  errors=0
    q02_event_sections@1000                1660.4 ops/s  p50=  1.381ms p99=  72.388ms  errors=0
    q03_event_available@1000               1845.4 ops/s  p50=  1.112ms p99=  72.703ms  errors=0
    q01_section_map@10000                   780.0 ops/s  p50=  2.622ms p99=  78.305ms  errors=0
    q02_event_sections@10000                196.5 ops/s  p50= 11.571ms p99=  95.437ms  errors=0
    q03_event_available@10000               384.5 ops/s  p50=  4.733ms p99=  87.987ms  errors=0
    q01_section_map@100000                  508.9 ops/s  p50=  3.927ms p99=  82.755ms  errors=0
    q02_event_sections@100000                22.5 ops/s  p50=323.786ms p99= 495.196ms  errors=0
    q03_event_available@100000               40.8 ops/s  p50=198.226ms p99= 293.241ms  errors=0
    q04_hold_seats                          620.2 ops/s  p50=  3.223ms p99=  80.191ms  errors=0
    q05_customer_tickets                   2571.7 ops/s  p50=  0.950ms p99=  69.090ms  errors=0
    q06_ticket_by_id                       4506.3 ops/s  p50=  0.563ms p99=  65.838ms  errors=0
  write benchmark (fresh load per op):
    hold                                     12.7 ops/s  p50=511.127ms p99=2108.847ms  rejected=1 retries=0 errors=0
      audit after hold: consistent (658 events, 80532 tickets; rejections late=0 boundary=0)
    release                                 499.5 ops/s  p50=  4.244ms p99=  79.103ms  rejected=0 retries=0 errors=0
      audit after release: consistent (658 events, 56103 tickets; rejections late=0 boundary=0)
    cancel                                  291.7 ops/s  p50=  7.766ms p99=  87.985ms  rejected=0 retries=0 errors=0
      audit after cancel: consistent (658 events, 40618 tickets; rejections late=0 boundary=0)
    publish@10                              264.8 ops/s  p50=  4.857ms p99=  78.208ms  rejected=0 retries=0 errors=0
    publish@100                             182.8 ops/s  p50=  7.637ms p99=  76.028ms  rejected=0 retries=0 errors=0
    publish@1000                             40.8 ops/s  p50= 94.451ms p99= 174.653ms  rejected=0 retries=0 errors=0
    publish@10000                             7.6 ops/s  p50=261.312ms p99= 261.312ms  rejected=0 retries=0 errors=0
    publish@100000                            0.6 ops/s  p50=3221.627ms p99=3221.627ms  rejected=0 retries=0 errors=0
      audit after publish: consistent (2887 events, 56103 tickets; rejections late=0 boundary=0)
  race trial 1/1 (32 buyers per event, fresh load):
      race event 501: gate 2026-09-15T05:17:01.862889504Z, deadline 2026-09-15T05:18:01.862889504Z
      race event 502: gate 2026-09-15T05:17:03.197070242Z, deadline 2026-09-15T05:18:03.197070242Z
      race event 503: gate 2026-09-15T05:17:03.734288907Z, deadline 2026-09-15T05:18:03.734288907Z
      race event 504: gate 2026-09-15T05:17:04.435403333Z, deadline 2026-09-15T05:18:04.435403333Z
      race event 505: gate 2026-09-15T05:17:04.990333281Z, deadline 2026-09-15T05:18:04.990333281Z
      race event 506: gate 2026-09-15T05:17:05.345816445Z, deadline 2026-09-15T05:18:05.345816445Z
      race event 507: gate 2026-09-15T05:17:06.039095549Z, deadline 2026-09-15T05:18:06.039095549Z
      race event 508: gate 2026-09-15T05:17:06.337628777Z, deadline 2026-09-15T05:18:06.337628777Z
      race event 509: gate 2026-09-15T05:17:06.821648696Z, deadline 2026-09-15T05:18:06.821648696Z
      race event 510: gate 2026-09-15T05:17:07.234730663Z, deadline 2026-09-15T05:18:07.234730663Z
      race event 511: gate 2026-09-15T05:17:07.494585471Z, deadline 2026-09-15T05:18:07.494585471Z
      race event 512: gate 2026-09-15T05:17:07.726114034Z, deadline 2026-09-15T05:18:07.726114034Z
      race event 513: gate 2026-09-15T05:17:07.989398615Z, deadline 2026-09-15T05:18:07.989398615Z
      race event 514: gate 2026-09-15T05:17:08.207916918Z, deadline 2026-09-15T05:18:08.207916918Z
      race event 515: gate 2026-09-15T05:17:08.604588018Z, deadline 2026-09-15T05:18:08.604588018Z
      race event 516: gate 2026-09-15T05:17:08.930535518Z, deadline 2026-09-15T05:18:08.930535518Z
      race event 517: gate 2026-09-15T05:17:09.410563858Z, deadline 2026-09-15T05:18:09.410563858Z
      race event 518: gate 2026-09-15T05:17:09.922149724Z, deadline 2026-09-15T05:18:09.922149724Z
      race event 519: gate 2026-09-15T05:17:10.297027124Z, deadline 2026-09-15T05:18:10.297027124Z
      race event 520: gate 2026-09-15T05:17:10.625405116Z, deadline 2026-09-15T05:18:10.625405116Z
      race event 521: gate 2026-09-15T05:17:10.918247198Z, deadline 2026-09-15T05:18:10.918247198Z
      race event 522: gate 2026-09-15T05:17:11.209436354Z, deadline 2026-09-15T05:18:11.209436354Z
      race event 523: gate 2026-09-15T05:17:11.513565461Z, deadline 2026-09-15T05:18:11.513565461Z
      race event 524: gate 2026-09-15T05:17:12.018872517Z, deadline 2026-09-15T05:18:12.018872517Z
      race event 525: gate 2026-09-15T05:17:12.327568749Z, deadline 2026-09-15T05:18:12.327568749Z
      race event 526: gate 2026-09-15T05:17:12.66449526Z, deadline 2026-09-15T05:18:12.66449526Z
      race event 527: gate 2026-09-15T05:17:12.833427506Z, deadline 2026-09-15T05:18:12.833427506Z
      race event 528: gate 2026-09-15T05:17:13.20664855Z, deadline 2026-09-15T05:18:13.20664855Z
      race event 529: gate 2026-09-15T05:17:13.42587789Z, deadline 2026-09-15T05:18:13.42587789Z
      race event 530: gate 2026-09-15T05:17:13.615481129Z, deadline 2026-09-15T05:18:13.615481129Z
      race event 531: gate 2026-09-15T05:17:13.912126857Z, deadline 2026-09-15T05:18:13.912126857Z
      race event 532: gate 2026-09-15T05:17:14.211797552Z, deadline 2026-09-15T05:18:14.211797552Z
      race event 533: gate 2026-09-15T05:17:14.424072772Z, deadline 2026-09-15T05:18:14.424072772Z
      race event 534: gate 2026-09-15T05:17:14.639108098Z, deadline 2026-09-15T05:18:14.639108098Z
      race event 535: gate 2026-09-15T05:17:14.940936555Z, deadline 2026-09-15T05:18:14.940936555Z
      race event 536: gate 2026-09-15T05:17:15.466753881Z, deadline 2026-09-15T05:18:15.466753881Z
      race event 537: gate 2026-09-15T05:17:15.617749277Z, deadline 2026-09-15T05:18:15.617749277Z
      race event 538: gate 2026-09-15T05:17:15.811060325Z, deadline 2026-09-15T05:18:15.811060325Z
      race event 539: gate 2026-09-15T05:17:16.045324849Z, deadline 2026-09-15T05:18:16.045324849Z
      race event 540: gate 2026-09-15T05:17:16.388284469Z, deadline 2026-09-15T05:18:16.388284469Z
      race event 541: gate 2026-09-15T05:17:16.656150725Z, deadline 2026-09-15T05:18:16.656150725Z
      race event 542: gate 2026-09-15T05:17:16.920228598Z, deadline 2026-09-15T05:18:16.920228598Z
      race event 543: gate 2026-09-15T05:17:17.29690299Z, deadline 2026-09-15T05:18:17.29690299Z
      race event 544: gate 2026-09-15T05:17:17.604801432Z, deadline 2026-09-15T05:18:17.604801432Z
      race event 545: gate 2026-09-15T05:17:17.824544293Z, deadline 2026-09-15T05:18:17.824544293Z
      race event 546: gate 2026-09-15T05:17:18.208041885Z, deadline 2026-09-15T05:18:18.208041885Z
      race event 547: gate 2026-09-15T05:17:18.530706663Z, deadline 2026-09-15T05:18:18.530706663Z
      race event 548: gate 2026-09-15T05:17:22.386828219Z, deadline 2026-09-15T05:18:22.386828219Z
      race event 549: gate 2026-09-15T05:17:22.586353746Z, deadline 2026-09-15T05:18:22.586353746Z
      race event 550: gate 2026-09-15T05:17:22.797154957Z, deadline 2026-09-15T05:18:22.797154957Z
      race event 551: gate 2026-09-15T05:17:22.984777761Z, deadline 2026-09-15T05:18:22.984777761Z
      race event 552: gate 2026-09-15T05:17:23.201208564Z, deadline 2026-09-15T05:18:23.201208564Z
      race event 553: gate 2026-09-15T05:17:23.401555571Z, deadline 2026-09-15T05:18:23.401555571Z
      race event 554: gate 2026-09-15T05:17:23.626464037Z, deadline 2026-09-15T05:18:23.626464037Z
      race event 555: gate 2026-09-15T05:17:24.10474385Z, deadline 2026-09-15T05:18:24.10474385Z
      race event 556: gate 2026-09-15T05:17:24.39441951Z, deadline 2026-09-15T05:18:24.39441951Z
      race event 557: gate 2026-09-15T05:17:24.692888469Z, deadline 2026-09-15T05:18:24.692888469Z
      race event 558: gate 2026-09-15T05:17:24.850428736Z, deadline 2026-09-15T05:18:24.850428736Z
      race event 559: gate 2026-09-15T05:17:25.168900569Z, deadline 2026-09-15T05:18:25.168900569Z
      race event 560: gate 2026-09-15T05:17:25.397266469Z, deadline 2026-09-15T05:18:25.397266469Z
      race event 561: gate 2026-09-15T05:17:25.60341599Z, deadline 2026-09-15T05:18:25.60341599Z
      race event 562: gate 2026-09-15T05:17:25.99652809Z, deadline 2026-09-15T05:18:25.99652809Z
      race event 563: gate 2026-09-15T05:17:26.201389642Z, deadline 2026-09-15T05:18:26.201389642Z
      race event 564: gate 2026-09-15T05:17:26.761481479Z, deadline 2026-09-15T05:18:26.761481479Z
      race event 565: gate 2026-09-15T05:17:26.904413545Z, deadline 2026-09-15T05:18:26.904413545Z
      race event 566: gate 2026-09-15T05:17:27.18114357Z, deadline 2026-09-15T05:18:27.18114357Z
      race event 567: gate 2026-09-15T05:17:27.391512403Z, deadline 2026-09-15T05:18:27.391512403Z
      race event 568: gate 2026-09-15T05:17:27.838207473Z, deadline 2026-09-15T05:18:27.838207473Z
      race event 569: gate 2026-09-15T05:17:28.00892786Z, deadline 2026-09-15T05:18:28.00892786Z
      race event 570: gate 2026-09-15T05:17:28.378244008Z, deadline 2026-09-15T05:18:28.378244008Z
      race event 571: gate 2026-09-15T05:17:28.603996849Z, deadline 2026-09-15T05:18:28.603996849Z
      race event 572: gate 2026-09-15T05:17:28.889781321Z, deadline 2026-09-15T05:18:28.889781321Z
      race event 573: gate 2026-09-15T05:17:29.105860401Z, deadline 2026-09-15T05:18:29.105860401Z
      race event 574: gate 2026-09-15T05:17:29.330144163Z, deadline 2026-09-15T05:18:29.330144163Z
      race event 575: gate 2026-09-15T05:17:29.686356855Z, deadline 2026-09-15T05:18:29.686356855Z
      race event 576: gate 2026-09-15T05:17:29.889900604Z, deadline 2026-09-15T05:18:29.889900604Z
      race event 577: gate 2026-09-15T05:17:30.104642813Z, deadline 2026-09-15T05:18:30.104642813Z
      race event 578: gate 2026-09-15T05:17:30.317946002Z, deadline 2026-09-15T05:18:30.317946002Z
      race event 579: gate 2026-09-15T05:17:30.513015356Z, deadline 2026-09-15T05:18:30.513015356Z
      race event 580: gate 2026-09-15T05:17:30.792991897Z, deadline 2026-09-15T05:18:30.792991897Z
      race event 581: gate 2026-09-15T05:17:31.213844125Z, deadline 2026-09-15T05:18:31.213844125Z
      race event 582: gate 2026-09-15T05:17:31.514516151Z, deadline 2026-09-15T05:18:31.514516151Z
      race event 583: gate 2026-09-15T05:17:31.817421223Z, deadline 2026-09-15T05:18:31.817421223Z
      race event 584: gate 2026-09-15T05:17:32.196023893Z, deadline 2026-09-15T05:18:32.196023893Z
      race event 585: gate 2026-09-15T05:17:32.404069914Z, deadline 2026-09-15T05:18:32.404069914Z
      race event 586: gate 2026-09-15T05:17:32.629678832Z, deadline 2026-09-15T05:18:32.629678832Z
      race event 587: gate 2026-09-15T05:17:32.817261657Z, deadline 2026-09-15T05:18:32.817261657Z
      race event 588: gate 2026-09-15T05:17:33.093264911Z, deadline 2026-09-15T05:18:33.093264911Z
      race event 589: gate 2026-09-15T05:17:33.322003631Z, deadline 2026-09-15T05:18:33.322003631Z
      race event 590: gate 2026-09-15T05:17:33.517017108Z, deadline 2026-09-15T05:18:33.517017108Z
      race event 591: gate 2026-09-15T05:17:33.705242956Z, deadline 2026-09-15T05:18:33.705242956Z
      race event 592: gate 2026-09-15T05:17:33.912035355Z, deadline 2026-09-15T05:18:33.912035355Z
      race event 593: gate 2026-09-15T05:17:34.184470386Z, deadline 2026-09-15T05:18:34.184470386Z
      race event 594: gate 2026-09-15T05:17:34.406081624Z, deadline 2026-09-15T05:18:34.406081624Z
      race event 595: gate 2026-09-15T05:17:34.612457938Z, deadline 2026-09-15T05:18:34.612457938Z
      race event 596: gate 2026-09-15T05:17:34.811139723Z, deadline 2026-09-15T05:18:34.811139723Z
      race event 597: gate 2026-09-15T05:17:35.007935102Z, deadline 2026-09-15T05:18:35.007935102Z
      race event 598: gate 2026-09-15T05:17:35.280199622Z, deadline 2026-09-15T05:18:35.280199622Z
      race event 599: gate 2026-09-15T05:17:35.488776875Z, deadline 2026-09-15T05:18:35.488776875Z
      race event 600: gate 2026-09-15T05:17:35.68077343Z, deadline 2026-09-15T05:18:35.68077343Z
    race     10 seats x100       67.4 seats/s  conflicts/hold=5.88 reads/hold=12.71  hold p50=10.53ms p99=201.61ms  deferred 52/52 ok  confirm retries sold/run=0/0  errors=0  ok
      audit: consistent (100 events, 1000 tickets; rejections late=0 boundary=0)
      race event 601: gate 2026-09-15T05:17:36.306517217Z, deadline 2026-09-15T05:18:36.306517217Z
      race event 602: gate 2026-09-15T05:17:37.617337638Z, deadline 2026-09-15T05:18:37.617337638Z
      race event 603: gate 2026-09-15T05:17:38.987543461Z, deadline 2026-09-15T05:18:38.987543461Z
      race event 604: gate 2026-09-15T05:17:40.222932442Z, deadline 2026-09-15T05:18:40.222932442Z
      race event 605: gate 2026-09-15T05:17:41.0800717Z, deadline 2026-09-15T05:18:41.0800717Z
      race event 606: gate 2026-09-15T05:17:42.489545432Z, deadline 2026-09-15T05:18:42.489545432Z
      race event 607: gate 2026-09-15T05:17:43.798328983Z, deadline 2026-09-15T05:18:43.798328983Z
      race event 608: gate 2026-09-15T05:17:44.772333563Z, deadline 2026-09-15T05:18:44.772333563Z
      race event 609: gate 2026-09-15T05:17:45.697036904Z, deadline 2026-09-15T05:18:45.697036904Z
      race event 610: gate 2026-09-15T05:17:47.113620495Z, deadline 2026-09-15T05:18:47.113620495Z
      race event 611: gate 2026-09-15T05:17:48.193628373Z, deadline 2026-09-15T05:18:48.193628373Z
      race event 612: gate 2026-09-15T05:17:49.190675902Z, deadline 2026-09-15T05:18:49.190675902Z
      race event 613: gate 2026-09-15T05:17:50.270377558Z, deadline 2026-09-15T05:18:50.270377558Z
      race event 614: gate 2026-09-15T05:17:51.19646097Z, deadline 2026-09-15T05:18:51.19646097Z
      race event 615: gate 2026-09-15T05:17:52.802787457Z, deadline 2026-09-15T05:18:52.802787457Z
      race event 616: gate 2026-09-15T05:17:54.378867771Z, deadline 2026-09-15T05:18:54.378867771Z
      race event 617: gate 2026-09-15T05:17:58.97324406Z, deadline 2026-09-15T05:18:58.97324406Z
      race event 618: gate 2026-09-15T05:18:00.080931862Z, deadline 2026-09-15T05:19:00.080931862Z
      race event 619: gate 2026-09-15T05:18:01.077826293Z, deadline 2026-09-15T05:19:01.077826293Z
      race event 620: gate 2026-09-15T05:18:02.385983053Z, deadline 2026-09-15T05:19:02.385983053Z
    race    100 seats x20        96.6 seats/s  conflicts/hold=2.10 reads/hold=4.58  hold p50=65.20ms p99=191.96ms  deferred 111/111 ok  confirm retries sold/run=0/0  errors=0  ok
      audit: consistent (20 events, 2000 tickets; rejections late=0 boundary=0)
      race event 621: gate 2026-09-15T05:18:03.779809536Z, deadline 2026-09-15T05:19:03.779809536Z
      race event 622: gate 2026-09-15T05:18:11.678537815Z, deadline 2026-09-15T05:19:11.678537815Z
      race event 623: gate 2026-09-15T05:18:20.960848649Z, deadline 2026-09-15T05:19:20.960848649Z
      race event 624: gate 2026-09-15T05:18:29.568804914Z, deadline 2026-09-15T05:19:29.568804914Z
      race event 625: gate 2026-09-15T05:18:42.846273036Z, deadline 2026-09-15T05:19:42.846273036Z
    race   1000 seats x5        112.9 seats/s  conflicts/hold=0.91 reads/hold=3.26  hold p50=92.64ms p99=193.51ms  deferred 191/191 ok  confirm retries sold/run=0/0  errors=0  ok
      audit: consistent (5 events, 5000 tickets; rejections late=0 boundary=0)
      race event 626: gate 2026-09-15T05:18:53.413968823Z, deadline 2026-09-15T05:19:53.413968823Z
      race event 627: gate 2026-09-15T05:20:01.616860688Z, deadline 2026-09-15T05:21:01.616860688Z
    race  10000 seats x2         99.1 seats/s  conflicts/hold=0.24 reads/hold=1.53  hold p50=107.17ms p99=290.88ms  deferred 478/478 ok  confirm retries sold/run=0/0  errors=0  ok, 2 timed out (60% sold)
      audit: consistent (2 events, 11920 tickets; rejections late=0 boundary=0)
  lifecycle trial 1/1 (32 buyers per event, one human minute = 500ms, fresh load):
    lifecycle    10 seats x3       0.3 confirmed seats/s  holds=26 abandoned=2+4 expired@check=1 rejected late/boundary/early(transient)=0/0/0(0)  confirm retries sold/run=0/0  outage unavailable=0/0  leaked=0 errors=0  ok
      audit: consistent (3 events, 30 tickets; rejections late=0 boundary=0)
    lifecycle   100 seats x3       1.6 confirmed seats/s  holds=217 abandoned=31+20 expired@check=3 rejected late/boundary/early(transient)=6/0/0(0)  confirm retries sold/run=0/0  outage unavailable=0/0  leaked=0 errors=0  ok
      audit: consistent (3 events, 300 tickets; rejections late=6 boundary=0)
  wrote /results/s2_lock_then_update.json
