  engine: PostgreSQL 15.12-YB-2025.2.6.0-b0 on x86_64-pc-linux-gnu, compiled by clang version 19.1.0 (https://github.com/yugabyte/llvm-project.git a2a6b655e14e7fa1fcf1011a6cb29cb8575249c0), 64-bit
  effective isolation for READ COMMITTED requests: read committed
  database clock minus client clock: 0.007 ms
  dataset: 5 venues, 658 events, 56103 tickets and 2217 holds at load
  loading s3_lock_nowait ...
  loaded in 19.4s (copy 6.8s, index 8.7s)
  verifying answers against ground truth ...
    58/58 checks passed (margin 585s); audit on load: consistent (658 events, 56103 tickets; rejections late=0 boundary=0)
  capturing plans ...
  read benchmark:
    q01_section_map@10                     2320.6 ops/s  p50=  1.057ms p99=  69.240ms  errors=0
    q02_event_sections@10                  3086.2 ops/s  p50=  0.782ms p99=  68.291ms  errors=0
    q03_event_available@10                 3877.4 ops/s  p50=  0.658ms p99=  66.519ms  errors=0
    q01_section_map@100                    1448.6 ops/s  p50=  1.621ms p99=  71.974ms  errors=0
    q02_event_sections@100                 2729.7 ops/s  p50=  0.867ms p99=  68.771ms  errors=0
    q03_event_available@100                3558.6 ops/s  p50=  0.708ms p99=  67.213ms  errors=0
    q01_section_map@1000                   1161.1 ops/s  p50=  2.040ms p99=  73.231ms  errors=0
    q02_event_sections@1000                1614.3 ops/s  p50=  1.392ms p99=  72.562ms  errors=0
    q03_event_available@1000               2071.7 ops/s  p50=  1.087ms p99=  70.853ms  errors=0
    q01_section_map@10000                   793.8 ops/s  p50=  2.660ms p99=  77.450ms  errors=0
    q02_event_sections@10000                199.3 ops/s  p50= 11.588ms p99=  93.709ms  errors=0
    q03_event_available@10000               417.9 ops/s  p50=  4.656ms p99=  86.913ms  errors=0
    q01_section_map@100000                  493.9 ops/s  p50=  4.159ms p99=  82.072ms  errors=0
    q02_event_sections@100000                21.2 ops/s  p50=392.874ms p99= 500.770ms  errors=0
    q03_event_available@100000               41.8 ops/s  p50=197.579ms p99= 296.212ms  errors=0
    q04_hold_seats                          699.3 ops/s  p50=  3.239ms p99=  78.658ms  errors=0
    q05_customer_tickets                   2607.4 ops/s  p50=  0.949ms p99=  68.321ms  errors=0
    q06_ticket_by_id                       4602.8 ops/s  p50=  0.570ms p99=  65.178ms  errors=0
  write benchmark (fresh load per op):
    hold                                     14.9 ops/s  p50=493.311ms p99=1485.598ms  rejected=1 retries=0 errors=0
      audit after hold: consistent (658 events, 80541 tickets; rejections late=0 boundary=0)
    release                                 500.2 ops/s  p50=  4.360ms p99=  79.900ms  rejected=0 retries=0 errors=0
      audit after release: consistent (658 events, 56103 tickets; rejections late=0 boundary=0)
    cancel                                  288.3 ops/s  p50=  7.778ms p99=  88.802ms  rejected=0 retries=0 errors=0
      audit after cancel: consistent (658 events, 40613 tickets; rejections late=0 boundary=0)
    publish@10                              293.1 ops/s  p50=  4.703ms p99=  72.240ms  rejected=0 retries=0 errors=0
    publish@100                             198.5 ops/s  p50=  7.194ms p99=  75.134ms  rejected=0 retries=0 errors=0
    publish@1000                             40.7 ops/s  p50= 95.895ms p99= 170.806ms  rejected=0 retries=0 errors=0
    publish@10000                             7.7 ops/s  p50=244.356ms p99= 244.356ms  rejected=0 retries=0 errors=0
    publish@100000                            0.7 ops/s  p50=2891.487ms p99=2891.487ms  rejected=0 retries=0 errors=0
      audit after publish: consistent (2887 events, 56103 tickets; rejections late=0 boundary=0)
  race trial 1/1 (32 buyers per event, fresh load):
      race event 501: gate 2026-09-15T04:49:32.108937864Z, deadline 2026-09-15T04:50:32.108937864Z
      race event 502: gate 2026-09-15T04:49:33.507000334Z, deadline 2026-09-15T04:50:33.507000334Z
      race event 503: gate 2026-09-15T04:49:34.436892599Z, deadline 2026-09-15T04:50:34.436892599Z
      race event 504: gate 2026-09-15T04:49:35.283049269Z, deadline 2026-09-15T04:50:35.283049269Z
      race event 505: gate 2026-09-15T04:49:36.089411911Z, deadline 2026-09-15T04:50:36.089411911Z
      race event 506: gate 2026-09-15T04:49:37.221495802Z, deadline 2026-09-15T04:50:37.221495802Z
      race event 507: gate 2026-09-15T04:49:38.219200695Z, deadline 2026-09-15T04:50:38.219200695Z
      race event 508: gate 2026-09-15T04:49:39.137149197Z, deadline 2026-09-15T04:50:39.137149197Z
      race event 509: gate 2026-09-15T04:49:39.823108293Z, deadline 2026-09-15T04:50:39.823108293Z
      race event 510: gate 2026-09-15T04:49:40.655383374Z, deadline 2026-09-15T04:50:40.655383374Z
      race event 511: gate 2026-09-15T04:49:41.510700521Z, deadline 2026-09-15T04:50:41.510700521Z
      race event 512: gate 2026-09-15T04:49:42.342608373Z, deadline 2026-09-15T04:50:42.342608373Z
      race event 513: gate 2026-09-15T04:49:43.035079665Z, deadline 2026-09-15T04:50:43.035079665Z
      race event 514: gate 2026-09-15T04:49:43.74727031Z, deadline 2026-09-15T04:50:43.74727031Z
      race event 515: gate 2026-09-15T04:49:44.0073817Z, deadline 2026-09-15T04:50:44.0073817Z
      race event 516: gate 2026-09-15T04:49:44.98910201Z, deadline 2026-09-15T04:50:44.98910201Z
      race event 517: gate 2026-09-15T04:49:45.294284299Z, deadline 2026-09-15T04:50:45.294284299Z
      race event 518: gate 2026-09-15T04:49:46.052360667Z, deadline 2026-09-15T04:50:46.052360667Z
      race event 519: gate 2026-09-15T04:49:46.298446716Z, deadline 2026-09-15T04:50:46.298446716Z
      race event 520: gate 2026-09-15T04:49:46.494919974Z, deadline 2026-09-15T04:50:46.494919974Z
      race event 521: gate 2026-09-15T04:49:46.806421393Z, deadline 2026-09-15T04:50:46.806421393Z
      race event 522: gate 2026-09-15T04:49:47.037463216Z, deadline 2026-09-15T04:50:47.037463216Z
      race event 523: gate 2026-09-15T04:49:47.493467062Z, deadline 2026-09-15T04:50:47.493467062Z
      race event 524: gate 2026-09-15T04:49:47.688968739Z, deadline 2026-09-15T04:50:47.688968739Z
      race event 525: gate 2026-09-15T04:49:47.9001404Z, deadline 2026-09-15T04:50:47.9001404Z
      race event 526: gate 2026-09-15T04:49:48.208461153Z, deadline 2026-09-15T04:50:48.208461153Z
      race event 527: gate 2026-09-15T04:49:48.448808509Z, deadline 2026-09-15T04:50:48.448808509Z
      race event 528: gate 2026-09-15T04:49:48.698053434Z, deadline 2026-09-15T04:50:48.698053434Z
      race event 529: gate 2026-09-15T04:49:48.943118879Z, deadline 2026-09-15T04:50:48.943118879Z
      race event 530: gate 2026-09-15T04:49:49.237961182Z, deadline 2026-09-15T04:50:49.237961182Z
      race event 531: gate 2026-09-15T04:49:49.509383085Z, deadline 2026-09-15T04:50:49.509383085Z
      race event 532: gate 2026-09-15T04:49:49.834449036Z, deadline 2026-09-15T04:50:49.834449036Z
      race event 533: gate 2026-09-15T04:49:50.08709605Z, deadline 2026-09-15T04:50:50.08709605Z
      race event 534: gate 2026-09-15T04:49:50.332337237Z, deadline 2026-09-15T04:50:50.332337237Z
      race event 535: gate 2026-09-15T04:49:50.542810194Z, deadline 2026-09-15T04:50:50.542810194Z
      race event 536: gate 2026-09-15T04:49:50.789960267Z, deadline 2026-09-15T04:50:50.789960267Z
      race event 537: gate 2026-09-15T04:49:51.036760489Z, deadline 2026-09-15T04:50:51.036760489Z
      race event 538: gate 2026-09-15T04:49:51.23999993Z, deadline 2026-09-15T04:50:51.23999993Z
      race event 539: gate 2026-09-15T04:49:51.527307714Z, deadline 2026-09-15T04:50:51.527307714Z
      race event 540: gate 2026-09-15T04:49:51.790322603Z, deadline 2026-09-15T04:50:51.790322603Z
      race event 541: gate 2026-09-15T04:49:52.045725115Z, deadline 2026-09-15T04:50:52.045725115Z
      race event 542: gate 2026-09-15T04:49:52.295606937Z, deadline 2026-09-15T04:50:52.295606937Z
      race event 543: gate 2026-09-15T04:49:52.603712228Z, deadline 2026-09-15T04:50:52.603712228Z
      race event 544: gate 2026-09-15T04:49:53.008002079Z, deadline 2026-09-15T04:50:53.008002079Z
      race event 545: gate 2026-09-15T04:49:53.287943811Z, deadline 2026-09-15T04:50:53.287943811Z
      race event 546: gate 2026-09-15T04:49:53.49674307Z, deadline 2026-09-15T04:50:53.49674307Z
      race event 547: gate 2026-09-15T04:49:53.748334322Z, deadline 2026-09-15T04:50:53.748334322Z
      race event 548: gate 2026-09-15T04:49:54.019867288Z, deadline 2026-09-15T04:50:54.019867288Z
      race event 549: gate 2026-09-15T04:49:54.29194916Z, deadline 2026-09-15T04:50:54.29194916Z
      race event 550: gate 2026-09-15T04:49:54.70758664Z, deadline 2026-09-15T04:50:54.70758664Z
      race event 551: gate 2026-09-15T04:49:54.938921529Z, deadline 2026-09-15T04:50:54.938921529Z
      race event 552: gate 2026-09-15T04:49:55.194030942Z, deadline 2026-09-15T04:50:55.194030942Z
      race event 553: gate 2026-09-15T04:49:55.488062895Z, deadline 2026-09-15T04:50:55.488062895Z
      race event 554: gate 2026-09-15T04:49:55.799816619Z, deadline 2026-09-15T04:50:55.799816619Z
      race event 555: gate 2026-09-15T04:49:56.040639693Z, deadline 2026-09-15T04:50:56.040639693Z
      race event 556: gate 2026-09-15T04:49:56.339299043Z, deadline 2026-09-15T04:50:56.339299043Z
      race event 557: gate 2026-09-15T04:49:56.594580242Z, deadline 2026-09-15T04:50:56.594580242Z
      race event 558: gate 2026-09-15T04:49:56.896526076Z, deadline 2026-09-15T04:50:56.896526076Z
      race event 559: gate 2026-09-15T04:49:57.145588069Z, deadline 2026-09-15T04:50:57.145588069Z
      race event 560: gate 2026-09-15T04:49:57.351514244Z, deadline 2026-09-15T04:50:57.351514244Z
      race event 561: gate 2026-09-15T04:49:57.590819181Z, deadline 2026-09-15T04:50:57.590819181Z
      race event 562: gate 2026-09-15T04:49:57.98696164Z, deadline 2026-09-15T04:50:57.98696164Z
      race event 563: gate 2026-09-15T04:49:58.247954828Z, deadline 2026-09-15T04:50:58.247954828Z
      race event 564: gate 2026-09-15T04:49:58.640565464Z, deadline 2026-09-15T04:50:58.640565464Z
      race event 565: gate 2026-09-15T04:49:58.894122145Z, deadline 2026-09-15T04:50:58.894122145Z
      race event 566: gate 2026-09-15T04:50:02.126085713Z, deadline 2026-09-15T04:51:02.126085713Z
      race event 567: gate 2026-09-15T04:50:02.42602475Z, deadline 2026-09-15T04:51:02.42602475Z
      race event 568: gate 2026-09-15T04:50:02.732302307Z, deadline 2026-09-15T04:51:02.732302307Z
      race event 569: gate 2026-09-15T04:50:03.072211739Z, deadline 2026-09-15T04:51:03.072211739Z
      race event 570: gate 2026-09-15T04:50:03.377471142Z, deadline 2026-09-15T04:51:03.377471142Z
      race event 571: gate 2026-09-15T04:50:03.828254564Z, deadline 2026-09-15T04:51:03.828254564Z
      race event 572: gate 2026-09-15T04:50:04.044797318Z, deadline 2026-09-15T04:51:04.044797318Z
      race event 573: gate 2026-09-15T04:50:04.437843449Z, deadline 2026-09-15T04:51:04.437843449Z
      race event 574: gate 2026-09-15T04:50:04.73363369Z, deadline 2026-09-15T04:51:04.73363369Z
      race event 575: gate 2026-09-15T04:50:05.079843441Z, deadline 2026-09-15T04:51:05.079843441Z
      race event 576: gate 2026-09-15T04:50:05.225476619Z, deadline 2026-09-15T04:51:05.225476619Z
      race event 577: gate 2026-09-15T04:50:05.626059714Z, deadline 2026-09-15T04:51:05.626059714Z
      race event 578: gate 2026-09-15T04:50:05.839771459Z, deadline 2026-09-15T04:51:05.839771459Z
      race event 579: gate 2026-09-15T04:50:06.219467512Z, deadline 2026-09-15T04:51:06.219467512Z
      race event 580: gate 2026-09-15T04:50:06.379408205Z, deadline 2026-09-15T04:51:06.379408205Z
      race event 581: gate 2026-09-15T04:50:06.720702992Z, deadline 2026-09-15T04:51:06.720702992Z
      race event 582: gate 2026-09-15T04:50:06.937524483Z, deadline 2026-09-15T04:51:06.937524483Z
      race event 583: gate 2026-09-15T04:50:07.136427535Z, deadline 2026-09-15T04:51:07.136427535Z
      race event 584: gate 2026-09-15T04:50:07.336278274Z, deadline 2026-09-15T04:51:07.336278274Z
      race event 585: gate 2026-09-15T04:50:07.645103803Z, deadline 2026-09-15T04:51:07.645103803Z
      race event 586: gate 2026-09-15T04:50:07.940738912Z, deadline 2026-09-15T04:51:07.940738912Z
      race event 587: gate 2026-09-15T04:50:08.215920266Z, deadline 2026-09-15T04:51:08.215920266Z
      race event 588: gate 2026-09-15T04:50:08.533874923Z, deadline 2026-09-15T04:51:08.533874923Z
      race event 589: gate 2026-09-15T04:50:08.73352557Z, deadline 2026-09-15T04:51:08.73352557Z
      race event 590: gate 2026-09-15T04:50:09.053728996Z, deadline 2026-09-15T04:51:09.053728996Z
      race event 591: gate 2026-09-15T04:50:09.369758149Z, deadline 2026-09-15T04:51:09.369758149Z
      race event 592: gate 2026-09-15T04:50:09.574330136Z, deadline 2026-09-15T04:51:09.574330136Z
      race event 593: gate 2026-09-15T04:50:09.827610071Z, deadline 2026-09-15T04:51:09.827610071Z
      race event 594: gate 2026-09-15T04:50:10.127090594Z, deadline 2026-09-15T04:51:10.127090594Z
      race event 595: gate 2026-09-15T04:50:10.431422006Z, deadline 2026-09-15T04:51:10.431422006Z
      race event 596: gate 2026-09-15T04:50:10.777687787Z, deadline 2026-09-15T04:51:10.777687787Z
      race event 597: gate 2026-09-15T04:50:11.09144769Z, deadline 2026-09-15T04:51:11.09144769Z
      race event 598: gate 2026-09-15T04:50:11.520635705Z, deadline 2026-09-15T04:51:11.520635705Z
      race event 599: gate 2026-09-15T04:50:11.772540283Z, deadline 2026-09-15T04:51:11.772540283Z
      race event 600: gate 2026-09-15T04:50:11.97580167Z, deadline 2026-09-15T04:51:11.97580167Z
    race     10 seats x100       35.2 seats/s  conflicts/hold=11.64 reads/hold=19.38  hold p50=72.42ms p99=637.99ms  deferred 55/55 ok  confirm retries sold/run=0/0  errors=0  ok
      audit: consistent (100 events, 1000 tickets; rejections late=0 boundary=0)
      race event 601: gate 2026-09-15T04:50:12.6432051Z, deadline 2026-09-15T04:51:12.6432051Z
      race event 602: gate 2026-09-15T04:50:13.759170509Z, deadline 2026-09-15T04:51:13.759170509Z
      race event 603: gate 2026-09-15T04:50:15.235624772Z, deadline 2026-09-15T04:51:15.235624772Z
      race event 604: gate 2026-09-15T04:50:16.65910541Z, deadline 2026-09-15T04:51:16.65910541Z
      race event 605: gate 2026-09-15T04:50:17.928902695Z, deadline 2026-09-15T04:51:17.928902695Z
      race event 606: gate 2026-09-15T04:50:19.63645789Z, deadline 2026-09-15T04:51:19.63645789Z
      race event 607: gate 2026-09-15T04:50:21.060624429Z, deadline 2026-09-15T04:51:21.060624429Z
      race event 608: gate 2026-09-15T04:50:22.279050362Z, deadline 2026-09-15T04:51:22.279050362Z
      race event 609: gate 2026-09-15T04:50:23.517283676Z, deadline 2026-09-15T04:51:23.517283676Z
      race event 610: gate 2026-09-15T04:50:24.920031884Z, deadline 2026-09-15T04:51:24.920031884Z
      race event 611: gate 2026-09-15T04:50:26.137873574Z, deadline 2026-09-15T04:51:26.137873574Z
      race event 612: gate 2026-09-15T04:50:27.686987434Z, deadline 2026-09-15T04:51:27.686987434Z
      race event 613: gate 2026-09-15T04:50:29.141558532Z, deadline 2026-09-15T04:51:29.141558532Z
      race event 614: gate 2026-09-15T04:50:30.625250905Z, deadline 2026-09-15T04:51:30.625250905Z
      race event 615: gate 2026-09-15T04:50:32.042092376Z, deadline 2026-09-15T04:51:32.042092376Z
      race event 616: gate 2026-09-15T04:50:33.730948104Z, deadline 2026-09-15T04:51:33.730948104Z
      race event 617: gate 2026-09-15T04:50:37.968723526Z, deadline 2026-09-15T04:51:37.968723526Z
      race event 618: gate 2026-09-15T04:50:39.378332728Z, deadline 2026-09-15T04:51:39.378332728Z
      race event 619: gate 2026-09-15T04:50:40.863053475Z, deadline 2026-09-15T04:51:40.863053475Z
      race event 620: gate 2026-09-15T04:50:41.968263606Z, deadline 2026-09-15T04:51:41.968263606Z
    race    100 seats x20        76.2 seats/s  conflicts/hold=3.40 reads/hold=5.87  hold p50=93.45ms p99=188.31ms  deferred 95/95 ok  confirm retries sold/run=0/0  errors=0  ok
      audit: consistent (20 events, 2000 tickets; rejections late=0 boundary=0)
      race event 621: gate 2026-09-15T04:50:43.844308787Z, deadline 2026-09-15T04:51:43.844308787Z
      race event 622: gate 2026-09-15T04:50:53.363704368Z, deadline 2026-09-15T04:51:53.363704368Z
      race event 623: gate 2026-09-15T04:51:02.96532186Z, deadline 2026-09-15T04:52:02.96532186Z
      race event 624: gate 2026-09-15T04:51:15.900942431Z, deadline 2026-09-15T04:52:15.900942431Z
      race event 625: gate 2026-09-15T04:51:26.60358842Z, deadline 2026-09-15T04:52:26.60358842Z
    race   1000 seats x5        101.6 seats/s  conflicts/hold=1.34 reads/hold=3.66  hold p50=99.71ms p99=198.02ms  deferred 224/224 ok  confirm retries sold/run=0/0  errors=0  VIOLATIONS
      audit: VIOLATIONS — thefts 0, grants on sold seats 0, double sales 0, sales without the hold 0, late sales 0, early rejections 1 (transient 1), duplicate seats 0, inventory drift 0, invalid seats 0, partial holds 0, ticket mismatches 0
      race event 626: gate 2026-09-15T04:51:37.732683667Z, deadline 2026-09-15T04:52:37.732683667Z
      race event 627: gate 2026-09-15T04:52:44.753014578Z, deadline 2026-09-15T04:53:44.753014578Z
    race  10000 seats x2        101.6 seats/s  conflicts/hold=0.26 reads/hold=1.56  hold p50=108.42ms p99=288.83ms  deferred 458/458 ok  confirm retries sold/run=0/0  errors=0  VIOLATIONS, 2 timed out (61% sold)
      audit: VIOLATIONS — thefts 0, grants on sold seats 0, double sales 0, sales without the hold 0, late sales 0, early rejections 1 (transient 1), duplicate seats 0, inventory drift 0, invalid seats 0, partial holds 0, ticket mismatches 0
  lifecycle trial 1/1 (32 buyers per event, one human minute = 500ms, fresh load):
    lifecycle    10 seats x3       0.3 confirmed seats/s  holds=32 abandoned=4+1 expired@check=3 rejected late/boundary/early(transient)=0/0/0(0)  confirm retries sold/run=0/0  outage unavailable=0/0  leaked=0 errors=0  ok
      audit: consistent (3 events, 30 tickets; rejections late=0 boundary=0)
    lifecycle   100 seats x3       1.4 confirmed seats/s  holds=219 abandoned=34+24 expired@check=9 rejected late/boundary/early(transient)=3/0/0(0)  confirm retries sold/run=0/0  outage unavailable=0/0  leaked=0 errors=0  ok
      audit: consistent (3 events, 300 tickets; rejections late=3 boundary=0)
  wrote /results/s3_lock_nowait.json
