  engine: PostgreSQL 15.12-YB-2025.2.6.0-b0 on x86_64-pc-linux-gnu, compiled by clang version 19.1.0 (https://github.com/yugabyte/llvm-project.git a2a6b655e14e7fa1fcf1011a6cb29cb8575249c0), 64-bit
  effective isolation for READ COMMITTED requests: read committed
  database clock minus client clock: 0.000 ms
  dataset: 5 venues, 658 events, 56103 tickets and 2217 holds at load
  loading s4_check_then_hold_serializable ...
  loaded in 28.8s (copy 6.1s, index 20.1s)
  verifying answers against ground truth ...
    58/58 checks passed (margin 571s); audit on load: consistent (658 events, 56103 tickets; rejections late=0 boundary=0)
  capturing plans ...
  read benchmark:
    q01_section_map@10                     2334.3 ops/s  p50=  1.061ms p99=  68.979ms  errors=0
    q02_event_sections@10                  3162.8 ops/s  p50=  0.789ms p99=  67.498ms  errors=0
    q03_event_available@10                 3322.4 ops/s  p50=  0.731ms p99=  65.400ms  errors=0
    q01_section_map@100                    1531.6 ops/s  p50=  1.569ms p99=  71.441ms  errors=0
    q02_event_sections@100                 2961.2 ops/s  p50=  0.834ms p99=  68.115ms  errors=0
    q03_event_available@100                3631.5 ops/s  p50=  0.700ms p99=  66.516ms  errors=0
    q01_section_map@1000                   1197.2 ops/s  p50=  1.901ms p99=  73.350ms  errors=0
    q02_event_sections@1000                1504.5 ops/s  p50=  1.380ms p99=  73.608ms  errors=0
    q03_event_available@1000               2037.6 ops/s  p50=  1.071ms p99=  71.243ms  errors=0
    q01_section_map@10000                   881.2 ops/s  p50=  2.518ms p99=  76.057ms  errors=0
    q02_event_sections@10000                199.1 ops/s  p50= 11.018ms p99=  94.078ms  errors=0
    q03_event_available@10000               394.6 ops/s  p50=  4.645ms p99=  88.080ms  errors=0
    q01_section_map@100000                  611.0 ops/s  p50=  3.649ms p99=  79.187ms  errors=0
    q02_event_sections@100000                22.8 ops/s  p50=319.332ms p99= 481.404ms  errors=0
    q03_event_available@100000               45.7 ops/s  p50=190.128ms p99= 288.874ms  errors=0
    q04_hold_seats                          671.6 ops/s  p50=  3.068ms p99=  79.467ms  errors=0
    q05_customer_tickets                   2759.1 ops/s  p50=  0.920ms p99=  67.797ms  errors=0
    q06_ticket_by_id                       4750.6 ops/s  p50=  0.561ms p99=  64.616ms  errors=0
  write benchmark (fresh load per op):
    hold                                      1.0 ops/s  p50=8164.215ms p99=8933.742ms  rejected=0 retries=267 errors=0
      audit after hold: consistent (658 events, 59355 tickets; rejections late=0 boundary=0)
    release                                 669.7 ops/s  p50=  3.871ms p99=  75.398ms  rejected=0 retries=0 errors=0
      audit after release: consistent (658 events, 56103 tickets; rejections late=0 boundary=0)
    cancel                                  301.6 ops/s  p50=  7.626ms p99=  86.007ms  rejected=0 retries=0 errors=0
      audit after cancel: consistent (658 events, 40545 tickets; rejections late=0 boundary=0)
    publish@10                              311.2 ops/s  p50=  4.464ms p99=  71.220ms  rejected=0 retries=0 errors=0
    publish@100                             181.8 ops/s  p50=  7.848ms p99=  78.893ms  rejected=0 retries=0 errors=0
    publish@1000                             34.1 ops/s  p50=103.347ms p99= 183.105ms  rejected=0 retries=0 errors=0
    publish@10000                             5.2 ops/s  p50=378.251ms p99= 378.251ms  rejected=0 retries=0 errors=0
    publish@100000                            0.7 ops/s  p50=2686.662ms p99=2686.662ms  rejected=0 retries=0 errors=0
      audit after publish: consistent (2887 events, 56103 tickets; rejections late=0 boundary=0)
  race trial 1/1 (32 buyers per event, fresh load):
      race event 501: gate 2026-09-15T02:57:31.401368251Z, deadline 2026-09-15T02:58:31.401368251Z
      race event 502: gate 2026-09-15T02:58:47.296582852Z, deadline 2026-09-15T02:59:47.296582852Z
      race event 503: gate 2026-09-15T02:59:56.257717076Z, deadline 2026-09-15T03:00:56.257717076Z
    race     10 seats x3          0.1 seats/s  conflicts/hold=4.75 reads/hold=26.00  hold p50=22302.18ms p99=64882.60ms  deferred 0/0 ok  confirm retries sold/run=0/0  errors=0  ok, 3 timed out (57% sold)
      audit: consistent (3 events, 17 tickets; rejections late=0 boundary=0)
      race event 601: gate 2026-09-15T03:01:07.99919118Z, deadline 2026-09-15T03:02:07.99919118Z
      race event 602: gate 2026-09-15T03:02:15.905799077Z, deadline 2026-09-15T03:03:15.905799077Z
      race event 603: gate 2026-09-15T03:03:22.036260601Z, deadline 2026-09-15T03:04:22.036260601Z
    race    100 seats x3          0.1 seats/s  conflicts/hold=5.00 reads/hold=24.00  hold p50=60096.47ms p99=61716.87ms  deferred 0/0 ok  confirm retries sold/run=0/0  errors=0  ok, 3 timed out (4% sold)
      audit: consistent (3 events, 13 tickets; rejections late=0 boundary=0)
      race event 621: gate 2026-09-15T03:04:29.014868732Z, deadline 2026-09-15T03:05:29.014868732Z
      race event 622: gate 2026-09-15T03:05:35.755798911Z, deadline 2026-09-15T03:06:35.755798911Z
      race event 623: gate 2026-09-15T03:06:50.58506615Z, deadline 2026-09-15T03:07:50.58506615Z
    race   1000 seats x3          0.1 seats/s  conflicts/hold=3.33 reads/hold=19.67  hold p50=24328.72ms p99=47716.09ms  deferred 3/3 ok  confirm retries sold/run=0/0  errors=0  ok, 3 timed out (0% sold)
      audit: consistent (3 events, 15 tickets; rejections late=0 boundary=0)
      race event 626: gate 2026-09-15T03:08:09.744111989Z, deadline 2026-09-15T03:09:09.744111989Z
      race event 627: gate 2026-09-15T03:09:17.843554499Z, deadline 2026-09-15T03:10:17.843554499Z
    race  10000 seats x2          0.1 seats/s  conflicts/hold=0.33 reads/hold=22.00  hold p50=62000.45ms p99=62000.45ms  deferred 1/1 ok  confirm retries sold/run=0/0  errors=0  ok, 2 timed out (0% sold)
      audit: consistent (2 events, 9 tickets; rejections late=0 boundary=0)
  lifecycle trial 1/1 (32 buyers per event, one human minute = 500ms, fresh load):
    lifecycle    10 seats x3       0.1 confirmed seats/s  holds=30 abandoned=6+2 expired@check=2 rejected late/boundary/early(transient)=2/0/0(0)  confirm retries sold/run=0/0  outage unavailable=0/0  leaked=0 errors=0  ok
      audit: consistent (3 events, 28 tickets; rejections late=2 boundary=0)
ERROR: lifecycle monitor event 640: ERROR: Timed out waiting kResponseSent, state: kProcessingRequest (SQLSTATE XX000)
  wrote /results/s4_check_then_hold_serializable.json
