  engine: PostgreSQL 17.11 (Debian 17.11-1.pgdg13+2) on x86_64-pc-linux-gnu, compiled by gcc (Debian 14.2.0-19) 14.2.0, 64-bit
  database clock minus client clock: 0.007 ms
  dataset: 5 venues, 84 events, 5741 tickets and 165 holds at load
  loading e2_cart_expiry ...
  loaded in 1.3s (copy 1.1s, index 0.0s)
  verifying answers against ground truth ...
    51/51 checks passed (margin 602s); audit on load: consistent (84 events, 5741 tickets; rejections late=0 boundary=0)
  capturing plans ...
  read benchmark:
    q01_section_map@10                     4296.2 ops/s  p50=  0.606ms p99=  52.753ms  errors=0
    q02_event_sections@10                  4039.7 ops/s  p50=  0.649ms p99=  51.749ms  errors=0
    q03_event_available@10                 3488.9 ops/s  p50=  0.726ms p99=  52.457ms  errors=0
    q01_section_map@100                    3222.0 ops/s  p50=  0.736ms p99=  52.938ms  errors=0
    q02_event_sections@100                 2849.7 ops/s  p50=  0.861ms p99=  58.461ms  errors=0
    q03_event_available@100                3032.3 ops/s  p50=  0.815ms p99=  55.067ms  errors=0
    q01_section_map@1000                   5005.4 ops/s  p50=  0.555ms p99=  44.391ms  errors=0
    q02_event_sections@1000                1648.5 ops/s  p50=  1.261ms p99=  64.549ms  errors=0
    q03_event_available@1000               1898.5 ops/s  p50=  1.067ms p99=  62.820ms  errors=0
    q01_section_map@10000                  3436.0 ops/s  p50=  0.759ms p99=  50.839ms  errors=0
    q02_event_sections@10000                276.5 ops/s  p50= 11.551ms p99=  92.771ms  errors=0
    q03_event_available@10000               332.2 ops/s  p50=  8.232ms p99=  88.443ms  errors=0
    q04_hold_seats                        12114.7 ops/s  p50=  0.331ms p99=   5.628ms  errors=0
    q05_customer_tickets                  11442.4 ops/s  p50=  0.356ms p99=   5.282ms  errors=0
    q06_ticket_by_id                      22910.8 ops/s  p50=  0.188ms p99=   1.957ms  errors=0
  write benchmark (fresh load per op):
    hold                                    179.3 ops/s  p50= 36.884ms p99= 104.999ms  rejected=7 retries=22 errors=0
      audit after hold: consistent (84 events, 9287 tickets; rejections late=0 boundary=0)
    release                                1460.9 ops/s  p50=  5.026ms p99=   7.359ms  rejected=0 retries=0 errors=0
      audit after release: consistent (84 events, 5741 tickets; rejections late=0 boundary=0)
    cancel                                 3710.1 ops/s  p50=  2.041ms p99=   6.647ms  rejected=0 retries=0 errors=0
      audit after cancel: consistent (84 events, 2871 tickets; rejections late=0 boundary=0)
    publish@10                             1477.8 ops/s  p50=  2.286ms p99=   9.324ms  rejected=0 retries=0 errors=0
    publish@100                            1206.5 ops/s  p50=  2.878ms p99=  10.009ms  rejected=0 retries=0 errors=0
    publish@1000                            242.7 ops/s  p50= 11.691ms p99=  36.104ms  rejected=0 retries=0 errors=0
    publish@10000                            27.4 ops/s  p50= 72.144ms p99=  72.144ms  rejected=0 retries=0 errors=0
    publish@100000                            2.6 ops/s  p50=748.176ms p99= 748.176ms  rejected=0 retries=0 errors=0
      audit after publish: consistent (2313 events, 5741 tickets; rejections late=0 boundary=0)
  race trial 1/1 (32 buyers per event, fresh load):
      race event 52: gate 2026-09-14T18:09:35.75637655Z, deadline 2026-09-14T18:10:35.75637655Z
      race event 53: gate 2026-09-14T18:09:36.144023919Z, deadline 2026-09-14T18:10:36.144023919Z
      race event 54: gate 2026-09-14T18:09:36.584796372Z, deadline 2026-09-14T18:10:36.584796372Z
      race event 55: gate 2026-09-14T18:09:36.803248456Z, deadline 2026-09-14T18:10:36.803248456Z
      race event 56: gate 2026-09-14T18:09:37.031201798Z, deadline 2026-09-14T18:10:37.031201798Z
      race event 57: gate 2026-09-14T18:09:37.219836722Z, deadline 2026-09-14T18:10:37.219836722Z
      race event 58: gate 2026-09-14T18:09:37.341113464Z, deadline 2026-09-14T18:10:37.341113464Z
      race event 59: gate 2026-09-14T18:09:37.429013464Z, deadline 2026-09-14T18:10:37.429013464Z
      race event 60: gate 2026-09-14T18:09:37.583148914Z, deadline 2026-09-14T18:10:37.583148914Z
      race event 61: gate 2026-09-14T18:09:37.848170511Z, deadline 2026-09-14T18:10:37.848170511Z
      race event 62: gate 2026-09-14T18:09:37.988772981Z, deadline 2026-09-14T18:10:37.988772981Z
      race event 63: gate 2026-09-14T18:09:38.095675718Z, deadline 2026-09-14T18:10:38.095675718Z
      race event 64: gate 2026-09-14T18:09:38.234842679Z, deadline 2026-09-14T18:10:38.234842679Z
      race event 65: gate 2026-09-14T18:09:38.416499818Z, deadline 2026-09-14T18:10:38.416499818Z
      race event 66: gate 2026-09-14T18:09:38.51708664Z, deadline 2026-09-14T18:10:38.51708664Z
      race event 67: gate 2026-09-14T18:09:38.646682034Z, deadline 2026-09-14T18:10:38.646682034Z
      race event 68: gate 2026-09-14T18:09:38.90971056Z, deadline 2026-09-14T18:10:38.90971056Z
      race event 69: gate 2026-09-14T18:09:39.020475614Z, deadline 2026-09-14T18:10:39.020475614Z
      race event 70: gate 2026-09-14T18:09:39.193803753Z, deadline 2026-09-14T18:10:39.193803753Z
      race event 71: gate 2026-09-14T18:09:39.25141497Z, deadline 2026-09-14T18:10:39.25141497Z
    race     10 seats x20        75.4 seats/s  conflicts/hold=8.66 reads/hold=17.68  hold p50=17.96ms p99=133.96ms  deferred 14/14 ok  confirm retries sold/run=0/0  errors=0  ok
      audit: consistent (20 events, 200 tickets; rejections late=0 boundary=0)
      race event 72: gate 2026-09-14T18:09:39.376491224Z, deadline 2026-09-14T18:10:39.376491224Z
      race event 73: gate 2026-09-14T18:09:39.521879505Z, deadline 2026-09-14T18:10:39.521879505Z
      race event 74: gate 2026-09-14T18:09:39.909987216Z, deadline 2026-09-14T18:10:39.909987216Z
      race event 75: gate 2026-09-14T18:09:40.245653558Z, deadline 2026-09-14T18:10:40.245653558Z
    race    100 seats x4        367.7 seats/s  conflicts/hold=3.25 reads/hold=5.92  hold p50=9.39ms p99=100.21ms  deferred 15/15 ok  confirm retries sold/run=0/0  errors=0  ok
      audit: consistent (4 events, 400 tickets; rejections late=0 boundary=0)
      race event 76: gate 2026-09-14T18:09:40.73376382Z, deadline 2026-09-14T18:10:40.73376382Z
    race   1000 seats x1        441.3 seats/s  conflicts/hold=1.66 reads/hold=4.04  hold p50=11.24ms p99=166.91ms  deferred 54/54 ok  confirm retries sold/run=0/0  errors=0  ok
      audit: consistent (1 events, 1000 tickets; rejections late=0 boundary=0)
      race event 77: gate 2026-09-14T18:09:43.125980813Z, deadline 2026-09-14T18:10:43.125980813Z
    race  10000 seats x1        164.1 seats/s  conflicts/hold=0.41 reads/hold=3.22  hold p50=79.15ms p99=391.06ms  deferred 365/365 ok  confirm retries sold/run=0/0  errors=0  ok, 1 timed out (99% sold)
      audit: consistent (1 events, 9858 tickets; rejections late=0 boundary=0)
  lifecycle trial 1/1 (32 buyers per event, one human minute = 50ms, fresh load):
    lifecycle    10 seats x4       3.1 confirmed seats/s  holds=37 abandoned=4+3 expired@check=1 rejected late/boundary/early(transient)=0/0/0(0)  confirm retries sold/run=0/0  outage unavailable=0/0  leaked=0 errors=0  ok
      audit: consistent (4 events, 40 tickets; rejections late=0 boundary=0)
    lifecycle   100 seats x2      10.7 confirmed seats/s  holds=173 abandoned=28+24 expired@check=6 rejected late/boundary/early(transient)=0/0/0(0)  confirm retries sold/run=0/0  outage unavailable=0/0  leaked=0 errors=0  ok
      audit: consistent (2 events, 199 tickets; rejections late=0 boundary=0)
    lifecycle  1000 seats x1      68.2 confirmed seats/s  holds=575 abandoned=89+55 expired@check=14 rejected late/boundary/early(transient)=5/0/0(0)  confirm retries sold/run=0/0  outage unavailable=0/5  leaked=0 errors=0  ok
      audit: consistent (1 events, 964 tickets; rejections late=5 boundary=0)
  wrote /results/e2_cart_expiry.json
