  engine: PostgreSQL 17.11 (Debian 17.11-1.pgdg13+2) on x86_64-pc-linux-gnu, compiled by gcc (Debian 14.2.0-19) 14.2.0, 64-bit
  database clock minus client clock: -0.003 ms
  dataset: 5 venues, 84 events, 5741 tickets and 165 holds at load
  loading k1_payment_window ...
  loaded in 0.8s (copy 0.7s, index 0.0s)
  verifying answers against ground truth ...
    51/51 checks passed (margin 603s); audit on load: consistent (84 events, 5741 tickets; rejections late=0 boundary=0)
  capturing plans ...
  read benchmark:
    q01_section_map@10                     8837.4 ops/s  p50=  0.372ms p99=  10.434ms  errors=0
    q02_event_sections@10                  7909.0 ops/s  p50=  0.372ms p99=  15.793ms  errors=0
    q03_event_available@10                 8319.7 ops/s  p50=  0.382ms p99=  12.709ms  errors=0
    q01_section_map@100                    7059.5 ops/s  p50=  0.402ms p99=  23.705ms  errors=0
    q02_event_sections@100                 7536.3 ops/s  p50=  0.408ms p99=  16.713ms  errors=0
    q03_event_available@100                7374.4 ops/s  p50=  0.372ms p99=  20.033ms  errors=0
    q01_section_map@1000                  10785.6 ops/s  p50=  0.302ms p99=   8.451ms  errors=0
    q02_event_sections@1000                3303.2 ops/s  p50=  0.621ms p99=  53.716ms  errors=0
    q03_event_available@1000               3609.1 ops/s  p50=  0.574ms p99=  52.598ms  errors=0
    q01_section_map@10000                  6290.4 ops/s  p50=  0.462ms p99=  35.114ms  errors=0
    q02_event_sections@10000                445.0 ops/s  p50=  5.911ms p99=  82.981ms  errors=0
    q03_event_available@10000               536.5 ops/s  p50=  4.123ms p99=  79.940ms  errors=0
    q04_hold_seats                        10201.9 ops/s  p50=  0.365ms p99=   7.878ms  errors=0
    q05_customer_tickets                  14534.2 ops/s  p50=  0.309ms p99=   3.276ms  errors=0
    q06_ticket_by_id                      17679.8 ops/s  p50=  0.265ms p99=   2.693ms  errors=0
  write benchmark (fresh load per op):
    hold                                    369.2 ops/s  p50= 15.139ms p99=  66.109ms  rejected=5 retries=29 errors=0
      audit after hold: consistent (84 events, 9342 tickets; rejections late=0 boundary=0)
    release                                1697.7 ops/s  p50=  3.924ms p99=   5.953ms  rejected=0 retries=0 errors=0
      audit after release: consistent (84 events, 5741 tickets; rejections late=0 boundary=0)
    cancel                                 3797.0 ops/s  p50=  1.993ms p99=   3.312ms  rejected=0 retries=0 errors=0
      audit after cancel: consistent (84 events, 2871 tickets; rejections late=0 boundary=0)
    publish@10                             1501.1 ops/s  p50=  2.475ms p99=   5.417ms  rejected=0 retries=0 errors=0
    publish@100                            1153.0 ops/s  p50=  3.314ms p99=   5.014ms  rejected=0 retries=0 errors=0
    publish@1000                            183.4 ops/s  p50= 13.254ms p99=  57.295ms  rejected=0 retries=0 errors=0
    publish@10000                            18.4 ops/s  p50= 99.042ms p99=  99.042ms  rejected=0 retries=0 errors=0
    publish@100000                            1.5 ops/s  p50=1287.453ms p99=1287.453ms  rejected=0 retries=0 errors=0
      audit after publish: consistent (2313 events, 5741 tickets; rejections late=0 boundary=0)
  race trial 1/1 (32 buyers per event, fresh load):
      race event 52: gate 2026-09-14T18:25:07.973522802Z, deadline 2026-09-14T18:26:07.973522802Z
      race event 53: gate 2026-09-14T18:25:08.190477686Z, deadline 2026-09-14T18:26:08.190477686Z
      race event 54: gate 2026-09-14T18:25:08.269763177Z, deadline 2026-09-14T18:26:08.269763177Z
      race event 55: gate 2026-09-14T18:25:08.412579625Z, deadline 2026-09-14T18:26:08.412579625Z
      race event 56: gate 2026-09-14T18:25:08.47453475Z, deadline 2026-09-14T18:26:08.47453475Z
      race event 57: gate 2026-09-14T18:25:08.528372338Z, deadline 2026-09-14T18:26:08.528372338Z
      race event 58: gate 2026-09-14T18:25:08.577815913Z, deadline 2026-09-14T18:26:08.577815913Z
      race event 59: gate 2026-09-14T18:25:08.597830737Z, deadline 2026-09-14T18:26:08.597830737Z
      race event 60: gate 2026-09-14T18:25:08.631444264Z, deadline 2026-09-14T18:26:08.631444264Z
      race event 61: gate 2026-09-14T18:25:08.692503822Z, deadline 2026-09-14T18:26:08.692503822Z
      race event 62: gate 2026-09-14T18:25:08.734354063Z, deadline 2026-09-14T18:26:08.734354063Z
      race event 63: gate 2026-09-14T18:25:08.823384319Z, deadline 2026-09-14T18:26:08.823384319Z
      race event 64: gate 2026-09-14T18:25:08.990785005Z, deadline 2026-09-14T18:26:08.990785005Z
      race event 65: gate 2026-09-14T18:25:09.081053165Z, deadline 2026-09-14T18:26:09.081053165Z
      race event 66: gate 2026-09-14T18:25:09.150180325Z, deadline 2026-09-14T18:26:09.150180325Z
      race event 67: gate 2026-09-14T18:25:09.224432023Z, deadline 2026-09-14T18:26:09.224432023Z
      race event 68: gate 2026-09-14T18:25:09.308406989Z, deadline 2026-09-14T18:26:09.308406989Z
      race event 69: gate 2026-09-14T18:25:09.395048251Z, deadline 2026-09-14T18:26:09.395048251Z
      race event 70: gate 2026-09-14T18:25:09.516066331Z, deadline 2026-09-14T18:26:09.516066331Z
      race event 71: gate 2026-09-14T18:25:09.62176699Z, deadline 2026-09-14T18:26:09.62176699Z
    race     10 seats x20       168.8 seats/s  conflicts/hold=9.03 reads/hold=17.89  hold p50=6.90ms p99=84.06ms  deferred 14/14 ok  confirm retries sold/run=0/0  errors=0  ok
      audit: consistent (20 events, 200 tickets; rejections late=0 boundary=0)
      race event 72: gate 2026-09-14T18:25:09.756469184Z, deadline 2026-09-14T18:26:09.756469184Z
      race event 73: gate 2026-09-14T18:25:10.128750983Z, deadline 2026-09-14T18:26:10.128750983Z
      race event 74: gate 2026-09-14T18:25:10.414232279Z, deadline 2026-09-14T18:26:10.414232279Z
      race event 75: gate 2026-09-14T18:25:10.631645686Z, deadline 2026-09-14T18:26:10.631645686Z
    race    100 seats x4        371.9 seats/s  conflicts/hold=3.09 reads/hold=6.51  hold p50=9.04ms p99=86.70ms  deferred 17/17 ok  confirm retries sold/run=0/0  errors=0  ok
      audit: consistent (4 events, 400 tickets; rejections late=0 boundary=0)
      race event 76: gate 2026-09-14T18:25:11.061111178Z, deadline 2026-09-14T18:26:11.061111178Z
    race   1000 seats x1        540.6 seats/s  conflicts/hold=1.30 reads/hold=3.74  hold p50=14.89ms p99=102.03ms  deferred 42/42 ok  confirm retries sold/run=0/0  errors=0  ok
      audit: consistent (1 events, 1000 tickets; rejections late=0 boundary=0)
      race event 77: gate 2026-09-14T18:25:16.004293121Z, deadline 2026-09-14T18:26:16.004293121Z
    race  10000 seats x1        243.1 seats/s  conflicts/hold=0.43 reads/hold=3.84  hold p50=30.13ms p99=313.87ms  deferred 412/412 ok  confirm retries sold/run=0/0  errors=0  ok
      audit: consistent (1 events, 10000 tickets; rejections late=0 boundary=0)
  lifecycle trial 1/1 (32 buyers per event, one human minute = 50ms, fresh load):
    lifecycle    10 seats x4       3.1 confirmed seats/s  holds=37 abandoned=3+5 expired@check=1 rejected late/boundary/early(transient)=0/0/0(0)  confirm retries sold/run=0/0  outage unavailable=0/0  leaked=0 errors=0  ok
      audit: consistent (4 events, 40 tickets; rejections late=0 boundary=0)
    lifecycle   100 seats x2       9.1 confirmed seats/s  holds=155 abandoned=30+15 expired@check=4 rejected late/boundary/early(transient)=0/0/0(0)  confirm retries sold/run=0/0  outage unavailable=0/0  leaked=0 errors=0  ok
      audit: consistent (2 events, 200 tickets; rejections late=0 boundary=0)
    lifecycle  1000 seats x1      72.2 confirmed seats/s  holds=575 abandoned=71+56 expired@check=14 rejected late/boundary/early(transient)=0/0/0(0)  confirm retries sold/run=0/0  outage unavailable=0/13  leaked=0 errors=0  ok
      audit: consistent (1 events, 989 tickets; rejections late=0 boundary=0)
  wrote /results/k1_payment_window.json
