  engine: PostgreSQL 17.11 (Debian 17.11-1.pgdg13+2) on x86_64-pc-linux-gnu, compiled by gcc (Debian 14.2.0-19) 14.2.0, 64-bit
  database clock minus client clock: -0.006 ms
  dataset: 5 venues, 84 events, 5741 tickets and 165 holds at load
  loading l1_claim_rows ...
  loaded in 1.0s (copy 0.8s, index 0.0s)
  verifying answers against ground truth ...
    51/51 checks passed (margin 603s); audit on load: consistent (84 events, 5741 tickets; rejections late=0 boundary=0)
  capturing plans ...
  read benchmark:
    q01_section_map@10                    17377.4 ops/s  p50=  0.267ms p99=   2.552ms  errors=0
    q02_event_sections@10                 10605.3 ops/s  p50=  0.359ms p99=   7.684ms  errors=0
    q03_event_available@10                 5185.7 ops/s  p50=  0.453ms p99=  32.956ms  errors=0
    q01_section_map@100                   14535.1 ops/s  p50=  0.301ms p99=   3.550ms  errors=0
    q02_event_sections@100                11456.1 ops/s  p50=  0.323ms p99=   7.105ms  errors=0
    q03_event_available@100                5214.2 ops/s  p50=  0.493ms p99=  40.415ms  errors=0
    q01_section_map@1000                  10092.6 ops/s  p50=  0.369ms p99=   8.230ms  errors=0
    q02_event_sections@1000                5231.5 ops/s  p50=  0.453ms p99=  39.976ms  errors=0
    q03_event_available@1000               3324.5 ops/s  p50=  0.611ms p99=  52.274ms  errors=0
    q01_section_map@10000                  5982.0 ops/s  p50=  0.509ms p99=  27.669ms  errors=0
    q02_event_sections@10000                557.6 ops/s  p50=  3.851ms p99=  80.860ms  errors=0
    q03_event_available@10000               931.9 ops/s  p50=  2.085ms p99=  75.747ms  errors=0
    q04_hold_seats                        13754.8 ops/s  p50=  0.308ms p99=   4.519ms  errors=0
    q05_customer_tickets                  14108.1 ops/s  p50=  0.309ms p99=   4.545ms  errors=0
    q06_ticket_by_id                      17245.7 ops/s  p50=  0.270ms p99=   2.423ms  errors=0
  write benchmark (fresh load per op):
    hold                                    288.9 ops/s  p50= 21.132ms p99=  88.382ms  rejected=8 retries=23 errors=0
      audit after hold: consistent (84 events, 9229 tickets; rejections late=0 boundary=0)
    release                                1330.8 ops/s  p50=  5.094ms p99=   8.063ms  rejected=0 retries=0 errors=0
      audit after release: consistent (84 events, 5741 tickets; rejections late=0 boundary=0)
    cancel                                 4075.6 ops/s  p50=  1.840ms p99=   3.172ms  rejected=0 retries=0 errors=0
      audit after cancel: consistent (84 events, 2871 tickets; rejections late=0 boundary=0)
    publish@10                             1457.0 ops/s  p50=  2.283ms p99=   6.183ms  rejected=0 retries=0 errors=0
    publish@100                            1686.3 ops/s  p50=  2.178ms p99=   4.288ms  rejected=0 retries=0 errors=0
    publish@1000                           1617.5 ops/s  p50=  2.498ms p99=   2.934ms  rejected=0 retries=0 errors=0
    publish@10000                           687.9 ops/s  p50=  1.837ms p99=   1.837ms  rejected=0 retries=0 errors=0
    publish@100000                          909.3 ops/s  p50=  1.449ms p99=   1.449ms  rejected=0 retries=0 errors=0
      audit after publish: consistent (2313 events, 5741 tickets; rejections late=0 boundary=0)
  race trial 1/1 (32 buyers per event, fresh load):
      race event 52: gate 2026-09-14T18:13:51.712099889Z, deadline 2026-09-14T18:14:51.712099889Z
      race event 53: gate 2026-09-14T18:13:52.44667449Z, deadline 2026-09-14T18:14:52.44667449Z
      race event 54: gate 2026-09-14T18:13:52.737222486Z, deadline 2026-09-14T18:14:52.737222486Z
      race event 55: gate 2026-09-14T18:13:52.906478362Z, deadline 2026-09-14T18:14:52.906478362Z
      race event 56: gate 2026-09-14T18:13:53.048157359Z, deadline 2026-09-14T18:14:53.048157359Z
      race event 57: gate 2026-09-14T18:13:53.272966003Z, deadline 2026-09-14T18:14:53.272966003Z
      race event 58: gate 2026-09-14T18:13:53.333268222Z, deadline 2026-09-14T18:14:53.333268222Z
      race event 59: gate 2026-09-14T18:13:53.382181014Z, deadline 2026-09-14T18:14:53.382181014Z
      race event 60: gate 2026-09-14T18:13:53.474863876Z, deadline 2026-09-14T18:14:53.474863876Z
      race event 61: gate 2026-09-14T18:13:53.64753405Z, deadline 2026-09-14T18:14:53.64753405Z
      race event 62: gate 2026-09-14T18:13:53.826579813Z, deadline 2026-09-14T18:14:53.826579813Z
      race event 63: gate 2026-09-14T18:13:53.96068751Z, deadline 2026-09-14T18:14:53.96068751Z
      race event 64: gate 2026-09-14T18:13:54.066984037Z, deadline 2026-09-14T18:14:54.066984037Z
      race event 65: gate 2026-09-14T18:13:54.191625492Z, deadline 2026-09-14T18:14:54.191625492Z
      race event 66: gate 2026-09-14T18:13:54.273105897Z, deadline 2026-09-14T18:14:54.273105897Z
      race event 67: gate 2026-09-14T18:13:54.327625938Z, deadline 2026-09-14T18:14:54.327625938Z
      race event 68: gate 2026-09-14T18:13:54.458438133Z, deadline 2026-09-14T18:14:54.458438133Z
      race event 69: gate 2026-09-14T18:13:54.62753663Z, deadline 2026-09-14T18:14:54.62753663Z
      race event 70: gate 2026-09-14T18:13:54.757916853Z, deadline 2026-09-14T18:14:54.757916853Z
      race event 71: gate 2026-09-14T18:13:54.845923312Z, deadline 2026-09-14T18:14:54.845923312Z
    race     10 seats x20        75.4 seats/s  conflicts/hold=9.77 reads/hold=18.45  hold p50=10.58ms p99=115.87ms  deferred 5/5 ok  confirm retries sold/run=0/0  errors=0  ok
      audit: consistent (20 events, 200 tickets; rejections late=0 boundary=0)
      race event 72: gate 2026-09-14T18:13:54.96829344Z, deadline 2026-09-14T18:14:54.96829344Z
      race event 73: gate 2026-09-14T18:13:55.147496575Z, deadline 2026-09-14T18:14:55.147496575Z
      race event 74: gate 2026-09-14T18:13:55.350089337Z, deadline 2026-09-14T18:14:55.350089337Z
      race event 75: gate 2026-09-14T18:13:55.805380589Z, deadline 2026-09-14T18:14:55.805380589Z
    race    100 seats x4        427.5 seats/s  conflicts/hold=2.92 reads/hold=5.41  hold p50=9.54ms p99=80.66ms  deferred 16/16 ok  confirm retries sold/run=0/0  errors=0  ok
      audit: consistent (4 events, 400 tickets; rejections late=0 boundary=0)
      race event 76: gate 2026-09-14T18:13:56.117466734Z, deadline 2026-09-14T18:14:56.117466734Z
    race   1000 seats x1        622.4 seats/s  conflicts/hold=1.29 reads/hold=3.36  hold p50=13.62ms p99=75.20ms  deferred 50/50 ok  confirm retries sold/run=0/0  errors=0  ok
      audit: consistent (1 events, 1000 tickets; rejections late=0 boundary=0)
      race event 77: gate 2026-09-14T18:13:57.838735926Z, deadline 2026-09-14T18:14:57.838735926Z
    race  10000 seats x1        258.5 seats/s  conflicts/hold=0.41 reads/hold=4.21  hold p50=22.82ms p99=300.23ms  deferred 433/433 ok  confirm retries sold/run=0/0  errors=0  ok
      audit: consistent (1 events, 10000 tickets; rejections late=0 boundary=0)
  lifecycle trial 1/1 (32 buyers per event, one human minute = 50ms, fresh load):
    lifecycle    10 seats x4       2.7 confirmed seats/s  holds=43 abandoned=10+5 expired@check=1 rejected late/boundary/early(transient)=1/0/0(0)  confirm retries sold/run=0/0  outage unavailable=0/0  leaked=0 errors=0  ok
      audit: consistent (4 events, 40 tickets; rejections late=1 boundary=0)
    lifecycle   100 seats x2      18.5 confirmed seats/s  holds=149 abandoned=23+13 expired@check=2 rejected late/boundary/early(transient)=4/0/0(0)  confirm retries sold/run=0/0  outage unavailable=0/0  leaked=0 errors=0  ok
      audit: consistent (2 events, 200 tickets; rejections late=4 boundary=0)
    lifecycle  1000 seats x1      66.0 confirmed seats/s  holds=565 abandoned=84+58 expired@check=32 rejected late/boundary/early(transient)=13/0/0(0)  confirm retries sold/run=0/0  outage unavailable=0/4  leaked=0 errors=0  ok
      audit: consistent (1 events, 907 tickets; rejections late=13 boundary=0)
  wrote /results/l1_claim_rows.json
