  engine: PostgreSQL 17.11 (Debian 17.11-1.pgdg13+2) on x86_64-pc-linux-gnu, compiled by gcc (Debian 14.2.0-19) 14.2.0, 64-bit
  database clock minus client clock: 0.014 ms
  dataset: 5 venues, 84 events, 5741 tickets and 165 holds at load
  loading s1_conditional_update ...
  loaded in 1.1s (copy 0.9s, index 0.1s)
  verifying answers against ground truth ...
    51/51 checks passed (margin 603s); audit on load: consistent (84 events, 5741 tickets; rejections late=0 boundary=0)
  capturing plans ...
  read benchmark:
    q01_section_map@10                     9155.8 ops/s  p50=  0.347ms p99=  10.597ms  errors=0
    q02_event_sections@10                  7799.1 ops/s  p50=  0.383ms p99=  18.159ms  errors=0
    q03_event_available@10                 8880.7 ops/s  p50=  0.365ms p99=  11.975ms  errors=0
    q01_section_map@100                    6746.2 ops/s  p50=  0.426ms p99=  27.891ms  errors=0
    q02_event_sections@100                 6566.1 ops/s  p50=  0.412ms p99=  29.179ms  errors=0
    q03_event_available@100                7144.0 ops/s  p50=  0.399ms p99=  26.656ms  errors=0
    q01_section_map@1000                   7852.4 ops/s  p50=  0.411ms p99=  17.230ms  errors=0
    q02_event_sections@1000                3287.8 ops/s  p50=  0.652ms p99=  59.432ms  errors=0
    q03_event_available@1000               3349.4 ops/s  p50=  0.692ms p99=  57.917ms  errors=0
    q01_section_map@10000                  5420.4 ops/s  p50=  0.527ms p99=  38.035ms  errors=0
    q02_event_sections@10000                435.4 ops/s  p50=  5.947ms p99=  82.008ms  errors=0
    q03_event_available@10000               533.3 ops/s  p50=  4.063ms p99=  80.113ms  errors=0
    q04_hold_seats                        10154.4 ops/s  p50=  0.353ms p99=   8.861ms  errors=0
    q05_customer_tickets                  18634.6 ops/s  p50=  0.212ms p99=   2.782ms  errors=0
    q06_ticket_by_id                      18873.7 ops/s  p50=  0.243ms p99=   2.094ms  errors=0
  write benchmark (fresh load per op):
    hold                                    295.8 ops/s  p50= 19.389ms p99=  92.745ms  rejected=10 retries=20 errors=0
      audit after hold: consistent (84 events, 9269 tickets; rejections late=0 boundary=0)
    release                                 696.8 ops/s  p50=  7.436ms p99=  24.506ms  rejected=0 retries=0 errors=0
      audit after release: consistent (84 events, 5741 tickets; rejections late=0 boundary=0)
    cancel                                 4093.9 ops/s  p50=  1.860ms p99=   5.430ms  rejected=0 retries=0 errors=0
      audit after cancel: consistent (84 events, 2871 tickets; rejections late=0 boundary=0)
    publish@10                             1512.2 ops/s  p50=  2.293ms p99=   6.481ms  rejected=0 retries=0 errors=0
    publish@100                            1335.5 ops/s  p50=  2.614ms p99=  16.600ms  rejected=0 retries=0 errors=0
    publish@1000                            327.8 ops/s  p50= 10.901ms p99=  15.206ms  rejected=0 retries=0 errors=0
    publish@10000                            31.5 ops/s  p50= 58.622ms p99=  58.622ms  rejected=0 retries=0 errors=0
    publish@100000                            2.4 ops/s  p50=804.304ms p99= 804.304ms  rejected=0 retries=0 errors=0
      audit after publish: consistent (2313 events, 5741 tickets; rejections late=0 boundary=0)
  race trial 1/1 (32 buyers per event, fresh load):
      race event 52: gate 2026-09-14T18:21:20.688906361Z, deadline 2026-09-14T18:22:20.688906361Z
      race event 53: gate 2026-09-14T18:21:20.923512509Z, deadline 2026-09-14T18:22:20.923512509Z
      race event 54: gate 2026-09-14T18:21:20.991046346Z, deadline 2026-09-14T18:22:20.991046346Z
      race event 55: gate 2026-09-14T18:21:21.044034695Z, deadline 2026-09-14T18:22:21.044034695Z
      race event 56: gate 2026-09-14T18:21:21.091647291Z, deadline 2026-09-14T18:22:21.091647291Z
      race event 57: gate 2026-09-14T18:21:21.126587944Z, deadline 2026-09-14T18:22:21.126587944Z
      race event 58: gate 2026-09-14T18:21:21.184955326Z, deadline 2026-09-14T18:22:21.184955326Z
      race event 59: gate 2026-09-14T18:21:21.227164463Z, deadline 2026-09-14T18:22:21.227164463Z
      race event 60: gate 2026-09-14T18:21:21.2892925Z, deadline 2026-09-14T18:22:21.2892925Z
      race event 61: gate 2026-09-14T18:21:21.31842723Z, deadline 2026-09-14T18:22:21.31842723Z
      race event 62: gate 2026-09-14T18:21:21.343270381Z, deadline 2026-09-14T18:22:21.343270381Z
      race event 63: gate 2026-09-14T18:21:21.393273002Z, deadline 2026-09-14T18:22:21.393273002Z
      race event 64: gate 2026-09-14T18:21:21.480772241Z, deadline 2026-09-14T18:22:21.480772241Z
      race event 65: gate 2026-09-14T18:21:21.576049973Z, deadline 2026-09-14T18:22:21.576049973Z
      race event 66: gate 2026-09-14T18:21:21.611483596Z, deadline 2026-09-14T18:22:21.611483596Z
      race event 67: gate 2026-09-14T18:21:21.69033865Z, deadline 2026-09-14T18:22:21.69033865Z
      race event 68: gate 2026-09-14T18:21:21.78214047Z, deadline 2026-09-14T18:22:21.78214047Z
      race event 69: gate 2026-09-14T18:21:21.836098695Z, deadline 2026-09-14T18:22:21.836098695Z
      race event 70: gate 2026-09-14T18:21:21.884228342Z, deadline 2026-09-14T18:22:21.884228342Z
      race event 71: gate 2026-09-14T18:21:21.922348551Z, deadline 2026-09-14T18:22:21.922348551Z
    race     10 seats x20       218.0 seats/s  conflicts/hold=8.84 reads/hold=17.40  hold p50=5.39ms p99=60.30ms  deferred 14/14 ok  confirm retries sold/run=0/0  errors=0  ok
      audit: consistent (20 events, 200 tickets; rejections late=0 boundary=0)
      race event 72: gate 2026-09-14T18:21:22.008116071Z, deadline 2026-09-14T18:22:22.008116071Z
      race event 73: gate 2026-09-14T18:21:22.174752646Z, deadline 2026-09-14T18:22:22.174752646Z
      race event 74: gate 2026-09-14T18:21:22.378044568Z, deadline 2026-09-14T18:22:22.378044568Z
      race event 75: gate 2026-09-14T18:21:22.521476629Z, deadline 2026-09-14T18:22:22.521476629Z
    race    100 seats x4        650.3 seats/s  conflicts/hold=2.90 reads/hold=6.39  hold p50=5.19ms p99=52.93ms  deferred 16/16 ok  confirm retries sold/run=0/0  errors=0  ok
      audit: consistent (4 events, 400 tickets; rejections late=0 boundary=0)
      race event 76: gate 2026-09-14T18:21:22.709212163Z, deadline 2026-09-14T18:22:22.709212163Z
    race   1000 seats x1       1022.5 seats/s  conflicts/hold=1.18 reads/hold=3.09  hold p50=6.95ms p99=87.71ms  deferred 48/48 ok  confirm retries sold/run=0/0  errors=0  ok
      audit: consistent (1 events, 1000 tickets; rejections late=0 boundary=0)
      race event 77: gate 2026-09-14T18:21:23.822631561Z, deadline 2026-09-14T18:22:23.822631561Z
    race  10000 seats x1        257.5 seats/s  conflicts/hold=0.41 reads/hold=3.65  hold p50=31.00ms p99=303.66ms  deferred 415/415 ok  confirm retries sold/run=0/0  errors=0  ok
      audit: consistent (1 events, 10000 tickets; rejections late=0 boundary=0)
  lifecycle trial 1/1 (32 buyers per event, one human minute = 50ms, fresh load):
    lifecycle    10 seats x4       3.5 confirmed seats/s  holds=28 abandoned=1+2 expired@check=1 rejected late/boundary/early(transient)=0/0/0(0)  confirm retries sold/run=0/0  outage unavailable=0/0  leaked=0 errors=0  ok
      audit: consistent (4 events, 40 tickets; rejections late=0 boundary=0)
    lifecycle   100 seats x2      11.1 confirmed seats/s  holds=179 abandoned=35+20 expired@check=8 rejected late/boundary/early(transient)=1/0/0(0)  confirm retries sold/run=0/0  outage unavailable=0/0  leaked=0 errors=0  ok
      audit: consistent (2 events, 200 tickets; rejections late=1 boundary=0)
    lifecycle  1000 seats x1      68.4 confirmed seats/s  holds=587 abandoned=93+53 expired@check=16 rejected late/boundary/early(transient)=8/0/0(0)  confirm retries sold/run=0/0  outage unavailable=0/5  leaked=0 errors=0  ok
      audit: consistent (1 events, 952 tickets; rejections late=8 boundary=0)
  wrote /results/s1_conditional_update.json
