  engine: PostgreSQL 17.11 (Debian 17.11-1.pgdg13+2) on x86_64-pc-linux-gnu, compiled by gcc (Debian 14.2.0-19) 14.2.0, 64-bit
  database clock minus client clock: 0.000 ms
  dataset: 5 venues, 84 events, 5741 tickets and 165 holds at load
  loading s1r_confirm_retry ...
  loaded in 0.9s (copy 0.7s, index 0.0s)
  verifying answers against ground truth ...
    51/51 checks passed (margin 603s); audit on load: consistent (84 events, 5741 tickets; rejections late=0 boundary=0)
  capturing plans ...
  read benchmark:
    q01_section_map@10                     8298.5 ops/s  p50=  0.389ms p99=  12.087ms  errors=0
    q02_event_sections@10                  8407.3 ops/s  p50=  0.394ms p99=  11.927ms  errors=0
    q03_event_available@10                 8887.6 ops/s  p50=  0.382ms p99=  10.664ms  errors=0
    q01_section_map@100                    6850.6 ops/s  p50=  0.424ms p99=  28.898ms  errors=0
    q02_event_sections@100                 7397.7 ops/s  p50=  0.401ms p99=  22.611ms  errors=0
    q03_event_available@100                7464.4 ops/s  p50=  0.370ms p99=  21.118ms  errors=0
    q01_section_map@1000                   9290.5 ops/s  p50=  0.373ms p99=  11.005ms  errors=0
    q02_event_sections@1000                2758.6 ops/s  p50=  0.722ms p99=  54.161ms  errors=0
    q03_event_available@1000               3991.8 ops/s  p50=  0.574ms p99=  49.703ms  errors=0
    q01_section_map@10000                  5627.4 ops/s  p50=  0.523ms p99=  32.453ms  errors=0
    q02_event_sections@10000                504.5 ops/s  p50=  4.115ms p99=  81.445ms  errors=0
    q03_event_available@10000               491.2 ops/s  p50=  4.458ms p99=  83.133ms  errors=0
    q04_hold_seats                        11026.7 ops/s  p50=  0.357ms p99=   6.804ms  errors=0
    q05_customer_tickets                  18091.1 ops/s  p50=  0.252ms p99=   2.203ms  errors=0
    q06_ticket_by_id                      16982.2 ops/s  p50=  0.281ms p99=   2.655ms  errors=0
  write benchmark (fresh load per op):
    hold                                    266.5 ops/s  p50= 21.741ms p99=  88.453ms  rejected=4 retries=21 errors=0
      audit after hold: consistent (84 events, 9268 tickets; rejections late=0 boundary=0)
    release                                1379.5 ops/s  p50=  5.602ms p99=   6.983ms  rejected=0 retries=0 errors=0
      audit after release: consistent (84 events, 5741 tickets; rejections late=0 boundary=0)
    cancel                                 3592.7 ops/s  p50=  2.077ms p99=   3.862ms  rejected=0 retries=0 errors=0
      audit after cancel: consistent (84 events, 2871 tickets; rejections late=0 boundary=0)
    publish@10                             1393.5 ops/s  p50=  2.569ms p99=   6.670ms  rejected=0 retries=0 errors=0
    publish@100                            1228.3 ops/s  p50=  3.115ms p99=   4.838ms  rejected=0 retries=0 errors=0
    publish@1000                            319.9 ops/s  p50= 11.632ms p99=  14.481ms  rejected=0 retries=0 errors=0
    publish@10000                            27.2 ops/s  p50= 60.494ms p99=  60.494ms  rejected=0 retries=0 errors=0
    publish@100000                            2.9 ops/s  p50=666.890ms p99= 666.890ms  rejected=0 retries=0 errors=0
      audit after publish: consistent (2313 events, 5741 tickets; rejections late=0 boundary=0)
  race trial 1/1 (32 buyers per event, fresh load):
      race event 52: gate 2026-09-14T18:17:40.043723759Z, deadline 2026-09-14T18:18:40.043723759Z
      race event 53: gate 2026-09-14T18:17:40.307854697Z, deadline 2026-09-14T18:18:40.307854697Z
      race event 54: gate 2026-09-14T18:17:40.343862384Z, deadline 2026-09-14T18:18:40.343862384Z
      race event 55: gate 2026-09-14T18:17:40.478644078Z, deadline 2026-09-14T18:18:40.478644078Z
      race event 56: gate 2026-09-14T18:17:40.639416705Z, deadline 2026-09-14T18:18:40.639416705Z
      race event 57: gate 2026-09-14T18:17:40.751528847Z, deadline 2026-09-14T18:18:40.751528847Z
      race event 58: gate 2026-09-14T18:17:40.850008467Z, deadline 2026-09-14T18:18:40.850008467Z
      race event 59: gate 2026-09-14T18:17:40.989491524Z, deadline 2026-09-14T18:18:40.989491524Z
      race event 60: gate 2026-09-14T18:17:41.075435749Z, deadline 2026-09-14T18:18:41.075435749Z
      race event 61: gate 2026-09-14T18:17:41.181163804Z, deadline 2026-09-14T18:18:41.181163804Z
      race event 62: gate 2026-09-14T18:17:41.244689562Z, deadline 2026-09-14T18:18:41.244689562Z
      race event 63: gate 2026-09-14T18:17:41.31596228Z, deadline 2026-09-14T18:18:41.31596228Z
      race event 64: gate 2026-09-14T18:17:41.345608424Z, deadline 2026-09-14T18:18:41.345608424Z
      race event 65: gate 2026-09-14T18:17:41.435710066Z, deadline 2026-09-14T18:18:41.435710066Z
      race event 66: gate 2026-09-14T18:17:41.510861331Z, deadline 2026-09-14T18:18:41.510861331Z
      race event 67: gate 2026-09-14T18:17:41.637716965Z, deadline 2026-09-14T18:18:41.637716965Z
      race event 68: gate 2026-09-14T18:17:41.713010012Z, deadline 2026-09-14T18:18:41.713010012Z
      race event 69: gate 2026-09-14T18:17:41.748265919Z, deadline 2026-09-14T18:18:41.748265919Z
      race event 70: gate 2026-09-14T18:17:41.846556431Z, deadline 2026-09-14T18:18:41.846556431Z
      race event 71: gate 2026-09-14T18:17:41.952871348Z, deadline 2026-09-14T18:18:41.952871348Z
    race     10 seats x20       130.2 seats/s  conflicts/hold=9.18 reads/hold=17.86  hold p50=7.37ms p99=76.46ms  deferred 14/14 ok  confirm retries sold/run=0/0  errors=0  ok
      audit: consistent (20 events, 200 tickets; rejections late=0 boundary=0)
      race event 72: gate 2026-09-14T18:17:42.109452629Z, deadline 2026-09-14T18:18:42.109452629Z
      race event 73: gate 2026-09-14T18:17:42.320277376Z, deadline 2026-09-14T18:18:42.320277376Z
      race event 74: gate 2026-09-14T18:17:42.628284997Z, deadline 2026-09-14T18:18:42.628284997Z
      race event 75: gate 2026-09-14T18:17:42.870958466Z, deadline 2026-09-14T18:18:42.870958466Z
    race    100 seats x4        470.9 seats/s  conflicts/hold=3.01 reads/hold=5.52  hold p50=9.87ms p99=86.59ms  deferred 13/13 ok  confirm retries sold/run=0/0  errors=0  ok
      audit: consistent (4 events, 400 tickets; rejections late=0 boundary=0)
      race event 76: gate 2026-09-14T18:17:43.074641005Z, deadline 2026-09-14T18:18:43.074641005Z
    race   1000 seats x1        579.2 seats/s  conflicts/hold=1.35 reads/hold=3.55  hold p50=15.06ms p99=95.47ms  deferred 48/48 ok  confirm retries sold/run=0/0  errors=0  ok
      audit: consistent (1 events, 1000 tickets; rejections late=0 boundary=0)
      race event 77: gate 2026-09-14T18:17:44.892493679Z, deadline 2026-09-14T18:18:44.892493679Z
    race  10000 seats x1        276.9 seats/s  conflicts/hold=0.42 reads/hold=3.58  hold p50=28.16ms p99=304.58ms  deferred 407/407 ok  confirm retries sold/run=0/0  errors=0  ok
      audit: consistent (1 events, 10000 tickets; rejections late=0 boundary=0)
  lifecycle trial 1/1 (32 buyers per event, one human minute = 50ms, fresh load):
    lifecycle    10 seats x4       2.8 confirmed seats/s  holds=38 abandoned=6+2 expired@check=0 rejected late/boundary/early(transient)=0/0/0(0)  confirm retries sold/run=0/0  outage unavailable=0/0  leaked=0 errors=0  ok
      audit: consistent (4 events, 40 tickets; rejections late=0 boundary=0)
    lifecycle   100 seats x2      19.7 confirmed seats/s  holds=162 abandoned=26+18 expired@check=1 rejected late/boundary/early(transient)=2/0/0(0)  confirm retries sold/run=0/2  outage unavailable=0/0  leaked=0 errors=0  ok
      audit: consistent (2 events, 200 tickets; rejections late=2 boundary=0)
    lifecycle  1000 seats x1      72.1 confirmed seats/s  holds=581 abandoned=90+50 expired@check=14 rejected late/boundary/early(transient)=5/0/0(0)  confirm retries sold/run=0/5  outage unavailable=0/11  leaked=0 errors=0  ok
      audit: consistent (1 events, 981 tickets; rejections late=5 boundary=0)
  wrote /results/s1r_confirm_retry.json
