  engine: PostgreSQL 17.11 (Debian 17.11-1.pgdg13+2) on x86_64-pc-linux-gnu, compiled by gcc (Debian 14.2.0-19) 14.2.0, 64-bit
  dataset: 10 bands, 90 events, 26100 seats, 6880 sold at load
  loading x1_cas_ledger ...
  loaded in 0.1s (copy 0.1s, index 0.0s)
  verifying answers against ground truth ...
    46/46 checks passed; audit on load: consistent (90 events, 6880 seats sold)
    ledger audit on load: consistent (26100 seats checked)
  churn trial 1/1 (64 buyers per event, fresh load):
    churn      10 seats x10       280.8 sold/s  p50=  4.054ms p99= 116.617ms  attempts/sale=5.80 errors=0  editor p99=52.35ms  ok
      audit: consistent (90 events, 6980 seats sold)
      ledger audit: INCONSISTENT — 0 net mismatches, 1 attribution problems (of 26100 seats checked)
    churn     100 seats x2       1350.8 sold/s  p50=  7.194ms p99=  79.088ms  attempts/sale=2.63 errors=0  editor p99=41.92ms  ok
      audit: consistent (90 events, 7180 seats sold)
      ledger audit: INCONSISTENT — 0 net mismatches, 1 attribution problems (of 26100 seats checked)
    churn    1000 seats x1       2208.5 sold/s  p50=  6.229ms p99=  91.835ms  attempts/sale=1.29 errors=0  editor p99=55.60ms  ok
      audit: consistent (90 events, 8180 seats sold)
      ledger audit: INCONSISTENT — 0 net mismatches, 2 attribution problems (of 26100 seats checked)
      report check r01_event_sales_window@churn#1 event 90 (booked=2058, cancelled=1058): ok
      report check r05_refunds_window@churn#1     every event (harness cancelled=1375, tolerance=0): ok
  wrote /results/pg-fixed-2.json
