  engine: PostgreSQL 17.11 (Debian 17.11-1.pgdg13+2) on x86_64-pc-linux-gnu, compiled by gcc (Debian 14.2.0-19) 14.2.0, 64-bit
  dataset: 10 bands, 90 events, 26100 seats, 6880 sold at load
  loading x1_cas_ledger ...
  loaded in 0.1s (copy 0.1s, index 0.0s)
  verifying answers against ground truth ...
    46/46 checks passed; audit on load: consistent (90 events, 6880 seats sold)
    ledger audit on load: consistent (26100 seats checked)
  churn trial 1/1 (64 buyers per event, fresh load):
    churn      10 seats x10       347.9 sold/s  p50=  3.648ms p99=  91.444ms  attempts/sale=5.41 errors=0  editor p99=40.66ms  ok
      audit: consistent (90 events, 6980 seats sold)
      ledger audit: consistent (26100 seats checked)
    churn     100 seats x2       1687.5 sold/s  p50=  5.202ms p99=  64.259ms  attempts/sale=2.54 errors=0  editor p99=33.99ms  ok
      audit: consistent (90 events, 7180 seats sold)
      ledger audit: consistent (26100 seats checked)
    churn    1000 seats x1       2336.9 sold/s  p50=  5.974ms p99=  93.885ms  attempts/sale=1.38 errors=0  editor p99=70.38ms  ok
      audit: consistent (90 events, 8180 seats sold)
      ledger audit: consistent (26100 seats checked)
      report check r01_event_sales_window@churn#1 event 90 (booked=2057, cancelled=1057): ok
      report check r05_refunds_window@churn#1     every event (harness cancelled=1373, tolerance=0): ok
  wrote /results/pg-fixed-5.json
