  engine: PostgreSQL 17.11 (Debian 17.11-1.pgdg13+2) on x86_64-pc-linux-gnu, compiled by gcc (Debian 14.2.0-19) 14.2.0, 64-bit
  dataset: 10 bands, 90 events, 26100 seats, 6880 sold at load
  loading x1_cas_ledger ...
  loaded in 0.2s (copy 0.1s, index 0.0s)
  verifying answers against ground truth ...
    46/46 checks passed; audit on load: consistent (90 events, 6880 seats sold)
    ledger audit on load: consistent (26100 seats checked)
  capturing plans ...
  write benchmark (fresh load per op):
    book                                   1522.7 ops/s  p50=  1.538ms p99=  31.941ms  rejected=559 retries=1168 errors=0
      audit after book: consistent (90 events, 13175 seats sold)
      ledger audit after book: consistent (26100 seats checked)
    cancel                                    0.0 ops/s  p50=  0.000ms p99=   0.000ms  rejected=0 retries=0 errors=0  WARNING: pool exhausted
      audit after cancel: consistent (90 events, 0 seats sold)
      ledger audit after cancel: consistent (26100 seats checked)
      report check r01_event_sales_window@write:cancel event 51 (booked=0, cancelled=5887): ok
      report check r05_refunds_window@write:cancel every event (harness cancelled=6880, tolerance=0): ok
  race trial 1/2 (32 buyers per event, fresh load):
    race       10 seats x20      1473.9 sold/s  p50=  2.463ms p99=  22.646ms  attempts/sale=4.13 errors=0  editor p99=13.68ms  ok
      audit: consistent (90 events, 7080 seats sold)
      ledger audit: consistent (26100 seats checked)
    race      100 seats x4       3710.7 sold/s  p50=  3.607ms p99=  14.595ms  attempts/sale=1.91 errors=0  editor p99=6.88ms  ok
      audit: consistent (90 events, 7480 seats sold)
      ledger audit: consistent (26100 seats checked)
    race     1000 seats x1       5583.6 sold/s  p50=  2.472ms p99=  61.571ms  attempts/sale=1.23 errors=0  editor p99=19.19ms  ok
      audit: consistent (90 events, 8480 seats sold)
      ledger audit: consistent (26100 seats checked)
    race    10000 seats x1       5036.9 sold/s  p50=  2.697ms p99=  60.349ms  attempts/sale=1.07 errors=0  editor p99=52.77ms  ok
      audit: consistent (90 events, 18480 seats sold)
      ledger audit: consistent (26100 seats checked)
  churn trial 1/2 (32 buyers per event, fresh load):
    churn      10 seats x10      1398.5 sold/s  p50=  2.445ms p99=   4.946ms  attempts/sale=3.69 errors=0  editor p99=3.07ms  ok
      audit: consistent (90 events, 6980 seats sold)
      ledger audit: consistent (26100 seats checked)
    churn     100 seats x2       3289.1 sold/s  p50=  2.736ms p99=  11.797ms  attempts/sale=1.79 errors=0  editor p99=1.84ms  ok
      audit: consistent (90 events, 7180 seats sold)
      ledger audit: consistent (26100 seats checked)
    churn    1000 seats x1       4176.6 sold/s  p50=  2.629ms p99=  60.922ms  attempts/sale=1.23 errors=0  editor p99=44.93ms  ok
      audit: consistent (90 events, 8180 seats sold)
      ledger audit: consistent (26100 seats checked)
      report check r01_event_sales_window@churn#1 event 90 (booked=1112, cancelled=112): ok
      report check r05_refunds_window@churn#1     every event (harness cancelled=143, tolerance=0): ok
  race trial 2/2 (32 buyers per event, fresh load):
    race       10 seats x20      2693.6 sold/s  p50=  2.817ms p99=   4.955ms  attempts/sale=3.65 errors=0  editor p99=3.11ms  ok
      audit: consistent (90 events, 7080 seats sold)
      ledger audit: consistent (26100 seats checked)
    race      100 seats x4       5972.4 sold/s  p50=  2.430ms p99=  10.479ms  attempts/sale=1.84 errors=0  editor p99=2.40ms  ok
      audit: consistent (90 events, 7480 seats sold)
      ledger audit: consistent (26100 seats checked)
    race     1000 seats x1       5059.8 sold/s  p50=  2.586ms p99=  62.270ms  attempts/sale=1.26 errors=0  editor p99=29.96ms  ok
      audit: consistent (90 events, 8480 seats sold)
      ledger audit: consistent (26100 seats checked)
    race    10000 seats x1       4881.8 sold/s  p50=  2.669ms p99=  60.501ms  attempts/sale=1.08 errors=0  editor p99=59.81ms  ok
      audit: consistent (90 events, 18480 seats sold)
      ledger audit: consistent (26100 seats checked)
  churn trial 2/2 (32 buyers per event, fresh load):
    churn      10 seats x10      1185.9 sold/s  p50=  2.349ms p99=   8.523ms  attempts/sale=3.85 errors=0  editor p99=3.44ms  ok
      audit: consistent (90 events, 6980 seats sold)
      ledger audit: consistent (26100 seats checked)
    churn     100 seats x2       4649.0 sold/s  p50=  2.572ms p99=  15.029ms  attempts/sale=1.93 errors=0  editor p99=1.84ms  ok
      audit: consistent (90 events, 7180 seats sold)
      ledger audit: consistent (26100 seats checked)
    churn    1000 seats x1       4922.5 sold/s  p50=  2.533ms p99=  60.597ms  attempts/sale=1.21 errors=0  editor p99=5.63ms  ok
      audit: consistent (90 events, 8180 seats sold)
      ledger audit: consistent (26100 seats checked)
      report check r01_event_sales_window@churn#2 event 90 (booked=1107, cancelled=107): ok
      report check r05_refunds_window@churn#2     every event (harness cancelled=153, tolerance=0): ok
  wrote studies/02-ticket-booking/results/devchecks/am03-dc04-rrer01/pg-standard.json
