  engine: PostgreSQL 15.12-YB-2025.2.6.0-b0 on x86_64-pc-linux-gnu, compiled by clang version 19.1.0 (https://github.com/yugabyte/llvm-project.git a2a6b655e14e7fa1fcf1011a6cb29cb8575249c0), 64-bit
  effective isolation for READ COMMITTED requests: read committed
  database clock minus client clock: 0.006 ms
  dataset: 5 venues, 84 events, 5741 tickets and 165 holds at load
  loading s1_conditional_update ...
  loaded in 24.5s (copy 1.9s, index 20.2s)
  verifying answers against ground truth ...
    51/51 checks passed (margin 578s); audit on load: consistent (84 events, 5741 tickets; rejections late=0 boundary=0)
  race trial 1/6 (32 buyers per event, fresh load):
      race event 77: gate 2026-09-14T15:01:31.052423495Z, deadline 2026-09-14T15:01:51.052423495Z
    race  10000 seats x1         73.3 seats/s  conflicts/hold=0.34 reads/hold=1.36  hold p50=96.62ms p99=802.36ms  deferred 60/60 ok  errors=0  ok, 1 timed out (15% sold)
      audit: consistent (1 events, 1484 tickets; rejections late=0 boundary=0)
  race trial 2/6 (32 buyers per event, fresh load):
      race event 77: gate 2026-09-14T15:02:02.965054664Z, deadline 2026-09-14T15:02:22.965054664Z
    race  10000 seats x1         77.5 seats/s  conflicts/hold=0.35 reads/hold=1.37  hold p50=97.33ms p99=278.99ms  deferred 71/71 ok  errors=0  ok, 1 timed out (16% sold)
      audit: consistent (1 events, 1559 tickets; rejections late=0 boundary=0)
  race trial 3/6 (32 buyers per event, fresh load):
      race event 77: gate 2026-09-14T15:02:35.216070207Z, deadline 2026-09-14T15:02:55.216070207Z
    race  10000 seats x1         85.3 seats/s  conflicts/hold=0.36 reads/hold=1.39  hold p50=95.41ms p99=209.12ms  deferred 67/67 ok  errors=0  VIOLATIONS, 1 timed out (17% sold)
      audit: VIOLATIONS — thefts 0, grants on sold seats 0, double sales 0, sales without the hold 0, late sales 0, early rejections 1, duplicate seats 0, inventory drift 0, invalid seats 0, partial holds 0, ticket mismatches 0
  race trial 4/6 (32 buyers per event, fresh load):
      race event 77: gate 2026-09-14T15:03:07.347029446Z, deadline 2026-09-14T15:03:27.347029446Z
    race  10000 seats x1         80.6 seats/s  conflicts/hold=0.28 reads/hold=1.28  hold p50=97.75ms p99=293.21ms  deferred 69/69 ok  errors=0  ok, 1 timed out (16% sold)
      audit: consistent (1 events, 1630 tickets; rejections late=0 boundary=0)
  race trial 5/6 (32 buyers per event, fresh load):
      race event 77: gate 2026-09-14T15:03:39.256813536Z, deadline 2026-09-14T15:03:59.256813536Z
    race  10000 seats x1         83.7 seats/s  conflicts/hold=0.33 reads/hold=1.36  hold p50=97.12ms p99=211.50ms  deferred 75/75 ok  errors=0  VIOLATIONS, 1 timed out (17% sold)
      audit: VIOLATIONS — thefts 0, grants on sold seats 0, double sales 0, sales without the hold 0, late sales 0, early rejections 1, duplicate seats 0, inventory drift 0, invalid seats 0, partial holds 0, ticket mismatches 0
  race trial 6/6 (32 buyers per event, fresh load):
      race event 77: gate 2026-09-14T15:04:21.516972703Z, deadline 2026-09-14T15:04:41.516972703Z
    race  10000 seats x1         81.7 seats/s  conflicts/hold=0.27 reads/hold=1.27  hold p50=96.78ms p99=279.30ms  deferred 72/72 ok  errors=0  ok, 1 timed out (17% sold)
      audit: consistent (1 events, 1651 tickets; rejections late=0 boundary=0)
  wrote /results/s1_conditional_update.json
