  engine: PostgreSQL 15.12-YB-2025.2.6.0-b0 on x86_64-pc-linux-gnu, compiled by clang version 19.1.0 (https://github.com/yugabyte/llvm-project.git a2a6b655e14e7fa1fcf1011a6cb29cb8575249c0), 64-bit
  effective isolation for READ COMMITTED requests: read committed
  database clock minus client clock: 0.003 ms
  dataset: 5 venues, 658 events, 56103 tickets and 2217 holds at load
  loading e0_app_clock_expiry ...
  loaded in 29.9s (copy 3.6s, index 15.3s)
  verifying answers against ground truth ...
    65/65 checks passed (margin 575s); audit on load: consistent (658 events, 56103 tickets; rejections late=0 boundary=0)
  capturing plans ...
  read benchmark:
    q01_section_map@10                     3912.4 ops/s  p50=  1.714ms p99=  15.000ms  errors=0
    q02_event_sections@10                  4357.1 ops/s  p50=  1.240ms p99=  28.695ms  errors=0
    q03_event_available@10                 5131.0 ops/s  p50=  1.028ms p99=  31.090ms  errors=0
    q01_section_map@100                    2478.8 ops/s  p50=  2.423ms p99=  26.839ms  errors=0
    q02_event_sections@100                 4055.8 ops/s  p50=  1.285ms p99=  31.933ms  errors=0
    q03_event_available@100                4720.6 ops/s  p50=  1.066ms p99=  34.898ms  errors=0
    q01_section_map@1000                   1902.3 ops/s  p50=  2.862ms p99=  35.014ms  errors=0
    q02_event_sections@1000                2510.5 ops/s  p50=  1.836ms p99=  43.241ms  errors=0
    q03_event_available@1000               2686.2 ops/s  p50=  1.410ms p99=  53.109ms  errors=0
    q01_section_map@10000                  1397.7 ops/s  p50=  3.498ms p99=  43.987ms  errors=0
    q02_event_sections@10000                321.1 ops/s  p50= 13.052ms p99=  68.164ms  errors=0
    q03_event_available@10000               535.5 ops/s  p50=  4.597ms p99=  76.498ms  errors=0
    q01_section_map@100000                  910.5 ops/s  p50=  4.850ms p99=  52.323ms  errors=0
    q02_event_sections@100000                33.8 ops/s  p50=232.173ms p99= 294.292ms  errors=0
    q03_event_available@100000               58.8 ops/s  p50=110.650ms p99= 196.986ms  errors=0
    q04_hold_seats                         1148.9 ops/s  p50=  4.064ms p99=  49.202ms  errors=0
    q05_customer_tickets                   4024.2 ops/s  p50=  1.690ms p99=  13.229ms  errors=0
    q06_ticket_by_id                       6148.4 ops/s  p50=  0.935ms p99=  24.363ms  errors=0
    r01_holds_expiring_soon                4083.7 ops/s  p50=  1.039ms p99=  40.569ms  errors=0
    r02_seat_status_lookup                 5694.2 ops/s  p50=  0.969ms p99=  26.756ms  errors=0
    r03_section_sales_window@trailing      2080.4 ops/s  p50=  1.856ms p99=  48.668ms  errors=0
    r03_section_sales_window@historical     2258.4 ops/s  p50=  1.806ms p99=  46.130ms  errors=0
    r04_event_recent_confirmations         1952.8 ops/s  p50=  1.789ms p99=  50.727ms  errors=0
    r05_customers_last_purchase_window@trailing       69.4 ops/s  p50=111.542ms p99= 170.586ms  errors=0
    r05_customers_last_purchase_window@historical       69.8 ops/s  p50=111.727ms p99= 172.140ms  errors=0
  wrote /results/e0_app_clock_expiry.json
