  engine: PostgreSQL 15.12-YB-2025.2.6.0-b0 on x86_64-pc-linux-gnu, compiled by clang version 19.1.0 (https://github.com/yugabyte/llvm-project.git a2a6b655e14e7fa1fcf1011a6cb29cb8575249c0), 64-bit
  effective isolation for READ COMMITTED requests: read committed
  database clock minus client clock: 0.004 ms
  dataset: 5 venues, 658 events, 56103 tickets and 2217 holds at load
  loading e1_sweeper_expiry ...
  loaded in 32.0s (copy 3.7s, index 16.2s)
  verifying answers against ground truth ...
    65/65 checks passed (margin 577s); audit on load: consistent (658 events, 56103 tickets; rejections late=0 boundary=0)
  capturing plans ...
  read benchmark:
    q01_section_map@10                     3469.5 ops/s  p50=  1.765ms p99=  17.906ms  errors=0
    q02_event_sections@10                  4737.9 ops/s  p50=  1.163ms p99=  28.201ms  errors=0
    q03_event_available@10                 5414.8 ops/s  p50=  0.985ms p99=  30.271ms  errors=0
    q01_section_map@100                    2725.9 ops/s  p50=  2.139ms p99=  27.260ms  errors=0
    q02_event_sections@100                 3984.9 ops/s  p50=  1.361ms p99=  28.859ms  errors=0
    q03_event_available@100                4997.9 ops/s  p50=  1.016ms p99=  34.460ms  errors=0
    q01_section_map@1000                   1911.8 ops/s  p50=  2.872ms p99=  34.469ms  errors=0
    q02_event_sections@1000                2568.6 ops/s  p50=  1.793ms p99=  43.088ms  errors=0
    q03_event_available@1000               2884.3 ops/s  p50=  1.331ms p99=  52.048ms  errors=0
    q01_section_map@10000                  1377.8 ops/s  p50=  3.456ms p99=  43.752ms  errors=0
    q02_event_sections@10000                326.7 ops/s  p50= 12.795ms p99=  68.280ms  errors=0
    q03_event_available@10000               597.0 ops/s  p50=  4.098ms p99=  75.690ms  errors=0
    q01_section_map@100000                  935.0 ops/s  p50=  4.731ms p99=  51.552ms  errors=0
    q02_event_sections@100000                34.8 ops/s  p50=223.879ms p99= 290.659ms  errors=0
    q03_event_available@100000               67.1 ops/s  p50=104.627ms p99= 190.703ms  errors=0
    q04_hold_seats                         1136.9 ops/s  p50=  4.081ms p99=  48.745ms  errors=0
    q05_customer_tickets                   3978.9 ops/s  p50=  1.696ms p99=  13.874ms  errors=0
    q06_ticket_by_id                       6044.1 ops/s  p50=  0.916ms p99=  26.549ms  errors=0
    r01_holds_expiring_soon                4227.4 ops/s  p50=  1.017ms p99=  39.008ms  errors=0
    r02_seat_status_lookup                 5968.1 ops/s  p50=  0.931ms p99=  26.811ms  errors=0
    r03_section_sales_window@trailing      2338.2 ops/s  p50=  1.936ms p99=  37.265ms  errors=0
    r03_section_sales_window@historical     2166.8 ops/s  p50=  1.961ms p99=  40.104ms  errors=0
    r04_event_recent_confirmations         2141.8 ops/s  p50=  2.184ms p99=  35.354ms  errors=0
    r05_customers_last_purchase_window@trailing       68.1 ops/s  p50=112.635ms p99= 176.070ms  errors=0
    r05_customers_last_purchase_window@historical       68.8 ops/s  p50=112.423ms p99= 174.216ms  errors=0
  wrote /results/e1_sweeper_expiry.json
