  engine: PostgreSQL 15.12-YB-2025.2.6.0-b0 on x86_64-pc-linux-gnu, compiled by clang version 19.1.0 (https://github.com/yugabyte/llvm-project.git a2a6b655e14e7fa1fcf1011a6cb29cb8575249c0), 64-bit
  effective isolation for READ COMMITTED requests: read committed
  database clock minus client clock: 0.004 ms
  dataset: 5 venues, 658 events, 56103 tickets and 2217 holds at load
  loading e2_cart_expiry ...
  loaded in 32.5s (copy 4.2s, index 15.3s)
  verifying answers against ground truth ...
    65/65 checks passed (margin 574s); audit on load: consistent (658 events, 56103 tickets; rejections late=0 boundary=0)
  capturing plans ...
  read benchmark:
    q01_section_map@10                     2762.8 ops/s  p50=  2.229ms p99=  18.572ms  errors=0
    q02_event_sections@10                  3261.0 ops/s  p50=  1.817ms p99=  25.127ms  errors=0
    q03_event_available@10                 2974.0 ops/s  p50=  1.853ms p99=  29.964ms  errors=0
    q01_section_map@100                    1821.1 ops/s  p50=  3.730ms p99=  18.743ms  errors=0
    q02_event_sections@100                 2257.0 ops/s  p50=  3.001ms p99=  18.131ms  errors=0
    q03_event_available@100                2275.4 ops/s  p50=  2.858ms p99=  20.843ms  errors=0
    q01_section_map@1000                   1399.2 ops/s  p50=  4.394ms p99=  29.249ms  errors=0
    q02_event_sections@1000                1034.0 ops/s  p50=  5.302ms p99=  39.782ms  errors=0
    q03_event_available@1000               1069.2 ops/s  p50=  5.246ms p99=  37.828ms  errors=0
    q01_section_map@10000                   957.4 ops/s  p50=  5.943ms p99=  37.786ms  errors=0
    q02_event_sections@10000                169.2 ops/s  p50= 19.483ms p99= 293.028ms  errors=0
    q03_event_available@10000               192.6 ops/s  p50= 18.816ms p99= 202.090ms  errors=0
    q01_section_map@100000                  455.9 ops/s  p50= 11.891ms p99=  63.287ms  errors=0
    q02_event_sections@100000                16.5 ops/s  p50=284.402ms p99=2690.029ms  errors=0
    q03_event_available@100000               18.0 ops/s  p50=277.151ms p99=1846.895ms  errors=0
    q04_hold_seats                         2017.6 ops/s  p50=  3.268ms p99=  20.076ms  errors=0
    q05_customer_tickets                   3401.8 ops/s  p50=  1.570ms p99=  34.354ms  errors=0
    q06_ticket_by_id                       6151.4 ops/s  p50=  0.935ms p99=  23.567ms  errors=0
    r01_holds_expiring_soon                3356.9 ops/s  p50=  1.352ms p99=  34.806ms  errors=0
    r02_seat_status_lookup                 4599.3 ops/s  p50=  1.239ms p99=  26.533ms  errors=0
    r03_section_sales_window@trailing      2233.4 ops/s  p50=  2.011ms p99=  36.518ms  errors=0
    r03_section_sales_window@historical     2029.8 ops/s  p50=  1.928ms p99=  43.056ms  errors=0
    r04_event_recent_confirmations         2227.1 ops/s  p50=  1.874ms p99=  40.559ms  errors=0
    r05_customers_last_purchase_window@trailing       69.3 ops/s  p50=111.875ms p99= 175.015ms  errors=0
    r05_customers_last_purchase_window@historical       68.9 ops/s  p50=112.096ms p99= 172.197ms  errors=0
  wrote /results/e2_cart_expiry.json
