  engine: PostgreSQL 15.12-YB-2025.2.6.0-b0 on x86_64-pc-linux-gnu, compiled by clang version 19.1.0 (https://github.com/yugabyte/llvm-project.git a2a6b655e14e7fa1fcf1011a6cb29cb8575249c0), 64-bit
  effective isolation for READ COMMITTED requests: read committed
  database clock minus client clock: 0.013 ms
  dataset: 5 venues, 658 events, 56103 tickets and 2217 holds at load
  loading k0_naive_confirm ...
  loaded in 29.8s (copy 3.8s, index 15.1s)
  verifying answers against ground truth ...
    65/65 checks passed (margin 579s); audit on load: consistent (658 events, 56103 tickets; rejections late=0 boundary=0)
  capturing plans ...
  read benchmark:
    q01_section_map@10                     3875.6 ops/s  p50=  1.699ms p99=  15.631ms  errors=0
    q02_event_sections@10                  4443.5 ops/s  p50=  1.212ms p99=  29.045ms  errors=0
    q03_event_available@10                 4994.3 ops/s  p50=  1.040ms p99=  31.241ms  errors=0
    q01_section_map@100                    2482.9 ops/s  p50=  2.426ms p99=  26.297ms  errors=0
    q02_event_sections@100                 4096.0 ops/s  p50=  1.293ms p99=  30.801ms  errors=0
    q03_event_available@100                4624.9 ops/s  p50=  1.103ms p99=  34.292ms  errors=0
    q01_section_map@1000                   1663.2 ops/s  p50=  3.310ms p99=  34.617ms  errors=0
    q02_event_sections@1000                2445.8 ops/s  p50=  1.881ms p99=  43.375ms  errors=0
    q03_event_available@1000               2674.2 ops/s  p50=  1.414ms p99=  52.725ms  errors=0
    q01_section_map@10000                  1380.5 ops/s  p50=  3.575ms p99=  43.233ms  errors=0
    q02_event_sections@10000                319.7 ops/s  p50= 13.380ms p99=  67.889ms  errors=0
    q03_event_available@10000               540.3 ops/s  p50=  4.558ms p99=  76.532ms  errors=0
    q01_section_map@100000                  871.2 ops/s  p50=  5.147ms p99=  52.204ms  errors=0
    q02_event_sections@100000                32.3 ops/s  p50=239.128ms p99= 317.449ms  errors=0
    q03_event_available@100000               58.8 ops/s  p50=110.110ms p99= 194.826ms  errors=0
    q04_hold_seats                         1133.0 ops/s  p50=  4.128ms p99=  48.549ms  errors=0
    q05_customer_tickets                   3997.4 ops/s  p50=  1.689ms p99=  13.210ms  errors=0
    q06_ticket_by_id                       6120.3 ops/s  p50=  0.931ms p99=  25.068ms  errors=0
    r01_holds_expiring_soon                4142.4 ops/s  p50=  1.030ms p99=  39.317ms  errors=0
    r02_seat_status_lookup                 5931.3 ops/s  p50=  0.936ms p99=  26.605ms  errors=0
    r03_section_sales_window@trailing      2022.1 ops/s  p50=  1.885ms p99=  47.954ms  errors=0
    r03_section_sales_window@historical     1922.0 ops/s  p50=  1.861ms p99=  51.506ms  errors=0
    r04_event_recent_confirmations         1846.7 ops/s  p50=  1.800ms p99=  52.612ms  errors=0
    r05_customers_last_purchase_window@trailing       69.0 ops/s  p50=112.175ms p99= 172.304ms  errors=0
    r05_customers_last_purchase_window@historical       68.9 ops/s  p50=112.130ms p99= 173.660ms  errors=0
  wrote /results/k0_naive_confirm.json
