  engine: PostgreSQL 15.12-YB-2025.2.6.0-b0 on x86_64-pc-linux-gnu, compiled by clang version 19.1.0 (https://github.com/yugabyte/llvm-project.git a2a6b655e14e7fa1fcf1011a6cb29cb8575249c0), 64-bit
  effective isolation for READ COMMITTED requests: read committed
  database clock minus client clock: 0.000 ms
  dataset: 5 venues, 658 events, 56103 tickets and 2217 holds at load
  loading k1_payment_window ...
  loaded in 30.6s (copy 3.6s, index 16.3s)
  verifying answers against ground truth ...
    65/65 checks passed (margin 575s); audit on load: consistent (658 events, 56103 tickets; rejections late=0 boundary=0)
  capturing plans ...
  read benchmark:
    q01_section_map@10                     3004.9 ops/s  p50=  2.077ms p99=  21.332ms  errors=0
    q02_event_sections@10                  4571.2 ops/s  p50=  1.205ms p99=  28.352ms  errors=0
    q03_event_available@10                 4293.4 ops/s  p50=  1.240ms p99=  30.352ms  errors=0
    q01_section_map@100                    2486.0 ops/s  p50=  2.436ms p99=  26.053ms  errors=0
    q02_event_sections@100                 4307.2 ops/s  p50=  1.241ms p99=  31.070ms  errors=0
    q03_event_available@100                4210.8 ops/s  p50=  1.226ms p99=  33.859ms  errors=0
    q01_section_map@1000                   1808.5 ops/s  p50=  2.870ms p99=  35.600ms  errors=0
    q02_event_sections@1000                2410.8 ops/s  p50=  1.918ms p99=  43.039ms  errors=0
    q03_event_available@1000               2685.3 ops/s  p50=  1.409ms p99=  53.046ms  errors=0
    q01_section_map@10000                  1376.4 ops/s  p50=  3.550ms p99=  44.187ms  errors=0
    q02_event_sections@10000                321.0 ops/s  p50= 13.201ms p99=  68.318ms  errors=0
    q03_event_available@10000               472.0 ops/s  p50=  5.435ms p99=  77.288ms  errors=0
    q01_section_map@100000                  766.8 ops/s  p50=  6.724ms p99=  49.102ms  errors=0
    q02_event_sections@100000                33.1 ops/s  p50=233.972ms p99= 300.799ms  errors=0
    q03_event_available@100000               60.0 ops/s  p50=109.600ms p99= 193.724ms  errors=0
    q04_hold_seats                         1152.5 ops/s  p50=  4.034ms p99=  48.734ms  errors=0
    q05_customer_tickets                   4019.2 ops/s  p50=  1.682ms p99=  13.080ms  errors=0
    q06_ticket_by_id                       6092.7 ops/s  p50=  0.926ms p99=  26.030ms  errors=0
    r01_holds_expiring_soon                4259.2 ops/s  p50=  1.026ms p99=  39.315ms  errors=0
    r02_seat_status_lookup                 6002.0 ops/s  p50=  0.930ms p99=  26.397ms  errors=0
    r03_section_sales_window@trailing      1609.4 ops/s  p50=  3.050ms p99=  35.442ms  errors=0
    r03_section_sales_window@historical     1666.5 ops/s  p50=  2.795ms p99=  40.553ms  errors=0
    r04_event_recent_confirmations         1884.7 ops/s  p50=  2.006ms p99=  47.428ms  errors=0
    r05_customers_last_purchase_window@trailing       63.7 ops/s  p50=119.731ms p99= 179.274ms  errors=0
    r05_customers_last_purchase_window@historical       68.0 ops/s  p50=113.422ms p99= 176.292ms  errors=0
  wrote /results/k1_payment_window.json
