  engine: PostgreSQL 15.12-YB-2025.2.6.0-b0 on x86_64-pc-linux-gnu, compiled by clang version 19.1.0 (https://github.com/yugabyte/llvm-project.git a2a6b655e14e7fa1fcf1011a6cb29cb8575249c0), 64-bit
  effective isolation for READ COMMITTED requests: read committed
  database clock minus client clock: 0.003 ms
  dataset: 5 venues, 658 events, 56103 tickets and 2217 holds at load
  loading l1_claim_rows ...
  loaded in 25.1s (copy 2.8s, index 9.1s)
  verifying answers against ground truth ...
    65/65 checks passed (margin 581s); audit on load: consistent (658 events, 56103 tickets; rejections late=0 boundary=0)
  capturing plans ...
  read benchmark:
    q01_section_map@10                     6176.1 ops/s  p50=  0.927ms p99=  24.250ms  errors=0
    q02_event_sections@10                  2136.7 ops/s  p50=  2.904ms p99=  24.496ms  errors=0
    q03_event_available@10                 2936.8 ops/s  p50=  2.565ms p99=   5.943ms  errors=0
    q01_section_map@100                    4656.7 ops/s  p50=  1.146ms p99=  28.978ms  errors=0
    q02_event_sections@100                 1588.5 ops/s  p50=  3.589ms p99=  24.349ms  errors=0
    q03_event_available@100                2315.5 ops/s  p50=  3.073ms p99=   9.200ms  errors=0
    q01_section_map@1000                   3244.6 ops/s  p50=  1.355ms p99=  43.516ms  errors=0
    q02_event_sections@1000                1757.2 ops/s  p50=  3.128ms p99=  34.947ms  errors=0
    q03_event_available@1000               2247.2 ops/s  p50=  2.736ms p99=  24.816ms  errors=0
    q01_section_map@10000                  1344.3 ops/s  p50=  2.255ms p99=  64.473ms  errors=0
    q02_event_sections@10000                660.7 ops/s  p50=  6.424ms p99=  56.902ms  errors=0
    q03_event_available@10000              1115.3 ops/s  p50=  3.668ms p99=  54.011ms  errors=0
    q01_section_map@100000                  146.1 ops/s  p50= 83.439ms p99=  96.402ms  errors=0
    q02_event_sections@100000                68.8 ops/s  p50=109.170ms p99= 176.036ms  errors=0
    q03_event_available@100000              151.2 ops/s  p50= 79.601ms p99=  97.057ms  errors=0
    q04_hold_seats                          212.4 ops/s  p50= 15.107ms p99=  94.529ms  errors=0
    q05_customer_tickets                   4042.9 ops/s  p50=  1.682ms p99=  13.473ms  errors=0
    q06_ticket_by_id                       6225.6 ops/s  p50=  0.903ms p99=  25.486ms  errors=0
    r01_holds_expiring_soon                4695.5 ops/s  p50=  1.157ms p99=  28.872ms  errors=0
    r02_seat_status_lookup                 6273.1 ops/s  p50=  0.926ms p99=  23.099ms  errors=0
    r03_section_sales_window@trailing      2214.6 ops/s  p50=  1.918ms p99=  40.367ms  errors=0
    r03_section_sales_window@historical     2266.5 ops/s  p50=  1.892ms p99=  40.059ms  errors=0
    r04_event_recent_confirmations         2347.2 ops/s  p50=  1.844ms p99=  34.205ms  errors=0
    r05_customers_last_purchase_window@trailing       56.2 ops/s  p50=125.714ms p99= 200.961ms  errors=0
    r05_customers_last_purchase_window@historical       57.5 ops/s  p50=124.762ms p99= 187.023ms  errors=0
  wrote /results/l1_claim_rows.json
