  engine: PostgreSQL 15.12-YB-2025.2.6.0-b0 on x86_64-pc-linux-gnu, compiled by clang version 19.1.0 (https://github.com/yugabyte/llvm-project.git a2a6b655e14e7fa1fcf1011a6cb29cb8575249c0), 64-bit
  effective isolation for READ COMMITTED requests: read committed
  database clock minus client clock: 0.003 ms
  dataset: 5 venues, 658 events, 56103 tickets and 2217 holds at load
  loading l2_section_document ...
  loaded in 21.1s (copy 1.6s, index 8.2s)
  verifying answers against ground truth ...
    65/65 checks passed (margin 588s); audit on load: consistent (658 events, 56103 tickets; rejections late=0 boundary=0)
  capturing plans ...
  read benchmark:
    q01_section_map@10                     6474.2 ops/s  p50=  0.897ms p99=  22.050ms  errors=0
    q02_event_sections@10                  5428.3 ops/s  p50=  1.055ms p99=  25.041ms  errors=0
    q03_event_available@10                 5098.1 ops/s  p50=  1.092ms p99=  25.774ms  errors=0
    q01_section_map@100                    4688.1 ops/s  p50=  1.290ms p99=  18.345ms  errors=0
    q02_event_sections@100                 5207.6 ops/s  p50=  1.071ms p99=  26.012ms  errors=0
    q03_event_available@100                5424.2 ops/s  p50=  1.056ms p99=  25.078ms  errors=0
    q01_section_map@1000                   5210.5 ops/s  p50=  1.117ms p99=  24.529ms  errors=0
    q02_event_sections@1000                4262.7 ops/s  p50=  1.317ms p99=  26.313ms  errors=0
    q03_event_available@1000               3898.9 ops/s  p50=  1.500ms p99=  24.025ms  errors=0
    q01_section_map@10000                  4973.1 ops/s  p50=  1.189ms p99=  23.485ms  errors=0
    q02_event_sections@10000               2356.3 ops/s  p50=  2.418ms p99=  29.368ms  errors=0
    q03_event_available@10000              2335.7 ops/s  p50=  2.451ms p99=  28.802ms  errors=0
    q01_section_map@100000                 4293.9 ops/s  p50=  1.390ms p99=  23.850ms  errors=0
    q02_event_sections@100000               291.7 ops/s  p50= 19.130ms p99=  62.280ms  errors=0
    q03_event_available@100000              294.6 ops/s  p50= 19.556ms p99=  63.374ms  errors=0
    q04_hold_seats                         5312.7 ops/s  p50=  1.098ms p99=  23.864ms  errors=0
    q05_customer_tickets                   3927.2 ops/s  p50=  1.690ms p99=  12.466ms  errors=0
    q06_ticket_by_id                       6282.4 ops/s  p50=  0.919ms p99=  23.839ms  errors=0
    r01_holds_expiring_soon                5307.3 ops/s  p50=  1.043ms p99=  24.429ms  errors=0
    r02_seat_status_lookup                 2089.6 ops/s  p50=  2.988ms p99=  24.768ms  errors=0
    r03_section_sales_window@trailing      2384.9 ops/s  p50=  1.924ms p99=  32.929ms  errors=0
    r03_section_sales_window@historical     2334.1 ops/s  p50=  1.938ms p99=  36.412ms  errors=0
    r04_event_recent_confirmations         2246.2 ops/s  p50=  2.026ms p99=  31.838ms  errors=0
    r05_customers_last_purchase_window@trailing       53.3 ops/s  p50=151.989ms p99= 196.746ms  errors=0
    r05_customers_last_purchase_window@historical       59.2 ops/s  p50=122.382ms p99= 186.108ms  errors=0
  wrote /results/l2_section_document.json
