  engine: PostgreSQL 15.12-YB-2025.2.6.0-b0 on x86_64-pc-linux-gnu, compiled by clang version 19.1.0 (https://github.com/yugabyte/llvm-project.git a2a6b655e14e7fa1fcf1011a6cb29cb8575249c0), 64-bit
  effective isolation for READ COMMITTED requests: read committed
  database clock minus client clock: 0.003 ms
  dataset: 5 venues, 658 events, 56103 tickets and 2217 holds at load
  loading l3_section_sharded ...
  loaded in 23.5s (copy 3.6s, index 9.0s)
  verifying answers against ground truth ...
    65/65 checks passed (margin 585s); audit on load: consistent (658 events, 56103 tickets; rejections late=0 boundary=0)
  capturing plans ...
  read benchmark:
    q01_section_map@10                     4935.5 ops/s  p50=  1.065ms p99=  29.316ms  errors=0
    q02_event_sections@10                    28.3 ops/s  p50=294.461ms p99= 386.513ms  errors=0
    q03_event_available@10                   24.3 ops/s  p50=307.478ms p99= 401.248ms  errors=0
    q01_section_map@100                    4722.2 ops/s  p50=  1.090ms p99=  33.577ms  errors=0
    q02_event_sections@100                   28.4 ops/s  p50=293.784ms p99= 386.588ms  errors=0
    q03_event_available@100                  24.6 ops/s  p50=305.768ms p99= 394.346ms  errors=0
    q01_section_map@1000                   4138.9 ops/s  p50=  1.171ms p99=  38.324ms  errors=0
    q02_event_sections@1000                  28.5 ops/s  p50=293.320ms p99= 380.964ms  errors=0
    q03_event_available@1000                 24.2 ops/s  p50=307.735ms p99= 398.011ms  errors=0
    q01_section_map@10000                  3417.1 ops/s  p50=  1.285ms p99=  44.522ms  errors=0
    q02_event_sections@10000                 27.6 ops/s  p50=296.094ms p99= 384.746ms  errors=0
    q03_event_available@10000                24.2 ops/s  p50=307.285ms p99= 399.200ms  errors=0
    q01_section_map@100000                 2507.7 ops/s  p50=  1.616ms p99=  50.101ms  errors=0
    q02_event_sections@100000                18.1 ops/s  p50=427.552ms p99= 506.111ms  errors=0
    q03_event_available@100000               21.7 ops/s  p50=390.454ms p99= 484.799ms  errors=0
    q04_hold_seats                         3206.7 ops/s  p50=  1.289ms p99=  48.305ms  errors=0
    q05_customer_tickets                   4117.5 ops/s  p50=  1.675ms p99=  11.232ms  errors=0
    q06_ticket_by_id                       6194.7 ops/s  p50=  0.920ms p99=  23.376ms  errors=0
    r01_holds_expiring_soon                 536.4 ops/s  p50=  7.827ms p99=  60.472ms  errors=0
    r02_seat_status_lookup                   25.8 ops/s  p50=302.131ms p99= 389.275ms  errors=0
    r03_section_sales_window@trailing      2476.2 ops/s  p50=  1.962ms p99=  32.320ms  errors=0
    r03_section_sales_window@historical     2363.8 ops/s  p50=  1.934ms p99=  35.449ms  errors=0
    r04_event_recent_confirmations         2491.6 ops/s  p50=  1.862ms p99=  32.845ms  errors=0
    r05_customers_last_purchase_window@trailing       56.5 ops/s  p50=127.936ms p99= 192.656ms  errors=0
    r05_customers_last_purchase_window@historical       58.3 ops/s  p50=123.747ms p99= 189.315ms  errors=0
  wrote /results/l3_section_sharded.json
