  engine: PostgreSQL 15.12-YB-2025.2.6.0-b0 on x86_64-pc-linux-gnu, compiled by clang version 19.1.0 (https://github.com/yugabyte/llvm-project.git a2a6b655e14e7fa1fcf1011a6cb29cb8575249c0), 64-bit
  effective isolation for READ COMMITTED requests: read committed
  database clock minus client clock: 0.004 ms
  dataset: 5 venues, 658 events, 56103 tickets and 2217 holds at load
  loading s0_check_then_hold_rc ...
  loaded in 29.8s (copy 3.9s, index 15.0s)
  verifying answers against ground truth ...
    65/65 checks passed (margin 576s); audit on load: consistent (658 events, 56103 tickets; rejections late=0 boundary=0)
  capturing plans ...
  read benchmark:
    q01_section_map@10                     3903.9 ops/s  p50=  1.687ms p99=  15.979ms  errors=0
    q02_event_sections@10                  3894.2 ops/s  p50=  1.387ms p99=  28.074ms  errors=0
    q03_event_available@10                 4958.6 ops/s  p50=  1.052ms p99=  30.595ms  errors=0
    q01_section_map@100                    2476.3 ops/s  p50=  2.426ms p99=  26.996ms  errors=0
    q02_event_sections@100                 4351.9 ops/s  p50=  1.219ms p99=  31.475ms  errors=0
    q03_event_available@100                4666.5 ops/s  p50=  1.082ms p99=  34.533ms  errors=0
    q01_section_map@1000                   1877.6 ops/s  p50=  2.898ms p99=  34.941ms  errors=0
    q02_event_sections@1000                2498.7 ops/s  p50=  1.826ms p99=  44.069ms  errors=0
    q03_event_available@1000               2689.1 ops/s  p50=  1.394ms p99=  53.129ms  errors=0
    q01_section_map@10000                  1393.7 ops/s  p50=  3.484ms p99=  43.825ms  errors=0
    q02_event_sections@10000                320.7 ops/s  p50= 13.121ms p99=  68.908ms  errors=0
    q03_event_available@10000               529.3 ops/s  p50=  4.689ms p99=  76.249ms  errors=0
    q01_section_map@100000                  910.2 ops/s  p50=  4.836ms p99=  52.824ms  errors=0
    q02_event_sections@100000                30.5 ops/s  p50=282.206ms p99= 366.094ms  errors=0
    q03_event_available@100000               59.4 ops/s  p50=109.765ms p99= 193.439ms  errors=0
    q04_hold_seats                         1126.1 ops/s  p50=  4.066ms p99=  49.929ms  errors=0
    q05_customer_tickets                   3933.1 ops/s  p50=  1.711ms p99=  13.679ms  errors=0
    q06_ticket_by_id                       5951.8 ops/s  p50=  0.948ms p99=  25.233ms  errors=0
    r01_holds_expiring_soon                4206.2 ops/s  p50=  1.022ms p99=  39.587ms  errors=0
    r02_seat_status_lookup                 5984.1 ops/s  p50=  0.934ms p99=  26.803ms  errors=0
    r03_section_sales_window@trailing      2140.4 ops/s  p50=  1.862ms p99=  45.260ms  errors=0
    r03_section_sales_window@historical     1609.8 ops/s  p50=  1.870ms p99=  55.303ms  errors=0
    r04_event_recent_confirmations         1785.8 ops/s  p50=  1.804ms p99=  53.902ms  errors=0
    r05_customers_last_purchase_window@trailing       67.9 ops/s  p50=113.519ms p99= 174.563ms  errors=0
    r05_customers_last_purchase_window@historical       68.8 ops/s  p50=112.688ms p99= 174.743ms  errors=0
  wrote /results/s0_check_then_hold_rc.json
