  engine: PostgreSQL 15.12-YB-2025.2.6.0-b0 on x86_64-pc-linux-gnu, compiled by clang version 19.1.0 (https://github.com/yugabyte/llvm-project.git a2a6b655e14e7fa1fcf1011a6cb29cb8575249c0), 64-bit
  effective isolation for READ COMMITTED requests: read committed
  database clock minus client clock: 0.002 ms
  dataset: 5 venues, 658 events, 56103 tickets and 2217 holds at load
  loading s1_conditional_update ...
  loaded in 30.7s (copy 3.7s, index 18.4s)
  verifying answers against ground truth ...
    65/65 checks passed (margin 576s); audit on load: consistent (658 events, 56103 tickets; rejections late=0 boundary=0)
  capturing plans ...
  read benchmark:
    q01_section_map@10                     3474.4 ops/s  p50=  1.484ms p99=  35.906ms  errors=0
    q02_event_sections@10                  4713.3 ops/s  p50=  1.193ms p99=  27.668ms  errors=0
    q03_event_available@10                 5337.4 ops/s  p50=  1.002ms p99=  30.588ms  errors=0
    q01_section_map@100                    2195.0 ops/s  p50=  2.239ms p99=  41.343ms  errors=0
    q02_event_sections@100                 4350.2 ops/s  p50=  1.243ms p99=  30.556ms  errors=0
    q03_event_available@100                4842.1 ops/s  p50=  1.044ms p99=  35.171ms  errors=0
    q01_section_map@1000                   1684.0 ops/s  p50=  2.667ms p99=  47.358ms  errors=0
    q02_event_sections@1000                2549.9 ops/s  p50=  1.792ms p99=  43.314ms  errors=0
    q03_event_available@1000               2719.9 ops/s  p50=  1.385ms p99=  53.393ms  errors=0
    q01_section_map@10000                  1228.5 ops/s  p50=  3.330ms p99=  53.775ms  errors=0
    q02_event_sections@10000                287.9 ops/s  p50= 16.640ms p99=  68.540ms  errors=0
    q03_event_available@10000               539.6 ops/s  p50=  4.525ms p99=  76.251ms  errors=0
    q01_section_map@100000                  941.5 ops/s  p50=  4.686ms p99=  52.211ms  errors=0
    q02_event_sections@100000                34.1 ops/s  p50=225.880ms p99= 296.043ms  errors=0
    q03_event_available@100000               58.8 ops/s  p50=110.195ms p99= 196.258ms  errors=0
    q04_hold_seats                         1151.6 ops/s  p50=  3.954ms p99=  49.258ms  errors=0
    q05_customer_tickets                   3395.9 ops/s  p50=  1.563ms p99=  34.558ms  errors=0
    q06_ticket_by_id                       6065.1 ops/s  p50=  0.946ms p99=  24.514ms  errors=0
    r01_holds_expiring_soon                4243.7 ops/s  p50=  1.019ms p99=  39.057ms  errors=0
    r02_seat_status_lookup                 5676.7 ops/s  p50=  0.979ms p99=  26.587ms  errors=0
    r03_section_sales_window@trailing      2141.7 ops/s  p50=  1.840ms p99=  47.100ms  errors=0
    r03_section_sales_window@historical     1991.8 ops/s  p50=  1.843ms p99=  49.365ms  errors=0
    r04_event_recent_confirmations         2110.4 ops/s  p50=  1.750ms p99=  49.393ms  errors=0
    r05_customers_last_purchase_window@trailing       70.1 ops/s  p50=111.483ms p99= 170.522ms  errors=0
    r05_customers_last_purchase_window@historical       70.2 ops/s  p50=110.795ms p99= 171.693ms  errors=0
  wrote /results/s1_conditional_update.json
