  engine: PostgreSQL 15.12-YB-2025.2.6.0-b0 on x86_64-pc-linux-gnu, compiled by clang version 19.1.0 (https://github.com/yugabyte/llvm-project.git a2a6b655e14e7fa1fcf1011a6cb29cb8575249c0), 64-bit
  effective isolation for READ COMMITTED requests: read committed
  database clock minus client clock: 0.002 ms
  dataset: 5 venues, 658 events, 56103 tickets and 2217 holds at load
  loading s1r_confirm_retry ...
  loaded in 29.5s (copy 3.8s, index 16.3s)
  verifying answers against ground truth ...
    65/65 checks passed (margin 574s); audit on load: consistent (658 events, 56103 tickets; rejections late=0 boundary=0)
  capturing plans ...
  read benchmark:
    q01_section_map@10                     3994.2 ops/s  p50=  1.650ms p99=  15.963ms  errors=0
    q02_event_sections@10                  4395.4 ops/s  p50=  1.233ms p99=  28.857ms  errors=0
    q03_event_available@10                 4512.2 ops/s  p50=  1.147ms p99=  30.446ms  errors=0
    q01_section_map@100                    2454.9 ops/s  p50=  2.446ms p99=  26.475ms  errors=0
    q02_event_sections@100                 4320.9 ops/s  p50=  1.235ms p99=  31.352ms  errors=0
    q03_event_available@100                4815.3 ops/s  p50=  1.057ms p99=  34.301ms  errors=0
    q01_section_map@1000                   1881.7 ops/s  p50=  2.882ms p99=  35.478ms  errors=0
    q02_event_sections@1000                2453.9 ops/s  p50=  1.854ms p99=  43.708ms  errors=0
    q03_event_available@1000               2699.3 ops/s  p50=  1.397ms p99=  53.093ms  errors=0
    q01_section_map@10000                  1409.5 ops/s  p50=  3.478ms p99=  43.699ms  errors=0
    q02_event_sections@10000                322.5 ops/s  p50= 13.082ms p99=  68.293ms  errors=0
    q03_event_available@10000               541.1 ops/s  p50=  4.468ms p99=  77.516ms  errors=0
    q01_section_map@100000                  919.6 ops/s  p50=  4.762ms p99=  52.280ms  errors=0
    q02_event_sections@100000                33.8 ops/s  p50=227.646ms p99= 294.639ms  errors=0
    q03_event_available@100000               59.0 ops/s  p50=109.383ms p99= 195.223ms  errors=0
    q04_hold_seats                         1148.0 ops/s  p50=  4.039ms p99=  49.023ms  errors=0
    q05_customer_tickets                   4055.8 ops/s  p50=  1.680ms p99=  12.715ms  errors=0
    q06_ticket_by_id                       6166.0 ops/s  p50=  0.917ms p99=  25.380ms  errors=0
    r01_holds_expiring_soon                4291.1 ops/s  p50=  1.014ms p99=  38.492ms  errors=0
    r02_seat_status_lookup                 5993.9 ops/s  p50=  0.920ms p99=  26.997ms  errors=0
    r03_section_sales_window@trailing      1786.5 ops/s  p50=  1.947ms p99=  47.713ms  errors=0
    r03_section_sales_window@historical     1867.5 ops/s  p50=  1.837ms p99=  52.115ms  errors=0
    r04_event_recent_confirmations         2173.6 ops/s  p50=  1.742ms p99=  49.035ms  errors=0
    r05_customers_last_purchase_window@trailing       70.0 ops/s  p50=110.781ms p99= 174.734ms  errors=0
    r05_customers_last_purchase_window@historical       69.0 ops/s  p50=112.171ms p99= 173.362ms  errors=0
  wrote /results/s1r_confirm_retry.json
