  engine: PostgreSQL 15.12-YB-2025.2.6.0-b0 on x86_64-pc-linux-gnu, compiled by clang version 19.1.0 (https://github.com/yugabyte/llvm-project.git a2a6b655e14e7fa1fcf1011a6cb29cb8575249c0), 64-bit
  effective isolation for READ COMMITTED requests: read committed
  database clock minus client clock: 0.000 ms
  dataset: 5 venues, 658 events, 56103 tickets and 2217 holds at load
  loading s2_lock_then_update ...
  loaded in 29.9s (copy 3.7s, index 14.8s)
  verifying answers against ground truth ...
    65/65 checks passed (margin 576s); audit on load: consistent (658 events, 56103 tickets; rejections late=0 boundary=0)
  capturing plans ...
  read benchmark:
    q01_section_map@10                     3796.4 ops/s  p50=  1.728ms p99=  16.526ms  errors=0
    q02_event_sections@10                  4638.8 ops/s  p50=  1.185ms p99=  28.576ms  errors=0
    q03_event_available@10                 5185.0 ops/s  p50=  1.041ms p99=  29.826ms  errors=0
    q01_section_map@100                    2487.1 ops/s  p50=  2.417ms p99=  26.279ms  errors=0
    q02_event_sections@100                 4308.0 ops/s  p50=  1.245ms p99=  30.883ms  errors=0
    q03_event_available@100                4786.6 ops/s  p50=  1.053ms p99=  34.773ms  errors=0
    q01_section_map@1000                   1898.8 ops/s  p50=  2.869ms p99=  35.044ms  errors=0
    q02_event_sections@1000                2522.4 ops/s  p50=  1.833ms p99=  43.281ms  errors=0
    q03_event_available@1000               2689.4 ops/s  p50=  1.405ms p99=  53.137ms  errors=0
    q01_section_map@10000                  1296.3 ops/s  p50=  3.831ms p99=  42.841ms  errors=0
    q02_event_sections@10000                322.3 ops/s  p50= 13.112ms p99=  67.840ms  errors=0
    q03_event_available@10000               530.8 ops/s  p50=  4.667ms p99=  76.134ms  errors=0
    q01_section_map@100000                  739.2 ops/s  p50=  6.742ms p99=  50.446ms  errors=0
    q02_event_sections@100000                33.6 ops/s  p50=230.000ms p99= 293.387ms  errors=0
    q03_event_available@100000               59.3 ops/s  p50=110.341ms p99= 193.817ms  errors=0
    q04_hold_seats                         1120.6 ops/s  p50=  4.104ms p99=  48.724ms  errors=0
    q05_customer_tickets                   3970.0 ops/s  p50=  1.699ms p99=  13.574ms  errors=0
    q06_ticket_by_id                       6145.4 ops/s  p50=  0.923ms p99=  25.481ms  errors=0
    r01_holds_expiring_soon                4061.8 ops/s  p50=  1.048ms p99=  39.629ms  errors=0
    r02_seat_status_lookup                 5963.5 ops/s  p50=  0.932ms p99=  26.788ms  errors=0
    r03_section_sales_window@trailing      1869.6 ops/s  p50=  1.882ms p99=  51.487ms  errors=0
    r03_section_sales_window@historical     1570.5 ops/s  p50=  2.820ms p99=  42.705ms  errors=0
    r04_event_recent_confirmations         2017.5 ops/s  p50=  1.880ms p99=  48.968ms  errors=0
    r05_customers_last_purchase_window@trailing       64.5 ops/s  p50=117.762ms p99= 180.234ms  errors=0
    r05_customers_last_purchase_window@historical       69.4 ops/s  p50=111.396ms p99= 174.357ms  errors=0
  wrote /results/s2_lock_then_update.json
