  engine: PostgreSQL 15.12-YB-2025.2.6.0-b0 on x86_64-pc-linux-gnu, compiled by clang version 19.1.0 (https://github.com/yugabyte/llvm-project.git a2a6b655e14e7fa1fcf1011a6cb29cb8575249c0), 64-bit
  effective isolation for READ COMMITTED requests: read committed
  database clock minus client clock: 0.005 ms
  dataset: 5 venues, 658 events, 56103 tickets and 2217 holds at load
  loading s3_lock_nowait ...
  loaded in 31.9s (copy 3.6s, index 17.0s)
  verifying answers against ground truth ...
    65/65 checks passed (margin 574s); audit on load: consistent (658 events, 56103 tickets; rejections late=0 boundary=0)
  capturing plans ...
  read benchmark:
    q01_section_map@10                     4071.8 ops/s  p50=  1.618ms p99=  15.751ms  errors=0
    q02_event_sections@10                  4011.3 ops/s  p50=  1.337ms p99=  27.661ms  errors=0
    q03_event_available@10                 5193.0 ops/s  p50=  1.027ms p99=  30.494ms  errors=0
    q01_section_map@100                    2420.6 ops/s  p50=  2.429ms p99=  27.118ms  errors=0
    q02_event_sections@100                 4331.1 ops/s  p50=  1.247ms p99=  30.411ms  errors=0
    q03_event_available@100                4803.8 ops/s  p50=  1.050ms p99=  34.846ms  errors=0
    q01_section_map@1000                   1912.5 ops/s  p50=  2.839ms p99=  35.410ms  errors=0
    q02_event_sections@1000                2465.0 ops/s  p50=  1.892ms p99=  42.774ms  errors=0
    q03_event_available@1000               2608.5 ops/s  p50=  1.422ms p99=  53.602ms  errors=0
    q01_section_map@10000                  1380.2 ops/s  p50=  3.531ms p99=  43.846ms  errors=0
    q02_event_sections@10000                323.4 ops/s  p50= 13.047ms p99=  68.759ms  errors=0
    q03_event_available@10000               539.5 ops/s  p50=  4.548ms p99=  76.679ms  errors=0
    q01_section_map@100000                  914.0 ops/s  p50=  4.811ms p99=  52.106ms  errors=0
    q02_event_sections@100000                33.5 ops/s  p50=232.996ms p99= 302.322ms  errors=0
    q03_event_available@100000               58.9 ops/s  p50=110.592ms p99= 195.349ms  errors=0
    q04_hold_seats                         1132.8 ops/s  p50=  4.109ms p99=  49.033ms  errors=0
    q05_customer_tickets                   3921.6 ops/s  p50=  1.690ms p99=  14.593ms  errors=0
    q06_ticket_by_id                       6058.3 ops/s  p50=  0.916ms p99=  26.886ms  errors=0
    r01_holds_expiring_soon                4302.8 ops/s  p50=  1.017ms p99=  39.100ms  errors=0
    r02_seat_status_lookup                 5972.6 ops/s  p50=  0.928ms p99=  27.284ms  errors=0
    r03_section_sales_window@trailing      2172.8 ops/s  p50=  1.947ms p99=  39.110ms  errors=0
    r03_section_sales_window@historical     1979.2 ops/s  p50=  1.960ms p99=  43.393ms  errors=0
    r04_event_recent_confirmations         2357.1 ops/s  p50=  1.873ms p99=  35.642ms  errors=0
    r05_customers_last_purchase_window@trailing       68.9 ops/s  p50=111.786ms p99= 173.692ms  errors=0
    r05_customers_last_purchase_window@historical       68.9 ops/s  p50=111.830ms p99= 172.909ms  errors=0
  wrote /results/s3_lock_nowait.json
