  engine: PostgreSQL 15.12-YB-2025.2.6.0-b0 on x86_64-pc-linux-gnu, compiled by clang version 19.1.0 (https://github.com/yugabyte/llvm-project.git a2a6b655e14e7fa1fcf1011a6cb29cb8575249c0), 64-bit
  effective isolation for READ COMMITTED requests: read committed
  database clock minus client clock: 0.006 ms
  dataset: 5 venues, 658 events, 56103 tickets and 2217 holds at load
  loading s4_check_then_hold_serializable ...
  loaded in 30.9s (copy 3.5s, index 16.1s)
  verifying answers against ground truth ...
    65/65 checks passed (margin 575s); audit on load: consistent (658 events, 56103 tickets; rejections late=0 boundary=0)
  capturing plans ...
  read benchmark:
    q01_section_map@10                     3980.4 ops/s  p50=  1.656ms p99=  15.259ms  errors=0
    q02_event_sections@10                  4328.5 ops/s  p50=  1.217ms p99=  29.248ms  errors=0
    q03_event_available@10                 4961.1 ops/s  p50=  1.059ms p99=  30.966ms  errors=0
    q01_section_map@100                    2460.9 ops/s  p50=  2.451ms p99=  26.044ms  errors=0
    q02_event_sections@100                 4265.1 ops/s  p50=  1.258ms p99=  30.833ms  errors=0
    q03_event_available@100                4752.7 ops/s  p50=  1.057ms p99=  35.107ms  errors=0
    q01_section_map@1000                   1865.9 ops/s  p50=  2.925ms p99=  34.927ms  errors=0
    q02_event_sections@1000                2475.4 ops/s  p50=  1.879ms p99=  43.019ms  errors=0
    q03_event_available@1000               2683.0 ops/s  p50=  1.406ms p99=  52.890ms  errors=0
    q01_section_map@10000                  1335.0 ops/s  p50=  3.645ms p99=  44.101ms  errors=0
    q02_event_sections@10000                319.2 ops/s  p50= 13.262ms p99=  67.929ms  errors=0
    q03_event_available@10000               535.4 ops/s  p50=  4.621ms p99=  76.302ms  errors=0
    q01_section_map@100000                  923.6 ops/s  p50=  4.762ms p99=  52.467ms  errors=0
    q02_event_sections@100000                33.1 ops/s  p50=231.088ms p99= 301.119ms  errors=0
    q03_event_available@100000               59.6 ops/s  p50=109.652ms p99= 192.722ms  errors=0
    q04_hold_seats                         1138.4 ops/s  p50=  4.039ms p99=  48.904ms  errors=0
    q05_customer_tickets                   4051.6 ops/s  p50=  1.699ms p99=  11.267ms  errors=0
    q06_ticket_by_id                       6054.1 ops/s  p50=  0.920ms p99=  25.309ms  errors=0
    r01_holds_expiring_soon                4070.8 ops/s  p50=  1.013ms p99=  40.891ms  errors=0
    r02_seat_status_lookup                 5893.4 ops/s  p50=  0.943ms p99=  26.689ms  errors=0
    r03_section_sales_window@trailing      1990.8 ops/s  p50=  1.924ms p99=  48.233ms  errors=0
    r03_section_sales_window@historical     2134.4 ops/s  p50=  1.822ms p99=  49.034ms  errors=0
    r04_event_recent_confirmations         1908.1 ops/s  p50=  1.810ms p99=  50.526ms  errors=0
    r05_customers_last_purchase_window@trailing       69.7 ops/s  p50=111.782ms p99= 171.603ms  errors=0
    r05_customers_last_purchase_window@historical       67.9 ops/s  p50=113.456ms p99= 173.402ms  errors=0
  wrote /results/s4_check_then_hold_serializable.json
