  engine: PostgreSQL 15.12-YB-2025.2.6.0-b0 on x86_64-pc-linux-gnu, compiled by clang version 19.1.0 (https://github.com/yugabyte/llvm-project.git a2a6b655e14e7fa1fcf1011a6cb29cb8575249c0), 64-bit
  effective isolation for READ COMMITTED requests: read committed
  database clock minus client clock: 0.002 ms
  dataset: 5 venues, 658 events, 56103 tickets and 2217 holds at load
  loading e0_app_clock_expiry ...
  loaded in 32.3s (copy 4.5s, index 17.0s)
  verifying answers against ground truth ...
    58/58 checks passed (margin 573s); audit on load: consistent (658 events, 56103 tickets; rejections late=0 boundary=0)
  race trial 1/3 (32 buyers per event, fresh load):
      race event 621: gate 2026-09-15T18:44:14.305835884Z, deadline 2026-09-15T18:45:14.305835884Z
      race event 622: gate 2026-09-15T18:44:26.071372454Z, deadline 2026-09-15T18:45:26.071372454Z
      race event 623: gate 2026-09-15T18:44:36.929119044Z, deadline 2026-09-15T18:45:36.929119044Z
      race event 624: gate 2026-09-15T18:44:44.375595142Z, deadline 2026-09-15T18:45:44.375595142Z
      race event 625: gate 2026-09-15T18:44:52.348363738Z, deadline 2026-09-15T18:45:52.348363738Z
    race   1000 seats x5        121.0 seats/s  conflicts/hold=0.95 reads/hold=3.41  hold p50=43.47ms p99=184.99ms  deferred 232/232 ok  confirm retries sold/run=0/0  errors=0  VIOLATIONS
      audit: VIOLATIONS — thefts 0, grants on sold seats 0, double sales 0, sales without the hold 0, late sales 0, early rejections 3 (transient 3), duplicate seats 0, inventory drift 0, invalid seats 0, partial holds 0, ticket mismatches 0
      race event 626: gate 2026-09-15T18:45:01.173298713Z, deadline 2026-09-15T18:46:01.173298713Z
      race event 627: gate 2026-09-15T18:46:09.369013199Z, deadline 2026-09-15T18:47:09.369013199Z
    race  10000 seats x2        121.1 seats/s  conflicts/hold=0.18 reads/hold=1.54  hold p50=75.00ms p99=174.89ms  deferred 605/605 ok  confirm retries sold/run=0/0  errors=0  VIOLATIONS, 2 timed out (72% sold)
      audit: VIOLATIONS — thefts 0, grants on sold seats 0, double sales 0, sales without the hold 0, late sales 0, early rejections 38 (transient 38), duplicate seats 0, inventory drift 0, invalid seats 0, partial holds 0, ticket mismatches 0
  race trial 2/3 (32 buyers per event, fresh load):
      race event 621: gate 2026-09-15T18:47:54.68637429Z, deadline 2026-09-15T18:48:54.68637429Z
      race event 622: gate 2026-09-15T18:48:06.882653108Z, deadline 2026-09-15T18:49:06.882653108Z
      race event 623: gate 2026-09-15T18:48:15.383733016Z, deadline 2026-09-15T18:49:15.383733016Z
      race event 624: gate 2026-09-15T18:48:24.412229249Z, deadline 2026-09-15T18:49:24.412229249Z
      race event 625: gate 2026-09-15T18:48:31.884202375Z, deadline 2026-09-15T18:49:31.884202375Z
    race   1000 seats x5        122.8 seats/s  conflicts/hold=1.03 reads/hold=3.41  hold p50=44.47ms p99=157.68ms  deferred 207/207 ok  confirm retries sold/run=0/0  errors=0  VIOLATIONS
      audit: VIOLATIONS — thefts 0, grants on sold seats 0, double sales 0, sales without the hold 0, late sales 0, early rejections 5 (transient 5), duplicate seats 0, inventory drift 0, invalid seats 0, partial holds 0, ticket mismatches 0
      race event 626: gate 2026-09-15T18:48:44.651070431Z, deadline 2026-09-15T18:49:44.651070431Z
      race event 627: gate 2026-09-15T18:49:49.345006486Z, deadline 2026-09-15T18:50:49.345006486Z
    race  10000 seats x2        121.5 seats/s  conflicts/hold=0.18 reads/hold=1.53  hold p50=75.77ms p99=174.56ms  deferred 588/588 ok  confirm retries sold/run=0/0  errors=0  VIOLATIONS, 2 timed out (73% sold)
      audit: VIOLATIONS — thefts 0, grants on sold seats 0, double sales 0, sales without the hold 0, late sales 0, early rejections 26 (transient 26), duplicate seats 0, inventory drift 0, invalid seats 0, partial holds 0, ticket mismatches 0
  race trial 3/3 (32 buyers per event, fresh load):
      race event 621: gate 2026-09-15T18:51:43.226194948Z, deadline 2026-09-15T18:52:43.226194948Z
      race event 622: gate 2026-09-15T18:51:50.981648144Z, deadline 2026-09-15T18:52:50.981648144Z
      race event 623: gate 2026-09-15T18:51:58.624713443Z, deadline 2026-09-15T18:52:58.624713443Z
      race event 624: gate 2026-09-15T18:52:06.374464863Z, deadline 2026-09-15T18:53:06.374464863Z
      race event 625: gate 2026-09-15T18:52:17.936068118Z, deadline 2026-09-15T18:53:17.936068118Z
    race   1000 seats x5        135.2 seats/s  conflicts/hold=0.96 reads/hold=3.22  hold p50=43.84ms p99=162.51ms  deferred 204/204 ok  confirm retries sold/run=0/0  errors=0  VIOLATIONS
      audit: VIOLATIONS — thefts 0, grants on sold seats 0, double sales 0, sales without the hold 0, late sales 0, early rejections 9 (transient 9), duplicate seats 0, inventory drift 0, invalid seats 0, partial holds 0, ticket mismatches 0
      race event 626: gate 2026-09-15T18:52:25.603563692Z, deadline 2026-09-15T18:53:25.603563692Z
      race event 627: gate 2026-09-15T18:53:33.849622388Z, deadline 2026-09-15T18:54:33.849622388Z
    race  10000 seats x2        120.4 seats/s  conflicts/hold=0.18 reads/hold=1.54  hold p50=75.93ms p99=175.62ms  deferred 590/590 ok  confirm retries sold/run=0/0  errors=0  VIOLATIONS, 2 timed out (72% sold)
      audit: VIOLATIONS — thefts 0, grants on sold seats 0, double sales 0, sales without the hold 0, late sales 0, early rejections 28 (transient 28), duplicate seats 0, inventory drift 0, invalid seats 0, partial holds 0, ticket mismatches 0
  wrote /results/e0_app_clock_expiry.json
