  engine: PostgreSQL 15.12-YB-2025.2.6.0-b0 on x86_64-pc-linux-gnu, compiled by clang version 19.1.0 (https://github.com/yugabyte/llvm-project.git a2a6b655e14e7fa1fcf1011a6cb29cb8575249c0), 64-bit
  effective isolation for READ COMMITTED requests: read committed
  database clock minus client clock: 0.005 ms
  dataset: 5 venues, 658 events, 56103 tickets and 2217 holds at load
  loading e1_sweeper_expiry ...
  loaded in 30.5s (copy 4.0s, index 16.2s)
  verifying answers against ground truth ...
    58/58 checks passed (margin 573s); audit on load: consistent (658 events, 56103 tickets; rejections late=0 boundary=0)
  race trial 1/3 (32 buyers per event, fresh load):
      race event 621: gate 2026-09-15T20:23:11.573945286Z, deadline 2026-09-15T20:24:11.573945286Z
      race event 622: gate 2026-09-15T20:23:21.089979239Z, deadline 2026-09-15T20:24:21.089979239Z
      race event 623: gate 2026-09-15T20:23:28.767937557Z, deadline 2026-09-15T20:24:28.767937557Z
      race event 624: gate 2026-09-15T20:23:35.759007781Z, deadline 2026-09-15T20:24:35.759007781Z
      race event 625: gate 2026-09-15T20:23:46.353695947Z, deadline 2026-09-15T20:24:46.353695947Z
    race   1000 seats x5        134.1 seats/s  conflicts/hold=0.95 reads/hold=3.29  hold p50=37.32ms p99=208.76ms  deferred 220/220 ok  confirm retries sold/run=0/0  errors=0  VIOLATIONS
      audit: VIOLATIONS — thefts 0, grants on sold seats 0, double sales 0, sales without the hold 0, late sales 0, early rejections 2 (transient 2), duplicate seats 0, inventory drift 0, invalid seats 0, partial holds 0, ticket mismatches 0
      race event 626: gate 2026-09-15T20:23:54.261874353Z, deadline 2026-09-15T20:24:54.261874353Z
      race event 627: gate 2026-09-15T20:25:02.534904042Z, deadline 2026-09-15T20:26:02.534904042Z
    race  10000 seats x2        127.8 seats/s  conflicts/hold=0.17 reads/hold=1.56  hold p50=72.89ms p99=165.32ms  deferred 640/640 ok  confirm retries sold/run=0/0  errors=0  VIOLATIONS, 2 timed out (77% sold)
      audit: VIOLATIONS — thefts 0, grants on sold seats 0, double sales 0, sales without the hold 0, late sales 0, early rejections 19 (transient 19), duplicate seats 0, inventory drift 0, invalid seats 0, partial holds 0, ticket mismatches 0
  race trial 2/3 (32 buyers per event, fresh load):
      race event 621: gate 2026-09-15T20:26:47.112167519Z, deadline 2026-09-15T20:27:47.112167519Z
      race event 622: gate 2026-09-15T20:26:53.769242184Z, deadline 2026-09-15T20:27:53.769242184Z
      race event 623: gate 2026-09-15T20:27:01.149864975Z, deadline 2026-09-15T20:28:01.149864975Z
      race event 624: gate 2026-09-15T20:27:08.475189962Z, deadline 2026-09-15T20:28:08.475189962Z
      race event 625: gate 2026-09-15T20:27:19.230240602Z, deadline 2026-09-15T20:28:19.230240602Z
    race   1000 seats x5        142.9 seats/s  conflicts/hold=1.02 reads/hold=3.27  hold p50=35.07ms p99=140.89ms  deferred 191/191 ok  confirm retries sold/run=0/0  errors=0  VIOLATIONS
      audit: VIOLATIONS — thefts 0, grants on sold seats 0, double sales 0, sales without the hold 0, late sales 0, early rejections 6 (transient 6), duplicate seats 0, inventory drift 0, invalid seats 0, partial holds 0, ticket mismatches 0
      race event 626: gate 2026-09-15T20:27:27.639015081Z, deadline 2026-09-15T20:28:27.639015081Z
      race event 627: gate 2026-09-15T20:28:35.830020005Z, deadline 2026-09-15T20:29:35.830020005Z
    race  10000 seats x2        127.6 seats/s  conflicts/hold=0.16 reads/hold=1.54  hold p50=72.84ms p99=165.29ms  deferred 611/611 ok  confirm retries sold/run=0/0  errors=0  VIOLATIONS, 2 timed out (76% sold)
      audit: VIOLATIONS — thefts 0, grants on sold seats 0, double sales 0, sales without the hold 0, late sales 0, early rejections 24 (transient 24), duplicate seats 0, inventory drift 0, invalid seats 0, partial holds 0, ticket mismatches 0
  race trial 3/3 (32 buyers per event, fresh load):
      race event 621: gate 2026-09-15T20:30:21.330735818Z, deadline 2026-09-15T20:31:21.330735818Z
      race event 622: gate 2026-09-15T20:30:28.026728634Z, deadline 2026-09-15T20:31:28.026728634Z
      race event 623: gate 2026-09-15T20:30:35.2414041Z, deadline 2026-09-15T20:31:35.2414041Z
      race event 624: gate 2026-09-15T20:30:42.571717006Z, deadline 2026-09-15T20:31:42.571717006Z
      race event 625: gate 2026-09-15T20:30:53.632901212Z, deadline 2026-09-15T20:31:53.632901212Z
    race   1000 seats x5        145.5 seats/s  conflicts/hold=0.92 reads/hold=3.01  hold p50=35.15ms p99=154.42ms  deferred 205/205 ok  confirm retries sold/run=0/0  errors=0  VIOLATIONS
      audit: VIOLATIONS — thefts 0, grants on sold seats 0, double sales 0, sales without the hold 0, late sales 0, early rejections 15 (transient 15), duplicate seats 0, inventory drift 0, invalid seats 0, partial holds 0, ticket mismatches 0
      race event 626: gate 2026-09-15T20:31:01.040679087Z, deadline 2026-09-15T20:32:01.040679087Z
      race event 627: gate 2026-09-15T20:32:09.226498644Z, deadline 2026-09-15T20:33:09.226498644Z
    race  10000 seats x2        127.4 seats/s  conflicts/hold=0.17 reads/hold=1.58  hold p50=73.63ms p99=162.96ms  deferred 607/607 ok  confirm retries sold/run=0/0  errors=0  VIOLATIONS, 2 timed out (76% sold)
      audit: VIOLATIONS — thefts 0, grants on sold seats 0, double sales 0, sales without the hold 0, late sales 0, early rejections 29 (transient 29), duplicate seats 0, inventory drift 0, invalid seats 0, partial holds 0, ticket mismatches 0
  wrote /results/e1_sweeper_expiry.json
