  engine: PostgreSQL 15.12-YB-2025.2.6.0-b0 on x86_64-pc-linux-gnu, compiled by clang version 19.1.0 (https://github.com/yugabyte/llvm-project.git a2a6b655e14e7fa1fcf1011a6cb29cb8575249c0), 64-bit
  effective isolation for READ COMMITTED requests: read committed
  database clock minus client clock: 0.013 ms
  dataset: 5 venues, 658 events, 56103 tickets and 2217 holds at load
  loading e2_cart_expiry ...
  loaded in 34.9s (copy 5.3s, index 18.9s)
  verifying answers against ground truth ...
    58/58 checks passed (margin 570s); audit on load: consistent (658 events, 56103 tickets; rejections late=0 boundary=0)
  race trial 1/3 (32 buyers per event, fresh load):
      race event 621: gate 2026-09-15T20:54:26.459443826Z, deadline 2026-09-15T20:55:26.459443826Z
      race event 622: gate 2026-09-15T20:54:45.883284315Z, deadline 2026-09-15T20:55:45.883284315Z
      race event 623: gate 2026-09-15T20:54:59.31761424Z, deadline 2026-09-15T20:55:59.31761424Z
      race event 624: gate 2026-09-15T20:55:11.861060888Z, deadline 2026-09-15T20:56:11.861060888Z
      race event 625: gate 2026-09-15T20:55:27.964963492Z, deadline 2026-09-15T20:56:27.964963492Z
    race   1000 seats x5         74.8 seats/s  conflicts/hold=0.87 reads/hold=3.16  hold p50=77.87ms p99=312.65ms  deferred 213/213 ok  confirm retries sold/run=0/0  errors=0  VIOLATIONS
      audit: VIOLATIONS — thefts 0, grants on sold seats 0, double sales 0, sales without the hold 0, late sales 0, early rejections 2 (transient 2), duplicate seats 0, inventory drift 0, invalid seats 0, partial holds 0, ticket mismatches 0
      race event 626: gate 2026-09-15T20:55:42.870171504Z, deadline 2026-09-15T20:56:42.870171504Z
      race event 627: gate 2026-09-15T20:56:51.120835448Z, deadline 2026-09-15T20:57:51.120835448Z
    race  10000 seats x2         44.0 seats/s  conflicts/hold=0.16 reads/hold=1.26  hold p50=139.32ms p99=371.96ms  deferred 212/212 ok  confirm retries sold/run=0/0  errors=0  ok, 2 timed out (27% sold)
      audit: consistent (2 events, 5301 tickets; rejections late=0 boundary=0)
  race trial 2/3 (32 buyers per event, fresh load):
      race event 621: gate 2026-09-15T20:58:37.802584128Z, deadline 2026-09-15T20:59:37.802584128Z
      race event 622: gate 2026-09-15T20:58:50.430424799Z, deadline 2026-09-15T20:59:50.430424799Z
      race event 623: gate 2026-09-15T20:59:06.86358115Z, deadline 2026-09-15T21:00:06.86358115Z
      race event 624: gate 2026-09-15T20:59:19.875058739Z, deadline 2026-09-15T21:00:19.875058739Z
      race event 625: gate 2026-09-15T20:59:36.680978901Z, deadline 2026-09-15T21:00:36.680978901Z
    race   1000 seats x5         79.9 seats/s  conflicts/hold=0.93 reads/hold=3.33  hold p50=78.68ms p99=266.46ms  deferred 206/206 ok  confirm retries sold/run=0/0  errors=0  VIOLATIONS
      audit: VIOLATIONS — thefts 0, grants on sold seats 0, double sales 0, sales without the hold 0, late sales 0, early rejections 2 (transient 2), duplicate seats 0, inventory drift 0, invalid seats 0, partial holds 0, ticket mismatches 0
      race event 626: gate 2026-09-15T20:59:49.862849737Z, deadline 2026-09-15T21:00:49.862849737Z
      race event 627: gate 2026-09-15T21:00:58.291364509Z, deadline 2026-09-15T21:01:58.291364509Z
    race  10000 seats x2         43.0 seats/s  conflicts/hold=0.17 reads/hold=1.22  hold p50=146.28ms p99=388.31ms  deferred 215/215 ok  confirm retries sold/run=0/0  errors=0  VIOLATIONS, 2 timed out (26% sold)
      audit: VIOLATIONS — thefts 0, grants on sold seats 0, double sales 0, sales without the hold 0, late sales 0, early rejections 2 (transient 2), duplicate seats 0, inventory drift 0, invalid seats 0, partial holds 0, ticket mismatches 0
  race trial 3/3 (32 buyers per event, fresh load):
      race event 621: gate 2026-09-15T21:02:48.390677637Z, deadline 2026-09-15T21:03:48.390677637Z
      race event 622: gate 2026-09-15T21:03:00.705834928Z, deadline 2026-09-15T21:04:00.705834928Z
      race event 623: gate 2026-09-15T21:03:16.684226091Z, deadline 2026-09-15T21:04:16.684226091Z
      race event 624: gate 2026-09-15T21:03:29.650588877Z, deadline 2026-09-15T21:04:29.650588877Z
      race event 625: gate 2026-09-15T21:03:45.574881661Z, deadline 2026-09-15T21:04:45.574881661Z
    race   1000 seats x5         82.1 seats/s  conflicts/hold=0.91 reads/hold=3.20  hold p50=80.61ms p99=318.90ms  deferred 204/204 ok  confirm retries sold/run=0/0  errors=0  VIOLATIONS
      audit: VIOLATIONS — thefts 0, grants on sold seats 0, double sales 0, sales without the hold 0, late sales 0, early rejections 3 (transient 3), duplicate seats 0, inventory drift 0, invalid seats 0, partial holds 0, ticket mismatches 0
      race event 626: gate 2026-09-15T21:03:58.795492291Z, deadline 2026-09-15T21:04:58.795492291Z
      race event 627: gate 2026-09-15T21:05:07.164629637Z, deadline 2026-09-15T21:06:07.164629637Z
    race  10000 seats x2         43.2 seats/s  conflicts/hold=0.18 reads/hold=1.25  hold p50=138.34ms p99=398.45ms  deferred 172/172 ok  confirm retries sold/run=0/0  errors=0  ok, 2 timed out (26% sold)
      audit: consistent (2 events, 5202 tickets; rejections late=0 boundary=0)
  wrote /results/e2_cart_expiry.json
