  engine: PostgreSQL 15.12-YB-2025.2.6.0-b0 on x86_64-pc-linux-gnu, compiled by clang version 19.1.0 (https://github.com/yugabyte/llvm-project.git a2a6b655e14e7fa1fcf1011a6cb29cb8575249c0), 64-bit
  effective isolation for READ COMMITTED requests: read committed
  database clock minus client clock: 0.012 ms
  dataset: 5 venues, 658 events, 56103 tickets and 2217 holds at load
  loading k0_naive_confirm ...
  loaded in 32.2s (copy 4.6s, index 17.0s)
  verifying answers against ground truth ...
    58/58 checks passed (margin 573s); audit on load: consistent (658 events, 56103 tickets; rejections late=0 boundary=0)
  race trial 1/3 (32 buyers per event, fresh load):
      race event 621: gate 2026-09-15T19:26:32.911956502Z, deadline 2026-09-15T19:27:32.911956502Z
      race event 622: gate 2026-09-15T19:26:44.453586457Z, deadline 2026-09-15T19:27:44.453586457Z
      race event 623: gate 2026-09-15T19:26:56.539948593Z, deadline 2026-09-15T19:27:56.539948593Z
      race event 624: gate 2026-09-15T19:27:05.283795781Z, deadline 2026-09-15T19:28:05.283795781Z
      race event 625: gate 2026-09-15T19:27:12.725620011Z, deadline 2026-09-15T19:28:12.725620011Z
    race   1000 seats x5        116.7 seats/s  conflicts/hold=0.94 reads/hold=3.06  hold p50=47.87ms p99=207.51ms  deferred 191/191 ok  confirm retries sold/run=0/0  errors=0  ok
      audit: consistent (5 events, 5000 tickets; rejections late=0 boundary=0)
      race event 626: gate 2026-09-15T19:27:21.313337587Z, deadline 2026-09-15T19:28:21.313337587Z
      race event 627: gate 2026-09-15T19:28:29.649066058Z, deadline 2026-09-15T19:29:29.649066058Z
    race  10000 seats x2        112.1 seats/s  conflicts/hold=0.17 reads/hold=1.57  hold p50=79.60ms p99=184.77ms  deferred 538/538 ok  confirm retries sold/run=0/0  errors=0  ok, 2 timed out (67% sold)
      audit: consistent (2 events, 13477 tickets; rejections late=0 boundary=0)
  race trial 2/3 (32 buyers per event, fresh load):
      race event 621: gate 2026-09-15T19:30:13.60310899Z, deadline 2026-09-15T19:31:13.60310899Z
      race event 622: gate 2026-09-15T19:30:22.362098626Z, deadline 2026-09-15T19:31:22.362098626Z
      race event 623: gate 2026-09-15T19:30:34.517634094Z, deadline 2026-09-15T19:31:34.517634094Z
      race event 624: gate 2026-09-15T19:30:43.378365688Z, deadline 2026-09-15T19:31:43.378365688Z
      race event 625: gate 2026-09-15T19:30:51.809031857Z, deadline 2026-09-15T19:31:51.809031857Z
    race   1000 seats x5        119.5 seats/s  conflicts/hold=1.00 reads/hold=3.42  hold p50=46.65ms p99=160.35ms  deferred 189/189 ok  confirm retries sold/run=0/0  errors=0  ok
      audit: consistent (5 events, 5000 tickets; rejections late=0 boundary=0)
      race event 626: gate 2026-09-15T19:31:00.964448795Z, deadline 2026-09-15T19:32:00.964448795Z
      race event 627: gate 2026-09-15T19:32:09.207704832Z, deadline 2026-09-15T19:33:09.207704832Z
    race  10000 seats x2        113.1 seats/s  conflicts/hold=0.18 reads/hold=1.54  hold p50=79.69ms p99=183.73ms  deferred 542/542 ok  confirm retries sold/run=0/0  errors=0  ok, 2 timed out (68% sold)
      audit: consistent (2 events, 13613 tickets; rejections late=0 boundary=0)
  race trial 3/3 (32 buyers per event, fresh load):
      race event 621: gate 2026-09-15T19:33:53.307634527Z, deadline 2026-09-15T19:34:53.307634527Z
      race event 622: gate 2026-09-15T19:34:01.146783144Z, deadline 2026-09-15T19:35:01.146783144Z
      race event 623: gate 2026-09-15T19:34:15.225116964Z, deadline 2026-09-15T19:35:15.225116964Z
      race event 624: gate 2026-09-15T19:34:23.353511694Z, deadline 2026-09-15T19:35:23.353511694Z
      race event 625: gate 2026-09-15T19:34:32.280895079Z, deadline 2026-09-15T19:35:32.280895079Z
    race   1000 seats x5        117.3 seats/s  conflicts/hold=1.02 reads/hold=3.55  hold p50=44.62ms p99=189.29ms  deferred 212/212 ok  confirm retries sold/run=0/0  errors=0  ok
      audit: consistent (5 events, 5000 tickets; rejections late=0 boundary=0)
      race event 626: gate 2026-09-15T19:34:44.999141599Z, deadline 2026-09-15T19:35:44.999141599Z
      race event 627: gate 2026-09-15T19:35:49.61852309Z, deadline 2026-09-15T19:36:49.61852309Z
    race  10000 seats x2        113.3 seats/s  conflicts/hold=0.17 reads/hold=1.50  hold p50=77.48ms p99=184.69ms  deferred 538/538 ok  confirm retries sold/run=0/0  errors=0  ok, 2 timed out (68% sold)
      audit: consistent (2 events, 13620 tickets; rejections late=0 boundary=0)
  wrote /results/k0_naive_confirm.json
