  engine: PostgreSQL 15.12-YB-2025.2.6.0-b0 on x86_64-pc-linux-gnu, compiled by clang version 19.1.0 (https://github.com/yugabyte/llvm-project.git a2a6b655e14e7fa1fcf1011a6cb29cb8575249c0), 64-bit
  effective isolation for READ COMMITTED requests: read committed
  database clock minus client clock: 0.006 ms
  dataset: 5 venues, 658 events, 56103 tickets and 2217 holds at load
  loading k1_payment_window ...
  loaded in 29.3s (copy 4.1s, index 14.9s)
  verifying answers against ground truth ...
    58/58 checks passed (margin 579s); audit on load: consistent (658 events, 56103 tickets; rejections late=0 boundary=0)
  race trial 1/3 (32 buyers per event, fresh load):
      race event 621: gate 2026-09-15T20:12:15.251488191Z, deadline 2026-09-15T20:13:15.251488191Z
      race event 622: gate 2026-09-15T20:12:27.996087614Z, deadline 2026-09-15T20:13:27.996087614Z
      race event 623: gate 2026-09-15T20:12:35.546921244Z, deadline 2026-09-15T20:13:35.546921244Z
      race event 624: gate 2026-09-15T20:12:42.958090533Z, deadline 2026-09-15T20:13:42.958090533Z
      race event 625: gate 2026-09-15T20:12:50.322762277Z, deadline 2026-09-15T20:13:50.322762277Z
    race   1000 seats x5        134.7 seats/s  conflicts/hold=0.95 reads/hold=3.21  hold p50=37.13ms p99=198.63ms  deferred 226/226 ok  confirm retries sold/run=0/0  errors=0  VIOLATIONS
      audit: VIOLATIONS — thefts 0, grants on sold seats 0, double sales 0, sales without the hold 0, late sales 0, early rejections 5 (transient 5), duplicate seats 0, inventory drift 0, invalid seats 0, partial holds 0, ticket mismatches 0
      race event 626: gate 2026-09-15T20:13:01.399954382Z, deadline 2026-09-15T20:14:01.399954382Z
      race event 627: gate 2026-09-15T20:14:09.661954837Z, deadline 2026-09-15T20:15:09.661954837Z
    race  10000 seats x2        128.1 seats/s  conflicts/hold=0.19 reads/hold=1.58  hold p50=74.16ms p99=167.87ms  deferred 631/631 ok  confirm retries sold/run=0/0  errors=0  VIOLATIONS, 2 timed out (77% sold)
      audit: VIOLATIONS — thefts 0, grants on sold seats 0, double sales 0, sales without the hold 0, late sales 0, early rejections 33 (transient 33), duplicate seats 0, inventory drift 0, invalid seats 0, partial holds 0, ticket mismatches 0
  race trial 2/3 (32 buyers per event, fresh load):
      race event 621: gate 2026-09-15T20:15:55.148918268Z, deadline 2026-09-15T20:16:55.148918268Z
      race event 622: gate 2026-09-15T20:16:01.820189108Z, deadline 2026-09-15T20:17:01.820189108Z
      race event 623: gate 2026-09-15T20:16:09.267069374Z, deadline 2026-09-15T20:17:09.267069374Z
      race event 624: gate 2026-09-15T20:16:16.786505981Z, deadline 2026-09-15T20:17:16.786505981Z
      race event 625: gate 2026-09-15T20:16:23.749685313Z, deadline 2026-09-15T20:17:23.749685313Z
    race   1000 seats x5        144.0 seats/s  conflicts/hold=1.01 reads/hold=3.33  hold p50=35.86ms p99=150.69ms  deferred 215/215 ok  confirm retries sold/run=0/0  errors=0  VIOLATIONS
      audit: VIOLATIONS — thefts 0, grants on sold seats 0, double sales 0, sales without the hold 0, late sales 0, early rejections 8 (transient 8), duplicate seats 0, inventory drift 0, invalid seats 0, partial holds 0, ticket mismatches 0
      race event 626: gate 2026-09-15T20:16:35.104172368Z, deadline 2026-09-15T20:17:35.104172368Z
      race event 627: gate 2026-09-15T20:17:43.326830491Z, deadline 2026-09-15T20:18:43.326830491Z
    race  10000 seats x2        126.8 seats/s  conflicts/hold=0.17 reads/hold=1.57  hold p50=74.31ms p99=169.18ms  deferred 638/638 ok  confirm retries sold/run=0/0  errors=0  VIOLATIONS, 2 timed out (76% sold)
      audit: VIOLATIONS — thefts 0, grants on sold seats 0, double sales 0, sales without the hold 0, late sales 0, early rejections 38 (transient 38), duplicate seats 0, inventory drift 0, invalid seats 0, partial holds 0, ticket mismatches 0
  race trial 3/3 (32 buyers per event, fresh load):
      race event 621: gate 2026-09-15T20:19:34.291310257Z, deadline 2026-09-15T20:20:34.291310257Z
      race event 622: gate 2026-09-15T20:19:40.224715776Z, deadline 2026-09-15T20:20:40.224715776Z
      race event 623: gate 2026-09-15T20:19:48.221692548Z, deadline 2026-09-15T20:20:48.221692548Z
      race event 624: gate 2026-09-15T20:19:56.141243613Z, deadline 2026-09-15T20:20:56.141243613Z
      race event 625: gate 2026-09-15T20:20:06.760535184Z, deadline 2026-09-15T20:21:06.760535184Z
    race   1000 seats x5        140.9 seats/s  conflicts/hold=1.05 reads/hold=3.47  hold p50=37.29ms p99=162.19ms  deferred 214/214 ok  confirm retries sold/run=0/0  errors=0  VIOLATIONS
      audit: VIOLATIONS — thefts 0, grants on sold seats 0, double sales 0, sales without the hold 0, late sales 0, early rejections 3 (transient 3), duplicate seats 0, inventory drift 0, invalid seats 0, partial holds 0, ticket mismatches 0
      race event 626: gate 2026-09-15T20:20:15.168643588Z, deadline 2026-09-15T20:21:15.168643588Z
      race event 627: gate 2026-09-15T20:21:23.338768369Z, deadline 2026-09-15T20:22:23.338768369Z
    race  10000 seats x2        128.3 seats/s  conflicts/hold=0.16 reads/hold=1.57  hold p50=74.78ms p99=169.20ms  deferred 617/617 ok  confirm retries sold/run=0/0  errors=0  VIOLATIONS, 2 timed out (77% sold)
      audit: VIOLATIONS — thefts 0, grants on sold seats 0, double sales 0, sales without the hold 0, late sales 0, early rejections 21 (transient 21), duplicate seats 0, inventory drift 0, invalid seats 0, partial holds 0, ticket mismatches 0
  wrote /results/k1_payment_window.json
