  engine: PostgreSQL 15.12-YB-2025.2.6.0-b0 on x86_64-pc-linux-gnu, compiled by clang version 19.1.0 (https://github.com/yugabyte/llvm-project.git a2a6b655e14e7fa1fcf1011a6cb29cb8575249c0), 64-bit
  effective isolation for READ COMMITTED requests: read committed
  database clock minus client clock: 0.006 ms
  dataset: 5 venues, 658 events, 56103 tickets and 2217 holds at load
  loading l1_claim_rows ...
  loaded in 25.0s (copy 3.4s, index 11.0s)
  verifying answers against ground truth ...
    58/58 checks passed (margin 580s); audit on load: consistent (658 events, 56103 tickets; rejections late=0 boundary=0)
  race trial 1/3 (32 buyers per event, fresh load):
      race event 621: gate 2026-09-15T18:21:51.476883975Z, deadline 2026-09-15T18:22:51.476883975Z
      race event 622: gate 2026-09-15T18:22:04.346155816Z, deadline 2026-09-15T18:23:04.346155816Z
      race event 623: gate 2026-09-15T18:22:15.961678443Z, deadline 2026-09-15T18:23:15.961678443Z
      race event 624: gate 2026-09-15T18:22:23.761564019Z, deadline 2026-09-15T18:23:23.761564019Z
      race event 625: gate 2026-09-15T18:22:32.782987473Z, deadline 2026-09-15T18:23:32.782987473Z
    race   1000 seats x5        111.7 seats/s  conflicts/hold=0.86 reads/hold=2.80  hold p50=48.76ms p99=305.73ms  deferred 196/196 ok  confirm retries sold/run=0/0  errors=0  VIOLATIONS
      audit: VIOLATIONS — thefts 0, grants on sold seats 0, double sales 0, sales without the hold 0, late sales 0, early rejections 13 (transient 13), duplicate seats 0, inventory drift 0, invalid seats 0, partial holds 0, ticket mismatches 0
      race event 626: gate 2026-09-15T18:22:45.400494426Z, deadline 2026-09-15T18:23:45.400494426Z
      race event 627: gate 2026-09-15T18:23:50.207291061Z, deadline 2026-09-15T18:24:50.207291061Z
    race  10000 seats x2        115.1 seats/s  conflicts/hold=0.25 reads/hold=1.58  hold p50=71.58ms p99=187.97ms  deferred 547/547 ok  confirm retries sold/run=0/0  errors=0  VIOLATIONS, 2 timed out (69% sold)
      audit: VIOLATIONS — thefts 0, grants on sold seats 0, double sales 0, sales without the hold 0, late sales 0, early rejections 28 (transient 28), duplicate seats 0, inventory drift 0, invalid seats 0, partial holds 0, ticket mismatches 0
  race trial 2/3 (32 buyers per event, fresh load):
      race event 621: gate 2026-09-15T18:25:33.027006457Z, deadline 2026-09-15T18:26:33.027006457Z
      race event 622: gate 2026-09-15T18:25:42.731577821Z, deadline 2026-09-15T18:26:42.731577821Z
      race event 623: gate 2026-09-15T18:25:51.529090567Z, deadline 2026-09-15T18:26:51.529090567Z
      race event 624: gate 2026-09-15T18:26:04.610952012Z, deadline 2026-09-15T18:27:04.610952012Z
      race event 625: gate 2026-09-15T18:26:13.016866673Z, deadline 2026-09-15T18:27:13.016866673Z
    race   1000 seats x5        113.8 seats/s  conflicts/hold=0.88 reads/hold=3.43  hold p50=44.76ms p99=195.62ms  deferred 214/214 ok  confirm retries sold/run=0/0  errors=0  VIOLATIONS
      audit: VIOLATIONS — thefts 0, grants on sold seats 0, double sales 0, sales without the hold 0, late sales 0, early rejections 5 (transient 5), duplicate seats 0, inventory drift 0, invalid seats 0, partial holds 0, ticket mismatches 0
      race event 626: gate 2026-09-15T18:26:22.368958566Z, deadline 2026-09-15T18:27:22.368958566Z
      race event 627: gate 2026-09-15T18:27:30.692466311Z, deadline 2026-09-15T18:28:30.692466311Z
    race  10000 seats x2        114.4 seats/s  conflicts/hold=0.24 reads/hold=1.55  hold p50=70.31ms p99=180.69ms  deferred 546/546 ok  confirm retries sold/run=0/0  errors=0  VIOLATIONS, 2 timed out (68% sold)
      audit: VIOLATIONS — thefts 0, grants on sold seats 0, double sales 0, sales without the hold 0, late sales 0, early rejections 41 (transient 41), duplicate seats 0, inventory drift 0, invalid seats 0, partial holds 0, ticket mismatches 0
  race trial 3/3 (32 buyers per event, fresh load):
      race event 621: gate 2026-09-15T18:29:09.714022655Z, deadline 2026-09-15T18:30:09.714022655Z
      race event 622: gate 2026-09-15T18:29:19.455727667Z, deadline 2026-09-15T18:30:19.455727667Z
      race event 623: gate 2026-09-15T18:29:28.536556729Z, deadline 2026-09-15T18:30:28.536556729Z
      race event 624: gate 2026-09-15T18:29:40.631891391Z, deadline 2026-09-15T18:30:40.631891391Z
      race event 625: gate 2026-09-15T18:29:49.059609266Z, deadline 2026-09-15T18:30:49.059609266Z
    race   1000 seats x5        114.9 seats/s  conflicts/hold=0.92 reads/hold=3.24  hold p50=49.92ms p99=190.96ms  deferred 212/212 ok  confirm retries sold/run=0/0  errors=0  VIOLATIONS
      audit: VIOLATIONS — thefts 0, grants on sold seats 0, double sales 0, sales without the hold 0, late sales 0, early rejections 8 (transient 8), duplicate seats 0, inventory drift 0, invalid seats 0, partial holds 0, ticket mismatches 0
      race event 626: gate 2026-09-15T18:29:58.512463302Z, deadline 2026-09-15T18:30:58.512463302Z
      race event 627: gate 2026-09-15T18:31:06.809960116Z, deadline 2026-09-15T18:32:06.809960116Z
    race  10000 seats x2        115.8 seats/s  conflicts/hold=0.24 reads/hold=1.57  hold p50=71.02ms p99=181.92ms  deferred 537/537 ok  confirm retries sold/run=0/0  errors=0  VIOLATIONS, 2 timed out (69% sold)
      audit: VIOLATIONS — thefts 0, grants on sold seats 0, double sales 0, sales without the hold 0, late sales 0, early rejections 32 (transient 32), duplicate seats 0, inventory drift 0, invalid seats 0, partial holds 0, ticket mismatches 0
  wrote /results/l1_claim_rows.json
