  engine: PostgreSQL 15.12-YB-2025.2.6.0-b0 on x86_64-pc-linux-gnu, compiled by clang version 19.1.0 (https://github.com/yugabyte/llvm-project.git a2a6b655e14e7fa1fcf1011a6cb29cb8575249c0), 64-bit
  effective isolation for READ COMMITTED requests: read committed
  database clock minus client clock: 0.005 ms
  dataset: 5 venues, 658 events, 56103 tickets and 2217 holds at load
  loading l2_section_document ...
  loaded in 21.5s (copy 1.6s, index 9.6s)
  verifying answers against ground truth ...
    58/58 checks passed (margin 583s); audit on load: consistent (658 events, 56103 tickets; rejections late=0 boundary=0)
  race trial 1/3 (32 buyers per event, fresh load):
      race event 621: gate 2026-09-15T19:48:35.127691413Z, deadline 2026-09-15T19:49:35.127691413Z
      race event 622: gate 2026-09-15T19:48:53.086340697Z, deadline 2026-09-15T19:49:53.086340697Z
      race event 623: gate 2026-09-15T19:49:13.032326436Z, deadline 2026-09-15T19:50:13.032326436Z
      race event 624: gate 2026-09-15T19:49:30.149041863Z, deadline 2026-09-15T19:50:30.149041863Z
      race event 625: gate 2026-09-15T19:49:48.25942976Z, deadline 2026-09-15T19:50:48.25942976Z
    race   1000 seats x5         64.0 seats/s  conflicts/hold=2.12 reads/hold=4.62  hold p50=71.59ms p99=1186.90ms  deferred 201/201 ok  confirm retries sold/run=0/0  errors=0  VIOLATIONS
      audit: VIOLATIONS — thefts 0, grants on sold seats 0, double sales 0, sales without the hold 0, late sales 0, early rejections 1 (transient 0), duplicate seats 0, inventory drift 0, invalid seats 0, partial holds 0, ticket mismatches 0
      race event 626: gate 2026-09-15T19:50:05.88756223Z, deadline 2026-09-15T19:51:05.88756223Z
      race event 627: gate 2026-09-15T19:51:15.292623633Z, deadline 2026-09-15T19:52:15.292623633Z
    race  10000 seats x2        111.5 seats/s  conflicts/hold=0.77 reads/hold=2.07  hold p50=52.03ms p99=1225.92ms  deferred 531/531 ok  confirm retries sold/run=0/0  errors=0  VIOLATIONS, 2 timed out (67% sold)
      audit: VIOLATIONS — thefts 0, grants on sold seats 0, double sales 0, sales without the hold 0, late sales 0, early rejections 15 (transient 0), duplicate seats 0, inventory drift 0, invalid seats 0, partial holds 0, ticket mismatches 0
  race trial 2/3 (32 buyers per event, fresh load):
      race event 621: gate 2026-09-15T19:52:50.565352037Z, deadline 2026-09-15T19:53:50.565352037Z
      race event 622: gate 2026-09-15T19:53:07.037433621Z, deadline 2026-09-15T19:54:07.037433621Z
      race event 623: gate 2026-09-15T19:53:26.734787768Z, deadline 2026-09-15T19:54:26.734787768Z
      race event 624: gate 2026-09-15T19:53:43.763149671Z, deadline 2026-09-15T19:54:43.763149671Z
      race event 625: gate 2026-09-15T19:54:04.740599111Z, deadline 2026-09-15T19:55:04.740599111Z
    race   1000 seats x5         64.1 seats/s  conflicts/hold=2.28 reads/hold=4.76  hold p50=62.08ms p99=1166.39ms  deferred 200/200 ok  confirm retries sold/run=0/0  errors=0  VIOLATIONS
      audit: VIOLATIONS — thefts 0, grants on sold seats 0, double sales 0, sales without the hold 0, late sales 0, early rejections 1 (transient 0), duplicate seats 0, inventory drift 0, invalid seats 0, partial holds 0, ticket mismatches 0
      race event 626: gate 2026-09-15T19:54:25.015306745Z, deadline 2026-09-15T19:55:25.015306745Z
      race event 627: gate 2026-09-15T19:55:30.981116413Z, deadline 2026-09-15T19:56:30.981116413Z
    race  10000 seats x2        114.3 seats/s  conflicts/hold=0.80 reads/hold=2.12  hold p50=53.77ms p99=1125.87ms  deferred 549/549 ok  confirm retries sold/run=0/0  errors=0  VIOLATIONS, 2 timed out (68% sold)
      audit: VIOLATIONS — thefts 0, grants on sold seats 0, double sales 0, sales without the hold 0, late sales 0, early rejections 13 (transient 0), duplicate seats 0, inventory drift 0, invalid seats 0, partial holds 0, ticket mismatches 0
  race trial 3/3 (32 buyers per event, fresh load):
      race event 621: gate 2026-09-15T19:57:05.823758353Z, deadline 2026-09-15T19:58:05.823758353Z
      race event 622: gate 2026-09-15T19:57:25.672571126Z, deadline 2026-09-15T19:58:25.672571126Z
      race event 623: gate 2026-09-15T19:57:41.753135772Z, deadline 2026-09-15T19:58:41.753135772Z
      race event 624: gate 2026-09-15T19:58:00.364391388Z, deadline 2026-09-15T19:59:00.364391388Z
      race event 625: gate 2026-09-15T19:58:15.578275955Z, deadline 2026-09-15T19:59:15.578275955Z
    race   1000 seats x5         67.2 seats/s  conflicts/hold=2.32 reads/hold=4.78  hold p50=61.01ms p99=1291.66ms  deferred 219/219 ok  confirm retries sold/run=0/0  errors=0  VIOLATIONS
      audit: VIOLATIONS — thefts 0, grants on sold seats 0, double sales 0, sales without the hold 0, late sales 0, early rejections 1 (transient 0), duplicate seats 0, inventory drift 0, invalid seats 0, partial holds 0, ticket mismatches 0
      race event 626: gate 2026-09-15T19:58:36.106953111Z, deadline 2026-09-15T19:59:36.106953111Z
      race event 627: gate 2026-09-15T19:59:42.390492562Z, deadline 2026-09-15T20:00:42.390492562Z
    race  10000 seats x2        109.9 seats/s  conflicts/hold=0.84 reads/hold=2.10  hold p50=52.18ms p99=1121.42ms  deferred 532/532 ok  confirm retries sold/run=0/0  errors=0  VIOLATIONS, 2 timed out (66% sold)
      audit: VIOLATIONS — thefts 0, grants on sold seats 0, double sales 0, sales without the hold 0, late sales 0, early rejections 10 (transient 0), duplicate seats 0, inventory drift 0, invalid seats 0, partial holds 0, ticket mismatches 0
  wrote /results/l2_section_document.json
