  engine: PostgreSQL 15.12-YB-2025.2.6.0-b0 on x86_64-pc-linux-gnu, compiled by clang version 19.1.0 (https://github.com/yugabyte/llvm-project.git a2a6b655e14e7fa1fcf1011a6cb29cb8575249c0), 64-bit
  effective isolation for READ COMMITTED requests: read committed
  database clock minus client clock: 0.019 ms
  dataset: 5 venues, 658 events, 56103 tickets and 2217 holds at load
  loading l3_section_sharded ...
  loaded in 27.5s (copy 5.4s, index 11.0s)
  verifying answers against ground truth ...
    58/58 checks passed (margin 578s); audit on load: consistent (658 events, 56103 tickets; rejections late=0 boundary=0)
  race trial 1/3 (32 buyers per event, fresh load):
      race event 621: gate 2026-09-15T18:55:21.446303114Z, deadline 2026-09-15T18:56:21.446303114Z
      race event 622: gate 2026-09-15T18:56:30.116150409Z, deadline 2026-09-15T18:57:30.116150409Z
      race event 623: gate 2026-09-15T18:57:34.768640933Z, deadline 2026-09-15T18:58:34.768640933Z
    race   1000 seats x3         16.8 seats/s  conflicts/hold=0.13 reads/hold=2.23  hold p50=93.08ms p99=386.30ms  deferred 135/135 ok  confirm retries sold/run=0/0  errors=0  VIOLATIONS, 3 timed out (99% sold)
      audit: VIOLATIONS — thefts 0, grants on sold seats 0, double sales 0, sales without the hold 0, late sales 0, early rejections 2 (transient 2), duplicate seats 0, inventory drift 0, invalid seats 0, partial holds 0, ticket mismatches 0
      race event 626: gate 2026-09-15T18:58:46.232908123Z, deadline 2026-09-15T18:59:46.232908123Z
      race event 627: gate 2026-09-15T18:59:54.792590464Z, deadline 2026-09-15T19:00:54.792590464Z
    race  10000 seats x2         30.8 seats/s  conflicts/hold=0.07 reads/hold=1.12  hold p50=99.83ms p99=315.35ms  deferred 148/148 ok  confirm retries sold/run=0/0  errors=0  VIOLATIONS, 2 timed out (18% sold)
      audit: VIOLATIONS — thefts 0, grants on sold seats 0, double sales 0, sales without the hold 0, late sales 0, early rejections 3 (transient 3), duplicate seats 0, inventory drift 0, invalid seats 0, partial holds 0, ticket mismatches 0
  race trial 2/3 (32 buyers per event, fresh load):
      race event 621: gate 2026-09-15T19:01:36.323609927Z, deadline 2026-09-15T19:02:36.323609927Z
      race event 622: gate 2026-09-15T19:02:43.16654249Z, deadline 2026-09-15T19:03:43.16654249Z
      race event 623: gate 2026-09-15T19:03:51.826500365Z, deadline 2026-09-15T19:04:51.826500365Z
      race event 624: gate 2026-09-15T19:04:53.420153914Z, deadline 2026-09-15T19:05:53.420153914Z
    race   1000 seats x4         18.0 seats/s  conflicts/hold=0.12 reads/hold=2.08  hold p50=92.77ms p99=314.54ms  deferred 173/173 ok  confirm retries sold/run=0/0  errors=0  VIOLATIONS, 1 timed out (98% sold)
      audit: VIOLATIONS — thefts 0, grants on sold seats 0, double sales 0, sales without the hold 0, late sales 0, early rejections 1 (transient 1), duplicate seats 0, inventory drift 0, invalid seats 0, partial holds 0, ticket mismatches 0
      race event 626: gate 2026-09-15T19:05:58.00556797Z, deadline 2026-09-15T19:06:58.00556797Z
      race event 627: gate 2026-09-15T19:07:06.273549747Z, deadline 2026-09-15T19:08:06.273549747Z
    race  10000 seats x2         30.7 seats/s  conflicts/hold=0.06 reads/hold=1.11  hold p50=99.35ms p99=308.62ms  deferred 144/144 ok  confirm retries sold/run=0/0  errors=0  VIOLATIONS, 2 timed out (18% sold)
      audit: VIOLATIONS — thefts 0, grants on sold seats 0, double sales 0, sales without the hold 0, late sales 0, early rejections 2 (transient 2), duplicate seats 0, inventory drift 0, invalid seats 0, partial holds 0, ticket mismatches 0
  race trial 3/3 (32 buyers per event, fresh load):
      race event 621: gate 2026-09-15T19:08:47.057534205Z, deadline 2026-09-15T19:09:47.057534205Z
      race event 622: gate 2026-09-15T19:09:55.206526013Z, deadline 2026-09-15T19:10:55.206526013Z
      race event 623: gate 2026-09-15T19:11:03.419882628Z, deadline 2026-09-15T19:12:03.419882628Z
    race   1000 seats x3         16.5 seats/s  conflicts/hold=0.14 reads/hold=2.39  hold p50=92.14ms p99=286.59ms  deferred 122/122 ok  confirm retries sold/run=0/0  errors=0  VIOLATIONS, 3 timed out (99% sold)
      audit: VIOLATIONS — thefts 0, grants on sold seats 0, double sales 0, sales without the hold 0, late sales 0, early rejections 1 (transient 1), duplicate seats 0, inventory drift 0, invalid seats 0, partial holds 0, ticket mismatches 0
      race event 626: gate 2026-09-15T19:12:13.96053622Z, deadline 2026-09-15T19:13:13.96053622Z
      race event 627: gate 2026-09-15T19:13:22.032557275Z, deadline 2026-09-15T19:14:22.032557275Z
    race  10000 seats x2         31.2 seats/s  conflicts/hold=0.06 reads/hold=1.11  hold p50=99.04ms p99=303.61ms  deferred 140/140 ok  confirm retries sold/run=0/0  errors=0  VIOLATIONS, 2 timed out (19% sold)
      audit: VIOLATIONS — thefts 0, grants on sold seats 0, double sales 0, sales without the hold 0, late sales 0, early rejections 1 (transient 1), duplicate seats 0, inventory drift 0, invalid seats 0, partial holds 0, ticket mismatches 0
  wrote /results/l3_section_sharded.json
