  engine: PostgreSQL 15.12-YB-2025.2.6.0-b0 on x86_64-pc-linux-gnu, compiled by clang version 19.1.0 (https://github.com/yugabyte/llvm-project.git a2a6b655e14e7fa1fcf1011a6cb29cb8575249c0), 64-bit
  effective isolation for READ COMMITTED requests: read committed
  database clock minus client clock: 0.004 ms
  dataset: 5 venues, 658 events, 56103 tickets and 2217 holds at load
  loading s0_check_then_hold_rc ...
  loaded in 29.3s (copy 4.5s, index 17.2s)
  verifying answers against ground truth ...
    58/58 checks passed (margin 573s); audit on load: consistent (658 events, 56103 tickets; rejections late=0 boundary=0)
  race trial 1/3 (32 buyers per event, fresh load):
      race event 621: gate 2026-09-15T18:10:51.420603419Z, deadline 2026-09-15T18:11:51.420603419Z
      race event 622: gate 2026-09-15T18:11:02.231997525Z, deadline 2026-09-15T18:12:02.231997525Z
      race event 623: gate 2026-09-15T18:11:10.829362Z, deadline 2026-09-15T18:12:10.829362Z
      race event 624: gate 2026-09-15T18:11:18.709725365Z, deadline 2026-09-15T18:12:18.709725365Z
      race event 625: gate 2026-09-15T18:11:30.160365393Z, deadline 2026-09-15T18:12:30.160365393Z
    race   1000 seats x5        128.7 seats/s  conflicts/hold=0.38 reads/hold=2.54  hold p50=65.80ms p99=301.90ms  deferred 168/209 ok  confirm retries sold/run=0/0  errors=541  VIOLATIONS
      audit: VIOLATIONS — thefts 380, grants on sold seats 0, double sales 0, sales without the hold 0, late sales 0, early rejections 202 (transient 11), duplicate seats 0, inventory drift 0, invalid seats 0, partial holds 0, ticket mismatches 0
      first error: ERROR: new row for relation "event_seat" violates check constraint "event_seat_held_has_holder" (SQLSTATE 23514)
      race event 626: gate 2026-09-15T18:11:38.690341853Z, deadline 2026-09-15T18:12:38.690341853Z
      race event 627: gate 2026-09-15T18:12:47.562485997Z, deadline 2026-09-15T18:13:47.562485997Z
    race  10000 seats x2        116.6 seats/s  conflicts/hold=0.07 reads/hold=1.40  hold p50=90.84ms p99=194.98ms  deferred 540/588 ok  confirm retries sold/run=0/0  errors=357  VIOLATIONS, 2 timed out (68% sold)
      audit: VIOLATIONS — thefts 307, grants on sold seats 0, double sales 0, sales without the hold 0, late sales 0, early rejections 172 (transient 29), duplicate seats 0, inventory drift 0, invalid seats 0, partial holds 0, ticket mismatches 0
      first error: ERROR: new row for relation "event_seat" violates check constraint "event_seat_held_has_holder" (SQLSTATE 23514)
  race trial 2/3 (32 buyers per event, fresh load):
      race event 621: gate 2026-09-15T18:14:32.790779038Z, deadline 2026-09-15T18:15:32.790779038Z
      race event 622: gate 2026-09-15T18:14:41.013438382Z, deadline 2026-09-15T18:15:41.013438382Z
      race event 623: gate 2026-09-15T18:14:49.993429949Z, deadline 2026-09-15T18:15:49.993429949Z
      race event 624: gate 2026-09-15T18:15:02.093309507Z, deadline 2026-09-15T18:16:02.093309507Z
      race event 625: gate 2026-09-15T18:15:10.48820707Z, deadline 2026-09-15T18:16:10.48820707Z
    race   1000 seats x5        134.3 seats/s  conflicts/hold=0.41 reads/hold=2.45  hold p50=68.42ms p99=214.20ms  deferred 162/234 ok  confirm retries sold/run=0/0  errors=619  VIOLATIONS
      audit: VIOLATIONS — thefts 434, grants on sold seats 0, double sales 0, sales without the hold 0, late sales 0, early rejections 229 (transient 9), duplicate seats 0, inventory drift 0, invalid seats 0, partial holds 0, ticket mismatches 0
      first error: ERROR: new row for relation "event_seat" violates check constraint "event_seat_held_has_holder" (SQLSTATE 23514)
      race event 626: gate 2026-09-15T18:15:19.005338701Z, deadline 2026-09-15T18:16:19.005338701Z
      race event 627: gate 2026-09-15T18:16:27.291545812Z, deadline 2026-09-15T18:17:27.291545812Z
    race  10000 seats x2        117.6 seats/s  conflicts/hold=0.07 reads/hold=1.39  hold p50=88.54ms p99=194.31ms  deferred 533/584 ok  confirm retries sold/run=0/0  errors=394  VIOLATIONS, 2 timed out (69% sold)
      audit: VIOLATIONS — thefts 267, grants on sold seats 0, double sales 0, sales without the hold 0, late sales 0, early rejections 159 (transient 28), duplicate seats 0, inventory drift 0, invalid seats 0, partial holds 0, ticket mismatches 0
      first error: ERROR: new row for relation "event_seat" violates check constraint "event_seat_held_has_holder" (SQLSTATE 23514)
  race trial 3/3 (32 buyers per event, fresh load):
      race event 621: gate 2026-09-15T18:18:14.216010778Z, deadline 2026-09-15T18:19:14.216010778Z
      race event 622: gate 2026-09-15T18:18:23.14499138Z, deadline 2026-09-15T18:19:23.14499138Z
      race event 623: gate 2026-09-15T18:18:35.040848599Z, deadline 2026-09-15T18:19:35.040848599Z
      race event 624: gate 2026-09-15T18:18:43.207600782Z, deadline 2026-09-15T18:19:43.207600782Z
      race event 625: gate 2026-09-15T18:18:51.397198686Z, deadline 2026-09-15T18:19:51.397198686Z
    race   1000 seats x5        131.0 seats/s  conflicts/hold=0.42 reads/hold=2.65  hold p50=66.99ms p99=194.69ms  deferred 149/207 ok  confirm retries sold/run=0/0  errors=633  VIOLATIONS
      audit: VIOLATIONS — thefts 413, grants on sold seats 0, double sales 0, sales without the hold 0, late sales 0, early rejections 222 (transient 8), duplicate seats 0, inventory drift 0, invalid seats 0, partial holds 0, ticket mismatches 0
      first error: ERROR: new row for relation "event_seat" violates check constraint "event_seat_held_has_holder" (SQLSTATE 23514)
      race event 626: gate 2026-09-15T18:19:01.183048599Z, deadline 2026-09-15T18:20:01.183048599Z
      race event 627: gate 2026-09-15T18:20:09.568915478Z, deadline 2026-09-15T18:21:09.568915478Z
    race  10000 seats x2        118.1 seats/s  conflicts/hold=0.07 reads/hold=1.41  hold p50=87.94ms p99=195.57ms  deferred 540/594 ok  confirm retries sold/run=0/0  errors=417  VIOLATIONS, 2 timed out (69% sold)
      audit: VIOLATIONS — thefts 319, grants on sold seats 0, double sales 0, sales without the hold 0, late sales 0, early rejections 179 (transient 25), duplicate seats 0, inventory drift 0, invalid seats 0, partial holds 0, ticket mismatches 0
      first error: ERROR: new row for relation "event_seat" violates check constraint "event_seat_held_has_holder" (SQLSTATE 23514)
  wrote /results/s0_check_then_hold_rc.json
