  engine: PostgreSQL 15.12-YB-2025.2.6.0-b0 on x86_64-pc-linux-gnu, compiled by clang version 19.1.0 (https://github.com/yugabyte/llvm-project.git a2a6b655e14e7fa1fcf1011a6cb29cb8575249c0), 64-bit
  effective isolation for READ COMMITTED requests: read committed
  database clock minus client clock: 0.006 ms
  dataset: 5 venues, 658 events, 56103 tickets and 2217 holds at load
  loading s1_conditional_update ...
  loaded in 32.0s (copy 4.9s, index 17.0s)
  verifying answers against ground truth ...
    58/58 checks passed (margin 572s); audit on load: consistent (658 events, 56103 tickets; rejections late=0 boundary=0)
  race trial 1/3 (32 buyers per event, fresh load):
      race event 621: gate 2026-09-15T20:01:35.74737137Z, deadline 2026-09-15T20:02:35.74737137Z
      race event 622: gate 2026-09-15T20:01:45.495724948Z, deadline 2026-09-15T20:02:45.495724948Z
      race event 623: gate 2026-09-15T20:01:53.566164679Z, deadline 2026-09-15T20:02:53.566164679Z
      race event 624: gate 2026-09-15T20:02:01.090251666Z, deadline 2026-09-15T20:03:01.090251666Z
      race event 625: gate 2026-09-15T20:02:12.006583476Z, deadline 2026-09-15T20:03:12.006583476Z
    race   1000 seats x5        125.7 seats/s  conflicts/hold=1.06 reads/hold=3.49  hold p50=31.72ms p99=257.70ms  deferred 214/214 ok  confirm retries sold/run=0/0  errors=0  VIOLATIONS
      audit: VIOLATIONS — thefts 0, grants on sold seats 0, double sales 0, sales without the hold 0, late sales 0, early rejections 6 (transient 6), duplicate seats 0, inventory drift 0, invalid seats 0, partial holds 0, ticket mismatches 0
      race event 626: gate 2026-09-15T20:02:21.043691807Z, deadline 2026-09-15T20:03:21.043691807Z
      race event 627: gate 2026-09-15T20:03:29.05165208Z, deadline 2026-09-15T20:04:29.05165208Z
    race  10000 seats x2         86.0 seats/s  conflicts/hold=0.29 reads/hold=1.48  hold p50=88.49ms p99=197.53ms  deferred 443/443 ok  confirm retries sold/run=0/0  errors=0  VIOLATIONS, 2 timed out (52% sold)
      audit: VIOLATIONS — thefts 0, grants on sold seats 0, double sales 0, sales without the hold 0, late sales 0, early rejections 20 (transient 20), duplicate seats 0, inventory drift 0, invalid seats 0, partial holds 0, ticket mismatches 0
  race trial 2/3 (32 buyers per event, fresh load):
      race event 621: gate 2026-09-15T20:05:14.827798813Z, deadline 2026-09-15T20:06:14.827798813Z
      race event 622: gate 2026-09-15T20:05:21.238353723Z, deadline 2026-09-15T20:06:21.238353723Z
      race event 623: gate 2026-09-15T20:05:28.464070776Z, deadline 2026-09-15T20:06:28.464070776Z
      race event 624: gate 2026-09-15T20:05:35.687934297Z, deadline 2026-09-15T20:06:35.687934297Z
      race event 625: gate 2026-09-15T20:05:46.638463531Z, deadline 2026-09-15T20:06:46.638463531Z
    race   1000 seats x5        147.7 seats/s  conflicts/hold=1.00 reads/hold=3.32  hold p50=35.93ms p99=141.86ms  deferred 197/197 ok  confirm retries sold/run=0/0  errors=0  VIOLATIONS
      audit: VIOLATIONS — thefts 0, grants on sold seats 0, double sales 0, sales without the hold 0, late sales 0, early rejections 6 (transient 6), duplicate seats 0, inventory drift 0, invalid seats 0, partial holds 0, ticket mismatches 0
      race event 626: gate 2026-09-15T20:05:54.004768792Z, deadline 2026-09-15T20:06:54.004768792Z
      race event 627: gate 2026-09-15T20:07:02.296809773Z, deadline 2026-09-15T20:08:02.296809773Z
    race  10000 seats x2        129.5 seats/s  conflicts/hold=0.18 reads/hold=1.55  hold p50=73.18ms p99=163.94ms  deferred 650/650 ok  confirm retries sold/run=0/0  errors=0  VIOLATIONS, 2 timed out (78% sold)
      audit: VIOLATIONS — thefts 0, grants on sold seats 0, double sales 0, sales without the hold 0, late sales 0, early rejections 16 (transient 16), duplicate seats 0, inventory drift 0, invalid seats 0, partial holds 0, ticket mismatches 0
  race trial 3/3 (32 buyers per event, fresh load):
      race event 621: gate 2026-09-15T20:08:45.339869082Z, deadline 2026-09-15T20:09:45.339869082Z
      race event 622: gate 2026-09-15T20:08:51.676206778Z, deadline 2026-09-15T20:09:51.676206778Z
      race event 623: gate 2026-09-15T20:08:59.023938385Z, deadline 2026-09-15T20:09:59.023938385Z
      race event 624: gate 2026-09-15T20:09:06.423913038Z, deadline 2026-09-15T20:10:06.423913038Z
      race event 625: gate 2026-09-15T20:09:13.655522921Z, deadline 2026-09-15T20:10:13.655522921Z
    race   1000 seats x5        147.9 seats/s  conflicts/hold=1.06 reads/hold=3.25  hold p50=37.54ms p99=162.62ms  deferred 216/216 ok  confirm retries sold/run=0/0  errors=0  VIOLATIONS
      audit: VIOLATIONS — thefts 0, grants on sold seats 0, double sales 0, sales without the hold 0, late sales 0, early rejections 9 (transient 9), duplicate seats 0, inventory drift 0, invalid seats 0, partial holds 0, ticket mismatches 0
      race event 626: gate 2026-09-15T20:09:24.629097203Z, deadline 2026-09-15T20:10:24.629097203Z
      race event 627: gate 2026-09-15T20:10:32.927035671Z, deadline 2026-09-15T20:11:32.927035671Z
    race  10000 seats x2        129.7 seats/s  conflicts/hold=0.18 reads/hold=1.58  hold p50=73.01ms p99=164.64ms  deferred 644/644 ok  confirm retries sold/run=0/0  errors=0  VIOLATIONS, 2 timed out (78% sold)
      audit: VIOLATIONS — thefts 0, grants on sold seats 0, double sales 0, sales without the hold 0, late sales 0, early rejections 28 (transient 28), duplicate seats 0, inventory drift 0, invalid seats 0, partial holds 0, ticket mismatches 0
  wrote /results/s1_conditional_update.json
