  engine: PostgreSQL 15.12-YB-2025.2.6.0-b0 on x86_64-pc-linux-gnu, compiled by clang version 19.1.0 (https://github.com/yugabyte/llvm-project.git a2a6b655e14e7fa1fcf1011a6cb29cb8575249c0), 64-bit
  effective isolation for READ COMMITTED requests: read committed
  database clock minus client clock: 0.007 ms
  dataset: 5 venues, 658 events, 56103 tickets and 2217 holds at load
  loading s1r_confirm_retry ...
  loaded in 41.6s (copy 4.5s, index 18.4s)
  verifying answers against ground truth ...
    58/58 checks passed (margin 571s); audit on load: consistent (658 events, 56103 tickets; rejections late=0 boundary=0)
  race trial 1/3 (32 buyers per event, fresh load):
      race event 621: gate 2026-09-15T19:37:52.007177281Z, deadline 2026-09-15T19:38:52.007177281Z
      race event 622: gate 2026-09-15T19:38:01.893294851Z, deadline 2026-09-15T19:39:01.893294851Z
      race event 623: gate 2026-09-15T19:38:10.572542985Z, deadline 2026-09-15T19:39:10.572542985Z
      race event 624: gate 2026-09-15T19:38:22.248664235Z, deadline 2026-09-15T19:39:22.248664235Z
      race event 625: gate 2026-09-15T19:38:30.673509184Z, deadline 2026-09-15T19:39:30.673509184Z
    race   1000 seats x5        120.8 seats/s  conflicts/hold=1.00 reads/hold=3.19  hold p50=47.12ms p99=237.02ms  deferred 221/221 ok  confirm retries sold/run=11/11  errors=0  ok
      audit: consistent (5 events, 5000 tickets; rejections late=0 boundary=0)
      race event 626: gate 2026-09-15T19:38:39.135429615Z, deadline 2026-09-15T19:39:39.135429615Z
      race event 627: gate 2026-09-15T19:39:47.384284772Z, deadline 2026-09-15T19:40:47.384284772Z
    race  10000 seats x2        121.9 seats/s  conflicts/hold=0.18 reads/hold=1.57  hold p50=75.81ms p99=173.62ms  deferred 609/609 ok  confirm retries sold/run=30/30  errors=0  ok, 2 timed out (73% sold)
      audit: consistent (2 events, 14656 tickets; rejections late=0 boundary=0)
  race trial 2/3 (32 buyers per event, fresh load):
      race event 621: gate 2026-09-15T19:41:31.544765788Z, deadline 2026-09-15T19:42:31.544765788Z
      race event 622: gate 2026-09-15T19:41:40.785508672Z, deadline 2026-09-15T19:42:40.785508672Z
      race event 623: gate 2026-09-15T19:41:48.106406769Z, deadline 2026-09-15T19:42:48.106406769Z
      race event 624: gate 2026-09-15T19:41:59.389396226Z, deadline 2026-09-15T19:42:59.389396226Z
      race event 625: gate 2026-09-15T19:42:07.214616413Z, deadline 2026-09-15T19:43:07.214616413Z
    race   1000 seats x5        131.8 seats/s  conflicts/hold=1.01 reads/hold=3.35  hold p50=42.93ms p99=164.38ms  deferred 205/205 ok  confirm retries sold/run=9/9  errors=0  ok
      audit: consistent (5 events, 5000 tickets; rejections late=0 boundary=0)
      race event 626: gate 2026-09-15T19:42:14.973777704Z, deadline 2026-09-15T19:43:14.973777704Z
      race event 627: gate 2026-09-15T19:43:23.265458112Z, deadline 2026-09-15T19:44:23.265458112Z
    race  10000 seats x2        129.3 seats/s  conflicts/hold=0.17 reads/hold=1.57  hold p50=72.71ms p99=168.52ms  deferred 642/642 ok  confirm retries sold/run=20/20  errors=0  ok, 2 timed out (78% sold)
      audit: consistent (2 events, 15540 tickets; rejections late=0 boundary=0)
  race trial 3/3 (32 buyers per event, fresh load):
      race event 621: gate 2026-09-15T19:45:08.180099552Z, deadline 2026-09-15T19:46:08.180099552Z
      race event 622: gate 2026-09-15T19:45:15.630439056Z, deadline 2026-09-15T19:46:15.630439056Z
      race event 623: gate 2026-09-15T19:45:22.800275663Z, deadline 2026-09-15T19:46:22.800275663Z
      race event 624: gate 2026-09-15T19:45:34.237507262Z, deadline 2026-09-15T19:46:34.237507262Z
      race event 625: gate 2026-09-15T19:45:41.292703061Z, deadline 2026-09-15T19:46:41.292703061Z
    race   1000 seats x5        140.6 seats/s  conflicts/hold=1.08 reads/hold=3.42  hold p50=40.06ms p99=136.84ms  deferred 190/190 ok  confirm retries sold/run=8/8  errors=0  ok
      audit: consistent (5 events, 5000 tickets; rejections late=0 boundary=0)
      race event 626: gate 2026-09-15T19:45:49.157952664Z, deadline 2026-09-15T19:46:49.157952664Z
      race event 627: gate 2026-09-15T19:46:57.343538993Z, deadline 2026-09-15T19:47:57.343538993Z
    race  10000 seats x2        128.6 seats/s  conflicts/hold=0.17 reads/hold=1.63  hold p50=72.45ms p99=163.59ms  deferred 609/609 ok  confirm retries sold/run=27/27  errors=0  ok, 2 timed out (77% sold)
      audit: consistent (2 events, 15460 tickets; rejections late=0 boundary=0)
  wrote /results/s1r_confirm_retry.json
