  engine: PostgreSQL 15.12-YB-2025.2.6.0-b0 on x86_64-pc-linux-gnu, compiled by clang version 19.1.0 (https://github.com/yugabyte/llvm-project.git a2a6b655e14e7fa1fcf1011a6cb29cb8575249c0), 64-bit
  effective isolation for READ COMMITTED requests: read committed
  database clock minus client clock: 0.003 ms
  dataset: 5 venues, 658 events, 56103 tickets and 2217 holds at load
  loading s2_lock_then_update ...
  loaded in 34.8s (copy 6.3s, index 17.9s)
  verifying answers against ground truth ...
    58/58 checks passed (margin 570s); audit on load: consistent (658 events, 56103 tickets; rejections late=0 boundary=0)
  race trial 1/3 (32 buyers per event, fresh load):
      race event 621: gate 2026-09-15T19:15:15.070720966Z, deadline 2026-09-15T19:16:15.070720966Z
      race event 622: gate 2026-09-15T19:15:27.482385444Z, deadline 2026-09-15T19:16:27.482385444Z
      race event 623: gate 2026-09-15T19:15:40.406336359Z, deadline 2026-09-15T19:16:40.406336359Z
      race event 624: gate 2026-09-15T19:15:49.249419613Z, deadline 2026-09-15T19:16:49.249419613Z
      race event 625: gate 2026-09-15T19:15:57.128820017Z, deadline 2026-09-15T19:16:57.128820017Z
    race   1000 seats x5        112.5 seats/s  conflicts/hold=0.95 reads/hold=3.47  hold p50=70.79ms p99=396.01ms  deferred 198/198 ok  confirm retries sold/run=0/0  errors=0  VIOLATIONS
      audit: VIOLATIONS — thefts 0, grants on sold seats 0, double sales 0, sales without the hold 0, late sales 0, early rejections 6 (transient 6), duplicate seats 0, inventory drift 0, invalid seats 0, partial holds 0, ticket mismatches 0
      race event 626: gate 2026-09-15T19:16:05.982976316Z, deadline 2026-09-15T19:17:05.982976316Z
      race event 627: gate 2026-09-15T19:17:14.233809286Z, deadline 2026-09-15T19:18:14.233809286Z
    race  10000 seats x2        116.5 seats/s  conflicts/hold=0.23 reads/hold=1.61  hold p50=105.29ms p99=210.10ms  deferred 554/554 ok  confirm retries sold/run=0/0  errors=0  VIOLATIONS, 2 timed out (70% sold)
      audit: VIOLATIONS — thefts 0, grants on sold seats 0, double sales 0, sales without the hold 0, late sales 0, early rejections 27 (transient 27), duplicate seats 0, inventory drift 0, invalid seats 0, partial holds 0, ticket mismatches 0
  race trial 2/3 (32 buyers per event, fresh load):
      race event 621: gate 2026-09-15T19:19:01.574005956Z, deadline 2026-09-15T19:20:01.574005956Z
      race event 622: gate 2026-09-15T19:19:13.738154Z, deadline 2026-09-15T19:20:13.738154Z
      race event 623: gate 2026-09-15T19:19:22.557640382Z, deadline 2026-09-15T19:20:22.557640382Z
      race event 624: gate 2026-09-15T19:19:31.660962071Z, deadline 2026-09-15T19:20:31.660962071Z
      race event 625: gate 2026-09-15T19:19:40.346428409Z, deadline 2026-09-15T19:20:40.346428409Z
    race   1000 seats x5        118.0 seats/s  conflicts/hold=0.94 reads/hold=3.70  hold p50=71.69ms p99=161.69ms  deferred 207/207 ok  confirm retries sold/run=0/0  errors=0  VIOLATIONS
      audit: VIOLATIONS — thefts 0, grants on sold seats 0, double sales 0, sales without the hold 0, late sales 0, early rejections 3 (transient 3), duplicate seats 0, inventory drift 0, invalid seats 0, partial holds 0, ticket mismatches 0
      race event 626: gate 2026-09-15T19:19:53.612661987Z, deadline 2026-09-15T19:20:53.612661987Z
      race event 627: gate 2026-09-15T19:21:01.892523884Z, deadline 2026-09-15T19:22:01.892523884Z
    race  10000 seats x2        116.7 seats/s  conflicts/hold=0.22 reads/hold=1.58  hold p50=105.17ms p99=206.50ms  deferred 577/577 ok  confirm retries sold/run=0/0  errors=0  VIOLATIONS, 2 timed out (70% sold)
      audit: VIOLATIONS — thefts 0, grants on sold seats 0, double sales 0, sales without the hold 0, late sales 0, early rejections 18 (transient 18), duplicate seats 0, inventory drift 0, invalid seats 0, partial holds 0, ticket mismatches 0
  race trial 3/3 (32 buyers per event, fresh load):
      race event 621: gate 2026-09-15T19:22:50.025866295Z, deadline 2026-09-15T19:23:50.025866295Z
      race event 622: gate 2026-09-15T19:22:57.974226521Z, deadline 2026-09-15T19:23:57.974226521Z
      race event 623: gate 2026-09-15T19:23:06.462744655Z, deadline 2026-09-15T19:24:06.462744655Z
      race event 624: gate 2026-09-15T19:23:14.136557544Z, deadline 2026-09-15T19:24:14.136557544Z
      race event 625: gate 2026-09-15T19:23:26.432945185Z, deadline 2026-09-15T19:24:26.432945185Z
    race   1000 seats x5        125.9 seats/s  conflicts/hold=0.93 reads/hold=3.31  hold p50=70.41ms p99=182.84ms  deferred 216/216 ok  confirm retries sold/run=0/0  errors=0  VIOLATIONS
      audit: VIOLATIONS — thefts 0, grants on sold seats 0, double sales 0, sales without the hold 0, late sales 0, early rejections 7 (transient 7), duplicate seats 0, inventory drift 0, invalid seats 0, partial holds 0, ticket mismatches 0
      race event 626: gate 2026-09-15T19:23:35.665913362Z, deadline 2026-09-15T19:24:35.665913362Z
      race event 627: gate 2026-09-15T19:24:43.791462205Z, deadline 2026-09-15T19:25:43.791462205Z
    race  10000 seats x2        116.8 seats/s  conflicts/hold=0.26 reads/hold=1.53  hold p50=105.28ms p99=210.21ms  deferred 564/564 ok  confirm retries sold/run=0/0  errors=0  VIOLATIONS, 2 timed out (70% sold)
      audit: VIOLATIONS — thefts 0, grants on sold seats 0, double sales 0, sales without the hold 0, late sales 0, early rejections 28 (transient 28), duplicate seats 0, inventory drift 0, invalid seats 0, partial holds 0, ticket mismatches 0
  wrote /results/s2_lock_then_update.json
