  engine: PostgreSQL 15.12-YB-2025.2.6.0-b0 on x86_64-pc-linux-gnu, compiled by clang version 19.1.0 (https://github.com/yugabyte/llvm-project.git a2a6b655e14e7fa1fcf1011a6cb29cb8575249c0), 64-bit
  effective isolation for READ COMMITTED requests: read committed
  database clock minus client clock: 0.004 ms
  dataset: 5 venues, 658 events, 56103 tickets and 2217 holds at load
  loading s3_lock_nowait ...
  loaded in 31.4s (copy 4.8s, index 16.0s)
  verifying answers against ground truth ...
    58/58 checks passed (margin 574s); audit on load: consistent (658 events, 56103 tickets; rejections late=0 boundary=0)
  race trial 1/3 (32 buyers per event, fresh load):
      race event 621: gate 2026-09-15T18:32:54.935639092Z, deadline 2026-09-15T18:33:54.935639092Z
      race event 622: gate 2026-09-15T18:33:07.109418672Z, deadline 2026-09-15T18:34:07.109418672Z
      race event 623: gate 2026-09-15T18:33:20.530551912Z, deadline 2026-09-15T18:34:20.530551912Z
      race event 624: gate 2026-09-15T18:33:29.064577711Z, deadline 2026-09-15T18:34:29.064577711Z
      race event 625: gate 2026-09-15T18:33:37.753329006Z, deadline 2026-09-15T18:34:37.753329006Z
    race   1000 seats x5        104.5 seats/s  conflicts/hold=1.48 reads/hold=3.74  hold p50=95.49ms p99=516.79ms  deferred 215/215 ok  confirm retries sold/run=0/0  errors=0  VIOLATIONS
      audit: VIOLATIONS — thefts 0, grants on sold seats 0, double sales 0, sales without the hold 0, late sales 0, early rejections 7 (transient 7), duplicate seats 0, inventory drift 0, invalid seats 0, partial holds 0, ticket mismatches 0
      race event 626: gate 2026-09-15T18:33:52.337099572Z, deadline 2026-09-15T18:34:52.337099572Z
      race event 627: gate 2026-09-15T18:35:00.54902071Z, deadline 2026-09-15T18:36:00.54902071Z
    race  10000 seats x2        115.6 seats/s  conflicts/hold=0.27 reads/hold=1.59  hold p50=109.77ms p99=231.35ms  deferred 591/591 ok  confirm retries sold/run=0/0  errors=0  VIOLATIONS, 2 timed out (69% sold)
      audit: VIOLATIONS — thefts 0, grants on sold seats 0, double sales 0, sales without the hold 0, late sales 0, early rejections 22 (transient 22), duplicate seats 0, inventory drift 0, invalid seats 0, partial holds 0, ticket mismatches 0
  race trial 2/3 (32 buyers per event, fresh load):
      race event 621: gate 2026-09-15T18:36:47.057998364Z, deadline 2026-09-15T18:37:47.057998364Z
      race event 622: gate 2026-09-15T18:36:56.988503368Z, deadline 2026-09-15T18:37:56.988503368Z
      race event 623: gate 2026-09-15T18:37:05.525462562Z, deadline 2026-09-15T18:38:05.525462562Z
      race event 624: gate 2026-09-15T18:37:13.571854658Z, deadline 2026-09-15T18:38:13.571854658Z
      race event 625: gate 2026-09-15T18:37:25.811764727Z, deadline 2026-09-15T18:38:25.811764727Z
    race   1000 seats x5        118.6 seats/s  conflicts/hold=1.45 reads/hold=3.85  hold p50=89.77ms p99=169.89ms  deferred 212/212 ok  confirm retries sold/run=0/0  errors=0  VIOLATIONS
      audit: VIOLATIONS — thefts 0, grants on sold seats 0, double sales 0, sales without the hold 0, late sales 0, early rejections 7 (transient 7), duplicate seats 0, inventory drift 0, invalid seats 0, partial holds 0, ticket mismatches 0
      race event 626: gate 2026-09-15T18:37:34.718642089Z, deadline 2026-09-15T18:38:34.718642089Z
      race event 627: gate 2026-09-15T18:38:43.13272906Z, deadline 2026-09-15T18:39:43.13272906Z
    race  10000 seats x2        117.1 seats/s  conflicts/hold=0.27 reads/hold=1.64  hold p50=109.22ms p99=207.37ms  deferred 561/561 ok  confirm retries sold/run=0/0  errors=0  VIOLATIONS, 2 timed out (70% sold)
      audit: VIOLATIONS — thefts 0, grants on sold seats 0, double sales 0, sales without the hold 0, late sales 0, early rejections 24 (transient 24), duplicate seats 0, inventory drift 0, invalid seats 0, partial holds 0, ticket mismatches 0
  race trial 3/3 (32 buyers per event, fresh load):
      race event 621: gate 2026-09-15T18:40:28.609998243Z, deadline 2026-09-15T18:41:28.609998243Z
      race event 622: gate 2026-09-15T18:40:37.203043578Z, deadline 2026-09-15T18:41:37.203043578Z
      race event 623: gate 2026-09-15T18:40:46.656699581Z, deadline 2026-09-15T18:41:46.656699581Z
      race event 624: gate 2026-09-15T18:40:58.982848911Z, deadline 2026-09-15T18:41:58.982848911Z
      race event 625: gate 2026-09-15T18:41:07.880095522Z, deadline 2026-09-15T18:42:07.880095522Z
    race   1000 seats x5        116.3 seats/s  conflicts/hold=1.46 reads/hold=3.98  hold p50=91.17ms p99=170.32ms  deferred 204/204 ok  confirm retries sold/run=0/0  errors=0  VIOLATIONS
      audit: VIOLATIONS — thefts 0, grants on sold seats 0, double sales 0, sales without the hold 0, late sales 0, early rejections 13 (transient 13), duplicate seats 0, inventory drift 0, invalid seats 0, partial holds 0, ticket mismatches 0
      race event 626: gate 2026-09-15T18:41:17.247470934Z, deadline 2026-09-15T18:42:17.247470934Z
      race event 627: gate 2026-09-15T18:42:25.385719192Z, deadline 2026-09-15T18:43:25.385719192Z
    race  10000 seats x2        117.9 seats/s  conflicts/hold=0.26 reads/hold=1.61  hold p50=108.97ms p99=208.36ms  deferred 571/571 ok  confirm retries sold/run=0/0  errors=0  VIOLATIONS, 2 timed out (71% sold)
      audit: VIOLATIONS — thefts 0, grants on sold seats 0, double sales 0, sales without the hold 0, late sales 0, early rejections 23 (transient 23), duplicate seats 0, inventory drift 0, invalid seats 0, partial holds 0, ticket mismatches 0
  wrote /results/s3_lock_nowait.json
