  engine: PostgreSQL 15.12-YB-2025.2.6.0-b0 on x86_64-pc-linux-gnu, compiled by clang version 19.1.0 (https://github.com/yugabyte/llvm-project.git a2a6b655e14e7fa1fcf1011a6cb29cb8575249c0), 64-bit
  effective isolation for READ COMMITTED requests: read committed
  database clock minus client clock: 0.005 ms
  dataset: 5 venues, 658 events, 56103 tickets and 2217 holds at load
  loading s4_check_then_hold_serializable ...
  loaded in 30.8s (copy 4.0s, index 15.0s)
  verifying answers against ground truth ...
    58/58 checks passed (margin 575s); audit on load: consistent (658 events, 56103 tickets; rejections late=0 boundary=0)
  race trial 1/3 (32 buyers per event, fresh load):
      race event 621: gate 2026-09-15T20:33:56.316466327Z, deadline 2026-09-15T20:34:56.316466327Z
      race event 622: gate 2026-09-15T20:35:27.989989821Z, deadline 2026-09-15T20:36:27.989989821Z
      race event 623: gate 2026-09-15T20:36:36.010321432Z, deadline 2026-09-15T20:37:36.010321432Z
    race   1000 seats x3          0.0 seats/s  conflicts/hold=0.00 reads/hold=24.00  hold p50=60652.24ms p99=62307.14ms  deferred 0/0 ok  confirm retries sold/run=0/0  errors=0  ok, 3 timed out (0% sold)
      audit: consistent (3 events, 9 tickets; rejections late=0 boundary=0)
      race event 626: gate 2026-09-15T20:37:46.436437753Z, deadline 2026-09-15T20:38:46.436437753Z
      race event 627: gate 2026-09-15T20:38:56.876603902Z, deadline 2026-09-15T20:39:56.876603902Z
    race  10000 seats x2          0.1 seats/s  conflicts/hold=0.00 reads/hold=21.67  hold p50=59999.08ms p99=59999.08ms  deferred 1/1 ok  confirm retries sold/run=0/0  errors=0  ok, 2 timed out (0% sold)
      audit: consistent (2 events, 8 tickets; rejections late=0 boundary=0)
  race trial 2/3 (32 buyers per event, fresh load):
      race event 621: gate 2026-09-15T20:40:42.836856816Z, deadline 2026-09-15T20:41:42.836856816Z
      race event 622: gate 2026-09-15T20:41:53.544245614Z, deadline 2026-09-15T20:42:53.544245614Z
      race event 623: gate 2026-09-15T20:43:06.748191513Z, deadline 2026-09-15T20:44:06.748191513Z
    race   1000 seats x3          0.0 seats/s  conflicts/hold=0.00 reads/hold=32.00  hold p50=64576.57ms p99=64576.57ms  deferred 0/0 ok  confirm retries sold/run=0/0  errors=0  ok, 3 timed out (0% sold)
      audit: consistent (3 events, 7 tickets; rejections late=0 boundary=0)
      race event 626: gate 2026-09-15T20:44:19.42685571Z, deadline 2026-09-15T20:45:19.42685571Z
      race event 627: gate 2026-09-15T20:45:27.677348478Z, deadline 2026-09-15T20:46:27.677348478Z
    race  10000 seats x2          0.0 seats/s  conflicts/hold=0.00 reads/hold=32.00  hold p50=60808.71ms p99=60808.71ms  deferred 0/0 ok  confirm retries sold/run=0/0  errors=0  ok, 2 timed out (0% sold)
      audit: consistent (2 events, 4 tickets; rejections late=0 boundary=0)
  race trial 3/3 (32 buyers per event, fresh load):
      race event 621: gate 2026-09-15T20:47:22.113855073Z, deadline 2026-09-15T20:48:22.113855073Z
      race event 622: gate 2026-09-15T20:48:33.887110742Z, deadline 2026-09-15T20:49:33.887110742Z
      race event 623: gate 2026-09-15T20:49:46.514322504Z, deadline 2026-09-15T20:50:46.514322504Z
    race   1000 seats x3          0.0 seats/s  conflicts/hold=0.00 reads/hold=32.00  hold p50=65248.49ms p99=65248.49ms  deferred 1/1 ok  confirm retries sold/run=0/0  errors=0  ok, 3 timed out (0% sold)
      audit: consistent (3 events, 7 tickets; rejections late=0 boundary=0)
      race event 626: gate 2026-09-15T20:51:02.960677095Z, deadline 2026-09-15T20:52:02.960677095Z
      race event 627: gate 2026-09-15T20:52:11.856754698Z, deadline 2026-09-15T20:53:11.856754698Z
    race  10000 seats x2          0.1 seats/s  conflicts/hold=0.25 reads/hold=16.50  hold p50=61434.82ms p99=71859.22ms  deferred 2/2 ok  confirm retries sold/run=0/0  errors=0  ok, 2 timed out (0% sold)
      audit: consistent (2 events, 13 tickets; rejections late=0 boundary=0)
  wrote /results/s4_check_then_hold_serializable.json
