  engine: PostgreSQL 17.11 (Debian 17.11-1.pgdg13+2) on x86_64-pc-linux-gnu, compiled by gcc (Debian 14.2.0-19) 14.2.0, 64-bit
  generating dataset scale=tiny seed=42 ...
  dataset: 10 charities, 500 people, 8999 donations
  loading d20_recency_flag ...
  loaded in 0.1s (copy 0.0s, rollup 0.0s, index 0.0s)
  verifying answers against ground truth ...
    20/20 checks passed
  capturing plans ...
  wrote /results/plans/d20_recency_flag.txt
  read benchmark:
    q01_last_donation_global          46402.3 ops/s  p50=  0.109ms p99=   0.361ms  errors=0
    q02_last_donation_charity         43434.0 ops/s  p50=  0.114ms p99=   0.405ms  errors=0
    q03_top_donor_charity              6758.8 ops/s  p50=  0.331ms p99=  64.561ms  errors=0
    q04_top_donors_leaderboard         6134.0 ops/s  p50=  0.353ms p99=  65.760ms  errors=0
    q05_last_donor_charity            39229.3 ops/s  p50=  0.117ms p99=   0.379ms  errors=0
    q06_person_first_last             40947.1 ops/s  p50=  0.116ms p99=   0.384ms  errors=0
    q07_total_donated_global           2932.4 ops/s  p50=  0.620ms p99=  72.944ms  errors=0
    q08_total_donated_charity         20358.0 ops/s  p50=  0.163ms p99=   0.544ms  errors=0
    q09_person_recent_donations       22398.9 ops/s  p50=  0.156ms p99=   0.524ms  errors=0
    q10_donation_by_id                46668.1 ops/s  p50=  0.109ms p99=   0.353ms  errors=0
    q11_person_donation_count         43441.5 ops/s  p50=  0.113ms p99=   0.376ms  errors=0
    q12_charity_recent_feed           19657.7 ops/s  p50=  0.171ms p99=   0.576ms  errors=0
    q13_donors_last_gift_window@trailing    11940.4 ops/s  p50=  0.226ms p99=   0.835ms  errors=0
    q13_donors_last_gift_window@historical    34444.3 ops/s  p50=  0.127ms p99=   0.400ms  errors=0
    q14_donors_last_gift_window_count@trailing    40580.7 ops/s  p50=  0.117ms p99=   0.384ms  errors=0
    q14_donors_last_gift_window_count@historical    44858.4 ops/s  p50=  0.111ms p99=   0.389ms  errors=0
    q15_charity_donors_last_gift_window@trailing    29049.4 ops/s  p50=  0.142ms p99=   0.462ms  errors=0
    q15_charity_donors_last_gift_window@historical    39126.0 ops/s  p50=  0.121ms p99=   0.375ms  errors=0
    q16_lapsed_donors_count@trailing    29088.6 ops/s  p50=  0.140ms p99=   0.420ms  errors=0
    q16_lapsed_donors_count@historical    34112.3 ops/s  p50=  0.130ms p99=   0.419ms  errors=0
  write benchmark:
    write:insert                       5438.0 ops/s  p50=  1.187ms p99=  11.653ms  errors=0 retries=0
    recency audit after insert: flag consistent (500 donors)
    write:insert_backdated             6041.2 ops/s  p50=  1.167ms p99=   6.396ms  errors=0 retries=0
    recency audit after insert_backdated: flag consistent (500 donors)
    write:delete                       7921.8 ops/s  p50=  0.987ms p99=   1.369ms  errors=0 retries=0
    recency audit after delete: flag consistent (435 donors)
    write:update                       7548.2 ops/s  p50=  1.019ms p99=   1.593ms  errors=0 retries=0
    recency audit after update: flag consistent (500 donors)
  wrote /results/d20_recency_flag.json
