  engine: PostgreSQL 17.11 (Debian 17.11-1.pgdg13+2) on x86_64-pc-linux-gnu, compiled by gcc (Debian 14.2.0-19) 14.2.0, 64-bit
  generating dataset scale=tiny seed=42 ...
  dataset: 10 charities, 500 people, 8999 donations
  loading d21_recency_flag_unguarded ...
  loaded in 0.1s (copy 0.0s, rollup 0.0s, index 0.1s)
  verifying answers against ground truth ...
    20/20 checks passed
  capturing plans ...
  wrote /results/plans/d21_recency_flag_unguarded.txt
  read benchmark:
    q01_last_donation_global          43172.4 ops/s  p50=  0.117ms p99=   0.376ms  errors=0
    q02_last_donation_charity         40763.9 ops/s  p50=  0.123ms p99=   0.377ms  errors=0
    q03_top_donor_charity              6892.1 ops/s  p50=  0.334ms p99=  63.472ms  errors=0
    q04_top_donors_leaderboard         6429.2 ops/s  p50=  0.337ms p99=  66.237ms  errors=0
    q05_last_donor_charity            37722.0 ops/s  p50=  0.122ms p99=   0.416ms  errors=0
    q06_person_first_last             33106.4 ops/s  p50=  0.142ms p99=   0.501ms  errors=0
    q07_total_donated_global           2863.9 ops/s  p50=  0.621ms p99=  72.685ms  errors=0
    q08_total_donated_charity         20152.7 ops/s  p50=  0.166ms p99=   0.563ms  errors=0
    q09_person_recent_donations       19719.5 ops/s  p50=  0.177ms p99=   0.716ms  errors=0
    q10_donation_by_id                40385.2 ops/s  p50=  0.128ms p99=   0.387ms  errors=0
    q11_person_donation_count         38403.0 ops/s  p50=  0.129ms p99=   0.412ms  errors=0
    q12_charity_recent_feed           19049.3 ops/s  p50=  0.179ms p99=   0.568ms  errors=0
    q13_donors_last_gift_window@trailing    11619.9 ops/s  p50=  0.227ms p99=   1.072ms  errors=0
    q13_donors_last_gift_window@historical    32374.9 ops/s  p50=  0.135ms p99=   0.428ms  errors=0
    q14_donors_last_gift_window_count@trailing    36772.1 ops/s  p50=  0.131ms p99=   0.399ms  errors=0
    q14_donors_last_gift_window_count@historical    39088.1 ops/s  p50=  0.128ms p99=   0.405ms  errors=0
    q15_charity_donors_last_gift_window@trailing    28113.3 ops/s  p50=  0.148ms p99=   0.441ms  errors=0
    q15_charity_donors_last_gift_window@historical    36297.8 ops/s  p50=  0.132ms p99=   0.392ms  errors=0
    q16_lapsed_donors_count@trailing    27245.1 ops/s  p50=  0.150ms p99=   0.442ms  errors=0
    q16_lapsed_donors_count@historical    31952.6 ops/s  p50=  0.140ms p99=   0.446ms  errors=0
  write benchmark:
    write:insert                       5426.7 ops/s  p50=  1.237ms p99=  11.425ms  errors=0 retries=0
    recency audit after insert: flag INCONSISTENT — 3 of 500 donors wrong
    write:insert_backdated             5559.7 ops/s  p50=  1.205ms p99=  11.002ms  errors=0 retries=0
    recency audit after insert_backdated: flag consistent (500 donors)
    write:delete                       7813.4 ops/s  p50=  0.992ms p99=   1.506ms  errors=0 retries=0
    recency audit after delete: flag consistent (435 donors)
    write:update                       7345.4 ops/s  p50=  1.060ms p99=   1.586ms  errors=0 retries=0
    recency audit after update: flag consistent (500 donors)
  wrote /results/d21_recency_flag_unguarded.json
