  engine: PostgreSQL 17.11 (Debian 17.11-1.pgdg13+2) on x86_64-pc-linux-gnu, compiled by gcc (Debian 14.2.0-19) 14.2.0, 64-bit
  generating dataset scale=tiny seed=42 ...
  dataset: 10 charities, 500 people, 8999 donations
  loading d22_recency_rollup_idx ...
  loaded in 0.1s (copy 0.0s, rollup 0.0s, index 0.0s)
  verifying answers against ground truth ...
    20/20 checks passed
  capturing plans ...
  wrote /results/plans/d22_recency_rollup_idx.txt
  read benchmark:
    q01_last_donation_global          32923.7 ops/s  p50=  0.138ms p99=   0.478ms  errors=0
    q02_last_donation_charity         35748.2 ops/s  p50=  0.134ms p99=   0.432ms  errors=0
    q03_top_donor_charity             41354.1 ops/s  p50=  0.126ms p99=   0.383ms  errors=0
    q04_top_donors_leaderboard        38343.6 ops/s  p50=  0.129ms p99=   0.385ms  errors=0
    q05_last_donor_charity            36981.4 ops/s  p50=  0.130ms p99=   0.387ms  errors=0
    q06_person_first_last             42375.9 ops/s  p50=  0.127ms p99=   0.403ms  errors=0
    q07_total_donated_global          39493.6 ops/s  p50=  0.131ms p99=   0.405ms  errors=0
    q08_total_donated_charity         44846.0 ops/s  p50=  0.122ms p99=   0.354ms  errors=0
    q09_person_recent_donations       22287.3 ops/s  p50=  0.164ms p99=   0.534ms  errors=0
    q10_donation_by_id                41765.8 ops/s  p50=  0.124ms p99=   0.382ms  errors=0
    q11_person_donation_count         43581.4 ops/s  p50=  0.124ms p99=   0.379ms  errors=0
    q12_charity_recent_feed           18986.7 ops/s  p50=  0.178ms p99=   0.591ms  errors=0
    q13_donors_last_gift_window@trailing    25067.3 ops/s  p50=  0.158ms p99=   0.481ms  errors=0
    q13_donors_last_gift_window@historical    33551.8 ops/s  p50=  0.137ms p99=   0.429ms  errors=0
    q14_donors_last_gift_window_count@trailing    35691.3 ops/s  p50=  0.136ms p99=   0.438ms  errors=0
    q14_donors_last_gift_window_count@historical    38724.7 ops/s  p50=  0.131ms p99=   0.406ms  errors=0
    q15_charity_donors_last_gift_window@trailing    37876.4 ops/s  p50=  0.132ms p99=   0.397ms  errors=0
    q15_charity_donors_last_gift_window@historical    41405.1 ops/s  p50=  0.125ms p99=   0.372ms  errors=0
    q16_lapsed_donors_count@trailing    27371.2 ops/s  p50=  0.150ms p99=   0.440ms  errors=0
    q16_lapsed_donors_count@historical    32401.8 ops/s  p50=  0.140ms p99=   0.423ms  errors=0
  write benchmark:
    write:insert                       3187.5 ops/s  p50=  1.629ms p99=  11.753ms  errors=0 retries=0
    audit after insert: rollups consistent (500 person + 10 charity rows)
    recency audit after insert: last_donation_at consistent (500 rows)
    write:insert_backdated             3210.7 ops/s  p50=  1.483ms p99=  15.409ms  errors=0 retries=0
    audit after insert_backdated: rollups consistent (500 person + 10 charity rows)
    recency audit after insert_backdated: last_donation_at consistent (500 rows)
    write:delete                       2961.2 ops/s  p50=  1.769ms p99=  12.577ms  errors=0 retries=0
    audit after delete: rollups consistent (500 person + 10 charity rows)
    recency audit after delete: last_donation_at consistent (500 rows)
    write:update                       3456.3 ops/s  p50=  1.563ms p99=  10.941ms  errors=0 retries=0
    audit after update: rollups consistent (500 person + 10 charity rows)
    recency audit after update: last_donation_at consistent (500 rows)
  wrote /results/d22_recency_rollup_idx.json
