  engine: PostgreSQL 17.11 (Debian 17.11-1.pgdg13+2) on x86_64-pc-linux-gnu, compiled by gcc (Debian 14.2.0-19) 14.2.0, 64-bit
  generating dataset scale=tiny seed=42 ...
  dataset: 10 charities, 500 people, 8999 donations
  loading d23_recency_rollup_app_idx ...
  loaded in 0.1s (copy 0.0s, rollup 0.0s, index 0.0s)
  verifying answers against ground truth ...
    20/20 checks passed
  capturing plans ...
  wrote /results/plans/d23_recency_rollup_app_idx.txt
  read benchmark:
    q01_last_donation_global          34281.2 ops/s  p50=  0.135ms p99=   0.405ms  errors=0
    q02_last_donation_charity         35516.9 ops/s  p50=  0.136ms p99=   0.419ms  errors=0
    q03_top_donor_charity             41874.9 ops/s  p50=  0.125ms p99=   0.370ms  errors=0
    q04_top_donors_leaderboard        38320.3 ops/s  p50=  0.130ms p99=   0.389ms  errors=0
    q05_last_donor_charity            36256.1 ops/s  p50=  0.132ms p99=   0.406ms  errors=0
    q06_person_first_last             43614.3 ops/s  p50=  0.123ms p99=   0.365ms  errors=0
    q07_total_donated_global          39585.0 ops/s  p50=  0.130ms p99=   0.413ms  errors=0
    q08_total_donated_charity         42533.4 ops/s  p50=  0.129ms p99=   0.411ms  errors=0
    q09_person_recent_donations       21701.2 ops/s  p50=  0.170ms p99=   0.566ms  errors=0
    q10_donation_by_id                41684.8 ops/s  p50=  0.125ms p99=   0.379ms  errors=0
    q11_person_donation_count         43820.5 ops/s  p50=  0.123ms p99=   0.362ms  errors=0
    q12_charity_recent_feed           18279.6 ops/s  p50=  0.186ms p99=   0.638ms  errors=0
    q13_donors_last_gift_window@trailing    24741.4 ops/s  p50=  0.160ms p99=   0.492ms  errors=0
    q13_donors_last_gift_window@historical    34133.8 ops/s  p50=  0.136ms p99=   0.420ms  errors=0
    q14_donors_last_gift_window_count@trailing    37089.1 ops/s  p50=  0.130ms p99=   0.391ms  errors=0
    q14_donors_last_gift_window_count@historical    39459.4 ops/s  p50=  0.128ms p99=   0.389ms  errors=0
    q15_charity_donors_last_gift_window@trailing    36437.7 ops/s  p50=  0.137ms p99=   0.433ms  errors=0
    q15_charity_donors_last_gift_window@historical    40841.0 ops/s  p50=  0.127ms p99=   0.383ms  errors=0
    q16_lapsed_donors_count@trailing    27427.3 ops/s  p50=  0.149ms p99=   0.443ms  errors=0
    q16_lapsed_donors_count@historical    32651.7 ops/s  p50=  0.137ms p99=   0.405ms  errors=0
  write benchmark:
    write:insert                       1473.4 ops/s  p50=  2.957ms p99=  36.316ms  errors=0 retries=8058
    audit after insert: rollups consistent (500 person + 10 charity rows)
    recency audit after insert: last_donation_at consistent (500 rows)
    write:insert_backdated             1526.2 ops/s  p50=  2.841ms p99=  34.983ms  errors=0 retries=8260
    audit after insert_backdated: rollups consistent (500 person + 10 charity rows)
    recency audit after insert_backdated: last_donation_at consistent (500 rows)
    write:delete                   skipped — D5 maintains its rollups only on the insert path, so this operation would do strictly less work than D4's trigger and leave the aggregates stale; the number would not be comparable
    write:update                   skipped — D5 maintains its rollups only on the insert path, so this operation would do strictly less work than D4's trigger and leave the aggregates stale; the number would not be comparable
  wrote /results/d23_recency_rollup_app_idx.json
