  engine: PostgreSQL 17.11 (Debian 17.11-1.pgdg13+2) on x86_64-pc-linux-gnu, compiled by gcc (Debian 14.2.0-19) 14.2.0, 64-bit
  dataset: 40 bands, 690 events, 289500 seats, 65388 sold at load
  loading x1_cas_ledger ...
  loaded in 1.3s (copy 1.0s, index 0.3s)
  verifying answers against ground truth ...
    48/48 checks passed; audit on load: consistent (690 events, 65388 seats sold)
    ledger audit on load: consistent (289500 seats checked)
  race trial 1/1 (128 buyers per event, fresh load):
    race       10 seats x100     1058.0 sold/s  p50=  5.509ms p99=  30.125ms  attempts/sale=13.61 errors=0  editor p99=16.89ms  ok
      audit: consistent (690 events, 66388 seats sold)
      ledger audit: consistent (289500 seats checked)
    race      100 seats x20      2736.0 sold/s  p50=  8.861ms p99=  47.536ms  attempts/sale=3.41 errors=0  editor p99=42.41ms  ok
      audit: consistent (690 events, 68388 seats sold)
      ledger audit: consistent (289500 seats checked)
    race     1000 seats x5       2647.2 sold/s  p50= 16.118ms p99= 180.266ms  attempts/sale=1.65 errors=0  editor p99=87.63ms  ok
      audit: consistent (690 events, 73388 seats sold)
      ledger audit: consistent (289500 seats checked)
    race    10000 seats x2       3512.1 sold/s  p50= 13.164ms p99= 174.539ms  attempts/sale=1.20 errors=0  editor p99=89.98ms  ok
      audit: consistent (690 events, 93388 seats sold)
      ledger audit: consistent (289500 seats checked)
    race   100000 seats x1       3009.4 sold/s  p50= 20.099ms p99= 204.342ms  attempts/sale=1.06 errors=0  editor p99=118.82ms  ok
      audit: consistent (690 events, 193388 seats sold)
      ledger audit: consistent (289500 seats checked)
  wrote /results/pg-x1_cas_ledger-race128.json
