  engine: PostgreSQL 15.12-YB-2025.2.6.0-b0 on x86_64-pc-linux-gnu, compiled by clang version 19.1.0 (https://github.com/yugabyte/llvm-project.git a2a6b655e14e7fa1fcf1011a6cb29cb8575249c0), 64-bit
  effective isolation for READ COMMITTED requests: read committed
  dataset: 40 bands, 690 events, 289500 seats, 65388 sold at load
  loading x1_cas_ledger ...
  loaded in 34.2s (copy 5.5s, index 25.2s)
  verifying answers against ground truth ...
    48/48 checks passed; audit on load: consistent (690 events, 65388 seats sold)
    ledger audit on load: consistent (289500 seats checked)
  capturing plans ...
  read benchmark:
    q01_event_availability@10              3752.0 ops/s  p50=  0.982ms p99=  50.425ms  errors=0
    q01_event_availability@100             3572.6 ops/s  p50=  1.054ms p99=  48.756ms  errors=0
    q01_event_availability@1000            3646.0 ops/s  p50=  1.216ms p99=  41.373ms  errors=0
    q01_event_availability@10000           1011.9 ops/s  p50=  3.022ms p99=  65.021ms  errors=0
    q01_event_availability@100000           127.4 ops/s  p50= 86.207ms p99= 100.069ms  errors=0
    q02_band_events                         310.2 ops/s  p50=  9.419ms p99= 197.731ms  errors=0
    q03_customer_tickets                   2648.8 ops/s  p50=  1.614ms p99=  48.120ms  errors=0
    q04_ticket_by_id                       4026.1 ops/s  p50=  0.948ms p99=  49.376ms  errors=0
    q05_band_tickets_sold                    63.0 ops/s  p50=  9.810ms p99=1791.879ms  errors=0
  operational reports:
    r01_event_sales_window@trailing              2428.2 ops/s  p50=  1.510ms p99=  49.600ms  errors=0
    r01_event_sales_window@historical            2081.2 ops/s  p50=  1.951ms p99=  47.570ms  errors=0
    r02_event_recent_buyers                       937.0 ops/s  p50=  2.593ms p99=  54.464ms  errors=0
    r03_customers_last_purchase_window@trailing       34.4 ops/s  p50=218.290ms p99= 331.502ms  errors=0
    r03_customers_last_purchase_window@historical       37.7 ops/s  p50=206.764ms p99= 272.112ms  errors=0
    r04_band_sellthrough                           64.0 ops/s  p50= 11.805ms p99=1967.161ms  errors=0
    r05_refunds_window@trailing                  3364.8 ops/s  p50=  1.119ms p99=  50.565ms  errors=0
    r05_refunds_window@historical                3604.6 ops/s  p50=  1.055ms p99=  50.616ms  errors=0
  wrote /results/yb3-x1_cas_ledger.json
