  engine: PostgreSQL 15.12-YB-2025.2.6.0-b0 on x86_64-pc-linux-gnu, compiled by clang version 19.1.0 (https://github.com/yugabyte/llvm-project.git a2a6b655e14e7fa1fcf1011a6cb29cb8575249c0), 64-bit
  effective isolation for READ COMMITTED requests: read committed
  dataset: 40 bands, 690 events, 289500 seats, 65388 sold at load
  loading p3_precreated_cas ...
  loaded in 23.7s (copy 4.4s, index 16.8s)
  verifying answers against ground truth ...
    46/46 checks passed; audit on load: consistent (690 events, 65388 seats sold)
  capturing plans ...
  read benchmark:
    q01_event_availability@10              3626.6 ops/s  p50=  1.001ms p99=  49.215ms  errors=0
    q01_event_availability@100             3291.9 ops/s  p50=  1.131ms p99=  48.821ms  errors=0
    q01_event_availability@1000            3190.8 ops/s  p50=  1.380ms p99=  40.498ms  errors=0
    q01_event_availability@10000            968.4 ops/s  p50=  3.286ms p99=  64.758ms  errors=0
    q01_event_availability@100000           116.2 ops/s  p50= 88.462ms p99= 102.847ms  errors=0
    q02_band_events                         244.7 ops/s  p50= 12.089ms p99= 222.720ms  errors=0
    q03_customer_tickets                   2434.5 ops/s  p50=  1.659ms p99=  49.402ms  errors=0
    q04_ticket_by_id                       4143.6 ops/s  p50=  0.911ms p99=  49.790ms  errors=0
    q05_band_tickets_sold                    53.8 ops/s  p50=  9.098ms p99=1889.195ms  errors=0
  operational reports:
    r01_event_sales_window@trailing               843.5 ops/s  p50=  2.871ms p99=  58.621ms  errors=0
    r01_event_sales_window@historical            1160.5 ops/s  p50=  2.548ms p99=  50.874ms  errors=0
    r02_event_recent_buyers                       901.7 ops/s  p50=  2.582ms p99=  60.020ms  errors=0
    r03_customers_last_purchase_window@trailing        7.0 ops/s  p50=1117.878ms p99=1211.529ms  errors=0
    r03_customers_last_purchase_window@historical        6.9 ops/s  p50=1122.054ms p99=1284.758ms  errors=0
    r04_band_sellthrough                           42.6 ops/s  p50= 13.416ms p99=2196.669ms  errors=0
  wrote /results/yb3-p3_precreated_cas.json
