[1;34m==>[0m building benchmark image localhost/ticketbench:1 (context: repository root)
[1;34m==>[0m starting pg-single (docker.io/library/postgres:17.11, 2 cpus, 3g)
[1;34m==>[0m pg-single ready on container port 5432 (host 55432)
[1;34m==>[0m [pg-single] p1_precreated_lock_first
  engine: PostgreSQL 17.11 (Debian 17.11-1.pgdg13+2) on x86_64-pc-linux-gnu, compiled by gcc (Debian 14.2.0-19) 14.2.0, 64-bit
  dataset: 10 bands, 90 events, 26100 seats, 6880 sold at load
  loading p1_precreated_lock_first ...
  loaded in 0.1s (copy 0.0s, index 0.0s)
  verifying answers against ground truth ...
    38/38 checks passed; audit on load: consistent (90 events, 6880 seats sold)
  capturing plans ...
  read benchmark:
    q01_event_availability@10             25303.2 ops/s  p50=  0.147ms p99=   0.484ms  errors=0
    q01_event_availability@100            23432.1 ops/s  p50=  0.156ms p99=   0.521ms  errors=0
    q01_event_availability@1000           16288.0 ops/s  p50=  0.187ms p99=   0.632ms  errors=0
    q01_event_availability@10000           5449.6 ops/s  p50=  0.371ms p99=  68.127ms  errors=0
    q02_band_events                       11071.5 ops/s  p50=  0.173ms p99=   1.466ms  errors=0
    q03_customer_tickets                  42823.1 ops/s  p50=  0.110ms p99=   0.382ms  errors=0
    q04_ticket_by_id                      50612.4 ops/s  p50=  0.101ms p99=   0.306ms  errors=0
    q05_band_tickets_sold                  4805.6 ops/s  p50=  0.355ms p99=  67.216ms  errors=0
  write benchmark (fresh load per op):
    book                                   1749.1 ops/s  p50=  1.629ms p99=  46.474ms  rejected=0 retries=0 errors=0
      audit after book: consistent (90 events, 8979 seats sold)
    cancel                                 6316.2 ops/s  p50=  1.111ms p99=   1.973ms  rejected=0 retries=0 errors=0
      audit after cancel: consistent (90 events, 3190 seats sold)
    publish@10                             2873.4 ops/s  p50=  1.322ms p99=   2.041ms  rejected=0 retries=0 errors=0
    publish@100                            1929.2 ops/s  p50=  1.940ms p99=   3.380ms  rejected=0 retries=0 errors=0
    publish@1000                            271.2 ops/s  p50= 15.566ms p99=  22.445ms  rejected=0 retries=0 errors=0
    publish@10000                            41.0 ops/s  p50= 46.680ms p99=  46.680ms  rejected=0 retries=0 errors=0
    publish@100000                            3.2 ops/s  p50=521.615ms p99= 521.615ms  rejected=0 retries=0 errors=0
      audit after publish: consistent (2319 events, 6880 seats sold)
  race (32 buyers per event, fresh load):
    race       10 seats x20       559.8 sold/s  p50=  1.814ms p99=  63.412ms  attempts/sale=1.00 errors=0  editor p99=40.46ms  ok
      audit: consistent (90 events, 7080 seats sold)
    race      100 seats x4       1220.7 sold/s  p50=  1.261ms p99=  42.668ms  attempts/sale=1.00 errors=0  editor p99=14.17ms  ok
      audit: consistent (90 events, 7480 seats sold)
    race     1000 seats x1       1158.4 sold/s  p50=  1.337ms p99=  85.437ms  attempts/sale=1.00 errors=0  editor p99=16.14ms  ok
      audit: consistent (90 events, 8480 seats sold)
    race    10000 seats x1       1272.5 sold/s  p50=  1.324ms p99=  46.847ms  attempts/sale=1.00 errors=0  editor p99=20.87ms  ok
      audit: consistent (90 events, 18480 seats sold)
  churn (32 buyers per event, fresh load):
    churn      10 seats x10       828.2 sold/s  p50=  2.096ms p99=  31.904ms  attempts/sale=1.00 errors=0  editor p99=2.82ms  ok
      audit: consistent (90 events, 6980 seats sold)
    churn     100 seats x2       1345.4 sold/s  p50=  1.620ms p99=  36.305ms  attempts/sale=1.00 errors=0  editor p99=1.43ms  ok
      audit: consistent (90 events, 7180 seats sold)
    churn    1000 seats x1       1325.3 sold/s  p50=  1.581ms p99=  82.436ms  attempts/sale=1.00 errors=0  editor p99=2.25ms  ok
      audit: consistent (90 events, 8180 seats sold)
  wrote /results/p1_precreated_lock_first.json
[1;34m==>[0m [pg-single] p2_precreated_skip_locked
  engine: PostgreSQL 17.11 (Debian 17.11-1.pgdg13+2) on x86_64-pc-linux-gnu, compiled by gcc (Debian 14.2.0-19) 14.2.0, 64-bit
  dataset: 10 bands, 90 events, 26100 seats, 6880 sold at load
  loading p2_precreated_skip_locked ...
  loaded in 0.1s (copy 0.1s, index 0.0s)
  verifying answers against ground truth ...
    38/38 checks passed; audit on load: consistent (90 events, 6880 seats sold)
  capturing plans ...
  read benchmark:
    q01_event_availability@10             24975.2 ops/s  p50=  0.152ms p99=   0.490ms  errors=0
    q01_event_availability@100            22903.3 ops/s  p50=  0.160ms p99=   0.504ms  errors=0
    q01_event_availability@1000           16936.1 ops/s  p50=  0.186ms p99=   0.616ms  errors=0
    q01_event_availability@10000           4782.8 ops/s  p50=  0.396ms p99=  69.149ms  errors=0
    q02_band_events                       11333.1 ops/s  p50=  0.169ms p99=   1.469ms  errors=0
    q03_customer_tickets                  43510.2 ops/s  p50=  0.110ms p99=   0.380ms  errors=0
    q04_ticket_by_id                      48505.8 ops/s  p50=  0.104ms p99=   0.319ms  errors=0
    q05_band_tickets_sold                  5204.6 ops/s  p50=  0.282ms p99=  65.903ms  errors=0
  write benchmark (fresh load per op):
    book                                   6096.9 ops/s  p50=  1.294ms p99=   2.080ms  rejected=2 retries=0 errors=0
      audit after book: consistent (90 events, 9860 seats sold)
    cancel                                 4457.4 ops/s  p50=  1.334ms p99=  21.310ms  rejected=0 retries=0 errors=0
      audit after cancel: consistent (90 events, 3511 seats sold)
    publish@10                             1943.8 ops/s  p50=  1.769ms p99=   5.668ms  rejected=0 retries=0 errors=0
    publish@100                            1662.2 ops/s  p50=  2.158ms p99=   5.651ms  rejected=0 retries=0 errors=0
    publish@1000                            341.0 ops/s  p50=  9.966ms p99=  20.296ms  rejected=0 retries=0 errors=0
    publish@10000                            36.3 ops/s  p50= 46.766ms p99=  46.766ms  rejected=0 retries=0 errors=0
    publish@100000                            3.3 ops/s  p50=517.472ms p99= 517.472ms  rejected=0 retries=0 errors=0
      audit after publish: consistent (2319 events, 6880 seats sold)
  race (32 buyers per event, fresh load):
    race       10 seats x20       735.7 sold/s  p50= 10.054ms p99=  42.212ms  attempts/sale=29.49 errors=0  editor p99=27.32ms  ok
      audit: consistent (90 events, 7080 seats sold)
    race      100 seats x4       7138.0 sold/s  p50=  3.216ms p99=   8.527ms  attempts/sale=1.55 errors=0  editor p99=1.81ms  ok
      audit: consistent (90 events, 7480 seats sold)
    race     1000 seats x1       3751.4 sold/s  p50=  3.266ms p99=  63.916ms  attempts/sale=1.05 errors=0  editor p99=59.09ms  ok
      audit: consistent (90 events, 8480 seats sold)
    race    10000 seats x1       3984.0 sold/s  p50=  3.221ms p99=  65.370ms  attempts/sale=1.00 errors=0  editor p99=53.88ms  ok
      audit: consistent (90 events, 18480 seats sold)
  churn (32 buyers per event, fresh load):
    churn      10 seats x10      1634.1 sold/s  p50=  4.290ms p99=   5.671ms  attempts/sale=9.33 errors=0  editor p99=4.98ms  ok
      audit: consistent (90 events, 6980 seats sold)
    churn     100 seats x2       3051.9 sold/s  p50=  3.206ms p99=  36.793ms  attempts/sale=2.93 errors=0  editor p99=2.78ms  ok
      audit: consistent (90 events, 7180 seats sold)
    churn    1000 seats x1       3902.9 sold/s  p50=  2.995ms p99=  62.886ms  attempts/sale=1.05 errors=0  editor p99=42.63ms  ok
      audit: consistent (90 events, 8180 seats sold)
  wrote /results/p2_precreated_skip_locked.json
[1;34m==>[0m [pg-single] p3_precreated_cas
  engine: PostgreSQL 17.11 (Debian 17.11-1.pgdg13+2) on x86_64-pc-linux-gnu, compiled by gcc (Debian 14.2.0-19) 14.2.0, 64-bit
  dataset: 10 bands, 90 events, 26100 seats, 6880 sold at load
  loading p3_precreated_cas ...
  loaded in 0.1s (copy 0.1s, index 0.0s)
  verifying answers against ground truth ...
    38/38 checks passed; audit on load: consistent (90 events, 6880 seats sold)
  capturing plans ...
  read benchmark:
    q01_event_availability@10             25217.2 ops/s  p50=  0.148ms p99=   0.472ms  errors=0
    q01_event_availability@100            22662.9 ops/s  p50=  0.160ms p99=   1.053ms  errors=0
    q01_event_availability@1000           15299.1 ops/s  p50=  0.198ms p99=   0.871ms  errors=0
    q01_event_availability@10000           5549.4 ops/s  p50=  0.391ms p99=  66.303ms  errors=0
    q02_band_events                       10858.9 ops/s  p50=  0.174ms p99=   1.640ms  errors=0
    q03_customer_tickets                  44242.2 ops/s  p50=  0.108ms p99=   0.340ms  errors=0
    q04_ticket_by_id                      50678.7 ops/s  p50=  0.100ms p99=   0.303ms  errors=0
    q05_band_tickets_sold                  6077.4 ops/s  p50=  0.257ms p99=  62.906ms  errors=0
  write benchmark (fresh load per op):
    book                                   3483.0 ops/s  p50=  1.097ms p99=  12.623ms  rejected=3 retries=770 errors=0
      audit after book: consistent (90 events, 9564 seats sold)
    cancel                                 6529.8 ops/s  p50=  1.139ms p99=   2.092ms  rejected=0 retries=0 errors=0
      audit after cancel: consistent (90 events, 3190 seats sold)
    publish@10                             2795.4 ops/s  p50=  1.403ms p99=   2.347ms  rejected=0 retries=0 errors=0
    publish@100                            1858.9 ops/s  p50=  1.984ms p99=   4.064ms  rejected=0 retries=0 errors=0
    publish@1000                            379.5 ops/s  p50=  9.537ms p99=  11.013ms  rejected=0 retries=0 errors=0
    publish@10000                            37.0 ops/s  p50= 51.822ms p99=  51.822ms  rejected=0 retries=0 errors=0
    publish@100000                            3.3 ops/s  p50=519.743ms p99= 519.743ms  rejected=0 retries=0 errors=0
      audit after publish: consistent (2319 events, 6880 seats sold)
  race (32 buyers per event, fresh load):
    race       10 seats x20      2884.5 sold/s  p50=  2.198ms p99=   4.478ms  attempts/sale=3.67 errors=0  editor p99=3.45ms  ok
      audit: consistent (90 events, 7080 seats sold)
    race      100 seats x4       7616.7 sold/s  p50=  1.998ms p99=   8.006ms  attempts/sale=1.82 errors=0  editor p99=2.27ms  ok
      audit: consistent (90 events, 7480 seats sold)
    race     1000 seats x1       9707.7 sold/s  p50=  1.793ms p99=  31.100ms  attempts/sale=1.22 errors=0  editor p99=8.61ms  ok
      audit: consistent (90 events, 8480 seats sold)
    race    10000 seats x1       7803.8 sold/s  p50=  1.799ms p99=  53.954ms  attempts/sale=1.08 errors=0  editor p99=52.73ms  ok
      audit: consistent (90 events, 18480 seats sold)
  churn (32 buyers per event, fresh load):
    churn      10 seats x10      1407.6 sold/s  p50=  2.125ms p99=   4.487ms  attempts/sale=3.76 errors=0  editor p99=2.80ms  ok
      audit: consistent (90 events, 6980 seats sold)
    churn     100 seats x2       6240.0 sold/s  p50=  1.913ms p99=   8.281ms  attempts/sale=1.71 errors=0  editor p99=1.89ms  ok
      audit: consistent (90 events, 7180 seats sold)
    churn    1000 seats x1       5593.9 sold/s  p50=  1.990ms p99=  41.086ms  attempts/sale=1.26 errors=0  editor p99=23.78ms  ok
      audit: consistent (90 events, 8180 seats sold)
  wrote /results/p3_precreated_cas.json
[1;34m==>[0m [pg-single] p4_precreated_counter
  engine: PostgreSQL 17.11 (Debian 17.11-1.pgdg13+2) on x86_64-pc-linux-gnu, compiled by gcc (Debian 14.2.0-19) 14.2.0, 64-bit
  dataset: 10 bands, 90 events, 26100 seats, 6880 sold at load
  loading p4_precreated_counter ...
  loaded in 0.1s (copy 0.0s, index 0.0s)
  verifying answers against ground truth ...
    38/38 checks passed; audit on load: consistent (90 events, 6880 seats sold)
  capturing plans ...
  read benchmark:
    q01_event_availability@10             52798.7 ops/s  p50=  0.098ms p99=   0.303ms  errors=0
    q01_event_availability@100            52723.3 ops/s  p50=  0.098ms p99=   0.301ms  errors=0
    q01_event_availability@1000           52852.8 ops/s  p50=  0.099ms p99=   0.288ms  errors=0
    q01_event_availability@10000          52314.2 ops/s  p50=  0.100ms p99=   0.306ms  errors=0
    q02_band_events                       40408.4 ops/s  p50=  0.116ms p99=   0.361ms  errors=0
    q03_customer_tickets                  44167.6 ops/s  p50=  0.109ms p99=   0.334ms  errors=0
    q04_ticket_by_id                      48692.6 ops/s  p50=  0.102ms p99=   0.316ms  errors=0
    q05_band_tickets_sold                 42951.1 ops/s  p50=  0.110ms p99=   0.336ms  errors=0
  write benchmark (fresh load per op):
    book                                   1895.6 ops/s  p50=  2.924ms p99=  18.646ms  rejected=0 retries=0 errors=0
      audit after book: consistent (90 events, 8951 seats sold)
    cancel                                 1633.9 ops/s  p50=  3.488ms p99=  24.978ms  rejected=0 retries=0 errors=0
      audit after cancel: consistent (90 events, 4714 seats sold)
    publish@10                             2625.0 ops/s  p50=  1.546ms p99=   2.369ms  rejected=0 retries=0 errors=0
    publish@100                            1595.2 ops/s  p50=  2.139ms p99=  14.710ms  rejected=0 retries=0 errors=0
    publish@1000                            408.8 ops/s  p50=  9.226ms p99=  11.055ms  rejected=0 retries=0 errors=0
    publish@10000                            28.8 ops/s  p50= 68.848ms p99=  68.848ms  rejected=0 retries=0 errors=0
    publish@100000                            3.2 ops/s  p50=565.294ms p99= 565.294ms  rejected=0 retries=0 errors=0
      audit after publish: consistent (2319 events, 6880 seats sold)
  race (32 buyers per event, fresh load):
    race       10 seats x20       177.2 sold/s  p50= 13.810ms p99= 258.627ms  attempts/sale=74.41 errors=0  editor p99=135.58ms  ok
      audit: consistent (90 events, 7080 seats sold)
    race      100 seats x4        861.5 sold/s  p50= 18.997ms p99= 103.881ms  attempts/sale=7.51 errors=0  editor p99=53.53ms  ok
      audit: consistent (90 events, 7480 seats sold)
    race     1000 seats x1       1179.5 sold/s  p50= 16.095ms p99= 123.525ms  attempts/sale=1.59 errors=0  editor p99=76.11ms  ok
      audit: consistent (90 events, 8480 seats sold)
    race    10000 seats x1       1191.8 sold/s  p50= 16.528ms p99= 138.453ms  attempts/sale=1.06 errors=0  editor p99=119.40ms  ok
      audit: consistent (90 events, 18480 seats sold)
  churn (32 buyers per event, fresh load):
    churn      10 seats x10       353.0 sold/s  p50=  9.369ms p99=  46.304ms  attempts/sale=35.56 errors=0  editor p99=23.28ms  ok
      audit: consistent (90 events, 6980 seats sold)
    churn     100 seats x2        627.8 sold/s  p50= 18.780ms p99= 147.185ms  attempts/sale=7.15 errors=0  editor p99=47.38ms  ok
      audit: consistent (90 events, 7180 seats sold)
    churn    1000 seats x1       1018.2 sold/s  p50= 16.204ms p99= 139.115ms  attempts/sale=1.80 errors=0  editor p99=100.89ms  ok
      audit: consistent (90 events, 8180 seats sold)
  wrote /results/p4_precreated_counter.json
[1;34m==>[0m [pg-single] c1_count_naive
  engine: PostgreSQL 17.11 (Debian 17.11-1.pgdg13+2) on x86_64-pc-linux-gnu, compiled by gcc (Debian 14.2.0-19) 14.2.0, 64-bit
  dataset: 10 bands, 90 events, 26100 seats, 6880 sold at load
  loading c1_count_naive ...
  loaded in 0.1s (copy 0.1s, index 0.0s)
  verifying answers against ground truth ...
    38/38 checks passed; audit on load: consistent (90 events, 6880 seats sold)
  capturing plans ...
  read benchmark:
    q01_event_availability@10             40840.9 ops/s  p50=  0.114ms p99=   0.346ms  errors=0
    q01_event_availability@100            35721.4 ops/s  p50=  0.127ms p99=   0.379ms  errors=0
    q01_event_availability@1000           23523.4 ops/s  p50=  0.155ms p99=   0.492ms  errors=0
    q01_event_availability@10000           2152.5 ops/s  p50=  0.846ms p99=  73.961ms  errors=0
    q02_band_events                       15956.3 ops/s  p50=  0.158ms p99=   1.017ms  errors=0
    q03_customer_tickets                  40482.0 ops/s  p50=  0.114ms p99=   0.364ms  errors=0
    q04_ticket_by_id                      50039.0 ops/s  p50=  0.103ms p99=   0.313ms  errors=0
    q05_band_tickets_sold                 22666.9 ops/s  p50=  0.142ms p99=   0.600ms  errors=0
  write benchmark (fresh load per op):
    book                                   3764.9 ops/s  p50=  1.614ms p99=  26.787ms  rejected=0 retries=0 errors=0
      audit after book: consistent (90 events, 9671 seats sold)
    cancel                                 6714.9 ops/s  p50=  1.155ms p99=   1.759ms  rejected=0 retries=0 errors=0
      audit after cancel: consistent (90 events, 3178 seats sold)
    publish@10                             3834.1 ops/s  p50=  0.988ms p99=   1.698ms  rejected=0 retries=0 errors=0
    publish@100                            3359.5 ops/s  p50=  1.084ms p99=   2.515ms  rejected=0 retries=0 errors=0
    publish@1000                           3583.8 ops/s  p50=  1.061ms p99=   1.322ms  rejected=0 retries=0 errors=0
    publish@10000                          1013.7 ops/s  p50=  1.257ms p99=   1.257ms  rejected=0 retries=0 errors=0
    publish@100000                         1002.9 ops/s  p50=  1.534ms p99=   1.534ms  rejected=0 retries=0 errors=0
      audit after publish: consistent (2319 events, 6880 seats sold)
  race (32 buyers per event, fresh load):
    race       10 seats x20      2615.8 sold/s  p50=  3.646ms p99=  44.381ms  attempts/sale=1.00 errors=0  editor p99=40.45ms  OVERBOOKED 20 events (+445 seats)
      audit: VIOLATIONS — 20 overbooked events (+445 seats), 0 duplicate seats, 0 derived-state drifts, 0 ledger mismatches
    race      100 seats x4       9931.2 sold/s  p50=  2.378ms p99=   3.758ms  attempts/sale=1.00 errors=0  editor p99=2.59ms  OVERBOOKED 4 events (+96 seats)
      audit: VIOLATIONS — 24 overbooked events (+541 seats), 0 duplicate seats, 0 derived-state drifts, 0 ledger mismatches
    race     1000 seats x1       6743.5 sold/s  p50=  2.717ms p99=  56.707ms  attempts/sale=1.00 errors=0  editor p99=3.21ms  OVERBOOKED 1 events (+26 seats)
      audit: VIOLATIONS — 25 overbooked events (+567 seats), 0 duplicate seats, 0 derived-state drifts, 0 ledger mismatches
    race    10000 seats x1       2403.1 sold/s  p50=  4.227ms p99=  79.221ms  attempts/sale=1.00 errors=0  editor p99=73.14ms  OVERBOOKED 1 events (+31 seats)
      audit: VIOLATIONS — 26 overbooked events (+598 seats), 0 duplicate seats, 0 derived-state drifts, 0 ledger mismatches
  churn (32 buyers per event, fresh load):
    churn      10 seats x10      5995.9 sold/s  p50=  3.144ms p99=  16.215ms  attempts/sale=1.00 errors=0  editor p99=2.78ms  OVERBOOKED 10 events (+187 seats)
      audit: VIOLATIONS — 10 overbooked events (+187 seats), 0 duplicate seats, 0 derived-state drifts, 0 ledger mismatches
    churn     100 seats x2       9807.7 sold/s  p50=  2.453ms p99=   7.599ms  attempts/sale=1.00 errors=0  editor p99=1.83ms  OVERBOOKED 2 events (+37 seats)
      audit: VIOLATIONS — 12 overbooked events (+224 seats), 0 duplicate seats, 0 derived-state drifts, 0 ledger mismatches
    churn    1000 seats x1       4474.6 sold/s  p50=  2.592ms p99=  61.204ms  attempts/sale=1.00 errors=0  editor p99=35.08ms  OVERBOOKED 1 events (+23 seats)
      audit: VIOLATIONS — 13 overbooked events (+247 seats), 0 duplicate seats, 0 derived-state drifts, 0 ledger mismatches
  wrote /results/c1_count_naive.json
[1;34m==>[0m [pg-single] c2_count_serializable
  engine: PostgreSQL 17.11 (Debian 17.11-1.pgdg13+2) on x86_64-pc-linux-gnu, compiled by gcc (Debian 14.2.0-19) 14.2.0, 64-bit
  dataset: 10 bands, 90 events, 26100 seats, 6880 sold at load
  loading c2_count_serializable ...
  loaded in 0.1s (copy 0.1s, index 0.0s)
  verifying answers against ground truth ...
    38/38 checks passed; audit on load: consistent (90 events, 6880 seats sold)
  capturing plans ...
  read benchmark:
    q01_event_availability@10             39710.4 ops/s  p50=  0.117ms p99=   0.377ms  errors=0
    q01_event_availability@100            38531.8 ops/s  p50=  0.115ms p99=   0.352ms  errors=0
    q01_event_availability@1000           23602.8 ops/s  p50=  0.149ms p99=   0.462ms  errors=0
    q01_event_availability@10000           2260.8 ops/s  p50=  0.817ms p99=  73.868ms  errors=0
    q02_band_events                       15878.2 ops/s  p50=  0.154ms p99=   0.995ms  errors=0
    q03_customer_tickets                  40635.2 ops/s  p50=  0.113ms p99=   0.373ms  errors=0
    q04_ticket_by_id                      49268.4 ops/s  p50=  0.102ms p99=   0.330ms  errors=0
    q05_band_tickets_sold                 15264.2 ops/s  p50=  0.160ms p99=   1.153ms  errors=0
  write benchmark (fresh load per op):
    book                                    385.0 ops/s  p50=  4.690ms p99= 106.571ms  rejected=0 retries=2490 errors=0
      audit after book: consistent (90 events, 7398 seats sold)
    cancel                                 6556.7 ops/s  p50=  1.173ms p99=   2.003ms  rejected=0 retries=0 errors=0
      audit after cancel: consistent (90 events, 3120 seats sold)
    publish@10                             3790.3 ops/s  p50=  1.004ms p99=   1.765ms  rejected=0 retries=0 errors=0
    publish@100                            3665.3 ops/s  p50=  0.958ms p99=   4.861ms  rejected=0 retries=0 errors=0
    publish@1000                           3323.0 ops/s  p50=  1.058ms p99=   1.364ms  rejected=0 retries=0 errors=0
    publish@10000                          1318.2 ops/s  p50=  1.110ms p99=   1.110ms  rejected=0 retries=0 errors=0
    publish@100000                         1605.4 ops/s  p50=  0.813ms p99=   0.813ms  rejected=0 retries=0 errors=0
      audit after publish: consistent (2319 events, 6880 seats sold)
  race (32 buyers per event, fresh load):
    race       10 seats x20       271.3 sold/s  p50= 12.967ms p99=  85.814ms  attempts/sale=24.42 errors=0  editor p99=32.63ms  ok
      audit: consistent (90 events, 7080 seats sold)
    race      100 seats x4        315.4 sold/s  p50= 61.458ms p99= 282.966ms  attempts/sale=16.28 errors=0  editor p99=50.03ms  ok
      audit: consistent (90 events, 7480 seats sold)
    race     1000 seats x1        237.2 sold/s  p50= 91.395ms p99= 612.543ms  attempts/sale=14.81 errors=0  editor p99=43.86ms  ok
      audit: consistent (90 events, 8480 seats sold)
    race    10000 seats x1        127.5 sold/s  p50=170.312ms p99=1387.602ms  attempts/sale=15.22 errors=0  editor p99=63.84ms  ok, 1 timed out (77% sold)
      audit: consistent (90 events, 16166 seats sold)
  churn (32 buyers per event, fresh load):
    churn      10 seats x10       440.9 sold/s  p50= 10.373ms p99=  35.275ms  attempts/sale=20.82 errors=0  editor p99=3.18ms  ok
      audit: consistent (90 events, 6980 seats sold)
    churn     100 seats x2        317.3 sold/s  p50= 47.958ms p99= 267.574ms  attempts/sale=16.03 errors=0  editor p99=39.58ms  ok
      audit: consistent (90 events, 7180 seats sold)
    churn    1000 seats x1        230.6 sold/s  p50= 93.722ms p99= 607.747ms  attempts/sale=14.52 errors=0  editor p99=53.69ms  ok
      audit: consistent (90 events, 8180 seats sold)
  wrote /results/c2_count_serializable.json
[1;34m==>[0m [pg-single] c3_count_lock_event
  engine: PostgreSQL 17.11 (Debian 17.11-1.pgdg13+2) on x86_64-pc-linux-gnu, compiled by gcc (Debian 14.2.0-19) 14.2.0, 64-bit
  dataset: 10 bands, 90 events, 26100 seats, 6880 sold at load
  loading c3_count_lock_event ...
  loaded in 0.1s (copy 0.1s, index 0.0s)
  verifying answers against ground truth ...
    38/38 checks passed; audit on load: consistent (90 events, 6880 seats sold)
  capturing plans ...
  read benchmark:
    q01_event_availability@10             37787.9 ops/s  p50=  0.121ms p99=   0.382ms  errors=0
    q01_event_availability@100            34084.5 ops/s  p50=  0.135ms p99=   0.393ms  errors=0
    q01_event_availability@1000           22232.0 ops/s  p50=  0.164ms p99=   0.493ms  errors=0
    q01_event_availability@10000           2178.7 ops/s  p50=  0.806ms p99=  74.808ms  errors=0
    q02_band_events                       14813.1 ops/s  p50=  0.171ms p99=   1.111ms  errors=0
    q03_customer_tickets                  39676.3 ops/s  p50=  0.114ms p99=   0.423ms  errors=0
    q04_ticket_by_id                      37649.2 ops/s  p50=  0.121ms p99=   0.372ms  errors=0
    q05_band_tickets_sold                 15126.5 ops/s  p50=  0.157ms p99=   1.105ms  errors=0
  write benchmark (fresh load per op):
    book                                   1433.2 ops/s  p50=  7.290ms p99=  10.168ms  rejected=0 retries=0 errors=0
      audit after book: consistent (90 events, 8553 seats sold)
    cancel                                 6710.3 ops/s  p50=  1.147ms p99=   1.878ms  rejected=0 retries=0 errors=0
      audit after cancel: consistent (90 events, 3121 seats sold)
    publish@10                             3601.1 ops/s  p50=  1.056ms p99=   1.808ms  rejected=0 retries=0 errors=0
    publish@100                            3654.1 ops/s  p50=  1.038ms p99=   1.659ms  rejected=0 retries=0 errors=0
    publish@1000                           3671.7 ops/s  p50=  0.973ms p99=   1.417ms  rejected=0 retries=0 errors=0
    publish@10000                          1463.9 ops/s  p50=  0.895ms p99=   0.895ms  rejected=0 retries=0 errors=0
    publish@100000                         1475.0 ops/s  p50=  0.825ms p99=   0.825ms  rejected=0 retries=0 errors=0
      audit after publish: consistent (2319 events, 6880 seats sold)
  race (32 buyers per event, fresh load):
    race       10 seats x20       854.4 sold/s  p50=  5.658ms p99=  29.153ms  attempts/sale=1.00 errors=0  editor p99=29.85ms  ok
      audit: consistent (90 events, 7080 seats sold)
    race      100 seats x4       1128.2 sold/s  p50= 27.569ms p99=  44.911ms  attempts/sale=1.00 errors=0  editor p99=27.89ms  ok
      audit: consistent (90 events, 7480 seats sold)
    race     1000 seats x1       1035.5 sold/s  p50= 33.104ms p99=  37.653ms  attempts/sale=1.00 errors=0  editor p99=31.06ms  ok
      audit: consistent (90 events, 8480 seats sold)
    race    10000 seats x1        872.2 sold/s  p50= 37.417ms p99=  51.598ms  attempts/sale=1.00 errors=0  editor p99=46.59ms  ok
      audit: consistent (90 events, 18480 seats sold)
  churn (32 buyers per event, fresh load):
    churn      10 seats x10      1017.3 sold/s  p50=  5.448ms p99=  13.634ms  attempts/sale=1.00 errors=0  editor p99=13.83ms  ok
      audit: consistent (90 events, 6980 seats sold)
    churn     100 seats x2       1262.6 sold/s  p50= 24.544ms p99=  38.480ms  attempts/sale=1.00 errors=0  editor p99=25.00ms  ok
      audit: consistent (90 events, 7180 seats sold)
    churn    1000 seats x1       1139.3 sold/s  p50= 28.531ms p99=  38.942ms  attempts/sale=1.00 errors=0  editor p99=32.83ms  ok
      audit: consistent (90 events, 8180 seats sold)
  wrote /results/c3_count_lock_event.json
[1;34m==>[0m [pg-single] c4_counter_guard
  engine: PostgreSQL 17.11 (Debian 17.11-1.pgdg13+2) on x86_64-pc-linux-gnu, compiled by gcc (Debian 14.2.0-19) 14.2.0, 64-bit
  dataset: 10 bands, 90 events, 26100 seats, 6880 sold at load
  loading c4_counter_guard ...
  loaded in 0.1s (copy 0.0s, index 0.0s)
  verifying answers against ground truth ...
    38/38 checks passed; audit on load: consistent (90 events, 6880 seats sold)
  capturing plans ...
  read benchmark:
    q01_event_availability@10             46068.5 ops/s  p50=  0.112ms p99=   0.357ms  errors=0
    q01_event_availability@100            46264.4 ops/s  p50=  0.114ms p99=   0.347ms  errors=0
    q01_event_availability@1000           45675.0 ops/s  p50=  0.115ms p99=   0.370ms  errors=0
    q01_event_availability@10000          45443.2 ops/s  p50=  0.115ms p99=   0.368ms  errors=0
    q02_band_events                       35121.1 ops/s  p50=  0.135ms p99=   0.399ms  errors=0
    q03_customer_tickets                  36474.9 ops/s  p50=  0.128ms p99=   0.392ms  errors=0
    q04_ticket_by_id                      39521.0 ops/s  p50=  0.133ms p99=   0.459ms  errors=0
    q05_band_tickets_sold                 37939.3 ops/s  p50=  0.128ms p99=   0.367ms  errors=0
  write benchmark (fresh load per op):
    book                                   1600.3 ops/s  p50=  3.461ms p99=  21.340ms  rejected=0 retries=0 errors=0
      audit after book: consistent (90 events, 8838 seats sold)
    cancel                                 1620.8 ops/s  p50=  3.731ms p99=  21.258ms  rejected=0 retries=0 errors=0
      audit after cancel: consistent (90 events, 4745 seats sold)
    publish@10                             3888.1 ops/s  p50=  0.977ms p99=   1.685ms  rejected=0 retries=0 errors=0
    publish@100                            3885.1 ops/s  p50=  0.970ms p99=   1.869ms  rejected=0 retries=0 errors=0
    publish@1000                           3769.7 ops/s  p50=  1.032ms p99=   1.282ms  rejected=0 retries=0 errors=0
    publish@10000                          1461.7 ops/s  p50=  0.849ms p99=   0.849ms  rejected=0 retries=0 errors=0
    publish@100000                         1588.6 ops/s  p50=  0.845ms p99=   0.845ms  rejected=0 retries=0 errors=0
      audit after publish: consistent (2319 events, 6880 seats sold)
  race (32 buyers per event, fresh load):
    race       10 seats x20       648.4 sold/s  p50=  5.819ms p99=  33.072ms  attempts/sale=1.00 errors=0  editor p99=33.83ms  ok
      audit: consistent (90 events, 7080 seats sold)
    race      100 seats x4       1140.3 sold/s  p50= 16.810ms p99=  67.221ms  attempts/sale=1.00 errors=0  editor p99=54.43ms  ok
      audit: consistent (90 events, 7480 seats sold)
    race     1000 seats x1       1086.0 sold/s  p50= 20.567ms p99= 121.707ms  attempts/sale=1.00 errors=0  editor p99=71.17ms  ok
      audit: consistent (90 events, 8480 seats sold)
    race    10000 seats x1        977.4 sold/s  p50= 23.222ms p99= 143.772ms  attempts/sale=1.00 errors=0  editor p99=112.80ms  ok
      audit: consistent (90 events, 18480 seats sold)
  churn (32 buyers per event, fresh load):
    churn      10 seats x10       657.3 sold/s  p50=  7.357ms p99=  19.949ms  attempts/sale=1.00 errors=0  editor p99=16.62ms  ok
      audit: consistent (90 events, 6980 seats sold)
    churn     100 seats x2        903.7 sold/s  p50= 17.999ms p99=  85.447ms  attempts/sale=1.00 errors=0  editor p99=23.68ms  ok
      audit: consistent (90 events, 7180 seats sold)
    churn    1000 seats x1        966.3 sold/s  p50= 19.886ms p99= 127.993ms  attempts/sale=1.00 errors=0  editor p99=103.84ms  ok
      audit: consistent (90 events, 8180 seats sold)
  wrote /results/c4_counter_guard.json
[1;34m==>[0m [pg-single] c5_seat_unique
  engine: PostgreSQL 17.11 (Debian 17.11-1.pgdg13+2) on x86_64-pc-linux-gnu, compiled by gcc (Debian 14.2.0-19) 14.2.0, 64-bit
  dataset: 10 bands, 90 events, 26100 seats, 6880 sold at load
  loading c5_seat_unique ...
  loaded in 0.0s (copy 0.0s, index 0.0s)
  verifying answers against ground truth ...
    38/38 checks passed; audit on load: consistent (90 events, 6880 seats sold)
  capturing plans ...
  read benchmark:
    q01_event_availability@10             37562.3 ops/s  p50=  0.123ms p99=   0.386ms  errors=0
    q01_event_availability@100            28507.7 ops/s  p50=  0.154ms p99=   0.516ms  errors=0
    q01_event_availability@1000           23297.9 ops/s  p50=  0.175ms p99=   0.577ms  errors=0
    q01_event_availability@10000           4691.4 ops/s  p50=  0.530ms p99=  65.590ms  errors=0
    q02_band_events                       16758.1 ops/s  p50=  0.170ms p99=   0.809ms  errors=0
    q03_customer_tickets                  37340.6 ops/s  p50=  0.125ms p99=   0.449ms  errors=0
    q04_ticket_by_id                      45596.1 ops/s  p50=  0.114ms p99=   0.337ms  errors=0
    q05_band_tickets_sold                 17697.7 ops/s  p50=  0.158ms p99=   0.787ms  errors=0
  write benchmark (fresh load per op):
    book                                   1432.8 ops/s  p50=  1.551ms p99=  37.419ms  rejected=0 retries=6113 errors=0
      audit after book: consistent (90 events, 8768 seats sold)
    cancel                                 6519.5 ops/s  p50=  1.189ms p99=   1.904ms  rejected=0 retries=0 errors=0
      audit after cancel: consistent (90 events, 3189 seats sold)
    publish@10                             3326.8 ops/s  p50=  1.132ms p99=   1.866ms  rejected=0 retries=0 errors=0
    publish@100                            2439.3 ops/s  p50=  1.150ms p99=  21.960ms  rejected=0 retries=0 errors=0
    publish@1000                           3067.7 ops/s  p50=  1.075ms p99=   1.812ms  rejected=0 retries=0 errors=0
    publish@10000                          1480.3 ops/s  p50=  0.873ms p99=   0.873ms  rejected=0 retries=0 errors=0
    publish@100000                         1528.3 ops/s  p50=  0.799ms p99=   0.799ms  rejected=0 retries=0 errors=0
      audit after publish: consistent (2319 events, 6880 seats sold)
  race (32 buyers per event, fresh load):
    race       10 seats x20       370.8 sold/s  p50=  8.032ms p99=  80.715ms  attempts/sale=27.52 errors=0  editor p99=32.83ms  ok
      audit: consistent (90 events, 7080 seats sold)
    race      100 seats x4        408.9 sold/s  p50= 33.110ms p99= 217.351ms  attempts/sale=26.86 errors=0  editor p99=52.35ms  ok
      audit: consistent (90 events, 7480 seats sold)
    race     1000 seats x1        383.9 sold/s  p50= 58.915ms p99= 428.479ms  attempts/sale=26.38 errors=0  editor p99=45.70ms  ok
      audit: consistent (90 events, 8480 seats sold)
    race    10000 seats x1        329.4 sold/s  p50= 73.517ms p99= 487.892ms  attempts/sale=26.67 errors=0  editor p99=39.97ms  ok
      audit: consistent (90 events, 18480 seats sold)
  churn (32 buyers per event, fresh load):
    churn      10 seats x10       506.2 sold/s  p50=  8.420ms p99=  39.595ms  attempts/sale=26.88 errors=0  editor p99=9.52ms  UNDERBOOKED 2 events (2 seats)
      audit: VIOLATIONS — 0 overbooked events (+0 seats), 0 duplicate seats, 2 derived-state drifts, 0 ledger mismatches
    churn     100 seats x2        389.8 sold/s  p50= 43.657ms p99= 235.518ms  attempts/sale=24.30 errors=0  editor p99=42.05ms  UNDERBOOKED 2 events (13 seats)
      audit: VIOLATIONS — 0 overbooked events (+0 seats), 0 duplicate seats, 4 derived-state drifts, 0 ledger mismatches
    churn    1000 seats x1        352.0 sold/s  p50= 69.970ms p99= 465.192ms  attempts/sale=23.96 errors=0  editor p99=54.67ms  UNDERBOOKED 1 events (32 seats)
      audit: VIOLATIONS — 0 overbooked events (+0 seats), 0 duplicate seats, 5 derived-state drifts, 0 ledger mismatches
  wrote /results/c5_seat_unique.json
[1;34m==>[0m [pg-single] r1_inventory_row
  engine: PostgreSQL 17.11 (Debian 17.11-1.pgdg13+2) on x86_64-pc-linux-gnu, compiled by gcc (Debian 14.2.0-19) 14.2.0, 64-bit
  dataset: 10 bands, 90 events, 26100 seats, 6880 sold at load
  loading r1_inventory_row ...
  loaded in 0.1s (copy 0.0s, index 0.0s)
  verifying answers against ground truth ...
    38/38 checks passed; audit on load: consistent (90 events, 6880 seats sold)
  capturing plans ...
  read benchmark:
    q01_event_availability@10             39821.0 ops/s  p50=  0.123ms p99=   0.492ms  errors=0
    q01_event_availability@100            37934.6 ops/s  p50=  0.130ms p99=   0.501ms  errors=0
    q01_event_availability@1000           40822.1 ops/s  p50=  0.123ms p99=   0.405ms  errors=0
    q01_event_availability@10000          39656.4 ops/s  p50=  0.126ms p99=   0.469ms  errors=0
    q02_band_events                       27678.2 ops/s  p50=  0.149ms p99=   0.456ms  errors=0
    q03_customer_tickets                  37503.2 ops/s  p50=  0.124ms p99=   0.380ms  errors=0
    q04_ticket_by_id                      44816.5 ops/s  p50=  0.115ms p99=   0.355ms  errors=0
    q05_band_tickets_sold                 29052.0 ops/s  p50=  0.145ms p99=   0.456ms  errors=0
  write benchmark (fresh load per op):
    book                                   1628.3 ops/s  p50=  3.469ms p99=  22.507ms  rejected=4 retries=0 errors=0
      audit after book: consistent (90 events, 8943 seats sold)
    cancel                                 1715.7 ops/s  p50=  3.775ms p99=  16.202ms  rejected=0 retries=0 errors=0
      audit after cancel: consistent (90 events, 4656 seats sold)
    publish@10                             2972.6 ops/s  p50=  1.254ms p99=   2.140ms  rejected=0 retries=0 errors=0
    publish@100                            2965.4 ops/s  p50=  1.259ms p99=   1.976ms  rejected=0 retries=0 errors=0
    publish@1000                           2672.0 ops/s  p50=  1.201ms p99=   1.793ms  rejected=0 retries=0 errors=0
    publish@10000                          1405.8 ops/s  p50=  0.949ms p99=   0.949ms  rejected=0 retries=0 errors=0
    publish@100000                         1024.7 ops/s  p50=  1.348ms p99=   1.348ms  rejected=0 retries=0 errors=0
      audit after publish: consistent (2319 events, 6880 seats sold)
  race (32 buyers per event, fresh load):
    race       10 seats x20       573.4 sold/s  p50=  6.265ms p99=  93.972ms  attempts/sale=1.00 errors=0  editor p99=23.19ms  ok
      audit: consistent (90 events, 7080 seats sold)
    race      100 seats x4       1022.8 sold/s  p50= 17.336ms p99=  74.100ms  attempts/sale=1.00 errors=0  editor p99=1.85ms  ok
      audit: consistent (90 events, 7480 seats sold)
    race     1000 seats x1       1022.2 sold/s  p50= 21.389ms p99= 134.655ms  attempts/sale=1.00 errors=0  editor p99=7.84ms  ok
      audit: consistent (90 events, 8480 seats sold)
    race    10000 seats x1        998.7 sold/s  p50= 22.762ms p99= 143.966ms  attempts/sale=1.00 errors=0  editor p99=1.73ms  ok
      audit: consistent (90 events, 18480 seats sold)
  churn (32 buyers per event, fresh load):
    churn      10 seats x10       781.1 sold/s  p50=  6.615ms p99=  15.866ms  attempts/sale=1.00 errors=0  editor p99=2.72ms  ok
      audit: consistent (90 events, 6980 seats sold)
    churn     100 seats x2        962.4 sold/s  p50= 16.669ms p99=  72.524ms  attempts/sale=1.00 errors=0  editor p99=1.64ms  ok
      audit: consistent (90 events, 7180 seats sold)
    churn    1000 seats x1        994.2 sold/s  p50= 21.674ms p99= 119.443ms  attempts/sale=1.00 errors=0  editor p99=5.32ms  ok
      audit: consistent (90 events, 8180 seats sold)
  wrote /results/r1_inventory_row.json
[1;34m==>[0m [pg-single] r2_inventory_buckets
  engine: PostgreSQL 17.11 (Debian 17.11-1.pgdg13+2) on x86_64-pc-linux-gnu, compiled by gcc (Debian 14.2.0-19) 14.2.0, 64-bit
  dataset: 10 bands, 90 events, 26100 seats, 6880 sold at load
  loading r2_inventory_buckets ...
  loaded in 0.0s (copy 0.0s, index 0.0s)
  verifying answers against ground truth ...
    38/38 checks passed; audit on load: consistent (90 events, 6880 seats sold)
  capturing plans ...
  read benchmark:
    q01_event_availability@10             43401.6 ops/s  p50=  0.113ms p99=   0.336ms  errors=0
    q01_event_availability@100            42045.7 ops/s  p50=  0.118ms p99=   0.348ms  errors=0
    q01_event_availability@1000           42127.7 ops/s  p50=  0.119ms p99=   0.346ms  errors=0
    q01_event_availability@10000          41808.6 ops/s  p50=  0.118ms p99=   0.344ms  errors=0
    q02_band_events                       23144.3 ops/s  p50=  0.160ms p99=   0.501ms  errors=0
    q03_customer_tickets                  37654.7 ops/s  p50=  0.123ms p99=   0.377ms  errors=0
    q04_ticket_by_id                      44901.7 ops/s  p50=  0.114ms p99=   0.357ms  errors=0
    q05_band_tickets_sold                 20377.8 ops/s  p50=  0.171ms p99=   0.520ms  errors=0
  write benchmark (fresh load per op):
    book                                   2385.8 ops/s  p50=  2.157ms p99=  24.796ms  rejected=1 retries=1503 errors=0
      audit after book: consistent (90 events, 9239 seats sold)
    cancel                                 2631.7 ops/s  p50=  2.272ms p99=  20.952ms  rejected=0 retries=1086 errors=0
      audit after cancel: consistent (90 events, 4319 seats sold)
    publish@10                             2488.6 ops/s  p50=  1.602ms p99=   2.458ms  rejected=0 retries=0 errors=0
    publish@100                            2483.1 ops/s  p50=  1.605ms p99=   2.217ms  rejected=0 retries=0 errors=0
    publish@1000                           2453.9 ops/s  p50=  1.330ms p99=   1.973ms  rejected=0 retries=0 errors=0
    publish@10000                          1231.5 ops/s  p50=  1.127ms p99=   1.127ms  rejected=0 retries=0 errors=0
    publish@100000                         1259.8 ops/s  p50=  1.107ms p99=   1.107ms  rejected=0 retries=0 errors=0
      audit after publish: consistent (2319 events, 6880 seats sold)
  race (32 buyers per event, fresh load):
    race       10 seats x20       430.1 sold/s  p50=  6.426ms p99=  70.328ms  attempts/sale=33.01 errors=0  editor p99=38.97ms  ok
      audit: consistent (90 events, 7080 seats sold)
    race      100 seats x4       1157.2 sold/s  p50= 10.085ms p99=  76.683ms  attempts/sale=9.66 errors=0  editor p99=47.69ms  ok
      audit: consistent (90 events, 7480 seats sold)
    race     1000 seats x1       1040.9 sold/s  p50=  9.847ms p99= 101.108ms  attempts/sale=8.49 errors=0  editor p99=62.63ms  ok
      audit: consistent (90 events, 8480 seats sold)
    race    10000 seats x1       1063.1 sold/s  p50= 10.386ms p99= 109.202ms  attempts/sale=8.30 errors=0  editor p99=60.58ms  ok
      audit: consistent (90 events, 18480 seats sold)
  churn (32 buyers per event, fresh load):
    churn      10 seats x10      1063.3 sold/s  p50=  4.220ms p99=  15.864ms  attempts/sale=18.87 errors=0  editor p99=4.48ms  ok
      audit: consistent (90 events, 6980 seats sold)
    churn     100 seats x2        965.7 sold/s  p50= 10.356ms p99=  80.098ms  attempts/sale=10.53 errors=0  editor p99=34.67ms  ok
      audit: consistent (90 events, 7180 seats sold)
    churn    1000 seats x1       1025.0 sold/s  p50=  9.674ms p99=  99.929ms  attempts/sale=8.81 errors=0  editor p99=49.97ms  ok
      audit: consistent (90 events, 8180 seats sold)
  wrote /results/r2_inventory_buckets.json
[1;34m==>[0m [pg-single] r3_seat_pool
  engine: PostgreSQL 17.11 (Debian 17.11-1.pgdg13+2) on x86_64-pc-linux-gnu, compiled by gcc (Debian 14.2.0-19) 14.2.0, 64-bit
  dataset: 10 bands, 90 events, 26100 seats, 6880 sold at load
  loading r3_seat_pool ...
  loaded in 0.1s (copy 0.0s, index 0.0s)
  verifying answers against ground truth ...
    38/38 checks passed; audit on load: consistent (90 events, 6880 seats sold)
  capturing plans ...
  read benchmark:
    q01_event_availability@10             29777.4 ops/s  p50=  0.137ms p99=   0.448ms  errors=0
    q01_event_availability@100            26162.0 ops/s  p50=  0.152ms p99=   0.476ms  errors=0
    q01_event_availability@1000           10843.7 ops/s  p50=  0.250ms p99=   1.113ms  errors=0
    q01_event_availability@10000           2216.4 ops/s  p50=  0.772ms p99=  74.740ms  errors=0
    q02_band_events                        6104.8 ops/s  p50=  0.212ms p99=  66.479ms  errors=0
    q03_customer_tickets                  41150.4 ops/s  p50=  0.111ms p99=   0.361ms  errors=0
    q04_ticket_by_id                      50644.2 ops/s  p50=  0.101ms p99=   0.315ms  errors=0
    q05_band_tickets_sold                 15673.3 ops/s  p50=  0.151ms p99=   1.032ms  errors=0
  write benchmark (fresh load per op):
    book                                   4547.0 ops/s  p50=  1.736ms p99=   3.357ms  rejected=3 retries=0 errors=0
      audit after book: consistent (90 events, 9733 seats sold)
    cancel                                 5291.6 ops/s  p50=  1.431ms p99=   2.453ms  rejected=0 retries=0 errors=0
      audit after cancel: consistent (90 events, 3529 seats sold)
    publish@10                             2492.5 ops/s  p50=  1.585ms p99=   2.403ms  rejected=0 retries=0 errors=0
    publish@100                            1682.8 ops/s  p50=  2.290ms p99=   3.552ms  rejected=0 retries=0 errors=0
    publish@1000                            440.2 ops/s  p50=  7.369ms p99=  12.063ms  rejected=0 retries=0 errors=0
    publish@10000                            40.6 ops/s  p50= 48.729ms p99=  48.729ms  rejected=0 retries=0 errors=0
    publish@100000                            4.8 ops/s  p50=385.249ms p99= 385.249ms  rejected=0 retries=0 errors=0
      audit after publish: consistent (2319 events, 6880 seats sold)
  race (32 buyers per event, fresh load):
    race       10 seats x20      1043.2 sold/s  p50=  4.688ms p99=  44.636ms  attempts/sale=15.70 errors=0  editor p99=20.01ms  ok
      audit: consistent (90 events, 7080 seats sold)
    race      100 seats x4       5443.4 sold/s  p50=  3.514ms p99=  19.114ms  attempts/sale=1.48 errors=0  editor p99=2.93ms  ok
      audit: consistent (90 events, 7480 seats sold)
    race     1000 seats x1       4267.3 sold/s  p50=  3.370ms p99=  61.582ms  attempts/sale=1.03 errors=0  editor p99=41.52ms  ok
      audit: consistent (90 events, 8480 seats sold)
    race    10000 seats x1       3997.7 sold/s  p50=  3.305ms p99=  64.166ms  attempts/sale=1.00 errors=0  editor p99=53.36ms  ok
      audit: consistent (90 events, 18480 seats sold)
  churn (32 buyers per event, fresh load):
    churn      10 seats x10      1284.3 sold/s  p50=  4.460ms p99=  14.003ms  attempts/sale=10.28 errors=0  editor p99=4.72ms  ok
      audit: consistent (90 events, 6980 seats sold)
    churn     100 seats x2       6008.0 sold/s  p50=  3.216ms p99=   6.034ms  attempts/sale=1.95 errors=0  editor p99=1.82ms  ok
      audit: consistent (90 events, 7180 seats sold)
    churn    1000 seats x1       3820.0 sold/s  p50=  3.481ms p99=  63.576ms  attempts/sale=1.13 errors=0  editor p99=45.33ms  ok
      audit: consistent (90 events, 8180 seats sold)
  wrote /results/r3_seat_pool.json
[1;34m==>[0m [pg-single] h0_hold_naive_confirm
  engine: PostgreSQL 17.11 (Debian 17.11-1.pgdg13+2) on x86_64-pc-linux-gnu, compiled by gcc (Debian 14.2.0-19) 14.2.0, 64-bit
  dataset: 10 bands, 90 events, 26100 seats, 6880 sold at load
  loading h0_hold_naive_confirm ...
  loaded in 0.0s (copy 0.0s, index 0.0s)
  verifying answers against ground truth ...
    38/38 checks passed; audit on load: consistent (90 events, 6880 seats sold)
  capturing plans ...
  read benchmark:
    q01_event_availability@10             44987.6 ops/s  p50=  0.118ms p99=   0.384ms  errors=0
    q01_event_availability@100            44952.4 ops/s  p50=  0.120ms p99=   0.377ms  errors=0
    q01_event_availability@1000           44693.8 ops/s  p50=  0.121ms p99=   0.370ms  errors=0
    q01_event_availability@10000          43582.4 ops/s  p50=  0.121ms p99=   0.369ms  errors=0
    q02_band_events                       35379.9 ops/s  p50=  0.137ms p99=   0.403ms  errors=0
    q03_customer_tickets                  35887.5 ops/s  p50=  0.132ms p99=   0.401ms  errors=0
    q04_ticket_by_id                      42608.9 ops/s  p50=  0.122ms p99=   0.410ms  errors=0
    q05_band_tickets_sold                 20848.4 ops/s  p50=  0.160ms p99=   0.631ms  errors=0
  write benchmark (fresh load per op):
    book                                   1299.8 ops/s  p50=  5.153ms p99=  20.166ms  rejected=0 retries=0 errors=0
      audit after book: consistent (90 events, 8547 seats sold)
    cancel                                 1670.4 ops/s  p50=  3.956ms p99=  15.737ms  rejected=0 retries=0 errors=0
      audit after cancel: consistent (90 events, 4724 seats sold)
    publish@10                             3834.0 ops/s  p50=  0.988ms p99=   1.838ms  rejected=0 retries=0 errors=0
    publish@100                            3840.7 ops/s  p50=  0.981ms p99=   1.643ms  rejected=0 retries=0 errors=0
    publish@1000                           2888.1 ops/s  p50=  1.205ms p99=   1.709ms  rejected=0 retries=0 errors=0
    publish@10000                          1586.0 ops/s  p50=  0.823ms p99=   0.823ms  rejected=0 retries=0 errors=0
    publish@100000                         1400.4 ops/s  p50=  0.969ms p99=   0.969ms  rejected=0 retries=0 errors=0
      audit after publish: consistent (2319 events, 6880 seats sold)
  race (32 buyers per event, fresh load):
    race       10 seats x20       485.8 sold/s  p50=  9.954ms p99=  36.652ms  attempts/sale=1.00 errors=0  editor p99=18.88ms  ok
      audit: consistent (90 events, 7080 seats sold)
    race      100 seats x4        758.1 sold/s  p50= 22.206ms p99= 116.954ms  attempts/sale=1.00 errors=0  editor p99=71.15ms  ok
      audit: consistent (90 events, 7480 seats sold)
    race     1000 seats x1        694.9 sold/s  p50= 29.816ms p99= 183.827ms  attempts/sale=1.00 errors=0  editor p99=134.61ms  ok
      audit: consistent (90 events, 8480 seats sold)
    race    10000 seats x1        568.6 sold/s  p50= 37.358ms p99= 271.186ms  attempts/sale=1.00 errors=0  editor p99=241.02ms  ok
      audit: consistent (90 events, 18480 seats sold)
  churn (32 buyers per event, fresh load):
    churn      10 seats x10       609.9 sold/s  p50=  8.962ms p99=  17.730ms  attempts/sale=1.00 errors=0  editor p99=18.73ms  ok
      audit: consistent (90 events, 6980 seats sold)
    churn     100 seats x2        693.9 sold/s  p50= 24.992ms p99= 130.641ms  attempts/sale=1.00 errors=0  editor p99=57.73ms  ok
      audit: consistent (90 events, 7180 seats sold)
    churn    1000 seats x1        643.0 sold/s  p50= 32.295ms p99= 179.342ms  attempts/sale=1.00 errors=0  editor p99=115.18ms  ok
      audit: consistent (90 events, 8180 seats sold)
  holds (32 buyers per event, TTL 250ms, fresh load):
    holds      10 seats x10      17.2 confirmed/s  holds=143 abandoned=40 late-rejected=0 swept=46 errors=0  OVERBOOKED 3 events (+3 seats)
      audit: VIOLATIONS — 3 overbooked events (+3 seats), 0 duplicate seats, 4 derived-state drifts, 0 ledger mismatches
    holds     100 seats x4       72.4 confirmed/s  holds=553 abandoned=149 late-rejected=0 swept=158 errors=0  OVERBOOKED 2 events (+4 seats)
      audit: VIOLATIONS — 5 overbooked events (+7 seats), 0 duplicate seats, 7 derived-state drifts, 0 ledger mismatches
    holds    1000 seats x1      158.6 confirmed/s  holds=1367 abandoned=349 late-rejected=0 swept=378 errors=0  OVERBOOKED 1 events (+18 seats)
      audit: VIOLATIONS — 6 overbooked events (+25 seats), 0 duplicate seats, 8 derived-state drifts, 0 ledger mismatches
  wrote /results/h0_hold_naive_confirm.json
[1;34m==>[0m [pg-single] h1_hold_checked_confirm
  engine: PostgreSQL 17.11 (Debian 17.11-1.pgdg13+2) on x86_64-pc-linux-gnu, compiled by gcc (Debian 14.2.0-19) 14.2.0, 64-bit
  dataset: 10 bands, 90 events, 26100 seats, 6880 sold at load
  loading h1_hold_checked_confirm ...
  loaded in 0.0s (copy 0.0s, index 0.0s)
  verifying answers against ground truth ...
    38/38 checks passed; audit on load: consistent (90 events, 6880 seats sold)
  capturing plans ...
  read benchmark:
    q01_event_availability@10             48455.0 ops/s  p50=  0.106ms p99=   0.352ms  errors=0
    q01_event_availability@100            50466.8 ops/s  p50=  0.104ms p99=   0.319ms  errors=0
    q01_event_availability@1000           51642.6 ops/s  p50=  0.102ms p99=   0.292ms  errors=0
    q01_event_availability@10000          50543.4 ops/s  p50=  0.103ms p99=   0.315ms  errors=0
    q02_band_events                       39086.9 ops/s  p50=  0.122ms p99=   0.428ms  errors=0
    q03_customer_tickets                  38610.3 ops/s  p50=  0.123ms p99=   0.457ms  errors=0
    q04_ticket_by_id                      48228.8 ops/s  p50=  0.106ms p99=   0.327ms  errors=0
    q05_band_tickets_sold                 15226.0 ops/s  p50=  0.159ms p99=   1.149ms  errors=0
  write benchmark (fresh load per op):
    book                                   1394.8 ops/s  p50=  4.994ms p99=  17.363ms  rejected=0 retries=0 errors=0
      audit after book: consistent (90 events, 8670 seats sold)
    cancel                                 1291.4 ops/s  p50=  4.263ms p99=  28.815ms  rejected=0 retries=0 errors=0
      audit after cancel: consistent (90 events, 5112 seats sold)
    publish@10                             3297.1 ops/s  p50=  1.108ms p99=   1.914ms  rejected=0 retries=0 errors=0
    publish@100                            3364.6 ops/s  p50=  1.038ms p99=   5.121ms  rejected=0 retries=0 errors=0
    publish@1000                           2874.5 ops/s  p50=  1.124ms p99=   1.750ms  rejected=0 retries=0 errors=0
    publish@10000                          1352.1 ops/s  p50=  0.974ms p99=   0.974ms  rejected=0 retries=0 errors=0
    publish@100000                         1522.4 ops/s  p50=  0.897ms p99=   0.897ms  rejected=0 retries=0 errors=0
      audit after publish: consistent (2319 events, 6880 seats sold)
  race (32 buyers per event, fresh load):
    race       10 seats x20       534.0 sold/s  p50=  8.548ms p99=  50.270ms  attempts/sale=1.00 errors=0  editor p99=34.79ms  ok
      audit: consistent (90 events, 7080 seats sold)
    race      100 seats x4        577.2 sold/s  p50= 27.050ms p99= 156.529ms  attempts/sale=1.00 errors=0  editor p99=151.88ms  ok
      audit: consistent (90 events, 7480 seats sold)
    race     1000 seats x1        531.0 sold/s  p50= 38.377ms p99= 273.268ms  attempts/sale=1.00 errors=0  editor p99=151.53ms  ok
      audit: consistent (90 events, 8480 seats sold)
    race    10000 seats x1        497.8 sold/s  p50= 42.190ms p99= 312.715ms  attempts/sale=1.00 errors=0  editor p99=307.70ms  ok
      audit: consistent (90 events, 18480 seats sold)
  churn (32 buyers per event, fresh load):
    churn      10 seats x10       610.2 sold/s  p50=  8.064ms p99=  19.695ms  attempts/sale=1.00 errors=0  editor p99=18.43ms  ok
      audit: consistent (90 events, 6980 seats sold)
    churn     100 seats x2        764.0 sold/s  p50= 18.489ms p99= 103.577ms  attempts/sale=1.00 errors=0  editor p99=29.70ms  ok
      audit: consistent (90 events, 7180 seats sold)
    churn    1000 seats x1        610.5 sold/s  p50= 31.334ms p99= 219.258ms  attempts/sale=1.00 errors=0  editor p99=137.77ms  ok
      audit: consistent (90 events, 8180 seats sold)
  holds (32 buyers per event, TTL 250ms, fresh load):
    holds      10 seats x10      14.3 confirmed/s  holds=145 abandoned=31 late-rejected=14 swept=45 errors=0  ok
      audit: consistent (90 events, 6980 seats sold)
    holds     100 seats x4       72.6 confirmed/s  holds=580 abandoned=132 late-rejected=48 swept=180 errors=0  ok
      audit: consistent (90 events, 7380 seats sold)
    holds    1000 seats x1      129.7 confirmed/s  holds=1459 abandoned=358 late-rejected=101 swept=459 errors=0  ok
      audit: consistent (90 events, 8380 seats sold)
  wrote /results/h1_hold_checked_confirm.json
[1;34m==>[0m pg-single removed (including its data volume)
[1;34m==>[0m starting yb-single (docker.io/yugabytedb/yugabyte:2025.2.6.0-b111, 2 cpus, 3g)
[1;34m==>[0m yb-single ready on container port 5433 (host 55433)
    tservers: 1
[1;34m==>[0m [yb-single] p1_precreated_lock_first
  engine: PostgreSQL 15.12-YB-2025.2.6.0-b0 on x86_64-pc-linux-gnu, compiled by clang version 19.1.0 (https://github.com/yugabyte/llvm-project.git a2a6b655e14e7fa1fcf1011a6cb29cb8575249c0), 64-bit
  effective isolation for READ COMMITTED requests: read committed
  dataset: 10 bands, 90 events, 26100 seats, 6880 sold at load
  loading p1_precreated_lock_first ...
  loaded in 24.9s (copy 0.4s, index 23.3s)
  verifying answers against ground truth ...
    38/38 checks passed; audit on load: consistent (90 events, 6880 seats sold)
  capturing plans ...
  read benchmark:
    q01_event_availability@10              4929.8 ops/s  p50=  0.544ms p99=  65.176ms  errors=0
    q01_event_availability@100             4649.2 ops/s  p50=  0.557ms p99=  65.906ms  errors=0
    q01_event_availability@1000            3403.8 ops/s  p50=  0.726ms p99=  68.463ms  errors=0
    q01_event_availability@10000           1290.0 ops/s  p50=  1.531ms p99=  75.042ms  errors=0
    q02_band_events                         658.9 ops/s  p50=  3.517ms p99=  81.663ms  errors=0
    q03_customer_tickets                   2932.3 ops/s  p50=  0.877ms p99=  67.597ms  errors=0
    q04_ticket_by_id                       5129.8 ops/s  p50=  0.516ms p99=  64.731ms  errors=0
    q05_band_tickets_sold                   173.7 ops/s  p50=  5.821ms p99= 205.485ms  errors=0
  write benchmark (fresh load per op):
    book                                    167.4 ops/s  p50=  4.694ms p99= 347.134ms  rejected=0 retries=0 errors=0
      audit after book: consistent (90 events, 7099 seats sold)
    cancel                                  546.9 ops/s  p50=  4.076ms p99=  80.540ms  rejected=0 retries=0 errors=0
      audit after cancel: consistent (90 events, 6159 seats sold)
    publish@10                              287.5 ops/s  p50=  4.346ms p99=  77.188ms  rejected=0 retries=0 errors=0
    publish@100                             176.0 ops/s  p50=  8.463ms p99=  76.986ms  rejected=0 retries=0 errors=0
    publish@1000                             37.8 ops/s  p50=103.934ms p99= 136.902ms  rejected=0 retries=0 errors=0
    publish@10000                             3.2 ops/s  p50=600.765ms p99= 600.765ms  rejected=0 retries=0 errors=0
    publish@100000                            0.2 ops/s  p50=8312.432ms p99=8312.432ms  rejected=0 retries=0 errors=0
      audit after publish: consistent (2319 events, 6880 seats sold)
  race (32 buyers per event, fresh load):
    race       10 seats x20        35.4 sold/s  p50= 82.070ms p99= 372.742ms  attempts/sale=1.00 errors=0  editor p99=159.64ms  ok
      audit: consistent (90 events, 7080 seats sold)
    race      100 seats x4         31.0 sold/s  p50=400.635ms p99=3164.518ms  attempts/sale=1.09 errors=0  editor p99=86.63ms  ok
      audit: consistent (90 events, 7480 seats sold)
    race     1000 seats x1         28.1 sold/s  p50=688.380ms p99=5353.285ms  attempts/sale=1.15 errors=0  editor p99=83.57ms  ok
      audit: consistent (90 events, 8480 seats sold)
    race    10000 seats x1         26.5 sold/s  p50=888.053ms p99=5490.258ms  attempts/sale=1.13 errors=0  editor p99=88.39ms  ok, 1 timed out (16% sold)
      audit: consistent (90 events, 10094 seats sold)
  churn (32 buyers per event, fresh load):
    churn      10 seats x10        37.2 sold/s  p50= 84.944ms p99= 465.064ms  attempts/sale=1.00 errors=0  editor p99=177.03ms  ok
      audit: consistent (90 events, 6980 seats sold)
    churn     100 seats x2         31.7 sold/s  p50=408.386ms p99=2883.430ms  attempts/sale=1.10 errors=0  editor p99=82.65ms  ok
      audit: consistent (90 events, 7180 seats sold)
    churn    1000 seats x1         27.6 sold/s  p50=796.206ms p99=5087.075ms  attempts/sale=1.12 errors=0  editor p99=85.58ms  ok
      audit: consistent (90 events, 8180 seats sold)
  wrote /results/p1_precreated_lock_first.json
[1;34m==>[0m [yb-single] p2_precreated_skip_locked
  engine: PostgreSQL 15.12-YB-2025.2.6.0-b0 on x86_64-pc-linux-gnu, compiled by clang version 19.1.0 (https://github.com/yugabyte/llvm-project.git a2a6b655e14e7fa1fcf1011a6cb29cb8575249c0), 64-bit
  effective isolation for READ COMMITTED requests: read committed
  dataset: 10 bands, 90 events, 26100 seats, 6880 sold at load
  loading p2_precreated_skip_locked ...
  loaded in 5.3s (copy 0.3s, index 3.4s)
  verifying answers against ground truth ...
    38/38 checks passed; audit on load: consistent (90 events, 6880 seats sold)
  capturing plans ...
  read benchmark:
    q01_event_availability@10              4879.3 ops/s  p50=  0.545ms p99=  65.534ms  errors=0
    q01_event_availability@100             4398.3 ops/s  p50=  0.574ms p99=  66.668ms  errors=0
    q01_event_availability@1000            3224.4 ops/s  p50=  0.729ms p99=  68.791ms  errors=0
    q01_event_availability@10000           1409.7 ops/s  p50=  1.557ms p99=  74.117ms  errors=0
    q02_band_events                         439.5 ops/s  p50=  4.233ms p99=  91.323ms  errors=0
    q03_customer_tickets                   2406.3 ops/s  p50=  0.988ms p99=  69.642ms  errors=0
    q04_ticket_by_id                       5043.5 ops/s  p50=  0.520ms p99=  65.371ms  errors=0
    q05_band_tickets_sold                   161.6 ops/s  p50=  5.769ms p99= 286.493ms  errors=0
  write benchmark (fresh load per op):
    book                                    160.8 ops/s  p50= 20.442ms p99= 164.769ms  rejected=0 retries=0 errors=0
      audit after book: consistent (90 events, 7114 seats sold)
    cancel                                  479.2 ops/s  p50=  4.233ms p99=  81.339ms  rejected=0 retries=0 errors=0
      audit after cancel: consistent (90 events, 6226 seats sold)
    publish@10                              261.0 ops/s  p50=  4.772ms p99=  77.366ms  rejected=0 retries=0 errors=0
    publish@100                             165.7 ops/s  p50=  8.497ms p99=  78.825ms  rejected=0 retries=0 errors=0
    publish@1000                             29.3 ops/s  p50=121.794ms p99= 196.238ms  rejected=0 retries=0 errors=0
    publish@10000                             3.0 ops/s  p50=656.593ms p99= 656.593ms  rejected=0 retries=0 errors=0
    publish@100000                            0.2 ops/s  p50=9365.578ms p99=9365.578ms  rejected=0 retries=0 errors=0
      audit after publish: consistent (2319 events, 6880 seats sold)
  race (32 buyers per event, fresh load):
    race       10 seats x20        57.1 sold/s  p50= 81.703ms p99= 314.991ms  attempts/sale=2.95 errors=0  editor p99=289.96ms  ok
      audit: consistent (90 events, 7080 seats sold)
    race      100 seats x4         85.1 sold/s  p50=248.979ms p99= 892.115ms  attempts/sale=1.02 errors=0  editor p99=88.95ms  ok
      audit: consistent (90 events, 7480 seats sold)
    race     1000 seats x1         78.9 sold/s  p50=385.431ms p99= 996.135ms  attempts/sale=1.00 errors=0  editor p99=93.34ms  ok
      audit: consistent (90 events, 8480 seats sold)
    race    10000 seats x1         60.6 sold/s  p50=497.344ms p99=1286.016ms  attempts/sale=1.00 errors=0  editor p99=102.55ms  ok, 1 timed out (37% sold)
      audit: consistent (90 events, 12139 seats sold)
  churn (32 buyers per event, fresh load):
    churn      10 seats x10        59.3 sold/s  p50= 78.695ms p99= 316.328ms  attempts/sale=2.73 errors=0  editor p99=158.85ms  ok
      audit: consistent (90 events, 6980 seats sold)
    churn     100 seats x2         86.3 sold/s  p50=286.985ms p99= 693.372ms  attempts/sale=1.13 errors=0  editor p99=89.23ms  ok
      audit: consistent (90 events, 7180 seats sold)
    churn    1000 seats x1         77.1 sold/s  p50=395.128ms p99= 992.356ms  attempts/sale=1.00 errors=0  editor p99=95.09ms  ok
      audit: consistent (90 events, 8180 seats sold)
  wrote /results/p2_precreated_skip_locked.json
[1;34m==>[0m [yb-single] p3_precreated_cas
  engine: PostgreSQL 15.12-YB-2025.2.6.0-b0 on x86_64-pc-linux-gnu, compiled by clang version 19.1.0 (https://github.com/yugabyte/llvm-project.git a2a6b655e14e7fa1fcf1011a6cb29cb8575249c0), 64-bit
  effective isolation for READ COMMITTED requests: read committed
  dataset: 10 bands, 90 events, 26100 seats, 6880 sold at load
  loading p3_precreated_cas ...
  loaded in 4.9s (copy 0.4s, index 2.9s)
  verifying answers against ground truth ...
    38/38 checks passed; audit on load: consistent (90 events, 6880 seats sold)
  capturing plans ...
  read benchmark:
    q01_event_availability@10              4842.6 ops/s  p50=  0.550ms p99=  64.409ms  errors=0
    q01_event_availability@100             4219.0 ops/s  p50=  0.566ms p99=  66.213ms  errors=0
    q01_event_availability@1000            3133.6 ops/s  p50=  0.748ms p99=  68.598ms  errors=0
    q01_event_availability@10000           1135.1 ops/s  p50=  1.666ms p99=  76.731ms  errors=0
    q02_band_events                         477.5 ops/s  p50=  3.988ms p99=  88.895ms  errors=0
    q03_customer_tickets                   2102.8 ops/s  p50=  1.079ms p99=  70.709ms  errors=0
    q04_ticket_by_id                       3885.2 ops/s  p50=  0.596ms p99=  68.200ms  errors=0
    q05_band_tickets_sold                   188.9 ops/s  p50=  4.256ms p99= 202.579ms  errors=0
  write benchmark (fresh load per op):
    book                                    315.2 ops/s  p50=  5.466ms p99= 127.922ms  rejected=0 retries=154 errors=0
      audit after book: consistent (90 events, 7272 seats sold)
    cancel                                  451.5 ops/s  p50=  4.661ms p99=  82.945ms  rejected=0 retries=0 errors=0
      audit after cancel: consistent (90 events, 6269 seats sold)
    publish@10                              291.9 ops/s  p50=  4.274ms p99=  74.914ms  rejected=0 retries=0 errors=0
    publish@100                             153.2 ops/s  p50=  9.005ms p99=  85.127ms  rejected=0 retries=0 errors=0
    publish@1000                             32.8 ops/s  p50=104.444ms p99= 181.454ms  rejected=0 retries=0 errors=0
    publish@10000                             2.9 ops/s  p50=596.703ms p99= 596.703ms  rejected=0 retries=0 errors=0
    publish@100000                            0.2 ops/s  p50=8361.836ms p99=8361.836ms  rejected=0 retries=0 errors=0
      audit after publish: consistent (2319 events, 6880 seats sold)
  race (32 buyers per event, fresh load):
    race       10 seats x20        88.2 sold/s  p50= 46.720ms p99= 417.129ms  attempts/sale=4.67 errors=0  editor p99=154.41ms  ok
      audit: consistent (90 events, 7080 seats sold)
    race      100 seats x4        254.6 sold/s  p50= 67.725ms p99= 280.985ms  attempts/sale=1.94 errors=0  editor p99=222.04ms  ok
      audit: consistent (90 events, 7480 seats sold)
    race     1000 seats x1        299.9 sold/s  p50= 93.926ms p99= 297.887ms  attempts/sale=1.27 errors=0  editor p99=97.35ms  ok
      audit: consistent (90 events, 8480 seats sold)
    race    10000 seats x1        317.5 sold/s  p50= 93.662ms p99= 319.721ms  attempts/sale=1.09 errors=0  editor p99=191.43ms  ok
      audit: consistent (90 events, 18480 seats sold)
  churn (32 buyers per event, fresh load):
    churn      10 seats x10        85.3 sold/s  p50= 24.729ms p99= 328.460ms  attempts/sale=4.73 errors=0  editor p99=104.64ms  ok
      audit: consistent (90 events, 6980 seats sold)
    churn     100 seats x2        234.6 sold/s  p50= 63.691ms p99= 289.162ms  attempts/sale=2.10 errors=0  editor p99=97.60ms  ok
      audit: consistent (90 events, 7180 seats sold)
    churn    1000 seats x1        275.1 sold/s  p50= 93.598ms p99= 383.377ms  attempts/sale=1.36 errors=0  editor p99=94.95ms  ok
      audit: consistent (90 events, 8180 seats sold)
  wrote /results/p3_precreated_cas.json
[1;34m==>[0m [yb-single] p4_precreated_counter
  engine: PostgreSQL 15.12-YB-2025.2.6.0-b0 on x86_64-pc-linux-gnu, compiled by clang version 19.1.0 (https://github.com/yugabyte/llvm-project.git a2a6b655e14e7fa1fcf1011a6cb29cb8575249c0), 64-bit
  effective isolation for READ COMMITTED requests: read committed
  dataset: 10 bands, 90 events, 26100 seats, 6880 sold at load
  loading p4_precreated_counter ...
  loaded in 5.5s (copy 0.4s, index 3.4s)
  verifying answers against ground truth ...
    38/38 checks passed; audit on load: consistent (90 events, 6880 seats sold)
  capturing plans ...
  read benchmark:
    q01_event_availability@10              3952.1 ops/s  p50=  0.648ms p99=  61.804ms  errors=0
    q01_event_availability@100             4424.0 ops/s  p50=  0.588ms p99=  65.317ms  errors=0
    q01_event_availability@1000            4114.6 ops/s  p50=  0.583ms p99=  65.355ms  errors=0
    q01_event_availability@10000           3389.2 ops/s  p50=  0.666ms p99=  67.112ms  errors=0
    q02_band_events                        3036.4 ops/s  p50=  0.743ms p99=  68.344ms  errors=0
    q03_customer_tickets                   2096.3 ops/s  p50=  1.120ms p99=  69.650ms  errors=0
    q04_ticket_by_id                       3979.2 ops/s  p50=  0.628ms p99=  66.421ms  errors=0
    q05_band_tickets_sold                  4373.6 ops/s  p50=  0.595ms p99=  65.846ms  errors=0
  write benchmark (fresh load per op):
    book                                    104.7 ops/s  p50= 24.982ms p99= 377.014ms  rejected=0 retries=0 errors=0
      audit after book: consistent (90 events, 7019 seats sold)
    cancel                                   56.8 ops/s  p50= 94.041ms p99= 446.638ms  rejected=0 retries=0 errors=0
      audit after cancel: consistent (90 events, 6790 seats sold)
    publish@10                              185.1 ops/s  p50=  7.103ms p99=  83.547ms  rejected=0 retries=0 errors=0
    publish@100                             158.1 ops/s  p50=  8.465ms p99=  77.972ms  rejected=0 retries=0 errors=0
    publish@1000                             33.6 ops/s  p50=104.878ms p99= 185.896ms  rejected=0 retries=0 errors=0
    publish@10000                             2.7 ops/s  p50=648.055ms p99= 648.055ms  rejected=0 retries=0 errors=0
    publish@100000                            0.2 ops/s  p50=8188.634ms p99=8188.634ms  rejected=0 retries=0 errors=0
      audit after publish: consistent (2319 events, 6880 seats sold)
  race (32 buyers per event, fresh load):
    race       10 seats x20        17.2 sold/s  p50=213.255ms p99=1002.549ms  attempts/sale=10.01 errors=0  editor p99=216.51ms  ok
      audit: consistent (90 events, 7080 seats sold)
    race      100 seats x4         17.6 sold/s  p50=1681.348ms p99=2874.879ms  attempts/sale=2.81 errors=0  editor p99=1667.59ms  ok
      audit: consistent (90 events, 7480 seats sold)
    race     1000 seats x1         17.4 sold/s  p50=2011.606ms p99=2608.078ms  attempts/sale=1.09 errors=0  editor p99=2112.98ms  ok
      audit: consistent (90 events, 8480 seats sold)
    race    10000 seats x1         17.5 sold/s  p50=2028.000ms p99=2618.160ms  attempts/sale=1.00 errors=0  editor p99=1807.30ms  ok, 1 timed out (11% sold)
      audit: consistent (90 events, 9549 seats sold)
  churn (32 buyers per event, fresh load):
    churn      10 seats x10        15.4 sold/s  p50=295.492ms p99=1118.208ms  attempts/sale=10.45 errors=0  editor p99=269.65ms  ok
      audit: consistent (90 events, 6980 seats sold)
    churn     100 seats x2         16.7 sold/s  p50=1710.515ms p99=2715.248ms  attempts/sale=2.50 errors=0  editor p99=1106.35ms  ok
      audit: consistent (90 events, 7180 seats sold)
    churn    1000 seats x1         15.5 sold/s  p50=2104.876ms p99=2706.436ms  attempts/sale=1.00 errors=0  editor p99=2112.44ms  ok, 1 timed out (87% sold)
      audit: consistent (90 events, 8046 seats sold)
  wrote /results/p4_precreated_counter.json
[1;34m==>[0m [yb-single] c1_count_naive
  engine: PostgreSQL 15.12-YB-2025.2.6.0-b0 on x86_64-pc-linux-gnu, compiled by clang version 19.1.0 (https://github.com/yugabyte/llvm-project.git a2a6b655e14e7fa1fcf1011a6cb29cb8575249c0), 64-bit
  effective isolation for READ COMMITTED requests: read committed
  dataset: 10 bands, 90 events, 26100 seats, 6880 sold at load
  loading c1_count_naive ...
  loaded in 4.0s (copy 0.2s, index 2.0s)
  verifying answers against ground truth ...
    38/38 checks passed; audit on load: consistent (90 events, 6880 seats sold)
  capturing plans ...
  read benchmark:
    q01_event_availability@10              2665.4 ops/s  p50=  0.939ms p99=  68.799ms  errors=0
    q01_event_availability@100             2240.7 ops/s  p50=  1.088ms p99=  69.871ms  errors=0
    q01_event_availability@1000            2127.7 ops/s  p50=  1.079ms p99=  72.190ms  errors=0
    q01_event_availability@10000            967.9 ops/s  p50=  2.306ms p99=  74.930ms  errors=0
    q02_band_events                         542.5 ops/s  p50=  3.865ms p99=  87.111ms  errors=0
    q03_customer_tickets                   2849.1 ops/s  p50=  0.883ms p99=  68.576ms  errors=0
    q04_ticket_by_id                       5035.3 ops/s  p50=  0.509ms p99=  65.627ms  errors=0
    q05_band_tickets_sold                  1275.7 ops/s  p50=  1.444ms p99=  74.905ms  errors=0
  write benchmark (fresh load per op):
    book                                    255.6 ops/s  p50=  9.417ms p99=  99.996ms  rejected=0 retries=0 errors=0
      audit after book: consistent (90 events, 7222 seats sold)
    cancel                                  494.9 ops/s  p50=  4.287ms p99=  89.438ms  rejected=0 retries=0 errors=0
      audit after cancel: consistent (90 events, 6213 seats sold)
    publish@10                              581.9 ops/s  p50=  2.379ms p99=  68.667ms  rejected=0 retries=0 errors=0
    publish@100                             653.2 ops/s  p50=  2.252ms p99=  65.159ms  rejected=0 retries=0 errors=0
    publish@1000                            270.4 ops/s  p50=  2.111ms p99=  64.415ms  rejected=0 retries=0 errors=0
    publish@10000                          1106.7 ops/s  p50=  1.565ms p99=   1.565ms  rejected=0 retries=0 errors=0
    publish@100000                          858.2 ops/s  p50=  2.059ms p99=   2.059ms  rejected=0 retries=0 errors=0
      audit after publish: consistent (2319 events, 6880 seats sold)
  race (32 buyers per event, fresh load):
    race       10 seats x20       279.9 sold/s  p50= 15.284ms p99= 254.247ms  attempts/sale=1.00 errors=0  editor p99=137.86ms  OVERBOOKED 20 events (+338 seats)
      audit: VIOLATIONS — 20 overbooked events (+338 seats), 0 duplicate seats, 0 derived-state drifts, 0 ledger mismatches
    race      100 seats x4        336.1 sold/s  p50= 93.958ms p99= 205.062ms  attempts/sale=1.00 errors=0  editor p99=180.27ms  OVERBOOKED 4 events (+72 seats)
      audit: VIOLATIONS — 24 overbooked events (+410 seats), 0 duplicate seats, 0 derived-state drifts, 0 ledger mismatches
    race     1000 seats x1        258.3 sold/s  p50=107.479ms p99= 207.614ms  attempts/sale=1.00 errors=0  editor p99=113.37ms  OVERBOOKED 1 events (+13 seats)
      audit: VIOLATIONS — 25 overbooked events (+423 seats), 0 duplicate seats, 0 derived-state drifts, 0 ledger mismatches
    race    10000 seats x1        157.4 sold/s  p50=198.564ms p99= 406.097ms  attempts/sale=1.00 errors=0  editor p99=180.95ms  ok, 1 timed out (95% sold)
      audit: VIOLATIONS — 25 overbooked events (+423 seats), 0 duplicate seats, 0 derived-state drifts, 0 ledger mismatches
  churn (32 buyers per event, fresh load):
    churn      10 seats x10       210.9 sold/s  p50= 63.049ms p99= 603.957ms  attempts/sale=1.00 errors=0  editor p99=185.15ms  OVERBOOKED 10 events (+151 seats)
      audit: VIOLATIONS — 10 overbooked events (+151 seats), 0 duplicate seats, 0 derived-state drifts, 0 ledger mismatches
    churn     100 seats x2        287.1 sold/s  p50= 98.316ms p99= 193.651ms  attempts/sale=1.00 errors=0  editor p99=91.61ms  OVERBOOKED 2 events (+27 seats)
      audit: VIOLATIONS — 12 overbooked events (+178 seats), 0 duplicate seats, 0 derived-state drifts, 0 ledger mismatches
    churn    1000 seats x1        218.5 sold/s  p50=112.475ms p99= 287.780ms  attempts/sale=1.00 errors=0  editor p99=97.19ms  OVERBOOKED 1 events (+12 seats)
      audit: VIOLATIONS — 13 overbooked events (+190 seats), 0 duplicate seats, 0 derived-state drifts, 0 ledger mismatches
  wrote /results/c1_count_naive.json
[1;34m==>[0m [yb-single] c2_count_serializable
  engine: PostgreSQL 15.12-YB-2025.2.6.0-b0 on x86_64-pc-linux-gnu, compiled by clang version 19.1.0 (https://github.com/yugabyte/llvm-project.git a2a6b655e14e7fa1fcf1011a6cb29cb8575249c0), 64-bit
  effective isolation for READ COMMITTED requests: read committed
  dataset: 10 bands, 90 events, 26100 seats, 6880 sold at load
  loading c2_count_serializable ...
  loaded in 8.3s (copy 0.2s, index 3.8s)
  verifying answers against ground truth ...
    38/38 checks passed; audit on load: consistent (90 events, 6880 seats sold)
  capturing plans ...
  read benchmark:
    q01_event_availability@10              2768.6 ops/s  p50=  0.939ms p99=  67.737ms  errors=0
    q01_event_availability@100             2244.5 ops/s  p50=  1.055ms p99=  69.373ms  errors=0
    q01_event_availability@1000            2029.0 ops/s  p50=  1.085ms p99=  71.853ms  errors=0
    q01_event_availability@10000            841.7 ops/s  p50=  2.205ms p99=  77.757ms  errors=0
    q02_band_events                         547.4 ops/s  p50=  3.833ms p99=  85.604ms  errors=0
    q03_customer_tickets                   2648.2 ops/s  p50=  0.887ms p99=  67.850ms  errors=0
    q04_ticket_by_id                       4833.8 ops/s  p50=  0.551ms p99=  64.702ms  errors=0
    q05_band_tickets_sold                  1158.5 ops/s  p50=  1.515ms p99=  77.006ms  errors=0
  write benchmark (fresh load per op):
    book                                      3.3 ops/s  p50=1903.751ms p99=3031.277ms  rejected=0 retries=103 errors=0
      audit after book: consistent (90 events, 6899 seats sold)
    cancel                                  540.1 ops/s  p50=  4.079ms p99=  82.921ms  rejected=0 retries=0 errors=0
      audit after cancel: consistent (90 events, 6181 seats sold)
    publish@10                              489.6 ops/s  p50=  2.624ms p99=  71.216ms  rejected=0 retries=0 errors=0
    publish@100                             492.3 ops/s  p50=  2.653ms p99=  71.147ms  rejected=0 retries=0 errors=0
    publish@1000                            252.5 ops/s  p50=  2.705ms p99=  68.516ms  rejected=0 retries=0 errors=0
    publish@10000                           793.5 ops/s  p50=  2.284ms p99=   2.284ms  rejected=0 retries=0 errors=0
    publish@100000                          802.8 ops/s  p50=  2.212ms p99=   2.212ms  rejected=0 retries=0 errors=0
      audit after publish: consistent (2319 events, 6880 seats sold)
  race (32 buyers per event, fresh load):
    race       10 seats x20         0.1 sold/s  p50=80083.785ms p99=367474.999ms  attempts/sale=274.95 errors=14597  editor p99=166330.87ms  ok, 14 timed out (100% sold)
      audit: consistent (90 events, 7080 seats sold)
      first error: ERROR: Timed out waiting kResponseSent, state: kProcessingRequest (SQLSTATE XX000)
[1;33m warn[0m [yb-single] c2_count_serializable FAILED -- continuing with the rest of the matrix
[1;34m==>[0m [yb-single] c3_count_lock_event
  engine: PostgreSQL 15.12-YB-2025.2.6.0-b0 on x86_64-pc-linux-gnu, compiled by clang version 19.1.0 (https://github.com/yugabyte/llvm-project.git a2a6b655e14e7fa1fcf1011a6cb29cb8575249c0), 64-bit
  effective isolation for READ COMMITTED requests: read committed
  dataset: 10 bands, 90 events, 26100 seats, 6880 sold at load
  loading c3_count_lock_event ...
  loaded in 4.2s (copy 0.2s, index 2.2s)
  verifying answers against ground truth ...
    38/38 checks passed; audit on load: consistent (90 events, 6880 seats sold)
  capturing plans ...
  read benchmark:
    q01_event_availability@10              2475.8 ops/s  p50=  1.047ms p99=  64.593ms  errors=0
    q01_event_availability@100             2413.1 ops/s  p50=  1.061ms p99=  67.046ms  errors=0
    q01_event_availability@1000            2179.6 ops/s  p50=  1.117ms p99=  68.224ms  errors=0
    q01_event_availability@10000           1093.1 ops/s  p50=  2.173ms p99=  73.605ms  errors=0
    q02_band_events                         531.2 ops/s  p50=  4.379ms p99=  82.183ms  errors=0
    q03_customer_tickets                   2262.7 ops/s  p50=  1.040ms p99=  69.624ms  errors=0
    q04_ticket_by_id                       3505.9 ops/s  p50=  0.681ms p99=  66.930ms  errors=0
    q05_band_tickets_sold                  1141.6 ops/s  p50=  1.690ms p99=  73.942ms  errors=0
  write benchmark (fresh load per op):
    book                                    221.2 ops/s  p50= 30.081ms p99=  90.163ms  rejected=0 retries=0 errors=0
      audit after book: consistent (90 events, 7172 seats sold)
    cancel                                  522.3 ops/s  p50=  4.425ms p99=  78.352ms  rejected=0 retries=0 errors=0
      audit after cancel: consistent (90 events, 6164 seats sold)
    publish@10                              499.9 ops/s  p50=  2.758ms p99=  69.132ms  rejected=0 retries=0 errors=0
    publish@100                             502.5 ops/s  p50=  2.653ms p99=  68.981ms  rejected=0 retries=0 errors=0
    publish@1000                            266.9 ops/s  p50=  2.171ms p99=  65.022ms  rejected=0 retries=0 errors=0
    publish@10000                           944.6 ops/s  p50=  2.065ms p99=   2.065ms  rejected=0 retries=0 errors=0
    publish@100000                          675.9 ops/s  p50=  2.511ms p99=   2.511ms  rejected=0 retries=0 errors=0
      audit after publish: consistent (2319 events, 6880 seats sold)
  race (32 buyers per event, fresh load):
    race       10 seats x20        68.6 sold/s  p50= 63.243ms p99= 586.445ms  attempts/sale=1.00 errors=0  editor p99=498.30ms  ok
      audit: consistent (90 events, 7080 seats sold)
    race      100 seats x4        107.1 sold/s  p50=281.338ms p99= 415.634ms  attempts/sale=1.00 errors=0  editor p99=322.18ms  ok
      audit: consistent (90 events, 7480 seats sold)
    race     1000 seats x1        101.1 sold/s  p50=295.235ms p99= 482.307ms  attempts/sale=1.00 errors=0  editor p99=425.75ms  ok
      audit: consistent (90 events, 8480 seats sold)
    race    10000 seats x1         92.5 sold/s  p50=328.823ms p99= 563.273ms  attempts/sale=1.00 errors=0  editor p99=565.58ms  ok, 1 timed out (56% sold)
      audit: consistent (90 events, 14044 seats sold)
  churn (32 buyers per event, fresh load):
    churn      10 seats x10        84.9 sold/s  p50= 65.698ms p99= 305.201ms  attempts/sale=1.00 errors=0  editor p99=223.98ms  ok
      audit: consistent (90 events, 6980 seats sold)
    churn     100 seats x2        117.1 sold/s  p50=261.777ms p99= 317.244ms  attempts/sale=1.00 errors=0  editor p99=291.62ms  ok
      audit: consistent (90 events, 7180 seats sold)
    churn    1000 seats x1        101.6 sold/s  p50=301.629ms p99= 481.564ms  attempts/sale=1.00 errors=0  editor p99=420.75ms  ok
      audit: consistent (90 events, 8180 seats sold)
  wrote /results/c3_count_lock_event.json
[1;34m==>[0m [yb-single] c4_counter_guard
  engine: PostgreSQL 15.12-YB-2025.2.6.0-b0 on x86_64-pc-linux-gnu, compiled by clang version 19.1.0 (https://github.com/yugabyte/llvm-project.git a2a6b655e14e7fa1fcf1011a6cb29cb8575249c0), 64-bit
  effective isolation for READ COMMITTED requests: read committed
  dataset: 10 bands, 90 events, 26100 seats, 6880 sold at load
  loading c4_counter_guard ...
  loaded in 4.8s (copy 0.4s, index 2.3s)
  verifying answers against ground truth ...
    38/38 checks passed; audit on load: consistent (90 events, 6880 seats sold)
  capturing plans ...
  read benchmark:
    q01_event_availability@10              4441.8 ops/s  p50=  0.584ms p99=  64.361ms  errors=0
    q01_event_availability@100             3730.0 ops/s  p50=  0.710ms p99=  61.335ms  errors=0
    q01_event_availability@1000            3396.6 ops/s  p50=  0.667ms p99=  64.637ms  errors=0
    q01_event_availability@10000           4615.3 ops/s  p50=  0.558ms p99=  65.199ms  errors=0
    q02_band_events                        3972.2 ops/s  p50=  0.640ms p99=  65.827ms  errors=0
    q03_customer_tickets                   2392.0 ops/s  p50=  0.990ms p99=  70.225ms  errors=0
    q04_ticket_by_id                       3761.4 ops/s  p50=  0.620ms p99=  67.949ms  errors=0
    q05_band_tickets_sold                  3844.1 ops/s  p50=  0.629ms p99=  66.993ms  errors=0
  write benchmark (fresh load per op):
    book                                    103.8 ops/s  p50=  9.141ms p99= 389.806ms  rejected=0 retries=0 errors=0
      audit after book: consistent (90 events, 7042 seats sold)
    cancel                                   70.4 ops/s  p50= 46.781ms p99= 434.993ms  rejected=0 retries=0 errors=0
      audit after cancel: consistent (90 events, 6773 seats sold)
    publish@10                              434.7 ops/s  p50=  3.212ms p99=  68.637ms  rejected=0 retries=0 errors=0
    publish@100                             493.7 ops/s  p50=  2.924ms p99=  67.699ms  rejected=0 retries=0 errors=0
    publish@1000                            249.9 ops/s  p50=  3.054ms p99=  67.053ms  rejected=0 retries=0 errors=0
    publish@10000                          1034.9 ops/s  p50=  1.843ms p99=   1.843ms  rejected=0 retries=0 errors=0
    publish@100000                          858.9 ops/s  p50=  2.200ms p99=   2.200ms  rejected=0 retries=0 errors=0
      audit after publish: consistent (2319 events, 6880 seats sold)
  race (32 buyers per event, fresh load):
    race       10 seats x20        18.0 sold/s  p50=180.095ms p99=1342.063ms  attempts/sale=1.00 errors=0  editor p99=677.62ms  ok
      audit: consistent (90 events, 7080 seats sold)
    race      100 seats x4         17.0 sold/s  p50=1727.683ms p99=3237.405ms  attempts/sale=1.00 errors=0  editor p99=1504.65ms  ok
      audit: consistent (90 events, 7480 seats sold)
    race     1000 seats x1         16.3 sold/s  p50=2513.105ms p99=3108.485ms  attempts/sale=1.00 errors=0  editor p99=2460.73ms  ok, 1 timed out (100% sold)
      audit: consistent (90 events, 8480 seats sold)
[1;33m warn[0m [yb-single] c4_counter_guard FAILED -- continuing with the rest of the matrix
[1;34m==>[0m [yb-single] c5_seat_unique
