  engine: PostgreSQL 17.11 (Debian 17.11-1.pgdg13+2) on x86_64-pc-linux-gnu, compiled by gcc (Debian 14.2.0-19) 14.2.0, 64-bit
  dataset: 10 bands, 90 events, 26100 seats, 6880 sold at load
  loading x1_cas_ledger ...
  loaded in 0.2s (copy 0.1s, index 0.0s)
  verifying answers against ground truth ...
    46/46 checks passed; audit on load: consistent (90 events, 6880 seats sold)
    ledger audit on load: consistent (26100 seats checked)
  capturing plans ...
  read benchmark:
    q01_event_availability@10             25375.7 ops/s  p50=  0.144ms p99=   0.505ms  errors=0
    q01_event_availability@100            24781.4 ops/s  p50=  0.147ms p99=   0.496ms  errors=0
    q01_event_availability@1000           17006.4 ops/s  p50=  0.182ms p99=   0.611ms  errors=0
    q01_event_availability@10000           6880.1 ops/s  p50=  0.350ms p99=  65.727ms  errors=0
    q02_band_events                       11760.0 ops/s  p50=  0.173ms p99=   1.302ms  errors=0
    q03_customer_tickets                  43827.3 ops/s  p50=  0.108ms p99=   0.364ms  errors=0
    q04_ticket_by_id                      50609.4 ops/s  p50=  0.100ms p99=   0.328ms  errors=0
    q05_band_tickets_sold                  5717.9 ops/s  p50=  0.338ms p99=  66.443ms  errors=0
  operational reports:
    r01_event_sales_window@trailing             39927.8 ops/s  p50=  0.115ms p99=   0.383ms  errors=0
    r01_event_sales_window@historical           38653.8 ops/s  p50=  0.119ms p99=   0.450ms  errors=0
    r02_event_recent_buyers                     14780.0 ops/s  p50=  0.196ms p99=   1.088ms  errors=0
    r03_customers_last_purchase_window@trailing     2004.7 ops/s  p50=  1.006ms p99=  75.356ms  errors=0
    r03_customers_last_purchase_window@historical     2008.1 ops/s  p50=  1.000ms p99=  75.333ms  errors=0
    r04_band_sellthrough                         5512.3 ops/s  p50=  0.208ms p99=  67.776ms  errors=0
    r05_refunds_window@trailing                 42948.5 ops/s  p50=  0.112ms p99=   0.360ms  errors=0
    r05_refunds_window@historical               45525.5 ops/s  p50=  0.119ms p99=   0.469ms  errors=0
  wrote /results/x1_cas_ledger.json
