  engine: PostgreSQL 15.12-YB-2025.2.6.0-b0 on x86_64-pc-linux-gnu, compiled by clang version 19.1.0 (https://github.com/yugabyte/llvm-project.git a2a6b655e14e7fa1fcf1011a6cb29cb8575249c0), 64-bit
  effective isolation for READ COMMITTED requests: read committed
  dataset: 40 bands, 690 events, 289500 seats, 65388 sold at load
  loading c1_count_naive ...
  loaded in 11.2s (copy 0.9s, index 7.4s)
  verifying answers against ground truth ...
    40/40 checks passed; audit on load: consistent (690 events, 65388 seats sold)
  capturing plans ...
  read benchmark:
    q01_event_availability@10              2087.1 ops/s  p50=  1.835ms p99=  53.512ms  errors=0
    q01_event_availability@100             2255.9 ops/s  p50=  1.742ms p99=  52.148ms  errors=0
    q01_event_availability@1000            2101.2 ops/s  p50=  2.030ms p99=  48.704ms  errors=0
    q01_event_availability@10000           1496.6 ops/s  p50=  3.226ms p99=  43.488ms  errors=0
    q01_event_availability@100000           299.4 ops/s  p50=  9.229ms p99=  81.391ms  errors=0
    q02_band_events                         315.8 ops/s  p50=  8.056ms p99= 194.615ms  errors=0
    q03_customer_tickets                   2449.5 ops/s  p50=  1.337ms p99=  59.677ms  errors=0
    q04_ticket_by_id                       4212.5 ops/s  p50=  0.906ms p99=  51.103ms  errors=0
    q05_band_tickets_sold                   802.3 ops/s  p50=  3.370ms p99=  99.176ms  errors=0
  write benchmark (fresh load per op):
    book                                    129.4 ops/s  p50= 65.646ms p99= 158.605ms  rejected=0 retries=0 errors=0
      audit after book: consistent (690 events, 66300 seats sold)
    cancel                                  353.5 ops/s  p50= 13.907ms p99=  62.224ms  rejected=0 retries=0 errors=0
      audit after cancel: consistent (690 events, 62801 seats sold)
    publish@10                              351.2 ops/s  p50=  7.525ms p99=  45.124ms  rejected=0 retries=0 errors=0
    publish@100                             325.0 ops/s  p50=  8.205ms p99=  47.844ms  rejected=0 retries=0 errors=0
    publish@1000                            265.4 ops/s  p50=  8.828ms p99=  38.571ms  rejected=0 retries=0 errors=0
    publish@10000                           402.5 ops/s  p50=  4.177ms p99=   4.177ms  rejected=0 retries=0 errors=0
    publish@100000                          378.4 ops/s  p50=  5.159ms p99=   5.159ms  rejected=0 retries=0 errors=0
      audit after publish: consistent (2919 events, 65388 seats sold)
  race trial 1/1 (32 buyers per event, fresh load):
    race       10 seats x100      256.5 sold/s  p50= 59.357ms p99= 144.572ms  attempts/sale=1.00 errors=0  editor p99=105.74ms  OVERBOOKED 100 events (+1703 seats)
      audit: VIOLATIONS — 100 overbooked events (+1703 seats), 0 duplicate seats, 0 derived-state drifts, 0 ledger mismatches
    race      100 seats x20       246.9 sold/s  p50=107.367ms p99= 215.462ms  attempts/sale=1.00 errors=0  editor p99=89.19ms  OVERBOOKED 20 events (+346 seats)
      audit: VIOLATIONS — 120 overbooked events (+2049 seats), 0 duplicate seats, 0 derived-state drifts, 0 ledger mismatches
    race     1000 seats x5        233.2 sold/s  p50=125.886ms p99= 271.147ms  attempts/sale=1.00 errors=0  editor p99=88.58ms  OVERBOOKED 5 events (+82 seats)
      audit: VIOLATIONS — 125 overbooked events (+2131 seats), 0 duplicate seats, 0 derived-state drifts, 0 ledger mismatches
    race    10000 seats x2        206.0 sold/s  p50=155.533ms p99= 292.312ms  attempts/sale=1.00 errors=0  editor p99=87.44ms  OVERBOOKED 2 events (+40 seats)
      audit: VIOLATIONS — 127 overbooked events (+2171 seats), 0 duplicate seats, 0 derived-state drifts, 0 ledger mismatches
    race   100000 seats x1        196.3 sold/s  p50=164.197ms p99= 311.749ms  attempts/sale=1.00 errors=0  editor p99=84.38ms  ok, 1 timed out (12% sold)
      audit: VIOLATIONS — 127 overbooked events (+2171 seats), 0 duplicate seats, 0 derived-state drifts, 0 ledger mismatches
  churn trial 1/1 (32 buyers per event, fresh load):
    churn      10 seats x50       255.8 sold/s  p50= 55.807ms p99= 618.428ms  attempts/sale=1.00 errors=0  editor p99=92.05ms  OVERBOOKED 50 events (+773 seats)
      audit: VIOLATIONS — 50 overbooked events (+773 seats), 0 duplicate seats, 0 derived-state drifts, 0 ledger mismatches
    churn     100 seats x10       217.2 sold/s  p50=117.923ms p99= 261.412ms  attempts/sale=1.00 errors=0  editor p99=82.96ms  OVERBOOKED 10 events (+141 seats)
      audit: VIOLATIONS — 60 overbooked events (+914 seats), 0 duplicate seats, 0 derived-state drifts, 0 ledger mismatches
    churn    1000 seats x2        223.3 sold/s  p50=132.010ms p99= 264.683ms  attempts/sale=1.00 errors=0  editor p99=84.84ms  OVERBOOKED 2 events (+37 seats)
      audit: VIOLATIONS — 62 overbooked events (+951 seats), 0 duplicate seats, 0 derived-state drifts, 0 ledger mismatches
  wrote /results/c1_count_naive.json
