  engine: PostgreSQL 15.12-YB-2025.2.6.0-b0 on x86_64-pc-linux-gnu, compiled by clang version 19.1.0 (https://github.com/yugabyte/llvm-project.git a2a6b655e14e7fa1fcf1011a6cb29cb8575249c0), 64-bit
  effective isolation for READ COMMITTED requests: read committed
  dataset: 40 bands, 690 events, 289500 seats, 65388 sold at load
  loading c2_count_serializable ...
  loaded in 10.2s (copy 0.9s, index 6.1s)
  verifying answers against ground truth ...
    40/40 checks passed; audit on load: consistent (690 events, 65388 seats sold)
  capturing plans ...
  read benchmark:
    q01_event_availability@10              1890.5 ops/s  p50=  2.048ms p99=  52.204ms  errors=0
    q01_event_availability@100             2215.2 ops/s  p50=  1.787ms p99=  51.778ms  errors=0
    q01_event_availability@1000            2102.8 ops/s  p50=  2.028ms p99=  48.309ms  errors=0
    q01_event_availability@10000           1461.5 ops/s  p50=  3.351ms p99=  43.111ms  errors=0
    q01_event_availability@100000           298.6 ops/s  p50=  9.259ms p99=  82.120ms  errors=0
    q02_band_events                         304.6 ops/s  p50=  9.208ms p99= 196.575ms  errors=0
    q03_customer_tickets                   2427.5 ops/s  p50=  1.357ms p99=  59.333ms  errors=0
    q04_ticket_by_id                       4163.5 ops/s  p50=  0.920ms p99=  50.838ms  errors=0
    q05_band_tickets_sold                   806.2 ops/s  p50=  3.329ms p99=  99.276ms  errors=0
  write benchmark (fresh load per op):
    book                                      0.7 ops/s  p50=10917.669ms p99=11216.781ms  rejected=0 retries=340 errors=0
      audit after book: consistent (690 events, 65406 seats sold)
    cancel                                  393.5 ops/s  p50= 11.840ms p99=  64.286ms  rejected=0 retries=0 errors=0
      audit after cancel: consistent (690 events, 62692 seats sold)
    publish@10                              314.3 ops/s  p50=  8.414ms p99=  47.633ms  rejected=0 retries=0 errors=0
    publish@100                             283.0 ops/s  p50=  9.819ms p99=  45.826ms  rejected=0 retries=0 errors=0
    publish@1000                            215.1 ops/s  p50= 10.229ms p99=  40.251ms  rejected=0 retries=0 errors=0
    publish@10000                           370.2 ops/s  p50=  4.985ms p99=   4.985ms  rejected=0 retries=0 errors=0
    publish@100000                          293.4 ops/s  p50=  5.941ms p99=   5.941ms  rejected=0 retries=0 errors=0
      audit after publish: consistent (2919 events, 65388 seats sold)
  race trial 1/1 (32 buyers per event, fresh load):
ERROR: race race event 502: final count: failed to connect to `user=yugabyte database=yugabyte`:
	10.89.0.186:5433 (yb-n1): dial error: dial tcp 10.89.0.186:5433: connect: connection refused
	10.89.0.186:5433 (yb-n1): dial error: dial tcp 10.89.0.186:5433: connect: connection refused
  wrote /results/c2_count_serializable.json
