  engine: PostgreSQL 15.12-YB-2025.2.6.0-b0 on x86_64-pc-linux-gnu, compiled by clang version 19.1.0 (https://github.com/yugabyte/llvm-project.git a2a6b655e14e7fa1fcf1011a6cb29cb8575249c0), 64-bit
  effective isolation for READ COMMITTED requests: read committed
  dataset: 40 bands, 690 events, 289500 seats, 65388 sold at load
  loading c3_count_lock_event ...
  loaded in 10.2s (copy 0.8s, index 6.5s)
  verifying answers against ground truth ...
    40/40 checks passed; audit on load: consistent (690 events, 65388 seats sold)
  capturing plans ...
  read benchmark:
    q01_event_availability@10              1738.2 ops/s  p50=  1.667ms p99=  63.484ms  errors=0
    q01_event_availability@100             2208.5 ops/s  p50=  1.418ms p99=  61.601ms  errors=0
    q01_event_availability@1000            1872.2 ops/s  p50=  1.572ms p99=  64.851ms  errors=0
    q01_event_availability@10000           1070.5 ops/s  p50=  2.493ms p99=  69.981ms  errors=0
    q01_event_availability@100000           265.4 ops/s  p50=  8.894ms p99=  87.362ms  errors=0
    q02_band_events                         326.9 ops/s  p50=  5.558ms p99= 189.804ms  errors=0
    q03_customer_tickets                   2416.9 ops/s  p50=  1.343ms p99=  59.801ms  errors=0
    q04_ticket_by_id                       4131.7 ops/s  p50=  0.913ms p99=  51.599ms  errors=0
    q05_band_tickets_sold                   737.9 ops/s  p50=  2.833ms p99=  97.025ms  errors=0
  write benchmark (fresh load per op):
    book                                     91.4 ops/s  p50=113.835ms p99= 176.743ms  rejected=0 retries=0 errors=0
      audit after book: consistent (690 events, 66051 seats sold)
    cancel                                  341.1 ops/s  p50= 12.104ms p99=  68.306ms  rejected=0 retries=0 errors=0
      audit after cancel: consistent (690 events, 62904 seats sold)
    publish@10                              295.1 ops/s  p50=  8.507ms p99=  51.318ms  rejected=0 retries=0 errors=0
    publish@100                             329.0 ops/s  p50=  7.795ms p99=  44.885ms  rejected=0 retries=0 errors=0
    publish@1000                            294.4 ops/s  p50=  7.598ms p99=  37.166ms  rejected=0 retries=0 errors=0
    publish@10000                           427.8 ops/s  p50=  4.454ms p99=   4.454ms  rejected=0 retries=0 errors=0
    publish@100000                          381.4 ops/s  p50=  5.151ms p99=   5.151ms  rejected=0 retries=0 errors=0
      audit after publish: consistent (2919 events, 65388 seats sold)
  race trial 1/1 (32 buyers per event, fresh load):
    race       10 seats x100       67.1 sold/s  p50= 81.066ms p99= 253.477ms  attempts/sale=1.00 errors=0  editor p99=354.69ms  ok
      audit: consistent (690 events, 66388 seats sold)
    race      100 seats x20        72.4 sold/s  p50=401.681ms p99= 572.386ms  attempts/sale=1.00 errors=0  editor p99=541.10ms  ok
      audit: consistent (690 events, 68388 seats sold)
    race     1000 seats x5         72.7 sold/s  p50=424.381ms p99= 836.086ms  attempts/sale=1.00 errors=0  editor p99=579.36ms  ok
      audit: consistent (690 events, 73388 seats sold)
    race    10000 seats x2         74.2 sold/s  p50=419.596ms p99= 609.862ms  attempts/sale=1.00 errors=0  editor p99=590.20ms  ok, 2 timed out (45% sold)
      audit: consistent (690 events, 82340 seats sold)
    race   100000 seats x1         72.4 sold/s  p50=431.268ms p99= 608.653ms  attempts/sale=1.00 errors=0  editor p99=585.08ms  ok, 1 timed out (4% sold)
      audit: consistent (690 events, 86708 seats sold)
  churn trial 1/1 (32 buyers per event, fresh load):
    churn      10 seats x50        62.4 sold/s  p50=112.408ms p99= 331.929ms  attempts/sale=1.00 errors=0  editor p99=355.64ms  ok
      audit: consistent (690 events, 65888 seats sold)
    churn     100 seats x10        70.2 sold/s  p50=418.210ms p99= 601.393ms  attempts/sale=1.00 errors=0  editor p99=552.01ms  ok
      audit: consistent (690 events, 66888 seats sold)
    churn    1000 seats x2         68.8 sold/s  p50=457.301ms p99= 849.703ms  attempts/sale=1.00 errors=0  editor p99=540.35ms  ok
      audit: consistent (690 events, 68888 seats sold)
  wrote /results/c3_count_lock_event.json
