  engine: PostgreSQL 15.12-YB-2025.2.6.0-b0 on x86_64-pc-linux-gnu, compiled by clang version 19.1.0 (https://github.com/yugabyte/llvm-project.git a2a6b655e14e7fa1fcf1011a6cb29cb8575249c0), 64-bit
  effective isolation for READ COMMITTED requests: read committed
  dataset: 40 bands, 690 events, 289500 seats, 65388 sold at load
  loading c4_counter_guard ...
  loaded in 10.8s (copy 1.2s, index 7.4s)
  verifying answers against ground truth ...
    40/40 checks passed; audit on load: consistent (690 events, 65388 seats sold)
  capturing plans ...
  read benchmark:
    q01_event_availability@10              3952.9 ops/s  p50=  0.938ms p99=  51.902ms  errors=0
    q01_event_availability@100             4160.1 ops/s  p50=  0.895ms p99=  52.321ms  errors=0
    q01_event_availability@1000            4043.5 ops/s  p50=  0.920ms p99=  52.083ms  errors=0
    q01_event_availability@10000           4097.8 ops/s  p50=  0.905ms p99=  52.330ms  errors=0
    q01_event_availability@100000          4090.0 ops/s  p50=  0.912ms p99=  52.056ms  errors=0
    q02_band_events                        2176.6 ops/s  p50=  1.698ms p99=  53.173ms  errors=0
    q03_customer_tickets                   2503.1 ops/s  p50=  1.011ms p99=  68.255ms  errors=0
    q04_ticket_by_id                       4445.5 ops/s  p50=  0.593ms p99=  65.299ms  errors=0
    q05_band_tickets_sold                  2302.5 ops/s  p50=  1.687ms p99=  52.616ms  errors=0
  write benchmark (fresh load per op):
    book                                     87.1 ops/s  p50= 11.382ms p99= 694.667ms  rejected=0 retries=0 errors=0
      audit after book: consistent (690 events, 65998 seats sold)
    cancel                                   97.8 ops/s  p50= 36.861ms p99= 395.102ms  rejected=0 retries=0 errors=0
      audit after cancel: consistent (690 events, 64665 seats sold)
    publish@10                              349.0 ops/s  p50=  7.624ms p99=  44.549ms  rejected=0 retries=0 errors=0
    publish@100                             317.7 ops/s  p50=  8.052ms p99=  50.857ms  rejected=0 retries=0 errors=0
    publish@1000                            197.7 ops/s  p50=  9.922ms p99=  55.461ms  rejected=0 retries=0 errors=0
    publish@10000                           357.7 ops/s  p50=  4.798ms p99=   4.798ms  rejected=0 retries=0 errors=0
    publish@100000                          352.9 ops/s  p50=  4.543ms p99=   4.543ms  rejected=0 retries=0 errors=0
      audit after publish: consistent (2919 events, 65388 seats sold)
  race trial 1/1 (32 buyers per event, fresh load):
    race       10 seats x100       20.5 sold/s  p50=118.758ms p99= 626.436ms  attempts/sale=1.00 errors=0  editor p99=567.06ms  ok
      audit: consistent (690 events, 66388 seats sold)
    race      100 seats x20        20.0 sold/s  p50=885.862ms p99=3111.561ms  attempts/sale=1.01 errors=0  editor p99=1675.39ms  ok
      audit: consistent (690 events, 68388 seats sold)
    race     1000 seats x4         20.1 sold/s  p50=1851.685ms p99=5419.714ms  attempts/sale=1.02 errors=0  editor p99=2216.95ms  ok
      audit: consistent (690 events, 72388 seats sold)
    race    10000 seats x2         20.4 sold/s  p50=1845.187ms p99=5493.672ms  attempts/sale=1.03 errors=0  editor p99=2146.32ms  ok, 2 timed out (12% sold)
      audit: consistent (690 events, 74888 seats sold)
    race   100000 seats x1         20.2 sold/s  p50=2012.362ms p99=5224.858ms  attempts/sale=1.02 errors=0  editor p99=1973.34ms  ok, 1 timed out (1% sold)
      audit: consistent (690 events, 76129 seats sold)
  churn trial 1/1 (32 buyers per event, fresh load):
    churn      10 seats x50        20.5 sold/s  p50= 79.987ms p99= 637.787ms  attempts/sale=1.00 errors=0  editor p99=583.04ms  ok
      audit: consistent (690 events, 65888 seats sold)
    churn     100 seats x10        18.3 sold/s  p50=927.262ms p99=3109.662ms  attempts/sale=1.00 errors=0  editor p99=1816.65ms  ok
      audit: consistent (690 events, 66888 seats sold)
    churn    1000 seats x2         18.5 sold/s  p50=1833.158ms p99=3225.090ms  attempts/sale=1.01 errors=0  editor p99=1901.99ms  ok, 1 timed out (99% sold)
      audit: consistent (690 events, 68880 seats sold)
  wrote /results/c4_counter_guard.json
