  engine: PostgreSQL 15.12-YB-2025.2.6.0-b0 on x86_64-pc-linux-gnu, compiled by clang version 19.1.0 (https://github.com/yugabyte/llvm-project.git a2a6b655e14e7fa1fcf1011a6cb29cb8575249c0), 64-bit
  effective isolation for READ COMMITTED requests: read committed
  dataset: 40 bands, 690 events, 289500 seats, 65388 sold at load
  loading c5_seat_unique ...
  loaded in 11.2s (copy 0.9s, index 7.4s)
  verifying answers against ground truth ...
    40/40 checks passed; audit on load: consistent (690 events, 65388 seats sold)
  capturing plans ...
  read benchmark:
    q01_event_availability@10              2209.0 ops/s  p50=  1.438ms p99=  61.074ms  errors=0
    q01_event_availability@100             2215.8 ops/s  p50=  1.389ms p99=  62.414ms  errors=0
    q01_event_availability@1000            1910.5 ops/s  p50=  1.566ms p99=  63.950ms  errors=0
    q01_event_availability@10000           1014.7 ops/s  p50=  2.597ms p99=  70.692ms  errors=0
    q01_event_availability@100000           203.9 ops/s  p50= 12.669ms p99=  92.728ms  errors=0
    q02_band_events                         314.9 ops/s  p50=  5.535ms p99= 187.929ms  errors=0
    q03_customer_tickets                   2422.7 ops/s  p50=  1.343ms p99=  59.657ms  errors=0
    q04_ticket_by_id                       4081.6 ops/s  p50=  0.919ms p99=  51.852ms  errors=0
    q05_band_tickets_sold                   706.0 ops/s  p50=  2.925ms p99= 103.468ms  errors=0
  write benchmark (fresh load per op):
    book                                     74.5 ops/s  p50= 26.287ms p99= 706.664ms  rejected=0 retries=1141 errors=0
      audit after book: consistent (690 events, 65909 seats sold)
    cancel                                  354.9 ops/s  p50= 11.849ms p99=  67.595ms  rejected=0 retries=0 errors=0
      audit after cancel: consistent (690 events, 62816 seats sold)
    publish@10                              359.1 ops/s  p50=  7.382ms p99=  44.615ms  rejected=0 retries=0 errors=0
    publish@100                             335.3 ops/s  p50=  7.672ms p99=  43.690ms  rejected=0 retries=0 errors=0
    publish@1000                            549.1 ops/s  p50=  7.116ms p99=   9.391ms  rejected=0 retries=0 errors=0
    publish@10000                           400.3 ops/s  p50=  4.533ms p99=   4.533ms  rejected=0 retries=0 errors=0
    publish@100000                           55.5 ops/s  p50= 34.314ms p99=  34.314ms  rejected=0 retries=0 errors=0
      audit after publish: consistent (2919 events, 65388 seats sold)
  race trial 1/1 (32 buyers per event, fresh load):
    race       10 seats x100       17.9 sold/s  p50=203.995ms p99= 630.976ms  attempts/sale=23.49 errors=0  editor p99=101.85ms  ok
      audit: consistent (690 events, 66388 seats sold)
    race      100 seats x20        17.6 sold/s  p50=792.696ms p99=4986.208ms  attempts/sale=22.97 errors=0  editor p99=97.15ms  ok
      audit: consistent (690 events, 68388 seats sold)
    race     1000 seats x4         17.1 sold/s  p50=1125.030ms p99=9380.878ms  attempts/sale=23.09 errors=0  editor p99=99.27ms  ok
      audit: consistent (690 events, 72388 seats sold)
    race    10000 seats x2         17.3 sold/s  p50=1037.871ms p99=9493.099ms  attempts/sale=23.08 errors=0  editor p99=98.99ms  ok, 2 timed out (10% sold)
      audit: consistent (690 events, 74462 seats sold)
    race   100000 seats x1         17.7 sold/s  p50=986.344ms p99=9312.820ms  attempts/sale=22.38 errors=0  editor p99=98.40ms  ok, 1 timed out (1% sold)
      audit: consistent (690 events, 75526 seats sold)
  churn trial 1/1 (32 buyers per event, fresh load):
    churn      10 seats x50        17.9 sold/s  p50=207.720ms p99= 714.962ms  attempts/sale=23.27 errors=0  editor p99=91.07ms  UNDERBOOKED 5 events (5 seats)
      audit: VIOLATIONS — 0 overbooked events (+0 seats), 0 duplicate seats, 5 derived-state drifts, 0 ledger mismatches
    churn     100 seats x10        18.3 sold/s  p50=798.196ms p99=4926.007ms  attempts/sale=21.30 errors=0  editor p99=92.44ms  UNDERBOOKED 9 events (22 seats)
      audit: VIOLATIONS — 0 overbooked events (+0 seats), 0 duplicate seats, 14 derived-state drifts, 0 ledger mismatches
    churn    1000 seats x2         18.0 sold/s  p50=1067.050ms p99=8696.769ms  attempts/sale=21.47 errors=0  editor p99=94.62ms  ok, 2 timed out (97% sold)
      audit: VIOLATIONS — 0 overbooked events (+0 seats), 0 duplicate seats, 14 derived-state drifts, 0 ledger mismatches
  wrote /results/c5_seat_unique.json
