  engine: PostgreSQL 15.12-YB-2025.2.6.0-b0 on x86_64-pc-linux-gnu, compiled by clang version 19.1.0 (https://github.com/yugabyte/llvm-project.git a2a6b655e14e7fa1fcf1011a6cb29cb8575249c0), 64-bit
  effective isolation for READ COMMITTED requests: read committed
  dataset: 40 bands, 690 events, 289500 seats, 65388 sold at load
  loading p1_precreated_lock_first ...
  loaded in 28.5s (copy 3.2s, index 23.7s)
  verifying answers against ground truth ...
    40/40 checks passed; audit on load: consistent (690 events, 65388 seats sold)
  capturing plans ...
  read benchmark:
    q01_event_availability@10              4221.0 ops/s  p50=  0.894ms p99=  50.831ms  errors=0
    q01_event_availability@100             4192.7 ops/s  p50=  0.924ms p99=  49.947ms  errors=0
    q01_event_availability@1000            4053.9 ops/s  p50=  1.119ms p99=  41.797ms  errors=0
    q01_event_availability@10000           1127.7 ops/s  p50=  2.734ms p99=  65.256ms  errors=0
    q01_event_availability@100000           121.8 ops/s  p50= 86.939ms p99= 104.166ms  errors=0
    q02_band_events                         323.2 ops/s  p50=  8.661ms p99= 189.761ms  errors=0
    q03_customer_tickets                   2539.4 ops/s  p50=  1.559ms p99=  50.224ms  errors=0
    q04_ticket_by_id                       4215.5 ops/s  p50=  0.906ms p99=  50.825ms  errors=0
    q05_band_tickets_sold                    68.7 ops/s  p50=  8.699ms p99=1874.004ms  errors=0
  write benchmark (fresh load per op):
    book                                    113.5 ops/s  p50= 10.545ms p99= 739.447ms  rejected=0 retries=2 errors=0
      audit after book: consistent (690 events, 66194 seats sold)
    cancel                                  361.8 ops/s  p50= 14.283ms p99=  63.547ms  rejected=0 retries=0 errors=0
      audit after cancel: consistent (690 events, 62752 seats sold)
    publish@10                              159.4 ops/s  p50= 18.205ms p99=  61.334ms  rejected=0 retries=0 errors=0
    publish@100                              96.7 ops/s  p50= 31.636ms p99=  71.953ms  rejected=0 retries=0 errors=0
    publish@1000                             29.1 ops/s  p50=123.148ms p99= 161.828ms  rejected=0 retries=0 errors=0
    publish@10000                             3.7 ops/s  p50=541.360ms p99= 541.360ms  rejected=0 retries=0 errors=0
    publish@100000                            0.3 ops/s  p50=6252.341ms p99=6252.341ms  rejected=0 retries=0 errors=0
      audit after publish: consistent (2919 events, 65388 seats sold)
  race trial 1/1 (32 buyers per event, fresh load):
    race       10 seats x100       27.6 sold/s  p50= 62.189ms p99= 392.160ms  attempts/sale=1.00 errors=0  editor p99=92.31ms  ok
      audit: consistent (690 events, 66388 seats sold)
    race      100 seats x20        26.1 sold/s  p50= 73.196ms p99=3489.607ms  attempts/sale=1.20 errors=0  editor p99=76.07ms  ok
      audit: consistent (690 events, 68388 seats sold)
    race     1000 seats x5         23.5 sold/s  p50= 82.067ms p99=8389.596ms  attempts/sale=1.27 errors=0  editor p99=77.85ms  ok
      audit: consistent (690 events, 73388 seats sold)
    race    10000 seats x2         22.8 sold/s  p50=102.364ms p99=8892.487ms  attempts/sale=1.27 errors=0  editor p99=79.13ms  ok, 2 timed out (14% sold)
      audit: consistent (690 events, 76154 seats sold)
    race   100000 seats x1         22.7 sold/s  p50=207.379ms p99=8525.447ms  attempts/sale=1.26 errors=0  editor p99=78.72ms  ok, 1 timed out (1% sold)
      audit: consistent (690 events, 77533 seats sold)
  churn trial 1/1 (32 buyers per event, fresh load):
    churn      10 seats x50        27.3 sold/s  p50= 71.693ms p99= 475.637ms  attempts/sale=1.00 errors=0  editor p99=114.74ms  ok
      audit: consistent (690 events, 65888 seats sold)
    churn     100 seats x10        26.7 sold/s  p50= 78.997ms p99=3574.686ms  attempts/sale=1.16 errors=0  editor p99=74.53ms  ok
      audit: consistent (690 events, 66888 seats sold)
    churn    1000 seats x2         24.0 sold/s  p50=492.251ms p99=7683.556ms  attempts/sale=1.21 errors=0  editor p99=79.85ms  ok
      audit: consistent (690 events, 68888 seats sold)
  wrote /results/p1_precreated_lock_first.json
