  engine: PostgreSQL 15.12-YB-2025.2.6.0-b0 on x86_64-pc-linux-gnu, compiled by clang version 19.1.0 (https://github.com/yugabyte/llvm-project.git a2a6b655e14e7fa1fcf1011a6cb29cb8575249c0), 64-bit
  effective isolation for READ COMMITTED requests: read committed
  dataset: 40 bands, 690 events, 289500 seats, 65388 sold at load
  loading p2_precreated_skip_locked ...
  loaded in 22.8s (copy 3.9s, index 16.5s)
  verifying answers against ground truth ...
    40/40 checks passed; audit on load: consistent (690 events, 65388 seats sold)
  capturing plans ...
  read benchmark:
    q01_event_availability@10              4164.2 ops/s  p50=  0.635ms p99=  65.111ms  errors=0
    q01_event_availability@100             3987.0 ops/s  p50=  0.656ms p99=  65.866ms  errors=0
    q01_event_availability@1000            2906.1 ops/s  p50=  0.857ms p99=  68.394ms  errors=0
    q01_event_availability@10000            881.5 ops/s  p50=  2.560ms p99=  75.707ms  errors=0
    q01_event_availability@100000           115.3 ops/s  p50= 90.121ms p99= 109.276ms  errors=0
    q02_band_events                         258.8 ops/s  p50=  6.494ms p99= 196.601ms  errors=0
    q03_customer_tickets                   2363.4 ops/s  p50=  1.723ms p99=  50.073ms  errors=0
    q04_ticket_by_id                       4144.3 ops/s  p50=  0.928ms p99=  50.648ms  errors=0
    q05_band_tickets_sold                    32.7 ops/s  p50= 12.820ms p99=2272.828ms  errors=0
  write benchmark (fresh load per op):
    book                                    136.8 ops/s  p50= 58.114ms p99= 154.227ms  rejected=0 retries=0 errors=0
      audit after book: consistent (690 events, 66380 seats sold)
    cancel                                  352.2 ops/s  p50= 13.358ms p99=  63.698ms  rejected=0 retries=0 errors=0
      audit after cancel: consistent (690 events, 62903 seats sold)
    publish@10                              158.8 ops/s  p50= 18.245ms p99=  66.495ms  rejected=0 retries=0 errors=0
    publish@100                             109.7 ops/s  p50= 26.196ms p99=  71.597ms  rejected=0 retries=0 errors=0
    publish@1000                             29.9 ops/s  p50=110.709ms p99= 185.807ms  rejected=0 retries=0 errors=0
    publish@10000                             3.5 ops/s  p50=556.835ms p99= 556.835ms  rejected=0 retries=0 errors=0
    publish@100000                            0.3 ops/s  p50=6123.436ms p99=6123.436ms  rejected=0 retries=0 errors=0
      audit after publish: consistent (2919 events, 65388 seats sold)
  race trial 1/1 (32 buyers per event, fresh load):
    race       10 seats x100       59.3 sold/s  p50= 88.326ms p99= 426.233ms  attempts/sale=1.55 errors=0  editor p99=169.28ms  ok
      audit: consistent (690 events, 66388 seats sold)
    race      100 seats x20        72.8 sold/s  p50=294.910ms p99=1018.603ms  attempts/sale=1.04 errors=0  editor p99=72.01ms  ok
      audit: consistent (690 events, 68388 seats sold)
    race     1000 seats x5         68.2 sold/s  p50=392.508ms p99=1412.307ms  attempts/sale=1.00 errors=0  editor p99=75.37ms  ok
      audit: consistent (690 events, 73388 seats sold)
    race    10000 seats x2         61.8 sold/s  p50=442.306ms p99=1478.807ms  attempts/sale=1.00 errors=0  editor p99=76.66ms  ok, 2 timed out (37% sold)
      audit: consistent (690 events, 80842 seats sold)
    race   100000 seats x1         62.5 sold/s  p50=443.376ms p99=1478.599ms  attempts/sale=1.00 errors=0  editor p99=77.21ms  ok, 1 timed out (4% sold)
      audit: consistent (690 events, 84611 seats sold)
  churn trial 1/1 (32 buyers per event, fresh load):
    churn      10 seats x50        53.3 sold/s  p50= 85.600ms p99= 473.145ms  attempts/sale=2.40 errors=0  editor p99=162.88ms  ok
      audit: consistent (690 events, 65888 seats sold)
    churn     100 seats x10        76.6 sold/s  p50=285.042ms p99= 996.352ms  attempts/sale=1.10 errors=0  editor p99=72.06ms  ok
      audit: consistent (690 events, 66888 seats sold)
    churn    1000 seats x2         72.3 sold/s  p50=382.278ms p99=1395.009ms  attempts/sale=1.00 errors=0  editor p99=73.89ms  ok
      audit: consistent (690 events, 68888 seats sold)
  wrote /results/p2_precreated_skip_locked.json
