  engine: PostgreSQL 15.12-YB-2025.2.6.0-b0 on x86_64-pc-linux-gnu, compiled by clang version 19.1.0 (https://github.com/yugabyte/llvm-project.git a2a6b655e14e7fa1fcf1011a6cb29cb8575249c0), 64-bit
  effective isolation for READ COMMITTED requests: read committed
  dataset: 40 bands, 690 events, 289500 seats, 65388 sold at load
  loading p3_precreated_cas ...
  loaded in 22.2s (copy 3.8s, index 15.7s)
  verifying answers against ground truth ...
    40/40 checks passed; audit on load: consistent (690 events, 65388 seats sold)
  capturing plans ...
  read benchmark:
    q01_event_availability@10              4072.8 ops/s  p50=  0.654ms p99=  64.728ms  errors=0
    q01_event_availability@100             4117.9 ops/s  p50=  0.635ms p99=  65.727ms  errors=0
    q01_event_availability@1000            2758.5 ops/s  p50=  0.894ms p99=  68.357ms  errors=0
    q01_event_availability@10000            863.9 ops/s  p50=  2.605ms p99=  75.305ms  errors=0
    q01_event_availability@100000           104.5 ops/s  p50= 92.002ms p99= 112.989ms  errors=0
    q02_band_events                         228.7 ops/s  p50=  6.712ms p99= 200.829ms  errors=0
    q03_customer_tickets                   2317.6 ops/s  p50=  1.758ms p99=  49.968ms  errors=0
    q04_ticket_by_id                       4088.4 ops/s  p50=  0.939ms p99=  50.728ms  errors=0
    q05_band_tickets_sold                    54.5 ops/s  p50= 10.179ms p99=2085.586ms  errors=0
  write benchmark (fresh load per op):
    book                                    248.3 ops/s  p50= 15.835ms p99= 126.495ms  rejected=0 retries=278 errors=0
      audit after book: consistent (690 events, 67140 seats sold)
    cancel                                  360.5 ops/s  p50= 13.158ms p99=  62.190ms  rejected=0 retries=0 errors=0
      audit after cancel: consistent (690 events, 62817 seats sold)
    publish@10                              157.7 ops/s  p50= 17.753ms p99=  60.740ms  rejected=0 retries=0 errors=0
    publish@100                             106.4 ops/s  p50= 28.465ms p99=  67.089ms  rejected=0 retries=0 errors=0
    publish@1000                             33.1 ops/s  p50=108.041ms p99= 167.254ms  rejected=0 retries=0 errors=0
    publish@10000                             3.9 ops/s  p50=507.081ms p99= 507.081ms  rejected=0 retries=0 errors=0
    publish@100000                            0.3 ops/s  p50=6455.685ms p99=6455.685ms  rejected=0 retries=0 errors=0
      audit after publish: consistent (2919 events, 65388 seats sold)
  race trial 1/1 (32 buyers per event, fresh load):
    race       10 seats x100      121.6 sold/s  p50= 30.115ms p99= 133.868ms  attempts/sale=4.74 errors=0  editor p99=117.03ms  ok
      audit: consistent (690 events, 66388 seats sold)
    race      100 seats x20       202.7 sold/s  p50= 85.793ms p99= 319.832ms  attempts/sale=2.04 errors=0  editor p99=91.26ms  ok
      audit: consistent (690 events, 68388 seats sold)
    race     1000 seats x5        284.8 sold/s  p50= 89.267ms p99= 388.716ms  attempts/sale=1.37 errors=0  editor p99=98.76ms  ok
      audit: consistent (690 events, 73388 seats sold)
    race    10000 seats x2        350.3 sold/s  p50= 87.903ms p99= 277.754ms  attempts/sale=1.10 errors=0  editor p99=101.56ms  ok
      audit: consistent (690 events, 93388 seats sold)
    race   100000 seats x1        402.5 sold/s  p50= 86.979ms p99= 161.005ms  attempts/sale=1.00 errors=0  editor p99=93.15ms  ok, 1 timed out (24% sold)
      audit: consistent (690 events, 117550 seats sold)
  churn trial 1/1 (32 buyers per event, fresh load):
    churn      10 seats x50        96.3 sold/s  p50= 29.127ms p99= 258.508ms  attempts/sale=4.98 errors=0  editor p99=145.75ms  ok
      audit: consistent (690 events, 65888 seats sold)
    churn     100 seats x10       201.6 sold/s  p50= 78.521ms p99= 291.357ms  attempts/sale=2.11 errors=0  editor p99=92.97ms  ok
      audit: consistent (690 events, 66888 seats sold)
    churn    1000 seats x2        284.8 sold/s  p50= 89.280ms p99= 381.973ms  attempts/sale=1.33 errors=0  editor p99=88.18ms  ok
      audit: consistent (690 events, 68888 seats sold)
  wrote /results/p3_precreated_cas.json
