  engine: PostgreSQL 15.12-YB-2025.2.6.0-b0 on x86_64-pc-linux-gnu, compiled by clang version 19.1.0 (https://github.com/yugabyte/llvm-project.git a2a6b655e14e7fa1fcf1011a6cb29cb8575249c0), 64-bit
  effective isolation for READ COMMITTED requests: read committed
  dataset: 40 bands, 690 events, 289500 seats, 65388 sold at load
  loading p4_precreated_counter ...
  loaded in 23.5s (copy 3.8s, index 16.3s)
  verifying answers against ground truth ...
    40/40 checks passed; audit on load: consistent (690 events, 65388 seats sold)
  capturing plans ...
  read benchmark:
    q01_event_availability@10              3738.5 ops/s  p50=  1.005ms p99=  51.308ms  errors=0
    q01_event_availability@100             4132.1 ops/s  p50=  0.916ms p99=  51.383ms  errors=0
    q01_event_availability@1000            4111.6 ops/s  p50=  0.923ms p99=  51.241ms  errors=0
    q01_event_availability@10000           4140.6 ops/s  p50=  0.919ms p99=  51.086ms  errors=0
    q01_event_availability@100000          4121.4 ops/s  p50=  0.923ms p99=  51.203ms  errors=0
    q02_band_events                        2222.8 ops/s  p50=  1.835ms p99=  50.946ms  errors=0
    q03_customer_tickets                   2315.9 ops/s  p50=  1.757ms p99=  50.015ms  errors=0
    q04_ticket_by_id                       4013.3 ops/s  p50=  0.962ms p99=  50.689ms  errors=0
    q05_band_tickets_sold                  2317.1 ops/s  p50=  1.775ms p99=  49.968ms  errors=0
  write benchmark (fresh load per op):
    book                                     92.6 ops/s  p50= 85.295ms p99= 241.044ms  rejected=0 retries=0 errors=0
      audit after book: consistent (690 events, 66044 seats sold)
    cancel                                   97.7 ops/s  p50= 26.737ms p99= 465.760ms  rejected=0 retries=0 errors=0
      audit after cancel: consistent (690 events, 64676 seats sold)
    publish@10                              160.4 ops/s  p50= 17.862ms p99=  60.461ms  rejected=0 retries=0 errors=0
    publish@100                              94.4 ops/s  p50= 34.590ms p99=  75.514ms  rejected=0 retries=0 errors=0
    publish@1000                             28.3 ops/s  p50=123.031ms p99= 192.874ms  rejected=0 retries=0 errors=0
    publish@10000                             3.1 ops/s  p50=602.189ms p99= 602.189ms  rejected=0 retries=0 errors=0
    publish@100000                            0.3 ops/s  p50=6370.438ms p99=6370.438ms  rejected=0 retries=0 errors=0
      audit after publish: consistent (2919 events, 65388 seats sold)
  race trial 1/1 (32 buyers per event, fresh load):
    race       10 seats x100       18.0 sold/s  p50=215.522ms p99= 778.541ms  attempts/sale=9.42 errors=0  editor p99=214.48ms  ok
      audit: consistent (690 events, 66388 seats sold)
    race      100 seats x20        21.9 sold/s  p50=1223.527ms p99=2364.050ms  attempts/sale=2.06 errors=0  editor p99=1201.21ms  ok
      audit: consistent (690 events, 68388 seats sold)
    race     1000 seats x4         21.6 sold/s  p50=1622.850ms p99=2487.274ms  attempts/sale=1.10 errors=0  editor p99=1564.45ms  ok
      audit: consistent (690 events, 72388 seats sold)
    race    10000 seats x2         22.0 sold/s  p50=1606.811ms p99=2516.125ms  attempts/sale=1.00 errors=0  editor p99=1745.87ms  ok, 2 timed out (13% sold)
      audit: consistent (690 events, 75078 seats sold)
    race   100000 seats x1         22.0 sold/s  p50=1586.924ms p99=2509.771ms  attempts/sale=1.00 errors=0  editor p99=1890.80ms  ok, 1 timed out (1% sold)
      audit: consistent (690 events, 76423 seats sold)
  churn trial 1/1 (32 buyers per event, fresh load):
    churn      10 seats x50        16.4 sold/s  p50=203.904ms p99= 913.088ms  attempts/sale=10.60 errors=0  editor p99=275.78ms  ok
      audit: consistent (690 events, 65888 seats sold)
    churn     100 seats x10        20.3 sold/s  p50=1219.209ms p99=2346.781ms  attempts/sale=2.33 errors=0  editor p99=1213.15ms  ok
      audit: consistent (690 events, 66888 seats sold)
    churn    1000 seats x2         19.6 sold/s  p50=1625.560ms p99=2584.779ms  attempts/sale=1.08 errors=0  editor p99=1409.19ms  ok
      audit: consistent (690 events, 68888 seats sold)
  wrote /results/p4_precreated_counter.json
