  engine: PostgreSQL 15.12-YB-2025.2.6.0-b0 on x86_64-pc-linux-gnu, compiled by clang version 19.1.0 (https://github.com/yugabyte/llvm-project.git a2a6b655e14e7fa1fcf1011a6cb29cb8575249c0), 64-bit
  effective isolation for READ COMMITTED requests: read committed
  dataset: 40 bands, 690 events, 289500 seats, 65388 sold at load
  loading r1_inventory_row ...
  loaded in 10.5s (copy 1.0s, index 6.8s)
  verifying answers against ground truth ...
    40/40 checks passed; audit on load: consistent (690 events, 65388 seats sold)
  capturing plans ...
  read benchmark:
    q01_event_availability@10              3865.5 ops/s  p50=  0.957ms p99=  52.020ms  errors=0
    q01_event_availability@100             3953.3 ops/s  p50=  0.917ms p99=  52.579ms  errors=0
    q01_event_availability@1000            4109.8 ops/s  p50=  0.907ms p99=  51.932ms  errors=0
    q01_event_availability@10000           4097.0 ops/s  p50=  0.923ms p99=  51.472ms  errors=0
    q01_event_availability@100000          4139.6 ops/s  p50=  0.901ms p99=  51.982ms  errors=0
    q02_band_events                        1306.2 ops/s  p50=  2.886ms p99=  56.495ms  errors=0
    q03_customer_tickets                   2383.8 ops/s  p50=  1.335ms p99=  60.559ms  errors=0
    q04_ticket_by_id                       4552.8 ops/s  p50=  0.584ms p99=  64.918ms  errors=0
    q05_band_tickets_sold                  1300.0 ops/s  p50=  2.932ms p99=  56.288ms  errors=0
  write benchmark (fresh load per op):
    book                                     88.6 ops/s  p50= 11.361ms p99= 839.513ms  rejected=0 retries=1 errors=0
      audit after book: consistent (690 events, 66026 seats sold)
    cancel                                   92.8 ops/s  p50= 43.457ms p99= 363.896ms  rejected=0 retries=0 errors=0
      audit after cancel: consistent (690 events, 64699 seats sold)
    publish@10                              238.4 ops/s  p50= 11.840ms p99=  48.074ms  rejected=0 retries=0 errors=0
    publish@100                             194.8 ops/s  p50= 13.081ms p99=  59.610ms  rejected=0 retries=0 errors=0
    publish@1000                            213.0 ops/s  p50= 10.693ms p99=  47.753ms  rejected=0 retries=0 errors=0
    publish@10000                           202.8 ops/s  p50=  6.764ms p99=   6.764ms  rejected=0 retries=0 errors=0
    publish@100000                          222.1 ops/s  p50=  7.508ms p99=   7.508ms  rejected=0 retries=0 errors=0
      audit after publish: consistent (2919 events, 65388 seats sold)
  race trial 1/1 (32 buyers per event, fresh load):
    race       10 seats x100       22.6 sold/s  p50= 63.763ms p99= 569.830ms  attempts/sale=1.00 errors=0  editor p99=70.73ms  ok
      audit: consistent (690 events, 66388 seats sold)
    race      100 seats x20        21.5 sold/s  p50=496.419ms p99=3251.252ms  attempts/sale=1.04 errors=0  editor p99=66.78ms  ok
      audit: consistent (690 events, 68388 seats sold)
    race     1000 seats x4         22.0 sold/s  p50=886.156ms p99=5904.106ms  attempts/sale=1.07 errors=0  editor p99=67.58ms  ok
      audit: consistent (690 events, 72388 seats sold)
    race    10000 seats x2         22.1 sold/s  p50=1143.267ms p99=5711.977ms  attempts/sale=1.06 errors=0  editor p99=66.44ms  ok, 2 timed out (13% sold)
      audit: consistent (690 events, 75075 seats sold)
    race   100000 seats x1         21.7 sold/s  p50=1102.051ms p99=5769.685ms  attempts/sale=1.07 errors=0  editor p99=61.50ms  ok, 1 timed out (1% sold)
      audit: consistent (690 events, 76399 seats sold)
  churn trial 1/1 (32 buyers per event, fresh load):
    churn      10 seats x50        22.1 sold/s  p50= 74.684ms p99= 616.341ms  attempts/sale=1.00 errors=0  editor p99=75.58ms  ok
      audit: consistent (690 events, 65888 seats sold)
    churn     100 seats x10        19.7 sold/s  p50=589.181ms p99=3486.405ms  attempts/sale=1.02 errors=0  editor p99=69.39ms  ok
      audit: consistent (690 events, 66888 seats sold)
    churn    1000 seats x2         20.3 sold/s  p50=1079.808ms p99=5405.538ms  attempts/sale=1.05 errors=0  editor p99=65.63ms  ok
      audit: consistent (690 events, 68888 seats sold)
  wrote /results/r1_inventory_row.json
