  engine: PostgreSQL 15.12-YB-2025.2.6.0-b0 on x86_64-pc-linux-gnu, compiled by clang version 19.1.0 (https://github.com/yugabyte/llvm-project.git a2a6b655e14e7fa1fcf1011a6cb29cb8575249c0), 64-bit
  effective isolation for READ COMMITTED requests: read committed
  dataset: 40 bands, 690 events, 289500 seats, 65388 sold at load
  loading r2_inventory_buckets ...
  loaded in 10.9s (copy 0.9s, index 6.5s)
  verifying answers against ground truth ...
    40/40 checks passed; audit on load: consistent (690 events, 65388 seats sold)
  capturing plans ...
  read benchmark:
    q01_event_availability@10              3400.5 ops/s  p50=  1.024ms p99=  54.551ms  errors=0
    q01_event_availability@100             3829.8 ops/s  p50=  0.945ms p99=  53.003ms  errors=0
    q01_event_availability@1000            3945.6 ops/s  p50=  0.943ms p99=  52.150ms  errors=0
    q01_event_availability@10000           3886.0 ops/s  p50=  0.955ms p99=  52.395ms  errors=0
    q01_event_availability@100000          4006.2 ops/s  p50=  0.938ms p99=  52.298ms  errors=0
    q02_band_events                         295.9 ops/s  p50=  8.689ms p99= 200.082ms  errors=0
    q03_customer_tickets                   2283.0 ops/s  p50=  1.408ms p99=  60.636ms  errors=0
    q04_ticket_by_id                       4596.5 ops/s  p50=  0.580ms p99=  65.163ms  errors=0
    q05_band_tickets_sold                  1278.8 ops/s  p50=  2.971ms p99=  56.524ms  errors=0
  write benchmark (fresh load per op):
    book                                    152.2 ops/s  p50= 37.929ms p99= 205.336ms  rejected=0 retries=107 errors=0
      audit after book: consistent (690 events, 66445 seats sold)
    cancel                                  160.1 ops/s  p50= 34.783ms p99= 194.581ms  rejected=0 retries=141 errors=0
      audit after cancel: consistent (690 events, 64241 seats sold)
    publish@10                              228.9 ops/s  p50= 11.865ms p99=  55.345ms  rejected=0 retries=0 errors=0
    publish@100                             228.4 ops/s  p50= 12.079ms p99=  48.171ms  rejected=0 retries=0 errors=0
    publish@1000                            182.3 ops/s  p50= 11.876ms p99=  43.195ms  rejected=0 retries=0 errors=0
    publish@10000                           235.9 ops/s  p50=  6.944ms p99=   6.944ms  rejected=0 retries=0 errors=0
    publish@100000                          272.9 ops/s  p50=  7.110ms p99=   7.110ms  rejected=0 retries=0 errors=0
      audit after publish: consistent (2919 events, 65388 seats sold)
  race trial 1/1 (32 buyers per event, fresh load):
    race       10 seats x100       56.1 sold/s  p50= 57.630ms p99= 453.104ms  attempts/sale=4.04 errors=0  editor p99=148.05ms  ok
      audit: consistent (690 events, 66388 seats sold)
    race      100 seats x20        75.6 sold/s  p50=156.604ms p99=1130.414ms  attempts/sale=2.86 errors=0  editor p99=81.25ms  ok
      audit: consistent (690 events, 68388 seats sold)
    race     1000 seats x5         78.6 sold/s  p50=197.333ms p99=2012.974ms  attempts/sale=2.71 errors=0  editor p99=84.36ms  ok
      audit: consistent (690 events, 73388 seats sold)
    race    10000 seats x2         78.4 sold/s  p50=217.628ms p99=2201.768ms  attempts/sale=2.65 errors=0  editor p99=83.97ms  ok, 2 timed out (47% sold)
      audit: consistent (690 events, 82806 seats sold)
    race   100000 seats x1         79.7 sold/s  p50=192.994ms p99=2131.394ms  attempts/sale=2.64 errors=0  editor p99=82.45ms  ok, 1 timed out (5% sold)
      audit: consistent (690 events, 87596 seats sold)
  churn trial 1/1 (32 buyers per event, fresh load):
    churn      10 seats x50        42.3 sold/s  p50= 65.558ms p99= 480.195ms  attempts/sale=5.28 errors=0  editor p99=128.28ms  ok
      audit: consistent (690 events, 65888 seats sold)
    churn     100 seats x10        65.7 sold/s  p50=150.395ms p99=1280.316ms  attempts/sale=3.34 errors=0  editor p99=80.92ms  ok
      audit: consistent (690 events, 66888 seats sold)
    churn    1000 seats x2         68.7 sold/s  p50=212.828ms p99=2068.004ms  attempts/sale=2.96 errors=0  editor p99=83.82ms  ok
      audit: consistent (690 events, 68888 seats sold)
  wrote /results/r2_inventory_buckets.json
