  engine: PostgreSQL 15.12-YB-2025.2.6.0-b0 on x86_64-pc-linux-gnu, compiled by clang version 19.1.0 (https://github.com/yugabyte/llvm-project.git a2a6b655e14e7fa1fcf1011a6cb29cb8575249c0), 64-bit
  effective isolation for READ COMMITTED requests: read committed
  dataset: 40 bands, 690 events, 289500 seats, 65388 sold at load
  loading r3_seat_pool ...
  loaded in 11.9s (copy 3.0s, index 6.0s)
  verifying answers against ground truth ...
    40/40 checks passed; audit on load: consistent (690 events, 65388 seats sold)
  capturing plans ...
  read benchmark:
    q01_event_availability@10              3357.1 ops/s  p50=  1.033ms p99=  54.370ms  errors=0
    q01_event_availability@100             3144.2 ops/s  p50=  1.023ms p99=  51.341ms  errors=0
    q01_event_availability@1000            3500.3 ops/s  p50=  1.198ms p99=  46.325ms  errors=0
    q01_event_availability@10000           1483.9 ops/s  p50=  2.300ms p99=  59.446ms  errors=0
    q01_event_availability@100000           204.6 ops/s  p50= 13.481ms p99=  89.085ms  errors=0
    q02_band_events                         291.3 ops/s  p50=  9.501ms p99= 201.576ms  errors=0
    q03_customer_tickets                   2380.4 ops/s  p50=  1.342ms p99=  60.601ms  errors=0
    q04_ticket_by_id                       4533.4 ops/s  p50=  0.584ms p99=  64.824ms  errors=0
    q05_band_tickets_sold                   727.4 ops/s  p50=  2.919ms p99=  96.511ms  errors=0
  write benchmark (fresh load per op):
    book                                    137.6 ops/s  p50= 60.828ms p99= 152.301ms  rejected=0 retries=0 errors=0
      audit after book: consistent (690 events, 66361 seats sold)
    cancel                                  238.5 ops/s  p50= 21.438ms p99=  79.127ms  rejected=0 retries=0 errors=0
      audit after cancel: consistent (690 events, 63680 seats sold)
    publish@10                              224.7 ops/s  p50= 12.310ms p99=  53.846ms  rejected=0 retries=0 errors=0
    publish@100                             183.2 ops/s  p50= 15.000ms p99=  51.854ms  rejected=0 retries=0 errors=0
    publish@1000                             97.5 ops/s  p50= 35.514ms p99=  64.954ms  rejected=0 retries=0 errors=0
    publish@10000                            18.1 ops/s  p50=100.803ms p99= 100.803ms  rejected=0 retries=0 errors=0
    publish@100000                            1.2 ops/s  p50=1599.263ms p99=1599.263ms  rejected=0 retries=0 errors=0
      audit after publish: consistent (2919 events, 65388 seats sold)
  race trial 1/1 (32 buyers per event, fresh load):
    race       10 seats x100       58.3 sold/s  p50= 89.012ms p99= 416.815ms  attempts/sale=1.69 errors=0  editor p99=168.12ms  ok
      audit: consistent (690 events, 66388 seats sold)
    race      100 seats x20        67.8 sold/s  p50=308.013ms p99=1163.082ms  attempts/sale=1.06 errors=0  editor p99=75.15ms  ok
      audit: consistent (690 events, 68388 seats sold)
    race     1000 seats x5         69.0 sold/s  p50=383.783ms p99=1511.279ms  attempts/sale=1.00 errors=0  editor p99=74.78ms  ok
      audit: consistent (690 events, 73388 seats sold)
    race    10000 seats x2         68.3 sold/s  p50=392.474ms p99=1480.022ms  attempts/sale=1.00 errors=0  editor p99=77.12ms  ok, 2 timed out (41% sold)
      audit: consistent (690 events, 81627 seats sold)
    race   100000 seats x1         68.6 sold/s  p50=394.539ms p99=1404.969ms  attempts/sale=1.00 errors=0  editor p99=75.65ms  ok, 1 timed out (4% sold)
      audit: consistent (690 events, 85770 seats sold)
  churn trial 1/1 (32 buyers per event, fresh load):
    churn      10 seats x50        47.3 sold/s  p50= 87.093ms p99= 425.349ms  attempts/sale=3.13 errors=0  editor p99=109.85ms  ok
      audit: consistent (690 events, 65888 seats sold)
    churn     100 seats x10        72.8 sold/s  p50=301.207ms p99= 998.205ms  attempts/sale=1.12 errors=0  editor p99=75.02ms  ok
      audit: consistent (690 events, 66888 seats sold)
    churn    1000 seats x2         70.2 sold/s  p50=380.962ms p99=1463.671ms  attempts/sale=1.01 errors=0  editor p99=77.33ms  ok
      audit: consistent (690 events, 68888 seats sold)
  wrote /results/r3_seat_pool.json
