The files belonging to this database system will be owned by user "postgres".
This user must also own the server process.

The database cluster will be initialized with locale "en_US.utf8".
The default database encoding has accordingly been set to "UTF8".
The default text search configuration will be set to "english".

Data page checksums are disabled.

fixing permissions on existing directory /var/lib/postgresql/data/pgdata ... ok
creating subdirectories ... ok
selecting dynamic shared memory implementation ... posix
selecting default "max_connections" ... 100
selecting default "shared_buffers" ... 128MB
selecting default time zone ... Etc/UTC
creating configuration files ... ok
running bootstrap script ... ok
performing post-bootstrap initialization ... ok
syncing data to disk ... ok


Success. You can now start the database server using:

    pg_ctl -D /var/lib/postgresql/data/pgdata -l logfile start

initdb: warning: enabling "trust" authentication for local connections
initdb: hint: You can change this by editing pg_hba.conf or using the option -A, or --auth-local and --auth-host, the next time you run initdb.
waiting for server to start....2026-09-14 11:04:18.478 UTC [47] LOG:  starting PostgreSQL 17.11 (Debian 17.11-1.pgdg13+2) on x86_64-pc-linux-gnu, compiled by gcc (Debian 14.2.0-19) 14.2.0, 64-bit
2026-09-14 11:04:18.480 UTC [47] LOG:  listening on Unix socket "/var/run/postgresql/.s.PGSQL.5432"
2026-09-14 11:04:18.485 UTC [50] LOG:  database system was shut down at 2026-09-14 11:04:18 UTC
2026-09-14 11:04:18.532 UTC [47] LOG:  database system is ready to accept connections
 done
server started
CREATE DATABASE


/usr/local/bin/docker-entrypoint.sh: ignoring /docker-entrypoint-initdb.d/*

waiting for server to shut down....2026-09-14 11:04:18.720 UTC [47] LOG:  received fast shutdown request
2026-09-14 11:04:18.722 UTC [47] LOG:  aborting any active transactions
2026-09-14 11:04:18.724 UTC [47] LOG:  background worker "logical replication launcher" (PID 53) exited with exit code 1
2026-09-14 11:04:18.724 UTC [48] LOG:  shutting down
2026-09-14 11:04:18.746 UTC [48] LOG:  checkpoint starting: shutdown immediate
2026-09-14 11:04:18.823 UTC [48] LOG:  checkpoint complete: wrote 925 buffers (0.9%); 0 WAL file(s) added, 0 removed, 0 recycled; write=0.015 s, sync=0.037 s, total=0.099 s; sync files=301, longest=0.003 s, average=0.001 s; distance=4256 kB, estimate=4256 kB; lsn=0/19179D8, redo lsn=0/19179D8
2026-09-14 11:04:18.829 UTC [47] LOG:  database system is shut down
 done
server stopped

PostgreSQL init process complete; ready for start up.

2026-09-14 11:04:18.948 UTC [1] LOG:  starting PostgreSQL 17.11 (Debian 17.11-1.pgdg13+2) on x86_64-pc-linux-gnu, compiled by gcc (Debian 14.2.0-19) 14.2.0, 64-bit
2026-09-14 11:04:18.949 UTC [1] LOG:  listening on IPv4 address "0.0.0.0", port 5432
2026-09-14 11:04:18.949 UTC [1] LOG:  listening on IPv6 address "::", port 5432
2026-09-14 11:04:18.952 UTC [1] LOG:  listening on Unix socket "/var/run/postgresql/.s.PGSQL.5432"
2026-09-14 11:04:18.956 UTC [63] LOG:  database system was shut down at 2026-09-14 11:04:18 UTC
2026-09-14 11:04:18.981 UTC [1] LOG:  database system is ready to accept connections
2026-09-14 11:04:37.614 UTC [87] LOG:  skipping analyze of "person" --- lock not available
2026-09-14 11:04:38.136 UTC [87] LOG:  skipping analyze of "donation" --- lock not available
2026-09-14 11:06:18.539 UTC [2177] LOG:  skipping vacuum of "person" --- lock not available
2026-09-14 11:09:16.814 UTC [3050] LOG:  skipping vacuum of "person" --- lock not available
2026-09-14 11:09:18.096 UTC [61] LOG:  checkpoint starting: time
2026-09-14 11:13:48.367 UTC [61] LOG:  checkpoint complete: wrote 7851 buffers (8.0%); 0 WAL file(s) added, 0 removed, 64 recycled; write=269.961 s, sync=0.107 s, total=270.271 s; sync files=118, longest=0.043 s, average=0.001 s; distance=1050198 kB, estimate=1050198 kB; lsn=0/6F800A50, redo lsn=0/41AAD220
