  engine: PostgreSQL 17.11 (Debian 17.11-1.pgdg13+2) on x86_64-pc-linux-gnu, compiled by gcc (Debian 14.2.0-19) 14.2.0, 64-bit
  database clock minus client clock: 0.002 ms
  dataset: 5 venues, 84 events, 5741 tickets and 165 holds at load
  loading e0_app_clock_expiry ...
  loaded in 0.4s (copy 0.3s, index 0.0s)
  verifying answers against ground truth ...
    51/51 checks passed (margin 603s); audit on load: consistent (84 events, 5741 tickets; rejections late=0 boundary=0)
  capturing plans ...
  read benchmark:
    q01_section_map@10                    18943.9 ops/s  p50=  0.173ms p99=   1.160ms  errors=0
    q02_event_sections@10                 20429.7 ops/s  p50=  0.162ms p99=   0.884ms  errors=0
    q03_event_available@10                20472.5 ops/s  p50=  0.165ms p99=   0.934ms  errors=0
    q01_section_map@100                   17254.7 ops/s  p50=  0.184ms p99=   1.044ms  errors=0
    q02_event_sections@100                18621.4 ops/s  p50=  0.177ms p99=   0.807ms  errors=0
    q03_event_available@100               19167.1 ops/s  p50=  0.170ms p99=   0.615ms  errors=0
    q01_section_map@1000                  22587.0 ops/s  p50=  0.157ms p99=   0.538ms  errors=0
    q02_event_sections@1000                7711.9 ops/s  p50=  0.301ms p99=  63.030ms  errors=0
    q03_event_available@1000               7564.5 ops/s  p50=  0.299ms p99=  63.054ms  errors=0
    q01_section_map@10000                 15152.4 ops/s  p50=  0.205ms p99=   0.781ms  errors=0
    q02_event_sections@10000               1006.9 ops/s  p50=  1.453ms p99=  80.696ms  errors=0
    q03_event_available@10000              1019.0 ops/s  p50=  1.409ms p99=  80.802ms  errors=0
    q04_hold_seats                        22712.9 ops/s  p50=  0.152ms p99=   0.542ms  errors=0
    q05_customer_tickets                  37960.7 ops/s  p50=  0.119ms p99=   0.436ms  errors=0
    q06_ticket_by_id                      47366.8 ops/s  p50=  0.103ms p99=   0.326ms  errors=0
  write benchmark (fresh load per op):
    hold                                    695.8 ops/s  p50=  6.124ms p99=  58.164ms  rejected=14 retries=23 errors=0
      audit after hold: VIOLATIONS — thefts 8, grants on sold seats 0, double sales 0, sales without the hold 0, late sales 0, early rejections 0, duplicate seats 0, inventory drift 0, invalid seats 0, partial holds 0, ticket mismatches 0
    release                                4295.2 ops/s  p50=  1.673ms p99=   2.535ms  rejected=0 retries=0 errors=0
      audit after release: consistent (84 events, 5741 tickets; rejections late=0 boundary=0)
    cancel                                 5389.1 ops/s  p50=  1.433ms p99=   4.528ms  rejected=0 retries=0 errors=0
      audit after cancel: consistent (84 events, 2871 tickets; rejections late=0 boundary=0)
    publish@10                             2673.7 ops/s  p50=  1.472ms p99=   2.494ms  rejected=0 retries=0 errors=0
    publish@100                            1889.8 ops/s  p50=  1.996ms p99=   3.440ms  rejected=0 retries=0 errors=0
    publish@1000                            403.3 ops/s  p50=  7.475ms p99=  21.180ms  rejected=0 retries=0 errors=0
    publish@10000                            45.5 ops/s  p50= 42.808ms p99=  42.808ms  rejected=0 retries=0 errors=0
    publish@100000                            4.0 ops/s  p50=481.951ms p99= 481.951ms  rejected=0 retries=0 errors=0
      audit after publish: consistent (2313 events, 5741 tickets; rejections late=0 boundary=0)
  race trial 1/1 (32 buyers per event, fresh load):
    race     10 seats x20       292.9 seats/s  conflicts/hold=9.33 reads/hold=17.24  hold p50=3.25ms p99=55.19ms  deferred 21/21 ok  errors=0  ok
      audit: consistent (20 events, 200 tickets; rejections late=0 boundary=0)
    race    100 seats x4        965.8 seats/s  conflicts/hold=3.15 reads/hold=5.39  hold p50=2.89ms p99=65.20ms  deferred 15/15 ok  errors=0  ok
      audit: consistent (4 events, 400 tickets; rejections late=0 boundary=0)
    race   1000 seats x1       1484.7 seats/s  conflicts/hold=1.30 reads/hold=3.59  hold p50=3.08ms p99=68.53ms  deferred 51/51 ok  errors=0  ok
      audit: consistent (1 events, 1000 tickets; rejections late=0 boundary=0)
    race  10000 seats x1        629.1 seats/s  conflicts/hold=0.40 reads/hold=3.80  hold p50=5.84ms p99=92.63ms  deferred 412/412 ok  errors=0  ok
      audit: consistent (1 events, 10000 tickets; rejections late=0 boundary=0)
  lifecycle trial 1/1 (32 buyers per event, one human minute = 50ms, fresh load):
    lifecycle    10 seats x2       2.7 confirmed seats/s  holds=19 abandoned=1+2 expired@check=1 rejected late/boundary/early=0/0/0  outage unavailable=0/0  leaked=0 errors=0  VIOLATIONS
      audit: VIOLATIONS — thefts 4, grants on sold seats 0, double sales 0, sales without the hold 0, late sales 0, early rejections 0, duplicate seats 0, inventory drift 0, invalid seats 0, partial holds 0, ticket mismatches 0
    lifecycle   100 seats x2      13.4 confirmed seats/s  holds=177 abandoned=20+19 expired@check=26 rejected late/boundary/early=3/0/1  outage unavailable=0/0  leaked=0 errors=0  VIOLATIONS
      audit: VIOLATIONS — thefts 37, grants on sold seats 0, double sales 0, sales without the hold 0, late sales 0, early rejections 1, duplicate seats 0, inventory drift 0, invalid seats 0, partial holds 0, ticket mismatches 0
    lifecycle  1000 seats x1      68.6 confirmed seats/s  holds=599 abandoned=101+57 expired@check=21 rejected late/boundary/early=0/0/12  outage unavailable=0/0  leaked=0 errors=0  VIOLATIONS
      audit: VIOLATIONS — thefts 25, grants on sold seats 0, double sales 0, sales without the hold 0, late sales 0, early rejections 12, duplicate seats 0, inventory drift 0, invalid seats 0, partial holds 0, ticket mismatches 0
  wrote /results/e0_app_clock_expiry.json
