  engine: PostgreSQL 17.11 (Debian 17.11-1.pgdg13+2) on x86_64-pc-linux-gnu, compiled by gcc (Debian 14.2.0-19) 14.2.0, 64-bit
  database clock minus client clock: 0.000 ms
  dataset: 5 venues, 84 events, 5741 tickets and 165 holds at load
  loading e1_sweeper_expiry ...
  loaded in 0.4s (copy 0.3s, index 0.0s)
  verifying answers against ground truth ...
    51/51 checks passed (margin 603s); audit on load: consistent (84 events, 5741 tickets; rejections late=0 boundary=0)
  capturing plans ...
  read benchmark:
    q01_section_map@10                    19660.6 ops/s  p50=  0.165ms p99=   0.859ms  errors=0
    q02_event_sections@10                 20815.7 ops/s  p50=  0.163ms p99=   0.943ms  errors=0
    q03_event_available@10                22634.8 ops/s  p50=  0.159ms p99=   1.268ms  errors=0
    q01_section_map@100                   18465.7 ops/s  p50=  0.180ms p99=   1.004ms  errors=0
    q02_event_sections@100                17302.7 ops/s  p50=  0.179ms p99=   1.104ms  errors=0
    q03_event_available@100               20741.3 ops/s  p50=  0.161ms p99=   0.589ms  errors=0
    q01_section_map@1000                  21969.7 ops/s  p50=  0.158ms p99=   0.573ms  errors=0
    q02_event_sections@1000                8451.2 ops/s  p50=  0.290ms p99=   4.574ms  errors=0
    q03_event_available@1000              11241.6 ops/s  p50=  0.238ms p99=   1.037ms  errors=0
    q01_section_map@10000                 11924.3 ops/s  p50=  0.235ms p99=   3.327ms  errors=0
    q02_event_sections@10000               1365.6 ops/s  p50=  1.262ms p99=  78.941ms  errors=0
    q03_event_available@10000              1731.7 ops/s  p50=  1.076ms p99=  76.456ms  errors=0
    q04_hold_seats                        25811.8 ops/s  p50=  0.143ms p99=   0.526ms  errors=0
    q05_customer_tickets                  38203.0 ops/s  p50=  0.116ms p99=   0.389ms  errors=0
    q06_ticket_by_id                      43098.6 ops/s  p50=  0.115ms p99=   0.369ms  errors=0
  write benchmark (fresh load per op):
    hold                                    612.4 ops/s  p50=  6.930ms p99=  56.310ms  rejected=6 retries=28 errors=0
      audit after hold: consistent (84 events, 9254 tickets; rejections late=0 boundary=0)
    release                                4249.7 ops/s  p50=  1.658ms p99=   2.837ms  rejected=0 retries=0 errors=0
      audit after release: consistent (84 events, 5741 tickets; rejections late=0 boundary=0)
    cancel                                 4698.2 ops/s  p50=  1.661ms p99=   5.702ms  rejected=0 retries=0 errors=0
      audit after cancel: consistent (84 events, 2871 tickets; rejections late=0 boundary=0)
    publish@10                             2368.3 ops/s  p50=  1.649ms p99=   2.426ms  rejected=0 retries=0 errors=0
    publish@100                            1770.3 ops/s  p50=  2.122ms p99=   3.221ms  rejected=0 retries=0 errors=0
    publish@1000                            331.7 ops/s  p50=  9.608ms p99=  22.911ms  rejected=0 retries=0 errors=0
    publish@10000                            29.6 ops/s  p50= 67.030ms p99=  67.030ms  rejected=0 retries=0 errors=0
    publish@100000                            3.5 ops/s  p50=565.819ms p99= 565.819ms  rejected=0 retries=0 errors=0
      audit after publish: consistent (2313 events, 5741 tickets; rejections late=0 boundary=0)
  race trial 1/1 (32 buyers per event, fresh load):
    race     10 seats x20       301.1 seats/s  conflicts/hold=9.10 reads/hold=17.60  hold p50=2.71ms p99=60.06ms  deferred 8/8 ok  errors=0  ok
      audit: consistent (20 events, 200 tickets; rejections late=0 boundary=0)
    race    100 seats x4        910.7 seats/s  conflicts/hold=3.30 reads/hold=6.14  hold p50=2.32ms p99=63.92ms  deferred 19/19 ok  errors=0  ok
      audit: consistent (4 events, 400 tickets; rejections late=0 boundary=0)
    race   1000 seats x1       1330.3 seats/s  conflicts/hold=1.61 reads/hold=3.77  hold p50=3.00ms p99=67.29ms  deferred 40/40 ok  errors=0  ok
      audit: consistent (1 events, 1000 tickets; rejections late=0 boundary=0)
    race  10000 seats x1        700.4 seats/s  conflicts/hold=0.39 reads/hold=3.61  hold p50=5.39ms p99=93.45ms  deferred 407/407 ok  errors=0  ok
      audit: consistent (1 events, 10000 tickets; rejections late=0 boundary=0)
  lifecycle trial 1/1 (32 buyers per event, one human minute = 50ms, fresh load):
    lifecycle    10 seats x2       2.3 confirmed seats/s  holds=19 abandoned=5+1 expired@check=0 rejected late/boundary/early=0/0/0  outage unavailable=0/0  leaked=0 errors=0  ok
      audit: consistent (2 events, 20 tickets; rejections late=0 boundary=0)
    lifecycle   100 seats x2      13.8 confirmed seats/s  holds=144 abandoned=20+15 expired@check=2 rejected late/boundary/early=2/0/0  outage unavailable=0/0  leaked=0 errors=0  ok
      audit: consistent (2 events, 200 tickets; rejections late=2 boundary=0)
    lifecycle  1000 seats x1      71.5 confirmed seats/s  holds=613 abandoned=97+53 expired@check=25 rejected late/boundary/early=8/0/0  outage unavailable=0/0  leaked=0 errors=0  ok
      audit: consistent (1 events, 976 tickets; rejections late=8 boundary=0)
  wrote /results/e1_sweeper_expiry.json
