  engine: PostgreSQL 17.11 (Debian 17.11-1.pgdg13+2) on x86_64-pc-linux-gnu, compiled by gcc (Debian 14.2.0-19) 14.2.0, 64-bit
  database clock minus client clock: 0.003 ms
  dataset: 5 venues, 84 events, 5741 tickets and 165 holds at load
  loading e2_cart_expiry ...
  loaded in 0.4s (copy 0.3s, index 0.0s)
  verifying answers against ground truth ...
    51/51 checks passed (margin 603s); audit on load: consistent (84 events, 5741 tickets; rejections late=0 boundary=0)
  capturing plans ...
  read benchmark:
    q01_section_map@10                    12251.0 ops/s  p50=  0.232ms p99=   1.495ms  errors=0
    q02_event_sections@10                 10593.7 ops/s  p50=  0.254ms p99=   1.794ms  errors=0
    q03_event_available@10                10780.9 ops/s  p50=  0.249ms p99=   1.390ms  errors=0
    q01_section_map@100                   13821.1 ops/s  p50=  0.201ms p99=   2.005ms  errors=0
    q02_event_sections@100                 9805.5 ops/s  p50=  0.267ms p99=   1.253ms  errors=0
    q03_event_available@100                9881.4 ops/s  p50=  0.263ms p99=   1.453ms  errors=0
    q01_section_map@1000                  17993.1 ops/s  p50=  0.176ms p99=   0.582ms  errors=0
    q02_event_sections@1000                4163.5 ops/s  p50=  0.464ms p99=  69.506ms  errors=0
    q03_event_available@1000               4860.0 ops/s  p50=  0.404ms p99=  68.811ms  errors=0
    q01_section_map@10000                 11703.9 ops/s  p50=  0.240ms p99=   0.894ms  errors=0
    q02_event_sections@10000                803.5 ops/s  p50=  1.987ms p99=  84.090ms  errors=0
    q03_event_available@10000               859.7 ops/s  p50=  1.677ms p99=  81.673ms  errors=0
    q04_hold_seats                        35874.4 ops/s  p50=  0.122ms p99=   0.393ms  errors=0
    q05_customer_tickets                  38793.2 ops/s  p50=  0.115ms p99=   0.361ms  errors=0
    q06_ticket_by_id                      46278.6 ops/s  p50=  0.106ms p99=   0.390ms  errors=0
  write benchmark (fresh load per op):
    hold                                    442.4 ops/s  p50=  8.004ms p99=  70.312ms  rejected=5 retries=17 errors=0
      audit after hold: consistent (84 events, 9288 tickets; rejections late=0 boundary=0)
    release                                5210.3 ops/s  p50=  1.251ms p99=   1.737ms  rejected=0 retries=0 errors=0
      audit after release: consistent (84 events, 5741 tickets; rejections late=0 boundary=0)
    cancel                                 5584.3 ops/s  p50=  1.326ms p99=   5.918ms  rejected=0 retries=0 errors=0
      audit after cancel: consistent (84 events, 2871 tickets; rejections late=0 boundary=0)
    publish@10                             2859.5 ops/s  p50=  1.408ms p99=   2.050ms  rejected=0 retries=0 errors=0
    publish@100                            1900.4 ops/s  p50=  1.920ms p99=   7.332ms  rejected=0 retries=0 errors=0
    publish@1000                            424.0 ops/s  p50=  8.655ms p99=  12.639ms  rejected=0 retries=0 errors=0
    publish@10000                            36.7 ops/s  p50= 53.960ms p99=  53.960ms  rejected=0 retries=0 errors=0
    publish@100000                            3.7 ops/s  p50=492.720ms p99= 492.720ms  rejected=0 retries=0 errors=0
      audit after publish: consistent (2313 events, 5741 tickets; rejections late=0 boundary=0)
  race trial 1/1 (32 buyers per event, fresh load):
    race     10 seats x20       211.9 seats/s  conflicts/hold=9.84 reads/hold=17.98  hold p50=4.06ms p99=63.94ms  deferred 12/12 ok  errors=0  ok
      audit: consistent (20 events, 200 tickets; rejections late=0 boundary=0)
    race    100 seats x4        637.7 seats/s  conflicts/hold=3.68 reads/hold=6.14  hold p50=3.62ms p99=79.64ms  deferred 19/19 ok  errors=0  ok
      audit: consistent (4 events, 400 tickets; rejections late=0 boundary=0)
    race   1000 seats x1        672.3 seats/s  conflicts/hold=1.59 reads/hold=3.49  hold p50=4.51ms p99=89.30ms  deferred 47/47 ok  errors=0  ok
      audit: consistent (1 events, 1000 tickets; rejections late=0 boundary=0)
    race  10000 seats x1        330.0 seats/s  conflicts/hold=0.39 reads/hold=3.62  hold p50=9.82ms p99=103.70ms  deferred 380/380 ok  errors=0  ok, 1 timed out (99% sold)
      audit: consistent (1 events, 9923 tickets; rejections late=0 boundary=0)
  lifecycle trial 1/1 (32 buyers per event, one human minute = 50ms, fresh load):
    lifecycle    10 seats x2       2.7 confirmed seats/s  holds=22 abandoned=4+3 expired@check=1 rejected late/boundary/early=1/0/0  outage unavailable=0/0  leaked=0 errors=0  ok
      audit: consistent (2 events, 20 tickets; rejections late=1 boundary=0)
    lifecycle   100 seats x2      20.4 confirmed seats/s  holds=137 abandoned=23+5 expired@check=3 rejected late/boundary/early=4/0/0  outage unavailable=0/0  leaked=0 errors=0  ok
      audit: consistent (2 events, 200 tickets; rejections late=4 boundary=0)
    lifecycle  1000 seats x1      70.5 confirmed seats/s  holds=597 abandoned=106+54 expired@check=19 rejected late/boundary/early=9/0/0  outage unavailable=0/0  leaked=0 errors=0  ok
      audit: consistent (1 events, 943 tickets; rejections late=9 boundary=0)
  wrote /results/e2_cart_expiry.json
