  engine: PostgreSQL 17.11 (Debian 17.11-1.pgdg13+2) on x86_64-pc-linux-gnu, compiled by gcc (Debian 14.2.0-19) 14.2.0, 64-bit
  database clock minus client clock: 0.003 ms
  dataset: 5 venues, 84 events, 5741 tickets and 165 holds at load
  loading k0_naive_confirm ...
  loaded in 0.4s (copy 0.3s, index 0.0s)
  verifying answers against ground truth ...
    51/51 checks passed (margin 603s); audit on load: consistent (84 events, 5741 tickets; rejections late=0 boundary=0)
  capturing plans ...
  read benchmark:
    q01_section_map@10                    19260.2 ops/s  p50=  0.168ms p99=   0.957ms  errors=0
    q02_event_sections@10                 19878.4 ops/s  p50=  0.164ms p99=   0.861ms  errors=0
    q03_event_available@10                20946.5 ops/s  p50=  0.159ms p99=   0.754ms  errors=0
    q01_section_map@100                   17860.1 ops/s  p50=  0.175ms p99=   0.814ms  errors=0
    q02_event_sections@100                16869.3 ops/s  p50=  0.184ms p99=   0.902ms  errors=0
    q03_event_available@100               18785.6 ops/s  p50=  0.171ms p99=   0.765ms  errors=0
    q01_section_map@1000                  22028.2 ops/s  p50=  0.160ms p99=   0.721ms  errors=0
    q02_event_sections@1000                6608.9 ops/s  p50=  0.343ms p99=  59.081ms  errors=0
    q03_event_available@1000               9267.4 ops/s  p50=  0.284ms p99=   1.807ms  errors=0
    q01_section_map@10000                 14256.1 ops/s  p50=  0.217ms p99=   1.017ms  errors=0
    q02_event_sections@10000               1199.8 ops/s  p50=  1.345ms p99=  80.195ms  errors=0
    q03_event_available@10000              1415.9 ops/s  p50=  1.189ms p99=  78.993ms  errors=0
    q04_hold_seats                        25728.8 ops/s  p50=  0.142ms p99=   0.656ms  errors=0
    q05_customer_tickets                  35817.6 ops/s  p50=  0.121ms p99=   0.526ms  errors=0
    q06_ticket_by_id                      40565.3 ops/s  p50=  0.116ms p99=   0.506ms  errors=0
  write benchmark (fresh load per op):
    hold                                    598.1 ops/s  p50=  6.882ms p99=  60.539ms  rejected=3 retries=32 errors=0
      audit after hold: consistent (84 events, 9322 tickets; rejections late=0 boundary=0)
    release                                4274.3 ops/s  p50=  1.754ms p99=   2.320ms  rejected=0 retries=0 errors=0
      audit after release: consistent (84 events, 5741 tickets; rejections late=0 boundary=0)
    cancel                                 3735.5 ops/s  p50=  1.877ms p99=  10.548ms  rejected=0 retries=0 errors=0
      audit after cancel: consistent (84 events, 2871 tickets; rejections late=0 boundary=0)
    publish@10                             2306.4 ops/s  p50=  1.697ms p99=   2.671ms  rejected=0 retries=0 errors=0
    publish@100                            1116.2 ops/s  p50=  2.379ms p99=  33.391ms  rejected=0 retries=0 errors=0
    publish@1000                            396.0 ops/s  p50= 10.053ms p99=  10.936ms  rejected=0 retries=0 errors=0
    publish@10000                            37.0 ops/s  p50= 53.325ms p99=  53.325ms  rejected=0 retries=0 errors=0
    publish@100000                            3.4 ops/s  p50=576.393ms p99= 576.393ms  rejected=0 retries=0 errors=0
      audit after publish: consistent (2313 events, 5741 tickets; rejections late=0 boundary=0)
  race trial 1/1 (32 buyers per event, fresh load):
    race     10 seats x20       273.2 seats/s  conflicts/hold=9.36 reads/hold=17.36  hold p50=3.34ms p99=56.63ms  deferred 16/16 ok  errors=0  ok
      audit: consistent (20 events, 200 tickets; rejections late=0 boundary=0)
    race    100 seats x4        932.7 seats/s  conflicts/hold=3.09 reads/hold=5.31  hold p50=3.09ms p99=59.67ms  deferred 21/21 ok  errors=0  ok
      audit: consistent (4 events, 400 tickets; rejections late=0 boundary=0)
    race   1000 seats x1       1227.6 seats/s  conflicts/hold=1.46 reads/hold=4.11  hold p50=3.51ms p99=75.46ms  deferred 51/51 ok  errors=0  ok
      audit: consistent (1 events, 1000 tickets; rejections late=0 boundary=0)
    race  10000 seats x1        568.5 seats/s  conflicts/hold=0.40 reads/hold=4.52  hold p50=6.05ms p99=94.89ms  deferred 395/395 ok  errors=0  ok
      audit: consistent (1 events, 10000 tickets; rejections late=0 boundary=0)
  lifecycle trial 1/1 (32 buyers per event, one human minute = 50ms, fresh load):
    lifecycle    10 seats x2       1.9 confirmed seats/s  holds=24 abandoned=4+2 expired@check=1 rejected late/boundary/early=0/0/0  outage unavailable=0/0  leaked=0 errors=0  ok
      audit: consistent (2 events, 20 tickets; rejections late=0 boundary=0)
    lifecycle   100 seats x2      17.3 confirmed seats/s  holds=149 abandoned=24+13 expired@check=5 rejected late/boundary/early=0/0/0  outage unavailable=0/0  leaked=0 errors=0  VIOLATIONS
      audit: VIOLATIONS — thefts 0, grants on sold seats 0, double sales 0, sales without the hold 3, late sales 3, early rejections 0, duplicate seats 0, inventory drift 0, invalid seats 0, partial holds 0, ticket mismatches 0
    lifecycle  1000 seats x1      72.6 confirmed seats/s  holds=572 abandoned=75+54 expired@check=14 rejected late/boundary/early=0/0/0  outage unavailable=0/0  leaked=0 errors=0  VIOLATIONS
      audit: VIOLATIONS — thefts 0, grants on sold seats 0, double sales 0, sales without the hold 7, late sales 11, early rejections 0, duplicate seats 0, inventory drift 0, invalid seats 0, partial holds 0, ticket mismatches 0
  wrote /results/k0_naive_confirm.json
