  engine: PostgreSQL 17.11 (Debian 17.11-1.pgdg13+2) on x86_64-pc-linux-gnu, compiled by gcc (Debian 14.2.0-19) 14.2.0, 64-bit
  database clock minus client clock: 0.003 ms
  dataset: 5 venues, 84 events, 5741 tickets and 165 holds at load
  loading k1_payment_window ...
  loaded in 0.4s (copy 0.3s, index 0.0s)
  verifying answers against ground truth ...
    51/51 checks passed (margin 603s); audit on load: consistent (84 events, 5741 tickets; rejections late=0 boundary=0)
  capturing plans ...
  read benchmark:
    q01_section_map@10                    19861.2 ops/s  p50=  0.165ms p99=   1.280ms  errors=0
    q02_event_sections@10                 20161.1 ops/s  p50=  0.161ms p99=   0.768ms  errors=0
    q03_event_available@10                21094.3 ops/s  p50=  0.160ms p99=   0.730ms  errors=0
    q01_section_map@100                   17972.0 ops/s  p50=  0.179ms p99=   0.691ms  errors=0
    q02_event_sections@100                19293.0 ops/s  p50=  0.168ms p99=   0.615ms  errors=0
    q03_event_available@100               19773.7 ops/s  p50=  0.164ms p99=   0.556ms  errors=0
    q01_section_map@1000                  23018.3 ops/s  p50=  0.153ms p99=   0.485ms  errors=0
    q02_event_sections@1000                8640.5 ops/s  p50=  0.283ms p99=   1.858ms  errors=0
    q03_event_available@1000               8450.5 ops/s  p50=  0.282ms p99=   2.896ms  errors=0
    q01_section_map@10000                 15157.5 ops/s  p50=  0.205ms p99=   0.792ms  errors=0
    q02_event_sections@10000               1116.0 ops/s  p50=  1.403ms p99=  80.043ms  errors=0
    q03_event_available@10000               902.6 ops/s  p50=  1.738ms p99=  80.821ms  errors=0
    q04_hold_seats                        26926.0 ops/s  p50=  0.138ms p99=   0.448ms  errors=0
    q05_customer_tickets                  38079.4 ops/s  p50=  0.116ms p99=   0.427ms  errors=0
    q06_ticket_by_id                      47471.7 ops/s  p50=  0.103ms p99=   0.326ms  errors=0
  write benchmark (fresh load per op):
    hold                                    700.8 ops/s  p50=  5.955ms p99=  59.511ms  rejected=8 retries=17 errors=0
      audit after hold: consistent (84 events, 9295 tickets; rejections late=0 boundary=0)
    release                                5616.0 ops/s  p50=  1.352ms p99=   1.538ms  rejected=0 retries=0 errors=0
      audit after release: consistent (84 events, 5741 tickets; rejections late=0 boundary=0)
    cancel                                 5329.0 ops/s  p50=  1.435ms p99=   6.594ms  rejected=0 retries=0 errors=0
      audit after cancel: consistent (84 events, 2871 tickets; rejections late=0 boundary=0)
    publish@10                             2725.1 ops/s  p50=  1.468ms p99=   2.223ms  rejected=0 retries=0 errors=0
    publish@100                            2035.4 ops/s  p50=  1.859ms p99=   2.874ms  rejected=0 retries=0 errors=0
    publish@1000                            533.1 ops/s  p50=  7.312ms p99=   8.364ms  rejected=0 retries=0 errors=0
    publish@10000                            43.1 ops/s  p50= 45.877ms p99=  45.877ms  rejected=0 retries=0 errors=0
    publish@100000                            4.1 ops/s  p50=463.791ms p99= 463.791ms  rejected=0 retries=0 errors=0
      audit after publish: consistent (2313 events, 5741 tickets; rejections late=0 boundary=0)
  race trial 1/1 (32 buyers per event, fresh load):
    race     10 seats x20       413.9 seats/s  conflicts/hold=8.63 reads/hold=15.92  hold p50=2.41ms p99=47.66ms  deferred 20/20 ok  errors=0  ok
      audit: consistent (20 events, 200 tickets; rejections late=0 boundary=0)
    race    100 seats x4       1029.2 seats/s  conflicts/hold=2.78 reads/hold=5.71  hold p50=2.29ms p99=60.57ms  deferred 15/15 ok  errors=0  ok
      audit: consistent (4 events, 400 tickets; rejections late=0 boundary=0)
    race   1000 seats x1       1294.5 seats/s  conflicts/hold=1.51 reads/hold=4.05  hold p50=2.94ms p99=73.21ms  deferred 46/46 ok  errors=0  ok
      audit: consistent (1 events, 1000 tickets; rejections late=0 boundary=0)
    race  10000 seats x1        538.3 seats/s  conflicts/hold=0.36 reads/hold=4.28  hold p50=5.73ms p99=94.79ms  deferred 393/393 ok  errors=0  ok
      audit: consistent (1 events, 10000 tickets; rejections late=0 boundary=0)
  lifecycle trial 1/1 (32 buyers per event, one human minute = 50ms, fresh load):
    lifecycle    10 seats x2       1.8 confirmed seats/s  holds=22 abandoned=5+2 expired@check=1 rejected late/boundary/early=0/0/0  outage unavailable=0/0  leaked=0 errors=0  ok
      audit: consistent (2 events, 20 tickets; rejections late=0 boundary=0)
    lifecycle   100 seats x2      15.6 confirmed seats/s  holds=153 abandoned=27+16 expired@check=4 rejected late/boundary/early=0/0/0  outage unavailable=0/0  leaked=0 errors=0  ok
      audit: consistent (2 events, 200 tickets; rejections late=0 boundary=0)
    lifecycle  1000 seats x1      70.6 confirmed seats/s  holds=595 abandoned=87+58 expired@check=8 rejected late/boundary/early=0/0/0  outage unavailable=0/0  leaked=0 errors=0  ok
      audit: consistent (1 events, 987 tickets; rejections late=0 boundary=0)
  wrote /results/k1_payment_window.json
