  engine: PostgreSQL 17.11 (Debian 17.11-1.pgdg13+2) on x86_64-pc-linux-gnu, compiled by gcc (Debian 14.2.0-19) 14.2.0, 64-bit
  database clock minus client clock: -0.001 ms
  dataset: 5 venues, 84 events, 5741 tickets and 165 holds at load
  loading l1_claim_rows ...
  loaded in 0.4s (copy 0.3s, index 0.0s)
  verifying answers against ground truth ...
    51/51 checks passed (margin 603s); audit on load: consistent (84 events, 5741 tickets; rejections late=0 boundary=0)
  capturing plans ...
  read benchmark:
    q01_section_map@10                    34732.0 ops/s  p50=  0.118ms p99=   1.175ms  errors=0
    q02_event_sections@10                 24814.4 ops/s  p50=  0.143ms p99=   1.001ms  errors=0
    q03_event_available@10                13828.4 ops/s  p50=  0.210ms p99=   0.770ms  errors=0
    q01_section_map@100                   37175.9 ops/s  p50=  0.118ms p99=   0.381ms  errors=0
    q02_event_sections@100                26719.6 ops/s  p50=  0.138ms p99=   0.460ms  errors=0
    q03_event_available@100               13696.3 ops/s  p50=  0.212ms p99=   0.773ms  errors=0
    q01_section_map@1000                  25689.7 ops/s  p50=  0.142ms p99=   0.520ms  errors=0
    q02_event_sections@1000               10028.9 ops/s  p50=  0.252ms p99=   1.217ms  errors=0
    q03_event_available@1000               7606.1 ops/s  p50=  0.313ms p99=  62.655ms  errors=0
    q01_section_map@10000                 14652.2 ops/s  p50=  0.202ms p99=   0.819ms  errors=0
    q02_event_sections@10000               1013.8 ops/s  p50=  1.420ms p99=  81.405ms  errors=0
    q03_event_available@10000              1192.5 ops/s  p50=  1.114ms p99=  82.186ms  errors=0
    q04_hold_seats                        35656.1 ops/s  p50=  0.120ms p99=   0.390ms  errors=0
    q05_customer_tickets                  38903.8 ops/s  p50=  0.116ms p99=   0.359ms  errors=0
    q06_ticket_by_id                      47318.1 ops/s  p50=  0.104ms p99=   0.340ms  errors=0
  write benchmark (fresh load per op):
    hold                                    713.3 ops/s  p50=  5.740ms p99=  58.648ms  rejected=5 retries=23 errors=0
      audit after hold: consistent (84 events, 9285 tickets; rejections late=0 boundary=0)
    release                                6054.4 ops/s  p50=  1.093ms p99=   1.564ms  rejected=0 retries=0 errors=0
      audit after release: consistent (84 events, 5741 tickets; rejections late=0 boundary=0)
    cancel                                 5745.1 ops/s  p50=  1.368ms p99=   2.119ms  rejected=0 retries=0 errors=0
      audit after cancel: consistent (84 events, 2871 tickets; rejections late=0 boundary=0)
    publish@10                             3700.4 ops/s  p50=  1.003ms p99=   1.931ms  rejected=0 retries=0 errors=0
    publish@100                            3445.3 ops/s  p50=  1.104ms p99=   1.750ms  rejected=0 retries=0 errors=0
    publish@1000                           3164.0 ops/s  p50=  1.102ms p99=   1.501ms  rejected=0 retries=0 errors=0
    publish@10000                          1190.7 ops/s  p50=  1.232ms p99=   1.232ms  rejected=0 retries=0 errors=0
    publish@100000                         1717.9 ops/s  p50=  0.678ms p99=   0.678ms  rejected=0 retries=0 errors=0
      audit after publish: consistent (2313 events, 5741 tickets; rejections late=0 boundary=0)
  race trial 1/1 (32 buyers per event, fresh load):
    race     10 seats x20       437.9 seats/s  conflicts/hold=8.01 reads/hold=14.82  hold p50=2.03ms p99=66.99ms  deferred 9/9 ok  errors=0  ok
      audit: consistent (20 events, 200 tickets; rejections late=0 boundary=0)
    race    100 seats x4       1133.9 seats/s  conflicts/hold=2.80 reads/hold=5.37  hold p50=2.23ms p99=60.11ms  deferred 20/20 ok  errors=0  ok
      audit: consistent (4 events, 400 tickets; rejections late=0 boundary=0)
    race   1000 seats x1       1861.0 seats/s  conflicts/hold=1.42 reads/hold=3.78  hold p50=2.70ms p99=64.43ms  deferred 53/53 ok  errors=0  ok
      audit: consistent (1 events, 1000 tickets; rejections late=0 boundary=0)
    race  10000 seats x1        715.7 seats/s  conflicts/hold=0.39 reads/hold=3.70  hold p50=4.24ms p99=93.57ms  deferred 409/409 ok  errors=0  ok
      audit: consistent (1 events, 10000 tickets; rejections late=0 boundary=0)
  lifecycle trial 1/1 (32 buyers per event, one human minute = 50ms, fresh load):
    lifecycle    10 seats x2       3.7 confirmed seats/s  holds=18 abandoned=0+1 expired@check=1 rejected late/boundary/early=0/0/0  outage unavailable=0/0  leaked=0 errors=0  ok
      audit: consistent (2 events, 20 tickets; rejections late=0 boundary=0)
    lifecycle   100 seats x2      15.7 confirmed seats/s  holds=195 abandoned=28+33 expired@check=19 rejected late/boundary/early=8/0/0  outage unavailable=0/0  leaked=0 errors=0  ok
      audit: consistent (2 events, 200 tickets; rejections late=8 boundary=0)
    lifecycle  1000 seats x1      70.3 confirmed seats/s  holds=592 abandoned=102+57 expired@check=12 rejected late/boundary/early=8/0/0  outage unavailable=0/0  leaked=0 errors=0  ok
      audit: consistent (1 events, 974 tickets; rejections late=8 boundary=0)
  wrote /results/l1_claim_rows.json
