  engine: PostgreSQL 17.11 (Debian 17.11-1.pgdg13+2) on x86_64-pc-linux-gnu, compiled by gcc (Debian 14.2.0-19) 14.2.0, 64-bit
  database clock minus client clock: -0.003 ms
  dataset: 5 venues, 84 events, 5741 tickets and 165 holds at load
  loading l2_section_document ...
  loaded in 0.4s (copy 0.3s, index 0.0s)
  verifying answers against ground truth ...
    51/51 checks passed (margin 603s); audit on load: consistent (84 events, 5741 tickets; rejections late=0 boundary=0)
  capturing plans ...
  read benchmark:
    q01_section_map@10                    31317.4 ops/s  p50=  0.127ms p99=   0.600ms  errors=0
    q02_event_sections@10                 31470.4 ops/s  p50=  0.124ms p99=   0.720ms  errors=0
    q03_event_available@10                29217.5 ops/s  p50=  0.130ms p99=   0.666ms  errors=0
    q01_section_map@100                   25657.6 ops/s  p50=  0.142ms p99=   0.633ms  errors=0
    q02_event_sections@100                28791.3 ops/s  p50=  0.132ms p99=   0.602ms  errors=0
    q03_event_available@100               26255.3 ops/s  p50=  0.138ms p99=   0.635ms  errors=0
    q01_section_map@1000                  18046.5 ops/s  p50=  0.176ms p99=   0.832ms  errors=0
    q02_event_sections@1000               11859.0 ops/s  p50=  0.233ms p99=   1.310ms  errors=0
    q03_event_available@1000              11090.8 ops/s  p50=  0.240ms p99=   1.235ms  errors=0
    q01_section_map@10000                  9718.2 ops/s  p50=  0.286ms p99=   1.760ms  errors=0
    q02_event_sections@10000               1357.1 ops/s  p50=  1.237ms p99=  78.508ms  errors=0
    q03_event_available@10000              1315.0 ops/s  p50=  1.248ms p99=  79.494ms  errors=0
    q04_hold_seats                        23396.7 ops/s  p50=  0.151ms p99=   0.626ms  errors=0
    q05_customer_tickets                  31561.5 ops/s  p50=  0.130ms p99=   0.786ms  errors=0
    q06_ticket_by_id                      32937.5 ops/s  p50=  0.137ms p99=   1.081ms  errors=0
  write benchmark (fresh load per op):
    hold                                    366.9 ops/s  p50= 10.601ms p99= 103.384ms  rejected=6 retries=643 errors=0
      audit after hold: consistent (84 events, 9333 tickets; rejections late=0 boundary=0)
    release                                2864.1 ops/s  p50=  1.659ms p99=   8.156ms  rejected=0 retries=0 errors=0
      audit after release: consistent (84 events, 5741 tickets; rejections late=0 boundary=0)
    cancel                                 1191.7 ops/s  p50=  3.973ms p99=  38.601ms  rejected=0 retries=0 errors=0
      audit after cancel: consistent (84 events, 2871 tickets; rejections late=0 boundary=0)
    publish@10                              694.2 ops/s  p50=  5.528ms p99=  11.340ms  rejected=0 retries=0 errors=0
    publish@100                             728.7 ops/s  p50=  5.419ms p99=   7.771ms  rejected=0 retries=0 errors=0
    publish@1000                            734.7 ops/s  p50=  5.298ms p99=   6.073ms  rejected=0 retries=0 errors=0
    publish@10000                           330.6 ops/s  p50=  3.395ms p99=   3.395ms  rejected=0 retries=0 errors=0
    publish@100000                          228.0 ops/s  p50=  6.101ms p99=   6.101ms  rejected=0 retries=0 errors=0
      audit after publish: consistent (2313 events, 5741 tickets; rejections late=0 boundary=0)
  race trial 1/1 (32 buyers per event, fresh load):
    race     10 seats x20        21.0 seats/s  conflicts/hold=19.60 reads/hold=35.52  hold p50=57.73ms p99=180.61ms  deferred 20/20 ok  errors=0  ok
      audit: consistent (20 events, 200 tickets; rejections late=0 boundary=0)
    race    100 seats x4         19.8 seats/s  conflicts/hold=8.53 reads/hold=13.27  hold p50=68.20ms p99=456.93ms  deferred 25/25 ok  errors=0  ok
      audit: consistent (4 events, 400 tickets; rejections late=0 boundary=0)
    race   1000 seats x1         34.9 seats/s  conflicts/hold=3.68 reads/hold=6.41  hold p50=60.44ms p99=2105.73ms  deferred 60/60 ok  errors=0  ok
      audit: consistent (1 events, 1000 tickets; rejections late=0 boundary=0)
    race  10000 seats x1         57.0 seats/s  conflicts/hold=1.97 reads/hold=3.01  hold p50=4.89ms p99=2453.11ms  deferred 73/73 ok  errors=0  ok, 1 timed out (17% sold)
      audit: consistent (1 events, 1713 tickets; rejections late=0 boundary=0)
  lifecycle trial 1/1 (32 buyers per event, one human minute = 50ms, fresh load):
    lifecycle    10 seats x2       4.1 confirmed seats/s  holds=12 abandoned=0+2 expired@check=0 rejected late/boundary/early=0/0/0  outage unavailable=0/0  leaked=0 errors=0  ok
      audit: consistent (2 events, 20 tickets; rejections late=0 boundary=0)
    lifecycle   100 seats x2      10.4 confirmed seats/s  holds=160 abandoned=30+11 expired@check=5 rejected late/boundary/early=2/0/0  outage unavailable=0/0  leaked=0 errors=0  ok
      audit: consistent (2 events, 200 tickets; rejections late=2 boundary=0)
    lifecycle  1000 seats x1      70.2 confirmed seats/s  holds=603 abandoned=89+54 expired@check=29 rejected late/boundary/early=7/0/0  outage unavailable=0/0  leaked=0 errors=0  ok
      audit: consistent (1 events, 960 tickets; rejections late=7 boundary=0)
  wrote /results/l2_section_document.json
