  engine: PostgreSQL 17.11 (Debian 17.11-1.pgdg13+2) on x86_64-pc-linux-gnu, compiled by gcc (Debian 14.2.0-19) 14.2.0, 64-bit
  database clock minus client clock: -0.002 ms
  dataset: 5 venues, 84 events, 5741 tickets and 165 holds at load
  loading s1_conditional_update ...
  loaded in 0.4s (copy 0.3s, index 0.0s)
  verifying answers against ground truth ...
    51/51 checks passed (margin 603s); audit on load: consistent (84 events, 5741 tickets; rejections late=0 boundary=0)
  capturing plans ...
  read benchmark:
    q01_section_map@10                    17743.4 ops/s  p50=  0.172ms p99=   1.880ms  errors=0
    q02_event_sections@10                 20217.8 ops/s  p50=  0.163ms p99=   0.881ms  errors=0
    q03_event_available@10                19728.8 ops/s  p50=  0.164ms p99=   0.981ms  errors=0
    q01_section_map@100                   18114.1 ops/s  p50=  0.176ms p99=   0.636ms  errors=0
    q02_event_sections@100                19468.7 ops/s  p50=  0.168ms p99=   0.588ms  errors=0
    q03_event_available@100               18845.7 ops/s  p50=  0.173ms p99=   0.706ms  errors=0
    q01_section_map@1000                  22916.5 ops/s  p50=  0.152ms p99=   0.480ms  errors=0
    q02_event_sections@1000                7659.0 ops/s  p50=  0.300ms p99=  61.368ms  errors=0
    q03_event_available@1000               7922.5 ops/s  p50=  0.292ms p99=  62.288ms  errors=0
    q01_section_map@10000                 15686.9 ops/s  p50=  0.196ms p99=   0.676ms  errors=0
    q02_event_sections@10000                874.9 ops/s  p50=  1.657ms p99=  81.460ms  errors=0
    q03_event_available@10000              1273.2 ops/s  p50=  1.261ms p99=  80.103ms  errors=0
    q04_hold_seats                        26678.1 ops/s  p50=  0.141ms p99=   0.478ms  errors=0
    q05_customer_tickets                  38838.9 ops/s  p50=  0.116ms p99=   0.389ms  errors=0
    q06_ticket_by_id                      44107.0 ops/s  p50=  0.111ms p99=   0.417ms  errors=0
  write benchmark (fresh load per op):
    hold                                    723.1 ops/s  p50=  5.870ms p99=  55.220ms  rejected=1 retries=28 errors=0
      audit after hold: consistent (84 events, 9306 tickets; rejections late=0 boundary=0)
    release                                5184.5 ops/s  p50=  1.435ms p99=   2.035ms  rejected=0 retries=0 errors=0
      audit after release: consistent (84 events, 5741 tickets; rejections late=0 boundary=0)
    cancel                                 5424.3 ops/s  p50=  1.415ms p99=   6.300ms  rejected=0 retries=0 errors=0
      audit after cancel: consistent (84 events, 2871 tickets; rejections late=0 boundary=0)
    publish@10                             2686.3 ops/s  p50=  1.469ms p99=   2.383ms  rejected=0 retries=0 errors=0
    publish@100                            1984.6 ops/s  p50=  1.969ms p99=   2.960ms  rejected=0 retries=0 errors=0
    publish@1000                            513.1 ops/s  p50=  7.261ms p99=   9.136ms  rejected=0 retries=0 errors=0
    publish@10000                            44.6 ops/s  p50= 36.718ms p99=  36.718ms  rejected=0 retries=0 errors=0
    publish@100000                            4.0 ops/s  p50=475.177ms p99= 475.177ms  rejected=0 retries=0 errors=0
      audit after publish: consistent (2313 events, 5741 tickets; rejections late=0 boundary=0)
  race trial 1/1 (32 buyers per event, fresh load):
    race     10 seats x20       413.0 seats/s  conflicts/hold=8.34 reads/hold=16.37  hold p50=2.50ms p99=53.87ms  deferred 19/19 ok  errors=0  ok
      audit: consistent (20 events, 200 tickets; rejections late=0 boundary=0)
    race    100 seats x4       1080.1 seats/s  conflicts/hold=2.99 reads/hold=5.84  hold p50=2.47ms p99=73.24ms  deferred 16/16 ok  errors=0  ok
      audit: consistent (4 events, 400 tickets; rejections late=0 boundary=0)
    race   1000 seats x1        715.7 seats/s  conflicts/hold=1.17 reads/hold=3.18  hold p50=2.71ms p99=65.60ms  deferred 54/54 ok  errors=0  ok
      audit: consistent (1 events, 1000 tickets; rejections late=0 boundary=0)
    race  10000 seats x1        595.4 seats/s  conflicts/hold=0.40 reads/hold=3.64  hold p50=5.88ms p99=93.76ms  deferred 413/413 ok  errors=0  ok
      audit: consistent (1 events, 10000 tickets; rejections late=0 boundary=0)
  lifecycle trial 1/1 (32 buyers per event, one human minute = 50ms, fresh load):
    lifecycle    10 seats x2       2.3 confirmed seats/s  holds=21 abandoned=4+4 expired@check=0 rejected late/boundary/early=0/0/0  outage unavailable=0/0  leaked=0 errors=0  ok
      audit: consistent (2 events, 20 tickets; rejections late=0 boundary=0)
    lifecycle   100 seats x2      13.0 confirmed seats/s  holds=145 abandoned=27+9 expired@check=1 rejected late/boundary/early=2/0/0  outage unavailable=0/0  leaked=0 errors=0  ok
      audit: consistent (2 events, 200 tickets; rejections late=2 boundary=0)
    lifecycle  1000 seats x1      68.9 confirmed seats/s  holds=582 abandoned=85+53 expired@check=30 rejected late/boundary/early=10/0/0  outage unavailable=0/0  leaked=0 errors=0  ok
      audit: consistent (1 events, 938 tickets; rejections late=10 boundary=0)
  wrote /results/s1_conditional_update.json
