  engine: PostgreSQL 17.11 (Debian 17.11-1.pgdg13+2) on x86_64-pc-linux-gnu, compiled by gcc (Debian 14.2.0-19) 14.2.0, 64-bit
  database clock minus client clock: -0.004 ms
  dataset: 5 venues, 84 events, 5741 tickets and 165 holds at load
  loading s2_lock_then_update ...
  loaded in 0.4s (copy 0.3s, index 0.0s)
  verifying answers against ground truth ...
    51/51 checks passed (margin 603s); audit on load: consistent (84 events, 5741 tickets; rejections late=0 boundary=0)
  capturing plans ...
  read benchmark:
    q01_section_map@10                    19027.9 ops/s  p50=  0.169ms p99=   0.917ms  errors=0
    q02_event_sections@10                 21015.6 ops/s  p50=  0.162ms p99=   0.819ms  errors=0
    q03_event_available@10                19833.0 ops/s  p50=  0.162ms p99=   0.988ms  errors=0
    q01_section_map@100                   17662.4 ops/s  p50=  0.179ms p99=   0.803ms  errors=0
    q02_event_sections@100                18764.1 ops/s  p50=  0.168ms p99=   0.740ms  errors=0
    q03_event_available@100               18858.7 ops/s  p50=  0.168ms p99=   0.747ms  errors=0
    q01_section_map@1000                  21410.8 ops/s  p50=  0.158ms p99=   0.705ms  errors=0
    q02_event_sections@1000                8572.1 ops/s  p50=  0.297ms p99=   2.273ms  errors=0
    q03_event_available@1000               8937.3 ops/s  p50=  0.282ms p99=   2.183ms  errors=0
    q01_section_map@10000                 12828.1 ops/s  p50=  0.221ms p99=   2.329ms  errors=0
    q02_event_sections@10000               1427.9 ops/s  p50=  1.334ms p99=  77.415ms  errors=0
    q03_event_available@10000              1140.3 ops/s  p50=  1.296ms p99=  80.232ms  errors=0
    q04_hold_seats                        26570.1 ops/s  p50=  0.142ms p99=   0.466ms  errors=0
    q05_customer_tickets                  37890.2 ops/s  p50=  0.116ms p99=   0.393ms  errors=0
    q06_ticket_by_id                      45156.4 ops/s  p50=  0.106ms p99=   0.387ms  errors=0
  write benchmark (fresh load per op):
    hold                                    550.6 ops/s  p50=  7.963ms p99=  61.604ms  rejected=7 retries=22 errors=0
      audit after hold: consistent (84 events, 9280 tickets; rejections late=0 boundary=0)
    release                                4553.8 ops/s  p50=  1.715ms p99=   2.032ms  rejected=0 retries=0 errors=0
      audit after release: consistent (84 events, 5741 tickets; rejections late=0 boundary=0)
    cancel                                 4488.7 ops/s  p50=  1.654ms p99=   7.384ms  rejected=0 retries=0 errors=0
      audit after cancel: consistent (84 events, 2871 tickets; rejections late=0 boundary=0)
    publish@10                             2359.2 ops/s  p50=  1.688ms p99=   2.552ms  rejected=0 retries=0 errors=0
    publish@100                            1903.9 ops/s  p50=  2.007ms p99=   3.047ms  rejected=0 retries=0 errors=0
    publish@1000                            342.3 ops/s  p50=  8.753ms p99=  25.112ms  rejected=0 retries=0 errors=0
    publish@10000                            38.6 ops/s  p50= 46.597ms p99=  46.597ms  rejected=0 retries=0 errors=0
    publish@100000                            3.9 ops/s  p50=491.086ms p99= 491.086ms  rejected=0 retries=0 errors=0
      audit after publish: consistent (2313 events, 5741 tickets; rejections late=0 boundary=0)
  race trial 1/1 (32 buyers per event, fresh load):
    race     10 seats x20       380.4 seats/s  conflicts/hold=9.24 reads/hold=17.41  hold p50=2.75ms p99=42.59ms  deferred 12/12 ok  errors=0  ok
      audit: consistent (20 events, 200 tickets; rejections late=0 boundary=0)
    race    100 seats x4       1029.4 seats/s  conflicts/hold=3.40 reads/hold=6.16  hold p50=2.61ms p99=63.05ms  deferred 24/24 ok  errors=0  ok
      audit: consistent (4 events, 400 tickets; rejections late=0 boundary=0)
    race   1000 seats x1       1310.8 seats/s  conflicts/hold=1.43 reads/hold=3.74  hold p50=3.50ms p99=70.73ms  deferred 46/46 ok  errors=0  ok
      audit: consistent (1 events, 1000 tickets; rejections late=0 boundary=0)
    race  10000 seats x1        538.1 seats/s  conflicts/hold=0.42 reads/hold=4.28  hold p50=6.31ms p99=96.33ms  deferred 387/387 ok  errors=0  ok
      audit: consistent (1 events, 10000 tickets; rejections late=0 boundary=0)
  lifecycle trial 1/1 (32 buyers per event, one human minute = 50ms, fresh load):
    lifecycle    10 seats x2       1.8 confirmed seats/s  holds=21 abandoned=3+2 expired@check=2 rejected late/boundary/early=0/0/0  outage unavailable=0/0  leaked=0 errors=0  ok
      audit: consistent (2 events, 20 tickets; rejections late=0 boundary=0)
    lifecycle   100 seats x2      14.3 confirmed seats/s  holds=156 abandoned=27+18 expired@check=1 rejected late/boundary/early=2/0/0  outage unavailable=0/0  leaked=0 errors=0  ok
      audit: consistent (2 events, 200 tickets; rejections late=2 boundary=0)
    lifecycle  1000 seats x1      71.2 confirmed seats/s  holds=560 abandoned=87+53 expired@check=13 rejected late/boundary/early=8/0/0  outage unavailable=0/0  leaked=0 errors=0  ok
      audit: consistent (1 events, 946 tickets; rejections late=8 boundary=0)
  wrote /results/s2_lock_then_update.json
