  engine: PostgreSQL 17.11 (Debian 17.11-1.pgdg13+2) on x86_64-pc-linux-gnu, compiled by gcc (Debian 14.2.0-19) 14.2.0, 64-bit
  database clock minus client clock: 0.002 ms
  dataset: 5 venues, 84 events, 5741 tickets and 165 holds at load
  loading s4_check_then_hold_serializable ...
  loaded in 0.4s (copy 0.3s, index 0.0s)
  verifying answers against ground truth ...
    51/51 checks passed (margin 603s); audit on load: consistent (84 events, 5741 tickets; rejections late=0 boundary=0)
  capturing plans ...
  read benchmark:
    q01_section_map@10                    18799.2 ops/s  p50=  0.171ms p99=   0.955ms  errors=0
    q02_event_sections@10                 20631.7 ops/s  p50=  0.162ms p99=   0.817ms  errors=0
    q03_event_available@10                20207.3 ops/s  p50=  0.163ms p99=   0.793ms  errors=0
    q01_section_map@100                   17653.7 ops/s  p50=  0.184ms p99=   0.865ms  errors=0
    q02_event_sections@100                18723.5 ops/s  p50=  0.172ms p99=   0.697ms  errors=0
    q03_event_available@100               19201.6 ops/s  p50=  0.167ms p99=   0.695ms  errors=0
    q01_section_map@1000                  22483.2 ops/s  p50=  0.155ms p99=   0.568ms  errors=0
    q02_event_sections@1000                8588.8 ops/s  p50=  0.294ms p99=   1.772ms  errors=0
    q03_event_available@1000               8843.5 ops/s  p50=  0.286ms p99=   1.661ms  errors=0
    q01_section_map@10000                 15102.3 ops/s  p50=  0.204ms p99=   0.756ms  errors=0
    q02_event_sections@10000               1193.0 ops/s  p50=  1.370ms p99=  80.272ms  errors=0
    q03_event_available@10000              1285.9 ops/s  p50=  1.225ms p99=  79.936ms  errors=0
    q04_hold_seats                        25394.1 ops/s  p50=  0.145ms p99=   0.556ms  errors=0
    q05_customer_tickets                  37557.9 ops/s  p50=  0.116ms p99=   0.427ms  errors=0
    q06_ticket_by_id                      46030.8 ops/s  p50=  0.104ms p99=   0.384ms  errors=0
  write benchmark (fresh load per op):
    hold                                    511.6 ops/s  p50=  6.589ms p99= 200.328ms  rejected=6 retries=465 errors=0
      audit after hold: consistent (84 events, 9244 tickets; rejections late=0 boundary=0)
    release                                4330.3 ops/s  p50=  1.724ms p99=   2.515ms  rejected=0 retries=0 errors=0
      audit after release: consistent (84 events, 5741 tickets; rejections late=0 boundary=0)
    cancel                                 4012.4 ops/s  p50=  1.831ms p99=   9.753ms  rejected=0 retries=0 errors=0
      audit after cancel: consistent (84 events, 2871 tickets; rejections late=0 boundary=0)
    publish@10                             2211.3 ops/s  p50=  1.785ms p99=   2.683ms  rejected=0 retries=0 errors=0
    publish@100                            1509.1 ops/s  p50=  2.361ms p99=   8.132ms  rejected=0 retries=0 errors=0
    publish@1000                            297.9 ops/s  p50= 10.510ms p99=  25.492ms  rejected=0 retries=0 errors=0
    publish@10000                            35.7 ops/s  p50= 54.151ms p99=  54.151ms  rejected=0 retries=0 errors=0
    publish@100000                            3.4 ops/s  p50=580.025ms p99= 580.025ms  rejected=0 retries=0 errors=0
      audit after publish: consistent (2313 events, 5741 tickets; rejections late=0 boundary=0)
  race trial 1/1 (32 buyers per event, fresh load):
    race     10 seats x20       218.7 seats/s  conflicts/hold=11.08 reads/hold=20.71  hold p50=4.64ms p99=64.42ms  deferred 10/10 ok  errors=0  ok
      audit: consistent (20 events, 200 tickets; rejections late=0 boundary=0)
    race    100 seats x4        569.4 seats/s  conflicts/hold=3.99 reads/hold=6.54  hold p50=3.99ms p99=61.00ms  deferred 16/16 ok  errors=0  ok
      audit: consistent (4 events, 400 tickets; rejections late=0 boundary=0)
    race   1000 seats x1       1009.9 seats/s  conflicts/hold=0.58 reads/hold=2.48  hold p50=2.23ms p99=60.25ms  deferred 54/54 ok  errors=0  ok
      audit: consistent (1 events, 1000 tickets; rejections late=0 boundary=0)
    race  10000 seats x1        596.1 seats/s  conflicts/hold=0.44 reads/hold=3.61  hold p50=5.23ms p99=100.18ms  deferred 405/405 ok  errors=0  ok
      audit: consistent (1 events, 10000 tickets; rejections late=0 boundary=0)
  lifecycle trial 1/1 (32 buyers per event, one human minute = 50ms, fresh load):
    lifecycle    10 seats x2       2.4 confirmed seats/s  holds=22 abandoned=5+3 expired@check=0 rejected late/boundary/early=0/0/0  outage unavailable=0/0  leaked=0 errors=0  ok
      audit: consistent (2 events, 20 tickets; rejections late=0 boundary=0)
    lifecycle   100 seats x2      11.1 confirmed seats/s  holds=152 abandoned=23+15 expired@check=5 rejected late/boundary/early=3/0/0  outage unavailable=0/0  leaked=0 errors=0  ok
      audit: consistent (2 events, 200 tickets; rejections late=3 boundary=0)
    lifecycle  1000 seats x1      71.8 confirmed seats/s  holds=591 abandoned=82+53 expired@check=12 rejected late/boundary/early=3/0/0  outage unavailable=0/0  leaked=0 errors=0  ok
      audit: consistent (1 events, 976 tickets; rejections late=3 boundary=0)
  wrote /results/s4_check_then_hold_serializable.json
